OpenJDK 64-Bit Server VM (25.222-b10) for windows-amd64 JRE (Zulu 8.40.0.25-CA-win64) (1.8.0_222-b10), built on Jul 11 2019 11:42:48 by "tester" with MS VC++ 10.0 (VS2010)
Memory: 4k page, physical 16480452k(5581800k free), swap 22509764k(8172648k free)
CommandLine flags: -XX:CompressedClassSpaceSize=260046848 -XX:GCLogFileSize=5242880 -XX:+HeapDumpOnOutOfMemoryError -XX:InitialHeapSize=134217728 -XX:MaxHeapSize=2634022912 -XX:MaxMetaspaceSize=268435456 -XX:NumberOfGCLogFiles=3 -XX:+PrintGC -XX:+PrintGCDateStamps -XX:+PrintGCDetails -XX:+PrintGCTimeStamps -XX:+PrintStringDeduplicationStatistics -XX:StringDeduplicationAgeThreshold=3 -XX:+UseCompressedClassPointers -XX:+UseCompressedOops -XX:+UseG1GC -XX:+UseGCLogFileRotation -XX:-UseLargePagesIndividualAllocation -XX:+UseStringDeduplication 
2021-02-01T06:29:36.380+0530: 2.659: [GC pause (G1 Evacuation Pause) (young), 0.0078853 secs]
   [Parallel Time: 4.0 ms, GC Workers: 10]
      [GC Worker Start (ms): Min: 2658.8, Avg: 2658.9, Max: 2659.0, Diff: 0.2]
      [Ext Root Scanning (ms): Min: 0.2, Avg: 0.5, Max: 2.3, Diff: 2.1, Sum: 5.3]
      [Update RS (ms): Min: 0.0, Avg: 0.0, Max: 0.0, Diff: 0.0, Sum: 0.0]
         [Processed Buffers: Min: 0, Avg: 0.0, Max: 0, Diff: 0, Sum: 0]
      [Scan RS (ms): Min: 0.0, Avg: 0.0, Max: 0.0, Diff: 0.0, Sum: 0.0]
      [Code Root Scanning (ms): Min: 0.0, Avg: 0.1, Max: 0.6, Diff: 0.6, Sum: 1.2]
      [Object Copy (ms): Min: 1.3, Avg: 2.9, Max: 3.2, Diff: 1.8, Sum: 28.7]
      [Termination (ms): Min: 0.0, Avg: 0.0, Max: 0.0, Diff: 0.0, Sum: 0.1]
         [Termination Attempts: Min: 1, Avg: 76.6, Max: 94, Diff: 93, Sum: 766]
      [GC Worker Other (ms): Min: 0.0, Avg: 0.0, Max: 0.0, Diff: 0.0, Sum: 0.3]
      [GC Worker Total (ms): Min: 3.5, Avg: 3.6, Max: 3.6, Diff: 0.2, Sum: 35.7]
      [GC Worker End (ms): Min: 2662.4, Avg: 2662.4, Max: 2662.4, Diff: 0.0]
   [Code Root Fixup: 0.0 ms]
   [Code Root Purge: 0.0 ms]
   [String Dedup Fixup: 0.6 ms, GC Workers: 10]
      [Queue Fixup (ms): Min: 0.0, Avg: 0.0, Max: 0.0, Diff: 0.0, Sum: 0.1]
      [Table Fixup (ms): Min: 0.0, Avg: 0.0, Max: 0.4, Diff: 0.4, Sum: 0.4]
   [Clear CT: 0.4 ms]
   [Other: 2.9 ms]
      [Choose CSet: 0.0 ms]
      [Ref Proc: 2.2 ms]
      [Ref Enq: 0.0 ms]
      [Redirty Cards: 0.4 ms]
      [Humongous Register: 0.0 ms]
      [Humongous Reclaim: 0.0 ms]
      [Free CSet: 0.0 ms]
   [Eden: 24576.0K(24576.0K)->0.0B(32768.0K) Survivors: 0.0B->3072.0K Heap: 24576.0K(128.0M)->5965.0K(128.0M)]
 [Times: user=0.02 sys=0.00, real=0.01 secs] 
2021-02-01T06:29:36.390+0530: 2.668: [GC concurrent-string-deduplication, 193.1K->118.9K(75952.0B), avg 38.4%, 0.0009361 secs]
   [Last Exec: 0.0009361 secs, Idle: 2.3982350 secs, Blocked: 0/0.0000000 secs]
      [Inspected:            3160]
         [Skipped:              0(  0.0%)]
         [Hashed:            1706( 54.0%)]
         [Known:               15(  0.5%)]
         [New:               3145( 99.5%)    193.1K]
      [Deduplicated:         1681( 53.4%)  75952.0B( 38.4%)]
         [Young:                0(  0.0%)      0.0B(  0.0%)]
         [Old:               1681(100.0%)  75952.0B(100.0%)]
   [Total Exec: 1/0.0009361 secs, Idle: 1/2.3982350 secs, Blocked: 0/0.0000000 secs]
      [Inspected:            3160]
         [Skipped:              0(  0.0%)]
         [Hashed:            1706( 54.0%)]
         [Known:               15(  0.5%)]
         [New:               3145( 99.5%)    193.1K]
      [Deduplicated:         1681( 53.4%)  75952.0B( 38.4%)]
         [Young:                0(  0.0%)      0.0B(  0.0%)]
         [Old:               1681(100.0%)  75952.0B(100.0%)]
   [Table]
      [Memory Usage: 232.9K]
      [Size: 2048, Min: 1024, Max: 16777216]
      [Entries: 9253, Load: 451.8%, Cached: 0, Added: 9253, Removed: 0]
      [Resize Count: 1, Shrink Threshold: 1365(66.7%), Grow Threshold: 4096(200.0%)]
      [Rehash Count: 0, Rehash Threshold: 120, Hash Seed: 0x0]
      [Age Threshold: 3]
   [Queue]
      [Dropped: 0]
[GC concurrent-string-deduplication, deleted 0 entries, 0.0000010 secs]
2021-02-01T06:29:40.529+0530: 6.807: [GC pause (G1 Evacuation Pause) (young), 0.0081269 secs]
   [Parallel Time: 4.7 ms, GC Workers: 10]
      [GC Worker Start (ms): Min: 6807.4, Avg: 6807.5, Max: 6807.6, Diff: 0.2]
      [Ext Root Scanning (ms): Min: 0.1, Avg: 0.3, Max: 1.5, Diff: 1.5, Sum: 3.3]
      [Update RS (ms): Min: 0.0, Avg: 0.6, Max: 0.8, Diff: 0.8, Sum: 6.2]
         [Processed Buffers: Min: 0, Avg: 1.7, Max: 4, Diff: 4, Sum: 17]
      [Scan RS (ms): Min: 0.0, Avg: 0.0, Max: 0.0, Diff: 0.0, Sum: 0.0]
      [Code Root Scanning (ms): Min: 0.0, Avg: 0.2, Max: 1.5, Diff: 1.5, Sum: 2.1]
      [Object Copy (ms): Min: 2.0, Avg: 3.2, Max: 3.5, Diff: 1.6, Sum: 32.5]
      [Termination (ms): Min: 0.0, Avg: 0.0, Max: 0.1, Diff: 0.1, Sum: 0.4]
         [Termination Attempts: Min: 1, Avg: 45.0, Max: 70, Diff: 69, Sum: 450]
      [GC Worker Other (ms): Min: 0.0, Avg: 0.0, Max: 0.0, Diff: 0.0, Sum: 0.1]
      [GC Worker Total (ms): Min: 4.3, Avg: 4.5, Max: 4.5, Diff: 0.2, Sum: 44.7]
      [GC Worker End (ms): Min: 6812.0, Avg: 6812.0, Max: 6812.0, Diff: 0.0]
   [Code Root Fixup: 0.1 ms]
   [Code Root Purge: 0.0 ms]
   [String Dedup Fixup: 0.6 ms, GC Workers: 10]
      [Queue Fixup (ms): Min: 0.0, Avg: 0.0, Max: 0.0, Diff: 0.0, Sum: 0.1]
      [Table Fixup (ms): Min: 0.0, Avg: 0.1, Max: 0.4, Diff: 0.4, Sum: 0.7]
   [Clear CT: 0.3 ms]
   [Other: 2.4 ms]
      [Choose CSet: 0.0 ms]
      [Ref Proc: 1.9 ms]
      [Ref Enq: 0.0 ms]
      [Redirty Cards: 0.4 ms]
      [Humongous Register: 0.0 ms]
      [Humongous Reclaim: 0.0 ms]
      [Free CSet: 0.1 ms]
   [Eden: 32768.0K(32768.0K)->0.0B(57344.0K) Survivors: 3072.0K->5120.0K Heap: 38733.0K(128.0M)->12264.5K(128.0M)]
 [Times: user=0.00 sys=0.00, real=0.01 secs] 
2021-02-01T06:29:40.542+0530: 6.820: [GC concurrent-string-deduplication, 456.7K->395.2K(62992.0B), avg 20.9%, 0.0025417 secs]
   [Last Exec: 0.0025417 secs, Idle: 4.1479367 secs, Blocked: 29/0.0021865 secs]
      [Inspected:           13000]
         [Skipped:              0(  0.0%)]
         [Hashed:            2557( 19.7%)]
         [Known:             7789( 59.9%)]
         [New:               5211( 40.1%)    456.7K]
      [Deduplicated:         1248( 23.9%)  62992.0B( 13.5%)]
         [Young:                0(  0.0%)      0.0B(  0.0%)]
         [Old:               1248(100.0%)  62992.0B(100.0%)]
   [Total Exec: 2/0.0034778 secs, Idle: 2/6.5461717 secs, Blocked: 29/0.0021865 secs]
      [Inspected:           16160]
         [Skipped:              0(  0.0%)]
         [Hashed:            4263( 26.4%)]
         [Known:             7804( 48.3%)]
         [New:               8356( 51.7%)    649.8K]
      [Deduplicated:         2929( 35.1%)    135.7K( 20.9%)]
         [Young:                0(  0.0%)      0.0B(  0.0%)]
         [Old:               2929(100.0%)    135.7K(100.0%)]
   [Table]
      [Memory Usage: 415.3K]
      [Size: 4096, Min: 1024, Max: 16777216]
      [Entries: 16354, Load: 399.3%, Cached: 0, Added: 16354, Removed: 0]
      [Resize Count: 2, Shrink Threshold: 2730(66.7%), Grow Threshold: 8192(200.0%)]
      [Rehash Count: 0, Rehash Threshold: 120, Hash Seed: 0x0]
      [Age Threshold: 3]
   [Queue]
      [Dropped: 0]
[GC concurrent-string-deduplication, deleted 0 entries, 0.0000007 secs]
2021-02-01T06:29:41.797+0530: 8.075: [GC pause (G1 Evacuation Pause) (young), 0.0033166 secs]
   [Parallel Time: 1.9 ms, GC Workers: 10]
      [GC Worker Start (ms): Min: 8075.2, Avg: 8075.3, Max: 8075.4, Diff: 0.2]
      [Ext Root Scanning (ms): Min: 0.1, Avg: 0.2, Max: 0.6, Diff: 0.5, Sum: 2.2]
      [Update RS (ms): Min: 0.0, Avg: 0.3, Max: 0.4, Diff: 0.4, Sum: 2.6]
         [Processed Buffers: Min: 0, Avg: 1.5, Max: 6, Diff: 6, Sum: 15]
      [Scan RS (ms): Min: 0.0, Avg: 0.3, Max: 0.4, Diff: 0.4, Sum: 2.7]
      [Code Root Scanning (ms): Min: 0.0, Avg: 0.1, Max: 0.2, Diff: 0.2, Sum: 0.5]
      [Object Copy (ms): Min: 0.7, Avg: 1.0, Max: 1.2, Diff: 0.5, Sum: 9.8]
      [Termination (ms): Min: 0.0, Avg: 0.0, Max: 0.0, Diff: 0.0, Sum: 0.0]
         [Termination Attempts: Min: 1, Avg: 17.3, Max: 26, Diff: 25, Sum: 173]
      [GC Worker Other (ms): Min: 0.0, Avg: 0.0, Max: 0.0, Diff: 0.0, Sum: 0.2]
      [GC Worker Total (ms): Min: 1.7, Avg: 1.8, Max: 1.9, Diff: 0.2, Sum: 18.0]
      [GC Worker End (ms): Min: 8077.1, Avg: 8077.1, Max: 8077.1, Diff: 0.0]
   [Code Root Fixup: 0.0 ms]
   [Code Root Purge: 0.0 ms]
   [String Dedup Fixup: 0.3 ms, GC Workers: 10]
      [Queue Fixup (ms): Min: 0.0, Avg: 0.0, Max: 0.0, Diff: 0.0, Sum: 0.0]
      [Table Fixup (ms): Min: 0.0, Avg: 0.1, Max: 0.2, Diff: 0.2, Sum: 0.6]
   [Clear CT: 0.3 ms]
   [Other: 0.8 ms]
      [Choose CSet: 0.0 ms]
      [Ref Proc: 0.4 ms]
      [Ref Enq: 0.0 ms]
      [Redirty Cards: 0.3 ms]
      [Humongous Register: 0.0 ms]
      [Humongous Reclaim: 0.0 ms]
      [Free CSet: 0.0 ms]
   [Eden: 54272.0K(54272.0K)->0.0B(72704.0K) Survivors: 5120.0K->5120.0K Heap: 66536.5K(128.0M)->11556.4K(128.0M)]
 [Times: user=0.00 sys=0.00, real=0.00 secs] 
2021-02-01T06:29:42.398+0530: 8.676: [GC pause (Metadata GC Threshold) (young) (initial-mark), 0.0046982 secs]
   [Parallel Time: 2.5 ms, GC Workers: 10]
      [GC Worker Start (ms): Min: 8676.0, Avg: 8676.1, Max: 8676.2, Diff: 0.1]
      [Ext Root Scanning (ms): Min: 0.4, Avg: 0.5, Max: 0.6, Diff: 0.2, Sum: 5.0]
      [Update RS (ms): Min: 0.0, Avg: 0.1, Max: 0.2, Diff: 0.2, Sum: 0.7]
         [Processed Buffers: Min: 0, Avg: 1.5, Max: 3, Diff: 3, Sum: 15]
      [Scan RS (ms): Min: 0.0, Avg: 0.0, Max: 0.0, Diff: 0.0, Sum: 0.0]
      [Code Root Scanning (ms): Min: 0.0, Avg: 0.1, Max: 0.2, Diff: 0.2, Sum: 0.6]
      [Object Copy (ms): Min: 1.5, Avg: 1.5, Max: 1.6, Diff: 0.2, Sum: 15.5]
      [Termination (ms): Min: 0.0, Avg: 0.0, Max: 0.0, Diff: 0.0, Sum: 0.1]
         [Termination Attempts: Min: 2, Avg: 48.8, Max: 70, Diff: 68, Sum: 488]
      [GC Worker Other (ms): Min: 0.0, Avg: 0.0, Max: 0.0, Diff: 0.0, Sum: 0.1]
      [GC Worker Total (ms): Min: 2.1, Avg: 2.2, Max: 2.3, Diff: 0.1, Sum: 22.0]
      [GC Worker End (ms): Min: 8678.3, Avg: 8678.3, Max: 8678.3, Diff: 0.0]
   [Code Root Fixup: 0.0 ms]
   [Code Root Purge: 0.0 ms]
   [String Dedup Fixup: 0.4 ms, GC Workers: 10]
      [Queue Fixup (ms): Min: 0.0, Avg: 0.0, Max: 0.0, Diff: 0.0, Sum: 0.0]
      [Table Fixup (ms): Min: 0.0, Avg: 0.1, Max: 0.1, Diff: 0.1, Sum: 1.0]
   [Clear CT: 0.4 ms]
   [Other: 1.4 ms]
      [Choose CSet: 0.0 ms]
      [Ref Proc: 0.8 ms]
      [Ref Enq: 0.0 ms]
      [Redirty Cards: 0.3 ms]
      [Humongous Register: 0.0 ms]
      [Humongous Reclaim: 0.0 ms]
      [Free CSet: 0.0 ms]
   [Eden: 43008.0K(72704.0K)->0.0B(68608.0K) Survivors: 5120.0K->9216.0K Heap: 54054.4K(128.0M)->15940.9K(128.0M)]
 [Times: user=0.00 sys=0.00, real=0.01 secs] 
2021-02-01T06:29:42.403+0530: 8.681: [GC concurrent-root-region-scan-start]
2021-02-01T06:29:42.405+0530: 8.683: [GC concurrent-root-region-scan-end, 0.0020472 secs]
2021-02-01T06:29:42.405+0530: 8.683: [GC concurrent-mark-start]
2021-02-01T06:29:42.409+0530: 8.687: [GC concurrent-string-deduplication, 634.4K->320.3K(314.1K), avg 35.0%, 0.0025662 secs]
   [Last Exec: 0.0025662 secs, Idle: 1.8601017 secs, Blocked: 9/0.0040802 secs]
      [Inspected:            9337]
         [Skipped:              0(  0.0%)]
         [Hashed:            3101( 33.2%)]
         [Known:             3157( 33.8%)]
         [New:               6180( 66.2%)    634.4K]
      [Deduplicated:         3554( 57.5%)    314.1K( 49.5%)]
         [Young:             3554(100.0%)    314.1K(100.0%)]
         [Old:                  0(  0.0%)      0.0B(  0.0%)]
   [Total Exec: 3/0.0060440 secs, Idle: 3/8.4062734 secs, Blocked: 38/0.0062667 secs]
      [Inspected:           25497]
         [Skipped:              0(  0.0%)]
         [Hashed:            7364( 28.9%)]
         [Known:            10961( 43.0%)]
         [New:              14536( 57.0%)   1284.2K]
      [Deduplicated:         6483( 44.6%)    449.8K( 35.0%)]
         [Young:             3554( 54.8%)    314.1K( 69.8%)]
         [Old:               2929( 45.2%)    135.7K( 30.2%)]
   [Table]
      [Memory Usage: 611.4K]
      [Size: 16384, Min: 1024, Max: 16777216]
      [Entries: 20623, Load: 125.9%, Cached: 0, Added: 20623, Removed: 0]
      [Resize Count: 4, Shrink Threshold: 10922(66.7%), Grow Threshold: 32768(200.0%)]
      [Rehash Count: 0, Rehash Threshold: 120, Hash Seed: 0x0]
      [Age Threshold: 3]
   [Queue]
      [Dropped: 0]
[GC concurrent-string-deduplication, deleted 0 entries, 0.0000006 secs]
2021-02-01T06:29:42.410+0530: 8.688: [GC concurrent-mark-end, 0.0049891 secs]
2021-02-01T06:29:42.410+0530: 8.688: [GC remark 2021-02-01T06:29:42.410+0530: 8.688: [Finalize Marking, 0.0003481 secs] 2021-02-01T06:29:42.410+0530: 8.688: [GC ref-proc, 0.0001124 secs] 2021-02-01T06:29:42.410+0530: 8.688: [Unloading, 0.0024070 secs], 0.0032015 secs]
 [Times: user=0.00 sys=0.00, real=0.00 secs] 
2021-02-01T06:29:42.413+0530: 8.691: [GC cleanup 16642K->16642K(128M), 0.0007901 secs]
 [Times: user=0.00 sys=0.00, real=0.00 secs] 
2021-02-01T06:29:43.327+0530: 9.605: [GC pause (G1 Evacuation Pause) (young), 0.0085809 secs]
   [Parallel Time: 3.7 ms, GC Workers: 10]
      [GC Worker Start (ms): Min: 9604.8, Avg: 9604.9, Max: 9605.1, Diff: 0.2]
      [Ext Root Scanning (ms): Min: 0.1, Avg: 0.3, Max: 1.7, Diff: 1.6, Sum: 3.5]
      [Update RS (ms): Min: 0.0, Avg: 0.1, Max: 0.2, Diff: 0.2, Sum: 0.9]
         [Processed Buffers: Min: 0, Avg: 1.5, Max: 3, Diff: 3, Sum: 15]
      [Scan RS (ms): Min: 0.0, Avg: 0.0, Max: 0.0, Diff: 0.0, Sum: 0.1]
      [Code Root Scanning (ms): Min: 0.0, Avg: 0.1, Max: 0.3, Diff: 0.3, Sum: 1.5]
      [Object Copy (ms): Min: 1.8, Avg: 2.7, Max: 2.9, Diff: 1.1, Sum: 27.4]
      [Termination (ms): Min: 0.0, Avg: 0.0, Max: 0.0, Diff: 0.0, Sum: 0.1]
         [Termination Attempts: Min: 1, Avg: 35.3, Max: 44, Diff: 43, Sum: 353]
      [GC Worker Other (ms): Min: 0.0, Avg: 0.0, Max: 0.1, Diff: 0.0, Sum: 0.2]
      [GC Worker Total (ms): Min: 3.2, Avg: 3.4, Max: 3.5, Diff: 0.3, Sum: 33.7]
      [GC Worker End (ms): Min: 9608.3, Avg: 9608.3, Max: 9608.3, Diff: 0.0]
   [Code Root Fixup: 0.0 ms]
   [Code Root Purge: 0.0 ms]
   [String Dedup Fixup: 0.7 ms, GC Workers: 10]
      [Queue Fixup (ms): Min: 0.0, Avg: 0.0, Max: 0.0, Diff: 0.0, Sum: 0.0]
      [Table Fixup (ms): Min: 0.1, Avg: 0.2, Max: 0.3, Diff: 0.2, Sum: 1.6]
   [Clear CT: 0.7 ms]
   [Other: 3.4 ms]
      [Choose CSet: 0.0 ms]
      [Ref Proc: 2.9 ms]
      [Ref Enq: 0.0 ms]
      [Redirty Cards: 0.4 ms]
      [Humongous Register: 0.0 ms]
      [Humongous Reclaim: 0.0 ms]
      [Free CSet: 0.1 ms]
   [Eden: 68608.0K(68608.0K)->0.0B(67584.0K) Survivors: 9216.0K->10240.0K Heap: 84548.9K(128.0M)->20092.5K(128.0M)]
 [Times: user=0.00 sys=0.00, real=0.01 secs] 
2021-02-01T06:29:43.336+0530: 9.614: [GC concurrent-string-deduplication, 10152.0B->912.0B(9240.0B), avg 35.5%, 0.0000959 secs]
   [Last Exec: 0.0000959 secs, Idle: 0.9261645 secs, Blocked: 0/0.0000000 secs]
      [Inspected:             183]
         [Skipped:              0(  0.0%)]
         [Hashed:              74( 40.4%)]
         [Known:               46( 25.1%)]
         [New:                137( 74.9%)  10152.0B]
      [Deduplicated:          128( 93.4%)   9240.0B( 91.0%)]
         [Young:              128(100.0%)   9240.0B(100.0%)]
         [Old:                  0(  0.0%)      0.0B(  0.0%)]
   [Total Exec: 4/0.0061399 secs, Idle: 4/9.3324379 secs, Blocked: 38/0.0062667 secs]
      [Inspected:           25680]
         [Skipped:              0(  0.0%)]
         [Hashed:            7438( 29.0%)]
         [Known:            11007( 42.9%)]
         [New:              14673( 57.1%)   1294.1K]
      [Deduplicated:         6611( 45.1%)    458.8K( 35.5%)]
         [Young:             3682( 55.7%)    323.1K( 70.4%)]
         [Old:               2929( 44.3%)    135.7K( 29.6%)]
   [Table]
      [Memory Usage: 668.4K]
      [Size: 16384, Min: 1024, Max: 16777216]
      [Entries: 23056, Load: 140.7%, Cached: 0, Added: 23165, Removed: 109]
      [Resize Count: 4, Shrink Threshold: 10922(66.7%), Grow Threshold: 32768(200.0%)]
      [Rehash Count: 0, Rehash Threshold: 120, Hash Seed: 0x0]
      [Age Threshold: 3]
   [Queue]
      [Dropped: 0]
[GC concurrent-string-deduplication, deleted 0 entries, 0.0000008 secs]
2021-02-01T06:29:43.781+0530: 10.059: [GC pause (G1 Evacuation Pause) (young), 0.0131569 secs]
   [Parallel Time: 12.0 ms, GC Workers: 10]
      [GC Worker Start (ms): Min: 10059.3, Avg: 10059.4, Max: 10059.5, Diff: 0.2]
      [Ext Root Scanning (ms): Min: 0.1, Avg: 0.3, Max: 1.2, Diff: 1.1, Sum: 2.9]
      [Update RS (ms): Min: 0.0, Avg: 0.1, Max: 0.3, Diff: 0.3, Sum: 1.4]
         [Processed Buffers: Min: 0, Avg: 1.6, Max: 3, Diff: 3, Sum: 16]
      [Scan RS (ms): Min: 0.0, Avg: 0.0, Max: 0.0, Diff: 0.0, Sum: 0.1]
      [Code Root Scanning (ms): Min: 0.0, Avg: 0.2, Max: 0.4, Diff: 0.4, Sum: 2.2]
      [Object Copy (ms): Min: 10.6, Avg: 11.1, Max: 11.3, Diff: 0.7, Sum: 110.6]
      [Termination (ms): Min: 0.0, Avg: 0.0, Max: 0.0, Diff: 0.0, Sum: 0.4]
         [Termination Attempts: Min: 1, Avg: 4.2, Max: 7, Diff: 6, Sum: 42]
      [GC Worker Other (ms): Min: 0.0, Avg: 0.0, Max: 0.1, Diff: 0.0, Sum: 0.2]
      [GC Worker Total (ms): Min: 11.6, Avg: 11.8, Max: 11.9, Diff: 0.2, Sum: 117.7]
      [GC Worker End (ms): Min: 10071.1, Avg: 10071.2, Max: 10071.2, Diff: 0.1]
   [Code Root Fixup: 0.1 ms]
   [Code Root Purge: 0.0 ms]
   [String Dedup Fixup: 0.4 ms, GC Workers: 10]
      [Queue Fixup (ms): Min: 0.0, Avg: 0.0, Max: 0.1, Diff: 0.1, Sum: 0.3]
      [Table Fixup (ms): Min: 0.2, Avg: 0.2, Max: 0.3, Diff: 0.1, Sum: 2.4]
   [Clear CT: 0.1 ms]
   [Other: 0.6 ms]
      [Choose CSet: 0.0 ms]
      [Ref Proc: 0.3 ms]
      [Ref Enq: 0.0 ms]
      [Redirty Cards: 0.1 ms]
      [Humongous Register: 0.0 ms]
      [Humongous Reclaim: 0.0 ms]
      [Free CSet: 0.1 ms]
   [Eden: 67584.0K(67584.0K)->0.0B(67584.0K) Survivors: 10240.0K->10240.0K Heap: 87676.5K(128.0M)->30125.5K(128.0M)]
 [Times: user=0.17 sys=0.00, real=0.01 secs] 
2021-02-01T06:29:43.803+0530: 10.081: [GC concurrent-string-deduplication, 1670.9K->653.1K(1017.7K), avg 49.8%, 0.0086305 secs]
   [Last Exec: 0.0086305 secs, Idle: 0.4589445 secs, Blocked: 0/0.0000000 secs]
      [Inspected:           34645]
         [Skipped:              0(  0.0%)]
         [Hashed:           29891( 86.3%)]
         [Known:             1599(  4.6%)]
         [New:              33046( 95.4%)   1670.9K]
      [Deduplicated:        23506( 71.1%)   1017.7K( 60.9%)]
         [Young:             2555( 10.9%)    287.8K( 28.3%)]
         [Old:              20951( 89.1%)    730.0K( 71.7%)]
   [Total Exec: 5/0.0147704 secs, Idle: 5/9.7913824 secs, Blocked: 38/0.0062667 secs]
      [Inspected:           60325]
         [Skipped:              0(  0.0%)]
         [Hashed:           37329( 61.9%)]
         [Known:            12606( 20.9%)]
         [New:              47719( 79.1%)   2965.0K]
      [Deduplicated:        30117( 63.1%)   1476.6K( 49.8%)]
         [Young:             6237( 20.7%)    610.9K( 41.4%)]
         [Old:              23880( 79.3%)    865.6K( 58.6%)]
   [Table]
      [Memory Usage: 908.8K]
      [Size: 16384, Min: 1024, Max: 16777216]
      [Entries: 33314, Load: 203.3%, Cached: 0, Added: 33423, Removed: 109]
      [Resize Count: 4, Shrink Threshold: 10922(66.7%), Grow Threshold: 32768(200.0%)]
      [Rehash Count: 0, Rehash Threshold: 120, Hash Seed: 0x0]
      [Age Threshold: 3]
   [Queue]
      [Dropped: 0]
[GC concurrent-string-deduplication, deleted 0 entries, 0.0000005 secs]
2021-02-01T06:29:43.959+0530: 10.237: [GC pause (G1 Evacuation Pause) (young), 0.0189382 secs]
   [Parallel Time: 17.1 ms, GC Workers: 10]
      [GC Worker Start (ms): Min: 10236.9, Avg: 10237.0, Max: 10237.4, Diff: 0.5]
      [Ext Root Scanning (ms): Min: 0.0, Avg: 0.3, Max: 0.9, Diff: 0.9, Sum: 2.6]
      [Update RS (ms): Min: 0.0, Avg: 0.5, Max: 0.9, Diff: 0.9, Sum: 4.9]
         [Processed Buffers: Min: 0, Avg: 2.0, Max: 4, Diff: 4, Sum: 20]
      [Scan RS (ms): Min: 0.3, Avg: 1.6, Max: 2.2, Diff: 1.9, Sum: 15.8]
      [Code Root Scanning (ms): Min: 0.0, Avg: 0.6, Max: 4.5, Diff: 4.5, Sum: 5.6]
      [Object Copy (ms): Min: 9.4, Avg: 14.0, Max: 16.6, Diff: 7.1, Sum: 140.1]
      [Termination (ms): Min: 0.0, Avg: 0.0, Max: 0.1, Diff: 0.1, Sum: 0.4]
         [Termination Attempts: Min: 1, Avg: 1.2, Max: 2, Diff: 1, Sum: 12]
      [GC Worker Other (ms): Min: 0.0, Avg: 0.0, Max: 0.0, Diff: 0.0, Sum: 0.1]
      [GC Worker Total (ms): Min: 16.6, Avg: 17.0, Max: 17.1, Diff: 0.5, Sum: 169.7]
      [GC Worker End (ms): Min: 10254.0, Avg: 10254.0, Max: 10254.0, Diff: 0.0]
   [Code Root Fixup: 0.1 ms]
   [Code Root Purge: 0.0 ms]
   [String Dedup Fixup: 0.7 ms, GC Workers: 10]
      [Queue Fixup (ms): Min: 0.0, Avg: 0.0, Max: 0.1, Diff: 0.1, Sum: 0.5]
      [Table Fixup (ms): Min: 0.0, Avg: 0.3, Max: 0.3, Diff: 0.3, Sum: 2.7]
   [Clear CT: 0.2 ms]
   [Other: 0.8 ms]
      [Choose CSet: 0.0 ms]
      [Ref Proc: 0.4 ms]
      [Ref Enq: 0.0 ms]
      [Redirty Cards: 0.2 ms]
      [Humongous Register: 0.0 ms]
      [Humongous Reclaim: 0.0 ms]
      [Free CSet: 0.1 ms]
   [Eden: 52224.0K(1024.0K)->0.0B(62464.0K) Survivors: 10240.0K->2048.0K Heap: 82349.5K(128.0M)->43520.0K(128.0M)]
 [Times: user=0.16 sys=0.00, real=0.02 secs] 
2021-02-01T06:29:43.995+0530: 10.273: [GC concurrent-string-deduplication, 2945.0K->625.4K(2319.6K), avg 64.2%, 0.0168321 secs]
   [Last Exec: 0.0168321 secs, Idle: 0.1747047 secs, Blocked: 0/0.0000000 secs]
      [Inspected:           64497]
         [Skipped:              0(  0.0%)]
         [Hashed:           58603( 90.9%)]
         [Known:             3562(  5.5%)]
         [New:              60935( 94.5%)   2945.0K]
      [Deduplicated:        51249( 84.1%)   2319.6K( 78.8%)]
         [Young:                0(  0.0%)      0.0B(  0.0%)]
         [Old:              51249(100.0%)   2319.6K(100.0%)]
   [Total Exec: 6/0.0316025 secs, Idle: 6/9.9660871 secs, Blocked: 38/0.0062667 secs]
      [Inspected:          124822]
         [Skipped:              0(  0.0%)]
         [Hashed:           95932( 76.9%)]
         [Known:            16168( 13.0%)]
         [New:             108654( 87.0%)   5910.0K]
      [Deduplicated:        81366( 74.9%)   3796.2K( 64.2%)]
         [Young:             6237(  7.7%)    610.9K( 16.1%)]
         [Old:              75129( 92.3%)   3185.2K( 83.9%)]
   [Table]
      [Memory Usage: 1277.2K]
      [Size: 32768, Min: 1024, Max: 16777216]
      [Entries: 43572, Load: 133.0%, Cached: 0, Added: 43681, Removed: 109]
      [Resize Count: 5, Shrink Threshold: 21845(66.7%), Grow Threshold: 65536(200.0%)]
      [Rehash Count: 0, Rehash Threshold: 120, Hash Seed: 0x0]
      [Age Threshold: 3]
   [Queue]
      [Dropped: 0]
[GC concurrent-string-deduplication, deleted 0 entries, 0.0000005 secs]
2021-02-01T06:29:44.080+0530: 10.358: [GC pause (G1 Evacuation Pause) (young), 0.0121084 secs]
   [Parallel Time: 11.1 ms, GC Workers: 10]
      [GC Worker Start (ms): Min: 10358.2, Avg: 10358.2, Max: 10358.4, Diff: 0.2]
      [Ext Root Scanning (ms): Min: 0.1, Avg: 0.2, Max: 0.5, Diff: 0.4, Sum: 2.2]
      [Update RS (ms): Min: 0.6, Avg: 0.7, Max: 1.0, Diff: 0.3, Sum: 7.2]
         [Processed Buffers: Min: 2, Avg: 2.8, Max: 6, Diff: 4, Sum: 28]
      [Scan RS (ms): Min: 0.1, Avg: 0.3, Max: 0.6, Diff: 0.5, Sum: 3.1]
      [Code Root Scanning (ms): Min: 0.0, Avg: 0.0, Max: 0.0, Diff: 0.0, Sum: 0.0]
      [Object Copy (ms): Min: 9.5, Avg: 9.6, Max: 9.8, Diff: 0.3, Sum: 96.5]
      [Termination (ms): Min: 0.0, Avg: 0.1, Max: 0.1, Diff: 0.1, Sum: 0.8]
         [Termination Attempts: Min: 1, Avg: 1.3, Max: 2, Diff: 1, Sum: 13]
      [GC Worker Other (ms): Min: 0.0, Avg: 0.0, Max: 0.0, Diff: 0.0, Sum: 0.2]
      [GC Worker Total (ms): Min: 10.8, Avg: 11.0, Max: 11.1, Diff: 0.2, Sum: 110.0]
      [GC Worker End (ms): Min: 10369.2, Avg: 10369.2, Max: 10369.2, Diff: 0.0]
   [Code Root Fixup: 0.0 ms]
   [Code Root Purge: 0.0 ms]
   [String Dedup Fixup: 0.3 ms, GC Workers: 10]
      [Queue Fixup (ms): Min: 0.0, Avg: 0.0, Max: 0.1, Diff: 0.1, Sum: 0.3]
      [Table Fixup (ms): Min: 0.2, Avg: 0.2, Max: 0.3, Diff: 0.0, Sum: 2.2]
   [Clear CT: 0.1 ms]
   [Other: 0.5 ms]
      [Choose CSet: 0.0 ms]
      [Ref Proc: 0.3 ms]
      [Ref Enq: 0.0 ms]
      [Redirty Cards: 0.1 ms]
      [Humongous Register: 0.0 ms]
      [Humongous Reclaim: 0.0 ms]
      [Free CSet: 0.0 ms]
   [Eden: 62464.0K(62464.0K)->0.0B(43008.0K) Survivors: 2048.0K->8192.0K Heap: 103.5M(128.0M)->62976.0K(128.0M)]
 [Times: user=0.14 sys=0.02, real=0.01 secs] 
2021-02-01T06:29:44.100+0530: 10.378: [GC concurrent-string-deduplication, 1931.5K->4496.0B(1927.1K), avg 73.0%, 0.0072937 secs]
   [Last Exec: 0.0072937 secs, Idle: 0.0975405 secs, Blocked: 0/0.0000000 secs]
      [Inspected:           42001]
         [Skipped:              0(  0.0%)]
         [Hashed:           41679( 99.2%)]
         [Known:                0(  0.0%)]
         [New:              42001(100.0%)   1931.5K]
      [Deduplicated:        41945( 99.9%)   1927.1K( 99.8%)]
         [Young:                0(  0.0%)      0.0B(  0.0%)]
         [Old:              41945(100.0%)   1927.1K(100.0%)]
   [Total Exec: 7/0.0388962 secs, Idle: 7/10.0636276 secs, Blocked: 38/0.0062667 secs]
      [Inspected:          166823]
         [Skipped:              0(  0.0%)]
         [Hashed:          137611( 82.5%)]
         [Known:            16168(  9.7%)]
         [New:             150655( 90.3%)   7841.6K]
      [Deduplicated:       123311( 81.8%)   5723.3K( 73.0%)]
         [Young:             6237(  5.1%)    610.9K( 10.7%)]
         [Old:             117074( 94.9%)   5112.4K( 89.3%)]
   [Table]
      [Memory Usage: 1279.5K]
      [Size: 32768, Min: 1024, Max: 16777216]
      [Entries: 43670, Load: 133.3%, Cached: 0, Added: 43779, Removed: 109]
      [Resize Count: 5, Shrink Threshold: 21845(66.7%), Grow Threshold: 65536(200.0%)]
      [Rehash Count: 0, Rehash Threshold: 120, Hash Seed: 0x0]
      [Age Threshold: 3]
   [Queue]
      [Dropped: 0]
[GC concurrent-string-deduplication, deleted 0 entries, 0.0000005 secs]
2021-02-01T06:29:44.256+0530: 10.534: [GC pause (G1 Evacuation Pause) (young), 0.0105124 secs]
   [Parallel Time: 8.9 ms, GC Workers: 10]
      [GC Worker Start (ms): Min: 10533.8, Avg: 10533.9, Max: 10534.1, Diff: 0.3]
      [Ext Root Scanning (ms): Min: 0.0, Avg: 0.2, Max: 0.5, Diff: 0.5, Sum: 2.2]
      [Update RS (ms): Min: 0.6, Avg: 0.9, Max: 2.9, Diff: 2.3, Sum: 9.2]
         [Processed Buffers: Min: 1, Avg: 2.2, Max: 4, Diff: 3, Sum: 22]
      [Scan RS (ms): Min: 0.0, Avg: 0.4, Max: 0.5, Diff: 0.5, Sum: 4.0]
      [Code Root Scanning (ms): Min: 0.0, Avg: 0.0, Max: 0.1, Diff: 0.1, Sum: 0.1]
      [Object Copy (ms): Min: 5.4, Avg: 6.9, Max: 7.1, Diff: 1.7, Sum: 69.0]
      [Termination (ms): Min: 0.0, Avg: 0.0, Max: 0.0, Diff: 0.0, Sum: 0.0]
         [Termination Attempts: Min: 1, Avg: 3.3, Max: 5, Diff: 4, Sum: 33]
      [GC Worker Other (ms): Min: 0.0, Avg: 0.0, Max: 0.0, Diff: 0.0, Sum: 0.1]
      [GC Worker Total (ms): Min: 8.2, Avg: 8.5, Max: 8.6, Diff: 0.3, Sum: 84.6]
      [GC Worker End (ms): Min: 10542.3, Avg: 10542.3, Max: 10542.3, Diff: 0.0]
   [Code Root Fixup: 0.0 ms]
   [Code Root Purge: 0.0 ms]
   [String Dedup Fixup: 0.5 ms, GC Workers: 10]
      [Queue Fixup (ms): Min: 0.0, Avg: 0.0, Max: 0.0, Diff: 0.0, Sum: 0.1]
      [Table Fixup (ms): Min: 0.2, Avg: 0.2, Max: 0.3, Diff: 0.1, Sum: 2.1]
   [Clear CT: 0.4 ms]
   [Other: 0.7 ms]
      [Choose CSet: 0.0 ms]
      [Ref Proc: 0.3 ms]
      [Ref Enq: 0.0 ms]
      [Redirty Cards: 0.3 ms]
      [Humongous Register: 0.0 ms]
      [Humongous Reclaim: 0.0 ms]
      [Free CSet: 0.0 ms]
   [Eden: 43008.0K(43008.0K)->0.0B(34816.0K) Survivors: 8192.0K->7168.0K Heap: 103.5M(128.0M)->72192.0K(128.0M)]
 [Times: user=0.16 sys=0.00, real=0.01 secs] 
2021-02-01T06:29:44.269+0530: 10.548: [GC concurrent-string-deduplication, 827.8K->6568.0B(821.4K), avg 75.5%, 0.0031477 secs]
   [Last Exec: 0.0031477 secs, Idle: 0.1666101 secs, Blocked: 0/0.0000000 secs]
      [Inspected:           18023]
         [Skipped:              0(  0.0%)]
         [Hashed:           16856( 93.5%)]
         [Known:              388(  2.2%)]
         [New:              17635( 97.8%)    827.8K]
      [Deduplicated:        17546( 99.5%)    821.4K( 99.2%)]
         [Young:                0(  0.0%)      0.0B(  0.0%)]
         [Old:              17546(100.0%)    821.4K(100.0%)]
   [Total Exec: 8/0.0420439 secs, Idle: 8/10.2302377 secs, Blocked: 38/0.0062667 secs]
      [Inspected:          184846]
         [Skipped:              0(  0.0%)]
         [Hashed:          154467( 83.6%)]
         [Known:            16556(  9.0%)]
         [New:             168290( 91.0%)   8669.4K]
      [Deduplicated:       140857( 83.7%)   6544.7K( 75.5%)]
         [Young:             6237(  4.4%)    610.9K(  9.3%)]
         [Old:             134620( 95.6%)   5933.8K( 90.7%)]
   [Table]
      [Memory Usage: 1283.0K]
      [Size: 32768, Min: 1024, Max: 16777216]
      [Entries: 43820, Load: 133.7%, Cached: 0, Added: 43929, Removed: 109]
      [Resize Count: 5, Shrink Threshold: 21845(66.7%), Grow Threshold: 65536(200.0%)]
      [Rehash Count: 0, Rehash Threshold: 120, Hash Seed: 0x0]
      [Age Threshold: 3]
   [Queue]
      [Dropped: 0]
[GC concurrent-string-deduplication, deleted 0 entries, 0.0000005 secs]
2021-02-01T06:29:44.352+0530: 10.630: [GC pause (G1 Evacuation Pause) (young) (initial-mark), 0.0157073 secs]
   [Parallel Time: 13.7 ms, GC Workers: 10]
      [GC Worker Start (ms): Min: 10629.8, Avg: 10629.8, Max: 10629.9, Diff: 0.1]
      [Ext Root Scanning (ms): Min: 0.4, Avg: 0.4, Max: 0.5, Diff: 0.2, Sum: 4.5]
      [Update RS (ms): Min: 0.4, Avg: 1.1, Max: 6.1, Diff: 5.7, Sum: 11.2]
         [Processed Buffers: Min: 1, Avg: 2.2, Max: 5, Diff: 4, Sum: 22]
      [Scan RS (ms): Min: 0.0, Avg: 0.1, Max: 0.3, Diff: 0.3, Sum: 1.4]
      [Code Root Scanning (ms): Min: 0.0, Avg: 0.0, Max: 0.0, Diff: 0.0, Sum: 0.1]
      [Object Copy (ms): Min: 6.9, Avg: 11.8, Max: 12.3, Diff: 5.4, Sum: 117.7]
      [Termination (ms): Min: 0.0, Avg: 0.0, Max: 0.0, Diff: 0.0, Sum: 0.0]
         [Termination Attempts: Min: 3, Avg: 4.5, Max: 8, Diff: 5, Sum: 45]
      [GC Worker Other (ms): Min: 0.0, Avg: 0.0, Max: 0.1, Diff: 0.0, Sum: 0.2]
      [GC Worker Total (ms): Min: 13.5, Avg: 13.5, Max: 13.6, Diff: 0.2, Sum: 135.2]
      [GC Worker End (ms): Min: 10643.3, Avg: 10643.4, Max: 10643.4, Diff: 0.0]
   [Code Root Fixup: 0.0 ms]
   [Code Root Purge: 0.0 ms]
   [String Dedup Fixup: 0.4 ms, GC Workers: 10]
      [Queue Fixup (ms): Min: 0.0, Avg: 0.0, Max: 0.1, Diff: 0.1, Sum: 0.3]
      [Table Fixup (ms): Min: 0.2, Avg: 0.3, Max: 0.3, Diff: 0.1, Sum: 2.5]
   [Clear CT: 0.8 ms]
   [Other: 0.8 ms]
      [Choose CSet: 0.0 ms]
      [Ref Proc: 0.2 ms]
      [Ref Enq: 0.0 ms]
      [Redirty Cards: 0.5 ms]
      [Humongous Register: 0.0 ms]
      [Humongous Reclaim: 0.0 ms]
      [Free CSet: 0.0 ms]
   [Eden: 34816.0K(34816.0K)->0.0B(23552.0K) Survivors: 7168.0K->6144.0K Heap: 104.5M(128.0M)->85504.0K(128.0M)]
 [Times: user=0.14 sys=0.00, real=0.02 secs] 
2021-02-01T06:29:44.367+0530: 10.646: [GC concurrent-root-region-scan-start]
2021-02-01T06:29:44.372+0530: 10.650: [GC concurrent-root-region-scan-end, 0.0047059 secs]
2021-02-01T06:29:44.372+0530: 10.650: [GC concurrent-mark-start]
2021-02-01T06:29:44.377+0530: 10.655: [GC concurrent-string-deduplication, 1344.8K->3928.0B(1341.0K), avg 78.7%, 0.0092467 secs]
   [Last Exec: 0.0092467 secs, Idle: 0.0980011 secs, Blocked: 0/0.0000000 secs]
      [Inspected:           28161]
         [Skipped:              0(  0.0%)]
         [Hashed:           27505( 97.7%)]
         [Known:               65(  0.2%)]
         [New:              28096( 99.8%)   1344.8K]
      [Deduplicated:        28025( 99.7%)   1341.0K( 99.7%)]
         [Young:                1(  0.0%)     40.0B(  0.0%)]
         [Old:              28024(100.0%)   1340.9K(100.0%)]
   [Total Exec: 9/0.0512906 secs, Idle: 9/10.3282388 secs, Blocked: 38/0.0062667 secs]
      [Inspected:          213007]
         [Skipped:              0(  0.0%)]
         [Hashed:          181972( 85.4%)]
         [Known:            16621(  7.8%)]
         [New:             196386( 92.2%)  10014.2K]
      [Deduplicated:       168882( 86.0%)   7885.7K( 78.7%)]
         [Young:             6238(  3.7%)    611.0K(  7.7%)]
         [Old:             162644( 96.3%)   7274.7K( 92.3%)]
   [Table]
      [Memory Usage: 1284.8K]
      [Size: 32768, Min: 1024, Max: 16777216]
      [Entries: 43897, Load: 134.0%, Cached: 0, Added: 44006, Removed: 109]
      [Resize Count: 5, Shrink Threshold: 21845(66.7%), Grow Threshold: 65536(200.0%)]
      [Rehash Count: 0, Rehash Threshold: 120, Hash Seed: 0x0]
      [Age Threshold: 3]
   [Queue]
      [Dropped: 0]
[GC concurrent-string-deduplication, deleted 0 entries, 0.0000015 secs]
2021-02-01T06:29:44.391+0530: 10.669: [GC concurrent-mark-end, 0.0186786 secs]
2021-02-01T06:29:44.391+0530: 10.669: [GC remark 2021-02-01T06:29:44.391+0530: 10.669: [Finalize Marking, 0.0001303 secs] 2021-02-01T06:29:44.391+0530: 10.669: [GC ref-proc, 0.0001431 secs] 2021-02-01T06:29:44.391+0530: 10.669: [Unloading, 0.0040112 secs], 0.0046237 secs]
 [Times: user=0.00 sys=0.00, real=0.00 secs] 
2021-02-01T06:29:44.396+0530: 10.674: [GC cleanup 86448K->77232K(128M), 0.0010911 secs]
 [Times: user=0.00 sys=0.00, real=0.00 secs] 
2021-02-01T06:29:44.397+0530: 10.675: [GC concurrent-cleanup-start]
2021-02-01T06:29:44.397+0530: 10.675: [GC concurrent-cleanup-end, 0.0000363 secs]
2021-02-01T06:29:44.432+0530: 10.710: [GC pause (G1 Evacuation Pause) (young), 0.0084865 secs]
   [Parallel Time: 7.7 ms, GC Workers: 10]
      [GC Worker Start (ms): Min: 10709.9, Avg: 10709.9, Max: 10710.0, Diff: 0.1]
      [Ext Root Scanning (ms): Min: 0.1, Avg: 0.2, Max: 0.4, Diff: 0.3, Sum: 2.1]
      [Update RS (ms): Min: 0.6, Avg: 0.7, Max: 0.8, Diff: 0.2, Sum: 7.3]
         [Processed Buffers: Min: 2, Avg: 2.3, Max: 5, Diff: 3, Sum: 23]
      [Scan RS (ms): Min: 0.3, Avg: 0.4, Max: 0.5, Diff: 0.2, Sum: 4.5]
      [Code Root Scanning (ms): Min: 0.0, Avg: 0.0, Max: 0.0, Diff: 0.0, Sum: 0.0]
      [Object Copy (ms): Min: 6.1, Avg: 6.1, Max: 6.2, Diff: 0.1, Sum: 61.4]
      [Termination (ms): Min: 0.0, Avg: 0.0, Max: 0.0, Diff: 0.0, Sum: 0.0]
         [Termination Attempts: Min: 1, Avg: 1.3, Max: 2, Diff: 1, Sum: 13]
      [GC Worker Other (ms): Min: 0.0, Avg: 0.0, Max: 0.0, Diff: 0.0, Sum: 0.1]
      [GC Worker Total (ms): Min: 7.5, Avg: 7.5, Max: 7.6, Diff: 0.1, Sum: 75.5]
      [GC Worker End (ms): Min: 10717.5, Avg: 10717.5, Max: 10717.5, Diff: 0.0]
   [Code Root Fixup: 0.0 ms]
   [Code Root Purge: 0.0 ms]
   [String Dedup Fixup: 0.3 ms, GC Workers: 10]
      [Queue Fixup (ms): Min: 0.0, Avg: 0.0, Max: 0.0, Diff: 0.0, Sum: 0.1]
      [Table Fixup (ms): Min: 0.2, Avg: 0.2, Max: 0.3, Diff: 0.1, Sum: 2.2]
   [Clear CT: 0.1 ms]
   [Other: 0.3 ms]
      [Choose CSet: 0.0 ms]
      [Ref Proc: 0.2 ms]
      [Ref Enq: 0.0 ms]
      [Redirty Cards: 0.1 ms]
      [Humongous Register: 0.0 ms]
      [Humongous Reclaim: 0.0 ms]
      [Free CSet: 0.0 ms]
   [Eden: 23552.0K(23552.0K)->0.0B(2048.0K) Survivors: 6144.0K->4096.0K Heap: 99840.0K(128.0M)->84480.0K(128.0M)]
 [Times: user=0.16 sys=0.00, real=0.01 secs] 
2021-02-01T06:29:44.444+0530: 10.722: [GC concurrent-string-deduplication, 904.8K->236.4K(668.4K), avg 78.3%, 0.0038337 secs]
   [Last Exec: 0.0038337 secs, Idle: 0.0635781 secs, Blocked: 0/0.0000000 secs]
      [Inspected:           20701]
         [Skipped:              0(  0.0%)]
         [Hashed:           20599( 99.5%)]
         [Known:               15(  0.1%)]
         [New:              20686( 99.9%)    904.8K]
      [Deduplicated:        16751( 81.0%)    668.4K( 73.9%)]
         [Young:                0(  0.0%)      0.0B(  0.0%)]
         [Old:              16751(100.0%)    668.4K(100.0%)]
   [Total Exec: 10/0.0551243 secs, Idle: 10/10.3918169 secs, Blocked: 38/0.0062667 secs]
      [Inspected:          233708]
         [Skipped:              0(  0.0%)]
         [Hashed:          202571( 86.7%)]
         [Known:            16636(  7.1%)]
         [New:             217072( 92.9%)  10919.0K]
      [Deduplicated:       185633( 85.5%)   8554.1K( 78.3%)]
         [Young:             6238(  3.4%)    611.0K(  7.1%)]
         [Old:             179395( 96.6%)   7943.1K( 92.9%)]
   [Table]
      [Memory Usage: 1285.0K]
      [Size: 32768, Min: 1024, Max: 16777216]
      [Entries: 43902, Load: 134.0%, Cached: 0, Added: 48001, Removed: 4099]
      [Resize Count: 5, Shrink Threshold: 21845(66.7%), Grow Threshold: 65536(200.0%)]
      [Rehash Count: 0, Rehash Threshold: 120, Hash Seed: 0x0]
      [Age Threshold: 3]
   [Queue]
      [Dropped: 0]
2021-02-01T06:29:44.445+0530: 10.723: [GC pause (G1 Evacuation Pause) (mixed), 0.0049781 secs]
   [Parallel Time: 4.1 ms, GC Workers: 10]
      [GC Worker Start (ms): Min: 10722.8, Avg: 10723.0, Max: 10723.3, Diff: 0.5]
      [Ext Root Scanning (ms): Min: 0.0, Avg: 0.4, Max: 1.8, Diff: 1.8, Sum: 4.5]
      [Update RS (ms): Min: 0.0, Avg: 1.1, Max: 1.4, Diff: 1.4, Sum: 10.7]
         [Processed Buffers: Min: 0, Avg: 2.6, Max: 4, Diff: 4, Sum: 26]
      [Scan RS (ms): Min: 0.2, Avg: 0.4, Max: 0.7, Diff: 0.5, Sum: 4.2]
      [Code Root Scanning (ms): Min: 0.0, Avg: 0.0, Max: 0.0, Diff: 0.0, Sum: 0.1]
      [Object Copy (ms): Min: 1.6, Avg: 1.8, Max: 1.9, Diff: 0.3, Sum: 18.2]
      [Termination (ms): Min: 0.0, Avg: 0.0, Max: 0.0, Diff: 0.0, Sum: 0.0]
         [Termination Attempts: Min: 1, Avg: 1.0, Max: 1, Diff: 0, Sum: 10]
      [GC Worker Other (ms): Min: 0.0, Avg: 0.0, Max: 0.0, Diff: 0.0, Sum: 0.1]
      [GC Worker Total (ms): Min: 3.4, Avg: 3.8, Max: 4.0, Diff: 0.5, Sum: 37.8]
      [GC Worker End (ms): Min: 10726.8, Avg: 10726.8, Max: 10726.8, Diff: 0.0]
   [Code Root Fixup: 0.0 ms]
   [Code Root Purge: 0.0 ms]
   [String Dedup Fixup: 0.4 ms, GC Workers: 10]
      [Queue Fixup (ms): Min: 0.0, Avg: 0.0, Max: 0.0, Diff: 0.0, Sum: 0.1]
      [Table Fixup (ms): Min: 0.0, Avg: 0.2, Max: 0.3, Diff: 0.3, Sum: 2.4]
   [Clear CT: 0.1 ms]
   [Other: 0.4 ms]
      [Choose CSet: 0.0 ms]
      [Ref Proc: 0.2 ms]
      [Ref Enq: 0.0 ms]
      [Redirty Cards: 0.1 ms]
      [Humongous Register: 0.0 ms]
      [Humongous Reclaim: 0.0 ms]
      [Free CSet: 0.0 ms]
   [Eden: 2048.0K(2048.0K)->0.0B(5120.0K) Survivors: 4096.0K->1024.0K Heap: 86528.0K(128.0M)->73216.0K(128.0M)]
 [Times: user=0.16 sys=0.00, real=0.01 secs] 
[GC concurrent-string-deduplication, deleted 1462 entries, 0.0054337 secs]
2021-02-01T06:29:44.453+0530: 10.731: [GC concurrent-string-deduplication, 1004.9K->8016.0B(997.1K), avg 80.1%, 0.0036175 secs]
   [Last Exec: 0.0036175 secs, Idle: 0.0000007 secs, Blocked: 0/0.0000000 secs]
      [Inspected:           21160]
         [Skipped:              0(  0.0%)]
         [Hashed:           20992( 99.2%)]
         [Known:               62(  0.3%)]
         [New:              21098( 99.7%)   1004.9K]
      [Deduplicated:        21056( 99.8%)    997.1K( 99.2%)]
         [Young:                0(  0.0%)      0.0B(  0.0%)]
         [Old:              21056(100.0%)    997.1K(100.0%)]
   [Total Exec: 11/0.0587418 secs, Idle: 11/10.3918176 secs, Blocked: 38/0.0062667 secs]
      [Inspected:          254868]
         [Skipped:              0(  0.0%)]
         [Hashed:          223563( 87.7%)]
         [Known:            16698(  6.6%)]
         [New:             238170( 93.4%)  11923.9K]
      [Deduplicated:       206689( 86.8%)   9551.2K( 80.1%)]
         [Young:             6238(  3.0%)    611.0K(  6.4%)]
         [Old:             200451( 97.0%)   8940.2K( 93.6%)]
   [Table]
      [Memory Usage: 1285.9K]
      [Size: 32768, Min: 1024, Max: 16777216]
      [Entries: 43944, Load: 134.1%, Cached: 0, Added: 48043, Removed: 4099]
      [Resize Count: 5, Shrink Threshold: 21845(66.7%), Grow Threshold: 65536(200.0%)]
      [Rehash Count: 0, Rehash Threshold: 120, Hash Seed: 0x0]
      [Age Threshold: 3]
   [Queue]
      [Dropped: 0]
[GC concurrent-string-deduplication, deleted 0 entries, 0.0000005 secs]
2021-02-01T06:29:44.454+0530: 10.732: [GC pause (G1 Evacuation Pause) (mixed), 0.0037907 secs]
   [Parallel Time: 3.0 ms, GC Workers: 10]
      [GC Worker Start (ms): Min: 10732.1, Avg: 10732.2, Max: 10732.2, Diff: 0.1]
      [Ext Root Scanning (ms): Min: 0.1, Avg: 0.2, Max: 0.4, Diff: 0.3, Sum: 2.1]
      [Update RS (ms): Min: 0.6, Avg: 0.7, Max: 1.0, Diff: 0.5, Sum: 7.3]
         [Processed Buffers: Min: 2, Avg: 2.5, Max: 3, Diff: 1, Sum: 25]
      [Scan RS (ms): Min: 0.2, Avg: 0.5, Max: 0.7, Diff: 0.4, Sum: 4.8]
      [Code Root Scanning (ms): Min: 0.0, Avg: 0.0, Max: 0.2, Diff: 0.2, Sum: 0.2]
      [Object Copy (ms): Min: 1.4, Avg: 1.4, Max: 1.5, Diff: 0.1, Sum: 14.2]
      [Termination (ms): Min: 0.0, Avg: 0.0, Max: 0.0, Diff: 0.0, Sum: 0.0]
         [Termination Attempts: Min: 1, Avg: 14.4, Max: 19, Diff: 18, Sum: 144]
      [GC Worker Other (ms): Min: 0.0, Avg: 0.0, Max: 0.0, Diff: 0.0, Sum: 0.1]
      [GC Worker Total (ms): Min: 2.8, Avg: 2.9, Max: 2.9, Diff: 0.1, Sum: 28.7]
      [GC Worker End (ms): Min: 10735.1, Avg: 10735.1, Max: 10735.1, Diff: 0.0]
   [Code Root Fixup: 0.0 ms]
   [Code Root Purge: 0.0 ms]
   [String Dedup Fixup: 0.3 ms, GC Workers: 10]
      [Queue Fixup (ms): Min: 0.0, Avg: 0.0, Max: 0.0, Diff: 0.0, Sum: 0.0]
      [Table Fixup (ms): Min: 0.2, Avg: 0.2, Max: 0.3, Diff: 0.1, Sum: 2.4]
   [Clear CT: 0.1 ms]
   [Other: 0.3 ms]
      [Choose CSet: 0.0 ms]
      [Ref Proc: 0.1 ms]
      [Ref Enq: 0.0 ms]
      [Redirty Cards: 0.1 ms]
      [Humongous Register: 0.0 ms]
      [Humongous Reclaim: 0.0 ms]
      [Free CSet: 0.0 ms]
   [Eden: 5120.0K(5120.0K)->0.0B(5120.0K) Survivors: 1024.0K->1024.0K Heap: 78336.0K(128.0M)->65013.0K(128.0M)]
 [Times: user=0.00 sys=0.00, real=0.00 secs] 
2021-02-01T06:29:44.458+0530: 10.736: [GC concurrent-string-deduplication, 102.0K->0.0B(102.0K), avg 80.3%, 0.0003410 secs]
   [Last Exec: 0.0003410 secs, Idle: 0.0044879 secs, Blocked: 0/0.0000000 secs]
      [Inspected:            2815]
         [Skipped:              0(  0.0%)]
         [Hashed:            2815(100.0%)]
         [Known:                0(  0.0%)]
         [New:               2815(100.0%)    102.0K]
      [Deduplicated:         2815(100.0%)    102.0K(100.0%)]
         [Young:                0(  0.0%)      0.0B(  0.0%)]
         [Old:               2815(100.0%)    102.0K(100.0%)]
   [Total Exec: 12/0.0590828 secs, Idle: 12/10.3963055 secs, Blocked: 38/0.0062667 secs]
      [Inspected:          257683]
         [Skipped:              0(  0.0%)]
         [Hashed:          226378( 87.9%)]
         [Known:            16698(  6.5%)]
         [New:             240985( 93.5%)  12026.0K]
      [Deduplicated:       209504( 86.9%)   9653.2K( 80.3%)]
         [Young:             6238(  3.0%)    611.0K(  6.3%)]
         [Old:             203266( 97.0%)   9042.2K( 93.7%)]
   [Table]
      [Memory Usage: 1285.9K]
      [Size: 32768, Min: 1024, Max: 16777216]
      [Entries: 43941, Load: 134.1%, Cached: 3, Added: 48043, Removed: 4102]
      [Resize Count: 5, Shrink Threshold: 21845(66.7%), Grow Threshold: 65536(200.0%)]
      [Rehash Count: 0, Rehash Threshold: 120, Hash Seed: 0x0]
      [Age Threshold: 3]
   [Queue]
      [Dropped: 0]
[GC concurrent-string-deduplication, deleted 0 entries, 0.0000004 secs]
2021-02-01T06:29:44.464+0530: 10.742: [GC pause (G1 Evacuation Pause) (mixed), 0.0076507 secs]
   [Parallel Time: 6.5 ms, GC Workers: 10]
      [GC Worker Start (ms): Min: 10741.6, Avg: 10741.7, Max: 10741.7, Diff: 0.1]
      [Ext Root Scanning (ms): Min: 0.2, Avg: 0.3, Max: 0.8, Diff: 0.6, Sum: 2.6]
      [Update RS (ms): Min: 0.7, Avg: 1.3, Max: 1.4, Diff: 0.7, Sum: 12.7]
         [Processed Buffers: Min: 3, Avg: 3.7, Max: 5, Diff: 2, Sum: 37]
      [Scan RS (ms): Min: 0.7, Avg: 2.2, Max: 2.5, Diff: 1.8, Sum: 21.6]
      [Code Root Scanning (ms): Min: 0.0, Avg: 0.2, Max: 2.0, Diff: 2.0, Sum: 2.1]
      [Object Copy (ms): Min: 2.1, Avg: 2.5, Max: 2.5, Diff: 0.4, Sum: 24.6]
      [Termination (ms): Min: 0.0, Avg: 0.0, Max: 0.0, Diff: 0.0, Sum: 0.0]
         [Termination Attempts: Min: 1, Avg: 1.3, Max: 2, Diff: 1, Sum: 13]
      [GC Worker Other (ms): Min: 0.0, Avg: 0.0, Max: 0.0, Diff: 0.0, Sum: 0.1]
      [GC Worker Total (ms): Min: 6.3, Avg: 6.4, Max: 6.4, Diff: 0.1, Sum: 63.8]
      [GC Worker End (ms): Min: 10748.1, Avg: 10748.1, Max: 10748.1, Diff: 0.0]
   [Code Root Fixup: 0.1 ms]
   [Code Root Purge: 0.0 ms]
   [String Dedup Fixup: 0.5 ms, GC Workers: 10]
      [Queue Fixup (ms): Min: 0.0, Avg: 0.0, Max: 0.0, Diff: 0.0, Sum: 0.0]
      [Table Fixup (ms): Min: 0.3, Avg: 0.4, Max: 0.4, Diff: 0.1, Sum: 3.8]
   [Clear CT: 0.1 ms]
   [Other: 0.4 ms]
      [Choose CSet: 0.0 ms]
      [Ref Proc: 0.1 ms]
      [Ref Enq: 0.0 ms]
      [Redirty Cards: 0.1 ms]
      [Humongous Register: 0.0 ms]
      [Humongous Reclaim: 0.0 ms]
      [Free CSet: 0.1 ms]
   [Eden: 5120.0K(5120.0K)->0.0B(5120.0K) Survivors: 1024.0K->1024.0K Heap: 70133.0K(128.0M)->56485.0K(128.0M)]
 [Times: user=0.00 sys=0.02, real=0.01 secs] 
2021-02-01T06:29:44.472+0530: 10.750: [GC concurrent-string-deduplication, 185.3K->0.0B(185.3K), avg 80.6%, 0.0009651 secs]
   [Last Exec: 0.0009651 secs, Idle: 0.0129343 secs, Blocked: 0/0.0000000 secs]
      [Inspected:            4736]
         [Skipped:              0(  0.0%)]
         [Hashed:            4736(100.0%)]
         [Known:                0(  0.0%)]
         [New:               4736(100.0%)    185.3K]
      [Deduplicated:         4736(100.0%)    185.3K(100.0%)]
         [Young:                0(  0.0%)      0.0B(  0.0%)]
         [Old:               4736(100.0%)    185.3K(100.0%)]
   [Total Exec: 13/0.0600479 secs, Idle: 13/10.4092398 secs, Blocked: 38/0.0062667 secs]
      [Inspected:          262419]
         [Skipped:              0(  0.0%)]
         [Hashed:          231114( 88.1%)]
         [Known:            16698(  6.4%)]
         [New:             245721( 93.6%)  12211.3K]
      [Deduplicated:       214240( 87.2%)   9838.5K( 80.6%)]
         [Young:             6238(  2.9%)    611.0K(  6.2%)]
         [Old:             208002( 97.1%)   9227.5K( 93.8%)]
   [Table]
      [Memory Usage: 1285.9K]
      [Size: 32768, Min: 1024, Max: 16777216]
      [Entries: 43941, Load: 134.1%, Cached: 3, Added: 48043, Removed: 4102]
      [Resize Count: 5, Shrink Threshold: 21845(66.7%), Grow Threshold: 65536(200.0%)]
      [Rehash Count: 0, Rehash Threshold: 120, Hash Seed: 0x0]
      [Age Threshold: 3]
   [Queue]
      [Dropped: 0]
[GC concurrent-string-deduplication, deleted 0 entries, 0.0000007 secs]
2021-02-01T06:29:44.480+0530: 10.758: [GC pause (G1 Evacuation Pause) (mixed), 0.0084434 secs]
   [Parallel Time: 7.3 ms, GC Workers: 10]
      [GC Worker Start (ms): Min: 10758.0, Avg: 10758.2, Max: 10759.9, Diff: 1.9]
      [Ext Root Scanning (ms): Min: 0.0, Avg: 0.2, Max: 0.8, Diff: 0.8, Sum: 2.5]
      [Update RS (ms): Min: 0.0, Avg: 1.1, Max: 1.8, Diff: 1.8, Sum: 10.9]
         [Processed Buffers: Min: 0, Avg: 2.8, Max: 5, Diff: 5, Sum: 28]
      [Scan RS (ms): Min: 0.0, Avg: 1.0, Max: 1.5, Diff: 1.4, Sum: 10.1]
      [Code Root Scanning (ms): Min: 0.0, Avg: 0.5, Max: 4.2, Diff: 4.2, Sum: 4.6]
      [Object Copy (ms): Min: 0.1, Avg: 4.0, Max: 6.8, Diff: 6.8, Sum: 40.1]
      [Termination (ms): Min: 0.0, Avg: 0.1, Max: 0.1, Diff: 0.1, Sum: 0.6]
         [Termination Attempts: Min: 1, Avg: 19.4, Max: 28, Diff: 27, Sum: 194]
      [GC Worker Other (ms): Min: 0.0, Avg: 0.0, Max: 0.0, Diff: 0.0, Sum: 0.1]
      [GC Worker Total (ms): Min: 5.2, Avg: 6.9, Max: 7.1, Diff: 1.9, Sum: 68.9]
      [GC Worker End (ms): Min: 10765.1, Avg: 10765.1, Max: 10765.1, Diff: 0.0]
   [Code Root Fixup: 0.0 ms]
   [Code Root Purge: 0.0 ms]
   [String Dedup Fixup: 0.5 ms, GC Workers: 10]
      [Queue Fixup (ms): Min: 0.0, Avg: 0.0, Max: 0.0, Diff: 0.0, Sum: 0.0]
      [Table Fixup (ms): Min: 0.3, Avg: 0.3, Max: 0.4, Diff: 0.1, Sum: 3.5]
   [Clear CT: 0.1 ms]
   [Other: 0.5 ms]
      [Choose CSet: 0.0 ms]
      [Ref Proc: 0.2 ms]
      [Ref Enq: 0.0 ms]
      [Redirty Cards: 0.1 ms]
      [Humongous Register: 0.0 ms]
      [Humongous Reclaim: 0.0 ms]
      [Free CSet: 0.1 ms]
   [Eden: 5120.0K(5120.0K)->0.0B(47104.0K) Survivors: 1024.0K->1024.0K Heap: 61605.0K(128.0M)->56618.5K(128.0M)]
 [Times: user=0.00 sys=0.00, real=0.01 secs] 
2021-02-01T06:29:44.490+0530: 10.768: [GC concurrent-string-deduplication, 235.6K->0.0B(235.6K), avg 80.9%, 0.0013144 secs]
   [Last Exec: 0.0013144 secs, Idle: 0.0161249 secs, Blocked: 0/0.0000000 secs]
      [Inspected:            4974]
         [Skipped:              0(  0.0%)]
         [Hashed:            4974(100.0%)]
         [Known:                0(  0.0%)]
         [New:               4974(100.0%)    235.6K]
      [Deduplicated:         4974(100.0%)    235.6K(100.0%)]
         [Young:                0(  0.0%)      0.0B(  0.0%)]
         [Old:               4974(100.0%)    235.6K(100.0%)]
   [Total Exec: 14/0.0613623 secs, Idle: 14/10.4253647 secs, Blocked: 38/0.0062667 secs]
      [Inspected:          267393]
         [Skipped:              0(  0.0%)]
         [Hashed:          236088( 88.3%)]
         [Known:            16698(  6.2%)]
         [New:             250695( 93.8%)  12446.9K]
      [Deduplicated:       219214( 87.4%)  10074.1K( 80.9%)]
         [Young:             6238(  2.8%)    611.0K(  6.1%)]
         [Old:             212976( 97.2%)   9463.1K( 93.9%)]
   [Table]
      [Memory Usage: 1285.9K]
      [Size: 32768, Min: 1024, Max: 16777216]
      [Entries: 43942, Load: 134.1%, Cached: 2, Added: 48044, Removed: 4102]
      [Resize Count: 5, Shrink Threshold: 21845(66.7%), Grow Threshold: 65536(200.0%)]
      [Rehash Count: 0, Rehash Threshold: 120, Hash Seed: 0x0]
      [Age Threshold: 3]
   [Queue]
      [Dropped: 0]
[GC concurrent-string-deduplication, deleted 0 entries, 0.0000006 secs]
2021-02-01T06:29:44.590+0530: 10.868: [GC pause (G1 Evacuation Pause) (young), 0.0121924 secs]
   [Parallel Time: 11.0 ms, GC Workers: 10]
      [GC Worker Start (ms): Min: 10868.1, Avg: 10868.2, Max: 10868.2, Diff: 0.1]
      [Ext Root Scanning (ms): Min: 0.1, Avg: 0.2, Max: 0.5, Diff: 0.3, Sum: 2.2]
      [Update RS (ms): Min: 1.2, Avg: 1.3, Max: 1.4, Diff: 0.2, Sum: 13.4]
         [Processed Buffers: Min: 3, Avg: 3.7, Max: 5, Diff: 2, Sum: 37]
      [Scan RS (ms): Min: 0.0, Avg: 0.0, Max: 0.0, Diff: 0.0, Sum: 0.1]
      [Code Root Scanning (ms): Min: 0.0, Avg: 0.0, Max: 0.1, Diff: 0.1, Sum: 0.1]
      [Object Copy (ms): Min: 9.2, Avg: 9.3, Max: 9.5, Diff: 0.3, Sum: 93.1]
      [Termination (ms): Min: 0.0, Avg: 0.0, Max: 0.0, Diff: 0.0, Sum: 0.0]
         [Termination Attempts: Min: 1, Avg: 4.1, Max: 7, Diff: 6, Sum: 41]
      [GC Worker Other (ms): Min: 0.0, Avg: 0.0, Max: 0.0, Diff: 0.0, Sum: 0.1]
      [GC Worker Total (ms): Min: 10.9, Avg: 10.9, Max: 11.0, Diff: 0.1, Sum: 109.0]
      [GC Worker End (ms): Min: 10879.1, Avg: 10879.1, Max: 10879.1, Diff: 0.0]
   [Code Root Fixup: 0.0 ms]
   [Code Root Purge: 0.0 ms]
   [String Dedup Fixup: 0.6 ms, GC Workers: 10]
      [Queue Fixup (ms): Min: 0.0, Avg: 0.0, Max: 0.1, Diff: 0.1, Sum: 0.2]
      [Table Fixup (ms): Min: 0.3, Avg: 0.3, Max: 0.3, Diff: 0.1, Sum: 3.0]
   [Clear CT: 0.1 ms]
   [Other: 0.4 ms]
      [Choose CSet: 0.0 ms]
      [Ref Proc: 0.2 ms]
      [Ref Enq: 0.0 ms]
      [Redirty Cards: 0.1 ms]
      [Humongous Register: 0.0 ms]
      [Humongous Reclaim: 0.0 ms]
      [Free CSet: 0.0 ms]
   [Eden: 47104.0K(47104.0K)->0.0B(33792.0K) Survivors: 1024.0K->6144.0K Heap: 101.3M(128.0M)->72704.0K(128.0M)]
 [Times: user=0.00 sys=0.00, real=0.01 secs] 
2021-02-01T06:29:44.607+0530: 10.886: [GC concurrent-string-deduplication, 1365.0K->176.0B(1364.8K), avg 82.8%, 0.0050825 secs]
   [Last Exec: 0.0050825 secs, Idle: 0.1125610 secs, Blocked: 0/0.0000000 secs]
      [Inspected:           30482]
         [Skipped:              0(  0.0%)]
         [Hashed:           30482(100.0%)]
         [Known:                0(  0.0%)]
         [New:              30482(100.0%)   1365.0K]
      [Deduplicated:        30481(100.0%)   1364.8K(100.0%)]
         [Young:                0(  0.0%)      0.0B(  0.0%)]
         [Old:              30481(100.0%)   1364.8K(100.0%)]
   [Total Exec: 15/0.0664448 secs, Idle: 15/10.5379257 secs, Blocked: 38/0.0062667 secs]
      [Inspected:          297875]
         [Skipped:              0(  0.0%)]
         [Hashed:          266570( 89.5%)]
         [Known:            16698(  5.6%)]
         [New:             281177( 94.4%)  13811.8K]
      [Deduplicated:       249695( 88.8%)  11438.9K( 82.8%)]
         [Young:             6238(  2.5%)    611.0K(  5.3%)]
         [Old:             243457( 97.5%)  10827.9K( 94.7%)]
   [Table]
      [Memory Usage: 1286.3K]
      [Size: 32768, Min: 1024, Max: 16777216]
      [Entries: 43961, Load: 134.2%, Cached: 0, Added: 48063, Removed: 4102]
      [Resize Count: 5, Shrink Threshold: 21845(66.7%), Grow Threshold: 65536(200.0%)]
      [Rehash Count: 0, Rehash Threshold: 120, Hash Seed: 0x0]
      [Age Threshold: 3]
   [Queue]
      [Dropped: 0]
[GC concurrent-string-deduplication, deleted 0 entries, 0.0000005 secs]
2021-02-01T06:29:44.694+0530: 10.972: [GC pause (G1 Evacuation Pause) (young) (initial-mark), 0.0182327 secs]
   [Parallel Time: 14.0 ms, GC Workers: 10]
      [GC Worker Start (ms): Min: 10972.1, Avg: 10972.2, Max: 10972.2, Diff: 0.1]
      [Ext Root Scanning (ms): Min: 0.8, Avg: 1.4, Max: 6.2, Diff: 5.4, Sum: 14.1]
      [Update RS (ms): Min: 0.0, Avg: 1.8, Max: 2.4, Diff: 2.4, Sum: 18.4]
         [Processed Buffers: Min: 0, Avg: 3.5, Max: 5, Diff: 5, Sum: 35]
      [Scan RS (ms): Min: 0.0, Avg: 0.4, Max: 0.6, Diff: 0.6, Sum: 4.0]
      [Code Root Scanning (ms): Min: 0.0, Avg: 0.0, Max: 0.1, Diff: 0.1, Sum: 0.1]
      [Object Copy (ms): Min: 7.5, Avg: 10.0, Max: 10.3, Diff: 2.8, Sum: 100.5]
      [Termination (ms): Min: 0.0, Avg: 0.0, Max: 0.0, Diff: 0.0, Sum: 0.2]
         [Termination Attempts: Min: 11, Avg: 101.1, Max: 125, Diff: 114, Sum: 1011]
      [GC Worker Other (ms): Min: 0.0, Avg: 0.0, Max: 0.0, Diff: 0.0, Sum: 0.2]
      [GC Worker Total (ms): Min: 13.7, Avg: 13.7, Max: 13.8, Diff: 0.1, Sum: 137.5]
      [GC Worker End (ms): Min: 10985.9, Avg: 10985.9, Max: 10985.9, Diff: 0.0]
   [Code Root Fixup: 0.0 ms]
   [Code Root Purge: 0.0 ms]
   [String Dedup Fixup: 0.4 ms, GC Workers: 10]
      [Queue Fixup (ms): Min: 0.0, Avg: 0.0, Max: 0.0, Diff: 0.0, Sum: 0.1]
      [Table Fixup (ms): Min: 0.2, Avg: 0.2, Max: 0.3, Diff: 0.1, Sum: 2.3]
   [Clear CT: 0.2 ms]
   [Other: 3.7 ms]
      [Choose CSet: 0.0 ms]
      [Ref Proc: 0.2 ms]
      [Ref Enq: 0.0 ms]
      [Redirty Cards: 0.3 ms]
      [Humongous Register: 0.0 ms]
      [Humongous Reclaim: 0.0 ms]
      [Free CSet: 0.0 ms]
   [Eden: 33792.0K(33792.0K)->0.0B(113.0M) Survivors: 6144.0K->5120.0K Heap: 104.0M(128.0M)->86528.0K(256.0M)]
 [Times: user=0.14 sys=0.00, real=0.02 secs] 
2021-02-01T06:29:44.713+0530: 10.991: [GC concurrent-root-region-scan-start]
2021-02-01T06:29:44.719+0530: 10.997: [GC concurrent-root-region-scan-end, 0.0061398 secs]
2021-02-01T06:29:44.719+0530: 10.997: [GC concurrent-mark-start]
2021-02-01T06:29:44.719+0530: 10.997: [GC concurrent-string-deduplication, 723.2K->2864.0B(720.4K), avg 83.7%, 0.0061081 secs]
   [Last Exec: 0.0061081 secs, Idle: 0.1052808 secs, Blocked: 0/0.0000000 secs]
      [Inspected:           13513]
         [Skipped:              0(  0.0%)]
         [Hashed:           13014( 96.3%)]
         [Known:               19(  0.1%)]
         [New:              13494( 99.9%)    723.2K]
      [Deduplicated:        13458( 99.7%)    720.4K( 99.6%)]
         [Young:                0(  0.0%)      0.0B(  0.0%)]
         [Old:              13458(100.0%)    720.4K(100.0%)]
   [Total Exec: 16/0.0725529 secs, Idle: 16/10.6432065 secs, Blocked: 38/0.0062667 secs]
      [Inspected:          311388]
         [Skipped:              0(  0.0%)]
         [Hashed:          279584( 89.8%)]
         [Known:            16717(  5.4%)]
         [New:             294671( 94.6%)  14535.0K]
      [Deduplicated:       263153( 89.3%)  12159.3K( 83.7%)]
         [Young:             6238(  2.4%)    611.0K(  5.0%)]
         [Old:             256915( 97.6%)  11548.4K( 95.0%)]
   [Table]
      [Memory Usage: 1287.3K]
      [Size: 32768, Min: 1024, Max: 16777216]
      [Entries: 44002, Load: 134.3%, Cached: 0, Added: 48104, Removed: 4102]
      [Resize Count: 5, Shrink Threshold: 21845(66.7%), Grow Threshold: 65536(200.0%)]
      [Rehash Count: 0, Rehash Threshold: 120, Hash Seed: 0x0]
      [Age Threshold: 3]
   [Queue]
      [Dropped: 0]
[GC concurrent-string-deduplication, deleted 0 entries, 0.0000006 secs]
2021-02-01T06:29:44.738+0530: 11.016: [GC concurrent-mark-end, 0.0188895 secs]
2021-02-01T06:29:44.738+0530: 11.016: [GC remark 2021-02-01T06:29:44.738+0530: 11.016: [Finalize Marking, 0.0002181 secs] 2021-02-01T06:29:44.738+0530: 11.016: [GC ref-proc, 0.0001120 secs] 2021-02-01T06:29:44.738+0530: 11.016: [Unloading, 0.0032690 secs], 0.0038080 secs]
 [Times: user=0.00 sys=0.00, real=0.00 secs] 
2021-02-01T06:29:44.742+0530: 11.020: [GC cleanup 99330K->93186K(256M), 0.0008576 secs]
 [Times: user=0.00 sys=0.00, real=0.00 secs] 
2021-02-01T06:29:44.743+0530: 11.021: [GC concurrent-cleanup-start]
2021-02-01T06:29:44.743+0530: 11.021: [GC concurrent-cleanup-end, 0.0000163 secs]
2021-02-01T06:29:45.033+0530: 11.311: [GC pause (G1 Evacuation Pause) (young), 0.0189485 secs]
   [Parallel Time: 13.1 ms, GC Workers: 10]
      [GC Worker Start (ms): Min: 11311.2, Avg: 11311.3, Max: 11311.4, Diff: 0.2]
      [Ext Root Scanning (ms): Min: 0.3, Avg: 0.4, Max: 0.8, Diff: 0.5, Sum: 4.1]
      [Update RS (ms): Min: 0.4, Avg: 0.7, Max: 1.0, Diff: 0.5, Sum: 6.8]
         [Processed Buffers: Min: 1, Avg: 3.8, Max: 7, Diff: 6, Sum: 38]
      [Scan RS (ms): Min: 0.0, Avg: 0.2, Max: 0.3, Diff: 0.3, Sum: 2.3]
      [Code Root Scanning (ms): Min: 0.0, Avg: 0.0, Max: 0.1, Diff: 0.1, Sum: 0.2]
      [Object Copy (ms): Min: 11.3, Avg: 11.4, Max: 11.5, Diff: 0.2, Sum: 113.6]
      [Termination (ms): Min: 0.0, Avg: 0.0, Max: 0.0, Diff: 0.0, Sum: 0.0]
         [Termination Attempts: Min: 1, Avg: 1.2, Max: 2, Diff: 1, Sum: 12]
      [GC Worker Other (ms): Min: 0.0, Avg: 0.1, Max: 0.3, Diff: 0.2, Sum: 1.4]
      [GC Worker Total (ms): Min: 12.6, Avg: 12.8, Max: 13.1, Diff: 0.4, Sum: 128.3]
      [GC Worker End (ms): Min: 11324.0, Avg: 11324.1, Max: 11324.2, Diff: 0.2]
   [Code Root Fixup: 0.0 ms]
   [Code Root Purge: 0.0 ms]
   [String Dedup Fixup: 0.5 ms, GC Workers: 10]
      [Queue Fixup (ms): Min: 0.0, Avg: 0.0, Max: 0.0, Diff: 0.0, Sum: 0.1]
      [Table Fixup (ms): Min: 0.2, Avg: 0.2, Max: 0.3, Diff: 0.1, Sum: 2.4]
   [Clear CT: 0.2 ms]
   [Other: 5.1 ms]
      [Choose CSet: 0.0 ms]
      [Ref Proc: 0.5 ms]
      [Ref Enq: 0.0 ms]
      [Redirty Cards: 0.2 ms]
      [Humongous Register: 0.0 ms]
      [Humongous Reclaim: 0.0 ms]
      [Free CSet: 0.1 ms]
   [Eden: 113.0M(113.0M)->0.0B(10240.0K) Survivors: 5120.0K->15360.0K Heap: 191.5M(256.0M)->97280.0K(512.0M)]
 [Times: user=0.14 sys=0.02, real=0.02 secs] 
2021-02-01T06:29:45.056+0530: 11.334: [GC concurrent-string-deduplication, 782.0K->78032.0B(705.8K), avg 84.0%, 0.0037588 secs]
   [Last Exec: 0.0037588 secs, Idle: 0.3330954 secs, Blocked: 0/0.0000000 secs]
      [Inspected:           16289]
         [Skipped:              0(  0.0%)]
         [Hashed:           16289(100.0%)]
         [Known:                0(  0.0%)]
         [New:              16289(100.0%)    782.0K]
      [Deduplicated:        15127( 92.9%)    705.8K( 90.3%)]
         [Young:                0(  0.0%)      0.0B(  0.0%)]
         [Old:              15127(100.0%)    705.8K(100.0%)]
   [Total Exec: 17/0.0763117 secs, Idle: 17/10.9763019 secs, Blocked: 38/0.0062667 secs]
      [Inspected:          327677]
         [Skipped:              0(  0.0%)]
         [Hashed:          295873( 90.3%)]
         [Known:            16717(  5.1%)]
         [New:             310960( 94.9%)  15317.0K]
      [Deduplicated:       278280( 89.5%)  12865.1K( 84.0%)]
         [Young:             6238(  2.2%)    611.0K(  4.7%)]
         [Old:             272042( 97.8%)  12254.1K( 95.3%)]
   [Table]
      [Memory Usage: 1287.3K]
      [Size: 32768, Min: 1024, Max: 16777216]
      [Entries: 43679, Load: 133.3%, Cached: 323, Added: 49422, Removed: 5743]
      [Resize Count: 5, Shrink Threshold: 21845(66.7%), Grow Threshold: 65536(200.0%)]
      [Rehash Count: 0, Rehash Threshold: 120, Hash Seed: 0x0]
      [Age Threshold: 3]
   [Queue]
      [Dropped: 0]
[GC concurrent-string-deduplication, deleted 0 entries, 0.0000009 secs]
2021-02-01T06:29:45.131+0530: 11.409: [GC pause (G1 Evacuation Pause) (mixed), 0.0203720 secs]
   [Parallel Time: 11.1 ms, GC Workers: 10]
      [GC Worker Start (ms): Min: 11408.8, Avg: 11408.8, Max: 11409.0, Diff: 0.2]
      [Ext Root Scanning (ms): Min: 0.1, Avg: 0.2, Max: 0.5, Diff: 0.4, Sum: 2.2]
      [Update RS (ms): Min: 1.6, Avg: 1.8, Max: 2.0, Diff: 0.5, Sum: 18.0]
         [Processed Buffers: Min: 3, Avg: 4.8, Max: 9, Diff: 6, Sum: 48]
      [Scan RS (ms): Min: 0.3, Avg: 0.5, Max: 0.7, Diff: 0.4, Sum: 4.9]
      [Code Root Scanning (ms): Min: 0.0, Avg: 0.0, Max: 0.1, Diff: 0.1, Sum: 0.4]
      [Object Copy (ms): Min: 8.3, Avg: 8.3, Max: 8.4, Diff: 0.1, Sum: 83.1]
      [Termination (ms): Min: 0.0, Avg: 0.0, Max: 0.0, Diff: 0.0, Sum: 0.0]
         [Termination Attempts: Min: 1, Avg: 1.4, Max: 3, Diff: 2, Sum: 14]
      [GC Worker Other (ms): Min: 0.0, Avg: 0.0, Max: 0.0, Diff: 0.0, Sum: 0.1]
      [GC Worker Total (ms): Min: 10.8, Avg: 10.9, Max: 11.0, Diff: 0.2, Sum: 108.9]
      [GC Worker End (ms): Min: 11419.7, Avg: 11419.7, Max: 11419.8, Diff: 0.0]
   [Code Root Fixup: 0.0 ms]
   [Code Root Purge: 0.0 ms]
   [String Dedup Fixup: 0.5 ms, GC Workers: 10]
      [Queue Fixup (ms): Min: 0.0, Avg: 0.0, Max: 0.1, Diff: 0.1, Sum: 0.4]
      [Table Fixup (ms): Min: 0.0, Avg: 0.3, Max: 0.4, Diff: 0.4, Sum: 2.7]
   [Clear CT: 0.2 ms]
   [Other: 8.5 ms]
      [Choose CSet: 0.0 ms]
      [Ref Proc: 0.2 ms]
      [Ref Enq: 0.0 ms]
      [Redirty Cards: 0.2 ms]
      [Humongous Register: 0.0 ms]
      [Humongous Reclaim: 0.0 ms]
      [Free CSet: 0.1 ms]
   [Eden: 10240.0K(10240.0K)->0.0B(493.0M) Survivors: 15360.0K->4096.0K Heap: 105.0M(512.0M)->77598.0K(912.0M)]
 [Times: user=0.16 sys=0.00, real=0.02 secs] 
2021-02-01T06:29:45.164+0530: 11.442: [GC concurrent-string-deduplication, 2253.3K->39176.0B(2215.1K), avg 85.8%, 0.0123890 secs]
   [Last Exec: 0.0123890 secs, Idle: 0.0952400 secs, Blocked: 0/0.0000000 secs]
      [Inspected:           46699]
         [Skipped:              0(  0.0%)]
         [Hashed:           44899( 96.1%)]
         [Known:              221(  0.5%)]
         [New:              46478( 99.5%)   2253.3K]
      [Deduplicated:        45871( 98.7%)   2215.1K( 98.3%)]
         [Young:                0(  0.0%)      0.0B(  0.0%)]
         [Old:              45871(100.0%)   2215.1K(100.0%)]
   [Total Exec: 18/0.0887007 secs, Idle: 18/11.0715419 secs, Blocked: 38/0.0062667 secs]
      [Inspected:          374376]
         [Skipped:              0(  0.0%)]
         [Hashed:          340772( 91.0%)]
         [Known:            16938(  4.5%)]
         [New:             357438( 95.5%)  17570.4K]
      [Deduplicated:       324151( 90.7%)  15080.2K( 85.8%)]
         [Young:             6238(  1.9%)    611.0K(  4.1%)]
         [Old:             317913( 98.1%)  14469.2K( 95.9%)]
   [Table]
      [Memory Usage: 1297.2K]
      [Size: 32768, Min: 1024, Max: 16777216]
      [Entries: 44423, Load: 135.6%, Cached: 0, Added: 50228, Removed: 5805]
      [Resize Count: 5, Shrink Threshold: 21845(66.7%), Grow Threshold: 65536(200.0%)]
      [Rehash Count: 0, Rehash Threshold: 120, Hash Seed: 0x0]
      [Age Threshold: 3]
   [Queue]
      [Dropped: 0]
[GC concurrent-string-deduplication, deleted 0 entries, 0.0000008 secs]
2021-02-01T06:29:48.003+0530: 14.281: [GC pause (G1 Evacuation Pause) (young), 0.0225937 secs]
   [Parallel Time: 15.3 ms, GC Workers: 10]
      [GC Worker Start (ms): Min: 14281.0, Avg: 14281.1, Max: 14281.2, Diff: 0.2]
      [Ext Root Scanning (ms): Min: 0.1, Avg: 0.2, Max: 0.4, Diff: 0.3, Sum: 1.9]
      [Update RS (ms): Min: 1.3, Avg: 1.4, Max: 1.6, Diff: 0.4, Sum: 14.2]
         [Processed Buffers: Min: 3, Avg: 4.7, Max: 8, Diff: 5, Sum: 47]
      [Scan RS (ms): Min: 0.0, Avg: 0.1, Max: 0.2, Diff: 0.2, Sum: 1.1]
      [Code Root Scanning (ms): Min: 0.0, Avg: 0.0, Max: 0.1, Diff: 0.1, Sum: 0.2]
      [Object Copy (ms): Min: 12.7, Avg: 12.8, Max: 12.9, Diff: 0.2, Sum: 128.0]
      [Termination (ms): Min: 0.0, Avg: 0.0, Max: 0.0, Diff: 0.0, Sum: 0.0]
         [Termination Attempts: Min: 2, Avg: 3.8, Max: 5, Diff: 3, Sum: 38]
      [GC Worker Other (ms): Min: 0.0, Avg: 0.1, Max: 0.2, Diff: 0.2, Sum: 0.9]
      [GC Worker Total (ms): Min: 14.5, Avg: 14.6, Max: 14.7, Diff: 0.2, Sum: 146.3]
      [GC Worker End (ms): Min: 14295.7, Avg: 14295.7, Max: 14295.8, Diff: 0.2]
   [Code Root Fixup: 0.0 ms]
   [Code Root Purge: 0.0 ms]
   [String Dedup Fixup: 0.7 ms, GC Workers: 10]
      [Queue Fixup (ms): Min: 0.0, Avg: 0.0, Max: 0.0, Diff: 0.0, Sum: 0.0]
      [Table Fixup (ms): Min: 0.1, Avg: 0.2, Max: 0.3, Diff: 0.2, Sum: 2.0]
   [Clear CT: 0.7 ms]
   [Other: 5.9 ms]
      [Choose CSet: 0.0 ms]
      [Ref Proc: 0.6 ms]
      [Ref Enq: 0.0 ms]
      [Redirty Cards: 0.4 ms]
      [Humongous Register: 0.0 ms]
      [Humongous Reclaim: 0.0 ms]
      [Free CSet: 0.2 ms]
   [Eden: 493.0M(493.0M)->0.0B(717.0M) Survivors: 4096.0K->22528.0K Heap: 568.8M(912.0M)->95320.9K(1232.0M)]
 [Times: user=0.14 sys=0.02, real=0.02 secs] 
2021-02-01T06:29:52.299+0530: 18.577: [GC pause (G1 Evacuation Pause) (young), 0.0248180 secs]
   [Parallel Time: 10.4 ms, GC Workers: 10]
      [GC Worker Start (ms): Min: 18577.3, Avg: 18577.4, Max: 18577.4, Diff: 0.1]
      [Ext Root Scanning (ms): Min: 0.3, Avg: 0.5, Max: 1.1, Diff: 0.9, Sum: 4.6]
      [Update RS (ms): Min: 0.0, Avg: 0.4, Max: 0.8, Diff: 0.8, Sum: 4.5]
         [Processed Buffers: Min: 0, Avg: 2.4, Max: 6, Diff: 6, Sum: 24]
      [Scan RS (ms): Min: 0.0, Avg: 0.1, Max: 0.2, Diff: 0.2, Sum: 0.7]
      [Code Root Scanning (ms): Min: 0.0, Avg: 0.2, Max: 0.6, Diff: 0.6, Sum: 1.6]
      [Object Copy (ms): Min: 8.5, Avg: 8.8, Max: 8.9, Diff: 0.5, Sum: 87.6]
      [Termination (ms): Min: 0.0, Avg: 0.0, Max: 0.0, Diff: 0.0, Sum: 0.0]
         [Termination Attempts: Min: 1, Avg: 3.0, Max: 5, Diff: 4, Sum: 30]
      [GC Worker Other (ms): Min: 0.0, Avg: 0.1, Max: 0.2, Diff: 0.2, Sum: 0.9]
      [GC Worker Total (ms): Min: 9.9, Avg: 10.0, Max: 10.1, Diff: 0.2, Sum: 99.9]
      [GC Worker End (ms): Min: 18587.3, Avg: 18587.4, Max: 18587.5, Diff: 0.2]
   [Code Root Fixup: 0.0 ms]
   [Code Root Purge: 0.0 ms]
   [String Dedup Fixup: 0.6 ms, GC Workers: 10]
      [Queue Fixup (ms): Min: 0.0, Avg: 0.0, Max: 0.0, Diff: 0.0, Sum: 0.0]
      [Table Fixup (ms): Min: 0.3, Avg: 0.4, Max: 0.5, Diff: 0.2, Sum: 3.9]
   [Clear CT: 0.4 ms]
   [Other: 13.5 ms]
      [Choose CSet: 0.0 ms]
      [Ref Proc: 12.5 ms]
      [Ref Enq: 0.1 ms]
      [Redirty Cards: 0.4 ms]
      [Humongous Register: 0.0 ms]
      [Humongous Reclaim: 0.0 ms]
      [Free CSet: 0.3 ms]
   [Eden: 717.0M(717.0M)->0.0B(691.0M) Survivors: 22528.0K->49152.0K Heap: 810.6M(1232.0M)->119.3M(1232.0M)]
 [Times: user=0.16 sys=0.00, real=0.02 secs] 
2021-02-01T06:29:52.324+0530: 18.602: [GC concurrent-string-deduplication, 1680.0B->0.0B(1680.0B), avg 85.8%, 0.0000475 secs]
   [Last Exec: 0.0000475 secs, Idle: 7.1604124 secs, Blocked: 0/0.0000000 secs]
      [Inspected:             225]
         [Skipped:              0(  0.0%)]
         [Hashed:               0(  0.0%)]
         [Known:              193( 85.8%)]
         [New:                 32( 14.2%)   1680.0B]
      [Deduplicated:           32(100.0%)   1680.0B(100.0%)]
         [Young:               32(100.0%)   1680.0B(100.0%)]
         [Old:                  0(  0.0%)      0.0B(  0.0%)]
   [Total Exec: 19/0.0887482 secs, Idle: 19/18.2319543 secs, Blocked: 38/0.0062667 secs]
      [Inspected:          374601]
         [Skipped:              0(  0.0%)]
         [Hashed:          340772( 91.0%)]
         [Known:            17131(  4.6%)]
         [New:             357470( 95.4%)  17572.0K]
      [Deduplicated:       324183( 90.7%)  15081.8K( 85.8%)]
         [Young:             6270(  1.9%)    612.6K(  4.1%)]
         [Old:             317913( 98.1%)  14469.2K( 95.9%)]
   [Table]
      [Memory Usage: 1531.0K]
      [Size: 32768, Min: 1024, Max: 16777216]
      [Entries: 54400, Load: 166.0%, Cached: 0, Added: 60205, Removed: 5805]
      [Resize Count: 5, Shrink Threshold: 21845(66.7%), Grow Threshold: 65536(200.0%)]
      [Rehash Count: 0, Rehash Threshold: 120, Hash Seed: 0x0]
      [Age Threshold: 3]
   [Queue]
      [Dropped: 0]
[GC concurrent-string-deduplication, deleted 0 entries, 0.0000007 secs]
2021-02-01T06:29:54.693+0530: 20.971: [GC pause (G1 Evacuation Pause) (young), 0.0485683 secs]
   [Parallel Time: 14.5 ms, GC Workers: 10]
      [GC Worker Start (ms): Min: 20971.5, Avg: 20971.6, Max: 20971.7, Diff: 0.2]
      [Ext Root Scanning (ms): Min: 0.2, Avg: 0.3, Max: 0.9, Diff: 0.7, Sum: 3.0]
      [Update RS (ms): Min: 0.0, Avg: 0.4, Max: 0.6, Diff: 0.6, Sum: 3.9]
         [Processed Buffers: Min: 0, Avg: 1.7, Max: 6, Diff: 6, Sum: 17]
      [Scan RS (ms): Min: 0.0, Avg: 0.1, Max: 0.2, Diff: 0.1, Sum: 0.7]
      [Code Root Scanning (ms): Min: 0.0, Avg: 0.1, Max: 0.3, Diff: 0.3, Sum: 1.2]
      [Object Copy (ms): Min: 12.3, Avg: 12.5, Max: 13.2, Diff: 0.9, Sum: 124.9]
      [Termination (ms): Min: 0.0, Avg: 0.9, Max: 1.0, Diff: 1.0, Sum: 8.6]
         [Termination Attempts: Min: 1, Avg: 303.6, Max: 366, Diff: 365, Sum: 3036]
      [GC Worker Other (ms): Min: 0.0, Avg: 0.0, Max: 0.1, Diff: 0.1, Sum: 0.3]
      [GC Worker Total (ms): Min: 14.2, Avg: 14.3, Max: 14.3, Diff: 0.2, Sum: 142.7]
      [GC Worker End (ms): Min: 20985.8, Avg: 20985.8, Max: 20985.9, Diff: 0.1]
   [Code Root Fixup: 0.0 ms]
   [Code Root Purge: 0.0 ms]
   [String Dedup Fixup: 0.6 ms, GC Workers: 10]
      [Queue Fixup (ms): Min: 0.0, Avg: 0.0, Max: 0.1, Diff: 0.1, Sum: 0.2]
      [Table Fixup (ms): Min: 0.3, Avg: 0.4, Max: 0.4, Diff: 0.2, Sum: 3.6]
   [Clear CT: 0.4 ms]
   [Other: 33.0 ms]
      [Choose CSet: 0.0 ms]
      [Ref Proc: 31.7 ms]
      [Ref Enq: 0.2 ms]
      [Redirty Cards: 0.6 ms]
      [Humongous Register: 0.0 ms]
      [Humongous Reclaim: 0.0 ms]
      [Free CSet: 0.3 ms]
   [Eden: 691.0M(691.0M)->0.0B(646.0M) Survivors: 49152.0K->95232.0K Heap: 810.3M(1232.0M)->198.3M(1232.0M)]
 [Times: user=0.23 sys=0.00, real=0.05 secs] 
2021-02-01T06:29:54.749+0530: 21.027: [GC concurrent-string-deduplication, 1619.0K->57480.0B(1562.9K), avg 86.7%, 0.0058538 secs]
   [Last Exec: 0.0058538 secs, Idle: 2.4180312 secs, Blocked: 9/0.0011688 secs]
      [Inspected:           36965]
         [Skipped:              0(  0.0%)]
         [Hashed:           12008( 32.5%)]
         [Known:              532(  1.4%)]
         [New:              36433( 98.6%)   1619.0K]
      [Deduplicated:        35400( 97.2%)   1562.9K( 96.5%)]
         [Young:            35387(100.0%)   1561.0K( 99.9%)]
         [Old:                 13(  0.0%)   1920.0B(  0.1%)]
   [Total Exec: 20/0.0946020 secs, Idle: 20/20.6499855 secs, Blocked: 47/0.0074355 secs]
      [Inspected:          411566]
         [Skipped:              0(  0.0%)]
         [Hashed:          352780( 85.7%)]
         [Known:            17663(  4.3%)]
         [New:             393903( 95.7%)  19191.0K]
      [Deduplicated:       359583( 91.3%)  16644.7K( 86.7%)]
         [Young:            41657( 11.6%)   2173.6K( 13.1%)]
         [Old:             317926( 88.4%)  14471.1K( 86.9%)]
   [Table]
      [Memory Usage: 1556.4K]
      [Size: 32768, Min: 1024, Max: 16777216]
      [Entries: 55485, Load: 169.3%, Cached: 0, Added: 61290, Removed: 5805]
      [Resize Count: 5, Shrink Threshold: 21845(66.7%), Grow Threshold: 65536(200.0%)]
      [Rehash Count: 0, Rehash Threshold: 120, Hash Seed: 0x0]
      [Age Threshold: 3]
   [Queue]
      [Dropped: 0]
[GC concurrent-string-deduplication, deleted 0 entries, 0.0000005 secs]
2021-02-01T06:29:56.708+0530: 22.986: [GC pause (G1 Evacuation Pause) (young), 0.0443347 secs]
   [Parallel Time: 16.4 ms, GC Workers: 10]
      [GC Worker Start (ms): Min: 22986.3, Avg: 22986.4, Max: 22986.5, Diff: 0.2]
      [Ext Root Scanning (ms): Min: 0.1, Avg: 0.3, Max: 0.8, Diff: 0.6, Sum: 2.6]
      [Update RS (ms): Min: 0.7, Avg: 1.0, Max: 1.0, Diff: 0.4, Sum: 9.6]
         [Processed Buffers: Min: 4, Avg: 5.1, Max: 7, Diff: 3, Sum: 51]
      [Scan RS (ms): Min: 0.0, Avg: 0.1, Max: 0.1, Diff: 0.1, Sum: 0.8]
      [Code Root Scanning (ms): Min: 0.0, Avg: 0.1, Max: 0.2, Diff: 0.2, Sum: 1.1]
      [Object Copy (ms): Min: 14.2, Avg: 14.3, Max: 14.5, Diff: 0.3, Sum: 143.2]
      [Termination (ms): Min: 0.0, Avg: 0.0, Max: 0.1, Diff: 0.1, Sum: 0.5]
         [Termination Attempts: Min: 1, Avg: 260.1, Max: 319, Diff: 318, Sum: 2601]
      [GC Worker Other (ms): Min: 0.0, Avg: 0.1, Max: 0.2, Diff: 0.2, Sum: 0.9]
      [GC Worker Total (ms): Min: 15.7, Avg: 15.9, Max: 16.0, Diff: 0.3, Sum: 158.6]
      [GC Worker End (ms): Min: 23002.2, Avg: 23002.3, Max: 23002.4, Diff: 0.2]
   [Code Root Fixup: 0.0 ms]
   [Code Root Purge: 0.0 ms]
   [String Dedup Fixup: 0.8 ms, GC Workers: 10]
      [Queue Fixup (ms): Min: 0.0, Avg: 0.0, Max: 0.1, Diff: 0.1, Sum: 0.2]
      [Table Fixup (ms): Min: 0.3, Avg: 0.4, Max: 0.4, Diff: 0.1, Sum: 3.7]
   [Clear CT: 0.6 ms]
   [Other: 26.5 ms]
      [Choose CSet: 0.0 ms]
      [Ref Proc: 25.3 ms]
      [Ref Enq: 0.4 ms]
      [Redirty Cards: 0.5 ms]
      [Humongous Register: 0.0 ms]
      [Humongous Reclaim: 0.0 ms]
      [Free CSet: 0.3 ms]
   [Eden: 646.0M(646.0M)->0.0B(646.0M) Survivors: 95232.0K->95232.0K Heap: 844.3M(1232.0M)->221.5M(1232.0M)]
 [Times: user=0.19 sys=0.00, real=0.04 secs] 
2021-02-01T06:29:56.760+0530: 23.039: [GC concurrent-string-deduplication, 2639.3K->1412.2K(1227.0K), avg 81.9%, 0.0078727 secs]
   [Last Exec: 0.0078727 secs, Idle: 2.0035736 secs, Blocked: 0/0.0000000 secs]
      [Inspected:           41037]
         [Skipped:              0(  0.0%)]
         [Hashed:           10407( 25.4%)]
         [Known:             9755( 23.8%)]
         [New:              31282( 76.2%)   2639.3K]
      [Deduplicated:        18774( 60.0%)   1227.0K( 46.5%)]
         [Young:            18768(100.0%)   1226.2K( 99.9%)]
         [Old:                  6(  0.0%)    840.0B(  0.1%)]
   [Total Exec: 21/0.1024747 secs, Idle: 21/22.6535591 secs, Blocked: 47/0.0074355 secs]
      [Inspected:          452603]
         [Skipped:              0(  0.0%)]
         [Hashed:          363187( 80.2%)]
         [Known:            27418(  6.1%)]
         [New:             425185( 93.9%)  21830.3K]
      [Deduplicated:       378357( 89.0%)  17871.8K( 81.9%)]
         [Young:            60425( 16.0%)   3399.9K( 19.0%)]
         [Old:             317932( 84.0%)  14471.9K( 81.0%)]
   [Table]
      [Memory Usage: 1851.6K]
      [Size: 32768, Min: 1024, Max: 16777216]
      [Entries: 68080, Load: 207.8%, Cached: 0, Added: 73885, Removed: 5805]
      [Resize Count: 5, Shrink Threshold: 21845(66.7%), Grow Threshold: 65536(200.0%)]
      [Rehash Count: 0, Rehash Threshold: 120, Hash Seed: 0x0]
      [Age Threshold: 3]
   [Queue]
      [Dropped: 0]
[GC concurrent-string-deduplication, deleted 0 entries, 0.0000004 secs]
2021-02-01T06:29:58.762+0530: 25.041: [GC pause (G1 Evacuation Pause) (young), 0.0536462 secs]
   [Parallel Time: 20.9 ms, GC Workers: 10]
      [GC Worker Start (ms): Min: 25040.9, Avg: 25041.0, Max: 25041.1, Diff: 0.2]
      [Ext Root Scanning (ms): Min: 0.2, Avg: 0.4, Max: 1.2, Diff: 1.1, Sum: 3.6]
      [Update RS (ms): Min: 1.1, Avg: 1.8, Max: 3.0, Diff: 1.8, Sum: 17.6]
         [Processed Buffers: Min: 3, Avg: 5.3, Max: 8, Diff: 5, Sum: 53]
      [Scan RS (ms): Min: 0.0, Avg: 0.5, Max: 1.0, Diff: 1.0, Sum: 5.1]
      [Code Root Scanning (ms): Min: 0.0, Avg: 0.1, Max: 0.4, Diff: 0.4, Sum: 1.1]
      [Object Copy (ms): Min: 16.7, Avg: 17.3, Max: 17.7, Diff: 0.9, Sum: 173.4]
      [Termination (ms): Min: 0.1, Avg: 0.1, Max: 0.1, Diff: 0.0, Sum: 1.2]
         [Termination Attempts: Min: 533, Avg: 635.3, Max: 728, Diff: 195, Sum: 6353]
      [GC Worker Other (ms): Min: 0.0, Avg: 0.1, Max: 0.2, Diff: 0.2, Sum: 1.1]
      [GC Worker Total (ms): Min: 20.1, Avg: 20.3, Max: 20.5, Diff: 0.4, Sum: 203.1]
      [GC Worker End (ms): Min: 25061.2, Avg: 25061.3, Max: 25061.5, Diff: 0.2]
   [Code Root Fixup: 0.0 ms]
   [Code Root Purge: 0.0 ms]
   [String Dedup Fixup: 1.3 ms, GC Workers: 10]
      [Queue Fixup (ms): Min: 0.0, Avg: 0.0, Max: 0.1, Diff: 0.1, Sum: 0.3]
      [Table Fixup (ms): Min: 0.6, Avg: 0.7, Max: 0.8, Diff: 0.2, Sum: 7.0]
   [Clear CT: 0.9 ms]
   [Other: 30.5 ms]
      [Choose CSet: 0.0 ms]
      [Ref Proc: 28.9 ms]
      [Ref Enq: 0.3 ms]
      [Redirty Cards: 0.9 ms]
      [Humongous Register: 0.0 ms]
      [Humongous Reclaim: 0.0 ms]
      [Free CSet: 0.3 ms]
   [Eden: 646.0M(646.0M)->0.0B(646.0M) Survivors: 95232.0K->95232.0K Heap: 868.0M(1232.0M)->257.0M(1232.0M)]
 [Times: user=0.19 sys=0.00, real=0.05 secs] 
2021-02-01T06:29:58.829+0530: 25.108: [GC concurrent-string-deduplication, 5632.9K->2030.1K(3602.8K), avg 78.2%, 0.0131150 secs]
   [Last Exec: 0.0131150 secs, Idle: 2.0559086 secs, Blocked: 0/0.0000000 secs]
      [Inspected:           58016]
         [Skipped:              0(  0.0%)]
         [Hashed:            7633( 13.2%)]
         [Known:               53(  0.1%)]
         [New:              57963( 99.9%)   5632.9K]
      [Deduplicated:        39199( 67.6%)   3602.8K( 64.0%)]
         [Young:            39181(100.0%)   3600.3K( 99.9%)]
         [Old:                 18(  0.0%)   2592.0B(  0.1%)]
   [Total Exec: 22/0.1155897 secs, Idle: 22/24.7094677 secs, Blocked: 47/0.0074355 secs]
      [Inspected:          510619]
         [Skipped:              0(  0.0%)]
         [Hashed:          370820( 72.6%)]
         [Known:            27471(  5.4%)]
         [New:             483148( 94.6%)  27463.2K]
      [Deduplicated:       417556( 86.4%)  21474.6K( 78.2%)]
         [Young:            99606( 23.9%)   7000.2K( 32.6%)]
         [Old:             317950( 76.1%)  14474.4K( 67.4%)]
   [Table]
      [Memory Usage: 2548.2K]
      [Size: 65536, Min: 1024, Max: 16777216]
      [Entries: 86878, Load: 132.6%, Cached: 0, Added: 92683, Removed: 5805]
      [Resize Count: 6, Shrink Threshold: 43690(66.7%), Grow Threshold: 131072(200.0%)]
      [Rehash Count: 0, Rehash Threshold: 120, Hash Seed: 0x0]
      [Age Threshold: 3]
   [Queue]
      [Dropped: 0]
[GC concurrent-string-deduplication, deleted 0 entries, 0.0000005 secs]
2021-02-01T06:30:01.207+0530: 27.486: [GC pause (G1 Evacuation Pause) (young), 0.0494075 secs]
   [Parallel Time: 21.6 ms, GC Workers: 10]
      [GC Worker Start (ms): Min: 27485.7, Avg: 27485.9, Max: 27486.8, Diff: 1.1]
      [Ext Root Scanning (ms): Min: 0.0, Avg: 0.4, Max: 1.5, Diff: 1.5, Sum: 4.4]
      [Update RS (ms): Min: 1.1, Avg: 1.2, Max: 1.3, Diff: 0.2, Sum: 12.0]
         [Processed Buffers: Min: 3, Avg: 5.8, Max: 10, Diff: 7, Sum: 58]
      [Scan RS (ms): Min: 1.0, Avg: 1.5, Max: 1.8, Diff: 0.8, Sum: 14.7]
      [Code Root Scanning (ms): Min: 0.0, Avg: 0.3, Max: 0.5, Diff: 0.5, Sum: 2.6]
      [Object Copy (ms): Min: 17.5, Avg: 17.8, Max: 17.9, Diff: 0.5, Sum: 177.6]
      [Termination (ms): Min: 0.0, Avg: 0.0, Max: 0.0, Diff: 0.0, Sum: 0.3]
         [Termination Attempts: Min: 1, Avg: 159.3, Max: 198, Diff: 197, Sum: 1593]
      [GC Worker Other (ms): Min: 0.0, Avg: 0.1, Max: 0.1, Diff: 0.1, Sum: 0.9]
      [GC Worker Total (ms): Min: 20.3, Avg: 21.3, Max: 21.5, Diff: 1.1, Sum: 212.5]
      [GC Worker End (ms): Min: 27507.1, Avg: 27507.2, Max: 27507.2, Diff: 0.1]
   [Code Root Fixup: 0.0 ms]
   [Code Root Purge: 0.0 ms]
   [String Dedup Fixup: 1.5 ms, GC Workers: 10]
      [Queue Fixup (ms): Min: 0.0, Avg: 0.0, Max: 0.0, Diff: 0.0, Sum: 0.0]
      [Table Fixup (ms): Min: 1.1, Avg: 1.2, Max: 1.3, Diff: 0.2, Sum: 12.1]
   [Clear CT: 0.3 ms]
   [Other: 26.0 ms]
      [Choose CSet: 0.0 ms]
      [Ref Proc: 24.7 ms]
      [Ref Enq: 0.5 ms]
      [Redirty Cards: 0.2 ms]
      [Humongous Register: 0.0 ms]
      [Humongous Reclaim: 0.0 ms]
      [Free CSet: 0.6 ms]
   [Eden: 646.0M(646.0M)->0.0B(646.0M) Survivors: 95232.0K->95232.0K Heap: 903.0M(1232.0M)->278.0M(1232.0M)]
 [Times: user=0.33 sys=0.00, real=0.05 secs] 
2021-02-01T06:30:01.257+0530: 27.535: [GC concurrent-string-deduplication, 16648.0B->0.0B(16648.0B), avg 78.2%, 0.0002172 secs]
   [Last Exec: 0.0002172 secs, Idle: 2.4274092 secs, Blocked: 0/0.0000000 secs]
      [Inspected:             228]
         [Skipped:              0(  0.0%)]
         [Hashed:              75( 32.9%)]
         [Known:               88( 38.6%)]
         [New:                140( 61.4%)  16648.0B]
      [Deduplicated:          140(100.0%)  16648.0B(100.0%)]
         [Young:              132( 94.3%)  15512.0B( 93.2%)]
         [Old:                  8(  5.7%)   1136.0B(  6.8%)]
   [Total Exec: 23/0.1158069 secs, Idle: 23/27.1368769 secs, Blocked: 47/0.0074355 secs]
      [Inspected:          510847]
         [Skipped:              0(  0.0%)]
         [Hashed:          370895( 72.6%)]
         [Known:            27559(  5.4%)]
         [New:             483288( 94.6%)  27479.5K]
      [Deduplicated:       417696( 86.4%)  21490.9K( 78.2%)]
         [Young:            99738( 23.9%)   7015.3K( 32.6%)]
         [Old:             317958( 76.1%)  14475.5K( 67.4%)]
   [Table]
      [Memory Usage: 2407.7K]
      [Size: 65536, Min: 1024, Max: 16777216]
      [Entries: 74335, Load: 113.4%, Cached: 6550, Added: 98266, Removed: 23931]
      [Resize Count: 6, Shrink Threshold: 43690(66.7%), Grow Threshold: 131072(200.0%)]
      [Rehash Count: 0, Rehash Threshold: 120, Hash Seed: 0x0]
      [Age Threshold: 3]
   [Queue]
      [Dropped: 0]
[GC concurrent-string-deduplication, deleted 11576 entries, 0.0009324 secs]
2021-02-01T06:30:04.156+0530: 30.434: [GC pause (G1 Evacuation Pause) (young), 0.0603629 secs]
   [Parallel Time: 33.7 ms, GC Workers: 10]
      [GC Worker Start (ms): Min: 30434.1, Avg: 30434.2, Max: 30434.3, Diff: 0.2]
      [Ext Root Scanning (ms): Min: 0.2, Avg: 0.4, Max: 1.4, Diff: 1.2, Sum: 3.8]
      [Update RS (ms): Min: 0.1, Avg: 0.8, Max: 1.1, Diff: 1.1, Sum: 7.9]
         [Processed Buffers: Min: 1, Avg: 6.0, Max: 8, Diff: 7, Sum: 60]
      [Scan RS (ms): Min: 1.2, Avg: 1.7, Max: 1.9, Diff: 0.7, Sum: 16.9]
      [Code Root Scanning (ms): Min: 0.0, Avg: 0.3, Max: 0.9, Diff: 0.9, Sum: 3.2]
      [Object Copy (ms): Min: 29.8, Avg: 30.0, Max: 30.0, Diff: 0.2, Sum: 299.6]
      [Termination (ms): Min: 0.0, Avg: 0.0, Max: 0.0, Diff: 0.0, Sum: 0.0]
         [Termination Attempts: Min: 1, Avg: 1.0, Max: 1, Diff: 0, Sum: 10]
      [GC Worker Other (ms): Min: 0.0, Avg: 0.1, Max: 0.2, Diff: 0.2, Sum: 1.0]
      [GC Worker Total (ms): Min: 33.1, Avg: 33.2, Max: 33.5, Diff: 0.3, Sum: 332.4]
      [GC Worker End (ms): Min: 30467.4, Avg: 30467.4, Max: 30467.5, Diff: 0.2]
   [Code Root Fixup: 0.0 ms]
   [Code Root Purge: 0.0 ms]
   [String Dedup Fixup: 1.2 ms, GC Workers: 10]
      [Queue Fixup (ms): Min: 0.0, Avg: 0.0, Max: 0.1, Diff: 0.1, Sum: 0.1]
      [Table Fixup (ms): Min: 0.8, Avg: 0.9, Max: 1.0, Diff: 0.2, Sum: 8.6]
   [Clear CT: 0.6 ms]
   [Other: 24.8 ms]
      [Choose CSet: 0.0 ms]
      [Ref Proc: 23.7 ms]
      [Ref Enq: 0.1 ms]
      [Redirty Cards: 0.4 ms]
      [Humongous Register: 0.0 ms]
      [Humongous Reclaim: 0.0 ms]
      [Free CSet: 0.3 ms]
   [Eden: 646.0M(646.0M)->0.0B(646.0M) Survivors: 95232.0K->95232.0K Heap: 928.3M(1232.0M)->318.0M(1232.0M)]
 [Times: user=0.50 sys=0.00, real=0.06 secs] 
2021-02-01T06:30:04.222+0530: 30.500: [GC concurrent-string-deduplication, 2052.5K->267.1K(1785.5K), avg 78.8%, 0.0053125 secs]
   [Last Exec: 0.0053125 secs, Idle: 2.9580332 secs, Blocked: 1/0.0002015 secs]
      [Inspected:           18867]
         [Skipped:              0(  0.0%)]
         [Hashed:           10089( 53.5%)]
         [Known:               48(  0.3%)]
         [New:              18819( 99.7%)   2052.5K]
      [Deduplicated:        17061( 90.7%)   1785.5K( 87.0%)]
         [Young:             3632( 21.3%)    425.9K( 23.9%)]
         [Old:              13429( 78.7%)   1359.6K( 76.1%)]
   [Total Exec: 24/0.1211194 secs, Idle: 24/30.0949101 secs, Blocked: 48/0.0076370 secs]
      [Inspected:          529714]
         [Skipped:              0(  0.0%)]
         [Hashed:          380984( 71.9%)]
         [Known:            27607(  5.2%)]
         [New:             502107( 94.8%)  29532.0K]
      [Deduplicated:       434757( 86.6%)  23276.3K( 78.8%)]
         [Young:           103370( 23.8%)   7441.2K( 32.0%)]
         [Old:             331387( 76.2%)  15835.1K( 68.0%)]
   [Table]
      [Memory Usage: 2407.7K]
      [Size: 65536, Min: 1024, Max: 16777216]
      [Entries: 77012, Load: 117.5%, Cached: 3871, Added: 100945, Removed: 23933]
      [Resize Count: 6, Shrink Threshold: 43690(66.7%), Grow Threshold: 131072(200.0%)]
      [Rehash Count: 0, Rehash Threshold: 120, Hash Seed: 0x0]
      [Age Threshold: 3]
   [Queue]
      [Dropped: 0]
[GC concurrent-string-deduplication, deleted 2 entries, 0.0000010 secs]
2021-02-01T06:30:05.942+0530: 32.220: [GC pause (G1 Evacuation Pause) (young), 0.0710248 secs]
   [Parallel Time: 32.9 ms, GC Workers: 10]
      [GC Worker Start (ms): Min: 32220.3, Avg: 32220.4, Max: 32220.5, Diff: 0.2]
      [Ext Root Scanning (ms): Min: 0.2, Avg: 0.3, Max: 1.3, Diff: 1.1, Sum: 3.5]
      [Update RS (ms): Min: 0.9, Avg: 1.6, Max: 1.7, Diff: 0.8, Sum: 15.6]
         [Processed Buffers: Min: 4, Avg: 6.4, Max: 9, Diff: 5, Sum: 64]
      [Scan RS (ms): Min: 1.6, Avg: 2.0, Max: 2.3, Diff: 0.8, Sum: 20.4]
      [Code Root Scanning (ms): Min: 0.0, Avg: 0.3, Max: 0.7, Diff: 0.7, Sum: 2.8]
      [Object Copy (ms): Min: 28.1, Avg: 28.3, Max: 28.5, Diff: 0.4, Sum: 283.5]
      [Termination (ms): Min: 0.0, Avg: 0.0, Max: 0.0, Diff: 0.0, Sum: 0.0]
         [Termination Attempts: Min: 1, Avg: 1.1, Max: 2, Diff: 1, Sum: 11]
      [GC Worker Other (ms): Min: 0.0, Avg: 0.1, Max: 0.2, Diff: 0.1, Sum: 0.7]
      [GC Worker Total (ms): Min: 32.5, Avg: 32.7, Max: 32.8, Diff: 0.3, Sum: 326.6]
      [GC Worker End (ms): Min: 32253.0, Avg: 32253.0, Max: 32253.1, Diff: 0.1]
   [Code Root Fixup: 0.0 ms]
   [Code Root Purge: 0.0 ms]
   [String Dedup Fixup: 1.3 ms, GC Workers: 10]
      [Queue Fixup (ms): Min: 0.0, Avg: 0.0, Max: 0.1, Diff: 0.1, Sum: 0.4]
      [Table Fixup (ms): Min: 0.8, Avg: 0.9, Max: 0.9, Diff: 0.1, Sum: 8.7]
   [Clear CT: 0.7 ms]
   [Other: 36.0 ms]
      [Choose CSet: 0.0 ms]
      [Ref Proc: 34.7 ms]
      [Ref Enq: 0.2 ms]
      [Redirty Cards: 0.7 ms]
      [Humongous Register: 0.0 ms]
      [Humongous Reclaim: 0.0 ms]
      [Free CSet: 0.3 ms]
   [Eden: 646.0M(646.0M)->0.0B(613.0M) Survivors: 95232.0K->95232.0K Heap: 964.0M(1232.0M)->401.0M(1232.0M)]
 [Times: user=0.36 sys=0.00, real=0.07 secs] 
2021-02-01T06:30:06.030+0530: 32.308: [GC concurrent-string-deduplication, 3153.1K->1338.6K(1814.6K), avg 76.8%, 0.0164231 secs]
   [Last Exec: 0.0164231 secs, Idle: 1.7914352 secs, Blocked: 0/0.0000000 secs]
      [Inspected:           63114]
         [Skipped:              0(  0.0%)]
         [Hashed:           26716( 42.3%)]
         [Known:             5827(  9.2%)]
         [New:              57287( 90.8%)   3153.1K]
      [Deduplicated:        43598( 76.1%)   1814.6K( 57.5%)]
         [Young:                0(  0.0%)      0.0B(  0.0%)]
         [Old:              43598(100.0%)   1814.6K(100.0%)]
   [Total Exec: 25/0.1375425 secs, Idle: 25/31.8863453 secs, Blocked: 48/0.0076370 secs]
      [Inspected:          592828]
         [Skipped:              0(  0.0%)]
         [Hashed:          407700( 68.8%)]
         [Known:            33434(  5.6%)]
         [New:             559394( 94.4%)  32685.1K]
      [Deduplicated:       478355( 85.5%)  25090.9K( 76.8%)]
         [Young:           103370( 21.6%)   7441.2K( 29.7%)]
         [Old:             374985( 78.4%)  17649.7K( 70.3%)]
   [Table]
      [Memory Usage: 2637.9K]
      [Size: 65536, Min: 1024, Max: 16777216]
      [Entries: 90705, Load: 138.4%, Cached: 0, Added: 114638, Removed: 23933]
      [Resize Count: 6, Shrink Threshold: 43690(66.7%), Grow Threshold: 131072(200.0%)]
      [Rehash Count: 0, Rehash Threshold: 120, Hash Seed: 0x0]
      [Age Threshold: 3]
   [Queue]
      [Dropped: 0]
[GC concurrent-string-deduplication, deleted 0 entries, 0.0000005 secs]
2021-02-01T06:30:07.697+0530: 33.975: [GC pause (G1 Evacuation Pause) (young), 0.0554038 secs]
   [Parallel Time: 20.4 ms, GC Workers: 10]
      [GC Worker Start (ms): Min: 33975.1, Avg: 33975.3, Max: 33975.4, Diff: 0.2]
      [Ext Root Scanning (ms): Min: 0.2, Avg: 0.3, Max: 0.8, Diff: 0.6, Sum: 3.0]
      [Update RS (ms): Min: 1.5, Avg: 1.9, Max: 2.0, Diff: 0.5, Sum: 18.7]
         [Processed Buffers: Min: 6, Avg: 7.1, Max: 9, Diff: 3, Sum: 71]
      [Scan RS (ms): Min: 1.2, Avg: 1.5, Max: 1.6, Diff: 0.4, Sum: 14.6]
      [Code Root Scanning (ms): Min: 0.0, Avg: 0.1, Max: 0.2, Diff: 0.2, Sum: 0.6]
      [Object Copy (ms): Min: 15.7, Avg: 15.8, Max: 15.8, Diff: 0.1, Sum: 157.7]
      [Termination (ms): Min: 0.0, Avg: 0.0, Max: 0.0, Diff: 0.0, Sum: 0.0]
         [Termination Attempts: Min: 1, Avg: 1.0, Max: 1, Diff: 0, Sum: 10]
      [GC Worker Other (ms): Min: 0.0, Avg: 0.2, Max: 0.4, Diff: 0.4, Sum: 1.8]
      [GC Worker Total (ms): Min: 19.4, Avg: 19.6, Max: 20.0, Diff: 0.6, Sum: 196.4]
      [GC Worker End (ms): Min: 33994.8, Avg: 33994.9, Max: 33995.1, Diff: 0.4]
   [Code Root Fixup: 0.0 ms]
   [Code Root Purge: 0.0 ms]
   [String Dedup Fixup: 1.2 ms, GC Workers: 10]
      [Queue Fixup (ms): Min: 0.0, Avg: 0.1, Max: 0.2, Diff: 0.2, Sum: 0.6]
      [Table Fixup (ms): Min: 0.5, Avg: 0.5, Max: 0.6, Diff: 0.1, Sum: 5.4]
   [Clear CT: 0.7 ms]
   [Other: 33.0 ms]
      [Choose CSet: 0.0 ms]
      [Ref Proc: 31.5 ms]
      [Ref Enq: 0.2 ms]
      [Redirty Cards: 0.8 ms]
      [Humongous Register: 0.0 ms]
      [Humongous Reclaim: 0.0 ms]
      [Free CSet: 0.3 ms]
   [Eden: 613.0M(613.0M)->0.0B(591.0M) Survivors: 95232.0K->91136.0K Heap: 1014.0M(1232.0M)->427.5M(1232.0M)]
 [Times: user=0.34 sys=0.00, real=0.06 secs] 
2021-02-01T06:30:07.769+0530: 34.048: [GC concurrent-string-deduplication, 6168.8K->2298.1K(3870.7K), avg 74.5%, 0.0169647 secs]
   [Last Exec: 0.0169647 secs, Idle: 1.7226351 secs, Blocked: 0/0.0000000 secs]
      [Inspected:           91630]
         [Skipped:              0(  0.0%)]
         [Hashed:           36131( 39.4%)]
         [Known:              959(  1.0%)]
         [New:              90671( 99.0%)   6168.8K]
      [Deduplicated:        68175( 75.2%)   3870.7K( 62.7%)]
         [Young:            68156(100.0%)   3868.0K( 99.9%)]
         [Old:                 19(  0.0%)   2704.0B(  0.1%)]
   [Total Exec: 26/0.1545072 secs, Idle: 26/33.6089804 secs, Blocked: 48/0.0076370 secs]
      [Inspected:          684458]
         [Skipped:              0(  0.0%)]
         [Hashed:          443831( 64.8%)]
         [Known:            34393(  5.0%)]
         [New:             650065( 95.0%)  38853.9K]
      [Deduplicated:       546530( 84.1%)  28961.6K( 74.5%)]
         [Young:           171526( 31.4%)  11309.3K( 39.0%)]
         [Old:             375004( 68.6%)  17652.3K( 61.0%)]
   [Table]
      [Memory Usage: 3165.1K]
      [Size: 65536, Min: 1024, Max: 16777216]
      [Entries: 113201, Load: 172.7%, Cached: 0, Added: 137134, Removed: 23933]
      [Resize Count: 6, Shrink Threshold: 43690(66.7%), Grow Threshold: 131072(200.0%)]
      [Rehash Count: 0, Rehash Threshold: 120, Hash Seed: 0x0]
      [Age Threshold: 3]
   [Queue]
      [Dropped: 0]
[GC concurrent-string-deduplication, deleted 0 entries, 0.0000005 secs]
2021-02-01T06:30:09.326+0530: 35.605: [GC pause (G1 Evacuation Pause) (young), 0.0565200 secs]
   [Parallel Time: 23.7 ms, GC Workers: 10]
      [GC Worker Start (ms): Min: 35604.9, Avg: 35605.0, Max: 35605.2, Diff: 0.3]
      [Ext Root Scanning (ms): Min: 0.2, Avg: 0.3, Max: 0.9, Diff: 0.7, Sum: 3.5]
      [Update RS (ms): Min: 2.4, Avg: 3.2, Max: 4.6, Diff: 2.2, Sum: 32.5]
         [Processed Buffers: Min: 8, Avg: 11.1, Max: 15, Diff: 7, Sum: 111]
      [Scan RS (ms): Min: 0.0, Avg: 0.1, Max: 0.1, Diff: 0.1, Sum: 0.5]
      [Code Root Scanning (ms): Min: 0.0, Avg: 0.1, Max: 0.2, Diff: 0.2, Sum: 0.9]
      [Object Copy (ms): Min: 18.1, Avg: 19.3, Max: 20.0, Diff: 1.9, Sum: 192.6]
      [Termination (ms): Min: 0.0, Avg: 0.0, Max: 0.0, Diff: 0.0, Sum: 0.1]
         [Termination Attempts: Min: 35, Avg: 72.9, Max: 93, Diff: 58, Sum: 729]
      [GC Worker Other (ms): Min: 0.0, Avg: 0.1, Max: 0.3, Diff: 0.3, Sum: 1.3]
      [GC Worker Total (ms): Min: 23.0, Avg: 23.2, Max: 23.4, Diff: 0.4, Sum: 231.5]
      [GC Worker End (ms): Min: 35628.1, Avg: 35628.2, Max: 35628.4, Diff: 0.3]
   [Code Root Fixup: 0.0 ms]
   [Code Root Purge: 0.0 ms]
   [String Dedup Fixup: 1.7 ms, GC Workers: 10]
      [Queue Fixup (ms): Min: 0.0, Avg: 0.0, Max: 0.1, Diff: 0.1, Sum: 0.2]
      [Table Fixup (ms): Min: 1.0, Avg: 1.1, Max: 1.2, Diff: 0.2, Sum: 10.9]
   [Clear CT: 0.6 ms]
   [Other: 30.6 ms]
      [Choose CSet: 0.0 ms]
      [Ref Proc: 29.3 ms]
      [Ref Enq: 0.2 ms]
      [Redirty Cards: 0.6 ms]
      [Humongous Register: 0.0 ms]
      [Humongous Reclaim: 0.0 ms]
      [Free CSet: 0.3 ms]
   [Eden: 591.0M(591.0M)->0.0B(547.0M) Survivors: 91136.0K->87040.0K Heap: 1019.0M(1232.0M)->475.0M(1232.0M)]
 [Times: user=0.17 sys=0.01, real=0.06 secs] 
2021-02-01T06:30:09.397+0530: 35.675: [GC concurrent-string-deduplication, 3542.8K->1560.7K(1982.1K), avg 73.0%, 0.0133381 secs]
   [Last Exec: 0.0133381 secs, Idle: 1.6139724 secs, Blocked: 0/0.0000000 secs]
      [Inspected:           38091]
         [Skipped:              0(  0.0%)]
         [Hashed:              15(  0.0%)]
         [Known:                4(  0.0%)]
         [New:              38087(100.0%)   3542.8K]
      [Deduplicated:        24519( 64.4%)   1982.1K( 55.9%)]
         [Young:            24509(100.0%)   1980.7K( 99.9%)]
         [Old:                 10(  0.0%)   1432.0B(  0.1%)]
   [Total Exec: 27/0.1678453 secs, Idle: 27/35.2229528 secs, Blocked: 48/0.0076370 secs]
      [Inspected:          722549]
         [Skipped:              0(  0.0%)]
         [Hashed:          443846( 61.4%)]
         [Known:            34397(  4.8%)]
         [New:             688152( 95.2%)  42396.6K]
      [Deduplicated:       571049( 83.0%)  30943.7K( 73.0%)]
         [Young:           196035( 34.3%)  13290.0K( 42.9%)]
         [Old:             375014( 65.7%)  17653.7K( 57.1%)]
   [Table]
      [Memory Usage: 3483.1K]
      [Size: 65536, Min: 1024, Max: 16777216]
      [Entries: 126769, Load: 193.4%, Cached: 0, Added: 150702, Removed: 23933]
      [Resize Count: 6, Shrink Threshold: 43690(66.7%), Grow Threshold: 131072(200.0%)]
      [Rehash Count: 0, Rehash Threshold: 120, Hash Seed: 0x0]
      [Age Threshold: 3]
   [Queue]
      [Dropped: 0]
[GC concurrent-string-deduplication, deleted 0 entries, 0.0000009 secs]
2021-02-01T06:30:10.889+0530: 37.169: [GC pause (G1 Evacuation Pause) (young), 0.0412765 secs]
   [Parallel Time: 10.1 ms, GC Workers: 10]
      [GC Worker Start (ms): Min: 37169.1, Avg: 37169.2, Max: 37169.3, Diff: 0.2]
      [Ext Root Scanning (ms): Min: 0.2, Avg: 0.3, Max: 0.6, Diff: 0.5, Sum: 2.8]
      [Update RS (ms): Min: 2.3, Avg: 2.6, Max: 2.9, Diff: 0.6, Sum: 25.9]
         [Processed Buffers: Min: 7, Avg: 9.1, Max: 11, Diff: 4, Sum: 91]
      [Scan RS (ms): Min: 0.4, Avg: 0.7, Max: 0.8, Diff: 0.4, Sum: 6.6]
      [Code Root Scanning (ms): Min: 0.0, Avg: 0.0, Max: 0.1, Diff: 0.1, Sum: 0.1]
      [Object Copy (ms): Min: 5.8, Avg: 5.8, Max: 5.9, Diff: 0.1, Sum: 58.4]
      [Termination (ms): Min: 0.1, Avg: 0.1, Max: 0.2, Diff: 0.0, Sum: 1.4]
         [Termination Attempts: Min: 707, Avg: 766.8, Max: 832, Diff: 125, Sum: 7668]
      [GC Worker Other (ms): Min: 0.0, Avg: 0.1, Max: 0.3, Diff: 0.3, Sum: 1.4]
      [GC Worker Total (ms): Min: 9.5, Avg: 9.7, Max: 9.9, Diff: 0.4, Sum: 96.8]
      [GC Worker End (ms): Min: 37178.8, Avg: 37178.9, Max: 37179.1, Diff: 0.3]
   [Code Root Fixup: 0.0 ms]
   [Code Root Purge: 0.0 ms]
   [String Dedup Fixup: 1.1 ms, GC Workers: 10]
      [Queue Fixup (ms): Min: 0.0, Avg: 0.0, Max: 0.0, Diff: 0.0, Sum: 0.0]
      [Table Fixup (ms): Min: 0.8, Avg: 0.9, Max: 1.0, Diff: 0.2, Sum: 9.0]
   [Clear CT: 0.7 ms]
   [Other: 29.4 ms]
      [Choose CSet: 0.0 ms]
      [Ref Proc: 28.2 ms]
      [Ref Enq: 0.1 ms]
      [Redirty Cards: 0.7 ms]
      [Humongous Register: 0.0 ms]
      [Humongous Reclaim: 0.0 ms]
      [Free CSet: 0.2 ms]
   [Eden: 547.0M(547.0M)->0.0B(571.0M) Survivors: 87040.0K->74752.0K Heap: 1022.0M(1232.0M)->462.5M(1232.0M)]
 [Times: user=0.03 sys=0.00, real=0.03 secs] 
2021-02-01T06:30:10.921+0530: 37.212: [GC concurrent-string-deduplication, 445.9K->161.0K(284.9K), avg 72.9%, 0.0011645 secs]
   [Last Exec: 0.0011645 secs, Idle: 1.5354833 secs, Blocked: 0/0.0000000 secs]
      [Inspected:            4453]
         [Skipped:              0(  0.0%)]
         [Hashed:             591( 13.3%)]
         [Known:                0(  0.0%)]
         [New:               4453(100.0%)    445.9K]
      [Deduplicated:         2938( 66.0%)    284.9K( 63.9%)]
         [Young:             2938(100.0%)    284.9K(100.0%)]
         [Old:                  0(  0.0%)      0.0B(  0.0%)]
   [Total Exec: 28/0.1690098 secs, Idle: 28/36.7584361 secs, Blocked: 48/0.0076370 secs]
      [Inspected:          727002]
         [Skipped:              0(  0.0%)]
         [Hashed:          444437( 61.1%)]
         [Known:            34397(  4.7%)]
         [New:             692605( 95.3%)  42842.6K]
      [Deduplicated:       573987( 82.9%)  31228.6K( 72.9%)]
         [Young:           198973( 34.7%)  13574.9K( 43.5%)]
         [Old:             375014( 65.3%)  17653.7K( 56.5%)]
   [Table]
      [Memory Usage: 3356.4K]
      [Size: 65536, Min: 1024, Max: 16777216]
      [Entries: 116326, Load: 177.5%, Cached: 5035, Added: 152357, Removed: 36031]
      [Resize Count: 6, Shrink Threshold: 43690(66.7%), Grow Threshold: 131072(200.0%)]
      [Rehash Count: 0, Rehash Threshold: 120, Hash Seed: 0x0]
      [Age Threshold: 3]
   [Queue]
      [Dropped: 0]
[GC concurrent-string-deduplication, deleted 5548 entries, 0.0002858 secs]
2021-02-01T06:30:12.639+0530: 38.917: [GC pause (G1 Evacuation Pause) (young), 0.0375661 secs]
   [Parallel Time: 8.8 ms, GC Workers: 10]
      [GC Worker Start (ms): Min: 38916.9, Avg: 38917.1, Max: 38917.2, Diff: 0.3]
      [Ext Root Scanning (ms): Min: 0.2, Avg: 0.3, Max: 0.7, Diff: 0.5, Sum: 3.1]
      [Update RS (ms): Min: 0.6, Avg: 0.9, Max: 1.0, Diff: 0.4, Sum: 8.7]
         [Processed Buffers: Min: 3, Avg: 5.3, Max: 9, Diff: 6, Sum: 53]
      [Scan RS (ms): Min: 0.0, Avg: 0.1, Max: 0.1, Diff: 0.1, Sum: 0.6]
      [Code Root Scanning (ms): Min: 0.0, Avg: 0.0, Max: 0.1, Diff: 0.1, Sum: 0.3]
      [Object Copy (ms): Min: 6.6, Avg: 6.7, Max: 6.7, Diff: 0.1, Sum: 66.6]
      [Termination (ms): Min: 0.0, Avg: 0.0, Max: 0.0, Diff: 0.0, Sum: 0.4]
         [Termination Attempts: Min: 1, Avg: 215.8, Max: 278, Diff: 277, Sum: 2158]
      [GC Worker Other (ms): Min: 0.0, Avg: 0.2, Max: 0.4, Diff: 0.4, Sum: 1.8]
      [GC Worker Total (ms): Min: 7.9, Avg: 8.2, Max: 8.4, Diff: 0.5, Sum: 81.5]
      [GC Worker End (ms): Min: 38925.1, Avg: 38925.2, Max: 38925.4, Diff: 0.4]
   [Code Root Fixup: 0.0 ms]
   [Code Root Purge: 0.0 ms]
   [String Dedup Fixup: 1.0 ms, GC Workers: 10]
      [Queue Fixup (ms): Min: 0.0, Avg: 0.0, Max: 0.0, Diff: 0.0, Sum: 0.0]
      [Table Fixup (ms): Min: 0.6, Avg: 0.7, Max: 0.8, Diff: 0.2, Sum: 7.0]
   [Clear CT: 0.8 ms]
   [Other: 27.0 ms]
      [Choose CSet: 0.0 ms]
      [Ref Proc: 25.9 ms]
      [Ref Enq: 0.2 ms]
      [Redirty Cards: 0.5 ms]
      [Humongous Register: 0.0 ms]
      [Humongous Reclaim: 0.0 ms]
      [Free CSet: 0.2 ms]
   [Eden: 571.0M(571.0M)->0.0B(540.0M) Survivors: 74752.0K->82944.0K Heap: 1033.5M(1232.0M)->485.5M(1232.0M)]
 [Times: user=0.03 sys=0.00, real=0.04 secs] 
2021-02-01T06:30:12.677+0530: 38.955: [GC concurrent-string-deduplication, 257.3K->173.4K(85904.0B), avg 72.7%, 0.0006163 secs]
   [Last Exec: 0.0006163 secs, Idle: 1.7426286 secs, Blocked: 0/0.0000000 secs]
      [Inspected:            2898]
         [Skipped:              0(  0.0%)]
         [Hashed:              24(  0.8%)]
         [Known:                0(  0.0%)]
         [New:               2898(100.0%)    257.3K]
      [Deduplicated:         1264( 43.6%)  85904.0B( 32.6%)]
         [Young:             1245( 98.5%)  83256.0B( 96.9%)]
         [Old:                 19(  1.5%)   2648.0B(  3.1%)]
   [Total Exec: 29/0.1696261 secs, Idle: 29/38.5010647 secs, Blocked: 48/0.0076370 secs]
      [Inspected:          729900]
         [Skipped:              0(  0.0%)]
         [Hashed:          444461( 60.9%)]
         [Known:            34397(  4.7%)]
         [New:             695503( 95.3%)  43099.9K]
      [Deduplicated:       575251( 82.7%)  31312.5K( 72.7%)]
         [Young:           200218( 34.8%)  13656.2K( 43.6%)]
         [Old:             375033( 65.2%)  17656.3K( 56.4%)]
   [Table]
      [Memory Usage: 3356.4K]
      [Size: 65536, Min: 1024, Max: 16777216]
      [Entries: 117971, Load: 180.0%, Cached: 3390, Added: 154002, Removed: 36031]
      [Resize Count: 6, Shrink Threshold: 43690(66.7%), Grow Threshold: 131072(200.0%)]
      [Rehash Count: 0, Rehash Threshold: 120, Hash Seed: 0x0]
      [Age Threshold: 3]
   [Queue]
      [Dropped: 0]
[GC concurrent-string-deduplication, deleted 0 entries, 0.0000006 secs]
2021-02-01T06:30:14.036+0530: 40.314: [GC pause (G1 Evacuation Pause) (young), 0.0359517 secs]
   [Parallel Time: 10.8 ms, GC Workers: 10]
      [GC Worker Start (ms): Min: 40314.4, Avg: 40314.6, Max: 40314.6, Diff: 0.2]
      [Ext Root Scanning (ms): Min: 0.2, Avg: 0.3, Max: 0.7, Diff: 0.5, Sum: 3.2]
      [Update RS (ms): Min: 0.9, Avg: 1.1, Max: 1.2, Diff: 0.3, Sum: 11.4]
         [Processed Buffers: Min: 5, Avg: 6.7, Max: 9, Diff: 4, Sum: 67]
      [Scan RS (ms): Min: 0.0, Avg: 0.1, Max: 0.1, Diff: 0.1, Sum: 0.6]
      [Code Root Scanning (ms): Min: 0.0, Avg: 0.0, Max: 0.1, Diff: 0.1, Sum: 0.2]
      [Object Copy (ms): Min: 8.3, Avg: 8.3, Max: 8.4, Diff: 0.1, Sum: 83.4]
      [Termination (ms): Min: 0.0, Avg: 0.0, Max: 0.1, Diff: 0.1, Sum: 0.5]
         [Termination Attempts: Min: 1, Avg: 270.8, Max: 332, Diff: 331, Sum: 2708]
      [GC Worker Other (ms): Min: 0.0, Avg: 0.2, Max: 0.4, Diff: 0.4, Sum: 1.7]
      [GC Worker Total (ms): Min: 9.9, Avg: 10.1, Max: 10.3, Diff: 0.5, Sum: 100.9]
      [GC Worker End (ms): Min: 40324.5, Avg: 40324.6, Max: 40324.9, Diff: 0.4]
   [Code Root Fixup: 0.0 ms]
   [Code Root Purge: 0.0 ms]
   [String Dedup Fixup: 1.2 ms, GC Workers: 10]
      [Queue Fixup (ms): Min: 0.0, Avg: 0.0, Max: 0.1, Diff: 0.1, Sum: 0.1]
      [Table Fixup (ms): Min: 0.7, Avg: 0.7, Max: 0.8, Diff: 0.2, Sum: 7.4]
   [Clear CT: 1.1 ms]
   [Other: 22.9 ms]
      [Choose CSet: 0.0 ms]
      [Ref Proc: 21.4 ms]
      [Ref Enq: 0.2 ms]
      [Redirty Cards: 0.9 ms]
      [Humongous Register: 0.0 ms]
      [Humongous Reclaim: 0.0 ms]
      [Free CSet: 0.2 ms]
   [Eden: 540.0M(540.0M)->0.0B(529.0M) Survivors: 82944.0K->79872.0K Heap: 1025.5M(1232.0M)->500.0M(1232.0M)]
 [Times: user=0.17 sys=0.00, real=0.04 secs] 
2021-02-01T06:30:14.076+0530: 40.354: [GC concurrent-string-deduplication, 994.5K->159.9K(834.6K), avg 72.9%, 0.0032354 secs]
   [Last Exec: 0.0032354 secs, Idle: 1.3952667 secs, Blocked: 0/0.0000000 secs]
      [Inspected:           11024]
         [Skipped:              0(  0.0%)]
         [Hashed:            2883( 26.2%)]
         [Known:              160(  1.5%)]
         [New:              10864( 98.5%)    994.5K]
      [Deduplicated:        10010( 92.1%)    834.6K( 83.9%)]
         [Young:            10003( 99.9%)    833.6K( 99.9%)]
         [Old:                  7(  0.1%)   1016.0B(  0.1%)]
   [Total Exec: 30/0.1728615 secs, Idle: 30/39.8963314 secs, Blocked: 48/0.0076370 secs]
      [Inspected:          740924]
         [Skipped:              0(  0.0%)]
         [Hashed:          447344( 60.4%)]
         [Known:            34557(  4.7%)]
         [New:             706367( 95.3%)  44094.4K]
      [Deduplicated:       585261( 82.9%)  32147.1K( 72.9%)]
         [Young:           210221( 35.9%)  14489.8K( 45.1%)]
         [Old:             375040( 64.1%)  17657.3K( 54.9%)]
   [Table]
      [Memory Usage: 3356.4K]
      [Size: 65536, Min: 1024, Max: 16777216]
      [Entries: 118825, Load: 181.3%, Cached: 2536, Added: 154856, Removed: 36031]
      [Resize Count: 6, Shrink Threshold: 43690(66.7%), Grow Threshold: 131072(200.0%)]
      [Rehash Count: 0, Rehash Threshold: 120, Hash Seed: 0x0]
      [Age Threshold: 3]
   [Queue]
      [Dropped: 0]
[GC concurrent-string-deduplication, deleted 0 entries, 0.0000006 secs]
2021-02-01T06:30:15.550+0530: 41.828: [GC pause (G1 Evacuation Pause) (young), 0.0359334 secs]
   [Parallel Time: 11.3 ms, GC Workers: 10]
      [GC Worker Start (ms): Min: 41828.3, Avg: 41828.4, Max: 41828.5, Diff: 0.2]
      [Ext Root Scanning (ms): Min: 0.3, Avg: 0.4, Max: 0.9, Diff: 0.6, Sum: 4.2]
      [Update RS (ms): Min: 1.0, Avg: 1.3, Max: 1.5, Diff: 0.5, Sum: 12.9]
         [Processed Buffers: Min: 5, Avg: 7.6, Max: 12, Diff: 7, Sum: 76]
      [Scan RS (ms): Min: 0.0, Avg: 0.0, Max: 0.1, Diff: 0.1, Sum: 0.5]
      [Code Root Scanning (ms): Min: 0.0, Avg: 0.0, Max: 0.0, Diff: 0.0, Sum: 0.2]
      [Object Copy (ms): Min: 8.9, Avg: 8.9, Max: 9.0, Diff: 0.2, Sum: 89.5]
      [Termination (ms): Min: 0.0, Avg: 0.0, Max: 0.0, Diff: 0.0, Sum: 0.4]
         [Termination Attempts: Min: 1, Avg: 210.4, Max: 262, Diff: 261, Sum: 2104]
      [GC Worker Other (ms): Min: 0.0, Avg: 0.1, Max: 0.2, Diff: 0.2, Sum: 1.0]
      [GC Worker Total (ms): Min: 10.7, Avg: 10.9, Max: 11.0, Diff: 0.3, Sum: 108.6]
      [GC Worker End (ms): Min: 41839.2, Avg: 41839.3, Max: 41839.4, Diff: 0.2]
   [Code Root Fixup: 0.0 ms]
   [Code Root Purge: 0.0 ms]
   [String Dedup Fixup: 1.3 ms, GC Workers: 10]
      [Queue Fixup (ms): Min: 0.0, Avg: 0.0, Max: 0.1, Diff: 0.1, Sum: 0.3]
      [Table Fixup (ms): Min: 0.7, Avg: 0.8, Max: 0.9, Diff: 0.2, Sum: 7.9]
   [Clear CT: 0.4 ms]
   [Other: 22.8 ms]
      [Choose CSet: 0.0 ms]
      [Ref Proc: 21.6 ms]
      [Ref Enq: 0.2 ms]
      [Redirty Cards: 0.6 ms]
      [Humongous Register: 0.0 ms]
      [Humongous Reclaim: 0.0 ms]
      [Free CSet: 0.2 ms]
   [Eden: 529.0M(529.0M)->0.0B(516.0M) Survivors: 79872.0K->77824.0K Heap: 1029.0M(1232.0M)->515.0M(1232.0M)]
 [Times: user=0.17 sys=0.00, real=0.04 secs] 
2021-02-01T06:30:15.597+0530: 41.875: [GC concurrent-string-deduplication, 4365.3K->493.8K(3871.5K), avg 74.3%, 0.0109358 secs]
   [Last Exec: 0.0109358 secs, Idle: 1.5104562 secs, Blocked: 0/0.0000000 secs]
      [Inspected:           45544]
         [Skipped:              0(  0.0%)]
         [Hashed:            3734(  8.2%)]
         [Known:               11(  0.0%)]
         [New:              45533(100.0%)   4365.3K]
      [Deduplicated:        40819( 89.6%)   3871.5K( 88.7%)]
         [Young:            40815(100.0%)   3870.9K(100.0%)]
         [Old:                  4(  0.0%)    552.0B(  0.0%)]
   [Total Exec: 31/0.1837973 secs, Idle: 31/41.4067876 secs, Blocked: 48/0.0076370 secs]
      [Inspected:          786468]
         [Skipped:              0(  0.0%)]
         [Hashed:          451078( 57.4%)]
         [Known:            34568(  4.4%)]
         [New:             751900( 95.6%)  48459.7K]
      [Deduplicated:       626080( 83.3%)  36018.6K( 74.3%)]
         [Young:           251036( 40.1%)  18360.8K( 51.0%)]
         [Old:             375044( 59.9%)  17657.8K( 49.0%)]
   [Table]
      [Memory Usage: 3407.4K]
      [Size: 65536, Min: 1024, Max: 16777216]
      [Entries: 123539, Load: 188.5%, Cached: 0, Added: 159570, Removed: 36031]
      [Resize Count: 6, Shrink Threshold: 43690(66.7%), Grow Threshold: 131072(200.0%)]
      [Rehash Count: 0, Rehash Threshold: 120, Hash Seed: 0x0]
      [Age Threshold: 3]
   [Queue]
      [Dropped: 0]
[GC concurrent-string-deduplication, deleted 0 entries, 0.0000004 secs]
2021-02-01T06:30:17.041+0530: 43.319: [GC pause (G1 Evacuation Pause) (young), 0.0438866 secs]
   [Parallel Time: 15.0 ms, GC Workers: 10]
      [GC Worker Start (ms): Min: 43319.0, Avg: 43319.2, Max: 43319.2, Diff: 0.2]
      [Ext Root Scanning (ms): Min: 0.2, Avg: 0.3, Max: 1.0, Diff: 0.8, Sum: 3.4]
      [Update RS (ms): Min: 1.5, Avg: 2.7, Max: 4.6, Diff: 3.1, Sum: 27.5]
         [Processed Buffers: Min: 7, Avg: 8.4, Max: 11, Diff: 4, Sum: 84]
      [Scan RS (ms): Min: 0.0, Avg: 0.1, Max: 0.1, Diff: 0.1, Sum: 0.7]
      [Code Root Scanning (ms): Min: 0.0, Avg: 0.0, Max: 0.1, Diff: 0.1, Sum: 0.3]
      [Object Copy (ms): Min: 9.8, Avg: 11.4, Max: 12.5, Diff: 2.8, Sum: 114.2]
      [Termination (ms): Min: 0.0, Avg: 0.0, Max: 0.0, Diff: 0.0, Sum: 0.0]
         [Termination Attempts: Min: 1, Avg: 1.0, Max: 1, Diff: 0, Sum: 10]
      [GC Worker Other (ms): Min: 0.0, Avg: 0.1, Max: 0.1, Diff: 0.1, Sum: 0.8]
      [GC Worker Total (ms): Min: 14.6, Avg: 14.7, Max: 14.8, Diff: 0.3, Sum: 146.9]
      [GC Worker End (ms): Min: 43333.8, Avg: 43333.8, Max: 43333.9, Diff: 0.1]
   [Code Root Fixup: 0.0 ms]
   [Code Root Purge: 0.0 ms]
   [String Dedup Fixup: 1.5 ms, GC Workers: 10]
      [Queue Fixup (ms): Min: 0.0, Avg: 0.0, Max: 0.1, Diff: 0.1, Sum: 0.2]
      [Table Fixup (ms): Min: 1.2, Avg: 1.3, Max: 1.4, Diff: 0.2, Sum: 12.8]
   [Clear CT: 0.4 ms]
   [Other: 27.0 ms]
      [Choose CSet: 0.0 ms]
      [Ref Proc: 26.1 ms]
      [Ref Enq: 0.2 ms]
      [Redirty Cards: 0.2 ms]
      [Humongous Register: 0.0 ms]
      [Humongous Reclaim: 0.0 ms]
      [Free CSet: 0.2 ms]
   [Eden: 516.0M(516.0M)->0.0B(498.0M) Survivors: 77824.0K->75776.0K Heap: 1031.5M(1232.0M)->534.5M(1232.0M)]
 [Times: user=0.19 sys=0.00, real=0.04 secs] 
2021-02-01T06:30:17.092+0530: 43.370: [GC concurrent-string-deduplication, 3030.0K->1293.0K(1737.0K), avg 73.3%, 0.0073995 secs]
   [Last Exec: 0.0073995 secs, Idle: 1.4876547 secs, Blocked: 0/0.0000000 secs]
      [Inspected:           31689]
         [Skipped:              0(  0.0%)]
         [Hashed:              23(  0.1%)]
         [Known:                0(  0.0%)]
         [New:              31689(100.0%)   3030.0K]
      [Deduplicated:        20939( 66.1%)   1737.0K( 57.3%)]
         [Young:            20922( 99.9%)   1734.6K( 99.9%)]
         [Old:                 17(  0.1%)   2424.0B(  0.1%)]
   [Total Exec: 32/0.1911968 secs, Idle: 32/42.8944423 secs, Blocked: 48/0.0076370 secs]
      [Inspected:          818157]
         [Skipped:              0(  0.0%)]
         [Hashed:          451101( 55.1%)]
         [Known:            34568(  4.2%)]
         [New:             783589( 95.8%)  51489.7K]
      [Deduplicated:       647019( 82.6%)  37755.6K( 73.3%)]
         [Young:           271958( 42.0%)  20095.4K( 53.2%)]
         [Old:             375061( 58.0%)  17660.2K( 46.8%)]
   [Table]
      [Memory Usage: 3662.8K]
      [Size: 65536, Min: 1024, Max: 16777216]
      [Entries: 134433, Load: 205.1%, Cached: 0, Added: 170464, Removed: 36031]
      [Resize Count: 6, Shrink Threshold: 43690(66.7%), Grow Threshold: 131072(200.0%)]
      [Rehash Count: 0, Rehash Threshold: 120, Hash Seed: 0x0]
      [Age Threshold: 3]
   [Queue]
      [Dropped: 0]
[GC concurrent-string-deduplication, deleted 0 entries, 0.0000005 secs]
2021-02-01T06:30:18.305+0530: 44.583: [GC pause (G1 Evacuation Pause) (young), 0.0392066 secs]
   [Parallel Time: 7.7 ms, GC Workers: 10]
      [GC Worker Start (ms): Min: 44582.8, Avg: 44582.8, Max: 44582.9, Diff: 0.2]
      [Ext Root Scanning (ms): Min: 0.2, Avg: 0.3, Max: 0.8, Diff: 0.6, Sum: 3.3]
      [Update RS (ms): Min: 1.4, Avg: 1.8, Max: 2.4, Diff: 1.0, Sum: 18.1]
         [Processed Buffers: Min: 7, Avg: 10.6, Max: 16, Diff: 9, Sum: 106]
      [Scan RS (ms): Min: 0.0, Avg: 0.1, Max: 0.1, Diff: 0.1, Sum: 0.5]
      [Code Root Scanning (ms): Min: 0.0, Avg: 0.0, Max: 0.0, Diff: 0.0, Sum: 0.2]
      [Object Copy (ms): Min: 4.6, Avg: 5.1, Max: 5.2, Diff: 0.5, Sum: 50.8]
      [Termination (ms): Min: 0.0, Avg: 0.0, Max: 0.0, Diff: 0.0, Sum: 0.4]
         [Termination Attempts: Min: 161, Avg: 213.6, Max: 247, Diff: 86, Sum: 2136]
      [GC Worker Other (ms): Min: 0.0, Avg: 0.1, Max: 0.2, Diff: 0.2, Sum: 1.1]
      [GC Worker Total (ms): Min: 7.3, Avg: 7.4, Max: 7.6, Diff: 0.3, Sum: 74.4]
      [GC Worker End (ms): Min: 44590.2, Avg: 44590.3, Max: 44590.4, Diff: 0.2]
   [Code Root Fixup: 0.0 ms]
   [Code Root Purge: 0.0 ms]
   [String Dedup Fixup: 2.2 ms, GC Workers: 10]
      [Queue Fixup (ms): Min: 0.0, Avg: 0.0, Max: 0.0, Diff: 0.0, Sum: 0.0]
      [Table Fixup (ms): Min: 1.2, Avg: 1.3, Max: 1.4, Diff: 0.2, Sum: 12.9]
   [Clear CT: 0.6 ms]
   [Other: 28.7 ms]
      [Choose CSet: 0.0 ms]
      [Ref Proc: 27.4 ms]
      [Ref Enq: 0.2 ms]
      [Redirty Cards: 0.7 ms]
      [Humongous Register: 0.0 ms]
      [Humongous Reclaim: 0.0 ms]
      [Free CSet: 0.2 ms]
   [Eden: 498.0M(498.0M)->0.0B(502.0M) Survivors: 75776.0K->73728.0K Heap: 1032.5M(1232.0M)->532.5M(1232.0M)]
 [Times: user=0.19 sys=0.00, real=0.04 secs] 
2021-02-01T06:30:18.344+0530: 44.622: [GC concurrent-string-deduplication, 584.0B->0.0B(584.0B), avg 73.3%, 0.0000062 secs]
   [Last Exec: 0.0000062 secs, Idle: 1.2516693 secs, Blocked: 0/0.0000000 secs]
      [Inspected:               4]
         [Skipped:              0(  0.0%)]
         [Hashed:               4(100.0%)]
         [Known:                0(  0.0%)]
         [New:                  4(100.0%)    584.0B]
      [Deduplicated:            4(100.0%)    584.0B(100.0%)]
         [Young:                4(100.0%)    584.0B(100.0%)]
         [Old:                  0(  0.0%)      0.0B(  0.0%)]
   [Total Exec: 33/0.1912030 secs, Idle: 33/44.1461116 secs, Blocked: 48/0.0076370 secs]
      [Inspected:          818161]
         [Skipped:              0(  0.0%)]
         [Hashed:          451105( 55.1%)]
         [Known:            34568(  4.2%)]
         [New:             783593( 95.8%)  51490.3K]
      [Deduplicated:       647023( 82.6%)  37756.1K( 73.3%)]
         [Young:           271962( 42.0%)  20096.0K( 53.2%)]
         [Old:             375061( 58.0%)  17660.2K( 46.8%)]
   [Table]
      [Memory Usage: 4124.7K]
      [Size: 131072, Min: 1024, Max: 16777216]
      [Entries: 119195, Load: 90.9%, Cached: 13100, Added: 170692, Removed: 51497]
      [Resize Count: 7, Shrink Threshold: 87381(66.7%), Grow Threshold: 262144(200.0%)]
      [Rehash Count: 0, Rehash Threshold: 120, Hash Seed: 0x0]
      [Age Threshold: 3]
   [Queue]
      [Dropped: 0]
[GC concurrent-string-deduplication, deleted 2366 entries, 0.0001313 secs]
2021-02-01T06:30:19.862+0530: 46.140: [GC pause (G1 Evacuation Pause) (young), 0.0415391 secs]
   [Parallel Time: 10.1 ms, GC Workers: 10]
      [GC Worker Start (ms): Min: 46140.3, Avg: 46140.5, Max: 46140.5, Diff: 0.2]
      [Ext Root Scanning (ms): Min: 0.2, Avg: 0.4, Max: 0.9, Diff: 0.7, Sum: 3.6]
      [Update RS (ms): Min: 1.3, Avg: 1.6, Max: 1.8, Diff: 0.5, Sum: 16.2]
         [Processed Buffers: Min: 5, Avg: 9.1, Max: 12, Diff: 7, Sum: 91]
      [Scan RS (ms): Min: 0.0, Avg: 0.1, Max: 0.1, Diff: 0.1, Sum: 0.6]
      [Code Root Scanning (ms): Min: 0.0, Avg: 0.0, Max: 0.1, Diff: 0.1, Sum: 0.2]
      [Object Copy (ms): Min: 7.0, Avg: 7.0, Max: 7.0, Diff: 0.1, Sum: 70.0]
      [Termination (ms): Min: 0.0, Avg: 0.0, Max: 0.1, Diff: 0.1, Sum: 0.4]
         [Termination Attempts: Min: 1, Avg: 232.0, Max: 276, Diff: 275, Sum: 2320]
      [GC Worker Other (ms): Min: 0.0, Avg: 0.2, Max: 0.4, Diff: 0.4, Sum: 1.6]
      [GC Worker Total (ms): Min: 9.1, Avg: 9.3, Max: 9.5, Diff: 0.4, Sum: 92.7]
      [GC Worker End (ms): Min: 46149.6, Avg: 46149.7, Max: 46150.0, Diff: 0.4]
   [Code Root Fixup: 0.0 ms]
   [Code Root Purge: 0.0 ms]
   [String Dedup Fixup: 1.6 ms, GC Workers: 10]
      [Queue Fixup (ms): Min: 0.0, Avg: 0.0, Max: 0.0, Diff: 0.0, Sum: 0.0]
      [Table Fixup (ms): Min: 0.8, Avg: 0.9, Max: 1.0, Diff: 0.3, Sum: 9.0]
   [Clear CT: 0.7 ms]
   [Other: 29.2 ms]
      [Choose CSet: 0.0 ms]
      [Ref Proc: 27.9 ms]
      [Ref Enq: 0.3 ms]
      [Redirty Cards: 0.6 ms]
      [Humongous Register: 0.0 ms]
      [Humongous Reclaim: 0.0 ms]
      [Free CSet: 0.2 ms]
   [Eden: 502.0M(502.0M)->0.0B(493.0M) Survivors: 73728.0K->73728.0K Heap: 1034.5M(1232.0M)->541.5M(1232.0M)]
 [Times: user=0.38 sys=0.00, real=0.04 secs] 
2021-02-01T06:30:19.904+0530: 46.182: [GC concurrent-string-deduplication, 3072.0B->0.0B(3072.0B), avg 73.3%, 0.0000548 secs]
   [Last Exec: 0.0000548 secs, Idle: 1.5596873 secs, Blocked: 0/0.0000000 secs]
      [Inspected:             181]
         [Skipped:              0(  0.0%)]
         [Hashed:              20( 11.0%)]
         [Known:              160( 88.4%)]
         [New:                 21( 11.6%)   3072.0B]
      [Deduplicated:           21(100.0%)   3072.0B(100.0%)]
         [Young:               15( 71.4%)   2264.0B( 73.7%)]
         [Old:                  6( 28.6%)    808.0B( 26.3%)]
   [Total Exec: 34/0.1912578 secs, Idle: 34/45.7057989 secs, Blocked: 48/0.0076370 secs]
      [Inspected:          818342]
         [Skipped:              0(  0.0%)]
         [Hashed:          451125( 55.1%)]
         [Known:            34728(  4.2%)]
         [New:             783614( 95.8%)  51493.3K]
      [Deduplicated:       647044( 82.6%)  37759.1K( 73.3%)]
         [Young:           271977( 42.0%)  20098.2K( 53.2%)]
         [Old:             375067( 58.0%)  17661.0K( 46.8%)]
   [Table]
      [Memory Usage: 4124.7K]
      [Size: 131072, Min: 1024, Max: 16777216]
      [Entries: 119195, Load: 90.9%, Cached: 13100, Added: 170692, Removed: 51497]
      [Resize Count: 7, Shrink Threshold: 87381(66.7%), Grow Threshold: 262144(200.0%)]
      [Rehash Count: 0, Rehash Threshold: 120, Hash Seed: 0x0]
      [Age Threshold: 3]
   [Queue]
      [Dropped: 0]
[GC concurrent-string-deduplication, deleted 0 entries, 0.0000005 secs]
2021-02-01T06:30:21.191+0530: 47.469: [GC pause (G1 Evacuation Pause) (young), 0.0321589 secs]
   [Parallel Time: 10.0 ms, GC Workers: 10]
      [GC Worker Start (ms): Min: 47469.3, Avg: 47469.4, Max: 47469.5, Diff: 0.2]
      [Ext Root Scanning (ms): Min: 0.2, Avg: 0.3, Max: 0.7, Diff: 0.5, Sum: 3.1]
      [Update RS (ms): Min: 1.3, Avg: 1.6, Max: 1.7, Diff: 0.5, Sum: 16.2]
         [Processed Buffers: Min: 7, Avg: 9.7, Max: 14, Diff: 7, Sum: 97]
      [Scan RS (ms): Min: 0.0, Avg: 0.1, Max: 0.1, Diff: 0.1, Sum: 0.5]
      [Code Root Scanning (ms): Min: 0.0, Avg: 0.0, Max: 0.1, Diff: 0.1, Sum: 0.2]
      [Object Copy (ms): Min: 7.5, Avg: 7.5, Max: 7.6, Diff: 0.1, Sum: 75.3]
      [Termination (ms): Min: 0.0, Avg: 0.0, Max: 0.0, Diff: 0.0, Sum: 0.3]
         [Termination Attempts: Min: 1, Avg: 142.1, Max: 175, Diff: 174, Sum: 1421]
      [GC Worker Other (ms): Min: 0.0, Avg: 0.1, Max: 0.2, Diff: 0.2, Sum: 1.0]
      [GC Worker Total (ms): Min: 9.5, Avg: 9.7, Max: 9.8, Diff: 0.2, Sum: 96.6]
      [GC Worker End (ms): Min: 47479.0, Avg: 47479.1, Max: 47479.2, Diff: 0.2]
   [Code Root Fixup: 0.0 ms]
   [Code Root Purge: 0.0 ms]
   [String Dedup Fixup: 1.1 ms, GC Workers: 10]
      [Queue Fixup (ms): Min: 0.0, Avg: 0.0, Max: 0.0, Diff: 0.0, Sum: 0.0]
      [Table Fixup (ms): Min: 0.7, Avg: 0.8, Max: 0.9, Diff: 0.2, Sum: 7.9]
   [Clear CT: 0.8 ms]
   [Other: 20.2 ms]
      [Choose CSet: 0.0 ms]
      [Ref Proc: 19.0 ms]
      [Ref Enq: 0.2 ms]
      [Redirty Cards: 0.7 ms]
      [Humongous Register: 0.0 ms]
      [Humongous Reclaim: 0.0 ms]
      [Free CSet: 0.2 ms]
   [Eden: 493.0M(493.0M)->0.0B(474.0M) Survivors: 73728.0K->72704.0K Heap: 1034.5M(1232.0M)->561.5M(1232.0M)]
 [Times: user=0.16 sys=0.00, real=0.03 secs] 
2021-02-01T06:30:21.226+0530: 47.504: [GC concurrent-string-deduplication, 938.6K->57576.0B(882.4K), avg 73.7%, 0.0028417 secs]
   [Last Exec: 0.0028417 secs, Idle: 1.3195010 secs, Blocked: 0/0.0000000 secs]
      [Inspected:            9065]
         [Skipped:              0(  0.0%)]
         [Hashed:            1184( 13.1%)]
         [Known:              245(  2.7%)]
         [New:               8820( 97.3%)    938.6K]
      [Deduplicated:         8701( 98.7%)    882.4K( 94.0%)]
         [Young:             7532( 86.6%)    738.0K( 83.6%)]
         [Old:               1169( 13.4%)    144.4K( 16.4%)]
   [Total Exec: 35/0.1940995 secs, Idle: 35/47.0252999 secs, Blocked: 48/0.0076370 secs]
      [Inspected:          827407]
         [Skipped:              0(  0.0%)]
         [Hashed:          452309( 54.7%)]
         [Known:            34973(  4.2%)]
         [New:             792434( 95.8%)  52431.9K]
      [Deduplicated:       655745( 82.8%)  38641.6K( 73.7%)]
         [Young:           279509( 42.6%)  20836.2K( 53.9%)]
         [Old:             376236( 57.4%)  17805.4K( 46.1%)]
   [Table]
      [Memory Usage: 4124.7K]
      [Size: 131072, Min: 1024, Max: 16777216]
      [Entries: 119314, Load: 91.0%, Cached: 12981, Added: 170811, Removed: 51497]
      [Resize Count: 7, Shrink Threshold: 87381(66.7%), Grow Threshold: 262144(200.0%)]
      [Rehash Count: 0, Rehash Threshold: 120, Hash Seed: 0x0]
      [Age Threshold: 3]
   [Queue]
      [Dropped: 0]
[GC concurrent-string-deduplication, deleted 0 entries, 0.0000005 secs]
2021-02-01T06:30:22.497+0530: 48.775: [GC pause (G1 Evacuation Pause) (young), 0.0343418 secs]
   [Parallel Time: 11.6 ms, GC Workers: 10]
      [GC Worker Start (ms): Min: 48774.6, Avg: 48774.6, Max: 48774.7, Diff: 0.1]
      [Ext Root Scanning (ms): Min: 0.2, Avg: 0.3, Max: 0.8, Diff: 0.6, Sum: 3.3]
      [Update RS (ms): Min: 1.3, Avg: 1.7, Max: 1.9, Diff: 0.6, Sum: 17.4]
         [Processed Buffers: Min: 7, Avg: 10.1, Max: 12, Diff: 5, Sum: 101]
      [Scan RS (ms): Min: 0.0, Avg: 0.1, Max: 0.1, Diff: 0.1, Sum: 0.5]
      [Code Root Scanning (ms): Min: 0.0, Avg: 0.1, Max: 0.1, Diff: 0.1, Sum: 0.6]
      [Object Copy (ms): Min: 8.9, Avg: 8.9, Max: 9.0, Diff: 0.2, Sum: 89.4]
      [Termination (ms): Min: 0.0, Avg: 0.0, Max: 0.0, Diff: 0.0, Sum: 0.2]
         [Termination Attempts: Min: 1, Avg: 111.2, Max: 142, Diff: 141, Sum: 1112]
      [GC Worker Other (ms): Min: 0.0, Avg: 0.1, Max: 0.1, Diff: 0.1, Sum: 0.6]
      [GC Worker Total (ms): Min: 11.1, Avg: 11.2, Max: 11.3, Diff: 0.2, Sum: 112.1]
      [GC Worker End (ms): Min: 48785.8, Avg: 48785.9, Max: 48785.9, Diff: 0.1]
   [Code Root Fixup: 0.0 ms]
   [Code Root Purge: 0.0 ms]
   [String Dedup Fixup: 1.4 ms, GC Workers: 10]
      [Queue Fixup (ms): Min: 0.0, Avg: 0.0, Max: 0.1, Diff: 0.1, Sum: 0.2]
      [Table Fixup (ms): Min: 0.8, Avg: 0.9, Max: 1.0, Diff: 0.2, Sum: 9.1]
   [Clear CT: 0.7 ms]
   [Other: 20.6 ms]
      [Choose CSet: 0.0 ms]
      [Ref Proc: 19.4 ms]
      [Ref Enq: 0.2 ms]
      [Redirty Cards: 0.7 ms]
      [Humongous Register: 0.0 ms]
      [Humongous Reclaim: 0.0 ms]
      [Free CSet: 0.2 ms]
   [Eden: 474.0M(474.0M)->0.0B(465.0M) Survivors: 72704.0K->70656.0K Heap: 1035.5M(1232.0M)->572.0M(1232.0M)]
 [Times: user=0.03 sys=0.00, real=0.03 secs] 
2021-02-01T06:30:22.539+0530: 48.817: [GC concurrent-string-deduplication, 3455.1K->493.3K(2961.8K), avg 74.4%, 0.0082163 secs]
   [Last Exec: 0.0082163 secs, Idle: 1.3046086 secs, Blocked: 0/0.0000000 secs]
      [Inspected:           37019]
         [Skipped:              0(  0.0%)]
         [Hashed:            1994(  5.4%)]
         [Known:                0(  0.0%)]
         [New:              37019(100.0%)   3455.1K]
      [Deduplicated:        32312( 87.3%)   2961.8K( 85.7%)]
         [Young:            30576( 94.6%)   2758.1K( 93.1%)]
         [Old:               1736(  5.4%)    203.7K(  6.9%)]
   [Total Exec: 36/0.2023158 secs, Idle: 36/48.3299085 secs, Blocked: 48/0.0076370 secs]
      [Inspected:          864426]
         [Skipped:              0(  0.0%)]
         [Hashed:          454303( 52.6%)]
         [Known:            34973(  4.0%)]
         [New:             829453( 96.0%)  55887.0K]
      [Deduplicated:       688057( 83.0%)  41603.4K( 74.4%)]
         [Young:           310085( 45.1%)  23594.3K( 56.7%)]
         [Old:             377972( 54.9%)  18009.1K( 43.3%)]
   [Table]
      [Memory Usage: 4124.7K]
      [Size: 131072, Min: 1024, Max: 16777216]
      [Entries: 124024, Load: 94.6%, Cached: 8271, Added: 175521, Removed: 51497]
      [Resize Count: 7, Shrink Threshold: 87381(66.7%), Grow Threshold: 262144(200.0%)]
      [Rehash Count: 0, Rehash Threshold: 120, Hash Seed: 0x0]
      [Age Threshold: 3]
   [Queue]
      [Dropped: 0]
[GC concurrent-string-deduplication, deleted 0 entries, 0.0000005 secs]
2021-02-01T06:30:23.802+0530: 50.080: [GC pause (G1 Evacuation Pause) (young), 0.0522779 secs]
   [Parallel Time: 17.7 ms, GC Workers: 10]
      [GC Worker Start (ms): Min: 50080.0, Avg: 50080.1, Max: 50080.2, Diff: 0.2]
      [Ext Root Scanning (ms): Min: 0.2, Avg: 0.3, Max: 0.8, Diff: 0.6, Sum: 3.4]
      [Update RS (ms): Min: 2.4, Avg: 3.4, Max: 5.1, Diff: 2.7, Sum: 33.9]
         [Processed Buffers: Min: 9, Avg: 11.2, Max: 15, Diff: 6, Sum: 112]
      [Scan RS (ms): Min: 0.0, Avg: 0.0, Max: 0.1, Diff: 0.1, Sum: 0.5]
      [Code Root Scanning (ms): Min: 0.0, Avg: 0.0, Max: 0.1, Diff: 0.1, Sum: 0.2]
      [Object Copy (ms): Min: 12.0, Avg: 13.6, Max: 14.6, Diff: 2.6, Sum: 136.0]
      [Termination (ms): Min: 0.0, Avg: 0.0, Max: 0.0, Diff: 0.0, Sum: 0.4]
         [Termination Attempts: Min: 1, Avg: 1.1, Max: 2, Diff: 1, Sum: 11]
      [GC Worker Other (ms): Min: 0.0, Avg: 0.1, Max: 0.1, Diff: 0.1, Sum: 0.6]
      [GC Worker Total (ms): Min: 17.4, Avg: 17.5, Max: 17.7, Diff: 0.2, Sum: 174.9]
      [GC Worker End (ms): Min: 50097.5, Avg: 50097.6, Max: 50097.6, Diff: 0.1]
   [Code Root Fixup: 0.0 ms]
   [Code Root Purge: 0.0 ms]
   [String Dedup Fixup: 1.3 ms, GC Workers: 10]
      [Queue Fixup (ms): Min: 0.0, Avg: 0.0, Max: 0.1, Diff: 0.1, Sum: 0.1]
      [Table Fixup (ms): Min: 1.0, Avg: 1.1, Max: 1.2, Diff: 0.2, Sum: 11.1]
   [Clear CT: 0.8 ms]
   [Other: 32.4 ms]
      [Choose CSet: 0.0 ms]
      [Ref Proc: 31.2 ms]
      [Ref Enq: 0.2 ms]
      [Redirty Cards: 0.6 ms]
      [Humongous Register: 0.0 ms]
      [Humongous Reclaim: 0.0 ms]
      [Free CSet: 0.2 ms]
   [Eden: 465.0M(465.0M)->0.0B(448.0M) Survivors: 70656.0K->68608.0K Heap: 1037.5M(1232.0M)->590.5M(1232.0M)]
 [Times: user=0.17 sys=0.00, real=0.05 secs] 
2021-02-01T06:30:23.865+0530: 50.143: [GC concurrent-string-deduplication, 2735.8K->1104.6K(1631.3K), avg 73.8%, 0.0106450 secs]
   [Last Exec: 0.0106450 secs, Idle: 1.3150292 secs, Blocked: 0/0.0000000 secs]
      [Inspected:           28879]
         [Skipped:              0(  0.0%)]
         [Hashed:              17(  0.1%)]
         [Known:                0(  0.0%)]
         [New:              28879(100.0%)   2735.8K]
      [Deduplicated:        19644( 68.0%)   1631.3K( 59.6%)]
         [Young:            19627( 99.9%)   1629.0K( 99.9%)]
         [Old:                 17(  0.1%)   2360.0B(  0.1%)]
   [Total Exec: 37/0.2129608 secs, Idle: 37/49.6449377 secs, Blocked: 48/0.0076370 secs]
      [Inspected:          893305]
         [Skipped:              0(  0.0%)]
         [Hashed:          454320( 50.9%)]
         [Known:            34973(  3.9%)]
         [New:             858332( 96.1%)  58622.9K]
      [Deduplicated:       707701( 82.5%)  43234.6K( 73.8%)]
         [Young:           329712( 46.6%)  25223.2K( 58.3%)]
         [Old:             377989( 53.4%)  18011.4K( 41.7%)]
   [Table]
      [Memory Usage: 4147.3K]
      [Size: 131072, Min: 1024, Max: 16777216]
      [Entries: 133259, Load: 101.7%, Cached: 0, Added: 184756, Removed: 51497]
      [Resize Count: 7, Shrink Threshold: 87381(66.7%), Grow Threshold: 262144(200.0%)]
      [Rehash Count: 0, Rehash Threshold: 120, Hash Seed: 0x0]
      [Age Threshold: 3]
   [Queue]
      [Dropped: 0]
[GC concurrent-string-deduplication, deleted 0 entries, 0.0000005 secs]
2021-02-01T06:30:25.113+0530: 51.390: [GC pause (G1 Evacuation Pause) (young), 0.0550802 secs]
   [Parallel Time: 18.3 ms, GC Workers: 10]
      [GC Worker Start (ms): Min: 51390.5, Avg: 51390.7, Max: 51390.7, Diff: 0.2]
      [Ext Root Scanning (ms): Min: 0.2, Avg: 0.3, Max: 0.7, Diff: 0.5, Sum: 3.0]
      [Update RS (ms): Min: 2.4, Avg: 2.8, Max: 3.3, Diff: 0.9, Sum: 27.6]
         [Processed Buffers: Min: 9, Avg: 11.6, Max: 15, Diff: 6, Sum: 116]
      [Scan RS (ms): Min: 0.0, Avg: 0.0, Max: 0.1, Diff: 0.1, Sum: 0.4]
      [Code Root Scanning (ms): Min: 0.0, Avg: 0.0, Max: 0.1, Diff: 0.1, Sum: 0.2]
      [Object Copy (ms): Min: 13.6, Avg: 14.2, Max: 14.6, Diff: 1.0, Sum: 142.2]
      [Termination (ms): Min: 0.0, Avg: 0.1, Max: 0.1, Diff: 0.1, Sum: 0.8]
         [Termination Attempts: Min: 1, Avg: 437.5, Max: 522, Diff: 521, Sum: 4375]
      [GC Worker Other (ms): Min: 0.0, Avg: 0.1, Max: 0.3, Diff: 0.3, Sum: 1.2]
      [GC Worker Total (ms): Min: 17.4, Avg: 17.5, Max: 17.7, Diff: 0.3, Sum: 175.4]
      [GC Worker End (ms): Min: 51408.1, Avg: 51408.2, Max: 51408.4, Diff: 0.3]
   [Code Root Fixup: 0.0 ms]
   [Code Root Purge: 0.0 ms]
   [String Dedup Fixup: 1.8 ms, GC Workers: 10]
      [Queue Fixup (ms): Min: 0.0, Avg: 0.0, Max: 0.1, Diff: 0.1, Sum: 0.2]
      [Table Fixup (ms): Min: 1.1, Avg: 1.2, Max: 1.3, Diff: 0.2, Sum: 12.1]
   [Clear CT: 0.8 ms]
   [Other: 34.1 ms]
      [Choose CSet: 0.0 ms]
      [Ref Proc: 32.7 ms]
      [Ref Enq: 0.2 ms]
      [Redirty Cards: 0.7 ms]
      [Humongous Register: 0.0 ms]
      [Humongous Reclaim: 0.0 ms]
      [Free CSet: 0.3 ms]
   [Eden: 448.0M(448.0M)->0.0B(422.0M) Survivors: 68608.0K->66560.0K Heap: 1038.5M(1232.0M)->618.5M(1232.0M)]
 [Times: user=0.20 sys=0.00, real=0.06 secs] 
2021-02-01T06:30:25.178+0530: 51.456: [GC concurrent-string-deduplication, 3067.1K->1121.4K(1945.7K), avg 73.2%, 0.0099127 secs]
   [Last Exec: 0.0099127 secs, Idle: 1.3026848 secs, Blocked: 0/0.0000000 secs]
      [Inspected:           32573]
         [Skipped:              0(  0.0%)]
         [Hashed:            1753(  5.4%)]
         [Known:                4(  0.0%)]
         [New:              32569(100.0%)   3067.1K]
      [Deduplicated:        22563( 69.3%)   1945.7K( 63.4%)]
         [Young:            19783( 87.7%)   1671.2K( 85.9%)]
         [Old:               2780( 12.3%)    274.5K( 14.1%)]
   [Total Exec: 38/0.2228735 secs, Idle: 38/50.9476225 secs, Blocked: 48/0.0076370 secs]
      [Inspected:          925878]
         [Skipped:              0(  0.0%)]
         [Hashed:          456073( 49.3%)]
         [Known:            34977(  3.8%)]
         [New:             890901( 96.2%)  61690.0K]
      [Deduplicated:       730264( 82.0%)  45180.4K( 73.2%)]
         [Young:           349495( 47.9%)  26894.4K( 59.5%)]
         [Old:             380769( 52.1%)  18285.9K( 40.5%)]
   [Table]
      [Memory Usage: 4381.9K]
      [Size: 131072, Min: 1024, Max: 16777216]
      [Entries: 143269, Load: 109.3%, Cached: 0, Added: 194766, Removed: 51497]
      [Resize Count: 7, Shrink Threshold: 87381(66.7%), Grow Threshold: 262144(200.0%)]
      [Rehash Count: 0, Rehash Threshold: 120, Hash Seed: 0x0]
      [Age Threshold: 3]
   [Queue]
      [Dropped: 0]
[GC concurrent-string-deduplication, deleted 0 entries, 0.0000004 secs]
2021-02-01T06:30:26.347+0530: 52.625: [GC pause (G1 Evacuation Pause) (young) (initial-mark), 0.0489499 secs]
   [Parallel Time: 14.1 ms, GC Workers: 10]
      [GC Worker Start (ms): Min: 52624.8, Avg: 52624.9, Max: 52625.0, Diff: 0.2]
      [Ext Root Scanning (ms): Min: 0.6, Avg: 0.7, Max: 0.9, Diff: 0.3, Sum: 7.1]
      [Update RS (ms): Min: 2.5, Avg: 2.6, Max: 2.7, Diff: 0.2, Sum: 25.8]
         [Processed Buffers: Min: 12, Avg: 14.2, Max: 17, Diff: 5, Sum: 142]
      [Scan RS (ms): Min: 0.0, Avg: 0.0, Max: 0.1, Diff: 0.1, Sum: 0.4]
      [Code Root Scanning (ms): Min: 0.0, Avg: 0.0, Max: 0.0, Diff: 0.0, Sum: 0.2]
      [Object Copy (ms): Min: 9.9, Avg: 10.0, Max: 10.1, Diff: 0.2, Sum: 100.5]
      [Termination (ms): Min: 0.0, Avg: 0.1, Max: 0.1, Diff: 0.0, Sum: 0.6]
         [Termination Attempts: Min: 198, Avg: 304.2, Max: 348, Diff: 150, Sum: 3042]
      [GC Worker Other (ms): Min: 0.0, Avg: 0.1, Max: 0.2, Diff: 0.2, Sum: 0.9]
      [GC Worker Total (ms): Min: 13.4, Avg: 13.5, Max: 13.7, Diff: 0.2, Sum: 135.5]
      [GC Worker End (ms): Min: 52638.4, Avg: 52638.5, Max: 52638.6, Diff: 0.2]
   [Code Root Fixup: 0.0 ms]
   [Code Root Purge: 0.0 ms]
   [String Dedup Fixup: 1.7 ms, GC Workers: 10]
      [Queue Fixup (ms): Min: 0.0, Avg: 0.0, Max: 0.0, Diff: 0.0, Sum: 0.0]
      [Table Fixup (ms): Min: 1.3, Avg: 1.3, Max: 1.4, Diff: 0.2, Sum: 13.4]
   [Clear CT: 0.3 ms]
   [Other: 32.8 ms]
      [Choose CSet: 0.0 ms]
      [Ref Proc: 31.9 ms]
      [Ref Enq: 0.1 ms]
      [Redirty Cards: 0.4 ms]
      [Humongous Register: 0.0 ms]
      [Humongous Reclaim: 0.0 ms]
      [Free CSet: 0.2 ms]
   [Eden: 422.0M(422.0M)->0.0B(432.0M) Survivors: 66560.0K->61440.0K Heap: 1040.5M(1232.0M)->613.0M(1232.0M)]
 [Times: user=0.17 sys=0.00, real=0.05 secs] 
2021-02-01T06:30:26.396+0530: 52.674: [GC concurrent-string-deduplication, 712.0B->0.0B(712.0B), avg 73.2%, 0.0000078 secs]
   [Last Exec: 0.0000078 secs, Idle: 1.2181325 secs, Blocked: 0/0.0000000 secs]
2021-02-01T06:30:26.396+0530: 52.674: [GC concurrent-root-region-scan-start]
      [Inspected:               5]
         [Skipped:              0(  0.0%)]
         [Hashed:               5(100.0%)]
         [Known:                0(  0.0%)]
         [New:                  5(100.0%)    712.0B]
      [Deduplicated:            5(100.0%)    712.0B(100.0%)]
         [Young:                5(100.0%)    712.0B(100.0%)]
         [Old:                  0(  0.0%)      0.0B(  0.0%)]
   [Total Exec: 39/0.2228813 secs, Idle: 39/52.1657550 secs, Blocked: 48/0.0076370 secs]
      [Inspected:          925883]
         [Skipped:              0(  0.0%)]
         [Hashed:          456078( 49.3%)]
         [Known:            34977(  3.8%)]
         [New:             890906( 96.2%)  61690.7K]
      [Deduplicated:       730269( 82.0%)  45181.1K( 73.2%)]
         [Young:           349500( 47.9%)  26895.1K( 59.5%)]
         [Old:             380769( 52.1%)  18285.9K( 40.5%)]
   [Table]
      [Memory Usage: 4128.1K]
      [Size: 131072, Min: 1024, Max: 16777216]
      [Entries: 119340, Load: 91.0%, Cached: 13100, Added: 194786, Removed: 75446]
      [Resize Count: 7, Shrink Threshold: 87381(66.7%), Grow Threshold: 262144(200.0%)]
      [Rehash Count: 0, Rehash Threshold: 120, Hash Seed: 0x0]
      [Age Threshold: 3]
   [Queue]
      [Dropped: 0]
[GC concurrent-string-deduplication, deleted 10849 entries, 0.0006127 secs]
2021-02-01T06:30:26.408+0530: 52.686: [GC concurrent-root-region-scan-end, 0.0118660 secs]
2021-02-01T06:30:26.408+0530: 52.686: [GC concurrent-mark-start]
2021-02-01T06:30:26.460+0530: 52.738: [GC concurrent-mark-end, 0.0520581 secs]
2021-02-01T06:30:26.460+0530: 52.738: [GC remark 2021-02-01T06:30:26.460+0530: 52.738: [Finalize Marking, 0.0003176 secs] 2021-02-01T06:30:26.460+0530: 52.738: [GC ref-proc, 0.0003652 secs] 2021-02-01T06:30:26.461+0530: 52.739: [Unloading, 0.0065307 secs], 0.0077382 secs]
 [Times: user=0.16 sys=0.00, real=0.01 secs] 
2021-02-01T06:30:26.468+0530: 52.746: [GC cleanup 631M->220M(1232M), 0.0025757 secs]
 [Times: user=0.00 sys=0.00, real=0.00 secs] 
2021-02-01T06:30:26.471+0530: 52.749: [GC concurrent-cleanup-start]
2021-02-01T06:30:26.471+0530: 52.749: [GC concurrent-cleanup-end, 0.0004942 secs]
2021-02-01T06:30:27.624+0530: 53.902: [GC pause (G1 Evacuation Pause) (young), 0.0279297 secs]
   [Parallel Time: 5.5 ms, GC Workers: 10]
      [GC Worker Start (ms): Min: 53902.0, Avg: 53902.1, Max: 53902.2, Diff: 0.2]
      [Ext Root Scanning (ms): Min: 0.2, Avg: 0.3, Max: 0.6, Diff: 0.4, Sum: 3.0]
      [Update RS (ms): Min: 0.2, Avg: 0.4, Max: 0.5, Diff: 0.3, Sum: 3.8]
         [Processed Buffers: Min: 6, Avg: 11.3, Max: 14, Diff: 8, Sum: 113]
      [Scan RS (ms): Min: 0.0, Avg: 0.0, Max: 0.1, Diff: 0.1, Sum: 0.5]
      [Code Root Scanning (ms): Min: 0.0, Avg: 0.0, Max: 0.0, Diff: 0.0, Sum: 0.2]
      [Object Copy (ms): Min: 4.1, Avg: 4.1, Max: 4.2, Diff: 0.1, Sum: 41.2]
      [Termination (ms): Min: 0.0, Avg: 0.0, Max: 0.0, Diff: 0.0, Sum: 0.1]
         [Termination Attempts: Min: 1, Avg: 29.8, Max: 37, Diff: 36, Sum: 298]
      [GC Worker Other (ms): Min: 0.0, Avg: 0.1, Max: 0.3, Diff: 0.3, Sum: 1.0]
      [GC Worker Total (ms): Min: 4.8, Avg: 5.0, Max: 5.1, Diff: 0.3, Sum: 49.6]
      [GC Worker End (ms): Min: 53907.0, Avg: 53907.1, Max: 53907.3, Diff: 0.3]
   [Code Root Fixup: 0.0 ms]
   [Code Root Purge: 0.0 ms]
   [String Dedup Fixup: 1.5 ms, GC Workers: 10]
      [Queue Fixup (ms): Min: 0.0, Avg: 0.0, Max: 0.0, Diff: 0.0, Sum: 0.0]
      [Table Fixup (ms): Min: 0.7, Avg: 0.8, Max: 1.0, Diff: 0.3, Sum: 8.3]
   [Clear CT: 0.9 ms]
   [Other: 20.0 ms]
      [Choose CSet: 0.0 ms]
      [Ref Proc: 18.4 ms]
      [Ref Enq: 0.1 ms]
      [Redirty Cards: 0.9 ms]
      [Humongous Register: 0.0 ms]
      [Humongous Reclaim: 0.0 ms]
      [Free CSet: 0.2 ms]
   [Eden: 432.0M(432.0M)->0.0B(1024.0K) Survivors: 61440.0K->63488.0K Heap: 633.5M(1232.0M)->225.5M(1232.0M)]
 [Times: user=0.03 sys=0.00, real=0.03 secs] 
2021-02-01T06:30:27.652+0530: 53.930: [GC concurrent-string-deduplication, 1704.0B->0.0B(1704.0B), avg 73.2%, 0.0000563 secs]
   [Last Exec: 0.0000563 secs, Idle: 1.2557053 secs, Blocked: 0/0.0000000 secs]
      [Inspected:              12]
         [Skipped:              0(  0.0%)]
         [Hashed:              11( 91.7%)]
         [Known:                0(  0.0%)]
         [New:                 12(100.0%)   1704.0B]
      [Deduplicated:           12(100.0%)   1704.0B(100.0%)]
         [Young:                1(  8.3%)    200.0B( 11.7%)]
         [Old:                 11( 91.7%)   1504.0B( 88.3%)]
   [Total Exec: 40/0.2229376 secs, Idle: 40/53.4214603 secs, Blocked: 48/0.0076370 secs]
      [Inspected:          925895]
         [Skipped:              0(  0.0%)]
         [Hashed:          456089( 49.3%)]
         [Known:            34977(  3.8%)]
         [New:             890918( 96.2%)  61692.4K]
      [Deduplicated:       730281( 82.0%)  45182.7K( 73.2%)]
         [Young:           349501( 47.9%)  26895.3K( 59.5%)]
         [Old:             380780( 52.1%)  18287.4K( 40.5%)]
   [Table]
      [Memory Usage: 3707.2K]
      [Size: 131072, Min: 1024, Max: 16777216]
      [Entries: 101385, Load: 77.4%, Cached: 13100, Added: 194794, Removed: 93409]
      [Resize Count: 7, Shrink Threshold: 87381(66.7%), Grow Threshold: 262144(200.0%)]
      [Rehash Count: 0, Rehash Threshold: 120, Hash Seed: 0x0]
      [Age Threshold: 3]
   [Queue]
      [Dropped: 0]
[GC concurrent-string-deduplication, deleted 17955 entries, 0.0016438 secs]
2021-02-01T06:30:27.656+0530: 53.934: [GC pause (G1 Evacuation Pause) (mixed), 0.0169981 secs]
   [Parallel Time: 13.3 ms, GC Workers: 10]
      [GC Worker Start (ms): Min: 53934.3, Avg: 53934.5, Max: 53934.6, Diff: 0.3]
      [Ext Root Scanning (ms): Min: 0.2, Avg: 0.3, Max: 0.7, Diff: 0.6, Sum: 3.2]
      [Update RS (ms): Min: 0.2, Avg: 0.4, Max: 0.6, Diff: 0.4, Sum: 4.2]
         [Processed Buffers: Min: 1, Avg: 2.5, Max: 6, Diff: 5, Sum: 25]
      [Scan RS (ms): Min: 0.0, Avg: 0.0, Max: 0.1, Diff: 0.1, Sum: 0.3]
      [Code Root Scanning (ms): Min: 0.0, Avg: 0.0, Max: 0.1, Diff: 0.1, Sum: 0.2]
      [Object Copy (ms): Min: 11.8, Avg: 11.8, Max: 11.9, Diff: 0.1, Sum: 118.3]
      [Termination (ms): Min: 0.0, Avg: 0.0, Max: 0.0, Diff: 0.0, Sum: 0.3]
         [Termination Attempts: Min: 1, Avg: 1.7, Max: 3, Diff: 2, Sum: 17]
      [GC Worker Other (ms): Min: 0.0, Avg: 0.0, Max: 0.0, Diff: 0.0, Sum: 0.1]
      [GC Worker Total (ms): Min: 12.5, Avg: 12.7, Max: 12.8, Diff: 0.3, Sum: 126.5]
      [GC Worker End (ms): Min: 53947.2, Avg: 53947.2, Max: 53947.2, Diff: 0.0]
   [Code Root Fixup: 0.0 ms]
   [Code Root Purge: 0.0 ms]
   [String Dedup Fixup: 1.2 ms, GC Workers: 10]
      [Queue Fixup (ms): Min: 0.0, Avg: 0.0, Max: 0.1, Diff: 0.1, Sum: 0.2]
      [Table Fixup (ms): Min: 0.6, Avg: 0.7, Max: 0.7, Diff: 0.1, Sum: 6.8]
   [Clear CT: 0.8 ms]
   [Other: 1.6 ms]
      [Choose CSet: 0.0 ms]
      [Ref Proc: 0.6 ms]
      [Ref Enq: 0.0 ms]
      [Redirty Cards: 0.8 ms]
      [Humongous Register: 0.0 ms]
      [Humongous Reclaim: 0.0 ms]
      [Free CSet: 0.1 ms]
   [Eden: 1024.0K(1024.0K)->0.0B(734.0M) Survivors: 63488.0K->5120.0K Heap: 226.5M(1232.0M)->215.5M(1232.0M)]
 [Times: user=0.16 sys=0.00, real=0.02 secs] 
2021-02-01T06:30:27.681+0530: 53.959: [GC concurrent-string-deduplication, 4491.4K->1857.2K(2634.2K), avg 72.2%, 0.0076596 secs]
   [Last Exec: 0.0076596 secs, Idle: 0.0194788 secs, Blocked: 0/0.0000000 secs]
      [Inspected:           46557]
         [Skipped:              0(  0.0%)]
         [Hashed:            2293(  4.9%)]
         [Known:               45(  0.1%)]
         [New:              46512( 99.9%)   4491.4K]
      [Deduplicated:        30621( 65.8%)   2634.2K( 58.6%)]
         [Young:                0(  0.0%)      0.0B(  0.0%)]
         [Old:              30621(100.0%)   2634.2K(100.0%)]
   [Total Exec: 41/0.2305972 secs, Idle: 41/53.4409391 secs, Blocked: 48/0.0076370 secs]
      [Inspected:          972452]
         [Skipped:              0(  0.0%)]
         [Hashed:          458382( 47.1%)]
         [Known:            35022(  3.6%)]
         [New:             937430( 96.4%)  66183.7K]
      [Deduplicated:       760902( 81.2%)  47816.9K( 72.2%)]
         [Young:           349501( 45.9%)  26895.3K( 56.2%)]
         [Old:             411401( 54.1%)  20921.6K( 43.8%)]
   [Table]
      [Memory Usage: 3772.6K]
      [Size: 131072, Min: 1024, Max: 16777216]
      [Entries: 117275, Load: 89.5%, Cached: 0, Added: 210685, Removed: 93410]
      [Resize Count: 7, Shrink Threshold: 87381(66.7%), Grow Threshold: 262144(200.0%)]
      [Rehash Count: 0, Rehash Threshold: 120, Hash Seed: 0x0]
      [Age Threshold: 3]
   [Queue]
      [Dropped: 0]
[GC concurrent-string-deduplication, deleted 1 entries, 0.0000010 secs]
2021-02-01T06:30:29.729+0530: 56.007: [GC pause (G1 Evacuation Pause) (young), 0.0508143 secs]
   [Parallel Time: 14.5 ms, GC Workers: 10]
      [GC Worker Start (ms): Min: 56006.6, Avg: 56006.8, Max: 56006.9, Diff: 0.3]
      [Ext Root Scanning (ms): Min: 0.1, Avg: 0.3, Max: 0.6, Diff: 0.4, Sum: 2.6]
      [Update RS (ms): Min: 3.0, Avg: 3.2, Max: 3.4, Diff: 0.4, Sum: 32.0]
         [Processed Buffers: Min: 10, Avg: 11.7, Max: 15, Diff: 5, Sum: 117]
      [Scan RS (ms): Min: 0.0, Avg: 0.1, Max: 0.1, Diff: 0.1, Sum: 0.8]
      [Code Root Scanning (ms): Min: 0.0, Avg: 0.0, Max: 0.0, Diff: 0.0, Sum: 0.0]
      [Object Copy (ms): Min: 10.1, Avg: 10.2, Max: 10.3, Diff: 0.2, Sum: 102.5]
      [Termination (ms): Min: 0.1, Avg: 0.2, Max: 0.2, Diff: 0.0, Sum: 1.6]
         [Termination Attempts: Min: 750, Avg: 871.7, Max: 950, Diff: 200, Sum: 8717]
      [GC Worker Other (ms): Min: 0.0, Avg: 0.1, Max: 0.3, Diff: 0.3, Sum: 1.1]
      [GC Worker Total (ms): Min: 13.9, Avg: 14.1, Max: 14.3, Diff: 0.4, Sum: 140.5]
      [GC Worker End (ms): Min: 56020.8, Avg: 56020.8, Max: 56021.0, Diff: 0.3]
   [Code Root Fixup: 0.0 ms]
   [Code Root Purge: 0.0 ms]
   [String Dedup Fixup: 1.1 ms, GC Workers: 10]
      [Queue Fixup (ms): Min: 0.0, Avg: 0.0, Max: 0.0, Diff: 0.0, Sum: 0.0]
      [Table Fixup (ms): Min: 0.7, Avg: 0.7, Max: 0.9, Diff: 0.2, Sum: 7.4]
   [Clear CT: 1.2 ms]
   [Other: 34.0 ms]
      [Choose CSet: 0.0 ms]
      [Ref Proc: 32.3 ms]
      [Ref Enq: 0.3 ms]
      [Redirty Cards: 0.8 ms]
      [Humongous Register: 0.0 ms]
      [Humongous Reclaim: 0.0 ms]
      [Free CSet: 0.3 ms]
   [Eden: 734.0M(734.0M)->0.0B(646.0M) Survivors: 5120.0K->95232.0K Heap: 949.5M(1232.0M)->314.5M(1232.0M)]
 [Times: user=0.34 sys=0.00, real=0.05 secs] 
2021-02-01T06:30:29.780+0530: 56.057: [GC concurrent-string-deduplication, 840.0B->0.0B(840.0B), avg 72.2%, 0.0000074 secs]
   [Last Exec: 0.0000074 secs, Idle: 2.0983604 secs, Blocked: 0/0.0000000 secs]
      [Inspected:               6]
         [Skipped:              0(  0.0%)]
         [Hashed:               6(100.0%)]
         [Known:                0(  0.0%)]
         [New:                  6(100.0%)    840.0B]
      [Deduplicated:            6(100.0%)    840.0B(100.0%)]
         [Young:                0(  0.0%)      0.0B(  0.0%)]
         [Old:                  6(100.0%)    840.0B(100.0%)]
   [Total Exec: 42/0.2306046 secs, Idle: 42/55.5392995 secs, Blocked: 48/0.0076370 secs]
      [Inspected:          972458]
         [Skipped:              0(  0.0%)]
         [Hashed:          458388( 47.1%)]
         [Known:            35022(  3.6%)]
         [New:             937436( 96.4%)  66184.5K]
      [Deduplicated:       760908( 81.2%)  47817.7K( 72.2%)]
         [Young:           349501( 45.9%)  26895.3K( 56.2%)]
         [Old:             411407( 54.1%)  20922.4K( 43.8%)]
   [Table]
      [Memory Usage: 3772.6K]
      [Size: 131072, Min: 1024, Max: 16777216]
      [Entries: 117275, Load: 89.5%, Cached: 0, Added: 210685, Removed: 93410]
      [Resize Count: 7, Shrink Threshold: 87381(66.7%), Grow Threshold: 262144(200.0%)]
      [Rehash Count: 0, Rehash Threshold: 120, Hash Seed: 0x0]
      [Age Threshold: 3]
   [Queue]
      [Dropped: 0]
[GC concurrent-string-deduplication, deleted 0 entries, 0.0000005 secs]
2021-02-01T06:30:31.694+0530: 57.972: [GC pause (G1 Evacuation Pause) (young), 0.0490006 secs]
   [Parallel Time: 11.0 ms, GC Workers: 10]
      [GC Worker Start (ms): Min: 57971.8, Avg: 57971.9, Max: 57972.0, Diff: 0.2]
      [Ext Root Scanning (ms): Min: 0.2, Avg: 0.3, Max: 0.7, Diff: 0.5, Sum: 3.1]
      [Update RS (ms): Min: 0.7, Avg: 1.7, Max: 2.6, Diff: 1.8, Sum: 16.8]
         [Processed Buffers: Min: 4, Avg: 5.1, Max: 7, Diff: 3, Sum: 51]
      [Scan RS (ms): Min: 0.0, Avg: 0.1, Max: 0.1, Diff: 0.1, Sum: 0.6]
      [Code Root Scanning (ms): Min: 0.0, Avg: 0.0, Max: 0.0, Diff: 0.0, Sum: 0.0]
      [Object Copy (ms): Min: 7.6, Avg: 8.4, Max: 9.1, Diff: 1.5, Sum: 84.3]
      [Termination (ms): Min: 0.0, Avg: 0.0, Max: 0.1, Diff: 0.1, Sum: 0.3]
         [Termination Attempts: Min: 48, Avg: 139.9, Max: 161, Diff: 113, Sum: 1399]
      [GC Worker Other (ms): Min: 0.0, Avg: 0.1, Max: 0.2, Diff: 0.2, Sum: 1.1]
      [GC Worker Total (ms): Min: 10.5, Avg: 10.6, Max: 10.7, Diff: 0.3, Sum: 106.2]
      [GC Worker End (ms): Min: 57982.5, Avg: 57982.6, Max: 57982.7, Diff: 0.2]
   [Code Root Fixup: 0.0 ms]
   [Code Root Purge: 0.0 ms]
   [String Dedup Fixup: 1.1 ms, GC Workers: 10]
      [Queue Fixup (ms): Min: 0.0, Avg: 0.0, Max: 0.0, Diff: 0.0, Sum: 0.0]
      [Table Fixup (ms): Min: 0.4, Avg: 0.8, Max: 0.9, Diff: 0.4, Sum: 7.6]
   [Clear CT: 0.4 ms]
   [Other: 36.5 ms]
      [Choose CSet: 0.0 ms]
      [Ref Proc: 35.2 ms]
      [Ref Enq: 0.3 ms]
      [Redirty Cards: 0.7 ms]
      [Humongous Register: 0.0 ms]
      [Humongous Reclaim: 0.0 ms]
      [Free CSet: 0.3 ms]
   [Eden: 646.0M(646.0M)->0.0B(646.0M) Survivors: 95232.0K->95232.0K Heap: 961.0M(1232.0M)->327.5M(1232.0M)]
 [Times: user=0.19 sys=0.00, real=0.05 secs] 
2021-02-01T06:30:31.743+0530: 58.021: [GC concurrent-string-deduplication, 9776.0B->1280.0B(8496.0B), avg 72.3%, 0.0000534 secs]
   [Last Exec: 0.0000534 secs, Idle: 1.9633392 secs, Blocked: 0/0.0000000 secs]
      [Inspected:              91]
         [Skipped:              0(  0.0%)]
         [Hashed:              11( 12.1%)]
         [Known:                0(  0.0%)]
         [New:                 91(100.0%)   9776.0B]
      [Deduplicated:           80( 87.9%)   8496.0B( 86.9%)]
         [Young:               69( 86.3%)   6928.0B( 81.5%)]
         [Old:                 11( 13.8%)   1568.0B( 18.5%)]
   [Total Exec: 43/0.2306580 secs, Idle: 43/57.5026387 secs, Blocked: 48/0.0076370 secs]
      [Inspected:          972549]
         [Skipped:              0(  0.0%)]
         [Hashed:          458399( 47.1%)]
         [Known:            35022(  3.6%)]
         [New:             937527( 96.4%)  66194.1K]
      [Deduplicated:       760988( 81.2%)  47826.0K( 72.3%)]
         [Young:           349570( 45.9%)  26902.1K( 56.2%)]
         [Old:             411418( 54.1%)  20923.9K( 43.8%)]
   [Table]
      [Memory Usage: 3772.9K]
      [Size: 131072, Min: 1024, Max: 16777216]
      [Entries: 117286, Load: 89.5%, Cached: 0, Added: 210696, Removed: 93410]
      [Resize Count: 7, Shrink Threshold: 87381(66.7%), Grow Threshold: 262144(200.0%)]
      [Rehash Count: 0, Rehash Threshold: 120, Hash Seed: 0x0]
      [Age Threshold: 3]
   [Queue]
      [Dropped: 0]
[GC concurrent-string-deduplication, deleted 0 entries, 0.0000005 secs]
2021-02-01T06:30:33.328+0530: 59.606: [GC pause (G1 Evacuation Pause) (young), 0.0477839 secs]
   [Parallel Time: 8.8 ms, GC Workers: 10]
      [GC Worker Start (ms): Min: 59605.7, Avg: 59605.8, Max: 59605.9, Diff: 0.2]
      [Ext Root Scanning (ms): Min: 0.2, Avg: 0.3, Max: 0.7, Diff: 0.5, Sum: 3.0]
      [Update RS (ms): Min: 0.8, Avg: 1.1, Max: 1.5, Diff: 0.6, Sum: 11.0]
         [Processed Buffers: Min: 5, Avg: 5.8, Max: 8, Diff: 3, Sum: 58]
      [Scan RS (ms): Min: 0.0, Avg: 0.1, Max: 0.2, Diff: 0.2, Sum: 0.6]
      [Code Root Scanning (ms): Min: 0.0, Avg: 0.0, Max: 0.0, Diff: 0.0, Sum: 0.0]
      [Object Copy (ms): Min: 6.0, Avg: 6.3, Max: 6.4, Diff: 0.4, Sum: 63.0]
      [Termination (ms): Min: 0.1, Avg: 0.1, Max: 0.2, Diff: 0.0, Sum: 1.4]
         [Termination Attempts: Min: 608, Avg: 667.4, Max: 730, Diff: 122, Sum: 6674]
      [GC Worker Other (ms): Min: 0.0, Avg: 0.2, Max: 0.4, Diff: 0.3, Sum: 1.6]
      [GC Worker Total (ms): Min: 7.9, Avg: 8.1, Max: 8.4, Diff: 0.5, Sum: 80.6]
      [GC Worker End (ms): Min: 59613.7, Avg: 59613.9, Max: 59614.1, Diff: 0.3]
   [Code Root Fixup: 0.0 ms]
   [Code Root Purge: 0.0 ms]
   [String Dedup Fixup: 1.3 ms, GC Workers: 10]
      [Queue Fixup (ms): Min: 0.0, Avg: 0.0, Max: 0.0, Diff: 0.0, Sum: 0.0]
      [Table Fixup (ms): Min: 0.6, Avg: 0.7, Max: 0.9, Diff: 0.2, Sum: 7.4]
   [Clear CT: 0.6 ms]
   [Other: 37.1 ms]
      [Choose CSet: 0.0 ms]
      [Ref Proc: 35.9 ms]
      [Ref Enq: 0.2 ms]
      [Redirty Cards: 0.6 ms]
      [Humongous Register: 0.0 ms]
      [Humongous Reclaim: 0.0 ms]
      [Free CSet: 0.2 ms]
   [Eden: 646.0M(646.0M)->0.0B(646.0M) Survivors: 95232.0K->95232.0K Heap: 973.5M(1232.0M)->327.0M(1232.0M)]
 [Times: user=0.05 sys=0.00, real=0.05 secs] 
2021-02-01T06:30:33.377+0530: 59.655: [GC concurrent-string-deduplication, 600.0K->367.1K(233.0K), avg 72.0%, 0.0015323 secs]
   [Last Exec: 0.0015323 secs, Idle: 1.6325676 secs, Blocked: 0/0.0000000 secs]
      [Inspected:            6140]
         [Skipped:              0(  0.0%)]
         [Hashed:              48(  0.8%)]
         [Known:                0(  0.0%)]
         [New:               6140(100.0%)    600.0K]
      [Deduplicated:         2943( 47.9%)    233.0K( 38.8%)]
         [Young:             2943(100.0%)    233.0K(100.0%)]
         [Old:                  0(  0.0%)      0.0B(  0.0%)]
   [Total Exec: 44/0.2321903 secs, Idle: 44/59.1352063 secs, Blocked: 48/0.0076370 secs]
      [Inspected:          978689]
         [Skipped:              0(  0.0%)]
         [Hashed:          458447( 46.8%)]
         [Known:            35022(  3.6%)]
         [New:             943667( 96.4%)  66794.1K]
      [Deduplicated:       763931( 81.0%)  48059.0K( 72.0%)]
         [Young:           352513( 46.1%)  27135.0K( 56.5%)]
         [Old:             411418( 53.9%)  20923.9K( 43.5%)]
   [Table]
      [Memory Usage: 3878.2K]
      [Size: 131072, Min: 1024, Max: 16777216]
      [Entries: 121778, Load: 92.9%, Cached: 0, Added: 215198, Removed: 93420]
      [Resize Count: 7, Shrink Threshold: 87381(66.7%), Grow Threshold: 262144(200.0%)]
      [Rehash Count: 0, Rehash Threshold: 120, Hash Seed: 0x0]
      [Age Threshold: 3]
   [Queue]
      [Dropped: 0]
[GC concurrent-string-deduplication, deleted 0 entries, 0.0000006 secs]
2021-02-01T06:30:35.199+0530: 61.477: [GC pause (G1 Evacuation Pause) (young), 0.0425822 secs]
   [Parallel Time: 9.0 ms, GC Workers: 10]
      [GC Worker Start (ms): Min: 61477.3, Avg: 61477.4, Max: 61477.5, Diff: 0.2]
      [Ext Root Scanning (ms): Min: 0.2, Avg: 0.4, Max: 0.9, Diff: 0.6, Sum: 3.6]
      [Update RS (ms): Min: 0.7, Avg: 1.1, Max: 1.7, Diff: 1.0, Sum: 11.1]
         [Processed Buffers: Min: 3, Avg: 4.8, Max: 8, Diff: 5, Sum: 48]
      [Scan RS (ms): Min: 0.0, Avg: 0.1, Max: 0.2, Diff: 0.2, Sum: 1.1]
      [Code Root Scanning (ms): Min: 0.0, Avg: 0.0, Max: 0.0, Diff: 0.0, Sum: 0.0]
      [Object Copy (ms): Min: 6.4, Avg: 6.9, Max: 7.0, Diff: 0.6, Sum: 69.1]
      [Termination (ms): Min: 0.0, Avg: 0.0, Max: 0.0, Diff: 0.0, Sum: 0.2]
         [Termination Attempts: Min: 1, Avg: 135.7, Max: 176, Diff: 175, Sum: 1357]
      [GC Worker Other (ms): Min: 0.0, Avg: 0.1, Max: 0.3, Diff: 0.3, Sum: 1.1]
      [GC Worker Total (ms): Min: 8.5, Avg: 8.6, Max: 8.7, Diff: 0.2, Sum: 86.2]
      [GC Worker End (ms): Min: 61485.9, Avg: 61486.0, Max: 61486.2, Diff: 0.3]
   [Code Root Fixup: 0.0 ms]
   [Code Root Purge: 0.0 ms]
   [String Dedup Fixup: 1.5 ms, GC Workers: 10]
      [Queue Fixup (ms): Min: 0.0, Avg: 0.0, Max: 0.0, Diff: 0.0, Sum: 0.0]
      [Table Fixup (ms): Min: 0.7, Avg: 0.8, Max: 0.9, Diff: 0.3, Sum: 7.8]
   [Clear CT: 0.7 ms]
   [Other: 31.4 ms]
      [Choose CSet: 0.0 ms]
      [Ref Proc: 30.0 ms]
      [Ref Enq: 0.2 ms]
      [Redirty Cards: 0.7 ms]
      [Humongous Register: 0.0 ms]
      [Humongous Reclaim: 0.0 ms]
      [Free CSet: 0.3 ms]
   [Eden: 646.0M(646.0M)->0.0B(646.0M) Survivors: 95232.0K->95232.0K Heap: 973.0M(1232.0M)->343.5M(1232.0M)]
 [Times: user=0.03 sys=0.00, real=0.04 secs] 
2021-02-01T06:30:35.243+0530: 61.521: [GC concurrent-string-deduplication, 407.6K->266.4K(141.2K), avg 71.7%, 0.0014154 secs]
   [Last Exec: 0.0014154 secs, Idle: 1.8647657 secs, Blocked: 0/0.0000000 secs]
      [Inspected:            4706]
         [Skipped:              0(  0.0%)]
         [Hashed:              17(  0.4%)]
         [Known:                0(  0.0%)]
         [New:               4706(100.0%)    407.6K]
      [Deduplicated:         2153( 45.8%)    141.2K( 34.6%)]
         [Young:             2151( 99.9%)    140.9K( 99.8%)]
         [Old:                  2(  0.1%)    320.0B(  0.2%)]
   [Total Exec: 45/0.2336057 secs, Idle: 45/60.9999720 secs, Blocked: 48/0.0076370 secs]
      [Inspected:          983395]
         [Skipped:              0(  0.0%)]
         [Hashed:          458464( 46.6%)]
         [Known:            35022(  3.6%)]
         [New:             948373( 96.4%)  67201.8K]
      [Deduplicated:       766084( 80.8%)  48200.1K( 71.7%)]
         [Young:           354664( 46.3%)  27275.9K( 56.6%)]
         [Old:             411420( 53.7%)  20924.2K( 43.4%)]
   [Table]
      [Memory Usage: 3938.0K]
      [Size: 131072, Min: 1024, Max: 16777216]
      [Entries: 124331, Load: 94.9%, Cached: 0, Added: 217751, Removed: 93420]
      [Resize Count: 7, Shrink Threshold: 87381(66.7%), Grow Threshold: 262144(200.0%)]
      [Rehash Count: 0, Rehash Threshold: 120, Hash Seed: 0x0]
      [Age Threshold: 3]
   [Queue]
      [Dropped: 0]
[GC concurrent-string-deduplication, deleted 0 entries, 0.0000005 secs]
2021-02-01T06:30:36.913+0530: 63.191: [GC pause (G1 Evacuation Pause) (young), 0.0448737 secs]
   [Parallel Time: 13.1 ms, GC Workers: 10]
      [GC Worker Start (ms): Min: 63191.4, Avg: 63191.5, Max: 63191.6, Diff: 0.1]
      [Ext Root Scanning (ms): Min: 0.2, Avg: 0.3, Max: 0.7, Diff: 0.5, Sum: 3.1]
      [Update RS (ms): Min: 0.9, Avg: 1.2, Max: 1.3, Diff: 0.4, Sum: 12.4]
         [Processed Buffers: Min: 4, Avg: 6.5, Max: 9, Diff: 5, Sum: 65]
      [Scan RS (ms): Min: 0.0, Avg: 0.1, Max: 0.1, Diff: 0.1, Sum: 0.9]
      [Code Root Scanning (ms): Min: 0.0, Avg: 0.0, Max: 0.0, Diff: 0.0, Sum: 0.0]
      [Object Copy (ms): Min: 10.9, Avg: 11.0, Max: 11.0, Diff: 0.1, Sum: 109.8]
      [Termination (ms): Min: 0.1, Avg: 0.1, Max: 0.1, Diff: 0.0, Sum: 0.6]
         [Termination Attempts: Min: 302, Avg: 342.7, Max: 366, Diff: 64, Sum: 3427]
      [GC Worker Other (ms): Min: 0.0, Avg: 0.1, Max: 0.1, Diff: 0.1, Sum: 0.7]
      [GC Worker Total (ms): Min: 12.6, Avg: 12.8, Max: 12.9, Diff: 0.3, Sum: 127.6]
      [GC Worker End (ms): Min: 63204.2, Avg: 63204.3, Max: 63204.3, Diff: 0.1]
   [Code Root Fixup: 0.0 ms]
   [Code Root Purge: 0.0 ms]
   [String Dedup Fixup: 1.5 ms, GC Workers: 10]
      [Queue Fixup (ms): Min: 0.0, Avg: 0.0, Max: 0.0, Diff: 0.0, Sum: 0.1]
      [Table Fixup (ms): Min: 1.2, Avg: 1.3, Max: 1.4, Diff: 0.2, Sum: 12.6]
   [Clear CT: 0.9 ms]
   [Other: 29.3 ms]
      [Choose CSet: 0.0 ms]
      [Ref Proc: 27.8 ms]
      [Ref Enq: 0.3 ms]
      [Redirty Cards: 0.9 ms]
      [Humongous Register: 0.0 ms]
      [Humongous Reclaim: 0.0 ms]
      [Free CSet: 0.3 ms]
   [Eden: 646.0M(646.0M)->0.0B(646.0M) Survivors: 95232.0K->95232.0K Heap: 989.5M(1232.0M)->353.0M(1232.0M)]
 [Times: user=0.19 sys=0.00, real=0.04 secs] 
2021-02-01T06:30:36.962+0530: 63.240: [GC concurrent-string-deduplication, 1223.2K->202.2K(1021.1K), avg 71.9%, 0.0032489 secs]
   [Last Exec: 0.0032489 secs, Idle: 1.7150423 secs, Blocked: 0/0.0000000 secs]
      [Inspected:           13400]
         [Skipped:              0(  0.0%)]
         [Hashed:             699(  5.2%)]
         [Known:             1333(  9.9%)]
         [New:              12067( 90.1%)   1223.2K]
      [Deduplicated:        10696( 88.6%)   1021.1K( 83.5%)]
         [Young:            10696(100.0%)   1021.1K(100.0%)]
         [Old:                  0(  0.0%)      0.0B(  0.0%)]
   [Total Exec: 46/0.2368546 secs, Idle: 46/62.7150143 secs, Blocked: 48/0.0076370 secs]
      [Inspected:          996795]
         [Skipped:              0(  0.0%)]
         [Hashed:          459163( 46.1%)]
         [Known:            36355(  3.6%)]
         [New:             960440( 96.4%)  68425.0K]
      [Deduplicated:       776780( 80.9%)  49221.2K( 71.9%)]
         [Young:           365360( 47.0%)  28297.0K( 57.5%)]
         [Old:             411420( 53.0%)  20924.2K( 42.5%)]
   [Table]
      [Memory Usage: 3970.1K]
      [Size: 131072, Min: 1024, Max: 16777216]
      [Entries: 125702, Load: 95.9%, Cached: 0, Added: 219122, Removed: 93420]
      [Resize Count: 7, Shrink Threshold: 87381(66.7%), Grow Threshold: 262144(200.0%)]
      [Rehash Count: 0, Rehash Threshold: 120, Hash Seed: 0x0]
      [Age Threshold: 3]
   [Queue]
      [Dropped: 0]
[GC concurrent-string-deduplication, deleted 0 entries, 0.0000005 secs]
2021-02-01T06:30:38.771+0530: 65.049: [GC pause (G1 Evacuation Pause) (young), 0.0471576 secs]
   [Parallel Time: 13.4 ms, GC Workers: 10]
      [GC Worker Start (ms): Min: 65049.2, Avg: 65049.3, Max: 65049.4, Diff: 0.2]
      [Ext Root Scanning (ms): Min: 0.2, Avg: 0.3, Max: 0.7, Diff: 0.5, Sum: 3.0]
      [Update RS (ms): Min: 1.0, Avg: 2.1, Max: 3.5, Diff: 2.5, Sum: 21.1]
         [Processed Buffers: Min: 5, Avg: 7.5, Max: 11, Diff: 6, Sum: 75]
      [Scan RS (ms): Min: 0.0, Avg: 0.1, Max: 0.1, Diff: 0.1, Sum: 0.6]
      [Code Root Scanning (ms): Min: 0.0, Avg: 0.0, Max: 0.0, Diff: 0.0, Sum: 0.0]
      [Object Copy (ms): Min: 9.0, Avg: 10.2, Max: 11.0, Diff: 2.1, Sum: 102.3]
      [Termination (ms): Min: 0.0, Avg: 0.1, Max: 0.1, Diff: 0.1, Sum: 0.6]
         [Termination Attempts: Min: 1, Avg: 84.1, Max: 121, Diff: 120, Sum: 841]
      [GC Worker Other (ms): Min: 0.0, Avg: 0.1, Max: 0.2, Diff: 0.2, Sum: 0.7]
      [GC Worker Total (ms): Min: 12.7, Avg: 12.8, Max: 13.0, Diff: 0.2, Sum: 128.4]
      [GC Worker End (ms): Min: 65062.1, Avg: 65062.1, Max: 65062.3, Diff: 0.2]
   [Code Root Fixup: 0.0 ms]
   [Code Root Purge: 0.0 ms]
   [String Dedup Fixup: 1.4 ms, GC Workers: 10]
      [Queue Fixup (ms): Min: 0.0, Avg: 0.0, Max: 0.1, Diff: 0.1, Sum: 0.3]
      [Table Fixup (ms): Min: 0.9, Avg: 0.9, Max: 1.0, Diff: 0.1, Sum: 9.2]
   [Clear CT: 0.6 ms]
   [Other: 31.8 ms]
      [Choose CSet: 0.0 ms]
      [Ref Proc: 30.5 ms]
      [Ref Enq: 0.3 ms]
      [Redirty Cards: 0.6 ms]
      [Humongous Register: 0.0 ms]
      [Humongous Reclaim: 0.0 ms]
      [Free CSet: 0.3 ms]
   [Eden: 646.0M(646.0M)->0.0B(638.0M) Survivors: 95232.0K->95232.0K Heap: 999.5M(1232.0M)->375.5M(1232.0M)]
 [Times: user=0.19 sys=0.00, real=0.05 secs] 
2021-02-01T06:30:38.830+0530: 65.108: [GC concurrent-string-deduplication, 4222.8K->140.3K(4082.4K), avg 73.4%, 0.0112504 secs]
   [Last Exec: 0.0112504 secs, Idle: 1.8567161 secs, Blocked: 0/0.0000000 secs]
      [Inspected:           44422]
         [Skipped:              0(  0.0%)]
         [Hashed:            2364(  5.3%)]
         [Known:                0(  0.0%)]
         [New:              44422(100.0%)   4222.8K]
      [Deduplicated:        43112( 97.1%)   4082.4K( 96.7%)]
         [Young:            43094(100.0%)   4079.9K( 99.9%)]
         [Old:                 18(  0.0%)   2592.0B(  0.1%)]
   [Total Exec: 47/0.2481050 secs, Idle: 47/64.5717304 secs, Blocked: 48/0.0076370 secs]
      [Inspected:         1041217]
         [Skipped:              0(  0.0%)]
         [Hashed:          461527( 44.3%)]
         [Known:            36355(  3.5%)]
         [New:            1004862( 96.5%)  72647.7K]
      [Deduplicated:       819892( 81.6%)  53303.6K( 73.4%)]
         [Young:           408454( 49.8%)  32376.9K( 60.7%)]
         [Old:             411438( 50.2%)  20926.8K( 39.3%)]
   [Table]
      [Memory Usage: 4000.8K]
      [Size: 131072, Min: 1024, Max: 16777216]
      [Entries: 127012, Load: 96.9%, Cached: 0, Added: 220432, Removed: 93420]
      [Resize Count: 7, Shrink Threshold: 87381(66.7%), Grow Threshold: 262144(200.0%)]
      [Rehash Count: 0, Rehash Threshold: 120, Hash Seed: 0x0]
      [Age Threshold: 3]
   [Queue]
      [Dropped: 0]
[GC concurrent-string-deduplication, deleted 0 entries, 0.0000005 secs]
2021-02-01T06:30:40.398+0530: 66.676: [GC pause (G1 Evacuation Pause) (young), 0.0511801 secs]
   [Parallel Time: 10.6 ms, GC Workers: 10]
      [GC Worker Start (ms): Min: 66675.7, Avg: 66675.8, Max: 66675.9, Diff: 0.1]
      [Ext Root Scanning (ms): Min: 0.2, Avg: 0.3, Max: 0.7, Diff: 0.5, Sum: 3.0]
      [Update RS (ms): Min: 1.3, Avg: 1.6, Max: 1.9, Diff: 0.6, Sum: 16.2]
         [Processed Buffers: Min: 6, Avg: 9.0, Max: 14, Diff: 8, Sum: 90]
      [Scan RS (ms): Min: 0.0, Avg: 0.1, Max: 0.1, Diff: 0.1, Sum: 0.6]
      [Code Root Scanning (ms): Min: 0.0, Avg: 0.0, Max: 0.0, Diff: 0.0, Sum: 0.1]
      [Object Copy (ms): Min: 7.7, Avg: 7.9, Max: 7.9, Diff: 0.2, Sum: 78.6]
      [Termination (ms): Min: 0.2, Avg: 0.2, Max: 0.2, Diff: 0.1, Sum: 2.0]
         [Termination Attempts: Min: 886, Avg: 959.3, Max: 1014, Diff: 128, Sum: 9593]
      [GC Worker Other (ms): Min: 0.0, Avg: 0.1, Max: 0.2, Diff: 0.2, Sum: 0.9]
      [GC Worker Total (ms): Min: 10.0, Avg: 10.1, Max: 10.3, Diff: 0.3, Sum: 101.4]
      [GC Worker End (ms): Min: 66685.9, Avg: 66686.0, Max: 66686.1, Diff: 0.2]
   [Code Root Fixup: 0.0 ms]
   [Code Root Purge: 0.0 ms]
   [String Dedup Fixup: 1.5 ms, GC Workers: 10]
      [Queue Fixup (ms): Min: 0.0, Avg: 0.0, Max: 0.0, Diff: 0.0, Sum: 0.0]
      [Table Fixup (ms): Min: 0.9, Avg: 1.0, Max: 1.1, Diff: 0.2, Sum: 10.0]
   [Clear CT: 0.4 ms]
   [Other: 38.6 ms]
      [Choose CSet: 0.0 ms]
      [Ref Proc: 37.2 ms]
      [Ref Enq: 0.2 ms]
      [Redirty Cards: 0.8 ms]
      [Humongous Register: 0.0 ms]
      [Humongous Reclaim: 0.0 ms]
      [Free CSet: 0.3 ms]
   [Eden: 638.0M(638.0M)->0.0B(636.0M) Survivors: 95232.0K->94208.0K Heap: 1013.5M(1232.0M)->379.0M(1232.0M)]
 [Times: user=0.17 sys=0.00, real=0.05 secs] 
2021-02-01T06:30:40.449+0530: 66.727: [GC concurrent-string-deduplication, 5776.0B->176.0B(5600.0B), avg 73.4%, 0.0000266 secs]
   [Last Exec: 0.0000266 secs, Idle: 1.6192406 secs, Blocked: 0/0.0000000 secs]
      [Inspected:              51]
         [Skipped:              0(  0.0%)]
         [Hashed:              50( 98.0%)]
         [Known:                0(  0.0%)]
         [New:                 51(100.0%)   5776.0B]
      [Deduplicated:           49( 96.1%)   5600.0B( 97.0%)]
         [Young:                4(  8.2%)    512.0B(  9.1%)]
         [Old:                 45( 91.8%)   5088.0B( 90.9%)]
   [Total Exec: 48/0.2481316 secs, Idle: 48/66.1909710 secs, Blocked: 48/0.0076370 secs]
      [Inspected:         1041268]
         [Skipped:              0(  0.0%)]
         [Hashed:          461577( 44.3%)]
         [Known:            36355(  3.5%)]
         [New:            1004913( 96.5%)  72653.4K]
      [Deduplicated:       819941( 81.6%)  53309.1K( 73.4%)]
         [Young:           408458( 49.8%)  32377.4K( 60.7%)]
         [Old:             411483( 50.2%)  20931.7K( 39.3%)]
   [Table]
      [Memory Usage: 4001.6K]
      [Size: 131072, Min: 1024, Max: 16777216]
      [Entries: 125735, Load: 95.9%, Cached: 1309, Added: 220466, Removed: 94731]
      [Resize Count: 7, Shrink Threshold: 87381(66.7%), Grow Threshold: 262144(200.0%)]
      [Rehash Count: 0, Rehash Threshold: 120, Hash Seed: 0x0]
      [Age Threshold: 3]
   [Queue]
      [Dropped: 0]
[GC concurrent-string-deduplication, deleted 0 entries, 0.0000006 secs]
2021-02-01T06:30:42.333+0530: 68.611: [GC pause (G1 Evacuation Pause) (young), 0.0568588 secs]
   [Parallel Time: 13.5 ms, GC Workers: 10]
      [GC Worker Start (ms): Min: 68611.3, Avg: 68611.5, Max: 68611.5, Diff: 0.2]
      [Ext Root Scanning (ms): Min: 0.2, Avg: 0.3, Max: 0.7, Diff: 0.5, Sum: 2.8]
      [Update RS (ms): Min: 2.1, Avg: 2.6, Max: 2.9, Diff: 0.8, Sum: 25.9]
         [Processed Buffers: Min: 6, Avg: 8.1, Max: 10, Diff: 4, Sum: 81]
      [Scan RS (ms): Min: 0.0, Avg: 0.2, Max: 0.4, Diff: 0.3, Sum: 1.9]
      [Code Root Scanning (ms): Min: 0.0, Avg: 0.0, Max: 0.1, Diff: 0.1, Sum: 0.2]
      [Object Copy (ms): Min: 9.7, Avg: 9.9, Max: 10.0, Diff: 0.3, Sum: 99.0]
      [Termination (ms): Min: 0.0, Avg: 0.0, Max: 0.1, Diff: 0.1, Sum: 0.5]
         [Termination Attempts: Min: 1, Avg: 244.3, Max: 300, Diff: 299, Sum: 2443]
      [GC Worker Other (ms): Min: 0.0, Avg: 0.1, Max: 0.2, Diff: 0.2, Sum: 1.3]
      [GC Worker Total (ms): Min: 13.0, Avg: 13.2, Max: 13.3, Diff: 0.3, Sum: 131.6]
      [GC Worker End (ms): Min: 68624.5, Avg: 68624.6, Max: 68624.7, Diff: 0.2]
   [Code Root Fixup: 0.0 ms]
   [Code Root Purge: 0.0 ms]
   [String Dedup Fixup: 2.8 ms, GC Workers: 10]
      [Queue Fixup (ms): Min: 0.0, Avg: 0.0, Max: 0.1, Diff: 0.1, Sum: 0.1]
      [Table Fixup (ms): Min: 1.5, Avg: 2.3, Max: 2.5, Diff: 1.0, Sum: 22.7]
   [Clear CT: 0.4 ms]
   [Other: 40.1 ms]
      [Choose CSet: 0.0 ms]
      [Ref Proc: 39.0 ms]
      [Ref Enq: 0.2 ms]
      [Redirty Cards: 0.3 ms]
      [Humongous Register: 0.0 ms]
      [Humongous Reclaim: 0.0 ms]
      [Free CSet: 0.5 ms]
   [Eden: 636.0M(636.0M)->0.0B(621.0M) Survivors: 94208.0K->93184.0K Heap: 1015.0M(1232.0M)->395.0M(1232.0M)]
 [Times: user=0.20 sys=0.00, real=0.06 secs] 
2021-02-01T06:30:42.392+0530: 68.670: [GC concurrent-string-deduplication, 476.0K->0.0B(476.0K), avg 73.5%, 0.0017197 secs]
   [Last Exec: 0.0017197 secs, Idle: 1.9412134 secs, Blocked: 0/0.0000000 secs]
      [Inspected:            4500]
         [Skipped:              0(  0.0%)]
         [Hashed:            2002( 44.5%)]
         [Known:                0(  0.0%)]
         [New:               4500(100.0%)    476.0K]
      [Deduplicated:         4500(100.0%)    476.0K(100.0%)]
         [Young:             1723( 38.3%)    202.0K( 42.4%)]
         [Old:               2777( 61.7%)    274.0K( 57.6%)]
   [Total Exec: 49/0.2498513 secs, Idle: 49/68.1321844 secs, Blocked: 48/0.0076370 secs]
      [Inspected:         1045768]
         [Skipped:              0(  0.0%)]
         [Hashed:          463579( 44.3%)]
         [Known:            36355(  3.5%)]
         [New:            1009413( 96.5%)  73129.4K]
      [Deduplicated:       824441( 81.7%)  53785.1K( 73.5%)]
         [Young:           410181( 49.8%)  32579.4K( 60.6%)]
         [Old:             414260( 50.2%)  21205.7K( 39.4%)]
   [Table]
      [Memory Usage: 4001.6K]
      [Size: 131072, Min: 1024, Max: 16777216]
      [Entries: 125735, Load: 95.9%, Cached: 1309, Added: 220466, Removed: 94731]
      [Resize Count: 7, Shrink Threshold: 87381(66.7%), Grow Threshold: 262144(200.0%)]
      [Rehash Count: 0, Rehash Threshold: 120, Hash Seed: 0x0]
      [Age Threshold: 3]
   [Queue]
      [Dropped: 0]
[GC concurrent-string-deduplication, deleted 0 entries, 0.0000008 secs]
2021-02-01T06:30:44.127+0530: 70.404: [GC pause (G1 Evacuation Pause) (young), 0.0474953 secs]
   [Parallel Time: 14.4 ms, GC Workers: 10]
      [GC Worker Start (ms): Min: 70404.6, Avg: 70404.7, Max: 70404.8, Diff: 0.2]
      [Ext Root Scanning (ms): Min: 0.2, Avg: 0.3, Max: 0.8, Diff: 0.6, Sum: 3.1]
      [Update RS (ms): Min: 1.6, Avg: 1.9, Max: 2.0, Diff: 0.4, Sum: 18.8]
         [Processed Buffers: Min: 8, Avg: 10.2, Max: 15, Diff: 7, Sum: 102]
      [Scan RS (ms): Min: 0.0, Avg: 0.1, Max: 0.1, Diff: 0.1, Sum: 0.7]
      [Code Root Scanning (ms): Min: 0.0, Avg: 0.0, Max: 0.0, Diff: 0.0, Sum: 0.1]
      [Object Copy (ms): Min: 11.5, Avg: 11.5, Max: 11.5, Diff: 0.0, Sum: 114.7]
      [Termination (ms): Min: 0.0, Avg: 0.1, Max: 0.1, Diff: 0.1, Sum: 0.6]
         [Termination Attempts: Min: 1, Avg: 335.6, Max: 415, Diff: 414, Sum: 3356]
      [GC Worker Other (ms): Min: 0.0, Avg: 0.2, Max: 0.3, Diff: 0.2, Sum: 1.8]
      [GC Worker Total (ms): Min: 13.8, Avg: 14.0, Max: 14.2, Diff: 0.4, Sum: 139.8]
      [GC Worker End (ms): Min: 70418.5, Avg: 70418.7, Max: 70418.8, Diff: 0.2]
   [Code Root Fixup: 0.0 ms]
   [Code Root Purge: 0.0 ms]
   [String Dedup Fixup: 1.5 ms, GC Workers: 10]
      [Queue Fixup (ms): Min: 0.0, Avg: 0.0, Max: 0.0, Diff: 0.0, Sum: 0.1]
      [Table Fixup (ms): Min: 0.8, Avg: 0.9, Max: 1.0, Diff: 0.2, Sum: 9.3]
   [Clear CT: 0.6 ms]
   [Other: 31.0 ms]
      [Choose CSet: 0.0 ms]
      [Ref Proc: 29.7 ms]
      [Ref Enq: 0.3 ms]
      [Redirty Cards: 0.7 ms]
      [Humongous Register: 0.0 ms]
      [Humongous Reclaim: 0.0 ms]
      [Free CSet: 0.3 ms]
   [Eden: 621.0M(621.0M)->0.0B(616.0M) Survivors: 93184.0K->91136.0K Heap: 1016.0M(1232.0M)->401.5M(1232.0M)]
 [Times: user=0.17 sys=0.00, real=0.05 secs] 
2021-02-01T06:30:44.177+0530: 70.455: [GC concurrent-string-deduplication, 1060.9K->57472.0B(1004.7K), avg 73.9%, 0.0029879 secs]
   [Last Exec: 0.0029879 secs, Idle: 1.7820800 secs, Blocked: 0/0.0000000 secs]
      [Inspected:           10161]
         [Skipped:              0(  0.0%)]
         [Hashed:            2333( 23.0%)]
         [Known:               47(  0.5%)]
         [New:              10114( 99.5%)   1060.9K]
      [Deduplicated:         9990( 98.8%)   1004.7K( 94.7%)]
         [Young:             9990(100.0%)   1004.7K(100.0%)]
         [Old:                  0(  0.0%)      0.0B(  0.0%)]
   [Total Exec: 50/0.2528392 secs, Idle: 50/69.9142644 secs, Blocked: 48/0.0076370 secs]
      [Inspected:         1055929]
         [Skipped:              0(  0.0%)]
         [Hashed:          465912( 44.1%)]
         [Known:            36402(  3.4%)]
         [New:            1019527( 96.6%)  74190.3K]
      [Deduplicated:       834431( 81.8%)  54789.8K( 73.9%)]
         [Young:           420171( 50.4%)  33584.1K( 61.3%)]
         [Old:             414260( 49.6%)  21205.7K( 38.7%)]
   [Table]
      [Memory Usage: 4001.6K]
      [Size: 131072, Min: 1024, Max: 16777216]
      [Entries: 125859, Load: 96.0%, Cached: 1185, Added: 220590, Removed: 94731]
      [Resize Count: 7, Shrink Threshold: 87381(66.7%), Grow Threshold: 262144(200.0%)]
      [Rehash Count: 0, Rehash Threshold: 120, Hash Seed: 0x0]
      [Age Threshold: 3]
   [Queue]
      [Dropped: 0]
[GC concurrent-string-deduplication, deleted 0 entries, 0.0000005 secs]
2021-02-01T06:30:45.991+0530: 72.268: [GC pause (G1 Evacuation Pause) (young), 0.0531932 secs]
   [Parallel Time: 17.7 ms, GC Workers: 10]
      [GC Worker Start (ms): Min: 72268.6, Avg: 72268.6, Max: 72268.7, Diff: 0.2]
      [Ext Root Scanning (ms): Min: 0.2, Avg: 0.3, Max: 0.7, Diff: 0.5, Sum: 3.1]
      [Update RS (ms): Min: 2.0, Avg: 2.8, Max: 4.0, Diff: 2.0, Sum: 27.7]
         [Processed Buffers: Min: 7, Avg: 10.2, Max: 13, Diff: 6, Sum: 102]
      [Scan RS (ms): Min: 0.0, Avg: 0.1, Max: 0.1, Diff: 0.1, Sum: 0.7]
      [Code Root Scanning (ms): Min: 0.0, Avg: 0.0, Max: 0.0, Diff: 0.0, Sum: 0.1]
      [Object Copy (ms): Min: 13.0, Avg: 14.1, Max: 14.9, Diff: 2.0, Sum: 141.2]
      [Termination (ms): Min: 0.0, Avg: 0.0, Max: 0.1, Diff: 0.1, Sum: 0.4]
         [Termination Attempts: Min: 3, Avg: 31.3, Max: 44, Diff: 41, Sum: 313]
      [GC Worker Other (ms): Min: 0.0, Avg: 0.0, Max: 0.1, Diff: 0.1, Sum: 0.3]
      [GC Worker Total (ms): Min: 17.3, Avg: 17.4, Max: 17.4, Diff: 0.1, Sum: 173.6]
      [GC Worker End (ms): Min: 72286.0, Avg: 72286.0, Max: 72286.0, Diff: 0.1]
   [Code Root Fixup: 0.0 ms]
   [Code Root Purge: 0.0 ms]
   [String Dedup Fixup: 1.4 ms, GC Workers: 10]
      [Queue Fixup (ms): Min: 0.0, Avg: 0.0, Max: 0.1, Diff: 0.1, Sum: 0.2]
      [Table Fixup (ms): Min: 0.9, Avg: 1.0, Max: 1.1, Diff: 0.2, Sum: 10.2]
   [Clear CT: 0.5 ms]
   [Other: 33.7 ms]
      [Choose CSet: 0.0 ms]
      [Ref Proc: 32.5 ms]
      [Ref Enq: 0.3 ms]
      [Redirty Cards: 0.5 ms]
      [Humongous Register: 0.0 ms]
      [Humongous Reclaim: 0.0 ms]
      [Free CSet: 0.3 ms]
   [Eden: 616.0M(616.0M)->0.0B(594.0M) Survivors: 91136.0K->91136.0K Heap: 1018.0M(1232.0M)->423.0M(1232.0M)]
 [Times: user=0.34 sys=0.00, real=0.05 secs] 
2021-02-01T06:30:46.056+0530: 72.334: [GC concurrent-string-deduplication, 3696.4K->13120.0B(3683.6K), avg 75.1%, 0.0118807 secs]
   [Last Exec: 0.0118807 secs, Idle: 1.8666476 secs, Blocked: 0/0.0000000 secs]
      [Inspected:           39187]
         [Skipped:              0(  0.0%)]
         [Hashed:             973(  2.5%)]
         [Known:                0(  0.0%)]
         [New:              39187(100.0%)   3696.4K]
      [Deduplicated:        39082( 99.7%)   3683.6K( 99.7%)]
         [Young:            36347( 93.0%)   3358.5K( 91.2%)]
         [Old:               2735(  7.0%)    325.1K(  8.8%)]
   [Total Exec: 51/0.2647199 secs, Idle: 51/71.7809120 secs, Blocked: 48/0.0076370 secs]
      [Inspected:         1095116]
         [Skipped:              0(  0.0%)]
         [Hashed:          466885( 42.6%)]
         [Known:            36402(  3.3%)]
         [New:            1058714( 96.7%)  77886.6K]
      [Deduplicated:       873513( 82.5%)  58473.4K( 75.1%)]
         [Young:           456518( 52.3%)  36942.6K( 63.2%)]
         [Old:             416995( 47.7%)  21530.8K( 36.8%)]
   [Table]
      [Memory Usage: 4001.6K]
      [Size: 131072, Min: 1024, Max: 16777216]
      [Entries: 125964, Load: 96.1%, Cached: 1080, Added: 220695, Removed: 94731]
      [Resize Count: 7, Shrink Threshold: 87381(66.7%), Grow Threshold: 262144(200.0%)]
      [Rehash Count: 0, Rehash Threshold: 120, Hash Seed: 0x0]
      [Age Threshold: 3]
   [Queue]
      [Dropped: 0]
[GC concurrent-string-deduplication, deleted 0 entries, 0.0000005 secs]
2021-02-01T06:30:47.579+0530: 73.857: [GC pause (G1 Evacuation Pause) (young), 0.0465447 secs]
   [Parallel Time: 9.8 ms, GC Workers: 10]
      [GC Worker Start (ms): Min: 73857.3, Avg: 73857.4, Max: 73857.5, Diff: 0.2]
      [Ext Root Scanning (ms): Min: 0.2, Avg: 0.3, Max: 0.8, Diff: 0.6, Sum: 3.5]
      [Update RS (ms): Min: 2.1, Avg: 2.4, Max: 2.5, Diff: 0.4, Sum: 23.7]
         [Processed Buffers: Min: 9, Avg: 11.6, Max: 15, Diff: 6, Sum: 116]
      [Scan RS (ms): Min: 0.0, Avg: 0.1, Max: 0.1, Diff: 0.1, Sum: 0.6]
      [Code Root Scanning (ms): Min: 0.0, Avg: 0.0, Max: 0.1, Diff: 0.1, Sum: 0.1]
      [Object Copy (ms): Min: 6.3, Avg: 6.4, Max: 6.4, Diff: 0.1, Sum: 63.5]
      [Termination (ms): Min: 0.1, Avg: 0.1, Max: 0.1, Diff: 0.0, Sum: 0.7]
         [Termination Attempts: Min: 322, Avg: 417.5, Max: 483, Diff: 161, Sum: 4175]
      [GC Worker Other (ms): Min: 0.0, Avg: 0.1, Max: 0.1, Diff: 0.1, Sum: 0.7]
      [GC Worker Total (ms): Min: 9.1, Avg: 9.3, Max: 9.4, Diff: 0.3, Sum: 92.8]
      [GC Worker End (ms): Min: 73866.7, Avg: 73866.7, Max: 73866.8, Diff: 0.1]
   [Code Root Fixup: 0.0 ms]
   [Code Root Purge: 0.0 ms]
   [String Dedup Fixup: 1.9 ms, GC Workers: 10]
      [Queue Fixup (ms): Min: 0.0, Avg: 0.0, Max: 0.0, Diff: 0.0, Sum: 0.0]
      [Table Fixup (ms): Min: 1.0, Avg: 1.1, Max: 1.3, Diff: 0.2, Sum: 11.5]
   [Clear CT: 0.7 ms]
   [Other: 34.1 ms]
      [Choose CSet: 0.0 ms]
      [Ref Proc: 32.5 ms]
      [Ref Enq: 0.2 ms]
      [Redirty Cards: 0.9 ms]
      [Humongous Register: 0.0 ms]
      [Humongous Reclaim: 0.0 ms]
      [Free CSet: 0.3 ms]
   [Eden: 594.0M(594.0M)->0.0B(597.0M) Survivors: 91136.0K->88064.0K Heap: 1017.0M(1232.0M)->423.5M(1232.0M)]
 [Times: user=0.23 sys=0.00, real=0.05 secs] 
2021-02-01T06:30:47.626+0530: 73.904: [GC concurrent-string-deduplication, 1672.0B->128.0B(1544.0B), avg 75.1%, 0.0000140 secs]
   [Last Exec: 0.0000140 secs, Idle: 1.5702008 secs, Blocked: 0/0.0000000 secs]
      [Inspected:              14]
         [Skipped:              0(  0.0%)]
         [Hashed:               9( 64.3%)]
         [Known:                0(  0.0%)]
         [New:                 14(100.0%)   1672.0B]
      [Deduplicated:           12( 85.7%)   1544.0B( 92.3%)]
         [Young:                5( 41.7%)    496.0B( 32.1%)]
         [Old:                  7( 58.3%)   1048.0B( 67.9%)]
   [Total Exec: 52/0.2647339 secs, Idle: 52/73.3511128 secs, Blocked: 48/0.0076370 secs]
      [Inspected:         1095130]
         [Skipped:              0(  0.0%)]
         [Hashed:          466894( 42.6%)]
         [Known:            36402(  3.3%)]
         [New:            1058728( 96.7%)  77888.3K]
      [Deduplicated:       873525( 82.5%)  58474.9K( 75.1%)]
         [Young:           456523( 52.3%)  36943.1K( 63.2%)]
         [Old:             417002( 47.7%)  21531.8K( 36.8%)]
   [Table]
      [Memory Usage: 4001.6K]
      [Size: 131072, Min: 1024, Max: 16777216]
      [Entries: 125868, Load: 96.0%, Cached: 1176, Added: 220705, Removed: 94837]
      [Resize Count: 7, Shrink Threshold: 87381(66.7%), Grow Threshold: 262144(200.0%)]
      [Rehash Count: 0, Rehash Threshold: 120, Hash Seed: 0x0]
      [Age Threshold: 3]
   [Queue]
      [Dropped: 0]
[GC concurrent-string-deduplication, deleted 0 entries, 0.0000006 secs]
2021-02-01T06:30:49.457+0530: 75.735: [GC pause (G1 Evacuation Pause) (young), 0.0629540 secs]
   [Parallel Time: 13.0 ms, GC Workers: 10]
      [GC Worker Start (ms): Min: 75735.3, Avg: 75735.4, Max: 75735.5, Diff: 0.2]
      [Ext Root Scanning (ms): Min: 0.2, Avg: 0.3, Max: 0.9, Diff: 0.7, Sum: 3.3]
      [Update RS (ms): Min: 1.6, Avg: 2.2, Max: 2.4, Diff: 0.8, Sum: 21.6]
         [Processed Buffers: Min: 9, Avg: 10.4, Max: 13, Diff: 4, Sum: 104]
      [Scan RS (ms): Min: 0.0, Avg: 0.1, Max: 0.1, Diff: 0.1, Sum: 0.6]
      [Code Root Scanning (ms): Min: 0.0, Avg: 0.0, Max: 0.0, Diff: 0.0, Sum: 0.1]
      [Object Copy (ms): Min: 9.4, Avg: 9.5, Max: 9.6, Diff: 0.2, Sum: 95.2]
      [Termination (ms): Min: 0.0, Avg: 0.0, Max: 0.0, Diff: 0.0, Sum: 0.3]
         [Termination Attempts: Min: 1, Avg: 152.0, Max: 194, Diff: 193, Sum: 1520]
      [GC Worker Other (ms): Min: 0.1, Avg: 0.3, Max: 0.4, Diff: 0.3, Sum: 2.6]
      [GC Worker Total (ms): Min: 12.1, Avg: 12.4, Max: 12.5, Diff: 0.4, Sum: 123.7]
      [GC Worker End (ms): Min: 75747.6, Avg: 75747.8, Max: 75747.9, Diff: 0.3]
   [Code Root Fixup: 0.0 ms]
   [Code Root Purge: 0.0 ms]
   [String Dedup Fixup: 1.5 ms, GC Workers: 10]
      [Queue Fixup (ms): Min: 0.0, Avg: 0.0, Max: 0.0, Diff: 0.0, Sum: 0.0]
      [Table Fixup (ms): Min: 0.9, Avg: 1.0, Max: 1.1, Diff: 0.2, Sum: 10.0]
   [Clear CT: 0.6 ms]
   [Other: 47.8 ms]
      [Choose CSet: 0.0 ms]
      [Ref Proc: 45.9 ms]
      [Ref Enq: 0.3 ms]
      [Redirty Cards: 0.7 ms]
      [Humongous Register: 0.1 ms]
      [Humongous Reclaim: 0.0 ms]
      [Free CSet: 0.7 ms]
   [Eden: 597.0M(597.0M)->0.0B(590.0M) Survivors: 88064.0K->88064.0K Heap: 1020.5M(1232.0M)->430.0M(1232.0M)]
 [Times: user=0.20 sys=0.00, real=0.06 secs] 
2021-02-01T06:30:49.520+0530: 75.798: [GC concurrent-string-deduplication, 3136.0B->0.0B(3136.0B), avg 75.1%, 0.0000210 secs]
   [Last Exec: 0.0000210 secs, Idle: 1.8943084 secs, Blocked: 0/0.0000000 secs]
      [Inspected:              22]
         [Skipped:              0(  0.0%)]
         [Hashed:              21( 95.5%)]
         [Known:                0(  0.0%)]
         [New:                 22(100.0%)   3136.0B]
      [Deduplicated:           22(100.0%)   3136.0B(100.0%)]
         [Young:                9( 40.9%)   1280.0B( 40.8%)]
         [Old:                 13( 59.1%)   1856.0B( 59.2%)]
   [Total Exec: 53/0.2647549 secs, Idle: 53/75.2454212 secs, Blocked: 48/0.0076370 secs]
      [Inspected:         1095152]
         [Skipped:              0(  0.0%)]
         [Hashed:          466915( 42.6%)]
         [Known:            36402(  3.3%)]
         [New:            1058750( 96.7%)  77891.3K]
      [Deduplicated:       873547( 82.5%)  58478.0K( 75.1%)]
         [Young:           456532( 52.3%)  36944.3K( 63.2%)]
         [Old:             417015( 47.7%)  21533.7K( 36.8%)]
   [Table]
      [Memory Usage: 4001.6K]
      [Size: 131072, Min: 1024, Max: 16777216]
      [Entries: 125890, Load: 96.0%, Cached: 1154, Added: 220728, Removed: 94838]
      [Resize Count: 7, Shrink Threshold: 87381(66.7%), Grow Threshold: 262144(200.0%)]
      [Rehash Count: 0, Rehash Threshold: 120, Hash Seed: 0x0]
      [Age Threshold: 3]
   [Queue]
      [Dropped: 0]
[GC concurrent-string-deduplication, deleted 0 entries, 0.0000006 secs]
2021-02-01T06:30:51.003+0530: 77.281: [GC pause (G1 Evacuation Pause) (young), 0.0430130 secs]
   [Parallel Time: 13.1 ms, GC Workers: 10]
      [GC Worker Start (ms): Min: 77281.2, Avg: 77281.3, Max: 77281.4, Diff: 0.2]
      [Ext Root Scanning (ms): Min: 0.2, Avg: 0.3, Max: 0.8, Diff: 0.6, Sum: 3.4]
      [Update RS (ms): Min: 1.8, Avg: 2.1, Max: 2.3, Diff: 0.4, Sum: 21.0]
         [Processed Buffers: Min: 9, Avg: 10.7, Max: 12, Diff: 3, Sum: 107]
      [Scan RS (ms): Min: 0.0, Avg: 0.1, Max: 0.1, Diff: 0.1, Sum: 0.7]
      [Code Root Scanning (ms): Min: 0.0, Avg: 0.0, Max: 0.1, Diff: 0.1, Sum: 0.1]
      [Object Copy (ms): Min: 10.0, Avg: 10.0, Max: 10.1, Diff: 0.1, Sum: 100.4]
      [Termination (ms): Min: 0.0, Avg: 0.0, Max: 0.0, Diff: 0.0, Sum: 0.3]
         [Termination Attempts: Min: 1, Avg: 169.5, Max: 205, Diff: 204, Sum: 1695]
      [GC Worker Other (ms): Min: 0.0, Avg: 0.1, Max: 0.2, Diff: 0.2, Sum: 1.1]
      [GC Worker Total (ms): Min: 12.6, Avg: 12.7, Max: 12.8, Diff: 0.3, Sum: 127.0]
      [GC Worker End (ms): Min: 77293.9, Avg: 77294.0, Max: 77294.1, Diff: 0.2]
   [Code Root Fixup: 0.0 ms]
   [Code Root Purge: 0.0 ms]
   [String Dedup Fixup: 1.4 ms, GC Workers: 10]
      [Queue Fixup (ms): Min: 0.0, Avg: 0.0, Max: 0.0, Diff: 0.0, Sum: 0.0]
      [Table Fixup (ms): Min: 0.9, Avg: 1.0, Max: 1.1, Diff: 0.2, Sum: 10.1]
   [Clear CT: 0.5 ms]
   [Other: 28.1 ms]
      [Choose CSet: 0.0 ms]
      [Ref Proc: 26.9 ms]
      [Ref Enq: 0.2 ms]
      [Redirty Cards: 0.6 ms]
      [Humongous Register: 0.0 ms]
      [Humongous Reclaim: 0.0 ms]
      [Free CSet: 0.3 ms]
   [Eden: 590.0M(590.0M)->0.0B(566.0M) Survivors: 88064.0K->87040.0K Heap: 1020.0M(1232.0M)->455.0M(1232.0M)]
 [Times: user=0.17 sys=0.00, real=0.04 secs] 
2021-02-01T06:30:51.046+0530: 77.324: [GC concurrent-string-deduplication, 5280.0B->1672.0B(3608.0B), avg 75.1%, 0.0000398 secs]
   [Last Exec: 0.0000398 secs, Idle: 1.5258827 secs, Blocked: 0/0.0000000 secs]
      [Inspected:              61]
         [Skipped:              0(  0.0%)]
         [Hashed:              13( 21.3%)]
         [Known:                8( 13.1%)]
         [New:                 53( 86.9%)   5280.0B]
      [Deduplicated:           43( 81.1%)   3608.0B( 68.3%)]
         [Young:               37( 86.0%)   2808.0B( 77.8%)]
         [Old:                  6( 14.0%)    800.0B( 22.2%)]
   [Total Exec: 54/0.2647947 secs, Idle: 54/76.7713039 secs, Blocked: 48/0.0076370 secs]
      [Inspected:         1095213]
         [Skipped:              0(  0.0%)]
         [Hashed:          466928( 42.6%)]
         [Known:            36410(  3.3%)]
         [New:            1058803( 96.7%)  77896.5K]
      [Deduplicated:       873590( 82.5%)  58481.5K( 75.1%)]
         [Young:           456569( 52.3%)  36947.1K( 63.2%)]
         [Old:             417021( 47.7%)  21534.4K( 36.8%)]
   [Table]
      [Memory Usage: 4001.6K]
      [Size: 131072, Min: 1024, Max: 16777216]
      [Entries: 125900, Load: 96.1%, Cached: 1144, Added: 220738, Removed: 94838]
      [Resize Count: 7, Shrink Threshold: 87381(66.7%), Grow Threshold: 262144(200.0%)]
      [Rehash Count: 0, Rehash Threshold: 120, Hash Seed: 0x0]
      [Age Threshold: 3]
   [Queue]
      [Dropped: 0]
[GC concurrent-string-deduplication, deleted 0 entries, 0.0000005 secs]
2021-02-01T06:30:52.583+0530: 78.861: [GC pause (G1 Evacuation Pause) (young), 0.0472151 secs]
   [Parallel Time: 15.6 ms, GC Workers: 10]
      [GC Worker Start (ms): Min: 78861.1, Avg: 78861.2, Max: 78861.3, Diff: 0.3]
      [Ext Root Scanning (ms): Min: 0.2, Avg: 0.3, Max: 0.8, Diff: 0.6, Sum: 3.4]
      [Update RS (ms): Min: 2.6, Avg: 2.9, Max: 3.0, Diff: 0.4, Sum: 29.2]
         [Processed Buffers: Min: 11, Avg: 13.6, Max: 16, Diff: 5, Sum: 136]
      [Scan RS (ms): Min: 0.0, Avg: 0.1, Max: 0.2, Diff: 0.1, Sum: 0.7]
      [Code Root Scanning (ms): Min: 0.0, Avg: 0.0, Max: 0.0, Diff: 0.0, Sum: 0.1]
      [Object Copy (ms): Min: 11.6, Avg: 11.6, Max: 11.7, Diff: 0.1, Sum: 116.2]
      [Termination (ms): Min: 0.0, Avg: 0.1, Max: 0.1, Diff: 0.1, Sum: 0.6]
         [Termination Attempts: Min: 1, Avg: 278.4, Max: 355, Diff: 354, Sum: 2784]
      [GC Worker Other (ms): Min: 0.0, Avg: 0.1, Max: 0.3, Diff: 0.3, Sum: 1.3]
      [GC Worker Total (ms): Min: 15.0, Avg: 15.1, Max: 15.3, Diff: 0.3, Sum: 151.5]
      [GC Worker End (ms): Min: 78876.3, Avg: 78876.4, Max: 78876.6, Diff: 0.3]
   [Code Root Fixup: 0.0 ms]
   [Code Root Purge: 0.0 ms]
   [String Dedup Fixup: 1.6 ms, GC Workers: 10]
      [Queue Fixup (ms): Min: 0.0, Avg: 0.0, Max: 0.1, Diff: 0.1, Sum: 0.4]
      [Table Fixup (ms): Min: 1.1, Avg: 1.1, Max: 1.1, Diff: 0.0, Sum: 11.0]
   [Clear CT: 0.6 ms]
   [Other: 29.3 ms]
      [Choose CSet: 0.0 ms]
      [Ref Proc: 28.2 ms]
      [Ref Enq: 0.2 ms]
      [Redirty Cards: 0.6 ms]
      [Humongous Register: 0.0 ms]
      [Humongous Reclaim: 0.0 ms]
      [Free CSet: 0.2 ms]
   [Eden: 566.0M(566.0M)->0.0B(553.0M) Survivors: 87040.0K->83968.0K Heap: 1021.0M(1232.0M)->471.0M(1232.0M)]
 [Times: user=0.19 sys=0.00, real=0.05 secs] 
2021-02-01T06:30:52.646+0530: 78.924: [GC concurrent-string-deduplication, 4664.8K->47456.0B(4618.4K), avg 76.4%, 0.0158850 secs]
   [Last Exec: 0.0158850 secs, Idle: 1.5840643 secs, Blocked: 0/0.0000000 secs]
      [Inspected:           48103]
         [Skipped:              0(  0.0%)]
         [Hashed:            4416(  9.2%)]
         [Known:               36(  0.1%)]
         [New:              48067( 99.9%)   4664.8K]
      [Deduplicated:        48022( 99.9%)   4618.4K( 99.0%)]
         [Young:            48022(100.0%)   4618.4K(100.0%)]
         [Old:                  0(  0.0%)      0.0B(  0.0%)]
   [Total Exec: 55/0.2806797 secs, Idle: 55/78.3553682 secs, Blocked: 48/0.0076370 secs]
      [Inspected:         1143316]
         [Skipped:              0(  0.0%)]
         [Hashed:          471344( 41.2%)]
         [Known:            36446(  3.2%)]
         [New:            1106870( 96.8%)  82561.2K]
      [Deduplicated:       921612( 83.3%)  63099.9K( 76.4%)]
         [Young:           504591( 54.8%)  41565.5K( 65.9%)]
         [Old:             417021( 45.2%)  21534.4K( 34.1%)]
   [Table]
      [Memory Usage: 4001.6K]
      [Size: 131072, Min: 1024, Max: 16777216]
      [Entries: 125945, Load: 96.1%, Cached: 1099, Added: 220783, Removed: 94838]
      [Resize Count: 7, Shrink Threshold: 87381(66.7%), Grow Threshold: 262144(200.0%)]
      [Rehash Count: 0, Rehash Threshold: 120, Hash Seed: 0x0]
      [Age Threshold: 3]
   [Queue]
      [Dropped: 0]
[GC concurrent-string-deduplication, deleted 0 entries, 0.0000007 secs]
2021-02-01T06:30:54.152+0530: 80.430: [GC pause (G1 Evacuation Pause) (young), 0.0470587 secs]
   [Parallel Time: 17.4 ms, GC Workers: 10]
      [GC Worker Start (ms): Min: 80430.1, Avg: 80430.2, Max: 80430.3, Diff: 0.2]
      [Ext Root Scanning (ms): Min: 0.2, Avg: 0.4, Max: 0.9, Diff: 0.7, Sum: 3.7]
      [Update RS (ms): Min: 2.6, Avg: 3.9, Max: 5.6, Diff: 3.0, Sum: 39.0]
         [Processed Buffers: Min: 13, Avg: 16.6, Max: 20, Diff: 7, Sum: 166]
      [Scan RS (ms): Min: 0.0, Avg: 0.1, Max: 0.1, Diff: 0.1, Sum: 0.5]
      [Code Root Scanning (ms): Min: 0.0, Avg: 0.0, Max: 0.0, Diff: 0.0, Sum: 0.1]
      [Object Copy (ms): Min: 10.6, Avg: 12.2, Max: 13.1, Diff: 2.5, Sum: 121.6]
      [Termination (ms): Min: 0.0, Avg: 0.0, Max: 0.1, Diff: 0.1, Sum: 0.3]
         [Termination Attempts: Min: 1, Avg: 115.7, Max: 155, Diff: 154, Sum: 1157]
      [GC Worker Other (ms): Min: 0.0, Avg: 0.2, Max: 0.4, Diff: 0.3, Sum: 1.9]
      [GC Worker Total (ms): Min: 16.5, Avg: 16.7, Max: 17.0, Diff: 0.5, Sum: 167.1]
      [GC Worker End (ms): Min: 80446.8, Avg: 80446.9, Max: 80447.1, Diff: 0.3]
   [Code Root Fixup: 0.0 ms]
   [Code Root Purge: 0.0 ms]
   [String Dedup Fixup: 1.5 ms, GC Workers: 10]
      [Queue Fixup (ms): Min: 0.0, Avg: 0.0, Max: 0.1, Diff: 0.1, Sum: 0.2]
      [Table Fixup (ms): Min: 0.9, Avg: 1.0, Max: 1.1, Diff: 0.2, Sum: 10.0]
   [Clear CT: 0.9 ms]
   [Other: 27.2 ms]
      [Choose CSet: 0.0 ms]
      [Ref Proc: 25.9 ms]
      [Ref Enq: 0.3 ms]
      [Redirty Cards: 0.7 ms]
      [Humongous Register: 0.0 ms]
      [Humongous Reclaim: 0.0 ms]
      [Free CSet: 0.2 ms]
   [Eden: 553.0M(553.0M)->0.0B(533.0M) Survivors: 83968.0K->81920.0K Heap: 1024.5M(1232.0M)->493.0M(1232.0M)]
 [Times: user=0.17 sys=0.00, real=0.05 secs] 
2021-02-01T06:30:54.210+0530: 80.488: [GC concurrent-string-deduplication, 3041.6K->1095.8K(1945.8K), avg 76.0%, 0.0109899 secs]
   [Last Exec: 0.0109899 secs, Idle: 1.5527777 secs, Blocked: 0/0.0000000 secs]
      [Inspected:           32040]
         [Skipped:              0(  0.0%)]
         [Hashed:              28(  0.1%)]
         [Known:                0(  0.0%)]
         [New:              32040(100.0%)   3041.6K]
      [Deduplicated:        22883( 71.4%)   1945.8K( 64.0%)]
         [Young:            22859( 99.9%)   1942.5K( 99.8%)]
         [Old:                 24(  0.1%)   3352.0B(  0.2%)]
   [Total Exec: 56/0.2916696 secs, Idle: 56/79.9081459 secs, Blocked: 48/0.0076370 secs]
      [Inspected:         1175356]
         [Skipped:              0(  0.0%)]
         [Hashed:          471372( 40.1%)]
         [Known:            36446(  3.1%)]
         [New:            1138910( 96.9%)  85602.8K]
      [Deduplicated:       944495( 82.9%)  65045.7K( 76.0%)]
         [Young:           527450( 55.8%)  43508.0K( 66.9%)]
         [Old:             417045( 44.2%)  21537.7K( 33.1%)]
   [Table]
      [Memory Usage: 4190.5K]
      [Size: 131072, Min: 1024, Max: 16777216]
      [Entries: 135102, Load: 103.1%, Cached: 0, Added: 229940, Removed: 94838]
      [Resize Count: 7, Shrink Threshold: 87381(66.7%), Grow Threshold: 262144(200.0%)]
      [Rehash Count: 0, Rehash Threshold: 120, Hash Seed: 0x0]
      [Age Threshold: 3]
   [Queue]
      [Dropped: 0]
[GC concurrent-string-deduplication, deleted 0 entries, 0.0000005 secs]
2021-02-01T06:31:07.136+0530: 93.414: [GC pause (G1 Evacuation Pause) (young), 0.0537843 secs]
   [Parallel Time: 20.8 ms, GC Workers: 10]
      [GC Worker Start (ms): Min: 93414.4, Avg: 93414.6, Max: 93414.7, Diff: 0.3]
      [Ext Root Scanning (ms): Min: 0.6, Avg: 1.3, Max: 3.7, Diff: 3.1, Sum: 12.6]
      [Update RS (ms): Min: 2.9, Avg: 5.0, Max: 5.8, Diff: 2.9, Sum: 49.6]
         [Processed Buffers: Min: 12, Avg: 23.2, Max: 29, Diff: 17, Sum: 232]
      [Scan RS (ms): Min: 0.0, Avg: 0.1, Max: 0.1, Diff: 0.1, Sum: 0.6]
      [Code Root Scanning (ms): Min: 0.0, Avg: 0.0, Max: 0.1, Diff: 0.1, Sum: 0.4]
      [Object Copy (ms): Min: 13.6, Avg: 13.9, Max: 14.1, Diff: 0.5, Sum: 139.0]
      [Termination (ms): Min: 0.0, Avg: 0.0, Max: 0.0, Diff: 0.0, Sum: 0.1]
         [Termination Attempts: Min: 1, Avg: 57.8, Max: 74, Diff: 73, Sum: 578]
      [GC Worker Other (ms): Min: 0.0, Avg: 0.1, Max: 0.3, Diff: 0.3, Sum: 1.4]
      [GC Worker Total (ms): Min: 20.2, Avg: 20.4, Max: 20.6, Diff: 0.4, Sum: 203.7]
      [GC Worker End (ms): Min: 93434.9, Avg: 93434.9, Max: 93435.0, Diff: 0.1]
   [Code Root Fixup: 0.0 ms]
   [Code Root Purge: 0.0 ms]
   [String Dedup Fixup: 3.3 ms, GC Workers: 10]
      [Queue Fixup (ms): Min: 0.0, Avg: 0.0, Max: 0.0, Diff: 0.0, Sum: 0.0]
      [Table Fixup (ms): Min: 2.5, Avg: 2.9, Max: 3.0, Diff: 0.4, Sum: 28.7]
   [Clear CT: 0.5 ms]
   [Other: 29.2 ms]
      [Choose CSet: 0.1 ms]
      [Ref Proc: 27.8 ms]
      [Ref Enq: 0.1 ms]
      [Redirty Cards: 0.4 ms]
      [Humongous Register: 0.2 ms]
      [Humongous Reclaim: 0.0 ms]
      [Free CSet: 0.3 ms]
   [Eden: 533.0M(533.0M)->0.0B(550.0M) Survivors: 81920.0K->70656.0K Heap: 1026.0M(1232.0M)->486.0M(1232.0M)]
 [Times: user=0.16 sys=0.00, real=0.05 secs] 
2021-02-01T06:31:18.814+0530: 105.092: [GC pause (G1 Evacuation Pause) (young), 0.0362189 secs]
   [Parallel Time: 21.5 ms, GC Workers: 10]
      [GC Worker Start (ms): Min: 105092.1, Avg: 105092.2, Max: 105092.3, Diff: 0.2]
      [Ext Root Scanning (ms): Min: 1.7, Avg: 2.0, Max: 2.4, Diff: 0.7, Sum: 20.4]
      [Update RS (ms): Min: 3.3, Avg: 3.4, Max: 3.5, Diff: 0.2, Sum: 34.0]
         [Processed Buffers: Min: 20, Avg: 24.2, Max: 30, Diff: 10, Sum: 242]
      [Scan RS (ms): Min: 1.9, Avg: 2.1, Max: 2.3, Diff: 0.4, Sum: 20.9]
      [Code Root Scanning (ms): Min: 0.0, Avg: 0.2, Max: 0.4, Diff: 0.4, Sum: 1.9]
      [Object Copy (ms): Min: 13.0, Avg: 13.3, Max: 13.7, Diff: 0.7, Sum: 133.4]
      [Termination (ms): Min: 0.0, Avg: 0.0, Max: 0.1, Diff: 0.1, Sum: 0.5]
         [Termination Attempts: Min: 1, Avg: 287.5, Max: 385, Diff: 384, Sum: 2875]
      [GC Worker Other (ms): Min: 0.0, Avg: 0.1, Max: 0.1, Diff: 0.1, Sum: 0.9]
      [GC Worker Total (ms): Min: 21.1, Avg: 21.2, Max: 21.3, Diff: 0.1, Sum: 212.0]
      [GC Worker End (ms): Min: 105113.3, Avg: 105113.4, Max: 105113.5, Diff: 0.1]
   [Code Root Fixup: 0.1 ms]
   [Code Root Purge: 0.1 ms]
   [String Dedup Fixup: 1.4 ms, GC Workers: 10]
      [Queue Fixup (ms): Min: 0.0, Avg: 0.0, Max: 0.0, Diff: 0.0, Sum: 0.0]
      [Table Fixup (ms): Min: 1.2, Avg: 1.2, Max: 1.3, Diff: 0.1, Sum: 12.3]
   [Clear CT: 0.2 ms]
   [Other: 13.0 ms]
      [Choose CSet: 0.0 ms]
      [Ref Proc: 11.6 ms]
      [Ref Enq: 0.0 ms]
      [Redirty Cards: 0.2 ms]
      [Humongous Register: 0.1 ms]
      [Humongous Reclaim: 0.1 ms]
      [Free CSet: 0.5 ms]
   [Eden: 257.0M(257.0M)->0.0B(594.0M) Survivors: 70656.0K->41984.0K Heap: 753.9M(1232.0M)->469.7M(1232.0M)]
 [Times: user=0.20 sys=0.00, real=0.04 secs] 
2021-02-01T06:31:18.850+0530: 105.128: [GC concurrent-string-deduplication, 6976.0B->4456.0B(2520.0B), avg 76.0%, 0.0000938 secs]
   [Last Exec: 0.0000938 secs, Idle: 24.6401144 secs, Blocked: 0/0.0000000 secs]
      [Inspected:              58]
         [Skipped:              0(  0.0%)]
         [Hashed:              49( 84.5%)]
         [Known:                0(  0.0%)]
         [New:                 58(100.0%)   6976.0B]
      [Deduplicated:           22( 37.9%)   2520.0B( 36.1%)]
         [Young:               14( 63.6%)   2136.0B( 84.8%)]
         [Old:                  8( 36.4%)    384.0B( 15.2%)]
   [Total Exec: 57/0.2917634 secs, Idle: 57/104.5482603 secs, Blocked: 48/0.0076370 secs]
      [Inspected:         1175414]
         [Skipped:              0(  0.0%)]
         [Hashed:          471421( 40.1%)]
         [Known:            36446(  3.1%)]
         [New:            1138968( 96.9%)  85609.6K]
      [Deduplicated:       944517( 82.9%)  65048.2K( 76.0%)]
         [Young:           527464( 55.8%)  43510.1K( 66.9%)]
         [Old:             417053( 44.2%)  21538.1K( 33.1%)]
   [Table]
      [Memory Usage: 4263.4K]
      [Size: 131072, Min: 1024, Max: 16777216]
      [Entries: 133583, Load: 101.9%, Cached: 4631, Added: 237576, Removed: 103993]
      [Resize Count: 7, Shrink Threshold: 87381(66.7%), Grow Threshold: 262144(200.0%)]
      [Rehash Count: 0, Rehash Threshold: 120, Hash Seed: 0x0]
      [Age Threshold: 3]
   [Queue]
      [Dropped: 0]
[GC concurrent-string-deduplication, deleted 0 entries, 0.0000008 secs]
2021-02-01T06:31:21.374+0530: 107.652: [GC pause (Metadata GC Threshold) (young) (initial-mark), 0.0343541 secs]
   [Parallel Time: 28.6 ms, GC Workers: 10]
      [GC Worker Start (ms): Min: 107652.6, Avg: 107652.6, Max: 107652.8, Diff: 0.2]
      [Ext Root Scanning (ms): Min: 2.5, Avg: 3.2, Max: 3.7, Diff: 1.3, Sum: 32.2]
      [Update RS (ms): Min: 4.4, Avg: 4.5, Max: 4.7, Diff: 0.3, Sum: 45.0]
         [Processed Buffers: Min: 22, Avg: 25.7, Max: 31, Diff: 9, Sum: 257]
      [Scan RS (ms): Min: 0.0, Avg: 0.1, Max: 0.1, Diff: 0.1, Sum: 0.7]
      [Code Root Scanning (ms): Min: 0.0, Avg: 0.3, Max: 0.6, Diff: 0.6, Sum: 3.0]
      [Object Copy (ms): Min: 19.7, Avg: 20.3, Max: 21.1, Diff: 1.4, Sum: 202.6]
      [Termination (ms): Min: 0.0, Avg: 0.0, Max: 0.0, Diff: 0.0, Sum: 0.0]
         [Termination Attempts: Min: 1, Avg: 5.6, Max: 12, Diff: 11, Sum: 56]
      [GC Worker Other (ms): Min: 0.0, Avg: 0.1, Max: 0.1, Diff: 0.1, Sum: 0.6]
      [GC Worker Total (ms): Min: 28.3, Avg: 28.4, Max: 28.5, Diff: 0.3, Sum: 284.1]
      [GC Worker End (ms): Min: 107681.0, Avg: 107681.1, Max: 107681.1, Diff: 0.1]
   [Code Root Fixup: 0.1 ms]
   [Code Root Purge: 0.0 ms]
   [String Dedup Fixup: 1.7 ms, GC Workers: 10]
      [Queue Fixup (ms): Min: 0.0, Avg: 0.1, Max: 0.4, Diff: 0.4, Sum: 0.5]
      [Table Fixup (ms): Min: 0.0, Avg: 1.4, Max: 1.6, Diff: 1.6, Sum: 13.7]
   [Clear CT: 0.2 ms]
   [Other: 3.6 ms]
      [Choose CSet: 0.0 ms]
      [Ref Proc: 2.6 ms]
      [Ref Enq: 0.0 ms]
      [Redirty Cards: 0.2 ms]
      [Humongous Register: 0.0 ms]
      [Humongous Reclaim: 0.0 ms]
      [Free CSet: 0.4 ms]
   [Eden: 509.0M(594.0M)->0.0B(573.0M) Survivors: 41984.0K->51200.0K Heap: 986.3M(1232.0M)->481.1M(1232.0M)]
 [Times: user=0.31 sys=0.00, real=0.03 secs] 
2021-02-01T06:31:21.409+0530: 107.687: [GC concurrent-root-region-scan-start]
2021-02-01T06:31:21.437+0530: 107.715: [GC concurrent-root-region-scan-end, 0.0282509 secs]
2021-02-01T06:31:21.437+0530: 107.715: [GC concurrent-mark-start]
2021-02-01T06:31:21.464+0530: 107.742: [GC concurrent-string-deduplication, 4718.7K->3980.1K(738.5K), avg 72.8%, 0.0493368 secs]
   [Last Exec: 0.0493368 secs, Idle: 2.5584715 secs, Blocked: 12/0.0061273 secs]
      [Inspected:           64173]
         [Skipped:              0(  0.0%)]
         [Hashed:           29354( 45.7%)]
         [Known:             3585(  5.6%)]
         [New:              60588( 94.4%)   4718.7K]
      [Deduplicated:        18000( 29.7%)    738.5K( 15.7%)]
         [Young:            18000(100.0%)    738.5K(100.0%)]
         [Old:                  0(  0.0%)      0.0B(  0.0%)]
   [Total Exec: 58/0.3411002 secs, Idle: 58/107.1067318 secs, Blocked: 60/0.0137643 secs]
      [Inspected:         1239587]
         [Skipped:              0(  0.0%)]
         [Hashed:          500775( 40.4%)]
         [Known:            40031(  3.2%)]
         [New:            1199556( 96.8%)  90328.3K]
      [Deduplicated:       962517( 80.2%)  65786.7K( 72.8%)]
         [Young:           545464( 56.7%)  44248.6K( 67.3%)]
         [Old:             417053( 43.3%)  21538.1K( 32.7%)]
   [Table]
      [Memory Usage: 5289.6K]
      [Size: 131072, Min: 1024, Max: 16777216]
      [Entries: 181999, Load: 138.9%, Cached: 0, Added: 285992, Removed: 103993]
      [Resize Count: 7, Shrink Threshold: 87381(66.7%), Grow Threshold: 262144(200.0%)]
      [Rehash Count: 0, Rehash Threshold: 120, Hash Seed: 0x0]
      [Age Threshold: 3]
   [Queue]
      [Dropped: 0]
[GC concurrent-string-deduplication, deleted 0 entries, 0.0000007 secs]
2021-02-01T06:31:21.555+0530: 107.833: [GC concurrent-mark-end, 0.1182199 secs]
2021-02-01T06:31:21.556+0530: 107.834: [GC remark 2021-02-01T06:31:21.556+0530: 107.834: [Finalize Marking, 0.0005258 secs] 2021-02-01T06:31:21.556+0530: 107.835: [GC ref-proc, 0.0013389 secs] 2021-02-01T06:31:21.558+0530: 107.836: [Unloading, 0.0120002 secs], 0.0144952 secs]
 [Times: user=0.05 sys=0.00, real=0.01 secs] 
2021-02-01T06:31:21.571+0530: 107.849: [GC cleanup 501M->243M(1232M), 0.0015460 secs]
 [Times: user=0.00 sys=0.00, real=0.00 secs] 
2021-02-01T06:31:21.572+0530: 107.851: [GC concurrent-cleanup-start]
2021-02-01T06:31:21.573+0530: 107.851: [GC concurrent-cleanup-end, 0.0006391 secs]
2021-02-01T06:31:26.215+0530: 112.494: [GC pause (G1 Evacuation Pause) (young), 0.0394787 secs]
   [Parallel Time: 30.6 ms, GC Workers: 10]
      [GC Worker Start (ms): Min: 112493.7, Avg: 112493.7, Max: 112493.8, Diff: 0.1]
      [Ext Root Scanning (ms): Min: 0.7, Avg: 1.6, Max: 4.2, Diff: 3.5, Sum: 15.8]
      [Update RS (ms): Min: 0.4, Avg: 2.3, Max: 3.2, Diff: 2.8, Sum: 23.4]
         [Processed Buffers: Min: 7, Avg: 20.6, Max: 35, Diff: 28, Sum: 206]
      [Scan RS (ms): Min: 0.0, Avg: 0.1, Max: 0.2, Diff: 0.1, Sum: 0.7]
      [Code Root Scanning (ms): Min: 0.0, Avg: 0.8, Max: 3.8, Diff: 3.8, Sum: 8.1]
      [Object Copy (ms): Min: 23.0, Avg: 25.5, Max: 26.5, Diff: 3.6, Sum: 254.8]
      [Termination (ms): Min: 0.0, Avg: 0.0, Max: 0.0, Diff: 0.0, Sum: 0.2]
         [Termination Attempts: Min: 1, Avg: 108.8, Max: 158, Diff: 157, Sum: 1088]
      [GC Worker Other (ms): Min: 0.0, Avg: 0.1, Max: 0.2, Diff: 0.2, Sum: 1.0]
      [GC Worker Total (ms): Min: 30.3, Avg: 30.4, Max: 30.5, Diff: 0.1, Sum: 304.1]
      [GC Worker End (ms): Min: 112524.1, Avg: 112524.1, Max: 112524.2, Diff: 0.1]
   [Code Root Fixup: 0.1 ms]
   [Code Root Purge: 0.0 ms]
   [String Dedup Fixup: 3.1 ms, GC Workers: 10]
      [Queue Fixup (ms): Min: 0.0, Avg: 0.0, Max: 0.1, Diff: 0.1, Sum: 0.3]
      [Table Fixup (ms): Min: 2.8, Avg: 2.9, Max: 3.0, Diff: 0.2, Sum: 29.1]
   [Clear CT: 0.2 ms]
   [Other: 5.5 ms]
      [Choose CSet: 0.0 ms]
      [Ref Proc: 4.5 ms]
      [Ref Enq: 0.0 ms]
      [Redirty Cards: 0.1 ms]
      [Humongous Register: 0.0 ms]
      [Humongous Reclaim: 0.1 ms]
      [Free CSet: 0.4 ms]
   [Eden: 573.0M(573.0M)->0.0B(1024.0K) Survivors: 51200.0K->70656.0K Heap: 798.0M(1232.0M)->243.7M(1232.0M)]
 [Times: user=0.31 sys=0.00, real=0.04 secs] 
2021-02-01T06:31:26.272+0530: 112.550: [GC pause (G1 Evacuation Pause) (mixed), 0.0327496 secs]
   [Parallel Time: 26.4 ms, GC Workers: 10]
      [GC Worker Start (ms): Min: 112551.3, Avg: 112551.6, Max: 112552.8, Diff: 1.5]
      [Ext Root Scanning (ms): Min: 0.1, Avg: 1.2, Max: 4.0, Diff: 3.9, Sum: 11.7]
      [Update RS (ms): Min: 0.0, Avg: 1.3, Max: 1.7, Diff: 1.6, Sum: 13.4]
         [Processed Buffers: Min: 0, Avg: 3.3, Max: 6, Diff: 6, Sum: 33]
      [Scan RS (ms): Min: 0.0, Avg: 0.1, Max: 0.5, Diff: 0.5, Sum: 1.2]
      [Code Root Scanning (ms): Min: 0.0, Avg: 1.6, Max: 11.8, Diff: 11.8, Sum: 15.9]
      [Object Copy (ms): Min: 11.9, Avg: 21.6, Max: 23.2, Diff: 11.3, Sum: 216.5]
      [Termination (ms): Min: 0.0, Avg: 0.0, Max: 0.0, Diff: 0.0, Sum: 0.2]
         [Termination Attempts: Min: 1, Avg: 85.2, Max: 105, Diff: 104, Sum: 852]
      [GC Worker Other (ms): Min: 0.0, Avg: 0.0, Max: 0.1, Diff: 0.1, Sum: 0.4]
      [GC Worker Total (ms): Min: 24.7, Avg: 25.9, Max: 26.3, Diff: 1.6, Sum: 259.2]
      [GC Worker End (ms): Min: 112577.5, Avg: 112577.5, Max: 112577.6, Diff: 0.1]
   [Code Root Fixup: 0.2 ms]
   [Code Root Purge: 0.0 ms]
   [String Dedup Fixup: 3.9 ms, GC Workers: 10]
      [Queue Fixup (ms): Min: 0.0, Avg: 0.3, Max: 0.9, Diff: 0.9, Sum: 3.3]
      [Table Fixup (ms): Min: 0.0, Avg: 2.9, Max: 3.4, Diff: 3.4, Sum: 28.7]
   [Clear CT: 0.2 ms]
   [Other: 2.0 ms]
      [Choose CSet: 0.4 ms]
      [Ref Proc: 0.4 ms]
      [Ref Enq: 0.0 ms]
      [Redirty Cards: 0.2 ms]
      [Humongous Register: 0.3 ms]
      [Humongous Reclaim: 0.0 ms]
      [Free CSet: 0.2 ms]
   [Eden: 1024.0K(1024.0K)->0.0B(734.0M) Survivors: 70656.0K->5120.0K Heap: 244.7M(1232.0M)->196.3M(1232.0M)]
 [Times: user=0.33 sys=0.00, real=0.03 secs] 
2021-02-01T06:31:26.372+0530: 112.650: [GC concurrent-string-deduplication, 8718.3K->2434.1K(6284.1K), avg 72.8%, 0.0710877 secs]
   [Last Exec: 0.0710877 secs, Idle: 4.7907826 secs, Blocked: 28/0.0459399 secs]
      [Inspected:          149460]
         [Skipped:              0(  0.0%)]
         [Hashed:           94444( 63.2%)]
         [Known:            21497( 14.4%)]
         [New:             127963( 85.6%)   8718.3K]
      [Deduplicated:       106072( 82.9%)   6284.1K( 72.1%)]
         [Young:             9299(  8.8%)    369.1K(  5.9%)]
         [Old:              96773( 91.2%)   5915.0K( 94.1%)]
   [Total Exec: 59/0.4121879 secs, Idle: 59/111.8975144 secs, Blocked: 88/0.0597042 secs]
      [Inspected:         1389047]
         [Skipped:              0(  0.0%)]
         [Hashed:          595219( 42.9%)]
         [Known:            61528(  4.4%)]
         [New:            1327519( 95.6%)  99046.6K]
      [Deduplicated:      1068589( 80.5%)  72070.8K( 72.8%)]
         [Young:           554763( 51.9%)  44617.8K( 61.9%)]
         [Old:             513826( 48.1%)  27453.1K( 38.1%)]
   [Table]
      [Memory Usage: 5443.5K]
      [Size: 131072, Min: 1024, Max: 16777216]
      [Entries: 188565, Load: 143.9%, Cached: 0, Added: 316376, Removed: 127811]
      [Resize Count: 7, Shrink Threshold: 87381(66.7%), Grow Threshold: 262144(200.0%)]
      [Rehash Count: 0, Rehash Threshold: 120, Hash Seed: 0x0]
      [Age Threshold: 3]
   [Queue]
      [Dropped: 0]
[GC concurrent-string-deduplication, deleted 10660 entries, 0.0014691 secs]
2021-02-01T06:31:45.017+0530: 131.295: [GC pause (G1 Evacuation Pause) (young), 0.0267079 secs]
   [Parallel Time: 22.0 ms, GC Workers: 10]
      [GC Worker Start (ms): Min: 131295.2, Avg: 131295.3, Max: 131295.4, Diff: 0.2]
      [Ext Root Scanning (ms): Min: 0.4, Avg: 0.5, Max: 1.2, Diff: 0.8, Sum: 5.0]
      [Update RS (ms): Min: 6.9, Avg: 7.2, Max: 7.4, Diff: 0.6, Sum: 72.4]
         [Processed Buffers: Min: 22, Avg: 26.5, Max: 34, Diff: 12, Sum: 265]
      [Scan RS (ms): Min: 0.0, Avg: 0.2, Max: 0.3, Diff: 0.3, Sum: 2.1]
      [Code Root Scanning (ms): Min: 0.0, Avg: 0.1, Max: 0.1, Diff: 0.1, Sum: 0.6]
      [Object Copy (ms): Min: 13.1, Avg: 13.2, Max: 13.3, Diff: 0.2, Sum: 132.3]
      [Termination (ms): Min: 0.0, Avg: 0.0, Max: 0.0, Diff: 0.0, Sum: 0.0]
         [Termination Attempts: Min: 1, Avg: 12.0, Max: 17, Diff: 16, Sum: 120]
      [GC Worker Other (ms): Min: 0.0, Avg: 0.1, Max: 0.3, Diff: 0.3, Sum: 1.3]
      [GC Worker Total (ms): Min: 21.2, Avg: 21.4, Max: 21.5, Diff: 0.3, Sum: 213.6]
      [GC Worker End (ms): Min: 131316.6, Avg: 131316.7, Max: 131316.9, Diff: 0.3]
   [Code Root Fixup: 0.0 ms]
   [Code Root Purge: 0.0 ms]
   [String Dedup Fixup: 1.7 ms, GC Workers: 10]
      [Queue Fixup (ms): Min: 0.0, Avg: 0.0, Max: 0.0, Diff: 0.0, Sum: 0.0]
      [Table Fixup (ms): Min: 1.3, Avg: 1.3, Max: 1.5, Diff: 0.2, Sum: 13.4]
   [Clear CT: 0.7 ms]
   [Other: 2.2 ms]
      [Choose CSet: 0.0 ms]
      [Ref Proc: 0.9 ms]
      [Ref Enq: 0.0 ms]
      [Redirty Cards: 0.8 ms]
      [Humongous Register: 0.0 ms]
      [Humongous Reclaim: 0.0 ms]
      [Free CSet: 0.3 ms]
   [Eden: 734.0M(734.0M)->0.0B(708.0M) Survivors: 5120.0K->31744.0K Heap: 940.2M(1232.0M)->230.7M(1232.0M)]
 [Times: user=0.16 sys=0.00, real=0.03 secs] 
2021-02-01T06:34:41.597+0530: 307.876: [GC pause (G1 Evacuation Pause) (young), 0.0252316 secs]
   [Parallel Time: 18.4 ms, GC Workers: 10]
      [GC Worker Start (ms): Min: 307875.7, Avg: 307875.9, Max: 307875.9, Diff: 0.2]
      [Ext Root Scanning (ms): Min: 0.4, Avg: 0.7, Max: 2.0, Diff: 1.7, Sum: 7.4]
      [Update RS (ms): Min: 0.6, Avg: 1.6, Max: 2.2, Diff: 1.6, Sum: 15.9]
         [Processed Buffers: Min: 3, Avg: 10.3, Max: 17, Diff: 14, Sum: 103]
      [Scan RS (ms): Min: 0.0, Avg: 0.1, Max: 0.1, Diff: 0.1, Sum: 0.6]
      [Code Root Scanning (ms): Min: 0.0, Avg: 0.2, Max: 0.3, Diff: 0.3, Sum: 1.6]
      [Object Copy (ms): Min: 15.0, Avg: 15.1, Max: 15.3, Diff: 0.3, Sum: 151.3]
      [Termination (ms): Min: 0.0, Avg: 0.0, Max: 0.0, Diff: 0.0, Sum: 0.0]
         [Termination Attempts: Min: 1, Avg: 3.8, Max: 8, Diff: 7, Sum: 38]
      [GC Worker Other (ms): Min: 0.0, Avg: 0.2, Max: 0.4, Diff: 0.4, Sum: 2.0]
      [GC Worker Total (ms): Min: 17.7, Avg: 17.9, Max: 18.2, Diff: 0.5, Sum: 178.7]
      [GC Worker End (ms): Min: 307893.6, Avg: 307893.7, Max: 307893.9, Diff: 0.4]
   [Code Root Fixup: 0.0 ms]
   [Code Root Purge: 0.0 ms]
   [String Dedup Fixup: 2.5 ms, GC Workers: 10]
      [Queue Fixup (ms): Min: 0.0, Avg: 0.0, Max: 0.0, Diff: 0.0, Sum: 0.0]
      [Table Fixup (ms): Min: 1.9, Avg: 2.0, Max: 2.1, Diff: 0.2, Sum: 19.9]
   [Clear CT: 0.6 ms]
   [Other: 3.6 ms]
      [Choose CSet: 0.0 ms]
      [Ref Proc: 2.2 ms]
      [Ref Enq: 0.0 ms]
      [Redirty Cards: 0.8 ms]
      [Humongous Register: 0.0 ms]
      [Humongous Reclaim: 0.0 ms]
      [Free CSet: 0.4 ms]
   [Eden: 708.0M(708.0M)->0.0B(687.0M) Survivors: 31744.0K->53248.0K Heap: 943.1M(1232.0M)->251.3M(1232.0M)]
 [Times: user=0.31 sys=0.00, real=0.03 secs] 
2021-02-01T06:34:41.623+0530: 307.901: [GC concurrent-string-deduplication, 448.0B->288.0B(160.0B), avg 72.8%, 0.0000131 secs]
   [Last Exec: 0.0000131 secs, Idle: 195.2490570 secs, Blocked: 0/0.0000000 secs]
      [Inspected:              11]
         [Skipped:              0(  0.0%)]
         [Hashed:               1(  9.1%)]
         [Known:                7( 63.6%)]
         [New:                  4( 36.4%)    448.0B]
      [Deduplicated:            1( 25.0%)    160.0B( 35.7%)]
         [Young:                1(100.0%)    160.0B(100.0%)]
         [Old:                  0(  0.0%)      0.0B(  0.0%)]
   [Total Exec: 60/0.4122010 secs, Idle: 60/307.1465714 secs, Blocked: 88/0.0597042 secs]
      [Inspected:         1389058]
         [Skipped:              0(  0.0%)]
         [Hashed:          595220( 42.9%)]
         [Known:            61535(  4.4%)]
         [New:            1327523( 95.6%)  99047.0K]
      [Deduplicated:      1068590( 80.5%)  72071.0K( 72.8%)]
         [Young:           554764( 51.9%)  44617.9K( 61.9%)]
         [Old:             513826( 48.1%)  27453.1K( 38.1%)]
   [Table]
      [Memory Usage: 5603.6K]
      [Size: 131072, Min: 1024, Max: 16777216]
      [Entries: 195395, Load: 149.1%, Cached: 0, Added: 323206, Removed: 127811]
      [Resize Count: 7, Shrink Threshold: 87381(66.7%), Grow Threshold: 262144(200.0%)]
      [Rehash Count: 0, Rehash Threshold: 120, Hash Seed: 0x0]
      [Age Threshold: 3]
   [Queue]
      [Dropped: 0]
[GC concurrent-string-deduplication, deleted 0 entries, 0.0000005 secs]
2021-02-01T06:58:10.663+0530: 1716.942: [GC pause (G1 Evacuation Pause) (young), 0.0263003 secs]
   [Parallel Time: 19.9 ms, GC Workers: 10]
      [GC Worker Start (ms): Min: 1716941.8, Avg: 1716942.1, Max: 1716942.3, Diff: 0.5]
      [Ext Root Scanning (ms): Min: 0.4, Avg: 0.9, Max: 2.3, Diff: 1.8, Sum: 8.6]
      [Update RS (ms): Min: 1.0, Avg: 2.0, Max: 2.2, Diff: 1.3, Sum: 19.8]
         [Processed Buffers: Min: 5, Avg: 10.9, Max: 20, Diff: 15, Sum: 109]
      [Scan RS (ms): Min: 0.0, Avg: 0.1, Max: 0.1, Diff: 0.1, Sum: 0.6]
      [Code Root Scanning (ms): Min: 0.0, Avg: 0.2, Max: 0.5, Diff: 0.5, Sum: 2.4]
      [Object Copy (ms): Min: 16.0, Avg: 16.2, Max: 16.4, Diff: 0.4, Sum: 161.8]
      [Termination (ms): Min: 0.0, Avg: 0.0, Max: 0.0, Diff: 0.0, Sum: 0.0]
         [Termination Attempts: Min: 1, Avg: 1.0, Max: 1, Diff: 0, Sum: 10]
      [GC Worker Other (ms): Min: 0.0, Avg: 0.1, Max: 0.1, Diff: 0.1, Sum: 0.8]
      [GC Worker Total (ms): Min: 19.2, Avg: 19.4, Max: 19.7, Diff: 0.5, Sum: 194.0]
      [GC Worker End (ms): Min: 1716961.4, Avg: 1716961.5, Max: 1716961.5, Diff: 0.1]
   [Code Root Fixup: 0.0 ms]
   [Code Root Purge: 0.0 ms]
   [String Dedup Fixup: 2.2 ms, GC Workers: 10]
      [Queue Fixup (ms): Min: 0.0, Avg: 0.1, Max: 0.3, Diff: 0.3, Sum: 1.3]
      [Table Fixup (ms): Min: 1.7, Avg: 1.8, Max: 1.9, Diff: 0.2, Sum: 18.5]
   [Clear CT: 0.8 ms]
   [Other: 3.3 ms]
      [Choose CSet: 0.0 ms]
      [Ref Proc: 1.5 ms]
      [Ref Enq: 0.0 ms]
      [Redirty Cards: 1.0 ms]
      [Humongous Register: 0.0 ms]
      [Humongous Reclaim: 0.0 ms]
      [Free CSet: 0.5 ms]
   [Eden: 687.0M(687.0M)->0.0B(685.0M) Survivors: 53248.0K->55296.0K Heap: 940.9M(1232.0M)->253.0M(1232.0M)]
 [Times: user=0.28 sys=0.00, real=0.03 secs] 
2021-02-01T06:58:10.733+0530: 1717.011: [GC concurrent-string-deduplication, 6492.0K->400.0K(6092.0K), avg 74.1%, 0.0420290 secs]
   [Last Exec: 0.0420290 secs, Idle: 1409.0673651 secs, Blocked: 3/0.0010475 secs]
      [Inspected:          204912]
         [Skipped:              0(  0.0%)]
         [Hashed:          193845( 94.6%)]
         [Known:             1130(  0.6%)]
         [New:             203782( 99.4%)   6492.0K]
      [Deduplicated:       195790( 96.1%)   6092.0K( 93.8%)]
         [Young:           195790(100.0%)   6092.0K(100.0%)]
         [Old:                  0(  0.0%)      0.0B(  0.0%)]
   [Total Exec: 61/0.4542300 secs, Idle: 61/1716.2139365 secs, Blocked: 91/0.0607517 secs]
      [Inspected:         1593970]
         [Skipped:              0(  0.0%)]
         [Hashed:          789065( 49.5%)]
         [Known:            62665(  3.9%)]
         [New:            1531305( 96.1%)    103.1M]
      [Deduplicated:      1264380( 82.6%)  78163.0K( 74.1%)]
         [Young:           750554( 59.4%)  50709.9K( 64.9%)]
         [Old:             513826( 40.6%)  27453.1K( 35.1%)]
   [Table]
      [Memory Usage: 5869.2K]
      [Size: 131072, Min: 1024, Max: 16777216]
      [Entries: 206730, Load: 157.7%, Cached: 0, Added: 334541, Removed: 127811]
      [Resize Count: 7, Shrink Threshold: 87381(66.7%), Grow Threshold: 262144(200.0%)]
      [Rehash Count: 0, Rehash Threshold: 120, Hash Seed: 0x0]
      [Age Threshold: 3]
   [Queue]
      [Dropped: 0]
[GC concurrent-string-deduplication, deleted 0 entries, 0.0000007 secs]
2021-02-01T07:11:36.057+0530: 2522.335: [GC pause (G1 Evacuation Pause) (young), 0.0257222 secs]
   [Parallel Time: 20.3 ms, GC Workers: 10]
      [GC Worker Start (ms): Min: 2522335.6, Avg: 2522335.9, Max: 2522336.1, Diff: 0.5]
      [Ext Root Scanning (ms): Min: 0.1, Avg: 0.9, Max: 2.6, Diff: 2.5, Sum: 8.6]
      [Update RS (ms): Min: 0.9, Avg: 2.1, Max: 2.5, Diff: 1.6, Sum: 21.0]
         [Processed Buffers: Min: 6, Avg: 10.3, Max: 22, Diff: 16, Sum: 103]
      [Scan RS (ms): Min: 0.0, Avg: 0.1, Max: 0.1, Diff: 0.1, Sum: 0.8]
      [Code Root Scanning (ms): Min: 0.0, Avg: 0.3, Max: 0.7, Diff: 0.7, Sum: 3.0]
      [Object Copy (ms): Min: 15.8, Avg: 16.3, Max: 16.7, Diff: 1.0, Sum: 163.1]
      [Termination (ms): Min: 0.0, Avg: 0.0, Max: 0.0, Diff: 0.0, Sum: 0.0]
         [Termination Attempts: Min: 1, Avg: 1.5, Max: 2, Diff: 1, Sum: 15]
      [GC Worker Other (ms): Min: 0.0, Avg: 0.1, Max: 0.2, Diff: 0.2, Sum: 1.3]
      [GC Worker Total (ms): Min: 19.5, Avg: 19.8, Max: 20.1, Diff: 0.6, Sum: 197.8]
      [GC Worker End (ms): Min: 2522355.6, Avg: 2522355.7, Max: 2522355.8, Diff: 0.2]
   [Code Root Fixup: 0.1 ms]
   [Code Root Purge: 0.0 ms]
   [String Dedup Fixup: 2.8 ms, GC Workers: 10]
      [Queue Fixup (ms): Min: 0.0, Avg: 0.1, Max: 0.3, Diff: 0.3, Sum: 0.6]
      [Table Fixup (ms): Min: 2.5, Avg: 2.6, Max: 2.7, Diff: 0.2, Sum: 26.0]
   [Clear CT: 0.3 ms]
   [Other: 2.1 ms]
      [Choose CSet: 0.0 ms]
      [Ref Proc: 1.1 ms]
      [Ref Enq: 0.0 ms]
      [Redirty Cards: 0.2 ms]
      [Humongous Register: 0.0 ms]
      [Humongous Reclaim: 0.0 ms]
      [Free CSet: 0.5 ms]
   [Eden: 685.0M(685.0M)->0.0B(692.0M) Survivors: 55296.0K->48128.0K Heap: 939.6M(1232.0M)->246.3M(1232.0M)]
 [Times: user=0.20 sys=0.00, real=0.03 secs] 
2021-02-01T07:11:36.120+0530: 2522.398: [GC concurrent-string-deduplication, 5978.4K->1298.2K(4680.2K), avg 74.3%, 0.0341794 secs]
   [Last Exec: 0.0341794 secs, Idle: 805.3498698 secs, Blocked: 4/0.0023495 secs]
      [Inspected:           86943]
         [Skipped:              0(  0.0%)]
         [Hashed:           41094( 47.3%)]
         [Known:             6820(  7.8%)]
         [New:              80123( 92.2%)   5978.4K]
      [Deduplicated:        63388( 79.1%)   4680.2K( 78.3%)]
         [Young:            63388(100.0%)   4680.2K(100.0%)]
         [Old:                  0(  0.0%)      0.0B(  0.0%)]
   [Total Exec: 62/0.4884094 secs, Idle: 62/2521.5638063 secs, Blocked: 95/0.0631012 secs]
      [Inspected:         1680913]
         [Skipped:              0(  0.0%)]
         [Hashed:          830159( 49.4%)]
         [Known:            69485(  4.1%)]
         [New:            1611428( 95.9%)    108.9M]
      [Deduplicated:      1327768( 82.4%)  82843.2K( 74.3%)]
         [Young:           813942( 61.3%)  55390.1K( 66.9%)]
         [Old:             513826( 38.7%)  27453.1K( 33.1%)]
   [Table]
      [Memory Usage: 6287.3K]
      [Size: 131072, Min: 1024, Max: 16777216]
      [Entries: 224566, Load: 171.3%, Cached: 0, Added: 352410, Removed: 127844]
      [Resize Count: 7, Shrink Threshold: 87381(66.7%), Grow Threshold: 262144(200.0%)]
      [Rehash Count: 0, Rehash Threshold: 120, Hash Seed: 0x0]
      [Age Threshold: 3]
   [Queue]
      [Dropped: 0]
[GC concurrent-string-deduplication, deleted 0 entries, 0.0000009 secs]
2021-02-01T07:19:29.387+0530: 2995.664: [GC pause (G1 Evacuation Pause) (young), 0.0247147 secs]
   [Parallel Time: 18.7 ms, GC Workers: 10]
      [GC Worker Start (ms): Min: 2995664.6, Avg: 2995664.8, Max: 2995665.1, Diff: 0.4]
      [Ext Root Scanning (ms): Min: 0.3, Avg: 0.8, Max: 2.4, Diff: 2.1, Sum: 8.3]
      [Update RS (ms): Min: 1.1, Avg: 2.1, Max: 2.5, Diff: 1.4, Sum: 21.1]
         [Processed Buffers: Min: 3, Avg: 10.1, Max: 19, Diff: 16, Sum: 101]
      [Scan RS (ms): Min: 0.0, Avg: 0.1, Max: 0.1, Diff: 0.1, Sum: 0.5]
      [Code Root Scanning (ms): Min: 0.0, Avg: 0.3, Max: 0.8, Diff: 0.8, Sum: 2.8]
      [Object Copy (ms): Min: 14.5, Avg: 14.8, Max: 15.0, Diff: 0.5, Sum: 147.7]
      [Termination (ms): Min: 0.0, Avg: 0.0, Max: 0.1, Diff: 0.1, Sum: 0.5]
         [Termination Attempts: Min: 1, Avg: 12.9, Max: 18, Diff: 17, Sum: 129]
      [GC Worker Other (ms): Min: 0.0, Avg: 0.2, Max: 0.3, Diff: 0.3, Sum: 1.6]
      [GC Worker Total (ms): Min: 17.9, Avg: 18.3, Max: 18.4, Diff: 0.5, Sum: 182.5]
      [GC Worker End (ms): Min: 2995683.0, Avg: 2995683.1, Max: 2995683.3, Diff: 0.3]
   [Code Root Fixup: 0.0 ms]
   [Code Root Purge: 0.1 ms]
   [String Dedup Fixup: 2.8 ms, GC Workers: 10]
      [Queue Fixup (ms): Min: 0.0, Avg: 0.0, Max: 0.0, Diff: 0.0, Sum: 0.0]
      [Table Fixup (ms): Min: 2.3, Avg: 2.4, Max: 2.5, Diff: 0.2, Sum: 24.1]
   [Clear CT: 0.7 ms]
   [Other: 2.4 ms]
      [Choose CSet: 0.0 ms]
      [Ref Proc: 1.0 ms]
      [Ref Enq: 0.0 ms]
      [Redirty Cards: 0.7 ms]
      [Humongous Register: 0.0 ms]
      [Humongous Reclaim: 0.0 ms]
      [Free CSet: 0.4 ms]
   [Eden: 692.0M(692.0M)->0.0B(688.0M) Survivors: 48128.0K->52224.0K Heap: 941.3M(1232.0M)->249.8M(1232.0M)]
 [Times: user=0.16 sys=0.00, real=0.02 secs] 
2021-02-01T07:19:29.414+0530: 2995.692: [GC concurrent-string-deduplication, 415.4K->196.5K(218.9K), avg 74.2%, 0.0024193 secs]
   [Last Exec: 0.0024193 secs, Idle: 473.2914148 secs, Blocked: 0/0.0000000 secs]
      [Inspected:            9001]
         [Skipped:              0(  0.0%)]
         [Hashed:            3419( 38.0%)]
         [Known:             4114( 45.7%)]
         [New:               4887( 54.3%)    415.4K]
      [Deduplicated:         3051( 62.4%)    218.9K( 52.7%)]
         [Young:             3051(100.0%)    218.9K(100.0%)]
         [Old:                  0(  0.0%)      0.0B(  0.0%)]
   [Total Exec: 63/0.4908287 secs, Idle: 63/2994.8552211 secs, Blocked: 95/0.0631012 secs]
      [Inspected:         1689914]
         [Skipped:              0(  0.0%)]
         [Hashed:          833578( 49.3%)]
         [Known:            73599(  4.4%)]
         [New:            1616315( 95.6%)    109.3M]
      [Deduplicated:      1330819( 82.3%)  83062.1K( 74.2%)]
         [Young:           816993( 61.4%)  55609.0K( 66.9%)]
         [Old:             513826( 38.6%)  27453.1K( 33.1%)]
   [Table]
      [Memory Usage: 6358.4K]
      [Size: 131072, Min: 1024, Max: 16777216]
      [Entries: 227602, Load: 173.6%, Cached: 0, Added: 355473, Removed: 127871]
      [Resize Count: 7, Shrink Threshold: 87381(66.7%), Grow Threshold: 262144(200.0%)]
      [Rehash Count: 0, Rehash Threshold: 120, Hash Seed: 0x0]
      [Age Threshold: 3]
   [Queue]
      [Dropped: 0]
[GC concurrent-string-deduplication, deleted 0 entries, 0.0000005 secs]
2021-02-01T07:19:33.395+0530: 2999.673: [GC pause (G1 Evacuation Pause) (young), 0.0236239 secs]
   [Parallel Time: 17.3 ms, GC Workers: 10]
      [GC Worker Start (ms): Min: 2999673.2, Avg: 2999673.3, Max: 2999673.4, Diff: 0.2]
      [Ext Root Scanning (ms): Min: 0.5, Avg: 0.9, Max: 2.2, Diff: 1.7, Sum: 8.6]
      [Update RS (ms): Min: 0.4, Avg: 1.6, Max: 2.2, Diff: 1.8, Sum: 15.6]
         [Processed Buffers: Min: 2, Avg: 3.8, Max: 9, Diff: 7, Sum: 38]
      [Scan RS (ms): Min: 0.0, Avg: 0.1, Max: 0.1, Diff: 0.1, Sum: 0.6]
      [Code Root Scanning (ms): Min: 0.0, Avg: 0.3, Max: 0.7, Diff: 0.7, Sum: 3.2]
      [Object Copy (ms): Min: 13.4, Avg: 13.9, Max: 14.3, Diff: 0.9, Sum: 138.8]
      [Termination (ms): Min: 0.0, Avg: 0.0, Max: 0.0, Diff: 0.0, Sum: 0.0]
         [Termination Attempts: Min: 1, Avg: 16.2, Max: 23, Diff: 22, Sum: 162]
      [GC Worker Other (ms): Min: 0.0, Avg: 0.2, Max: 0.3, Diff: 0.3, Sum: 1.6]
      [GC Worker Total (ms): Min: 16.7, Avg: 16.8, Max: 17.1, Diff: 0.4, Sum: 168.4]
      [GC Worker End (ms): Min: 2999690.0, Avg: 2999690.2, Max: 2999690.3, Diff: 0.3]
   [Code Root Fixup: 0.0 ms]
   [Code Root Purge: 0.0 ms]
   [String Dedup Fixup: 3.1 ms, GC Workers: 10]
      [Queue Fixup (ms): Min: 0.0, Avg: 0.0, Max: 0.0, Diff: 0.0, Sum: 0.0]
      [Table Fixup (ms): Min: 2.7, Avg: 2.8, Max: 3.0, Diff: 0.3, Sum: 28.3]
   [Clear CT: 0.9 ms]
   [Other: 2.2 ms]
      [Choose CSet: 0.0 ms]
      [Ref Proc: 0.9 ms]
      [Ref Enq: 0.1 ms]
      [Redirty Cards: 0.7 ms]
      [Humongous Register: 0.0 ms]
      [Humongous Reclaim: 0.0 ms]
      [Free CSet: 0.3 ms]
   [Eden: 688.0M(688.0M)->0.0B(692.0M) Survivors: 52224.0K->48128.0K Heap: 937.8M(1232.0M)->246.3M(1232.0M)]
 [Times: user=0.30 sys=0.02, real=0.02 secs] 
2021-02-01T07:19:33.420+0530: 2999.698: [GC concurrent-string-deduplication, 211.0K->137.3K(75472.0B), avg 74.1%, 0.0012756 secs]
   [Last Exec: 0.0012756 secs, Idle: 4.0050810 secs, Blocked: 0/0.0000000 secs]
      [Inspected:            3963]
         [Skipped:              0(  0.0%)]
         [Hashed:            1375( 34.7%)]
         [Known:             1513( 38.2%)]
         [New:               2450( 61.8%)    211.0K]
      [Deduplicated:         1394( 56.9%)  75472.0B( 34.9%)]
         [Young:             1394(100.0%)  75472.0B(100.0%)]
         [Old:                  0(  0.0%)      0.0B(  0.0%)]
   [Total Exec: 64/0.4921043 secs, Idle: 64/2998.8603021 secs, Blocked: 95/0.0631012 secs]
      [Inspected:         1693877]
         [Skipped:              0(  0.0%)]
         [Hashed:          834953( 49.3%)]
         [Known:            75112(  4.4%)]
         [New:            1618765( 95.6%)    109.5M]
      [Deduplicated:      1332213( 82.3%)  83135.8K( 74.1%)]
         [Young:           818387( 61.4%)  55682.7K( 67.0%)]
         [Old:             513826( 38.6%)  27453.1K( 33.0%)]
   [Table]
      [Memory Usage: 6395.5K]
      [Size: 131072, Min: 1024, Max: 16777216]
      [Entries: 229183, Load: 174.9%, Cached: 0, Added: 357101, Removed: 127918]
      [Resize Count: 7, Shrink Threshold: 87381(66.7%), Grow Threshold: 262144(200.0%)]
      [Rehash Count: 0, Rehash Threshold: 120, Hash Seed: 0x0]
      [Age Threshold: 3]
   [Queue]
      [Dropped: 0]
[GC concurrent-string-deduplication, deleted 0 entries, 0.0000006 secs]
2021-02-01T07:19:39.066+0530: 3005.344: [GC pause (G1 Evacuation Pause) (young), 0.0232468 secs]
   [Parallel Time: 18.0 ms, GC Workers: 10]
      [GC Worker Start (ms): Min: 3005344.3, Avg: 3005344.4, Max: 3005344.5, Diff: 0.2]
      [Ext Root Scanning (ms): Min: 0.5, Avg: 0.8, Max: 2.2, Diff: 1.7, Sum: 7.7]
      [Update RS (ms): Min: 0.8, Avg: 1.8, Max: 2.2, Diff: 1.4, Sum: 17.8]
         [Processed Buffers: Min: 3, Avg: 6.8, Max: 13, Diff: 10, Sum: 68]
      [Scan RS (ms): Min: 0.0, Avg: 0.1, Max: 0.1, Diff: 0.1, Sum: 0.6]
      [Code Root Scanning (ms): Min: 0.0, Avg: 0.3, Max: 0.7, Diff: 0.7, Sum: 3.1]
      [Object Copy (ms): Min: 13.7, Avg: 14.2, Max: 14.5, Diff: 0.8, Sum: 142.0]
      [Termination (ms): Min: 0.0, Avg: 0.0, Max: 0.0, Diff: 0.0, Sum: 0.0]
         [Termination Attempts: Min: 1, Avg: 6.8, Max: 10, Diff: 9, Sum: 68]
      [GC Worker Other (ms): Min: 0.0, Avg: 0.1, Max: 0.3, Diff: 0.2, Sum: 1.4]
      [GC Worker Total (ms): Min: 17.1, Avg: 17.3, Max: 17.4, Diff: 0.3, Sum: 172.8]
      [GC Worker End (ms): Min: 3005361.6, Avg: 3005361.7, Max: 3005361.8, Diff: 0.2]
   [Code Root Fixup: 0.0 ms]
   [Code Root Purge: 0.0 ms]
   [String Dedup Fixup: 2.7 ms, GC Workers: 10]
      [Queue Fixup (ms): Min: 0.0, Avg: 0.0, Max: 0.0, Diff: 0.0, Sum: 0.0]
      [Table Fixup (ms): Min: 2.3, Avg: 2.4, Max: 2.6, Diff: 0.3, Sum: 23.9]
   [Clear CT: 0.7 ms]
   [Other: 1.8 ms]
      [Choose CSet: 0.0 ms]
      [Ref Proc: 0.4 ms]
      [Ref Enq: 0.0 ms]
      [Redirty Cards: 1.0 ms]
      [Humongous Register: 0.0 ms]
      [Humongous Reclaim: 0.0 ms]
      [Free CSet: 0.3 ms]
   [Eden: 692.0M(692.0M)->0.0B(689.0M) Survivors: 48128.0K->51200.0K Heap: 939.3M(1232.0M)->248.8M(1232.0M)]
 [Times: user=0.16 sys=0.00, real=0.02 secs] 
2021-02-01T07:19:39.089+0530: 3005.368: [GC concurrent-string-deduplication, 155.6K->95768.0B(63568.0B), avg 74.1%, 0.0008603 secs]
   [Last Exec: 0.0008603 secs, Idle: 5.6693529 secs, Blocked: 0/0.0000000 secs]
      [Inspected:            3773]
         [Skipped:              0(  0.0%)]
         [Hashed:             507( 13.4%)]
         [Known:             1475( 39.1%)]
         [New:               2298( 60.9%)    155.6K]
      [Deduplicated:         1293( 56.3%)  63568.0B( 39.9%)]
         [Young:             1293(100.0%)  63568.0B(100.0%)]
         [Old:                  0(  0.0%)      0.0B(  0.0%)]
   [Total Exec: 65/0.4929646 secs, Idle: 65/3004.5296550 secs, Blocked: 95/0.0631012 secs]
      [Inspected:         1697650]
         [Skipped:              0(  0.0%)]
         [Hashed:          835460( 49.2%)]
         [Known:            76587(  4.5%)]
         [New:            1621063( 95.5%)    109.7M]
      [Deduplicated:      1333506( 82.3%)  83197.9K( 74.1%)]
         [Young:           819680( 61.5%)  55744.8K( 67.0%)]
         [Old:             513826( 38.5%)  27453.1K( 33.0%)]
   [Table]
      [Memory Usage: 6423.7K]
      [Size: 131072, Min: 1024, Max: 16777216]
      [Entries: 230387, Load: 175.8%, Cached: 0, Added: 358482, Removed: 128095]
      [Resize Count: 7, Shrink Threshold: 87381(66.7%), Grow Threshold: 262144(200.0%)]
      [Rehash Count: 0, Rehash Threshold: 120, Hash Seed: 0x0]
      [Age Threshold: 3]
   [Queue]
      [Dropped: 0]
[GC concurrent-string-deduplication, deleted 0 entries, 0.0000006 secs]
2021-02-01T07:19:42.409+0530: 3008.687: [GC pause (G1 Evacuation Pause) (young), 0.0245599 secs]
   [Parallel Time: 18.1 ms, GC Workers: 10]
      [GC Worker Start (ms): Min: 3008687.6, Avg: 3008687.7, Max: 3008687.9, Diff: 0.3]
      [Ext Root Scanning (ms): Min: 0.4, Avg: 0.8, Max: 2.0, Diff: 1.6, Sum: 7.7]
      [Update RS (ms): Min: 0.7, Avg: 1.5, Max: 1.8, Diff: 1.1, Sum: 14.8]
         [Processed Buffers: Min: 1, Avg: 3.9, Max: 8, Diff: 7, Sum: 39]
      [Scan RS (ms): Min: 0.0, Avg: 0.1, Max: 0.1, Diff: 0.1, Sum: 0.6]
      [Code Root Scanning (ms): Min: 0.0, Avg: 0.3, Max: 0.7, Diff: 0.7, Sum: 3.0]
      [Object Copy (ms): Min: 14.3, Avg: 14.7, Max: 15.1, Diff: 0.8, Sum: 147.4]
      [Termination (ms): Min: 0.0, Avg: 0.0, Max: 0.0, Diff: 0.0, Sum: 0.1]
         [Termination Attempts: Min: 1, Avg: 40.7, Max: 51, Diff: 50, Sum: 407]
      [GC Worker Other (ms): Min: 0.0, Avg: 0.1, Max: 0.3, Diff: 0.3, Sum: 1.2]
      [GC Worker Total (ms): Min: 17.3, Avg: 17.5, Max: 17.7, Diff: 0.4, Sum: 174.7]
      [GC Worker End (ms): Min: 3008705.1, Avg: 3008705.2, Max: 3008705.4, Diff: 0.3]
   [Code Root Fixup: 0.0 ms]
   [Code Root Purge: 0.0 ms]
   [String Dedup Fixup: 3.5 ms, GC Workers: 10]
      [Queue Fixup (ms): Min: 0.0, Avg: 0.0, Max: 0.1, Diff: 0.1, Sum: 0.1]
      [Table Fixup (ms): Min: 2.9, Avg: 3.1, Max: 3.3, Diff: 0.4, Sum: 31.4]
   [Clear CT: 0.7 ms]
   [Other: 2.2 ms]
      [Choose CSet: 0.0 ms]
      [Ref Proc: 0.8 ms]
      [Ref Enq: 0.0 ms]
      [Redirty Cards: 0.9 ms]
      [Humongous Register: 0.0 ms]
      [Humongous Reclaim: 0.0 ms]
      [Free CSet: 0.3 ms]
   [Eden: 689.0M(689.0M)->0.0B(691.0M) Survivors: 51200.0K->49152.0K Heap: 937.8M(1232.0M)->247.3M(1232.0M)]
 [Times: user=0.27 sys=0.01, real=0.03 secs] 
2021-02-01T07:19:42.436+0530: 3008.714: [GC concurrent-string-deduplication, 681.5K->214.5K(467.0K), avg 74.1%, 0.0016879 secs]
   [Last Exec: 0.0016879 secs, Idle: 3.3436960 secs, Blocked: 0/0.0000000 secs]
      [Inspected:           11975]
         [Skipped:              0(  0.0%)]
         [Hashed:           11134( 93.0%)]
         [Known:              668(  5.6%)]
         [New:              11307( 94.4%)    681.5K]
      [Deduplicated:         8837( 78.2%)    467.0K( 68.5%)]
         [Young:             8837(100.0%)    467.0K(100.0%)]
         [Old:                  0(  0.0%)      0.0B(  0.0%)]
   [Total Exec: 66/0.4946525 secs, Idle: 66/3007.8733510 secs, Blocked: 95/0.0631012 secs]
      [Inspected:         1709625]
         [Skipped:              0(  0.0%)]
         [Hashed:          846594( 49.5%)]
         [Known:            77255(  4.5%)]
         [New:            1632370( 95.5%)    110.3M]
      [Deduplicated:      1342343( 82.2%)  83664.8K( 74.1%)]
         [Young:           828517( 61.7%)  56211.8K( 67.2%)]
         [Old:             513826( 38.3%)  27453.1K( 32.8%)]
   [Table]
      [Memory Usage: 6486.1K]
      [Size: 131072, Min: 1024, Max: 16777216]
      [Entries: 233051, Load: 177.8%, Cached: 0, Added: 361173, Removed: 128122]
      [Resize Count: 7, Shrink Threshold: 87381(66.7%), Grow Threshold: 262144(200.0%)]
      [Rehash Count: 0, Rehash Threshold: 120, Hash Seed: 0x0]
      [Age Threshold: 3]
   [Queue]
      [Dropped: 0]
[GC concurrent-string-deduplication, deleted 0 entries, 0.0000005 secs]
2021-02-01T07:19:49.067+0530: 3015.345: [GC pause (G1 Evacuation Pause) (young), 0.0286484 secs]
   [Parallel Time: 21.9 ms, GC Workers: 10]
      [GC Worker Start (ms): Min: 3015344.7, Avg: 3015344.8, Max: 3015344.9, Diff: 0.2]
      [Ext Root Scanning (ms): Min: 0.5, Avg: 0.8, Max: 1.9, Diff: 1.5, Sum: 7.9]
      [Update RS (ms): Min: 1.1, Avg: 1.9, Max: 2.1, Diff: 1.0, Sum: 18.5]
         [Processed Buffers: Min: 4, Avg: 6.7, Max: 12, Diff: 8, Sum: 67]
      [Scan RS (ms): Min: 0.0, Avg: 0.1, Max: 0.1, Diff: 0.1, Sum: 0.7]
      [Code Root Scanning (ms): Min: 0.0, Avg: 0.3, Max: 0.7, Diff: 0.7, Sum: 3.2]
      [Object Copy (ms): Min: 17.9, Avg: 18.5, Max: 18.9, Diff: 1.1, Sum: 184.5]
      [Termination (ms): Min: 0.0, Avg: 0.0, Max: 0.0, Diff: 0.0, Sum: 0.0]
         [Termination Attempts: Min: 1, Avg: 4.2, Max: 6, Diff: 5, Sum: 42]
      [GC Worker Other (ms): Min: 0.0, Avg: 0.1, Max: 0.1, Diff: 0.1, Sum: 0.9]
      [GC Worker Total (ms): Min: 21.4, Avg: 21.6, Max: 21.7, Diff: 0.3, Sum: 215.8]
      [GC Worker End (ms): Min: 3015366.3, Avg: 3015366.4, Max: 3015366.4, Diff: 0.1]
   [Code Root Fixup: 0.2 ms]
   [Code Root Purge: 0.0 ms]
   [String Dedup Fixup: 3.6 ms, GC Workers: 10]
      [Queue Fixup (ms): Min: 0.0, Avg: 0.0, Max: 0.0, Diff: 0.0, Sum: 0.0]
      [Table Fixup (ms): Min: 3.0, Avg: 3.2, Max: 3.3, Diff: 0.2, Sum: 31.7]
   [Clear CT: 0.7 ms]
   [Other: 2.2 ms]
      [Choose CSet: 0.0 ms]
      [Ref Proc: 0.8 ms]
      [Ref Enq: 0.0 ms]
      [Redirty Cards: 0.9 ms]
      [Humongous Register: 0.0 ms]
      [Humongous Reclaim: 0.0 ms]
      [Free CSet: 0.3 ms]
   [Eden: 691.0M(691.0M)->0.0B(684.0M) Survivors: 49152.0K->56320.0K Heap: 940.6M(1232.0M)->253.8M(1232.0M)]
 [Times: user=0.16 sys=0.00, real=0.03 secs] 
2021-02-01T07:19:49.096+0530: 3015.374: [GC concurrent-string-deduplication, 21736.0B->13128.0B(8608.0B), avg 74.0%, 0.0002311 secs]
   [Last Exec: 0.0002311 secs, Idle: 6.6594522 secs, Blocked: 0/0.0000000 secs]
      [Inspected:             610]
         [Skipped:              0(  0.0%)]
         [Hashed:              83( 13.6%)]
         [Known:              434( 71.1%)]
         [New:                176( 28.9%)  21736.0B]
      [Deduplicated:           87( 49.4%)   8608.0B( 39.6%)]
         [Young:               87(100.0%)   8608.0B(100.0%)]
         [Old:                  0(  0.0%)      0.0B(  0.0%)]
   [Total Exec: 67/0.4948836 secs, Idle: 67/3014.5328032 secs, Blocked: 95/0.0631012 secs]
      [Inspected:         1710235]
         [Skipped:              0(  0.0%)]
         [Hashed:          846677( 49.5%)]
         [Known:            77689(  4.5%)]
         [New:            1632546( 95.5%)    110.4M]
      [Deduplicated:      1342430( 82.2%)  83673.3K( 74.0%)]
         [Young:           828604( 61.7%)  56220.2K( 67.2%)]
         [Old:             513826( 38.3%)  27453.1K( 32.8%)]
   [Table]
      [Memory Usage: 6491.8K]
      [Size: 131072, Min: 1024, Max: 16777216]
      [Entries: 233292, Load: 178.0%, Cached: 0, Added: 361430, Removed: 128138]
      [Resize Count: 7, Shrink Threshold: 87381(66.7%), Grow Threshold: 262144(200.0%)]
      [Rehash Count: 0, Rehash Threshold: 120, Hash Seed: 0x0]
      [Age Threshold: 3]
   [Queue]
      [Dropped: 0]
[GC concurrent-string-deduplication, deleted 0 entries, 0.0000005 secs]
2021-02-01T07:20:34.685+0530: 3060.963: [GC pause (G1 Evacuation Pause) (young), 0.0494591 secs]
   [Parallel Time: 43.4 ms, GC Workers: 10]
      [GC Worker Start (ms): Min: 3060963.5, Avg: 3060963.6, Max: 3060963.7, Diff: 0.2]
      [Ext Root Scanning (ms): Min: 0.5, Avg: 0.8, Max: 2.5, Diff: 2.0, Sum: 8.4]
      [Update RS (ms): Min: 0.9, Avg: 2.1, Max: 2.6, Diff: 1.7, Sum: 21.3]
         [Processed Buffers: Min: 3, Avg: 7.7, Max: 18, Diff: 15, Sum: 77]
      [Scan RS (ms): Min: 0.0, Avg: 0.1, Max: 0.1, Diff: 0.1, Sum: 0.6]
      [Code Root Scanning (ms): Min: 0.0, Avg: 0.4, Max: 0.8, Diff: 0.8, Sum: 4.1]
      [Object Copy (ms): Min: 39.1, Avg: 39.7, Max: 40.2, Diff: 1.1, Sum: 397.1]
      [Termination (ms): Min: 0.0, Avg: 0.0, Max: 0.0, Diff: 0.0, Sum: 0.0]
         [Termination Attempts: Min: 1, Avg: 1.5, Max: 3, Diff: 2, Sum: 15]
      [GC Worker Other (ms): Min: 0.0, Avg: 0.0, Max: 0.1, Diff: 0.1, Sum: 0.4]
      [GC Worker Total (ms): Min: 43.1, Avg: 43.2, Max: 43.3, Diff: 0.2, Sum: 432.0]
      [GC Worker End (ms): Min: 3061006.8, Avg: 3061006.8, Max: 3061006.8, Diff: 0.1]
   [Code Root Fixup: 0.1 ms]
   [Code Root Purge: 0.0 ms]
   [String Dedup Fixup: 3.2 ms, GC Workers: 10]
      [Queue Fixup (ms): Min: 0.0, Avg: 0.0, Max: 0.0, Diff: 0.0, Sum: 0.0]
      [Table Fixup (ms): Min: 2.7, Avg: 2.7, Max: 2.8, Diff: 0.1, Sum: 27.2]
   [Clear CT: 0.8 ms]
   [Other: 2.0 ms]
      [Choose CSet: 0.0 ms]
      [Ref Proc: 0.3 ms]
      [Ref Enq: 0.0 ms]
      [Redirty Cards: 1.1 ms]
      [Humongous Register: 0.0 ms]
      [Humongous Reclaim: 0.1 ms]
      [Free CSet: 0.3 ms]
   [Eden: 684.0M(684.0M)->0.0B(708.0M) Survivors: 56320.0K->31744.0K Heap: 943.8M(1232.0M)->249.8M(1232.0M)]
 [Times: user=0.08 sys=0.05, real=0.05 secs] 
2021-02-01T07:20:34.735+0530: 3061.013: [GC concurrent-string-deduplication, 14376.0B->14376.0B(0.0B), avg 74.0%, 0.0000724 secs]
   [Last Exec: 0.0000724 secs, Idle: 45.6393459 secs, Blocked: 0/0.0000000 secs]
      [Inspected:             328]
         [Skipped:              0(  0.0%)]
         [Hashed:              26(  7.9%)]
         [Known:              252( 76.8%)]
         [New:                 76( 23.2%)  14376.0B]
      [Deduplicated:            0(  0.0%)      0.0B(  0.0%)]
         [Young:                0(  0.0%)      0.0B(  0.0%)]
         [Old:                  0(  0.0%)      0.0B(  0.0%)]
   [Total Exec: 68/0.4949560 secs, Idle: 68/3060.1721491 secs, Blocked: 95/0.0631012 secs]
      [Inspected:         1710563]
         [Skipped:              0(  0.0%)]
         [Hashed:          846703( 49.5%)]
         [Known:            77941(  4.6%)]
         [New:            1632622( 95.4%)    110.4M]
      [Deduplicated:      1342430( 82.2%)  83673.3K( 74.0%)]
         [Young:           828604( 61.7%)  56220.2K( 67.2%)]
         [Old:             513826( 38.3%)  27453.1K( 32.8%)]
   [Table]
      [Memory Usage: 6509.4K]
      [Size: 131072, Min: 1024, Max: 16777216]
      [Entries: 234010, Load: 178.5%, Cached: 33, Added: 362257, Removed: 128247]
      [Resize Count: 7, Shrink Threshold: 87381(66.7%), Grow Threshold: 262144(200.0%)]
      [Rehash Count: 0, Rehash Threshold: 120, Hash Seed: 0x0]
      [Age Threshold: 3]
   [Queue]
      [Dropped: 0]
[GC concurrent-string-deduplication, deleted 0 entries, 0.0000005 secs]
2021-02-01T07:21:37.450+0530: 3123.728: [GC pause (G1 Evacuation Pause) (young), 0.0261031 secs]
   [Parallel Time: 19.8 ms, GC Workers: 10]
      [GC Worker Start (ms): Min: 3123728.3, Avg: 3123728.5, Max: 3123728.6, Diff: 0.3]
      [Ext Root Scanning (ms): Min: 0.4, Avg: 0.8, Max: 1.7, Diff: 1.2, Sum: 7.6]
      [Update RS (ms): Min: 8.5, Avg: 9.1, Max: 9.4, Diff: 0.9, Sum: 91.4]
         [Processed Buffers: Min: 18, Avg: 23.5, Max: 36, Diff: 18, Sum: 235]
      [Scan RS (ms): Min: 0.0, Avg: 0.1, Max: 0.1, Diff: 0.1, Sum: 0.7]
      [Code Root Scanning (ms): Min: 0.0, Avg: 0.4, Max: 1.1, Diff: 1.1, Sum: 4.4]
      [Object Copy (ms): Min: 7.9, Avg: 8.5, Max: 9.0, Diff: 1.1, Sum: 84.7]
      [Termination (ms): Min: 0.0, Avg: 0.0, Max: 0.0, Diff: 0.0, Sum: 0.0]
         [Termination Attempts: Min: 1, Avg: 1.0, Max: 1, Diff: 0, Sum: 10]
      [GC Worker Other (ms): Min: 0.0, Avg: 0.2, Max: 0.5, Diff: 0.5, Sum: 2.4]
      [GC Worker Total (ms): Min: 18.8, Avg: 19.1, Max: 19.5, Diff: 0.6, Sum: 191.3]
      [GC Worker End (ms): Min: 3123747.4, Avg: 3123747.6, Max: 3123747.9, Diff: 0.5]
   [Code Root Fixup: 0.0 ms]
   [Code Root Purge: 0.0 ms]
   [String Dedup Fixup: 2.6 ms, GC Workers: 10]
      [Queue Fixup (ms): Min: 0.0, Avg: 0.0, Max: 0.0, Diff: 0.0, Sum: 0.0]
      [Table Fixup (ms): Min: 2.1, Avg: 2.3, Max: 2.4, Diff: 0.3, Sum: 23.2]
   [Clear CT: 0.9 ms]
   [Other: 2.7 ms]
      [Choose CSet: 0.0 ms]
      [Ref Proc: 1.0 ms]
      [Ref Enq: 0.0 ms]
      [Redirty Cards: 1.1 ms]
      [Humongous Register: 0.0 ms]
      [Humongous Reclaim: 0.0 ms]
      [Free CSet: 0.4 ms]
   [Eden: 708.0M(708.0M)->0.0B(705.0M) Survivors: 31744.0K->34816.0K Heap: 963.8M(1232.0M)->252.8M(1232.0M)]
 [Times: user=0.16 sys=0.00, real=0.03 secs] 
2021-02-01T07:21:37.476+0530: 3123.755: [GC concurrent-string-deduplication, 8880.0B->8760.0B(120.0B), avg 74.0%, 0.0001173 secs]
   [Last Exec: 0.0001173 secs, Idle: 62.7413543 secs, Blocked: 0/0.0000000 secs]
      [Inspected:             230]
         [Skipped:              0(  0.0%)]
         [Hashed:              23( 10.0%)]
         [Known:              181( 78.7%)]
         [New:                 49( 21.3%)   8880.0B]
      [Deduplicated:            3(  6.1%)    120.0B(  1.4%)]
         [Young:                3(100.0%)    120.0B(100.0%)]
         [Old:                  0(  0.0%)      0.0B(  0.0%)]
   [Total Exec: 69/0.4950733 secs, Idle: 69/3122.9135034 secs, Blocked: 95/0.0631012 secs]
      [Inspected:         1710793]
         [Skipped:              0(  0.0%)]
         [Hashed:          846726( 49.5%)]
         [Known:            78122(  4.6%)]
         [New:            1632671( 95.4%)    110.4M]
      [Deduplicated:      1342433( 82.2%)  83673.4K( 74.0%)]
         [Young:           828607( 61.7%)  56220.3K( 67.2%)]
         [Old:             513826( 38.3%)  27453.1K( 32.8%)]
   [Table]
      [Memory Usage: 6519.3K]
      [Size: 131072, Min: 1024, Max: 16777216]
      [Entries: 234466, Load: 178.9%, Cached: 0, Added: 362756, Removed: 128290]
      [Resize Count: 7, Shrink Threshold: 87381(66.7%), Grow Threshold: 262144(200.0%)]
      [Rehash Count: 0, Rehash Threshold: 120, Hash Seed: 0x0]
      [Age Threshold: 3]
   [Queue]
      [Dropped: 0]
[GC concurrent-string-deduplication, deleted 0 entries, 0.0000009 secs]
2021-02-01T07:23:35.134+0530: 3241.412: [GC pause (G1 Evacuation Pause) (young), 0.0262738 secs]
   [Parallel Time: 18.0 ms, GC Workers: 10]
      [GC Worker Start (ms): Min: 3241412.6, Avg: 3241412.7, Max: 3241412.9, Diff: 0.3]
      [Ext Root Scanning (ms): Min: 0.5, Avg: 1.3, Max: 4.1, Diff: 3.6, Sum: 12.5]
      [Update RS (ms): Min: 1.0, Avg: 3.3, Max: 4.1, Diff: 3.1, Sum: 32.7]
         [Processed Buffers: Min: 2, Avg: 8.3, Max: 19, Diff: 17, Sum: 83]
      [Scan RS (ms): Min: 0.0, Avg: 0.1, Max: 0.1, Diff: 0.1, Sum: 0.9]
      [Code Root Scanning (ms): Min: 0.0, Avg: 0.5, Max: 1.0, Diff: 1.0, Sum: 4.9]
      [Object Copy (ms): Min: 11.6, Avg: 12.3, Max: 12.9, Diff: 1.3, Sum: 122.8]
      [Termination (ms): Min: 0.0, Avg: 0.0, Max: 0.0, Diff: 0.0, Sum: 0.0]
         [Termination Attempts: Min: 1, Avg: 1.1, Max: 2, Diff: 1, Sum: 11]
      [GC Worker Other (ms): Min: 0.0, Avg: 0.1, Max: 0.2, Diff: 0.2, Sum: 1.5]
      [GC Worker Total (ms): Min: 17.4, Avg: 17.5, Max: 17.7, Diff: 0.3, Sum: 175.4]
      [GC Worker End (ms): Min: 3241430.2, Avg: 3241430.3, Max: 3241430.4, Diff: 0.2]
   [Code Root Fixup: 0.1 ms]
   [Code Root Purge: 0.0 ms]
   [String Dedup Fixup: 3.7 ms, GC Workers: 10]
      [Queue Fixup (ms): Min: 0.0, Avg: 0.0, Max: 0.1, Diff: 0.1, Sum: 0.1]
      [Table Fixup (ms): Min: 3.0, Avg: 3.2, Max: 3.4, Diff: 0.4, Sum: 31.9]
   [Clear CT: 1.1 ms]
   [Other: 3.5 ms]
      [Choose CSet: 0.0 ms]
      [Ref Proc: 1.9 ms]
      [Ref Enq: 0.0 ms]
      [Redirty Cards: 0.8 ms]
      [Humongous Register: 0.0 ms]
      [Humongous Reclaim: 0.1 ms]
      [Free CSet: 0.4 ms]
   [Eden: 705.0M(705.0M)->0.0B(693.0M) Survivors: 34816.0K->47104.0K Heap: 966.8M(1232.0M)->264.9M(1232.0M)]
 [Times: user=0.30 sys=0.00, real=0.03 secs] 
2021-02-01T07:23:35.166+0530: 3241.445: [GC concurrent-string-deduplication, 557.6K->87424.0B(472.3K), avg 74.1%, 0.0044714 secs]
   [Last Exec: 0.0044714 secs, Idle: 117.6841104 secs, Blocked: 6/0.0013036 secs]
      [Inspected:           11496]
         [Skipped:              0(  0.0%)]
         [Hashed:            6812( 59.3%)]
         [Known:              899(  7.8%)]
         [New:              10597( 92.2%)    557.6K]
      [Deduplicated:         9726( 91.8%)    472.3K( 84.7%)]
         [Young:             9726(100.0%)    472.3K(100.0%)]
         [Old:                  0(  0.0%)      0.0B(  0.0%)]
   [Total Exec: 70/0.4995447 secs, Idle: 70/3240.5976138 secs, Blocked: 101/0.0644048 secs]
      [Inspected:         1722289]
         [Skipped:              0(  0.0%)]
         [Hashed:          853538( 49.6%)]
         [Known:            79021(  4.6%)]
         [New:            1643268( 95.4%)    110.9M]
      [Deduplicated:      1352159( 82.3%)  84145.6K( 74.1%)]
         [Young:           838333( 62.0%)  56692.5K( 67.4%)]
         [Old:             513826( 38.0%)  27453.1K( 32.6%)]
   [Table]
      [Memory Usage: 6579.4K]
      [Size: 131072, Min: 1024, Max: 16777216]
      [Entries: 237029, Load: 180.8%, Cached: 0, Added: 365368, Removed: 128339]
      [Resize Count: 7, Shrink Threshold: 87381(66.7%), Grow Threshold: 262144(200.0%)]
      [Rehash Count: 0, Rehash Threshold: 120, Hash Seed: 0x0]
      [Age Threshold: 3]
   [Queue]
      [Dropped: 0]
[GC concurrent-string-deduplication, deleted 0 entries, 0.0000006 secs]
2021-02-01T08:06:22.606+0530: 5808.884: [GC pause (G1 Evacuation Pause) (young), 0.0242043 secs]
   [Parallel Time: 15.3 ms, GC Workers: 10]
      [GC Worker Start (ms): Min: 5808884.0, Avg: 5808884.5, Max: 5808884.9, Diff: 0.9]
      [Ext Root Scanning (ms): Min: 0.3, Avg: 0.8, Max: 2.7, Diff: 2.4, Sum: 7.9]
      [Update RS (ms): Min: 0.7, Avg: 1.8, Max: 2.2, Diff: 1.4, Sum: 18.2]
         [Processed Buffers: Min: 3, Avg: 11.2, Max: 31, Diff: 28, Sum: 112]
      [Scan RS (ms): Min: 0.0, Avg: 0.1, Max: 0.1, Diff: 0.1, Sum: 0.7]
      [Code Root Scanning (ms): Min: 0.0, Avg: 0.5, Max: 1.2, Diff: 1.2, Sum: 5.1]
      [Object Copy (ms): Min: 10.6, Avg: 11.3, Max: 12.0, Diff: 1.4, Sum: 112.9]
      [Termination (ms): Min: 0.0, Avg: 0.0, Max: 0.0, Diff: 0.0, Sum: 0.0]
         [Termination Attempts: Min: 1, Avg: 1.0, Max: 1, Diff: 0, Sum: 10]
      [GC Worker Other (ms): Min: 0.0, Avg: 0.1, Max: 0.2, Diff: 0.1, Sum: 1.2]
      [GC Worker Total (ms): Min: 14.3, Avg: 14.6, Max: 15.1, Diff: 0.8, Sum: 146.0]
      [GC Worker End (ms): Min: 5808899.1, Avg: 5808899.1, Max: 5808899.2, Diff: 0.1]
   [Code Root Fixup: 0.1 ms]
   [Code Root Purge: 0.0 ms]
   [String Dedup Fixup: 3.2 ms, GC Workers: 10]
      [Queue Fixup (ms): Min: 0.0, Avg: 0.0, Max: 0.1, Diff: 0.1, Sum: 0.1]
      [Table Fixup (ms): Min: 2.4, Avg: 2.5, Max: 2.7, Diff: 0.2, Sum: 25.2]
   [Clear CT: 1.5 ms]
   [Other: 4.1 ms]
      [Choose CSet: 0.0 ms]
      [Ref Proc: 2.3 ms]
      [Ref Enq: 0.0 ms]
      [Redirty Cards: 0.8 ms]
      [Humongous Register: 0.1 ms]
      [Humongous Reclaim: 0.0 ms]
      [Free CSet: 0.7 ms]
   [Eden: 693.0M(693.0M)->0.0B(691.0M) Survivors: 47104.0K->49152.0K Heap: 957.9M(1232.0M)->267.1M(1232.0M)]
 [Times: user=0.16 sys=0.00, real=0.02 secs] 
2021-02-01T08:06:22.641+0530: 5808.918: [GC concurrent-string-deduplication, 2266.0K->223.0K(2042.9K), avg 74.4%, 0.0101171 secs]
   [Last Exec: 0.0101171 secs, Idle: 2567.4635858 secs, Blocked: 0/0.0000000 secs]
      [Inspected:           18042]
         [Skipped:              0(  0.0%)]
         [Hashed:           14841( 82.3%)]
         [Known:              810(  4.5%)]
         [New:              17232( 95.5%)   2266.0K]
      [Deduplicated:        16242( 94.3%)   2042.9K( 90.2%)]
         [Young:            16242(100.0%)   2042.9K(100.0%)]
         [Old:                  0(  0.0%)      0.0B(  0.0%)]
   [Total Exec: 71/0.5096618 secs, Idle: 71/5808.0611996 secs, Blocked: 101/0.0644048 secs]
      [Inspected:         1740331]
         [Skipped:              0(  0.0%)]
         [Hashed:          868379( 49.9%)]
         [Known:            79831(  4.6%)]
         [New:            1660500( 95.4%)    113.1M]
      [Deduplicated:      1368401( 82.4%)  86188.5K( 74.4%)]
         [Young:           854575( 62.5%)  58735.4K( 68.1%)]
         [Old:             513826( 37.5%)  27453.1K( 31.9%)]
   [Table]
      [Memory Usage: 6626.9K]
      [Size: 131072, Min: 1024, Max: 16777216]
      [Entries: 239059, Load: 182.4%, Cached: 0, Added: 367422, Removed: 128363]
      [Resize Count: 7, Shrink Threshold: 87381(66.7%), Grow Threshold: 262144(200.0%)]
      [Rehash Count: 0, Rehash Threshold: 120, Hash Seed: 0x0]
      [Age Threshold: 3]
   [Queue]
      [Dropped: 0]
[GC concurrent-string-deduplication, deleted 0 entries, 0.0000005 secs]
2021-02-01T08:40:23.529+0530: 7849.807: [GC pause (G1 Evacuation Pause) (young), 0.0280795 secs]
   [Parallel Time: 16.5 ms, GC Workers: 10]
      [GC Worker Start (ms): Min: 7849807.4, Avg: 7849807.8, Max: 7849808.2, Diff: 0.7]
      [Ext Root Scanning (ms): Min: 0.3, Avg: 1.0, Max: 3.7, Diff: 3.4, Sum: 9.7]
      [Update RS (ms): Min: 0.0, Avg: 1.8, Max: 2.3, Diff: 2.3, Sum: 17.9]
         [Processed Buffers: Min: 0, Avg: 10.2, Max: 20, Diff: 20, Sum: 102]
      [Scan RS (ms): Min: 0.0, Avg: 0.1, Max: 0.1, Diff: 0.1, Sum: 0.6]
      [Code Root Scanning (ms): Min: 0.0, Avg: 0.4, Max: 1.0, Diff: 1.0, Sum: 4.2]
      [Object Copy (ms): Min: 11.9, Avg: 12.3, Max: 12.8, Diff: 0.9, Sum: 122.8]
      [Termination (ms): Min: 0.0, Avg: 0.1, Max: 0.1, Diff: 0.1, Sum: 0.5]
         [Termination Attempts: Min: 1, Avg: 1.0, Max: 1, Diff: 0, Sum: 10]
      [GC Worker Other (ms): Min: 0.0, Avg: 0.1, Max: 0.3, Diff: 0.3, Sum: 1.3]
      [GC Worker Total (ms): Min: 15.3, Avg: 15.7, Max: 16.2, Diff: 0.9, Sum: 157.1]
      [GC Worker End (ms): Min: 7849823.4, Avg: 7849823.5, Max: 7849823.7, Diff: 0.3]
   [Code Root Fixup: 0.1 ms]
   [Code Root Purge: 0.0 ms]
   [String Dedup Fixup: 3.0 ms, GC Workers: 10]
      [Queue Fixup (ms): Min: 0.0, Avg: 0.0, Max: 0.2, Diff: 0.2, Sum: 0.2]
      [Table Fixup (ms): Min: 2.6, Avg: 2.7, Max: 2.8, Diff: 0.3, Sum: 26.7]
   [Clear CT: 1.0 ms]
   [Other: 7.6 ms]
      [Choose CSet: 0.0 ms]
      [Ref Proc: 5.5 ms]
      [Ref Enq: 0.2 ms]
      [Redirty Cards: 0.9 ms]
      [Humongous Register: 0.1 ms]
      [Humongous Reclaim: 0.1 ms]
      [Free CSet: 0.7 ms]
   [Eden: 691.0M(691.0M)->0.0B(689.0M) Survivors: 49152.0K->51200.0K Heap: 971.7M(1232.0M)->268.8M(1232.0M)]
 [Times: user=0.14 sys=0.03, real=0.03 secs] 
2021-02-01T08:40:23.593+0530: 7849.870: [GC concurrent-string-deduplication, 4439.9K->2024.2K(2415.7K), avg 73.7%, 0.0325175 secs]
   [Last Exec: 0.0325175 secs, Idle: 2040.9170948 secs, Blocked: 8/0.0023603 secs]
      [Inspected:           51059]
         [Skipped:              0(  0.0%)]
         [Hashed:           26736( 52.4%)]
         [Known:             2249(  4.4%)]
         [New:              48810( 95.6%)   4439.9K]
      [Deduplicated:        26343( 54.0%)   2415.7K( 54.4%)]
         [Young:            26343(100.0%)   2415.7K(100.0%)]
         [Old:                  0(  0.0%)      0.0B(  0.0%)]
   [Total Exec: 72/0.5421793 secs, Idle: 72/7848.9782944 secs, Blocked: 109/0.0667651 secs]
      [Inspected:         1791390]
         [Skipped:              0(  0.0%)]
         [Hashed:          895115( 50.0%)]
         [Known:            82080(  4.6%)]
         [New:            1709310( 95.4%)    117.5M]
      [Deduplicated:      1394744( 81.6%)  88604.3K( 73.7%)]
         [Young:           880918( 63.2%)  61151.2K( 69.0%)]
         [Old:             513826( 36.8%)  27453.1K( 31.0%)]
   [Table]
      [Memory Usage: 7164.3K]
      [Size: 131072, Min: 1024, Max: 16777216]
      [Entries: 261984, Load: 199.9%, Cached: 0, Added: 390432, Removed: 128448]
      [Resize Count: 7, Shrink Threshold: 87381(66.7%), Grow Threshold: 262144(200.0%)]
      [Rehash Count: 0, Rehash Threshold: 120, Hash Seed: 0x0]
      [Age Threshold: 3]
   [Queue]
      [Dropped: 0]
[GC concurrent-string-deduplication, deleted 0 entries, 0.0000005 secs]
2021-02-01T08:42:26.175+0530: 7972.453: [GC pause (G1 Evacuation Pause) (young), 0.0352565 secs]
   [Parallel Time: 25.3 ms, GC Workers: 10]
      [GC Worker Start (ms): Min: 7972453.2, Avg: 7972453.3, Max: 7972453.4, Diff: 0.2]
      [Ext Root Scanning (ms): Min: 0.6, Avg: 1.2, Max: 4.4, Diff: 3.8, Sum: 12.1]
      [Update RS (ms): Min: 1.4, Avg: 4.2, Max: 4.8, Diff: 3.4, Sum: 41.7]
         [Processed Buffers: Min: 4, Avg: 8.5, Max: 15, Diff: 11, Sum: 85]
      [Scan RS (ms): Min: 0.0, Avg: 0.1, Max: 0.1, Diff: 0.1, Sum: 0.9]
      [Code Root Scanning (ms): Min: 0.0, Avg: 0.5, Max: 1.1, Diff: 1.1, Sum: 5.1]
      [Object Copy (ms): Min: 17.6, Avg: 18.4, Max: 19.3, Diff: 1.8, Sum: 183.7]
      [Termination (ms): Min: 0.0, Avg: 0.0, Max: 0.0, Diff: 0.0, Sum: 0.0]
         [Termination Attempts: Min: 1, Avg: 1.4, Max: 2, Diff: 1, Sum: 14]
      [GC Worker Other (ms): Min: 0.0, Avg: 0.2, Max: 0.4, Diff: 0.3, Sum: 1.5]
      [GC Worker Total (ms): Min: 24.3, Avg: 24.5, Max: 24.8, Diff: 0.5, Sum: 245.1]
      [GC Worker End (ms): Min: 7972477.7, Avg: 7972477.9, Max: 7972478.1, Diff: 0.3]
   [Code Root Fixup: 0.1 ms]
   [Code Root Purge: 0.0 ms]
   [String Dedup Fixup: 6.1 ms, GC Workers: 10]
      [Queue Fixup (ms): Min: 0.0, Avg: 0.0, Max: 0.0, Diff: 0.0, Sum: 0.0]
      [Table Fixup (ms): Min: 5.2, Avg: 5.4, Max: 5.5, Diff: 0.3, Sum: 53.6]
   [Clear CT: 0.7 ms]
   [Other: 3.1 ms]
      [Choose CSet: 0.0 ms]
      [Ref Proc: 1.1 ms]
      [Ref Enq: 0.0 ms]
      [Redirty Cards: 1.0 ms]
      [Humongous Register: 0.0 ms]
      [Humongous Reclaim: 0.1 ms]
      [Free CSet: 0.7 ms]
   [Eden: 689.0M(689.0M)->0.0B(692.0M) Survivors: 51200.0K->48128.0K Heap: 967.8M(1232.0M)->265.8M(1232.0M)]
 [Times: user=0.31 sys=0.00, real=0.04 secs] 
2021-02-01T08:42:26.213+0530: 7972.491: [GC concurrent-string-deduplication, 65264.0B->14504.0B(50760.0B), avg 73.7%, 0.0020875 secs]
   [Last Exec: 0.0020875 secs, Idle: 122.6181773 secs, Blocked: 0/0.0000000 secs]
      [Inspected:            2666]
         [Skipped:              0(  0.0%)]
         [Hashed:             857( 32.1%)]
         [Known:             1529( 57.4%)]
         [New:               1137( 42.6%)  65264.0B]
      [Deduplicated:         1004( 88.3%)  50760.0B( 77.8%)]
         [Young:             1004(100.0%)  50760.0B(100.0%)]
         [Old:                  0(  0.0%)      0.0B(  0.0%)]
   [Total Exec: 73/0.5442668 secs, Idle: 73/7971.5964717 secs, Blocked: 109/0.0667651 secs]
      [Inspected:         1794056]
         [Skipped:              0(  0.0%)]
         [Hashed:          895972( 49.9%)]
         [Known:            83609(  4.7%)]
         [New:            1710447( 95.3%)    117.5M]
      [Deduplicated:      1395748( 81.6%)  88653.9K( 73.7%)]
         [Young:           881922( 63.2%)  61200.8K( 69.0%)]
         [Old:             513826( 36.8%)  27453.1K( 31.0%)]
   [Table]
      [Memory Usage: 8208.0K]
      [Size: 262144, Min: 1024, Max: 16777216]
      [Entries: 262826, Load: 100.3%, Cached: 0, Added: 391293, Removed: 128467]
      [Resize Count: 8, Shrink Threshold: 174762(66.7%), Grow Threshold: 524288(200.0%)]
      [Rehash Count: 0, Rehash Threshold: 120, Hash Seed: 0x0]
      [Age Threshold: 3]
   [Queue]
      [Dropped: 0]
[GC concurrent-string-deduplication, deleted 0 entries, 0.0000005 secs]
2021-02-01T08:56:24.363+0530: 8810.641: [GC pause (G1 Evacuation Pause) (young), 0.0283974 secs]
   [Parallel Time: 19.0 ms, GC Workers: 10]
      [GC Worker Start (ms): Min: 8810641.3, Avg: 8810641.6, Max: 8810641.7, Diff: 0.4]
      [Ext Root Scanning (ms): Min: 0.4, Avg: 0.7, Max: 2.6, Diff: 2.2, Sum: 7.5]
      [Update RS (ms): Min: 0.6, Avg: 1.9, Max: 2.2, Diff: 1.6, Sum: 19.1]
         [Processed Buffers: Min: 3, Avg: 10.3, Max: 23, Diff: 20, Sum: 103]
      [Scan RS (ms): Min: 0.0, Avg: 0.1, Max: 0.1, Diff: 0.1, Sum: 0.7]
      [Code Root Scanning (ms): Min: 0.0, Avg: 0.8, Max: 1.6, Diff: 1.6, Sum: 7.6]
      [Object Copy (ms): Min: 13.4, Avg: 14.3, Max: 15.1, Diff: 1.8, Sum: 143.3]
      [Termination (ms): Min: 0.0, Avg: 0.1, Max: 0.2, Diff: 0.2, Sum: 1.4]
         [Termination Attempts: Min: 9, Avg: 25.9, Max: 31, Diff: 22, Sum: 259]
      [GC Worker Other (ms): Min: 0.0, Avg: 0.1, Max: 0.3, Diff: 0.3, Sum: 1.5]
      [GC Worker Total (ms): Min: 17.9, Avg: 18.1, Max: 18.3, Diff: 0.4, Sum: 181.1]
      [GC Worker End (ms): Min: 8810659.6, Avg: 8810659.7, Max: 8810659.8, Diff: 0.3]
   [Code Root Fixup: 0.1 ms]
   [Code Root Purge: 0.1 ms]
   [String Dedup Fixup: 5.9 ms, GC Workers: 10]
      [Queue Fixup (ms): Min: 0.0, Avg: 0.0, Max: 0.0, Diff: 0.0, Sum: 0.0]
      [Table Fixup (ms): Min: 5.0, Avg: 5.3, Max: 5.5, Diff: 0.4, Sum: 53.4]
   [Clear CT: 0.7 ms]
   [Other: 2.6 ms]
      [Choose CSet: 0.0 ms]
      [Ref Proc: 0.5 ms]
      [Ref Enq: 0.0 ms]
      [Redirty Cards: 1.0 ms]
      [Humongous Register: 0.1 ms]
      [Humongous Reclaim: 0.3 ms]
      [Free CSet: 0.6 ms]
   [Eden: 692.0M(692.0M)->0.0B(693.0M) Survivors: 48128.0K->47104.0K Heap: 971.8M(1232.0M)->264.8M(1232.0M)]
 [Times: user=0.28 sys=0.00, real=0.03 secs] 
2021-02-01T08:56:24.394+0530: 8810.672: [GC concurrent-string-deduplication, 94312.0B->13680.0B(80632.0B), avg 73.7%, 0.0007204 secs]
   [Last Exec: 0.0007204 secs, Idle: 838.1790028 secs, Blocked: 5/0.0011676 secs]
      [Inspected:            1897]
         [Skipped:              0(  0.0%)]
         [Hashed:             928( 48.9%)]
         [Known:              631( 33.3%)]
         [New:               1266( 66.7%)  94312.0B]
      [Deduplicated:         1116( 88.2%)  80632.0B( 85.5%)]
         [Young:             1116(100.0%)  80632.0B(100.0%)]
         [Old:                  0(  0.0%)      0.0B(  0.0%)]
   [Total Exec: 74/0.5449872 secs, Idle: 74/8809.7754745 secs, Blocked: 114/0.0679327 secs]
      [Inspected:         1795953]
         [Skipped:              0(  0.0%)]
         [Hashed:          896900( 49.9%)]
         [Known:            84240(  4.7%)]
         [New:            1711713( 95.3%)    117.6M]
      [Deduplicated:      1396864( 81.6%)  88732.6K( 73.7%)]
         [Young:           883038( 63.2%)  61279.5K( 69.1%)]
         [Old:             513826( 36.8%)  27453.1K( 30.9%)]
   [Table]
      [Memory Usage: 8215.4K]
      [Size: 262144, Min: 1024, Max: 16777216]
      [Entries: 263143, Load: 100.4%, Cached: 0, Added: 391656, Removed: 128513]
      [Resize Count: 8, Shrink Threshold: 174762(66.7%), Grow Threshold: 524288(200.0%)]
      [Rehash Count: 0, Rehash Threshold: 120, Hash Seed: 0x0]
      [Age Threshold: 3]
   [Queue]
      [Dropped: 0]
[GC concurrent-string-deduplication, deleted 0 entries, 0.0000006 secs]
2021-02-01T09:45:16.835+0530: 11743.113: [GC pause (G1 Evacuation Pause) (young), 0.0332316 secs]
   [Parallel Time: 22.8 ms, GC Workers: 10]
      [GC Worker Start (ms): Min: 11743112.9, Avg: 11743113.3, Max: 11743113.7, Diff: 0.9]
      [Ext Root Scanning (ms): Min: 0.4, Avg: 1.9, Max: 11.1, Diff: 10.8, Sum: 19.4]
      [Update RS (ms): Min: 0.0, Avg: 2.1, Max: 2.7, Diff: 2.7, Sum: 20.9]
         [Processed Buffers: Min: 0, Avg: 10.5, Max: 19, Diff: 19, Sum: 105]
      [Scan RS (ms): Min: 0.0, Avg: 0.1, Max: 0.2, Diff: 0.2, Sum: 0.8]
      [Code Root Scanning (ms): Min: 0.0, Avg: 0.6, Max: 1.3, Diff: 1.3, Sum: 6.2]
      [Object Copy (ms): Min: 10.3, Avg: 16.7, Max: 18.2, Diff: 7.9, Sum: 166.7]
      [Termination (ms): Min: 0.0, Avg: 0.0, Max: 0.0, Diff: 0.0, Sum: 0.0]
         [Termination Attempts: Min: 1, Avg: 1.0, Max: 1, Diff: 0, Sum: 10]
      [GC Worker Other (ms): Min: 0.0, Avg: 0.2, Max: 0.4, Diff: 0.4, Sum: 1.9]
      [GC Worker Total (ms): Min: 21.0, Avg: 21.6, Max: 22.0, Diff: 1.0, Sum: 216.0]
      [GC Worker End (ms): Min: 11743134.7, Avg: 11743134.9, Max: 11743135.1, Diff: 0.4]
   [Code Root Fixup: 0.1 ms]
   [Code Root Purge: 0.0 ms]
   [String Dedup Fixup: 4.2 ms, GC Workers: 10]
      [Queue Fixup (ms): Min: 0.0, Avg: 0.0, Max: 0.0, Diff: 0.0, Sum: 0.0]
      [Table Fixup (ms): Min: 3.5, Avg: 3.5, Max: 3.6, Diff: 0.2, Sum: 35.5]
   [Clear CT: 1.2 ms]
   [Other: 4.9 ms]
      [Choose CSet: 0.0 ms]
      [Ref Proc: 3.1 ms]
      [Ref Enq: 0.0 ms]
      [Redirty Cards: 0.9 ms]
      [Humongous Register: 0.1 ms]
      [Humongous Reclaim: 0.0 ms]
      [Free CSet: 0.7 ms]
   [Eden: 693.0M(693.0M)->0.0B(700.0M) Survivors: 47104.0K->39936.0K Heap: 961.8M(1232.0M)->270.1M(1232.0M)]
 [Times: user=0.27 sys=0.05, real=0.03 secs] 
2021-02-01T09:45:16.870+0530: 11743.148: [GC concurrent-string-deduplication, 95096.0B->28752.0B(66344.0B), avg 73.7%, 0.0013543 secs]
   [Last Exec: 0.0013543 secs, Idle: 2932.4745352 secs, Blocked: 0/0.0000000 secs]
      [Inspected:            2315]
         [Skipped:              0(  0.0%)]
         [Hashed:             867( 37.5%)]
         [Known:              939( 40.6%)]
         [New:               1376( 59.4%)  95096.0B]
      [Deduplicated:         1072( 77.9%)  66344.0B( 69.8%)]
         [Young:             1072(100.0%)  66344.0B(100.0%)]
         [Old:                  0(  0.0%)      0.0B(  0.0%)]
   [Total Exec: 75/0.5463415 secs, Idle: 75/11742.2500097 secs, Blocked: 114/0.0679327 secs]
      [Inspected:         1798268]
         [Skipped:              0(  0.0%)]
         [Hashed:          897767( 49.9%)]
         [Known:            85179(  4.7%)]
         [New:            1713089( 95.3%)    117.7M]
      [Deduplicated:      1397936( 81.6%)  88797.4K( 73.7%)]
         [Young:           884110( 63.2%)  61344.3K( 69.1%)]
         [Old:             513826( 36.8%)  27453.1K( 30.9%)]
   [Table]
      [Memory Usage: 8251.7K]
      [Size: 262144, Min: 1024, Max: 16777216]
      [Entries: 264693, Load: 101.0%, Cached: 0, Added: 393259, Removed: 128566]
      [Resize Count: 8, Shrink Threshold: 174762(66.7%), Grow Threshold: 524288(200.0%)]
      [Rehash Count: 0, Rehash Threshold: 120, Hash Seed: 0x0]
      [Age Threshold: 3]
   [Queue]
      [Dropped: 0]
[GC concurrent-string-deduplication, deleted 0 entries, 0.0000006 secs]
2021-02-01T10:41:28.460+0530: 15114.738: [GC pause (G1 Evacuation Pause) (young), 0.0659445 secs]
   [Parallel Time: 44.7 ms, GC Workers: 10]
      [GC Worker Start (ms): Min: 15114739.9, Avg: 15114740.5, Max: 15114740.9, Diff: 1.0]
      [Ext Root Scanning (ms): Min: 1.1, Avg: 3.0, Max: 15.9, Diff: 14.9, Sum: 29.9]
      [Update RS (ms): Min: 2.4, Avg: 13.3, Max: 14.8, Diff: 12.4, Sum: 133.1]
         [Processed Buffers: Min: 4, Avg: 15.0, Max: 30, Diff: 26, Sum: 150]
      [Scan RS (ms): Min: 0.0, Avg: 0.1, Max: 0.1, Diff: 0.1, Sum: 0.8]
      [Code Root Scanning (ms): Min: 0.0, Avg: 1.0, Max: 2.0, Diff: 2.0, Sum: 10.1]
      [Object Copy (ms): Min: 25.4, Avg: 26.2, Max: 27.6, Diff: 2.2, Sum: 261.6]
      [Termination (ms): Min: 0.0, Avg: 0.0, Max: 0.0, Diff: 0.0, Sum: 0.0]
         [Termination Attempts: Min: 1, Avg: 2.0, Max: 4, Diff: 3, Sum: 20]
      [GC Worker Other (ms): Min: 0.1, Avg: 0.2, Max: 0.5, Diff: 0.5, Sum: 2.3]
      [GC Worker Total (ms): Min: 43.3, Avg: 43.8, Max: 44.5, Diff: 1.2, Sum: 437.8]
      [GC Worker End (ms): Min: 15114784.1, Avg: 15114784.2, Max: 15114784.4, Diff: 0.2]
   [Code Root Fixup: 0.0 ms]
   [Code Root Purge: 0.0 ms]
   [String Dedup Fixup: 8.8 ms, GC Workers: 10]
      [Queue Fixup (ms): Min: 0.0, Avg: 0.0, Max: 0.0, Diff: 0.0, Sum: 0.0]
      [Table Fixup (ms): Min: 8.2, Avg: 8.4, Max: 8.5, Diff: 0.2, Sum: 83.5]
   [Clear CT: 1.4 ms]
   [Other: 10.9 ms]
      [Choose CSet: 0.0 ms]
      [Ref Proc: 6.9 ms]
      [Ref Enq: 0.1 ms]
      [Redirty Cards: 0.7 ms]
      [Humongous Register: 0.7 ms]
      [Humongous Reclaim: 0.1 ms]
      [Free CSet: 1.4 ms]
   [Eden: 700.0M(700.0M)->0.0B(701.0M) Survivors: 39936.0K->38912.0K Heap: 972.1M(1232.0M)->273.7M(1232.0M)]
 [Times: user=0.06 sys=0.34, real=0.07 secs] 
2021-02-01T10:41:28.528+0530: 15114.807: [GC concurrent-string-deduplication, 55488.0B->19072.0B(36416.0B), avg 73.7%, 0.0013501 secs]
   [Last Exec: 0.0013501 secs, Idle: 3371.6568707 secs, Blocked: 3/0.0007859 secs]
      [Inspected:            1026]
         [Skipped:              0(  0.0%)]
         [Hashed:             463( 45.1%)]
         [Known:              250( 24.4%)]
         [New:                776( 75.6%)  55488.0B]
      [Deduplicated:          616( 79.4%)  36416.0B( 65.6%)]
         [Young:              616(100.0%)  36416.0B(100.0%)]
         [Old:                  0(  0.0%)      0.0B(  0.0%)]
   [Total Exec: 76/0.5476916 secs, Idle: 76/15113.9068804 secs, Blocked: 117/0.0687186 secs]
      [Inspected:         1799294]
         [Skipped:              0(  0.0%)]
         [Hashed:          898230( 49.9%)]
         [Known:            85429(  4.7%)]
         [New:            1713865( 95.3%)    117.8M]
      [Deduplicated:      1398552( 81.6%)  88832.9K( 73.7%)]
         [Young:           884726( 63.3%)  61379.9K( 69.1%)]
         [Old:             513826( 36.7%)  27453.1K( 30.9%)]
   [Table]
      [Memory Usage: 8265.1K]
      [Size: 262144, Min: 1024, Max: 16777216]
      [Entries: 265262, Load: 101.2%, Cached: 0, Added: 393855, Removed: 128593]
      [Resize Count: 8, Shrink Threshold: 174762(66.7%), Grow Threshold: 524288(200.0%)]
      [Rehash Count: 0, Rehash Threshold: 120, Hash Seed: 0x0]
      [Age Threshold: 3]
   [Queue]
      [Dropped: 0]
[GC concurrent-string-deduplication, deleted 0 entries, 0.0000005 secs]
2021-02-01T11:41:47.860+0530: 18734.138: [GC pause (G1 Evacuation Pause) (young), 0.0500642 secs]
   [Parallel Time: 30.0 ms, GC Workers: 10]
      [GC Worker Start (ms): Min: 18734140.0, Avg: 18734140.6, Max: 18734141.1, Diff: 1.2]
      [Ext Root Scanning (ms): Min: 0.6, Avg: 2.5, Max: 11.6, Diff: 11.0, Sum: 24.6]
      [Update RS (ms): Min: 0.0, Avg: 8.1, Max: 9.5, Diff: 9.5, Sum: 80.9]
         [Processed Buffers: Min: 3, Avg: 11.6, Max: 34, Diff: 31, Sum: 116]
      [Scan RS (ms): Min: 0.0, Avg: 0.1, Max: 0.1, Diff: 0.1, Sum: 0.8]
      [Code Root Scanning (ms): Min: 0.0, Avg: 0.6, Max: 1.3, Diff: 1.3, Sum: 6.4]
      [Object Copy (ms): Min: 16.3, Avg: 17.5, Max: 18.4, Diff: 2.1, Sum: 174.5]
      [Termination (ms): Min: 0.0, Avg: 0.0, Max: 0.0, Diff: 0.0, Sum: 0.3]
         [Termination Attempts: Min: 1, Avg: 1.0, Max: 1, Diff: 0, Sum: 10]
      [GC Worker Other (ms): Min: 0.0, Avg: 0.2, Max: 0.5, Diff: 0.4, Sum: 2.2]
      [GC Worker Total (ms): Min: 28.5, Avg: 29.0, Max: 29.7, Diff: 1.1, Sum: 289.7]
      [GC Worker End (ms): Min: 18734169.4, Avg: 18734169.5, Max: 18734169.7, Diff: 0.3]
   [Code Root Fixup: 0.0 ms]
   [Code Root Purge: 0.0 ms]
   [String Dedup Fixup: 7.6 ms, GC Workers: 10]
      [Queue Fixup (ms): Min: 0.0, Avg: 0.0, Max: 0.0, Diff: 0.0, Sum: 0.0]
      [Table Fixup (ms): Min: 7.1, Avg: 7.3, Max: 7.5, Diff: 0.4, Sum: 72.6]
   [Clear CT: 1.2 ms]
   [Other: 11.2 ms]
      [Choose CSet: 0.0 ms]
      [Ref Proc: 6.8 ms]
      [Ref Enq: 0.0 ms]
      [Redirty Cards: 1.2 ms]
      [Humongous Register: 0.4 ms]
      [Humongous Reclaim: 0.0 ms]
      [Free CSet: 1.4 ms]
   [Eden: 701.0M(701.0M)->0.0B(700.0M) Survivors: 38912.0K->39936.0K Heap: 975.7M(1232.0M)->278.1M(1232.0M)]
 [Times: user=0.28 sys=0.17, real=0.05 secs] 
2021-02-01T11:41:47.913+0530: 18734.191: [GC concurrent-string-deduplication, 141.0K->57128.0B(87240.0B), avg 73.6%, 0.0024708 secs]
   [Last Exec: 0.0024708 secs, Idle: 3619.3818885 secs, Blocked: 0/0.0000000 secs]
      [Inspected:            3405]
         [Skipped:              0(  0.0%)]
         [Hashed:            1002( 29.4%)]
         [Known:             1528( 44.9%)]
         [New:               1877( 55.1%)    141.0K]
      [Deduplicated:         1349( 71.9%)  87240.0B( 60.4%)]
         [Young:             1349(100.0%)  87240.0B(100.0%)]
         [Old:                  0(  0.0%)      0.0B(  0.0%)]
   [Total Exec: 77/0.5501624 secs, Idle: 77/18733.2887689 secs, Blocked: 117/0.0687186 secs]
      [Inspected:         1802699]
         [Skipped:              0(  0.0%)]
         [Hashed:          899232( 49.9%)]
         [Known:            86957(  4.8%)]
         [New:            1715742( 95.2%)    117.9M]
      [Deduplicated:      1399901( 81.6%)  88918.1K( 73.6%)]
         [Young:           886075( 63.3%)  61465.0K( 69.1%)]
         [Old:             513826( 36.7%)  27453.1K( 30.9%)]
   [Table]
      [Memory Usage: 8278.5K]
      [Size: 262144, Min: 1024, Max: 16777216]
      [Entries: 265836, Load: 101.4%, Cached: 0, Added: 394440, Removed: 128604]
      [Resize Count: 8, Shrink Threshold: 174762(66.7%), Grow Threshold: 524288(200.0%)]
      [Rehash Count: 0, Rehash Threshold: 120, Hash Seed: 0x0]
      [Age Threshold: 3]
   [Queue]
      [Dropped: 0]
[GC concurrent-string-deduplication, deleted 0 entries, 0.0000004 secs]
2021-02-01T12:51:34.066+0530: 22920.345: [GC pause (G1 Evacuation Pause) (young), 0.0571290 secs]
   [Parallel Time: 32.0 ms, GC Workers: 10]
      [GC Worker Start (ms): Min: 22920347.0, Avg: 22920347.6, Max: 22920348.1, Diff: 1.1]
      [Ext Root Scanning (ms): Min: 0.8, Avg: 2.7, Max: 14.7, Diff: 13.9, Sum: 26.9]
      [Update RS (ms): Min: 0.0, Avg: 8.1, Max: 9.4, Diff: 9.4, Sum: 81.3]
         [Processed Buffers: Min: 0, Avg: 10.7, Max: 19, Diff: 19, Sum: 107]
      [Scan RS (ms): Min: 0.0, Avg: 0.1, Max: 0.2, Diff: 0.2, Sum: 0.8]
      [Code Root Scanning (ms): Min: 0.0, Avg: 0.6, Max: 1.3, Diff: 1.3, Sum: 5.9]
      [Object Copy (ms): Min: 16.3, Avg: 19.0, Max: 20.1, Diff: 3.7, Sum: 189.8]
      [Termination (ms): Min: 0.0, Avg: 0.1, Max: 0.1, Diff: 0.1, Sum: 0.7]
         [Termination Attempts: Min: 1, Avg: 1.0, Max: 1, Diff: 0, Sum: 10]
      [GC Worker Other (ms): Min: 0.1, Avg: 0.3, Max: 0.6, Diff: 0.5, Sum: 2.8]
      [GC Worker Total (ms): Min: 30.4, Avg: 30.8, Max: 31.5, Diff: 1.1, Sum: 308.2]
      [GC Worker End (ms): Min: 22920378.3, Avg: 22920378.5, Max: 22920378.7, Diff: 0.4]
   [Code Root Fixup: 0.0 ms]
   [Code Root Purge: 0.0 ms]
   [String Dedup Fixup: 8.5 ms, GC Workers: 10]
      [Queue Fixup (ms): Min: 0.0, Avg: 0.0, Max: 0.0, Diff: 0.0, Sum: 0.0]
      [Table Fixup (ms): Min: 8.0, Avg: 8.1, Max: 8.2, Diff: 0.3, Sum: 81.0]
   [Clear CT: 1.6 ms]
   [Other: 15.0 ms]
      [Choose CSet: 0.0 ms]
      [Ref Proc: 7.6 ms]
      [Ref Enq: 0.0 ms]
      [Redirty Cards: 0.8 ms]
      [Humongous Register: 0.5 ms]
      [Humongous Reclaim: 0.1 ms]
      [Free CSet: 4.1 ms]
   [Eden: 700.0M(700.0M)->0.0B(704.0M) Survivors: 39936.0K->35840.0K Heap: 978.1M(1232.0M)->277.2M(1232.0M)]
 [Times: user=0.06 sys=0.27, real=0.06 secs] 
2021-02-01T12:51:34.135+0530: 22920.414: [GC concurrent-string-deduplication, 1436.5K->14176.0B(1422.6K), avg 73.9%, 0.0112627 secs]
   [Last Exec: 0.0112627 secs, Idle: 4186.2113183 secs, Blocked: 0/0.0000000 secs]
      [Inspected:            5384]
         [Skipped:              0(  0.0%)]
         [Hashed:            3987( 74.1%)]
         [Known:              494(  9.2%)]
         [New:               4890( 90.8%)   1436.5K]
      [Deduplicated:         4763( 97.4%)   1422.6K( 99.0%)]
         [Young:             4763(100.0%)   1422.6K(100.0%)]
         [Old:                  0(  0.0%)      0.0B(  0.0%)]
   [Total Exec: 78/0.5614251 secs, Idle: 78/22919.5000872 secs, Blocked: 117/0.0687186 secs]
      [Inspected:         1808083]
         [Skipped:              0(  0.0%)]
         [Hashed:          903219( 50.0%)]
         [Known:            87451(  4.8%)]
         [New:            1720632( 95.2%)    119.3M]
      [Deduplicated:      1404664( 81.6%)  90340.8K( 73.9%)]
         [Young:           890838( 63.4%)  62887.7K( 69.6%)]
         [Old:             513826( 36.6%)  27453.1K( 30.4%)]
   [Table]
      [Memory Usage: 8282.1K]
      [Size: 262144, Min: 1024, Max: 16777216]
      [Entries: 265987, Load: 101.5%, Cached: 0, Added: 394605, Removed: 128618]
      [Resize Count: 8, Shrink Threshold: 174762(66.7%), Grow Threshold: 524288(200.0%)]
      [Rehash Count: 0, Rehash Threshold: 120, Hash Seed: 0x0]
      [Age Threshold: 3]
   [Queue]
      [Dropped: 0]
[GC concurrent-string-deduplication, deleted 0 entries, 0.0000005 secs]
2021-02-01T14:01:18.039+0530: 27104.322: [GC pause (G1 Evacuation Pause) (young), 0.0685753 secs]
   [Parallel Time: 40.6 ms, GC Workers: 10]
      [GC Worker Start (ms): Min: 27104324.2, Avg: 27104324.9, Max: 27104325.6, Diff: 1.4]
      [Ext Root Scanning (ms): Min: 1.3, Avg: 3.7, Max: 19.1, Diff: 17.8, Sum: 37.3]
      [Update RS (ms): Min: 0.0, Avg: 10.4, Max: 12.2, Diff: 12.2, Sum: 104.3]
         [Processed Buffers: Min: 0, Avg: 8.1, Max: 17, Diff: 17, Sum: 81]
      [Scan RS (ms): Min: 0.0, Avg: 0.1, Max: 0.2, Diff: 0.1, Sum: 0.9]
      [Code Root Scanning (ms): Min: 0.0, Avg: 0.8, Max: 1.6, Diff: 1.6, Sum: 7.9]
      [Object Copy (ms): Min: 20.4, Avg: 23.8, Max: 25.1, Diff: 4.7, Sum: 238.5]
      [Termination (ms): Min: 0.0, Avg: 0.1, Max: 0.1, Diff: 0.1, Sum: 1.0]
         [Termination Attempts: Min: 1, Avg: 1.6, Max: 2, Diff: 1, Sum: 16]
      [GC Worker Other (ms): Min: 0.1, Avg: 0.2, Max: 0.5, Diff: 0.4, Sum: 2.1]
      [GC Worker Total (ms): Min: 38.5, Avg: 39.2, Max: 39.9, Diff: 1.4, Sum: 392.1]
      [GC Worker End (ms): Min: 27104364.0, Avg: 27104364.1, Max: 27104364.3, Diff: 0.3]
   [Code Root Fixup: 0.0 ms]
   [Code Root Purge: 0.0 ms]
   [String Dedup Fixup: 8.4 ms, GC Workers: 10]
      [Queue Fixup (ms): Min: 0.0, Avg: 0.0, Max: 0.0, Diff: 0.0, Sum: 0.0]
      [Table Fixup (ms): Min: 7.5, Avg: 7.7, Max: 7.8, Diff: 0.3, Sum: 76.8]
   [Clear CT: 2.1 ms]
   [Other: 17.5 ms]
      [Choose CSet: 0.0 ms]
      [Ref Proc: 12.0 ms]
      [Ref Enq: 0.0 ms]
      [Redirty Cards: 0.9 ms]
      [Humongous Register: 0.6 ms]
      [Humongous Reclaim: 0.1 ms]
      [Free CSet: 2.4 ms]
   [Eden: 704.0M(704.0M)->0.0B(706.0M) Survivors: 35840.0K->33792.0K Heap: 981.2M(1232.0M)->276.9M(1232.0M)]
 [Times: user=0.16 sys=0.23, real=0.07 secs] 
2021-02-01T14:01:18.119+0530: 27104.398: [GC concurrent-string-deduplication, 51032.0B->17904.0B(33128.0B), avg 73.9%, 0.0063290 secs]
   [Last Exec: 0.0063290 secs, Idle: 4183.9775603 secs, Blocked: 0/0.0000000 secs]
      [Inspected:             895]
         [Skipped:              0(  0.0%)]
         [Hashed:             731( 81.7%)]
         [Known:               58(  6.5%)]
         [New:                837( 93.5%)  51032.0B]
      [Deduplicated:          677( 80.9%)  33128.0B( 64.9%)]
         [Young:              677(100.0%)  33128.0B(100.0%)]
         [Old:                  0(  0.0%)      0.0B(  0.0%)]
   [Total Exec: 79/0.5677541 secs, Idle: 79/27103.4776475 secs, Blocked: 117/0.0687186 secs]
      [Inspected:         1808978]
         [Skipped:              0(  0.0%)]
         [Hashed:          903950( 50.0%)]
         [Known:            87509(  4.8%)]
         [New:            1721469( 95.2%)    119.4M]
      [Deduplicated:      1405341( 81.6%)  90373.1K( 73.9%)]
         [Young:           891515( 63.4%)  62920.0K( 69.6%)]
         [Old:             513826( 36.6%)  27453.1K( 30.4%)]
   [Table]
      [Memory Usage: 8286.4K]
      [Size: 262144, Min: 1024, Max: 16777216]
      [Entries: 266173, Load: 101.5%, Cached: 0, Added: 394803, Removed: 128630]
      [Resize Count: 8, Shrink Threshold: 174762(66.7%), Grow Threshold: 524288(200.0%)]
      [Rehash Count: 0, Rehash Threshold: 120, Hash Seed: 0x0]
      [Age Threshold: 3]
   [Queue]
      [Dropped: 0]
[GC concurrent-string-deduplication, deleted 0 entries, 0.0000012 secs]
2021-02-01T15:06:25.415+0530: 31011.698: [GC pause (G1 Evacuation Pause) (young), 0.0397038 secs]
   [Parallel Time: 20.1 ms, GC Workers: 10]
      [GC Worker Start (ms): Min: 31011698.5, Avg: 31011699.0, Max: 31011699.4, Diff: 0.9]
      [Ext Root Scanning (ms): Min: 0.5, Avg: 1.3, Max: 3.4, Diff: 2.9, Sum: 12.6]
      [Update RS (ms): Min: 1.3, Avg: 3.2, Max: 4.9, Diff: 3.6, Sum: 32.1]
         [Processed Buffers: Min: 4, Avg: 10.1, Max: 20, Diff: 16, Sum: 101]
      [Scan RS (ms): Min: 0.0, Avg: 0.1, Max: 0.5, Diff: 0.4, Sum: 1.4]
      [Code Root Scanning (ms): Min: 0.0, Avg: 0.3, Max: 0.7, Diff: 0.7, Sum: 3.4]
      [Object Copy (ms): Min: 9.9, Avg: 13.5, Max: 15.5, Diff: 5.6, Sum: 135.4]
      [Termination (ms): Min: 0.0, Avg: 0.2, Max: 0.2, Diff: 0.2, Sum: 1.7]
         [Termination Attempts: Min: 1, Avg: 1.1, Max: 2, Diff: 1, Sum: 11]
      [GC Worker Other (ms): Min: 0.0, Avg: 0.2, Max: 0.5, Diff: 0.4, Sum: 2.3]
      [GC Worker Total (ms): Min: 18.4, Avg: 18.9, Max: 19.6, Diff: 1.2, Sum: 188.8]
      [GC Worker End (ms): Min: 31011717.7, Avg: 31011717.9, Max: 31011718.2, Diff: 0.5]
   [Code Root Fixup: 0.0 ms]
   [Code Root Purge: 0.0 ms]
   [String Dedup Fixup: 4.6 ms, GC Workers: 10]
      [Queue Fixup (ms): Min: 0.0, Avg: 0.0, Max: 0.0, Diff: 0.0, Sum: 0.0]
      [Table Fixup (ms): Min: 3.8, Avg: 4.0, Max: 4.1, Diff: 0.2, Sum: 39.7]
   [Clear CT: 1.2 ms]
   [Other: 13.7 ms]
      [Choose CSet: 0.0 ms]
      [Ref Proc: 11.0 ms]
      [Ref Enq: 0.0 ms]
      [Redirty Cards: 1.3 ms]
      [Humongous Register: 0.1 ms]
      [Humongous Reclaim: 0.0 ms]
      [Free CSet: 0.9 ms]
   [Eden: 706.0M(706.0M)->0.0B(705.0M) Survivors: 33792.0K->34816.0K Heap: 982.9M(1232.0M)->279.8M(1232.0M)]
 [Times: user=0.23 sys=0.08, real=0.05 secs] 
2021-02-01T15:06:25.460+0530: 31011.739: [GC concurrent-string-deduplication, 7992.0B->6768.0B(1224.0B), avg 73.9%, 0.0001233 secs]
   [Last Exec: 0.0001233 secs, Idle: 3907.3406150 secs, Blocked: 0/0.0000000 secs]
      [Inspected:             108]
         [Skipped:              0(  0.0%)]
         [Hashed:              33( 30.6%)]
         [Known:               44( 40.7%)]
         [New:                 64( 59.3%)   7992.0B]
      [Deduplicated:           18( 28.1%)   1224.0B( 15.3%)]
         [Young:               18(100.0%)   1224.0B(100.0%)]
         [Old:                  0(  0.0%)      0.0B(  0.0%)]
   [Total Exec: 80/0.5678774 secs, Idle: 80/31010.8182625 secs, Blocked: 117/0.0687186 secs]
      [Inspected:         1809086]
         [Skipped:              0(  0.0%)]
         [Hashed:          903983( 50.0%)]
         [Known:            87553(  4.8%)]
         [New:            1721533( 95.2%)    119.4M]
      [Deduplicated:      1405359( 81.6%)  90374.3K( 73.9%)]
         [Young:           891533( 63.4%)  62921.2K( 69.6%)]
         [Old:             513826( 36.6%)  27453.1K( 30.4%)]
   [Table]
      [Memory Usage: 8306.0K]
      [Size: 262144, Min: 1024, Max: 16777216]
      [Entries: 267007, Load: 101.9%, Cached: 0, Added: 395672, Removed: 128665]
      [Resize Count: 8, Shrink Threshold: 174762(66.7%), Grow Threshold: 524288(200.0%)]
      [Rehash Count: 0, Rehash Threshold: 120, Hash Seed: 0x0]
      [Age Threshold: 3]
   [Queue]
      [Dropped: 0]
[GC concurrent-string-deduplication, deleted 0 entries, 0.0000008 secs]
2021-02-01T15:13:27.347+0530: 31433.625: [GC pause (G1 Evacuation Pause) (young), 0.0281234 secs]
   [Parallel Time: 19.3 ms, GC Workers: 10]
      [GC Worker Start (ms): Min: 31433624.9, Avg: 31433625.1, Max: 31433625.2, Diff: 0.2]
      [Ext Root Scanning (ms): Min: 0.8, Avg: 1.6, Max: 6.3, Diff: 5.5, Sum: 16.4]
      [Update RS (ms): Min: 0.0, Avg: 2.5, Max: 5.3, Diff: 5.2, Sum: 25.1]
         [Processed Buffers: Min: 0, Avg: 9.9, Max: 23, Diff: 23, Sum: 99]
      [Scan RS (ms): Min: 0.0, Avg: 0.1, Max: 0.1, Diff: 0.1, Sum: 1.0]
      [Code Root Scanning (ms): Min: 0.0, Avg: 0.3, Max: 0.7, Diff: 0.7, Sum: 3.5]
      [Object Copy (ms): Min: 10.9, Avg: 14.0, Max: 15.4, Diff: 4.4, Sum: 140.2]
      [Termination (ms): Min: 0.0, Avg: 0.3, Max: 0.4, Diff: 0.4, Sum: 3.2]
         [Termination Attempts: Min: 1, Avg: 1.1, Max: 2, Diff: 1, Sum: 11]
      [GC Worker Other (ms): Min: 0.0, Avg: 0.1, Max: 0.1, Diff: 0.1, Sum: 0.9]
      [GC Worker Total (ms): Min: 18.9, Avg: 19.0, Max: 19.2, Diff: 0.3, Sum: 190.2]
      [GC Worker End (ms): Min: 31433644.0, Avg: 31433644.1, Max: 31433644.1, Diff: 0.1]
   [Code Root Fixup: 0.1 ms]
   [Code Root Purge: 0.1 ms]
   [String Dedup Fixup: 5.8 ms, GC Workers: 10]
      [Queue Fixup (ms): Min: 0.0, Avg: 0.0, Max: 0.0, Diff: 0.0, Sum: 0.0]
      [Table Fixup (ms): Min: 5.4, Avg: 5.6, Max: 5.7, Diff: 0.3, Sum: 55.8]
   [Clear CT: 0.3 ms]
   [Other: 2.6 ms]
      [Choose CSet: 0.0 ms]
      [Ref Proc: 0.9 ms]
      [Ref Enq: 0.1 ms]
      [Redirty Cards: 0.3 ms]
      [Humongous Register: 0.1 ms]
      [Humongous Reclaim: 0.1 ms]
      [Free CSet: 0.7 ms]
   [Eden: 705.0M(705.0M)->0.0B(705.0M) Survivors: 34816.0K->34816.0K Heap: 985.8M(1232.0M)->280.1M(1232.0M)]
 [Times: user=0.36 sys=0.00, real=0.03 secs] 
2021-02-01T15:13:27.371+0530: 31433.653: [GC concurrent-string-deduplication, 3432.0B->3432.0B(0.0B), avg 73.9%, 0.0000714 secs]
   [Last Exec: 0.0000714 secs, Idle: 421.9143015 secs, Blocked: 0/0.0000000 secs]
      [Inspected:              51]
         [Skipped:              0(  0.0%)]
         [Hashed:              13( 25.5%)]
         [Known:               38( 74.5%)]
         [New:                 13( 25.5%)   3432.0B]
      [Deduplicated:            0(  0.0%)      0.0B(  0.0%)]
         [Young:                0(  0.0%)      0.0B(  0.0%)]
         [Old:                  0(  0.0%)      0.0B(  0.0%)]
   [Total Exec: 81/0.5679488 secs, Idle: 81/31432.7325640 secs, Blocked: 117/0.0687186 secs]
      [Inspected:         1809137]
         [Skipped:              0(  0.0%)]
         [Hashed:          903996( 50.0%)]
         [Known:            87591(  4.8%)]
         [New:            1721546( 95.2%)    119.4M]
      [Deduplicated:      1405359( 81.6%)  90374.3K( 73.9%)]
         [Young:           891533( 63.4%)  62921.2K( 69.6%)]
         [Old:             513826( 36.6%)  27453.1K( 30.4%)]
   [Table]
      [Memory Usage: 8355.9K]
      [Size: 262144, Min: 1024, Max: 16777216]
      [Entries: 269139, Load: 102.7%, Cached: 0, Added: 397807, Removed: 128668]
      [Resize Count: 8, Shrink Threshold: 174762(66.7%), Grow Threshold: 524288(200.0%)]
      [Rehash Count: 0, Rehash Threshold: 120, Hash Seed: 0x0]
      [Age Threshold: 3]
   [Queue]
      [Dropped: 0]
[GC concurrent-string-deduplication, deleted 0 entries, 0.0000009 secs]
2021-02-01T15:13:28.251+0530: 31434.529: [GC pause (G1 Evacuation Pause) (young), 0.0248257 secs]
   [Parallel Time: 15.6 ms, GC Workers: 10]
      [GC Worker Start (ms): Min: 31434529.1, Avg: 31434529.2, Max: 31434529.3, Diff: 0.2]
      [Ext Root Scanning (ms): Min: 0.7, Avg: 1.0, Max: 2.3, Diff: 1.5, Sum: 10.5]
      [Update RS (ms): Min: 1.4, Avg: 2.0, Max: 2.6, Diff: 1.2, Sum: 20.2]
         [Processed Buffers: Min: 1, Avg: 2.9, Max: 9, Diff: 8, Sum: 29]
      [Scan RS (ms): Min: 0.0, Avg: 0.6, Max: 4.0, Diff: 3.9, Sum: 6.2]
      [Code Root Scanning (ms): Min: 0.0, Avg: 0.7, Max: 1.7, Diff: 1.7, Sum: 6.6]
      [Object Copy (ms): Min: 8.2, Avg: 10.5, Max: 11.4, Diff: 3.2, Sum: 104.6]
      [Termination (ms): Min: 0.0, Avg: 0.0, Max: 0.0, Diff: 0.0, Sum: 0.0]
         [Termination Attempts: Min: 1, Avg: 1.0, Max: 1, Diff: 0, Sum: 10]
      [GC Worker Other (ms): Min: 0.0, Avg: 0.2, Max: 0.3, Diff: 0.3, Sum: 1.7]
      [GC Worker Total (ms): Min: 14.8, Avg: 15.0, Max: 15.1, Diff: 0.4, Sum: 149.9]
      [GC Worker End (ms): Min: 31434544.0, Avg: 31434544.2, Max: 31434544.4, Diff: 0.3]
   [Code Root Fixup: 0.1 ms]
   [Code Root Purge: 0.0 ms]
   [String Dedup Fixup: 6.0 ms, GC Workers: 10]
      [Queue Fixup (ms): Min: 0.0, Avg: 0.0, Max: 0.1, Diff: 0.1, Sum: 0.2]
      [Table Fixup (ms): Min: 5.5, Avg: 5.5, Max: 5.6, Diff: 0.1, Sum: 55.3]
   [Clear CT: 0.9 ms]
   [Other: 2.2 ms]
      [Choose CSet: 0.0 ms]
      [Ref Proc: 0.7 ms]
      [Ref Enq: 0.0 ms]
      [Redirty Cards: 0.9 ms]
      [Humongous Register: 0.0 ms]
      [Humongous Reclaim: 0.0 ms]
      [Free CSet: 0.4 ms]
   [Eden: 705.0M(705.0M)->0.0B(704.0M) Survivors: 34816.0K->35840.0K Heap: 985.1M(1232.0M)->281.2M(1232.0M)]
 [Times: user=0.00 sys=0.00, real=0.02 secs] 
2021-02-01T15:13:28.275+0530: 31434.557: [GC concurrent-string-deduplication, 275.6K->120.4K(155.2K), avg 73.9%, 0.0027760 secs]
   [Last Exec: 0.0027760 secs, Idle: 0.9009802 secs, Blocked: 0/0.0000000 secs]
      [Inspected:            8656]
         [Skipped:              0(  0.0%)]
         [Hashed:            7443( 86.0%)]
         [Known:             1010( 11.7%)]
         [New:               7646( 88.3%)    275.6K]
      [Deduplicated:         6041( 79.0%)    155.2K( 56.3%)]
         [Young:             6041(100.0%)    155.2K(100.0%)]
         [Old:                  0(  0.0%)      0.0B(  0.0%)]
   [Total Exec: 82/0.5707248 secs, Idle: 82/31433.6335442 secs, Blocked: 117/0.0687186 secs]
      [Inspected:         1817793]
         [Skipped:              0(  0.0%)]
         [Hashed:          911439( 50.1%)]
         [Known:            88601(  4.9%)]
         [New:            1729192( 95.1%)    119.6M]
      [Deduplicated:      1411400( 81.6%)  90529.5K( 73.9%)]
         [Young:           897574( 63.6%)  63076.4K( 69.7%)]
         [Old:             513826( 36.4%)  27453.1K( 30.3%)]
   [Table]
      [Memory Usage: 8395.9K]
      [Size: 262144, Min: 1024, Max: 16777216]
      [Entries: 270844, Load: 103.3%, Cached: 0, Added: 399512, Removed: 128668]
      [Resize Count: 8, Shrink Threshold: 174762(66.7%), Grow Threshold: 524288(200.0%)]
      [Rehash Count: 0, Rehash Threshold: 120, Hash Seed: 0x0]
      [Age Threshold: 3]
   [Queue]
      [Dropped: 0]
[GC concurrent-string-deduplication, deleted 0 entries, 0.0000006 secs]
2021-02-01T15:13:28.931+0530: 31435.213: [GC pause (G1 Evacuation Pause) (young), 0.0250790 secs]
   [Parallel Time: 17.2 ms, GC Workers: 10]
      [GC Worker Start (ms): Min: 31435212.7, Avg: 31435212.9, Max: 31435213.0, Diff: 0.3]
      [Ext Root Scanning (ms): Min: 0.7, Avg: 1.2, Max: 3.4, Diff: 2.7, Sum: 11.9]
      [Update RS (ms): Min: 0.8, Avg: 2.2, Max: 2.6, Diff: 1.8, Sum: 22.2]
         [Processed Buffers: Min: 2, Avg: 2.4, Max: 5, Diff: 3, Sum: 24]
      [Scan RS (ms): Min: 0.0, Avg: 0.1, Max: 0.2, Diff: 0.2, Sum: 0.6]
      [Code Root Scanning (ms): Min: 0.0, Avg: 0.3, Max: 0.9, Diff: 0.9, Sum: 3.1]
      [Object Copy (ms): Min: 12.3, Avg: 12.8, Max: 13.2, Diff: 0.9, Sum: 128.0]
      [Termination (ms): Min: 0.0, Avg: 0.0, Max: 0.1, Diff: 0.1, Sum: 0.3]
         [Termination Attempts: Min: 1, Avg: 2.5, Max: 6, Diff: 5, Sum: 25]
      [GC Worker Other (ms): Min: 0.0, Avg: 0.1, Max: 0.3, Diff: 0.3, Sum: 1.3]
      [GC Worker Total (ms): Min: 16.6, Avg: 16.7, Max: 16.9, Diff: 0.3, Sum: 167.4]
      [GC Worker End (ms): Min: 31435229.5, Avg: 31435229.6, Max: 31435229.7, Diff: 0.3]
   [Code Root Fixup: 0.1 ms]
   [Code Root Purge: 0.0 ms]
   [String Dedup Fixup: 4.8 ms, GC Workers: 10]
      [Queue Fixup (ms): Min: 0.0, Avg: 0.0, Max: 0.0, Diff: 0.0, Sum: 0.0]
      [Table Fixup (ms): Min: 4.1, Avg: 4.2, Max: 4.3, Diff: 0.2, Sum: 42.1]
   [Clear CT: 0.7 ms]
   [Other: 2.3 ms]
      [Choose CSet: 0.0 ms]
      [Ref Proc: 0.9 ms]
      [Ref Enq: 0.0 ms]
      [Redirty Cards: 0.9 ms]
      [Humongous Register: 0.0 ms]
      [Humongous Reclaim: 0.0 ms]
      [Free CSet: 0.3 ms]
   [Eden: 704.0M(704.0M)->0.0B(705.0M) Survivors: 35840.0K->34816.0K Heap: 985.2M(1232.0M)->281.4M(1232.0M)]
 [Times: user=0.31 sys=0.00, real=0.02 secs] 
2021-02-01T15:13:28.963+0530: 31435.242: [GC concurrent-string-deduplication, 406.8K->169.4K(237.4K), avg 73.8%, 0.0043405 secs]
   [Last Exec: 0.0043405 secs, Idle: 0.6809717 secs, Blocked: 0/0.0000000 secs]
      [Inspected:            6053]
         [Skipped:              0(  0.0%)]
         [Hashed:            2377( 39.3%)]
         [Known:             2436( 40.2%)]
         [New:               3617( 59.8%)    406.8K]
      [Deduplicated:         2543( 70.3%)    237.4K( 58.4%)]
         [Young:             2543(100.0%)    237.4K(100.0%)]
         [Old:                  0(  0.0%)      0.0B(  0.0%)]
   [Total Exec: 83/0.5750653 secs, Idle: 83/31434.3145159 secs, Blocked: 117/0.0687186 secs]
      [Inspected:         1823846]
         [Skipped:              0(  0.0%)]
         [Hashed:          913816( 50.1%)]
         [Known:            91037(  5.0%)]
         [New:            1732809( 95.0%)    120.0M]
      [Deduplicated:      1413943( 81.6%)  90766.9K( 73.8%)]
         [Young:           900117( 63.7%)  63313.8K( 69.8%)]
         [Old:             513826( 36.3%)  27453.1K( 30.2%)]
   [Table]
      [Memory Usage: 8421.3K]
      [Size: 262144, Min: 1024, Max: 16777216]
      [Entries: 271929, Load: 103.7%, Cached: 0, Added: 400597, Removed: 128668]
      [Resize Count: 8, Shrink Threshold: 174762(66.7%), Grow Threshold: 524288(200.0%)]
      [Rehash Count: 0, Rehash Threshold: 120, Hash Seed: 0x0]
      [Age Threshold: 3]
   [Queue]
      [Dropped: 0]
[GC concurrent-string-deduplication, deleted 0 entries, 0.0000005 secs]
2021-02-01T15:13:29.899+0530: 31436.179: [GC pause (G1 Evacuation Pause) (young), 0.0252519 secs]
   [Parallel Time: 16.7 ms, GC Workers: 10]
      [GC Worker Start (ms): Min: 31436178.9, Avg: 31436179.1, Max: 31436179.2, Diff: 0.2]
      [Ext Root Scanning (ms): Min: 0.6, Avg: 1.1, Max: 2.4, Diff: 1.8, Sum: 11.0]
      [Update RS (ms): Min: 2.2, Avg: 2.8, Max: 3.2, Diff: 1.0, Sum: 28.0]
         [Processed Buffers: Min: 2, Avg: 4.0, Max: 8, Diff: 6, Sum: 40]
      [Scan RS (ms): Min: 0.0, Avg: 0.1, Max: 0.1, Diff: 0.1, Sum: 0.6]
      [Code Root Scanning (ms): Min: 0.0, Avg: 0.7, Max: 1.3, Diff: 1.3, Sum: 6.9]
      [Object Copy (ms): Min: 10.3, Avg: 11.1, Max: 11.7, Diff: 1.4, Sum: 111.1]
      [Termination (ms): Min: 0.0, Avg: 0.3, Max: 0.4, Diff: 0.4, Sum: 2.8]
         [Termination Attempts: Min: 1, Avg: 2.8, Max: 7, Diff: 6, Sum: 28]
      [GC Worker Other (ms): Min: 0.0, Avg: 0.1, Max: 0.2, Diff: 0.2, Sum: 0.5]
      [GC Worker Total (ms): Min: 16.0, Avg: 16.1, Max: 16.2, Diff: 0.2, Sum: 161.0]
      [GC Worker End (ms): Min: 31436195.1, Avg: 31436195.2, Max: 31436195.3, Diff: 0.1]
   [Code Root Fixup: 0.0 ms]
   [Code Root Purge: 0.0 ms]
   [String Dedup Fixup: 5.3 ms, GC Workers: 10]
      [Queue Fixup (ms): Min: 0.0, Avg: 0.0, Max: 0.0, Diff: 0.0, Sum: 0.0]
      [Table Fixup (ms): Min: 4.9, Avg: 5.0, Max: 5.2, Diff: 0.3, Sum: 50.5]
   [Clear CT: 0.6 ms]
   [Other: 2.6 ms]
      [Choose CSet: 0.0 ms]
      [Ref Proc: 0.7 ms]
      [Ref Enq: 0.0 ms]
      [Redirty Cards: 1.0 ms]
      [Humongous Register: 0.0 ms]
      [Humongous Reclaim: 0.0 ms]
      [Free CSet: 0.3 ms]
   [Eden: 705.0M(705.0M)->0.0B(711.0M) Survivors: 34816.0K->28672.0K Heap: 986.4M(1232.0M)->279.8M(1232.0M)]
 [Times: user=0.31 sys=0.00, real=0.02 secs] 
2021-02-01T15:13:29.923+0530: 31436.204: [GC concurrent-string-deduplication, 11904.0B->11904.0B(0.0B), avg 73.8%, 0.0000688 secs]
   [Last Exec: 0.0000688 secs, Idle: 0.9620363 secs, Blocked: 0/0.0000000 secs]
      [Inspected:             212]
         [Skipped:              0(  0.0%)]
         [Hashed:               1(  0.5%)]
         [Known:              100( 47.2%)]
         [New:                112( 52.8%)  11904.0B]
      [Deduplicated:            0(  0.0%)      0.0B(  0.0%)]
         [Young:                0(  0.0%)      0.0B(  0.0%)]
         [Old:                  0(  0.0%)      0.0B(  0.0%)]
   [Total Exec: 84/0.5751341 secs, Idle: 84/31435.2765522 secs, Blocked: 117/0.0687186 secs]
      [Inspected:         1824058]
         [Skipped:              0(  0.0%)]
         [Hashed:          913817( 50.1%)]
         [Known:            91137(  5.0%)]
         [New:            1732921( 95.0%)    120.0M]
      [Deduplicated:      1413943( 81.6%)  90766.9K( 73.8%)]
         [Young:           900117( 63.7%)  63313.8K( 69.8%)]
         [Old:             513826( 36.3%)  27453.1K( 30.2%)]
   [Table]
      [Memory Usage: 8425.4K]
      [Size: 262144, Min: 1024, Max: 16777216]
      [Entries: 272104, Load: 103.8%, Cached: 0, Added: 400772, Removed: 128668]
      [Resize Count: 8, Shrink Threshold: 174762(66.7%), Grow Threshold: 524288(200.0%)]
      [Rehash Count: 0, Rehash Threshold: 120, Hash Seed: 0x0]
      [Age Threshold: 3]
   [Queue]
      [Dropped: 0]
[GC concurrent-string-deduplication, deleted 0 entries, 0.0000006 secs]
2021-02-01T15:13:30.891+0530: 31437.174: [GC pause (G1 Evacuation Pause) (young), 0.0272474 secs]
   [Parallel Time: 18.2 ms, GC Workers: 10]
      [GC Worker Start (ms): Min: 31437174.1, Avg: 31437174.2, Max: 31437174.3, Diff: 0.2]
      [Ext Root Scanning (ms): Min: 0.3, Avg: 0.9, Max: 2.5, Diff: 2.2, Sum: 9.1]
      [Update RS (ms): Min: 1.9, Avg: 2.5, Max: 2.7, Diff: 0.8, Sum: 25.2]
         [Processed Buffers: Min: 3, Avg: 4.6, Max: 9, Diff: 6, Sum: 46]
      [Scan RS (ms): Min: 0.0, Avg: 0.1, Max: 0.1, Diff: 0.1, Sum: 0.7]
      [Code Root Scanning (ms): Min: 0.0, Avg: 0.4, Max: 0.8, Diff: 0.8, Sum: 3.6]
      [Object Copy (ms): Min: 12.3, Avg: 13.4, Max: 14.3, Diff: 2.0, Sum: 134.5]
      [Termination (ms): Min: 0.0, Avg: 0.1, Max: 0.1, Diff: 0.1, Sum: 1.2]
         [Termination Attempts: Min: 1, Avg: 1.1, Max: 2, Diff: 1, Sum: 11]
      [GC Worker Other (ms): Min: 0.0, Avg: 0.3, Max: 0.5, Diff: 0.5, Sum: 2.6]
      [GC Worker Total (ms): Min: 17.4, Avg: 17.7, Max: 18.0, Diff: 0.5, Sum: 177.0]
      [GC Worker End (ms): Min: 31437191.6, Avg: 31437191.9, Max: 31437192.1, Diff: 0.5]
   [Code Root Fixup: 0.0 ms]
   [Code Root Purge: 0.0 ms]
   [String Dedup Fixup: 4.4 ms, GC Workers: 10]
      [Queue Fixup (ms): Min: 0.0, Avg: 0.0, Max: 0.0, Diff: 0.0, Sum: 0.0]
      [Table Fixup (ms): Min: 3.8, Avg: 3.9, Max: 4.0, Diff: 0.2, Sum: 38.9]
   [Clear CT: 0.9 ms]
   [Other: 3.6 ms]
      [Choose CSet: 0.0 ms]
      [Ref Proc: 0.7 ms]
      [Ref Enq: 0.0 ms]
      [Redirty Cards: 1.7 ms]
      [Humongous Register: 0.0 ms]
      [Humongous Reclaim: 0.0 ms]
      [Free CSet: 0.4 ms]
   [Eden: 711.0M(711.0M)->0.0B(718.0M) Survivors: 28672.0K->21504.0K Heap: 990.8M(1232.0M)->283.2M(1232.0M)]
 [Times: user=0.13 sys=0.02, real=0.03 secs] 
2021-02-01T15:13:30.923+0530: 31437.201: [GC concurrent-string-deduplication, 5248.0B->5248.0B(0.0B), avg 73.8%, 0.0000317 secs]
   [Last Exec: 0.0000317 secs, Idle: 0.9969554 secs, Blocked: 0/0.0000000 secs]
      [Inspected:              70]
         [Skipped:              0(  0.0%)]
         [Hashed:               0(  0.0%)]
         [Known:               11( 15.7%)]
         [New:                 59( 84.3%)   5248.0B]
      [Deduplicated:            0(  0.0%)      0.0B(  0.0%)]
         [Young:                0(  0.0%)      0.0B(  0.0%)]
         [Old:                  0(  0.0%)      0.0B(  0.0%)]
   [Total Exec: 85/0.5751658 secs, Idle: 85/31436.2735076 secs, Blocked: 117/0.0687186 secs]
      [Inspected:         1824128]
         [Skipped:              0(  0.0%)]
         [Hashed:          913817( 50.1%)]
         [Known:            91148(  5.0%)]
         [New:            1732980( 95.0%)    120.0M]
      [Deduplicated:      1413943( 81.6%)  90766.9K( 73.8%)]
         [Young:           900117( 63.7%)  63313.8K( 69.8%)]
         [Old:             513826( 36.3%)  27453.1K( 30.2%)]
   [Table]
      [Memory Usage: 8429.0K]
      [Size: 262144, Min: 1024, Max: 16777216]
      [Entries: 272254, Load: 103.9%, Cached: 0, Added: 400922, Removed: 128668]
      [Resize Count: 8, Shrink Threshold: 174762(66.7%), Grow Threshold: 524288(200.0%)]
      [Rehash Count: 0, Rehash Threshold: 120, Hash Seed: 0x0]
      [Age Threshold: 3]
   [Queue]
      [Dropped: 0]
[GC concurrent-string-deduplication, deleted 0 entries, 0.0000009 secs]
2021-02-01T15:13:31.867+0530: 31438.148: [GC pause (G1 Evacuation Pause) (young), 0.0188313 secs]
   [Parallel Time: 12.0 ms, GC Workers: 10]
      [GC Worker Start (ms): Min: 31438147.6, Avg: 31438147.8, Max: 31438147.9, Diff: 0.3]
      [Ext Root Scanning (ms): Min: 0.2, Avg: 0.9, Max: 2.3, Diff: 2.1, Sum: 8.8]
      [Update RS (ms): Min: 2.0, Avg: 3.0, Max: 3.3, Diff: 1.3, Sum: 30.3]
         [Processed Buffers: Min: 4, Avg: 6.7, Max: 14, Diff: 10, Sum: 67]
      [Scan RS (ms): Min: 0.0, Avg: 0.1, Max: 0.1, Diff: 0.1, Sum: 0.9]
      [Code Root Scanning (ms): Min: 0.0, Avg: 0.4, Max: 0.8, Diff: 0.8, Sum: 3.8]
      [Object Copy (ms): Min: 5.8, Avg: 7.0, Max: 7.9, Diff: 2.0, Sum: 69.7]
      [Termination (ms): Min: 0.0, Avg: 0.0, Max: 0.0, Diff: 0.0, Sum: 0.0]
         [Termination Attempts: Min: 1, Avg: 19.2, Max: 30, Diff: 29, Sum: 192]
      [GC Worker Other (ms): Min: 0.0, Avg: 0.1, Max: 0.3, Diff: 0.2, Sum: 1.1]
      [GC Worker Total (ms): Min: 11.3, Avg: 11.5, Max: 11.7, Diff: 0.4, Sum: 114.6]
      [GC Worker End (ms): Min: 31438159.2, Avg: 31438159.2, Max: 31438159.4, Diff: 0.2]
   [Code Root Fixup: 0.0 ms]
   [Code Root Purge: 0.0 ms]
   [String Dedup Fixup: 3.3 ms, GC Workers: 10]
      [Queue Fixup (ms): Min: 0.0, Avg: 0.0, Max: 0.0, Diff: 0.0, Sum: 0.0]
      [Table Fixup (ms): Min: 2.5, Avg: 2.7, Max: 2.9, Diff: 0.3, Sum: 26.7]
   [Clear CT: 0.7 ms]
   [Other: 2.8 ms]
      [Choose CSet: 0.0 ms]
      [Ref Proc: 0.5 ms]
      [Ref Enq: 0.0 ms]
      [Redirty Cards: 0.9 ms]
      [Humongous Register: 0.0 ms]
      [Humongous Reclaim: 0.0 ms]
      [Free CSet: 0.3 ms]
   [Eden: 718.0M(718.0M)->0.0B(719.0M) Survivors: 21504.0K->20480.0K Heap: 1001.2M(1232.0M)->287.2M(1232.0M)]
 [Times: user=0.16 sys=0.00, real=0.02 secs] 
2021-02-01T15:13:31.883+0530: 31438.167: [GC concurrent-string-deduplication, 10512.0B->10512.0B(0.0B), avg 73.8%, 0.0000872 secs]
   [Last Exec: 0.0000872 secs, Idle: 0.9650765 secs, Blocked: 0/0.0000000 secs]
      [Inspected:             183]
         [Skipped:              0(  0.0%)]
         [Hashed:               0(  0.0%)]
         [Known:               65( 35.5%)]
         [New:                118( 64.5%)  10512.0B]
      [Deduplicated:            0(  0.0%)      0.0B(  0.0%)]
         [Young:                0(  0.0%)      0.0B(  0.0%)]
         [Old:                  0(  0.0%)      0.0B(  0.0%)]
   [Total Exec: 86/0.5752530 secs, Idle: 86/31437.2385841 secs, Blocked: 117/0.0687186 secs]
      [Inspected:         1824311]
         [Skipped:              0(  0.0%)]
         [Hashed:          913817( 50.1%)]
         [Known:            91213(  5.0%)]
         [New:            1733098( 95.0%)    120.1M]
      [Deduplicated:      1413943( 81.6%)  90766.9K( 73.8%)]
         [Young:           900117( 63.7%)  63313.8K( 69.8%)]
         [Old:             513826( 36.3%)  27453.1K( 30.2%)]
   [Table]
      [Memory Usage: 8431.8K]
      [Size: 262144, Min: 1024, Max: 16777216]
      [Entries: 272376, Load: 103.9%, Cached: 0, Added: 401044, Removed: 128668]
      [Resize Count: 8, Shrink Threshold: 174762(66.7%), Grow Threshold: 524288(200.0%)]
      [Rehash Count: 0, Rehash Threshold: 120, Hash Seed: 0x0]
      [Age Threshold: 3]
   [Queue]
      [Dropped: 0]
[GC concurrent-string-deduplication, deleted 0 entries, 0.0000006 secs]
2021-02-01T15:13:32.603+0530: 31438.883: [GC pause (G1 Evacuation Pause) (young), 0.0172989 secs]
   [Parallel Time: 11.3 ms, GC Workers: 10]
      [GC Worker Start (ms): Min: 31438883.4, Avg: 31438883.6, Max: 31438883.7, Diff: 0.3]
      [Ext Root Scanning (ms): Min: 0.4, Avg: 0.9, Max: 1.9, Diff: 1.5, Sum: 9.4]
      [Update RS (ms): Min: 1.1, Avg: 1.5, Max: 1.8, Diff: 0.7, Sum: 14.8]
         [Processed Buffers: Min: 1, Avg: 2.8, Max: 9, Diff: 8, Sum: 28]
      [Scan RS (ms): Min: 0.0, Avg: 0.1, Max: 0.1, Diff: 0.1, Sum: 0.6]
      [Code Root Scanning (ms): Min: 0.0, Avg: 0.2, Max: 0.5, Diff: 0.5, Sum: 2.0]
      [Object Copy (ms): Min: 5.5, Avg: 6.6, Max: 8.4, Diff: 2.9, Sum: 65.7]
      [Termination (ms): Min: 0.0, Avg: 1.4, Max: 1.5, Diff: 1.5, Sum: 13.8]
         [Termination Attempts: Min: 1, Avg: 2.9, Max: 4, Diff: 3, Sum: 29]
      [GC Worker Other (ms): Min: 0.0, Avg: 0.1, Max: 0.2, Diff: 0.2, Sum: 0.6]
      [GC Worker Total (ms): Min: 10.5, Avg: 10.7, Max: 10.9, Diff: 0.4, Sum: 107.0]
      [GC Worker End (ms): Min: 31438894.2, Avg: 31438894.3, Max: 31438894.4, Diff: 0.2]
   [Code Root Fixup: 0.0 ms]
   [Code Root Purge: 0.0 ms]
   [String Dedup Fixup: 3.1 ms, GC Workers: 10]
      [Queue Fixup (ms): Min: 0.0, Avg: 0.0, Max: 0.0, Diff: 0.0, Sum: 0.0]
      [Table Fixup (ms): Min: 2.5, Avg: 2.6, Max: 2.7, Diff: 0.2, Sum: 26.0]
   [Clear CT: 0.7 ms]
   [Other: 2.0 ms]
      [Choose CSet: 0.0 ms]
      [Ref Proc: 0.8 ms]
      [Ref Enq: 0.0 ms]
      [Redirty Cards: 0.7 ms]
      [Humongous Register: 0.0 ms]
      [Humongous Reclaim: 0.0 ms]
      [Free CSet: 0.3 ms]
   [Eden: 719.0M(719.0M)->0.0B(720.0M) Survivors: 20480.0K->19456.0K Heap: 1006.2M(1232.0M)->289.3M(1232.0M)]
 [Times: user=0.14 sys=0.00, real=0.02 secs] 
2021-02-01T15:13:32.619+0530: 31438.901: [GC concurrent-string-deduplication, 15592.0B->15592.0B(0.0B), avg 73.8%, 0.0000770 secs]
   [Last Exec: 0.0000770 secs, Idle: 0.7340637 secs, Blocked: 0/0.0000000 secs]
      [Inspected:             266]
         [Skipped:              0(  0.0%)]
         [Hashed:               0(  0.0%)]
         [Known:               91( 34.2%)]
         [New:                175( 65.8%)  15592.0B]
      [Deduplicated:            0(  0.0%)      0.0B(  0.0%)]
         [Young:                0(  0.0%)      0.0B(  0.0%)]
         [Old:                  0(  0.0%)      0.0B(  0.0%)]
   [Total Exec: 87/0.5753300 secs, Idle: 87/31437.9726478 secs, Blocked: 117/0.0687186 secs]
      [Inspected:         1824577]
         [Skipped:              0(  0.0%)]
         [Hashed:          913817( 50.1%)]
         [Known:            91304(  5.0%)]
         [New:            1733273( 95.0%)    120.1M]
      [Deduplicated:      1413943( 81.6%)  90766.9K( 73.8%)]
         [Young:           900117( 63.7%)  63313.8K( 69.8%)]
         [Old:             513826( 36.3%)  27453.1K( 30.2%)]
   [Table]
      [Memory Usage: 8435.9K]
      [Size: 262144, Min: 1024, Max: 16777216]
      [Entries: 272552, Load: 104.0%, Cached: 0, Added: 401220, Removed: 128668]
      [Resize Count: 8, Shrink Threshold: 174762(66.7%), Grow Threshold: 524288(200.0%)]
      [Rehash Count: 0, Rehash Threshold: 120, Hash Seed: 0x0]
      [Age Threshold: 3]
   [Queue]
      [Dropped: 0]
[GC concurrent-string-deduplication, deleted 0 entries, 0.0000006 secs]
2021-02-01T15:14:15.987+0530: 31482.272: [GC pause (G1 Evacuation Pause) (young), 0.0299819 secs]
   [Parallel Time: 12.1 ms, GC Workers: 10]
      [GC Worker Start (ms): Min: 31482276.1, Avg: 31482276.3, Max: 31482276.4, Diff: 0.2]
      [Ext Root Scanning (ms): Min: 0.7, Avg: 1.6, Max: 4.3, Diff: 3.6, Sum: 15.6]
      [Update RS (ms): Min: 1.2, Avg: 3.3, Max: 4.5, Diff: 3.3, Sum: 33.2]
         [Processed Buffers: Min: 3, Avg: 6.9, Max: 11, Diff: 8, Sum: 69]
      [Scan RS (ms): Min: 0.0, Avg: 0.1, Max: 0.1, Diff: 0.1, Sum: 0.7]
      [Code Root Scanning (ms): Min: 0.0, Avg: 0.3, Max: 0.6, Diff: 0.6, Sum: 2.7]
      [Object Copy (ms): Min: 5.3, Avg: 6.1, Max: 6.9, Diff: 1.5, Sum: 61.0]
      [Termination (ms): Min: 0.0, Avg: 0.0, Max: 0.0, Diff: 0.0, Sum: 0.0]
         [Termination Attempts: Min: 1, Avg: 3.7, Max: 6, Diff: 5, Sum: 37]
      [GC Worker Other (ms): Min: 0.0, Avg: 0.1, Max: 0.4, Diff: 0.3, Sum: 1.2]
      [GC Worker Total (ms): Min: 11.3, Avg: 11.4, Max: 11.7, Diff: 0.4, Sum: 114.3]
      [GC Worker End (ms): Min: 31482287.6, Avg: 31482287.7, Max: 31482288.0, Diff: 0.3]
   [Code Root Fixup: 0.1 ms]
   [Code Root Purge: 0.0 ms]
   [String Dedup Fixup: 4.6 ms, GC Workers: 10]
      [Queue Fixup (ms): Min: 0.0, Avg: 0.0, Max: 0.0, Diff: 0.0, Sum: 0.0]
      [Table Fixup (ms): Min: 3.7, Avg: 4.0, Max: 4.2, Diff: 0.5, Sum: 39.6]
   [Clear CT: 0.6 ms]
   [Other: 12.5 ms]
      [Choose CSet: 0.0 ms]
      [Ref Proc: 6.6 ms]
      [Ref Enq: 0.0 ms]
      [Redirty Cards: 1.2 ms]
      [Humongous Register: 0.1 ms]
      [Humongous Reclaim: 0.1 ms]
      [Free CSet: 0.4 ms]
   [Eden: 720.0M(720.0M)->0.0B(722.0M) Survivors: 19456.0K->17408.0K Heap: 1014.3M(1232.0M)->289.8M(1232.0M)]
 [Times: user=0.08 sys=0.00, real=0.03 secs] 
2021-02-01T15:14:16.019+0530: 31482.302: [GC concurrent-string-deduplication, 13600.0B->13600.0B(0.0B), avg 73.8%, 0.0001331 secs]
   [Last Exec: 0.0001331 secs, Idle: 43.4013245 secs, Blocked: 0/0.0000000 secs]
      [Inspected:             157]
         [Skipped:              0(  0.0%)]
         [Hashed:               0(  0.0%)]
         [Known:                4(  2.5%)]
         [New:                153( 97.5%)  13600.0B]
      [Deduplicated:            0(  0.0%)      0.0B(  0.0%)]
         [Young:                0(  0.0%)      0.0B(  0.0%)]
         [Old:                  0(  0.0%)      0.0B(  0.0%)]
   [Total Exec: 88/0.5754631 secs, Idle: 88/31481.3739723 secs, Blocked: 117/0.0687186 secs]
      [Inspected:         1824734]
         [Skipped:              0(  0.0%)]
         [Hashed:          913817( 50.1%)]
         [Known:            91308(  5.0%)]
         [New:            1733426( 95.0%)    120.1M]
      [Deduplicated:      1413943( 81.6%)  90766.9K( 73.8%)]
         [Young:           900117( 63.7%)  63313.8K( 69.8%)]
         [Old:             513826( 36.3%)  27453.1K( 30.2%)]
   [Table]
      [Memory Usage: 8452.1K]
      [Size: 262144, Min: 1024, Max: 16777216]
      [Entries: 273207, Load: 104.2%, Cached: 35, Added: 402063, Removed: 128856]
      [Resize Count: 8, Shrink Threshold: 174762(66.7%), Grow Threshold: 524288(200.0%)]
      [Rehash Count: 0, Rehash Threshold: 120, Hash Seed: 0x0]
      [Age Threshold: 3]
   [Queue]
      [Dropped: 0]
[GC concurrent-string-deduplication, deleted 0 entries, 0.0000009 secs]
2021-02-01T15:14:16.723+0530: 31483.001: [GC pause (G1 Evacuation Pause) (young), 0.0187421 secs]
   [Parallel Time: 12.5 ms, GC Workers: 10]
      [GC Worker Start (ms): Min: 31483001.1, Avg: 31483001.3, Max: 31483001.4, Diff: 0.3]
      [Ext Root Scanning (ms): Min: 0.1, Avg: 0.6, Max: 2.2, Diff: 2.1, Sum: 6.3]
      [Update RS (ms): Min: 0.9, Avg: 1.4, Max: 3.2, Diff: 2.3, Sum: 13.9]
         [Processed Buffers: Min: 1, Avg: 2.8, Max: 6, Diff: 5, Sum: 28]
      [Scan RS (ms): Min: 0.0, Avg: 0.1, Max: 0.1, Diff: 0.1, Sum: 0.6]
      [Code Root Scanning (ms): Min: 0.0, Avg: 0.2, Max: 0.4, Diff: 0.4, Sum: 1.7]
      [Object Copy (ms): Min: 5.8, Avg: 8.8, Max: 9.5, Diff: 3.7, Sum: 87.5]
      [Termination (ms): Min: 0.0, Avg: 0.0, Max: 0.0, Diff: 0.0, Sum: 0.0]
         [Termination Attempts: Min: 1, Avg: 2.9, Max: 5, Diff: 4, Sum: 29]
      [GC Worker Other (ms): Min: 0.1, Avg: 0.4, Max: 0.9, Diff: 0.8, Sum: 4.5]
      [GC Worker Total (ms): Min: 11.1, Avg: 11.4, Max: 11.9, Diff: 0.8, Sum: 114.4]
      [GC Worker End (ms): Min: 31483012.3, Avg: 31483012.7, Max: 31483013.1, Diff: 0.8]
   [Code Root Fixup: 0.2 ms]
   [Code Root Purge: 0.0 ms]
   [String Dedup Fixup: 2.8 ms, GC Workers: 10]
      [Queue Fixup (ms): Min: 0.0, Avg: 0.0, Max: 0.0, Diff: 0.0, Sum: 0.0]
      [Table Fixup (ms): Min: 2.1, Avg: 2.2, Max: 2.3, Diff: 0.2, Sum: 22.0]
   [Clear CT: 0.8 ms]
   [Other: 2.4 ms]
      [Choose CSet: 0.0 ms]
      [Ref Proc: 0.7 ms]
      [Ref Enq: 0.0 ms]
      [Redirty Cards: 0.9 ms]
      [Humongous Register: 0.0 ms]
      [Humongous Reclaim: 0.0 ms]
      [Free CSet: 0.3 ms]
   [Eden: 722.0M(722.0M)->0.0B(723.0M) Survivors: 17408.0K->16384.0K Heap: 1011.8M(1232.0M)->290.0M(1232.0M)]
 [Times: user=0.14 sys=0.02, real=0.02 secs] 
2021-02-01T15:14:16.739+0530: 31483.020: [GC concurrent-string-deduplication, 0.0B->0.0B(0.0B), avg 73.8%, 0.0000027 secs]
   [Last Exec: 0.0000027 secs, Idle: 0.7174793 secs, Blocked: 0/0.0000000 secs]
      [Inspected:               1]
         [Skipped:              0(  0.0%)]
         [Hashed:               0(  0.0%)]
         [Known:                1(100.0%)]
         [New:                  0(  0.0%)      0.0B]
      [Deduplicated:            0(  0.0%)      0.0B(  0.0%)]
         [Young:                0(  0.0%)      0.0B(  0.0%)]
         [Old:                  0(  0.0%)      0.0B(  0.0%)]
   [Total Exec: 89/0.5754658 secs, Idle: 89/31482.0914516 secs, Blocked: 117/0.0687186 secs]
      [Inspected:         1824735]
         [Skipped:              0(  0.0%)]
         [Hashed:          913817( 50.1%)]
         [Known:            91309(  5.0%)]
         [New:            1733426( 95.0%)    120.1M]
      [Deduplicated:      1413943( 81.6%)  90766.9K( 73.8%)]
         [Young:           900117( 63.7%)  63313.8K( 69.8%)]
         [Old:             513826( 36.3%)  27453.1K( 30.2%)]
   [Table]
      [Memory Usage: 8452.1K]
      [Size: 262144, Min: 1024, Max: 16777216]
      [Entries: 272577, Load: 104.0%, Cached: 665, Added: 402075, Removed: 129498]
      [Resize Count: 8, Shrink Threshold: 174762(66.7%), Grow Threshold: 524288(200.0%)]
      [Rehash Count: 0, Rehash Threshold: 120, Hash Seed: 0x0]
      [Age Threshold: 3]
   [Queue]
      [Dropped: 0]
[GC concurrent-string-deduplication, deleted 0 entries, 0.0000007 secs]
2021-02-01T15:14:17.475+0530: 31483.761: [GC pause (G1 Evacuation Pause) (young), 0.0153157 secs]
   [Parallel Time: 9.8 ms, GC Workers: 10]
      [GC Worker Start (ms): Min: 31483761.3, Avg: 31483761.5, Max: 31483761.7, Diff: 0.3]
      [Ext Root Scanning (ms): Min: 1.2, Avg: 2.2, Max: 3.6, Diff: 2.4, Sum: 21.5]
      [Update RS (ms): Min: 0.7, Avg: 1.2, Max: 1.5, Diff: 0.8, Sum: 12.1]
         [Processed Buffers: Min: 1, Avg: 2.9, Max: 10, Diff: 9, Sum: 29]
      [Scan RS (ms): Min: 0.0, Avg: 0.1, Max: 0.1, Diff: 0.1, Sum: 0.6]
      [Code Root Scanning (ms): Min: 0.0, Avg: 0.2, Max: 0.7, Diff: 0.7, Sum: 1.8]
      [Object Copy (ms): Min: 5.0, Avg: 5.6, Max: 6.4, Diff: 1.4, Sum: 56.0]
      [Termination (ms): Min: 0.0, Avg: 0.0, Max: 0.0, Diff: 0.0, Sum: 0.0]
         [Termination Attempts: Min: 1, Avg: 14.7, Max: 24, Diff: 23, Sum: 147]
      [GC Worker Other (ms): Min: 0.0, Avg: 0.1, Max: 0.3, Diff: 0.2, Sum: 1.1]
      [GC Worker Total (ms): Min: 9.1, Avg: 9.3, Max: 9.6, Diff: 0.5, Sum: 93.3]
      [GC Worker End (ms): Min: 31483770.8, Avg: 31483770.8, Max: 31483771.0, Diff: 0.3]
   [Code Root Fixup: 0.0 ms]
   [Code Root Purge: 0.0 ms]
   [String Dedup Fixup: 2.8 ms, GC Workers: 10]
      [Queue Fixup (ms): Min: 0.0, Avg: 0.0, Max: 0.0, Diff: 0.0, Sum: 0.0]
      [Table Fixup (ms): Min: 2.2, Avg: 2.3, Max: 2.4, Diff: 0.2, Sum: 22.7]
   [Clear CT: 0.7 ms]
   [Other: 1.9 ms]
      [Choose CSet: 0.0 ms]
      [Ref Proc: 0.4 ms]
      [Ref Enq: 0.0 ms]
      [Redirty Cards: 0.7 ms]
      [Humongous Register: 0.1 ms]
      [Humongous Reclaim: 0.0 ms]
      [Free CSet: 0.3 ms]
   [Eden: 723.0M(723.0M)->0.0B(724.0M) Survivors: 16384.0K->15360.0K Heap: 1013.0M(1232.0M)->291.1M(1232.0M)]
 [Times: user=0.01 sys=0.00, real=0.02 secs] 
2021-02-01T15:14:17.499+0530: 31483.780: [GC concurrent-string-deduplication, 169.9K->92160.0B(81856.0B), avg 73.8%, 0.0038255 secs]
   [Last Exec: 0.0038255 secs, Idle: 0.7564308 secs, Blocked: 0/0.0000000 secs]
      [Inspected:            2065]
         [Skipped:              0(  0.0%)]
         [Hashed:             773( 37.4%)]
         [Known:              777( 37.6%)]
         [New:               1288( 62.4%)    169.9K]
      [Deduplicated:          824( 64.0%)  81856.0B( 47.0%)]
         [Young:              824(100.0%)  81856.0B(100.0%)]
         [Old:                  0(  0.0%)      0.0B(  0.0%)]
   [Total Exec: 90/0.5792913 secs, Idle: 90/31482.8478824 secs, Blocked: 117/0.0687186 secs]
      [Inspected:         1826800]
         [Skipped:              0(  0.0%)]
         [Hashed:          914590( 50.1%)]
         [Known:            92086(  5.0%)]
         [New:            1734714( 95.0%)    120.3M]
      [Deduplicated:      1414767( 81.6%)  90846.9K( 73.8%)]
         [Young:           900941( 63.7%)  63393.8K( 69.8%)]
         [Old:             513826( 36.3%)  27453.1K( 30.2%)]
   [Table]
      [Memory Usage: 8452.1K]
      [Size: 262144, Min: 1024, Max: 16777216]
      [Entries: 273041, Load: 104.2%, Cached: 201, Added: 402539, Removed: 129498]
      [Resize Count: 8, Shrink Threshold: 174762(66.7%), Grow Threshold: 524288(200.0%)]
      [Rehash Count: 0, Rehash Threshold: 120, Hash Seed: 0x0]
      [Age Threshold: 3]
   [Queue]
      [Dropped: 0]
[GC concurrent-string-deduplication, deleted 0 entries, 0.0000006 secs]
2021-02-01T15:14:18.211+0530: 31484.490: [GC pause (G1 Evacuation Pause) (young), 0.0155657 secs]
   [Parallel Time: 10.0 ms, GC Workers: 10]
      [GC Worker Start (ms): Min: 31484489.8, Avg: 31484489.9, Max: 31484490.0, Diff: 0.2]
      [Ext Root Scanning (ms): Min: 0.5, Avg: 0.9, Max: 1.8, Diff: 1.3, Sum: 8.8]
      [Update RS (ms): Min: 1.3, Avg: 1.5, Max: 1.9, Diff: 0.6, Sum: 15.4]
         [Processed Buffers: Min: 1, Avg: 2.5, Max: 7, Diff: 6, Sum: 25]
      [Scan RS (ms): Min: 0.0, Avg: 0.1, Max: 0.2, Diff: 0.1, Sum: 0.7]
      [Code Root Scanning (ms): Min: 0.0, Avg: 0.2, Max: 0.5, Diff: 0.5, Sum: 2.2]
      [Object Copy (ms): Min: 5.9, Avg: 6.7, Max: 7.3, Diff: 1.4, Sum: 66.6]
      [Termination (ms): Min: 0.0, Avg: 0.0, Max: 0.0, Diff: 0.0, Sum: 0.0]
         [Termination Attempts: Min: 1, Avg: 10.9, Max: 15, Diff: 14, Sum: 109]
      [GC Worker Other (ms): Min: 0.0, Avg: 0.1, Max: 0.2, Diff: 0.2, Sum: 0.9]
      [GC Worker Total (ms): Min: 9.4, Avg: 9.5, Max: 9.6, Diff: 0.2, Sum: 94.6]
      [GC Worker End (ms): Min: 31484499.3, Avg: 31484499.3, Max: 31484499.5, Diff: 0.2]
   [Code Root Fixup: 0.0 ms]
   [Code Root Purge: 0.0 ms]
   [String Dedup Fixup: 2.8 ms, GC Workers: 10]
      [Queue Fixup (ms): Min: 0.0, Avg: 0.0, Max: 0.0, Diff: 0.0, Sum: 0.0]
      [Table Fixup (ms): Min: 2.1, Avg: 2.1, Max: 2.3, Diff: 0.2, Sum: 21.4]
   [Clear CT: 0.7 ms]
   [Other: 2.1 ms]
      [Choose CSet: 0.0 ms]
      [Ref Proc: 0.8 ms]
      [Ref Enq: 0.0 ms]
      [Redirty Cards: 0.9 ms]
      [Humongous Register: 0.0 ms]
      [Humongous Reclaim: 0.0 ms]
      [Free CSet: 0.3 ms]
   [Eden: 724.0M(724.0M)->0.0B(725.0M) Survivors: 15360.0K->14336.0K Heap: 1015.1M(1232.0M)->291.5M(1232.0M)]
 [Times: user=0.16 sys=0.00, real=0.02 secs] 
2021-02-01T15:14:18.227+0530: 31484.505: [GC concurrent-string-deduplication, 5968.0B->5968.0B(0.0B), avg 73.8%, 0.0000519 secs]
   [Last Exec: 0.0000519 secs, Idle: 0.7251531 secs, Blocked: 0/0.0000000 secs]
      [Inspected:              80]
         [Skipped:              0(  0.0%)]
         [Hashed:               0(  0.0%)]
         [Known:               12( 15.0%)]
         [New:                 68( 85.0%)   5968.0B]
      [Deduplicated:            0(  0.0%)      0.0B(  0.0%)]
         [Young:                0(  0.0%)      0.0B(  0.0%)]
         [Old:                  0(  0.0%)      0.0B(  0.0%)]
   [Total Exec: 91/0.5793432 secs, Idle: 91/31483.5730355 secs, Blocked: 117/0.0687186 secs]
      [Inspected:         1826880]
         [Skipped:              0(  0.0%)]
         [Hashed:          914590( 50.1%)]
         [Known:            92098(  5.0%)]
         [New:            1734782( 95.0%)    120.3M]
      [Deduplicated:      1414767( 81.6%)  90846.9K( 73.8%)]
         [Young:           900941( 63.7%)  63393.8K( 69.8%)]
         [Old:             513826( 36.3%)  27453.1K( 30.2%)]
   [Table]
      [Memory Usage: 8452.1K]
      [Size: 262144, Min: 1024, Max: 16777216]
      [Entries: 273109, Load: 104.2%, Cached: 133, Added: 402607, Removed: 129498]
      [Resize Count: 8, Shrink Threshold: 174762(66.7%), Grow Threshold: 524288(200.0%)]
      [Rehash Count: 0, Rehash Threshold: 120, Hash Seed: 0x0]
      [Age Threshold: 3]
   [Queue]
      [Dropped: 0]
[GC concurrent-string-deduplication, deleted 0 entries, 0.0000006 secs]
2021-02-01T15:14:19.083+0530: 31485.365: [GC pause (G1 Evacuation Pause) (young), 0.0128671 secs]
   [Parallel Time: 7.2 ms, GC Workers: 10]
      [GC Worker Start (ms): Min: 31485365.2, Avg: 31485365.4, Max: 31485365.5, Diff: 0.3]
      [Ext Root Scanning (ms): Min: 0.4, Avg: 0.8, Max: 1.5, Diff: 1.2, Sum: 8.3]
      [Update RS (ms): Min: 0.0, Avg: 0.9, Max: 2.0, Diff: 2.0, Sum: 8.9]
         [Processed Buffers: Min: 0, Avg: 2.7, Max: 11, Diff: 11, Sum: 27]
      [Scan RS (ms): Min: 0.0, Avg: 0.1, Max: 0.1, Diff: 0.1, Sum: 0.6]
      [Code Root Scanning (ms): Min: 0.0, Avg: 0.1, Max: 0.4, Diff: 0.4, Sum: 1.1]
      [Object Copy (ms): Min: 3.3, Avg: 4.7, Max: 6.2, Diff: 2.9, Sum: 46.8]
      [Termination (ms): Min: 0.0, Avg: 0.0, Max: 0.0, Diff: 0.0, Sum: 0.1]
         [Termination Attempts: Min: 7, Avg: 14.8, Max: 22, Diff: 15, Sum: 148]
      [GC Worker Other (ms): Min: 0.0, Avg: 0.1, Max: 0.3, Diff: 0.2, Sum: 1.2]
      [GC Worker Total (ms): Min: 6.5, Avg: 6.7, Max: 6.8, Diff: 0.2, Sum: 66.9]
      [GC Worker End (ms): Min: 31485372.0, Avg: 31485372.1, Max: 31485372.2, Diff: 0.2]
   [Code Root Fixup: 0.0 ms]
   [Code Root Purge: 0.0 ms]
   [String Dedup Fixup: 2.8 ms, GC Workers: 10]
      [Queue Fixup (ms): Min: 0.0, Avg: 0.0, Max: 0.0, Diff: 0.0, Sum: 0.0]
      [Table Fixup (ms): Min: 2.2, Avg: 2.2, Max: 2.3, Diff: 0.2, Sum: 22.3]
   [Clear CT: 0.8 ms]
   [Other: 2.0 ms]
      [Choose CSet: 0.0 ms]
      [Ref Proc: 0.3 ms]
      [Ref Enq: 0.0 ms]
      [Redirty Cards: 0.7 ms]
      [Humongous Register: 0.0 ms]
      [Humongous Reclaim: 0.0 ms]
      [Free CSet: 0.7 ms]
   [Eden: 725.0M(725.0M)->0.0B(727.0M) Survivors: 14336.0K->12288.0K Heap: 1016.5M(1232.0M)->290.5M(1232.0M)]
 [Times: user=0.06 sys=0.00, real=0.02 secs] 
2021-02-01T15:14:19.099+0530: 31485.379: [GC concurrent-string-deduplication, 5880.0B->5880.0B(0.0B), avg 73.8%, 0.0001839 secs]
   [Last Exec: 0.0001839 secs, Idle: 0.8728535 secs, Blocked: 0/0.0000000 secs]
      [Inspected:              67]
         [Skipped:              0(  0.0%)]
         [Hashed:               0(  0.0%)]
         [Known:                0(  0.0%)]
         [New:                 67(100.0%)   5880.0B]
      [Deduplicated:            0(  0.0%)      0.0B(  0.0%)]
         [Young:                0(  0.0%)      0.0B(  0.0%)]
         [Old:                  0(  0.0%)      0.0B(  0.0%)]
   [Total Exec: 92/0.5795271 secs, Idle: 92/31484.4458890 secs, Blocked: 117/0.0687186 secs]
      [Inspected:         1826947]
         [Skipped:              0(  0.0%)]
         [Hashed:          914590( 50.1%)]
         [Known:            92098(  5.0%)]
         [New:            1734849( 95.0%)    120.3M]
      [Deduplicated:      1414767( 81.5%)  90846.9K( 73.8%)]
         [Young:           900941( 63.7%)  63393.8K( 69.8%)]
         [Old:             513826( 36.3%)  27453.1K( 30.2%)]
   [Table]
      [Memory Usage: 8452.1K]
      [Size: 262144, Min: 1024, Max: 16777216]
      [Entries: 273177, Load: 104.2%, Cached: 65, Added: 402675, Removed: 129498]
      [Resize Count: 8, Shrink Threshold: 174762(66.7%), Grow Threshold: 524288(200.0%)]
      [Rehash Count: 0, Rehash Threshold: 120, Hash Seed: 0x0]
      [Age Threshold: 3]
   [Queue]
      [Dropped: 0]
[GC concurrent-string-deduplication, deleted 0 entries, 0.0000200 secs]
2021-02-01T15:14:19.979+0530: 31486.258: [GC pause (G1 Evacuation Pause) (young), 0.0136722 secs]
   [Parallel Time: 7.5 ms, GC Workers: 10]
      [GC Worker Start (ms): Min: 31486257.7, Avg: 31486257.9, Max: 31486258.0, Diff: 0.3]
      [Ext Root Scanning (ms): Min: 0.2, Avg: 0.7, Max: 1.5, Diff: 1.3, Sum: 7.5]
      [Update RS (ms): Min: 0.0, Avg: 0.6, Max: 1.3, Diff: 1.3, Sum: 5.8]
         [Processed Buffers: Min: 0, Avg: 2.4, Max: 7, Diff: 7, Sum: 24]
      [Scan RS (ms): Min: 0.0, Avg: 0.1, Max: 0.2, Diff: 0.2, Sum: 1.2]
      [Code Root Scanning (ms): Min: 0.0, Avg: 0.2, Max: 0.5, Diff: 0.5, Sum: 1.7]
      [Object Copy (ms): Min: 4.4, Avg: 5.3, Max: 6.5, Diff: 2.1, Sum: 53.4]
      [Termination (ms): Min: 0.0, Avg: 0.0, Max: 0.0, Diff: 0.0, Sum: 0.0]
         [Termination Attempts: Min: 1, Avg: 7.7, Max: 12, Diff: 11, Sum: 77]
      [GC Worker Other (ms): Min: 0.0, Avg: 0.1, Max: 0.3, Diff: 0.3, Sum: 1.3]
      [GC Worker Total (ms): Min: 6.9, Avg: 7.1, Max: 7.2, Diff: 0.3, Sum: 70.9]
      [GC Worker End (ms): Min: 31486264.8, Avg: 31486264.9, Max: 31486265.2, Diff: 0.3]
   [Code Root Fixup: 0.0 ms]
   [Code Root Purge: 0.0 ms]
   [String Dedup Fixup: 3.5 ms, GC Workers: 10]
      [Queue Fixup (ms): Min: 0.0, Avg: 0.0, Max: 0.0, Diff: 0.0, Sum: 0.0]
      [Table Fixup (ms): Min: 2.9, Avg: 3.0, Max: 3.2, Diff: 0.2, Sum: 30.0]
   [Clear CT: 0.7 ms]
   [Other: 1.8 ms]
      [Choose CSet: 0.0 ms]
      [Ref Proc: 0.4 ms]
      [Ref Enq: 0.0 ms]
      [Redirty Cards: 1.0 ms]
      [Humongous Register: 0.0 ms]
      [Humongous Reclaim: 0.0 ms]
      [Free CSet: 0.3 ms]
   [Eden: 727.0M(727.0M)->0.0B(728.0M) Survivors: 12288.0K->11264.0K Heap: 1017.5M(1232.0M)->290.4M(1232.0M)]
 [Times: user=0.00 sys=0.00, real=0.01 secs] 
2021-02-01T15:14:19.987+0530: 31486.272: [GC concurrent-string-deduplication, 7040.0B->7040.0B(0.0B), avg 73.8%, 0.0000347 secs]
   [Last Exec: 0.0000347 secs, Idle: 0.8928159 secs, Blocked: 0/0.0000000 secs]
      [Inspected:              80]
         [Skipped:              0(  0.0%)]
         [Hashed:               0(  0.0%)]
         [Known:                0(  0.0%)]
         [New:                 80(100.0%)   7040.0B]
      [Deduplicated:            0(  0.0%)      0.0B(  0.0%)]
         [Young:                0(  0.0%)      0.0B(  0.0%)]
         [Old:                  0(  0.0%)      0.0B(  0.0%)]
   [Total Exec: 93/0.5795618 secs, Idle: 93/31485.3387049 secs, Blocked: 117/0.0687186 secs]
      [Inspected:         1827027]
         [Skipped:              0(  0.0%)]
         [Hashed:          914590( 50.1%)]
         [Known:            92098(  5.0%)]
         [New:            1734929( 95.0%)    120.3M]
      [Deduplicated:      1414767( 81.5%)  90846.9K( 73.8%)]
         [Young:           900941( 63.7%)  63393.8K( 69.8%)]
         [Old:             513826( 36.3%)  27453.1K( 30.2%)]
   [Table]
      [Memory Usage: 8452.5K]
      [Size: 262144, Min: 1024, Max: 16777216]
      [Entries: 273258, Load: 104.2%, Cached: 0, Added: 402756, Removed: 129498]
      [Resize Count: 8, Shrink Threshold: 174762(66.7%), Grow Threshold: 524288(200.0%)]
      [Rehash Count: 0, Rehash Threshold: 120, Hash Seed: 0x0]
      [Age Threshold: 3]
   [Queue]
      [Dropped: 0]
[GC concurrent-string-deduplication, deleted 0 entries, 0.0000009 secs]
2021-02-01T15:14:20.667+0530: 31486.949: [GC pause (G1 Evacuation Pause) (young), 0.0111504 secs]
   [Parallel Time: 5.6 ms, GC Workers: 10]
      [GC Worker Start (ms): Min: 31486949.0, Avg: 31486949.1, Max: 31486949.2, Diff: 0.2]
      [Ext Root Scanning (ms): Min: 0.6, Avg: 0.9, Max: 1.6, Diff: 0.9, Sum: 8.6]
      [Update RS (ms): Min: 0.1, Avg: 0.6, Max: 1.0, Diff: 0.9, Sum: 6.3]
         [Processed Buffers: Min: 1, Avg: 2.3, Max: 8, Diff: 7, Sum: 23]
      [Scan RS (ms): Min: 0.0, Avg: 0.1, Max: 0.2, Diff: 0.1, Sum: 0.6]
      [Code Root Scanning (ms): Min: 0.0, Avg: 0.2, Max: 0.3, Diff: 0.3, Sum: 1.6]
      [Object Copy (ms): Min: 3.0, Avg: 3.3, Max: 3.5, Diff: 0.5, Sum: 32.5]
      [Termination (ms): Min: 0.0, Avg: 0.0, Max: 0.0, Diff: 0.0, Sum: 0.0]
         [Termination Attempts: Min: 2, Avg: 6.5, Max: 10, Diff: 8, Sum: 65]
      [GC Worker Other (ms): Min: 0.0, Avg: 0.1, Max: 0.3, Diff: 0.2, Sum: 1.1]
      [GC Worker Total (ms): Min: 4.9, Avg: 5.1, Max: 5.4, Diff: 0.5, Sum: 50.8]
      [GC Worker End (ms): Min: 31486954.1, Avg: 31486954.2, Max: 31486954.4, Diff: 0.2]
   [Code Root Fixup: 0.0 ms]
   [Code Root Purge: 0.0 ms]
   [String Dedup Fixup: 2.8 ms, GC Workers: 10]
      [Queue Fixup (ms): Min: 0.0, Avg: 0.0, Max: 0.0, Diff: 0.0, Sum: 0.0]
      [Table Fixup (ms): Min: 2.1, Avg: 2.1, Max: 2.3, Diff: 0.2, Sum: 21.5]
   [Clear CT: 0.7 ms]
   [Other: 2.0 ms]
      [Choose CSet: 0.0 ms]
      [Ref Proc: 0.7 ms]
      [Ref Enq: 0.0 ms]
      [Redirty Cards: 0.9 ms]
      [Humongous Register: 0.0 ms]
      [Humongous Reclaim: 0.0 ms]
      [Free CSet: 0.3 ms]
   [Eden: 728.0M(728.0M)->0.0B(727.0M) Survivors: 11264.0K->12288.0K Heap: 1018.4M(1232.0M)->291.5M(1232.0M)]
 [Times: user=0.00 sys=0.00, real=0.01 secs] 
2021-02-01T15:14:20.675+0530: 31486.960: [GC concurrent-string-deduplication, 16952.0B->16952.0B(0.0B), avg 73.8%, 0.0001135 secs]
   [Last Exec: 0.0001135 secs, Idle: 0.6886628 secs, Blocked: 0/0.0000000 secs]
      [Inspected:             191]
         [Skipped:              0(  0.0%)]
         [Hashed:               0(  0.0%)]
         [Known:                1(  0.5%)]
         [New:                190( 99.5%)  16952.0B]
      [Deduplicated:            0(  0.0%)      0.0B(  0.0%)]
         [Young:                0(  0.0%)      0.0B(  0.0%)]
         [Old:                  0(  0.0%)      0.0B(  0.0%)]
   [Total Exec: 94/0.5796753 secs, Idle: 94/31486.0273677 secs, Blocked: 117/0.0687186 secs]
      [Inspected:         1827218]
         [Skipped:              0(  0.0%)]
         [Hashed:          914590( 50.1%)]
         [Known:            92099(  5.0%)]
         [New:            1735119( 95.0%)    120.3M]
      [Deduplicated:      1414767( 81.5%)  90846.9K( 73.8%)]
         [Young:           900941( 63.7%)  63393.8K( 69.8%)]
         [Old:             513826( 36.3%)  27453.1K( 30.2%)]
   [Table]
      [Memory Usage: 8456.8K]
      [Size: 262144, Min: 1024, Max: 16777216]
      [Entries: 273443, Load: 104.3%, Cached: 0, Added: 402946, Removed: 129503]
      [Resize Count: 8, Shrink Threshold: 174762(66.7%), Grow Threshold: 524288(200.0%)]
      [Rehash Count: 0, Rehash Threshold: 120, Hash Seed: 0x0]
      [Age Threshold: 3]
   [Queue]
      [Dropped: 0]
[GC concurrent-string-deduplication, deleted 0 entries, 0.0000006 secs]
2021-02-01T15:14:55.559+0530: 31521.839: [GC pause (G1 Evacuation Pause) (young), 0.0289883 secs]
   [Parallel Time: 13.2 ms, GC Workers: 10]
      [GC Worker Start (ms): Min: 31521839.2, Avg: 31521839.3, Max: 31521839.4, Diff: 0.2]
      [Ext Root Scanning (ms): Min: 0.3, Avg: 1.3, Max: 3.4, Diff: 3.1, Sum: 13.0]
      [Update RS (ms): Min: 0.0, Avg: 1.9, Max: 2.5, Diff: 2.4, Sum: 18.6]
         [Processed Buffers: Min: 2, Avg: 3.7, Max: 11, Diff: 9, Sum: 37]
      [Scan RS (ms): Min: 0.0, Avg: 0.1, Max: 0.1, Diff: 0.1, Sum: 0.8]
      [Code Root Scanning (ms): Min: 0.0, Avg: 0.2, Max: 0.4, Diff: 0.4, Sum: 1.9]
      [Object Copy (ms): Min: 8.4, Avg: 8.9, Max: 9.9, Diff: 1.5, Sum: 88.6]
      [Termination (ms): Min: 0.0, Avg: 0.1, Max: 0.1, Diff: 0.1, Sum: 0.6]
         [Termination Attempts: Min: 1, Avg: 1.8, Max: 3, Diff: 2, Sum: 18]
      [GC Worker Other (ms): Min: 0.0, Avg: 0.1, Max: 0.3, Diff: 0.3, Sum: 1.4]
      [GC Worker Total (ms): Min: 12.4, Avg: 12.5, Max: 12.7, Diff: 0.4, Sum: 125.0]
      [GC Worker End (ms): Min: 31521851.7, Avg: 31521851.8, Max: 31521852.0, Diff: 0.3]
   [Code Root Fixup: 0.0 ms]
   [Code Root Purge: 0.0 ms]
   [String Dedup Fixup: 2.8 ms, GC Workers: 10]
      [Queue Fixup (ms): Min: 0.0, Avg: 0.0, Max: 0.0, Diff: 0.0, Sum: 0.0]
      [Table Fixup (ms): Min: 2.0, Avg: 2.2, Max: 2.3, Diff: 0.3, Sum: 21.6]
   [Clear CT: 0.8 ms]
   [Other: 12.2 ms]
      [Choose CSet: 0.0 ms]
      [Ref Proc: 10.7 ms]
      [Ref Enq: 0.0 ms]
      [Redirty Cards: 1.1 ms]
      [Humongous Register: 0.0 ms]
      [Humongous Reclaim: 0.0 ms]
      [Free CSet: 0.3 ms]
   [Eden: 727.0M(727.0M)->0.0B(727.0M) Survivors: 12288.0K->12288.0K Heap: 1018.5M(1232.0M)->292.6M(1232.0M)]
 [Times: user=0.01 sys=0.00, real=0.02 secs] 
2021-02-01T15:14:55.591+0530: 31521.869: [GC concurrent-string-deduplication, 13448.0B->13448.0B(0.0B), avg 73.7%, 0.0001593 secs]
   [Last Exec: 0.0001593 secs, Idle: 34.9078684 secs, Blocked: 1/0.0005976 secs]
      [Inspected:             152]
         [Skipped:              0(  0.0%)]
         [Hashed:               0(  0.0%)]
         [Known:                1(  0.7%)]
         [New:                151( 99.3%)  13448.0B]
      [Deduplicated:            0(  0.0%)      0.0B(  0.0%)]
         [Young:                0(  0.0%)      0.0B(  0.0%)]
         [Old:                  0(  0.0%)      0.0B(  0.0%)]
   [Total Exec: 95/0.5798346 secs, Idle: 95/31520.9352361 secs, Blocked: 118/0.0693162 secs]
      [Inspected:         1827370]
         [Skipped:              0(  0.0%)]
         [Hashed:          914590( 50.0%)]
         [Known:            92100(  5.0%)]
         [New:            1735270( 95.0%)    120.3M]
      [Deduplicated:      1414767( 81.5%)  90846.9K( 73.7%)]
         [Young:           900941( 63.7%)  63393.8K( 69.8%)]
         [Old:             513826( 36.3%)  27453.1K( 30.2%)]
   [Table]
      [Memory Usage: 8457.5K]
      [Size: 262144, Min: 1024, Max: 16777216]
      [Entries: 273454, Load: 104.3%, Cached: 17, Added: 403125, Removed: 129671]
      [Resize Count: 8, Shrink Threshold: 174762(66.7%), Grow Threshold: 524288(200.0%)]
      [Rehash Count: 0, Rehash Threshold: 120, Hash Seed: 0x0]
      [Age Threshold: 3]
   [Queue]
      [Dropped: 0]
[GC concurrent-string-deduplication, deleted 0 entries, 0.0000008 secs]
2021-02-01T15:14:57.167+0530: 31523.448: [GC pause (G1 Evacuation Pause) (young), 0.0209769 secs]
   [Parallel Time: 13.6 ms, GC Workers: 10]
      [GC Worker Start (ms): Min: 31523448.5, Avg: 31523448.6, Max: 31523448.7, Diff: 0.3]
      [Ext Root Scanning (ms): Min: 1.1, Avg: 2.4, Max: 7.0, Diff: 5.9, Sum: 23.6]
      [Update RS (ms): Min: 1.3, Avg: 2.6, Max: 3.4, Diff: 2.1, Sum: 26.4]
         [Processed Buffers: Min: 1, Avg: 3.0, Max: 6, Diff: 5, Sum: 30]
      [Scan RS (ms): Min: 0.0, Avg: 0.1, Max: 0.2, Diff: 0.2, Sum: 1.4]
      [Code Root Scanning (ms): Min: 0.0, Avg: 0.4, Max: 1.1, Diff: 1.1, Sum: 4.4]
      [Object Copy (ms): Min: 3.1, Avg: 7.1, Max: 8.6, Diff: 5.5, Sum: 71.1]
      [Termination (ms): Min: 0.0, Avg: 0.1, Max: 0.2, Diff: 0.2, Sum: 1.4]
         [Termination Attempts: Min: 1, Avg: 3.2, Max: 5, Diff: 4, Sum: 32]
      [GC Worker Other (ms): Min: 0.0, Avg: 0.1, Max: 0.1, Diff: 0.1, Sum: 0.5]
      [GC Worker Total (ms): Min: 12.7, Avg: 12.9, Max: 13.1, Diff: 0.3, Sum: 128.7]
      [GC Worker End (ms): Min: 31523461.5, Avg: 31523461.5, Max: 31523461.6, Diff: 0.1]
   [Code Root Fixup: 0.0 ms]
   [Code Root Purge: 0.0 ms]
   [String Dedup Fixup: 3.1 ms, GC Workers: 10]
      [Queue Fixup (ms): Min: 0.0, Avg: 0.0, Max: 0.0, Diff: 0.0, Sum: 0.0]
      [Table Fixup (ms): Min: 2.4, Avg: 2.5, Max: 2.8, Diff: 0.4, Sum: 25.4]
   [Clear CT: 0.9 ms]
   [Other: 3.3 ms]
      [Choose CSet: 0.0 ms]
      [Ref Proc: 1.0 ms]
      [Ref Enq: 0.0 ms]
      [Redirty Cards: 0.9 ms]
      [Humongous Register: 0.0 ms]
      [Humongous Reclaim: 0.0 ms]
      [Free CSet: 0.6 ms]
   [Eden: 727.0M(727.0M)->0.0B(732.0M) Survivors: 12288.0K->7168.0K Heap: 1019.6M(1232.0M)->289.6M(1232.0M)]
 [Times: user=0.11 sys=0.00, real=0.02 secs] 
2021-02-01T15:15:32.330+0530: 31558.615: [GC pause (G1 Evacuation Pause) (young), 0.0161994 secs]
   [Parallel Time: 7.0 ms, GC Workers: 10]
      [GC Worker Start (ms): Min: 31558615.4, Avg: 31558615.5, Max: 31558615.6, Diff: 0.3]
      [Ext Root Scanning (ms): Min: 0.3, Avg: 1.0, Max: 2.0, Diff: 1.7, Sum: 9.8]
      [Update RS (ms): Min: 0.0, Avg: 2.1, Max: 3.1, Diff: 3.1, Sum: 21.3]
         [Processed Buffers: Min: 0, Avg: 5.0, Max: 11, Diff: 11, Sum: 50]
      [Scan RS (ms): Min: 0.0, Avg: 0.2, Max: 0.6, Diff: 0.6, Sum: 2.1]
      [Code Root Scanning (ms): Min: 0.0, Avg: 0.2, Max: 0.7, Diff: 0.7, Sum: 1.8]
      [Object Copy (ms): Min: 2.0, Avg: 2.9, Max: 6.1, Diff: 4.0, Sum: 29.1]
      [Termination (ms): Min: 0.0, Avg: 0.0, Max: 0.0, Diff: 0.0, Sum: 0.0]
         [Termination Attempts: Min: 1, Avg: 1.0, Max: 1, Diff: 0, Sum: 10]
      [GC Worker Other (ms): Min: 0.0, Avg: 0.1, Max: 0.3, Diff: 0.3, Sum: 1.3]
      [GC Worker Total (ms): Min: 6.4, Avg: 6.5, Max: 6.8, Diff: 0.5, Sum: 65.3]
      [GC Worker End (ms): Min: 31558621.9, Avg: 31558622.1, Max: 31558622.2, Diff: 0.3]
   [Code Root Fixup: 0.0 ms]
   [Code Root Purge: 0.0 ms]
   [String Dedup Fixup: 2.7 ms, GC Workers: 10]
      [Queue Fixup (ms): Min: 0.0, Avg: 0.0, Max: 0.0, Diff: 0.0, Sum: 0.0]
      [Table Fixup (ms): Min: 1.9, Avg: 2.1, Max: 2.3, Diff: 0.4, Sum: 20.8]
   [Clear CT: 1.0 ms]
   [Other: 5.5 ms]
      [Choose CSet: 0.0 ms]
      [Ref Proc: 4.2 ms]
      [Ref Enq: 0.0 ms]
      [Redirty Cards: 0.7 ms]
      [Humongous Register: 0.0 ms]
      [Humongous Reclaim: 0.0 ms]
      [Free CSet: 0.3 ms]
   [Eden: 732.0M(732.0M)->0.0B(727.0M) Survivors: 7168.0K->12288.0K Heap: 1021.6M(1232.0M)->296.2M(1232.0M)]
 [Times: user=0.09 sys=0.05, real=0.02 secs] 
2021-02-01T15:15:32.354+0530: 31558.632: [GC concurrent-string-deduplication, 22384.0B->13696.0B(8688.0B), avg 73.7%, 0.0002272 secs]
   [Last Exec: 0.0002272 secs, Idle: 36.7624913 secs, Blocked: 1/0.0003736 secs]
      [Inspected:             303]
         [Skipped:              0(  0.0%)]
         [Hashed:              72( 23.8%)]
         [Known:               38( 12.5%)]
         [New:                265( 87.5%)  22384.0B]
      [Deduplicated:          125( 47.2%)   8688.0B( 38.8%)]
         [Young:              125(100.0%)   8688.0B(100.0%)]
         [Old:                  0(  0.0%)      0.0B(  0.0%)]
   [Total Exec: 96/0.5800618 secs, Idle: 96/31557.6977274 secs, Blocked: 119/0.0696898 secs]
      [Inspected:         1827673]
         [Skipped:              0(  0.0%)]
         [Hashed:          914662( 50.0%)]
         [Known:            92138(  5.0%)]
         [New:            1735535( 95.0%)    120.3M]
      [Deduplicated:      1414892( 81.5%)  90855.3K( 73.7%)]
         [Young:           901066( 63.7%)  63402.3K( 69.8%)]
         [Old:             513826( 36.3%)  27453.1K( 30.2%)]
   [Table]
      [Memory Usage: 8457.5K]
      [Size: 262144, Min: 1024, Max: 16777216]
      [Entries: 272989, Load: 104.1%, Cached: 482, Added: 403270, Removed: 130281]
      [Resize Count: 8, Shrink Threshold: 174762(66.7%), Grow Threshold: 524288(200.0%)]
      [Rehash Count: 0, Rehash Threshold: 120, Hash Seed: 0x0]
      [Age Threshold: 3]
   [Queue]
      [Dropped: 0]
[GC concurrent-string-deduplication, deleted 0 entries, 0.0000007 secs]
2021-02-01T15:15:33.034+0530: 31559.314: [GC pause (G1 Evacuation Pause) (young), 0.0117960 secs]
   [Parallel Time: 7.0 ms, GC Workers: 10]
      [GC Worker Start (ms): Min: 31559313.8, Avg: 31559314.0, Max: 31559314.1, Diff: 0.3]
      [Ext Root Scanning (ms): Min: 0.4, Avg: 0.8, Max: 1.4, Diff: 1.0, Sum: 8.1]
      [Update RS (ms): Min: 0.0, Avg: 0.3, Max: 0.7, Diff: 0.7, Sum: 2.8]
         [Processed Buffers: Min: 0, Avg: 2.0, Max: 12, Diff: 12, Sum: 20]
      [Scan RS (ms): Min: 0.0, Avg: 0.1, Max: 0.1, Diff: 0.1, Sum: 0.7]
      [Code Root Scanning (ms): Min: 0.0, Avg: 0.1, Max: 0.2, Diff: 0.2, Sum: 0.5]
      [Object Copy (ms): Min: 4.5, Avg: 5.2, Max: 6.1, Diff: 1.6, Sum: 52.3]
      [Termination (ms): Min: 0.0, Avg: 0.0, Max: 0.0, Diff: 0.0, Sum: 0.0]
         [Termination Attempts: Min: 1, Avg: 1.0, Max: 1, Diff: 0, Sum: 10]
      [GC Worker Other (ms): Min: 0.0, Avg: 0.1, Max: 0.2, Diff: 0.1, Sum: 0.9]
      [GC Worker Total (ms): Min: 6.4, Avg: 6.5, Max: 6.7, Diff: 0.3, Sum: 65.3]
      [GC Worker End (ms): Min: 31559320.5, Avg: 31559320.6, Max: 31559320.6, Diff: 0.1]
   [Code Root Fixup: 0.1 ms]
   [Code Root Purge: 0.0 ms]
   [String Dedup Fixup: 2.9 ms, GC Workers: 10]
      [Queue Fixup (ms): Min: 0.0, Avg: 0.0, Max: 0.0, Diff: 0.0, Sum: 0.0]
      [Table Fixup (ms): Min: 2.3, Avg: 2.4, Max: 2.5, Diff: 0.2, Sum: 24.1]
   [Clear CT: 0.6 ms]
   [Other: 1.3 ms]
      [Choose CSet: 0.0 ms]
      [Ref Proc: 0.2 ms]
      [Ref Enq: 0.0 ms]
      [Redirty Cards: 0.6 ms]
      [Humongous Register: 0.0 ms]
      [Humongous Reclaim: 0.0 ms]
      [Free CSet: 0.3 ms]
   [Eden: 727.0M(727.0M)->0.0B(730.0M) Survivors: 12288.0K->9216.0K Heap: 1023.2M(1232.0M)->293.2M(1232.0M)]
 [Times: user=0.16 sys=0.00, real=0.01 secs] 
2021-02-01T15:15:33.674+0530: 31559.955: [GC pause (G1 Evacuation Pause) (young), 0.0099373 secs]
   [Parallel Time: 4.7 ms, GC Workers: 10]
      [GC Worker Start (ms): Min: 31559954.9, Avg: 31559955.0, Max: 31559955.2, Diff: 0.3]
      [Ext Root Scanning (ms): Min: 0.6, Avg: 0.8, Max: 1.7, Diff: 1.1, Sum: 8.4]
      [Update RS (ms): Min: 0.0, Avg: 0.4, Max: 1.1, Diff: 1.1, Sum: 4.5]
         [Processed Buffers: Min: 0, Avg: 1.0, Max: 4, Diff: 4, Sum: 10]
      [Scan RS (ms): Min: 0.0, Avg: 0.1, Max: 0.2, Diff: 0.2, Sum: 0.8]
      [Code Root Scanning (ms): Min: 0.0, Avg: 0.1, Max: 0.5, Diff: 0.5, Sum: 0.9]
      [Object Copy (ms): Min: 2.0, Avg: 2.4, Max: 2.8, Diff: 0.8, Sum: 24.2]
      [Termination (ms): Min: 0.0, Avg: 0.0, Max: 0.0, Diff: 0.0, Sum: 0.0]
         [Termination Attempts: Min: 1, Avg: 1.0, Max: 1, Diff: 0, Sum: 10]
      [GC Worker Other (ms): Min: 0.0, Avg: 0.2, Max: 0.3, Diff: 0.3, Sum: 1.5]
      [GC Worker Total (ms): Min: 3.8, Avg: 4.0, Max: 4.3, Diff: 0.5, Sum: 40.3]
      [GC Worker End (ms): Min: 31559958.9, Avg: 31559959.1, Max: 31559959.2, Diff: 0.3]
   [Code Root Fixup: 0.0 ms]
   [Code Root Purge: 0.0 ms]
   [String Dedup Fixup: 2.8 ms, GC Workers: 10]
      [Queue Fixup (ms): Min: 0.0, Avg: 0.0, Max: 0.0, Diff: 0.0, Sum: 0.0]
      [Table Fixup (ms): Min: 2.0, Avg: 2.1, Max: 2.2, Diff: 0.2, Sum: 20.8]
   [Clear CT: 0.7 ms]
   [Other: 1.8 ms]
      [Choose CSet: 0.0 ms]
      [Ref Proc: 0.7 ms]
      [Ref Enq: 0.0 ms]
      [Redirty Cards: 0.7 ms]
      [Humongous Register: 0.0 ms]
      [Humongous Reclaim: 0.0 ms]
      [Free CSet: 0.3 ms]
   [Eden: 730.0M(730.0M)->0.0B(729.0M) Survivors: 9216.0K->10240.0K Heap: 1023.2M(1232.0M)->294.8M(1232.0M)]
 [Times: user=0.00 sys=0.00, real=0.01 secs] 
2021-02-01T15:15:33.682+0530: 31559.965: [GC concurrent-string-deduplication, 108.8K->53128.0B(58320.0B), avg 73.7%, 0.0003290 secs]
   [Last Exec: 0.0003290 secs, Idle: 1.3325930 secs, Blocked: 0/0.0000000 secs]
      [Inspected:             753]
         [Skipped:              0(  0.0%)]
         [Hashed:             382( 50.7%)]
         [Known:               21(  2.8%)]
         [New:                732( 97.2%)    108.8K]
      [Deduplicated:          489( 66.8%)  58320.0B( 52.3%)]
         [Young:              489(100.0%)  58320.0B(100.0%)]
         [Old:                  0(  0.0%)      0.0B(  0.0%)]
   [Total Exec: 97/0.5803908 secs, Idle: 97/31559.0303204 secs, Blocked: 119/0.0696898 secs]
      [Inspected:         1828426]
         [Skipped:              0(  0.0%)]
         [Hashed:          915044( 50.0%)]
         [Known:            92159(  5.0%)]
         [New:            1736267( 95.0%)    120.4M]
      [Deduplicated:      1415381( 81.5%)  90912.3K( 73.7%)]
         [Young:           901555( 63.7%)  63459.2K( 69.8%)]
         [Old:             513826( 36.3%)  27453.1K( 30.2%)]
   [Table]
      [Memory Usage: 8457.5K]
      [Size: 262144, Min: 1024, Max: 16777216]
      [Entries: 273120, Load: 104.2%, Cached: 351, Added: 403514, Removed: 130394]
      [Resize Count: 8, Shrink Threshold: 174762(66.7%), Grow Threshold: 524288(200.0%)]
      [Rehash Count: 0, Rehash Threshold: 120, Hash Seed: 0x0]
      [Age Threshold: 3]
   [Queue]
      [Dropped: 0]
[GC concurrent-string-deduplication, deleted 0 entries, 0.0000005 secs]
2021-02-01T15:15:34.458+0530: 31560.740: [GC pause (G1 Evacuation Pause) (young), 0.0095145 secs]
   [Parallel Time: 4.0 ms, GC Workers: 10]
      [GC Worker Start (ms): Min: 31560740.5, Avg: 31560740.7, Max: 31560740.8, Diff: 0.3]
      [Ext Root Scanning (ms): Min: 0.6, Avg: 0.9, Max: 1.6, Diff: 0.9, Sum: 8.9]
      [Update RS (ms): Min: 0.0, Avg: 0.6, Max: 0.8, Diff: 0.8, Sum: 5.8]
         [Processed Buffers: Min: 1, Avg: 2.5, Max: 5, Diff: 4, Sum: 25]
      [Scan RS (ms): Min: 0.0, Avg: 0.1, Max: 0.2, Diff: 0.1, Sum: 0.6]
      [Code Root Scanning (ms): Min: 0.0, Avg: 0.1, Max: 0.3, Diff: 0.3, Sum: 0.6]
      [Object Copy (ms): Min: 1.5, Avg: 1.7, Max: 1.8, Diff: 0.3, Sum: 17.1]
      [Termination (ms): Min: 0.0, Avg: 0.1, Max: 0.1, Diff: 0.1, Sum: 1.1]
         [Termination Attempts: Min: 1, Avg: 1.0, Max: 1, Diff: 0, Sum: 10]
      [GC Worker Other (ms): Min: 0.0, Avg: 0.1, Max: 0.2, Diff: 0.2, Sum: 0.8]
      [GC Worker Total (ms): Min: 3.3, Avg: 3.5, Max: 3.8, Diff: 0.4, Sum: 34.8]
      [GC Worker End (ms): Min: 31560744.1, Avg: 31560744.2, Max: 31560744.3, Diff: 0.2]
   [Code Root Fixup: 0.0 ms]
   [Code Root Purge: 0.0 ms]
   [String Dedup Fixup: 2.7 ms, GC Workers: 10]
      [Queue Fixup (ms): Min: 0.0, Avg: 0.0, Max: 0.0, Diff: 0.0, Sum: 0.0]
      [Table Fixup (ms): Min: 1.9, Avg: 2.1, Max: 2.2, Diff: 0.3, Sum: 20.6]
   [Clear CT: 0.6 ms]
   [Other: 2.1 ms]
      [Choose CSet: 0.0 ms]
      [Ref Proc: 0.7 ms]
      [Ref Enq: 0.0 ms]
      [Redirty Cards: 0.9 ms]
      [Humongous Register: 0.0 ms]
      [Humongous Reclaim: 0.0 ms]
      [Free CSet: 0.3 ms]
   [Eden: 729.0M(729.0M)->0.0B(732.0M) Survivors: 10240.0K->7168.0K Heap: 1023.8M(1232.0M)->291.8M(1232.0M)]
 [Times: user=0.14 sys=0.00, real=0.01 secs] 
2021-02-01T15:15:34.466+0530: 31560.750: [GC concurrent-string-deduplication, 6616.0B->6616.0B(0.0B), avg 73.7%, 0.0000252 secs]
   [Last Exec: 0.0000252 secs, Idle: 0.7848741 secs, Blocked: 0/0.0000000 secs]
      [Inspected:              73]
         [Skipped:              0(  0.0%)]
         [Hashed:               0(  0.0%)]
         [Known:                1(  1.4%)]
         [New:                 72( 98.6%)   6616.0B]
      [Deduplicated:            0(  0.0%)      0.0B(  0.0%)]
         [Young:                0(  0.0%)      0.0B(  0.0%)]
         [Old:                  0(  0.0%)      0.0B(  0.0%)]
   [Total Exec: 98/0.5804160 secs, Idle: 98/31559.8151945 secs, Blocked: 119/0.0696898 secs]
      [Inspected:         1828499]
         [Skipped:              0(  0.0%)]
         [Hashed:          915044( 50.0%)]
         [Known:            92160(  5.0%)]
         [New:            1736339( 95.0%)    120.4M]
      [Deduplicated:      1415381( 81.5%)  90912.3K( 73.7%)]
         [Young:           901555( 63.7%)  63459.2K( 69.8%)]
         [Old:             513826( 36.3%)  27453.1K( 30.2%)]
   [Table]
      [Memory Usage: 8457.5K]
      [Size: 262144, Min: 1024, Max: 16777216]
      [Entries: 273192, Load: 104.2%, Cached: 279, Added: 403586, Removed: 130394]
      [Resize Count: 8, Shrink Threshold: 174762(66.7%), Grow Threshold: 524288(200.0%)]
      [Rehash Count: 0, Rehash Threshold: 120, Hash Seed: 0x0]
      [Age Threshold: 3]
   [Queue]
      [Dropped: 0]
[GC concurrent-string-deduplication, deleted 0 entries, 0.0000007 secs]
2021-02-01T15:15:35.234+0530: 31561.517: [GC pause (G1 Evacuation Pause) (young), 0.0104240 secs]
   [Parallel Time: 5.0 ms, GC Workers: 10]
      [GC Worker Start (ms): Min: 31561517.4, Avg: 31561517.6, Max: 31561517.7, Diff: 0.2]
      [Ext Root Scanning (ms): Min: 1.1, Avg: 1.6, Max: 4.0, Diff: 3.0, Sum: 16.0]
      [Update RS (ms): Min: 0.0, Avg: 0.9, Max: 1.5, Diff: 1.5, Sum: 9.2]
         [Processed Buffers: Min: 0, Avg: 1.8, Max: 7, Diff: 7, Sum: 18]
      [Scan RS (ms): Min: 0.0, Avg: 0.1, Max: 0.4, Diff: 0.4, Sum: 1.4]
      [Code Root Scanning (ms): Min: 0.0, Avg: 0.1, Max: 0.4, Diff: 0.4, Sum: 0.8]
      [Object Copy (ms): Min: 0.5, Avg: 1.7, Max: 2.0, Diff: 1.5, Sum: 17.1]
      [Termination (ms): Min: 0.0, Avg: 0.0, Max: 0.0, Diff: 0.0, Sum: 0.0]
         [Termination Attempts: Min: 1, Avg: 1.0, Max: 1, Diff: 0, Sum: 10]
      [GC Worker Other (ms): Min: 0.0, Avg: 0.1, Max: 0.2, Diff: 0.2, Sum: 1.0]
      [GC Worker Total (ms): Min: 4.5, Avg: 4.5, Max: 4.6, Diff: 0.2, Sum: 45.5]
      [GC Worker End (ms): Min: 31561522.0, Avg: 31561522.1, Max: 31561522.3, Diff: 0.2]
   [Code Root Fixup: 0.0 ms]
   [Code Root Purge: 0.0 ms]
   [String Dedup Fixup: 2.9 ms, GC Workers: 10]
      [Queue Fixup (ms): Min: 0.0, Avg: 0.0, Max: 0.0, Diff: 0.0, Sum: 0.0]
      [Table Fixup (ms): Min: 2.3, Avg: 2.4, Max: 2.5, Diff: 0.2, Sum: 24.1]
   [Clear CT: 0.6 ms]
   [Other: 1.8 ms]
      [Choose CSet: 0.0 ms]
      [Ref Proc: 0.5 ms]
      [Ref Enq: 0.0 ms]
      [Redirty Cards: 0.8 ms]
      [Humongous Register: 0.1 ms]
      [Humongous Reclaim: 0.0 ms]
      [Free CSet: 0.3 ms]
   [Eden: 732.0M(732.0M)->0.0B(731.0M) Survivors: 7168.0K->8192.0K Heap: 1023.8M(1232.0M)->292.3M(1232.0M)]
 [Times: user=0.00 sys=0.00, real=0.01 secs] 
2021-02-01T15:15:35.242+0530: 31561.528: [GC concurrent-string-deduplication, 5712.0B->5712.0B(0.0B), avg 73.7%, 0.0000233 secs]
   [Last Exec: 0.0000233 secs, Idle: 0.7775818 secs, Blocked: 0/0.0000000 secs]
      [Inspected:              62]
         [Skipped:              0(  0.0%)]
         [Hashed:               0(  0.0%)]
         [Known:                0(  0.0%)]
         [New:                 62(100.0%)   5712.0B]
      [Deduplicated:            0(  0.0%)      0.0B(  0.0%)]
         [Young:                0(  0.0%)      0.0B(  0.0%)]
         [Old:                  0(  0.0%)      0.0B(  0.0%)]
   [Total Exec: 99/0.5804393 secs, Idle: 99/31560.5927763 secs, Blocked: 119/0.0696898 secs]
      [Inspected:         1828561]
         [Skipped:              0(  0.0%)]
         [Hashed:          915044( 50.0%)]
         [Known:            92160(  5.0%)]
         [New:            1736401( 95.0%)    120.4M]
      [Deduplicated:      1415381( 81.5%)  90912.3K( 73.7%)]
         [Young:           901555( 63.7%)  63459.2K( 69.8%)]
         [Old:             513826( 36.3%)  27453.1K( 30.2%)]
   [Table]
      [Memory Usage: 8457.5K]
      [Size: 262144, Min: 1024, Max: 16777216]
      [Entries: 273259, Load: 104.2%, Cached: 212, Added: 403653, Removed: 130394]
      [Resize Count: 8, Shrink Threshold: 174762(66.7%), Grow Threshold: 524288(200.0%)]
      [Rehash Count: 0, Rehash Threshold: 120, Hash Seed: 0x0]
      [Age Threshold: 3]
   [Queue]
      [Dropped: 0]
[GC concurrent-string-deduplication, deleted 0 entries, 0.0000007 secs]
2021-02-01T15:15:36.042+0530: 31562.328: [GC pause (G1 Evacuation Pause) (young), 0.0090284 secs]
   [Parallel Time: 4.0 ms, GC Workers: 10]
      [GC Worker Start (ms): Min: 31562327.6, Avg: 31562327.8, Max: 31562327.9, Diff: 0.3]
      [Ext Root Scanning (ms): Min: 0.7, Avg: 1.0, Max: 1.8, Diff: 1.1, Sum: 10.3]
      [Update RS (ms): Min: 0.0, Avg: 0.4, Max: 0.7, Diff: 0.7, Sum: 3.5]
         [Processed Buffers: Min: 0, Avg: 1.7, Max: 10, Diff: 10, Sum: 17]
      [Scan RS (ms): Min: 0.0, Avg: 0.1, Max: 0.2, Diff: 0.2, Sum: 0.6]
      [Code Root Scanning (ms): Min: 0.0, Avg: 0.1, Max: 0.4, Diff: 0.4, Sum: 0.7]
      [Object Copy (ms): Min: 1.8, Avg: 1.9, Max: 2.1, Diff: 0.3, Sum: 19.2]
      [Termination (ms): Min: 0.0, Avg: 0.0, Max: 0.0, Diff: 0.0, Sum: 0.0]
         [Termination Attempts: Min: 1, Avg: 1.0, Max: 1, Diff: 0, Sum: 10]
      [GC Worker Other (ms): Min: 0.0, Avg: 0.1, Max: 0.2, Diff: 0.2, Sum: 1.2]
      [GC Worker Total (ms): Min: 3.4, Avg: 3.6, Max: 3.8, Diff: 0.4, Sum: 35.6]
      [GC Worker End (ms): Min: 31562331.3, Avg: 31562331.4, Max: 31562331.5, Diff: 0.2]
   [Code Root Fixup: 0.0 ms]
   [Code Root Purge: 0.0 ms]
   [String Dedup Fixup: 2.5 ms, GC Workers: 10]
      [Queue Fixup (ms): Min: 0.0, Avg: 0.0, Max: 0.0, Diff: 0.0, Sum: 0.0]
      [Table Fixup (ms): Min: 1.9, Avg: 2.1, Max: 2.2, Diff: 0.3, Sum: 20.5]
   [Clear CT: 0.6 ms]
   [Other: 1.9 ms]
      [Choose CSet: 0.0 ms]
      [Ref Proc: 0.5 ms]
      [Ref Enq: 0.0 ms]
      [Redirty Cards: 0.7 ms]
      [Humongous Register: 0.0 ms]
      [Humongous Reclaim: 0.0 ms]
      [Free CSet: 0.5 ms]
   [Eden: 731.0M(731.0M)->0.0B(730.0M) Survivors: 8192.0K->9216.0K Heap: 1023.3M(1232.0M)->293.9M(1232.0M)]
 [Times: user=0.00 sys=0.00, real=0.02 secs] 
2021-02-01T15:15:36.058+0530: 31562.337: [GC concurrent-string-deduplication, 11528.0B->11528.0B(0.0B), avg 73.7%, 0.0000495 secs]
   [Last Exec: 0.0000495 secs, Idle: 0.8088370 secs, Blocked: 0/0.0000000 secs]
      [Inspected:             125]
         [Skipped:              0(  0.0%)]
         [Hashed:               0(  0.0%)]
         [Known:                0(  0.0%)]
         [New:                125(100.0%)  11528.0B]
      [Deduplicated:            0(  0.0%)      0.0B(  0.0%)]
         [Young:                0(  0.0%)      0.0B(  0.0%)]
         [Old:                  0(  0.0%)      0.0B(  0.0%)]
   [Total Exec: 100/0.5804888 secs, Idle: 100/31561.4016133 secs, Blocked: 119/0.0696898 secs]
      [Inspected:         1828686]
         [Skipped:              0(  0.0%)]
         [Hashed:          915044( 50.0%)]
         [Known:            92160(  5.0%)]
         [New:            1736526( 95.0%)    120.4M]
      [Deduplicated:      1415381( 81.5%)  90912.3K( 73.7%)]
         [Young:           901555( 63.7%)  63459.2K( 69.8%)]
         [Old:             513826( 36.3%)  27453.1K( 30.2%)]
   [Table]
      [Memory Usage: 8457.5K]
      [Size: 262144, Min: 1024, Max: 16777216]
      [Entries: 273384, Load: 104.3%, Cached: 87, Added: 403778, Removed: 130394]
      [Resize Count: 8, Shrink Threshold: 174762(66.7%), Grow Threshold: 524288(200.0%)]
      [Rehash Count: 0, Rehash Threshold: 120, Hash Seed: 0x0]
      [Age Threshold: 3]
   [Queue]
      [Dropped: 0]
[GC concurrent-string-deduplication, deleted 0 entries, 0.0000007 secs]
2021-02-01T15:15:37.002+0530: 31563.286: [GC pause (G1 Evacuation Pause) (young), 0.0215343 secs]
   [Parallel Time: 14.4 ms, GC Workers: 10]
      [GC Worker Start (ms): Min: 31563286.3, Avg: 31563286.5, Max: 31563286.6, Diff: 0.3]
      [Ext Root Scanning (ms): Min: 1.0, Avg: 1.7, Max: 5.9, Diff: 4.9, Sum: 17.1]
      [Update RS (ms): Min: 0.0, Avg: 0.9, Max: 1.8, Diff: 1.8, Sum: 9.2]
         [Processed Buffers: Min: 0, Avg: 1.9, Max: 9, Diff: 9, Sum: 19]
      [Scan RS (ms): Min: 0.1, Avg: 0.2, Max: 0.4, Diff: 0.3, Sum: 1.6]
      [Code Root Scanning (ms): Min: 0.0, Avg: 0.1, Max: 0.6, Diff: 0.6, Sum: 1.2]
      [Object Copy (ms): Min: 7.9, Avg: 11.0, Max: 11.8, Diff: 3.9, Sum: 109.8]
      [Termination (ms): Min: 0.0, Avg: 0.0, Max: 0.0, Diff: 0.0, Sum: 0.0]
         [Termination Attempts: Min: 1, Avg: 1.0, Max: 1, Diff: 0, Sum: 10]
      [GC Worker Other (ms): Min: 0.0, Avg: 0.1, Max: 0.2, Diff: 0.2, Sum: 1.0]
      [GC Worker Total (ms): Min: 13.8, Avg: 14.0, Max: 14.1, Diff: 0.3, Sum: 139.9]
      [GC Worker End (ms): Min: 31563300.4, Avg: 31563300.4, Max: 31563300.6, Diff: 0.2]
   [Code Root Fixup: 0.0 ms]
   [Code Root Purge: 0.0 ms]
   [String Dedup Fixup: 3.4 ms, GC Workers: 10]
      [Queue Fixup (ms): Min: 0.0, Avg: 0.0, Max: 0.0, Diff: 0.0, Sum: 0.0]
      [Table Fixup (ms): Min: 2.5, Avg: 2.7, Max: 2.8, Diff: 0.3, Sum: 26.6]
   [Clear CT: 0.8 ms]
   [Other: 3.0 ms]
      [Choose CSet: 0.0 ms]
      [Ref Proc: 1.6 ms]
      [Ref Enq: 0.0 ms]
      [Redirty Cards: 0.8 ms]
      [Humongous Register: 0.0 ms]
      [Humongous Reclaim: 0.0 ms]
      [Free CSet: 0.4 ms]
   [Eden: 730.0M(730.0M)->0.0B(730.0M) Survivors: 9216.0K->9216.0K Heap: 1023.9M(1232.0M)->294.5M(1232.0M)]
 [Times: user=0.14 sys=0.00, real=0.02 secs] 
2021-02-01T15:15:37.026+0530: 31563.308: [GC concurrent-string-deduplication, 16608.0B->16608.0B(0.0B), avg 73.7%, 0.0000664 secs]
   [Last Exec: 0.0000664 secs, Idle: 0.9711474 secs, Blocked: 0/0.0000000 secs]
      [Inspected:             185]
         [Skipped:              0(  0.0%)]
         [Hashed:               0(  0.0%)]
         [Known:                5(  2.7%)]
         [New:                180( 97.3%)  16608.0B]
      [Deduplicated:            0(  0.0%)      0.0B(  0.0%)]
         [Young:                0(  0.0%)      0.0B(  0.0%)]
         [Old:                  0(  0.0%)      0.0B(  0.0%)]
   [Total Exec: 101/0.5805552 secs, Idle: 101/31562.3727607 secs, Blocked: 119/0.0696898 secs]
      [Inspected:         1828871]
         [Skipped:              0(  0.0%)]
         [Hashed:          915044( 50.0%)]
         [Known:            92165(  5.0%)]
         [New:            1736706( 95.0%)    120.5M]
      [Deduplicated:      1415381( 81.5%)  90912.3K( 73.7%)]
         [Young:           901555( 63.7%)  63459.2K( 69.8%)]
         [Old:             513826( 36.3%)  27453.1K( 30.2%)]
   [Table]
      [Memory Usage: 8457.5K]
      [Size: 262144, Min: 1024, Max: 16777216]
      [Entries: 273442, Load: 104.3%, Cached: 29, Added: 403988, Removed: 130546]
      [Resize Count: 8, Shrink Threshold: 174762(66.7%), Grow Threshold: 524288(200.0%)]
      [Rehash Count: 0, Rehash Threshold: 120, Hash Seed: 0x0]
      [Age Threshold: 3]
   [Queue]
      [Dropped: 0]
[GC concurrent-string-deduplication, deleted 0 entries, 0.0000009 secs]
2021-02-01T15:16:12.966+0530: 31599.249: [GC pause (G1 Evacuation Pause) (young), 0.0214286 secs]
   [Parallel Time: 5.4 ms, GC Workers: 10]
      [GC Worker Start (ms): Min: 31599249.3, Avg: 31599249.4, Max: 31599249.5, Diff: 0.3]
      [Ext Root Scanning (ms): Min: 0.2, Avg: 0.7, Max: 1.3, Diff: 1.0, Sum: 7.3]
      [Update RS (ms): Min: 0.0, Avg: 0.7, Max: 1.4, Diff: 1.4, Sum: 7.4]
         [Processed Buffers: Min: 0, Avg: 3.6, Max: 11, Diff: 11, Sum: 36]
      [Scan RS (ms): Min: 0.0, Avg: 0.1, Max: 0.1, Diff: 0.1, Sum: 0.5]
      [Code Root Scanning (ms): Min: 0.0, Avg: 0.0, Max: 0.2, Diff: 0.2, Sum: 0.3]
      [Object Copy (ms): Min: 1.0, Avg: 2.2, Max: 4.0, Diff: 3.0, Sum: 22.0]
      [Termination (ms): Min: 0.0, Avg: 0.9, Max: 1.4, Diff: 1.4, Sum: 8.7]
         [Termination Attempts: Min: 1, Avg: 6.5, Max: 14, Diff: 13, Sum: 65]
      [GC Worker Other (ms): Min: 0.0, Avg: 0.1, Max: 0.3, Diff: 0.3, Sum: 1.4]
      [GC Worker Total (ms): Min: 4.5, Avg: 4.8, Max: 5.0, Diff: 0.5, Sum: 47.6]
      [GC Worker End (ms): Min: 31599254.1, Avg: 31599254.2, Max: 31599254.3, Diff: 0.3]
   [Code Root Fixup: 0.0 ms]
   [Code Root Purge: 0.0 ms]
   [String Dedup Fixup: 2.7 ms, GC Workers: 10]
      [Queue Fixup (ms): Min: 0.0, Avg: 0.0, Max: 0.0, Diff: 0.0, Sum: 0.0]
      [Table Fixup (ms): Min: 2.1, Avg: 2.2, Max: 2.4, Diff: 0.3, Sum: 22.2]
   [Clear CT: 1.0 ms]
   [Other: 12.3 ms]
      [Choose CSet: 0.0 ms]
      [Ref Proc: 10.5 ms]
      [Ref Enq: 0.0 ms]
      [Redirty Cards: 0.8 ms]
      [Humongous Register: 0.0 ms]
      [Humongous Reclaim: 0.0 ms]
      [Free CSet: 0.3 ms]
   [Eden: 730.0M(730.0M)->0.0B(729.0M) Survivors: 9216.0K->10240.0K Heap: 1024.5M(1232.0M)->296.3M(1232.0M)]
 [Times: user=0.01 sys=0.00, real=0.02 secs] 
2021-02-01T15:16:12.990+0530: 31599.271: [GC concurrent-string-deduplication, 13528.0B->13528.0B(0.0B), avg 73.7%, 0.0000971 secs]
   [Last Exec: 0.0000971 secs, Idle: 35.9625860 secs, Blocked: 0/0.0000000 secs]
      [Inspected:             146]
         [Skipped:              0(  0.0%)]
         [Hashed:               0(  0.0%)]
         [Known:                0(  0.0%)]
         [New:                146(100.0%)  13528.0B]
      [Deduplicated:            0(  0.0%)      0.0B(  0.0%)]
         [Young:                0(  0.0%)      0.0B(  0.0%)]
         [Old:                  0(  0.0%)      0.0B(  0.0%)]
   [Total Exec: 102/0.5806523 secs, Idle: 102/31598.3353467 secs, Blocked: 119/0.0696898 secs]
      [Inspected:         1829017]
         [Skipped:              0(  0.0%)]
         [Hashed:          915044( 50.0%)]
         [Known:            92165(  5.0%)]
         [New:            1736852( 95.0%)    120.5M]
      [Deduplicated:      1415381( 81.5%)  90912.3K( 73.7%)]
         [Young:           901555( 63.7%)  63459.2K( 69.8%)]
         [Old:             513826( 36.3%)  27453.1K( 30.2%)]
   [Table]
      [Memory Usage: 8460.8K]
      [Size: 262144, Min: 1024, Max: 16777216]
      [Entries: 273612, Load: 104.4%, Cached: 0, Added: 404172, Removed: 130560]
      [Resize Count: 8, Shrink Threshold: 174762(66.7%), Grow Threshold: 524288(200.0%)]
      [Rehash Count: 0, Rehash Threshold: 120, Hash Seed: 0x0]
      [Age Threshold: 3]
   [Queue]
      [Dropped: 0]
[GC concurrent-string-deduplication, deleted 0 entries, 0.0000006 secs]
2021-02-01T15:16:55.951+0530: 31642.235: [GC pause (G1 Evacuation Pause) (young), 0.0119311 secs]
   [Parallel Time: 3.2 ms, GC Workers: 10]
      [GC Worker Start (ms): Min: 31642235.1, Avg: 31642235.3, Max: 31642235.4, Diff: 0.3]
      [Ext Root Scanning (ms): Min: 0.6, Avg: 0.9, Max: 1.6, Diff: 1.0, Sum: 8.6]
      [Update RS (ms): Min: 0.1, Avg: 0.7, Max: 1.0, Diff: 0.9, Sum: 6.5]
         [Processed Buffers: Min: 2, Avg: 4.3, Max: 9, Diff: 7, Sum: 43]
      [Scan RS (ms): Min: 0.0, Avg: 0.1, Max: 0.1, Diff: 0.1, Sum: 0.7]
      [Code Root Scanning (ms): Min: 0.0, Avg: 0.0, Max: 0.2, Diff: 0.2, Sum: 0.5]
      [Object Copy (ms): Min: 0.6, Avg: 0.7, Max: 0.9, Diff: 0.3, Sum: 7.5]
      [Termination (ms): Min: 0.0, Avg: 0.0, Max: 0.0, Diff: 0.0, Sum: 0.0]
         [Termination Attempts: Min: 1, Avg: 13.2, Max: 20, Diff: 19, Sum: 132]
      [GC Worker Other (ms): Min: 0.0, Avg: 0.2, Max: 0.3, Diff: 0.3, Sum: 1.6]
      [GC Worker Total (ms): Min: 2.3, Avg: 2.5, Max: 2.7, Diff: 0.4, Sum: 25.4]
      [GC Worker End (ms): Min: 31642237.7, Avg: 31642237.8, Max: 31642238.0, Diff: 0.3]
   [Code Root Fixup: 0.0 ms]
   [Code Root Purge: 0.0 ms]
   [String Dedup Fixup: 3.2 ms, GC Workers: 10]
      [Queue Fixup (ms): Min: 0.0, Avg: 0.0, Max: 0.0, Diff: 0.0, Sum: 0.0]
      [Table Fixup (ms): Min: 2.5, Avg: 2.6, Max: 2.8, Diff: 0.3, Sum: 26.4]
   [Clear CT: 1.2 ms]
   [Other: 4.3 ms]
      [Choose CSet: 0.0 ms]
      [Ref Proc: 2.7 ms]
      [Ref Enq: 0.3 ms]
      [Redirty Cards: 0.8 ms]
      [Humongous Register: 0.0 ms]
      [Humongous Reclaim: 0.0 ms]
      [Free CSet: 0.3 ms]
   [Eden: 729.0M(729.0M)->0.0B(732.0M) Survivors: 10240.0K->7168.0K Heap: 1025.3M(1232.0M)->293.3M(1232.0M)]
 [Times: user=0.00 sys=0.00, real=0.02 secs] 
2021-02-01T15:16:55.967+0530: 31642.247: [GC concurrent-string-deduplication, 112.0B->112.0B(0.0B), avg 73.7%, 0.0000125 secs]
   [Last Exec: 0.0000125 secs, Idle: 42.9762234 secs, Blocked: 0/0.0000000 secs]
      [Inspected:              31]
         [Skipped:              0(  0.0%)]
         [Hashed:               1(  3.2%)]
         [Known:               30( 96.8%)]
         [New:                  1(  3.2%)    112.0B]
      [Deduplicated:            0(  0.0%)      0.0B(  0.0%)]
         [Young:                0(  0.0%)      0.0B(  0.0%)]
         [Old:                  0(  0.0%)      0.0B(  0.0%)]
   [Total Exec: 103/0.5806648 secs, Idle: 103/31641.3115701 secs, Blocked: 119/0.0696898 secs]
      [Inspected:         1829048]
         [Skipped:              0(  0.0%)]
         [Hashed:          915045( 50.0%)]
         [Known:            92195(  5.0%)]
         [New:            1736853( 95.0%)    120.5M]
      [Deduplicated:      1415381( 81.5%)  90912.3K( 73.7%)]
         [Young:           901555( 63.7%)  63459.2K( 69.8%)]
         [Old:             513826( 36.3%)  27453.1K( 30.2%)]
   [Table]
      [Memory Usage: 8461.4K]
      [Size: 262144, Min: 1024, Max: 16777216]
      [Entries: 272974, Load: 104.1%, Cached: 663, Added: 404198, Removed: 131224]
      [Resize Count: 8, Shrink Threshold: 174762(66.7%), Grow Threshold: 524288(200.0%)]
      [Rehash Count: 0, Rehash Threshold: 120, Hash Seed: 0x0]
      [Age Threshold: 3]
   [Queue]
      [Dropped: 0]
[GC concurrent-string-deduplication, deleted 0 entries, 0.0000005 secs]
2021-02-01T15:16:56.631+0530: 31642.913: [GC pause (G1 Evacuation Pause) (young), 0.0087562 secs]
   [Parallel Time: 3.8 ms, GC Workers: 10]
      [GC Worker Start (ms): Min: 31642913.5, Avg: 31642913.7, Max: 31642913.8, Diff: 0.3]
      [Ext Root Scanning (ms): Min: 0.6, Avg: 0.9, Max: 1.6, Diff: 0.9, Sum: 9.0]
      [Update RS (ms): Min: 0.0, Avg: 0.2, Max: 0.3, Diff: 0.3, Sum: 1.7]
         [Processed Buffers: Min: 0, Avg: 1.8, Max: 6, Diff: 6, Sum: 18]
      [Scan RS (ms): Min: 0.0, Avg: 0.1, Max: 0.2, Diff: 0.2, Sum: 0.7]
      [Code Root Scanning (ms): Min: 0.0, Avg: 0.1, Max: 0.4, Diff: 0.4, Sum: 0.6]
      [Object Copy (ms): Min: 1.9, Avg: 2.1, Max: 2.2, Diff: 0.4, Sum: 21.1]
      [Termination (ms): Min: 0.0, Avg: 0.0, Max: 0.0, Diff: 0.0, Sum: 0.0]
         [Termination Attempts: Min: 1, Avg: 1.0, Max: 1, Diff: 0, Sum: 10]
      [GC Worker Other (ms): Min: 0.0, Avg: 0.1, Max: 0.1, Diff: 0.1, Sum: 0.9]
      [GC Worker Total (ms): Min: 3.2, Avg: 3.4, Max: 3.6, Diff: 0.4, Sum: 33.8]
      [GC Worker End (ms): Min: 31642917.0, Avg: 31642917.1, Max: 31642917.1, Diff: 0.1]
   [Code Root Fixup: 0.0 ms]
   [Code Root Purge: 0.0 ms]
   [String Dedup Fixup: 2.5 ms, GC Workers: 10]
      [Queue Fixup (ms): Min: 0.0, Avg: 0.0, Max: 0.0, Diff: 0.0, Sum: 0.0]
      [Table Fixup (ms): Min: 1.9, Avg: 2.0, Max: 2.1, Diff: 0.2, Sum: 20.2]
   [Clear CT: 0.7 ms]
   [Other: 1.6 ms]
      [Choose CSet: 0.0 ms]
      [Ref Proc: 0.3 ms]
      [Ref Enq: 0.0 ms]
      [Redirty Cards: 1.0 ms]
      [Humongous Register: 0.0 ms]
      [Humongous Reclaim: 0.0 ms]
      [Free CSet: 0.3 ms]
   [Eden: 732.0M(732.0M)->0.0B(732.0M) Survivors: 7168.0K->7168.0K Heap: 1025.3M(1232.0M)->293.1M(1232.0M)]
 [Times: user=0.16 sys=0.00, real=0.01 secs] 
2021-02-01T15:16:56.639+0530: 31642.922: [GC concurrent-string-deduplication, 10008.0B->1928.0B(8080.0B), avg 73.7%, 0.0000794 secs]
   [Last Exec: 0.0000794 secs, Idle: 0.6752323 secs, Blocked: 0/0.0000000 secs]
      [Inspected:             179]
         [Skipped:              0(  0.0%)]
         [Hashed:              76( 42.5%)]
         [Known:               38( 21.2%)]
         [New:                141( 78.8%)  10008.0B]
      [Deduplicated:          123( 87.2%)   8080.0B( 80.7%)]
         [Young:              123(100.0%)   8080.0B(100.0%)]
         [Old:                  0(  0.0%)      0.0B(  0.0%)]
   [Total Exec: 104/0.5807442 secs, Idle: 104/31641.9868024 secs, Blocked: 119/0.0696898 secs]
      [Inspected:         1829227]
         [Skipped:              0(  0.0%)]
         [Hashed:          915121( 50.0%)]
         [Known:            92233(  5.0%)]
         [New:            1736994( 95.0%)    120.5M]
      [Deduplicated:      1415504( 81.5%)  90920.2K( 73.7%)]
         [Young:           901678( 63.7%)  63467.1K( 69.8%)]
         [Old:             513826( 36.3%)  27453.1K( 30.2%)]
   [Table]
      [Memory Usage: 8461.4K]
      [Size: 262144, Min: 1024, Max: 16777216]
      [Entries: 272992, Load: 104.1%, Cached: 645, Added: 404216, Removed: 131224]
      [Resize Count: 8, Shrink Threshold: 174762(66.7%), Grow Threshold: 524288(200.0%)]
      [Rehash Count: 0, Rehash Threshold: 120, Hash Seed: 0x0]
      [Age Threshold: 3]
   [Queue]
      [Dropped: 0]
[GC concurrent-string-deduplication, deleted 0 entries, 0.0000005 secs]
2021-02-01T15:16:57.327+0530: 31643.612: [GC pause (G1 Evacuation Pause) (young), 0.0119497 secs]
   [Parallel Time: 5.0 ms, GC Workers: 10]
      [GC Worker Start (ms): Min: 31643612.7, Avg: 31643613.0, Max: 31643613.1, Diff: 0.4]
      [Ext Root Scanning (ms): Min: 0.9, Avg: 1.2, Max: 2.1, Diff: 1.2, Sum: 12.0]
      [Update RS (ms): Min: 0.0, Avg: 0.2, Max: 0.5, Diff: 0.5, Sum: 1.7]
         [Processed Buffers: Min: 0, Avg: 1.4, Max: 6, Diff: 6, Sum: 14]
      [Scan RS (ms): Min: 0.0, Avg: 0.1, Max: 0.2, Diff: 0.2, Sum: 0.8]
      [Code Root Scanning (ms): Min: 0.0, Avg: 0.1, Max: 0.4, Diff: 0.4, Sum: 0.7]
      [Object Copy (ms): Min: 2.1, Avg: 2.5, Max: 2.7, Diff: 0.6, Sum: 24.6]
      [Termination (ms): Min: 0.0, Avg: 0.0, Max: 0.0, Diff: 0.0, Sum: 0.0]
         [Termination Attempts: Min: 1, Avg: 1.0, Max: 1, Diff: 0, Sum: 10]
      [GC Worker Other (ms): Min: 0.0, Avg: 0.1, Max: 0.3, Diff: 0.2, Sum: 1.5]
      [GC Worker Total (ms): Min: 3.9, Avg: 4.1, Max: 4.4, Diff: 0.5, Sum: 41.3]
      [GC Worker End (ms): Min: 31643617.0, Avg: 31643617.1, Max: 31643617.2, Diff: 0.2]
   [Code Root Fixup: 0.0 ms]
   [Code Root Purge: 0.0 ms]
   [String Dedup Fixup: 3.4 ms, GC Workers: 10]
      [Queue Fixup (ms): Min: 0.0, Avg: 0.0, Max: 0.0, Diff: 0.0, Sum: 0.0]
      [Table Fixup (ms): Min: 2.6, Avg: 2.8, Max: 3.0, Diff: 0.4, Sum: 27.8]
   [Clear CT: 0.5 ms]
   [Other: 2.9 ms]
      [Choose CSet: 0.0 ms]
      [Ref Proc: 1.1 ms]
      [Ref Enq: 0.0 ms]
      [Redirty Cards: 1.0 ms]
      [Humongous Register: 0.2 ms]
      [Humongous Reclaim: 0.0 ms]
      [Free CSet: 0.3 ms]
   [Eden: 732.0M(732.0M)->0.0B(729.0M) Survivors: 7168.0K->10240.0K Heap: 1025.1M(1232.0M)->296.1M(1232.0M)]
 [Times: user=0.16 sys=0.00, real=0.02 secs] 
2021-02-01T15:16:57.343+0530: 31643.625: [GC concurrent-string-deduplication, 105.1K->49112.0B(58488.0B), avg 73.7%, 0.0002471 secs]
   [Last Exec: 0.0002471 secs, Idle: 0.7017649 secs, Blocked: 0/0.0000000 secs]
      [Inspected:             718]
         [Skipped:              0(  0.0%)]
         [Hashed:             380( 52.9%)]
         [Known:               27(  3.8%)]
         [New:                691( 96.2%)    105.1K]
      [Deduplicated:          492( 71.2%)  58488.0B( 54.4%)]
         [Young:              492(100.0%)  58488.0B(100.0%)]
         [Old:                  0(  0.0%)      0.0B(  0.0%)]
   [Total Exec: 105/0.5809913 secs, Idle: 105/31642.6885673 secs, Blocked: 119/0.0696898 secs]
      [Inspected:         1829945]
         [Skipped:              0(  0.0%)]
         [Hashed:          915501( 50.0%)]
         [Known:            92260(  5.0%)]
         [New:            1737685( 95.0%)    120.6M]
      [Deduplicated:      1415996( 81.5%)  90977.3K( 73.7%)]
         [Young:           902170( 63.7%)  63524.2K( 69.8%)]
         [Old:             513826( 36.3%)  27453.1K( 30.2%)]
   [Table]
      [Memory Usage: 8461.4K]
      [Size: 262144, Min: 1024, Max: 16777216]
      [Entries: 273191, Load: 104.2%, Cached: 446, Added: 404415, Removed: 131224]
      [Resize Count: 8, Shrink Threshold: 174762(66.7%), Grow Threshold: 524288(200.0%)]
      [Rehash Count: 0, Rehash Threshold: 120, Hash Seed: 0x0]
      [Age Threshold: 3]
   [Queue]
      [Dropped: 0]
[GC concurrent-string-deduplication, deleted 0 entries, 0.0000006 secs]
2021-02-01T15:16:58.087+0530: 31644.367: [GC pause (G1 Evacuation Pause) (young), 0.0129971 secs]
   [Parallel Time: 4.4 ms, GC Workers: 10]
      [GC Worker Start (ms): Min: 31644367.5, Avg: 31644367.7, Max: 31644367.8, Diff: 0.3]
      [Ext Root Scanning (ms): Min: 0.6, Avg: 0.9, Max: 1.6, Diff: 0.9, Sum: 9.2]
      [Update RS (ms): Min: 0.0, Avg: 0.2, Max: 0.3, Diff: 0.3, Sum: 1.6]
         [Processed Buffers: Min: 0, Avg: 1.7, Max: 6, Diff: 6, Sum: 17]
      [Scan RS (ms): Min: 0.0, Avg: 0.1, Max: 0.1, Diff: 0.1, Sum: 0.7]
      [Code Root Scanning (ms): Min: 0.0, Avg: 0.1, Max: 0.4, Diff: 0.4, Sum: 0.6]
      [Object Copy (ms): Min: 2.0, Avg: 2.2, Max: 2.4, Diff: 0.4, Sum: 22.2]
      [Termination (ms): Min: 0.0, Avg: 0.0, Max: 0.0, Diff: 0.0, Sum: 0.0]
         [Termination Attempts: Min: 1, Avg: 1.0, Max: 1, Diff: 0, Sum: 10]
      [GC Worker Other (ms): Min: 0.0, Avg: 0.2, Max: 0.4, Diff: 0.4, Sum: 1.8]
      [GC Worker Total (ms): Min: 3.4, Avg: 3.6, Max: 3.8, Diff: 0.4, Sum: 36.1]
      [GC Worker End (ms): Min: 31644371.2, Avg: 31644371.3, Max: 31644371.5, Diff: 0.4]
   [Code Root Fixup: 0.0 ms]
   [Code Root Purge: 0.0 ms]
   [String Dedup Fixup: 2.9 ms, GC Workers: 10]
      [Queue Fixup (ms): Min: 0.0, Avg: 0.0, Max: 0.0, Diff: 0.0, Sum: 0.0]
      [Table Fixup (ms): Min: 2.2, Avg: 2.3, Max: 2.5, Diff: 0.3, Sum: 22.7]
   [Clear CT: 2.9 ms]
   [Other: 2.7 ms]
      [Choose CSet: 0.0 ms]
      [Ref Proc: 0.9 ms]
      [Ref Enq: 0.0 ms]
      [Redirty Cards: 1.3 ms]
      [Humongous Register: 0.0 ms]
      [Humongous Reclaim: 0.0 ms]
      [Free CSet: 0.4 ms]
   [Eden: 729.0M(729.0M)->0.0B(731.0M) Survivors: 10240.0K->8192.0K Heap: 1025.1M(1232.0M)->293.8M(1232.0M)]
 [Times: user=0.02 sys=0.00, real=0.02 secs] 
2021-02-01T15:16:58.103+0530: 31644.381: [GC concurrent-string-deduplication, 6232.0B->6232.0B(0.0B), avg 73.7%, 0.0000282 secs]
   [Last Exec: 0.0000282 secs, Idle: 0.7560256 secs, Blocked: 0/0.0000000 secs]
      [Inspected:              70]
         [Skipped:              0(  0.0%)]
         [Hashed:               0(  0.0%)]
         [Known:                0(  0.0%)]
         [New:                 70(100.0%)   6232.0B]
      [Deduplicated:            0(  0.0%)      0.0B(  0.0%)]
         [Young:                0(  0.0%)      0.0B(  0.0%)]
         [Old:                  0(  0.0%)      0.0B(  0.0%)]
   [Total Exec: 106/0.5810195 secs, Idle: 106/31643.4445929 secs, Blocked: 119/0.0696898 secs]
      [Inspected:         1830015]
         [Skipped:              0(  0.0%)]
         [Hashed:          915501( 50.0%)]
         [Known:            92260(  5.0%)]
         [New:            1737755( 95.0%)    120.6M]
      [Deduplicated:      1415996( 81.5%)  90977.3K( 73.7%)]
         [Young:           902170( 63.7%)  63524.2K( 69.8%)]
         [Old:             513826( 36.3%)  27453.1K( 30.2%)]
   [Table]
      [Memory Usage: 8461.4K]
      [Size: 262144, Min: 1024, Max: 16777216]
      [Entries: 273261, Load: 104.2%, Cached: 376, Added: 404485, Removed: 131224]
      [Resize Count: 8, Shrink Threshold: 174762(66.7%), Grow Threshold: 524288(200.0%)]
      [Rehash Count: 0, Rehash Threshold: 120, Hash Seed: 0x0]
      [Age Threshold: 3]
   [Queue]
      [Dropped: 0]
[GC concurrent-string-deduplication, deleted 0 entries, 0.0000005 secs]
2021-02-01T15:16:58.927+0530: 31645.205: [GC pause (G1 Evacuation Pause) (young), 0.0107443 secs]
   [Parallel Time: 3.2 ms, GC Workers: 10]
      [GC Worker Start (ms): Min: 31645205.3, Avg: 31645205.4, Max: 31645205.5, Diff: 0.3]
      [Ext Root Scanning (ms): Min: 0.7, Avg: 0.9, Max: 1.6, Diff: 1.0, Sum: 9.2]
      [Update RS (ms): Min: 0.0, Avg: 0.2, Max: 0.4, Diff: 0.4, Sum: 1.8]
         [Processed Buffers: Min: 0, Avg: 1.6, Max: 9, Diff: 9, Sum: 16]
      [Scan RS (ms): Min: 0.0, Avg: 0.1, Max: 0.1, Diff: 0.1, Sum: 0.7]
      [Code Root Scanning (ms): Min: 0.0, Avg: 0.1, Max: 0.3, Diff: 0.3, Sum: 0.6]
      [Object Copy (ms): Min: 1.2, Avg: 1.5, Max: 1.6, Diff: 0.4, Sum: 14.6]
      [Termination (ms): Min: 0.0, Avg: 0.0, Max: 0.0, Diff: 0.0, Sum: 0.0]
         [Termination Attempts: Min: 1, Avg: 1.0, Max: 1, Diff: 0, Sum: 10]
      [GC Worker Other (ms): Min: 0.0, Avg: 0.1, Max: 0.3, Diff: 0.3, Sum: 1.5]
      [GC Worker Total (ms): Min: 2.6, Avg: 2.8, Max: 3.1, Diff: 0.5, Sum: 28.2]
      [GC Worker End (ms): Min: 31645208.1, Avg: 31645208.2, Max: 31645208.4, Diff: 0.3]
   [Code Root Fixup: 0.0 ms]
   [Code Root Purge: 0.0 ms]
   [String Dedup Fixup: 4.8 ms, GC Workers: 10]
      [Queue Fixup (ms): Min: 0.0, Avg: 0.0, Max: 0.0, Diff: 0.0, Sum: 0.0]
      [Table Fixup (ms): Min: 4.2, Avg: 4.2, Max: 4.4, Diff: 0.2, Sum: 42.4]
   [Clear CT: 0.7 ms]
   [Other: 2.0 ms]
      [Choose CSet: 0.0 ms]
      [Ref Proc: 0.7 ms]
      [Ref Enq: 0.0 ms]
      [Redirty Cards: 0.9 ms]
      [Humongous Register: 0.0 ms]
      [Humongous Reclaim: 0.0 ms]
      [Free CSet: 0.3 ms]
   [Eden: 731.0M(731.0M)->0.0B(733.0M) Survivors: 8192.0K->6144.0K Heap: 1024.8M(1232.0M)->292.3M(1232.0M)]
 [Times: user=0.16 sys=0.00, real=0.01 secs] 
2021-02-01T15:16:58.935+0530: 31645.216: [GC concurrent-string-deduplication, 6256.0B->6256.0B(0.0B), avg 73.7%, 0.0000266 secs]
   [Last Exec: 0.0000266 secs, Idle: 0.8353826 secs, Blocked: 0/0.0000000 secs]
      [Inspected:              70]
         [Skipped:              0(  0.0%)]
         [Hashed:               0(  0.0%)]
         [Known:                0(  0.0%)]
         [New:                 70(100.0%)   6256.0B]
      [Deduplicated:            0(  0.0%)      0.0B(  0.0%)]
         [Young:                0(  0.0%)      0.0B(  0.0%)]
         [Old:                  0(  0.0%)      0.0B(  0.0%)]
   [Total Exec: 107/0.5810461 secs, Idle: 107/31644.2799755 secs, Blocked: 119/0.0696898 secs]
      [Inspected:         1830085]
         [Skipped:              0(  0.0%)]
         [Hashed:          915501( 50.0%)]
         [Known:            92260(  5.0%)]
         [New:            1737825( 95.0%)    120.6M]
      [Deduplicated:      1415996( 81.5%)  90977.3K( 73.7%)]
         [Young:           902170( 63.7%)  63524.2K( 69.8%)]
         [Old:             513826( 36.3%)  27453.1K( 30.2%)]
   [Table]
      [Memory Usage: 8461.4K]
      [Size: 262144, Min: 1024, Max: 16777216]
      [Entries: 273332, Load: 104.3%, Cached: 305, Added: 404556, Removed: 131224]
      [Resize Count: 8, Shrink Threshold: 174762(66.7%), Grow Threshold: 524288(200.0%)]
      [Rehash Count: 0, Rehash Threshold: 120, Hash Seed: 0x0]
      [Age Threshold: 3]
   [Queue]
      [Dropped: 0]
[GC concurrent-string-deduplication, deleted 0 entries, 0.0000008 secs]
2021-02-01T15:16:59.791+0530: 31646.075: [GC pause (G1 Evacuation Pause) (young), 0.0108516 secs]
   [Parallel Time: 5.2 ms, GC Workers: 10]
      [GC Worker Start (ms): Min: 31646075.1, Avg: 31646075.3, Max: 31646075.4, Diff: 0.3]
      [Ext Root Scanning (ms): Min: 0.7, Avg: 1.0, Max: 2.3, Diff: 1.6, Sum: 10.4]
      [Update RS (ms): Min: 0.0, Avg: 0.3, Max: 1.2, Diff: 1.2, Sum: 3.0]
         [Processed Buffers: Min: 0, Avg: 1.8, Max: 6, Diff: 6, Sum: 18]
      [Scan RS (ms): Min: 0.0, Avg: 0.2, Max: 0.3, Diff: 0.3, Sum: 1.5]
      [Code Root Scanning (ms): Min: 0.0, Avg: 0.1, Max: 0.6, Diff: 0.6, Sum: 1.1]
      [Object Copy (ms): Min: 2.5, Avg: 3.0, Max: 3.3, Diff: 0.8, Sum: 30.3]
      [Termination (ms): Min: 0.0, Avg: 0.0, Max: 0.0, Diff: 0.0, Sum: 0.3]
         [Termination Attempts: Min: 1, Avg: 1.0, Max: 1, Diff: 0, Sum: 10]
      [GC Worker Other (ms): Min: 0.0, Avg: 0.1, Max: 0.3, Diff: 0.2, Sum: 1.0]
      [GC Worker Total (ms): Min: 4.6, Avg: 4.8, Max: 4.9, Diff: 0.3, Sum: 47.7]
      [GC Worker End (ms): Min: 31646079.9, Avg: 31646080.0, Max: 31646080.2, Diff: 0.2]
   [Code Root Fixup: 0.0 ms]
   [Code Root Purge: 0.0 ms]
   [String Dedup Fixup: 2.8 ms, GC Workers: 10]
      [Queue Fixup (ms): Min: 0.0, Avg: 0.0, Max: 0.0, Diff: 0.0, Sum: 0.0]
      [Table Fixup (ms): Min: 2.1, Avg: 2.2, Max: 2.3, Diff: 0.2, Sum: 21.6]
   [Clear CT: 0.8 ms]
   [Other: 2.0 ms]
      [Choose CSet: 0.0 ms]
      [Ref Proc: 0.8 ms]
      [Ref Enq: 0.0 ms]
      [Redirty Cards: 0.8 ms]
      [Humongous Register: 0.0 ms]
      [Humongous Reclaim: 0.0 ms]
      [Free CSet: 0.3 ms]
   [Eden: 733.0M(733.0M)->0.0B(732.0M) Survivors: 6144.0K->7168.0K Heap: 1025.3M(1232.0M)->293.3M(1232.0M)]
 [Times: user=0.16 sys=0.00, real=0.02 secs] 
2021-02-01T15:16:59.807+0530: 31646.086: [GC concurrent-string-deduplication, 6368.0B->6368.0B(0.0B), avg 73.7%, 0.0000218 secs]
   [Last Exec: 0.0000218 secs, Idle: 0.8698513 secs, Blocked: 0/0.0000000 secs]
      [Inspected:              71]
         [Skipped:              0(  0.0%)]
         [Hashed:               0(  0.0%)]
         [Known:                0(  0.0%)]
         [New:                 71(100.0%)   6368.0B]
      [Deduplicated:            0(  0.0%)      0.0B(  0.0%)]
         [Young:                0(  0.0%)      0.0B(  0.0%)]
         [Old:                  0(  0.0%)      0.0B(  0.0%)]
   [Total Exec: 108/0.5810679 secs, Idle: 108/31645.1498268 secs, Blocked: 119/0.0696898 secs]
      [Inspected:         1830156]
         [Skipped:              0(  0.0%)]
         [Hashed:          915501( 50.0%)]
         [Known:            92260(  5.0%)]
         [New:            1737896( 95.0%)    120.6M]
      [Deduplicated:      1415996( 81.5%)  90977.3K( 73.7%)]
         [Young:           902170( 63.7%)  63524.2K( 69.8%)]
         [Old:             513826( 36.3%)  27453.1K( 30.2%)]
   [Table]
      [Memory Usage: 8461.4K]
      [Size: 262144, Min: 1024, Max: 16777216]
      [Entries: 273403, Load: 104.3%, Cached: 234, Added: 404627, Removed: 131224]
      [Resize Count: 8, Shrink Threshold: 174762(66.7%), Grow Threshold: 524288(200.0%)]
      [Rehash Count: 0, Rehash Threshold: 120, Hash Seed: 0x0]
      [Age Threshold: 3]
   [Queue]
      [Dropped: 0]
[GC concurrent-string-deduplication, deleted 0 entries, 0.0000006 secs]
2021-02-01T15:17:00.551+0530: 31646.835: [GC pause (G1 Evacuation Pause) (young), 0.0107983 secs]
   [Parallel Time: 4.4 ms, GC Workers: 10]
      [GC Worker Start (ms): Min: 31646835.1, Avg: 31646835.3, Max: 31646835.4, Diff: 0.3]
      [Ext Root Scanning (ms): Min: 0.6, Avg: 0.9, Max: 1.9, Diff: 1.3, Sum: 9.4]
      [Update RS (ms): Min: 0.0, Avg: 0.4, Max: 1.5, Diff: 1.5, Sum: 4.4]
         [Processed Buffers: Min: 0, Avg: 1.6, Max: 8, Diff: 8, Sum: 16]
      [Scan RS (ms): Min: 0.0, Avg: 0.1, Max: 0.3, Diff: 0.3, Sum: 1.1]
      [Code Root Scanning (ms): Min: 0.0, Avg: 0.1, Max: 0.5, Diff: 0.5, Sum: 0.7]
      [Object Copy (ms): Min: 1.1, Avg: 1.8, Max: 2.0, Diff: 1.0, Sum: 17.8]
      [Termination (ms): Min: 0.0, Avg: 0.0, Max: 0.0, Diff: 0.0, Sum: 0.0]
         [Termination Attempts: Min: 1, Avg: 1.0, Max: 1, Diff: 0, Sum: 10]
      [GC Worker Other (ms): Min: 0.0, Avg: 0.2, Max: 0.4, Diff: 0.4, Sum: 1.9]
      [GC Worker Total (ms): Min: 3.2, Avg: 3.5, Max: 3.8, Diff: 0.6, Sum: 35.3]
      [GC Worker End (ms): Min: 31646838.6, Avg: 31646838.8, Max: 31646839.0, Diff: 0.4]
   [Code Root Fixup: 0.0 ms]
   [Code Root Purge: 0.0 ms]
   [String Dedup Fixup: 3.1 ms, GC Workers: 10]
      [Queue Fixup (ms): Min: 0.0, Avg: 0.0, Max: 0.0, Diff: 0.0, Sum: 0.0]
      [Table Fixup (ms): Min: 2.3, Avg: 2.4, Max: 2.6, Diff: 0.3, Sum: 24.0]
   [Clear CT: 0.9 ms]
   [Other: 2.4 ms]
      [Choose CSet: 0.0 ms]
      [Ref Proc: 0.7 ms]
      [Ref Enq: 0.0 ms]
      [Redirty Cards: 1.2 ms]
      [Humongous Register: 0.0 ms]
      [Humongous Reclaim: 0.0 ms]
      [Free CSet: 0.4 ms]
   [Eden: 732.0M(732.0M)->0.0B(730.0M) Survivors: 7168.0K->9216.0K Heap: 1025.3M(1232.0M)->294.9M(1232.0M)]
 [Times: user=0.13 sys=0.00, real=0.02 secs] 
2021-02-01T15:17:00.567+0530: 31646.846: [GC concurrent-string-deduplication, 14248.0B->14248.0B(0.0B), avg 73.7%, 0.0001406 secs]
   [Last Exec: 0.0001406 secs, Idle: 0.7598609 secs, Blocked: 0/0.0000000 secs]
      [Inspected:             161]
         [Skipped:              0(  0.0%)]
         [Hashed:               0(  0.0%)]
         [Known:                1(  0.6%)]
         [New:                160( 99.4%)  14248.0B]
      [Deduplicated:            0(  0.0%)      0.0B(  0.0%)]
         [Young:                0(  0.0%)      0.0B(  0.0%)]
         [Old:                  0(  0.0%)      0.0B(  0.0%)]
   [Total Exec: 109/0.5812085 secs, Idle: 109/31645.9096877 secs, Blocked: 119/0.0696898 secs]
      [Inspected:         1830317]
         [Skipped:              0(  0.0%)]
         [Hashed:          915501( 50.0%)]
         [Known:            92261(  5.0%)]
         [New:            1738056( 95.0%)    120.6M]
      [Deduplicated:      1415996( 81.5%)  90977.3K( 73.7%)]
         [Young:           902170( 63.7%)  63524.2K( 69.8%)]
         [Old:             513826( 36.3%)  27453.1K( 30.2%)]
   [Table]
      [Memory Usage: 8461.4K]
      [Size: 262144, Min: 1024, Max: 16777216]
      [Entries: 273561, Load: 104.4%, Cached: 76, Added: 404790, Removed: 131229]
      [Resize Count: 8, Shrink Threshold: 174762(66.7%), Grow Threshold: 524288(200.0%)]
      [Rehash Count: 0, Rehash Threshold: 120, Hash Seed: 0x0]
      [Age Threshold: 3]
   [Queue]
      [Dropped: 0]
[GC concurrent-string-deduplication, deleted 0 entries, 0.0000007 secs]
2021-02-01T15:21:40.761+0530: 31927.044: [GC pause (G1 Evacuation Pause) (young), 0.0249331 secs]
   [Parallel Time: 6.3 ms, GC Workers: 10]
      [GC Worker Start (ms): Min: 31927044.5, Avg: 31927044.7, Max: 31927044.9, Diff: 0.4]
      [Ext Root Scanning (ms): Min: 0.5, Avg: 0.9, Max: 2.3, Diff: 1.8, Sum: 9.0]
      [Update RS (ms): Min: 0.0, Avg: 0.8, Max: 1.1, Diff: 1.1, Sum: 7.8]
         [Processed Buffers: Min: 0, Avg: 6.0, Max: 10, Diff: 10, Sum: 60]
      [Scan RS (ms): Min: 0.0, Avg: 0.1, Max: 0.2, Diff: 0.1, Sum: 0.8]
      [Code Root Scanning (ms): Min: 0.0, Avg: 0.1, Max: 0.4, Diff: 0.4, Sum: 0.6]
      [Object Copy (ms): Min: 0.9, Avg: 2.0, Max: 3.8, Diff: 2.9, Sum: 20.2]
      [Termination (ms): Min: 0.0, Avg: 1.6, Max: 2.8, Diff: 2.8, Sum: 16.3]
         [Termination Attempts: Min: 1, Avg: 77.5, Max: 146, Diff: 145, Sum: 775]
      [GC Worker Other (ms): Min: 0.0, Avg: 0.1, Max: 0.3, Diff: 0.3, Sum: 1.3]
      [GC Worker Total (ms): Min: 5.4, Avg: 5.6, Max: 5.8, Diff: 0.4, Sum: 56.1]
      [GC Worker End (ms): Min: 31927050.2, Avg: 31927050.3, Max: 31927050.5, Diff: 0.3]
   [Code Root Fixup: 0.0 ms]
   [Code Root Purge: 0.0 ms]
   [String Dedup Fixup: 2.8 ms, GC Workers: 10]
      [Queue Fixup (ms): Min: 0.0, Avg: 0.0, Max: 0.0, Diff: 0.0, Sum: 0.0]
      [Table Fixup (ms): Min: 2.0, Avg: 2.1, Max: 2.3, Diff: 0.2, Sum: 21.4]
   [Clear CT: 0.8 ms]
   [Other: 15.0 ms]
      [Choose CSet: 0.0 ms]
      [Ref Proc: 13.5 ms]
      [Ref Enq: 0.0 ms]
      [Redirty Cards: 0.9 ms]
      [Humongous Register: 0.1 ms]
      [Humongous Reclaim: 0.0 ms]
      [Free CSet: 0.4 ms]
   [Eden: 730.0M(730.0M)->0.0B(725.0M) Survivors: 9216.0K->14336.0K Heap: 1024.9M(1232.0M)->300.0M(1232.0M)]
 [Times: user=0.02 sys=0.00, real=0.02 secs] 
