2020-12-17 15:45:52 GC log file created ../logs/GCDetails.1
OpenJDK 64-Bit Server VM (25.222-b10) for windows-amd64 JRE (Zulu 8.40.0.25-CA-win64) (1.8.0_222-b10), built on Jul 11 2019 11:42:48 by "tester" with MS VC++ 10.0 (VS2010)
Memory: 4k page, physical 16480452k(4235400k free), swap 29587652k(9806376k free)
CommandLine flags: -XX:CICompilerCount=4 -XX:CompressedClassSpaceSize=260046848 -XX:ConcGCThreads=3 -XX:G1HeapRegionSize=1048576 -XX:GCLogFileSize=5242880 -XX:+HeapDumpOnOutOfMemoryError -XX:InitialHeapSize=134217728 -XX:MarkStackSize=4194304 -XX:MaxHeapSize=2634022912 -XX:MaxMetaspaceSize=268435456 -XX:MaxNewSize=1580204032 -XX:MinHeapDeltaBytes=1048576 -XX:NumberOfGCLogFiles=3 -XX:+PrintGC -XX:+PrintGCDateStamps -XX:+PrintGCDetails -XX:+PrintGCTimeStamps -XX:+PrintStringDeduplicationStatistics -XX:StringDeduplicationAgeThreshold=3 -XX:+UseCompressedClassPointers -XX:+UseCompressedOops -XX:+UseG1GC -XX:+UseGCLogFileRotation -XX:-UseLargePagesIndividualAllocation -XX:+UseStringDeduplication 
2020-12-17T15:45:52.006+0530: 361158.577: [GC pause (G1 Humongous Allocation) (young) (initial-mark), 0.0111345 secs]
   [Parallel Time: 6.9 ms, GC Workers: 10]
      [GC Worker Start (ms): Min: 361158577.3, Avg: 361158577.4, Max: 361158577.4, Diff: 0.2]
      [Ext Root Scanning (ms): Min: 1.6, Avg: 1.8, Max: 2.0, Diff: 0.4, Sum: 17.8]
      [Update RS (ms): Min: 2.1, Avg: 2.2, Max: 2.6, Diff: 0.5, Sum: 22.3]
         [Processed Buffers: Min: 6, Avg: 8.7, Max: 15, Diff: 9, Sum: 87]
      [Scan RS (ms): Min: 0.0, Avg: 0.0, Max: 0.0, Diff: 0.0, Sum: 0.0]
      [Code Root Scanning (ms): Min: 0.0, Avg: 0.0, Max: 0.0, Diff: 0.0, Sum: 0.0]
      [Object Copy (ms): Min: 2.0, Avg: 2.3, Max: 2.4, Diff: 0.4, Sum: 22.6]
      [Termination (ms): Min: 0.0, Avg: 0.1, Max: 0.1, Diff: 0.1, Sum: 0.7]
         [Termination Attempts: Min: 1, Avg: 2.1, Max: 3, Diff: 2, Sum: 21]
      [GC Worker Other (ms): Min: 0.0, Avg: 0.1, Max: 0.2, Diff: 0.2, Sum: 1.0]
      [GC Worker Total (ms): Min: 6.3, Avg: 6.4, Max: 6.6, Diff: 0.2, Sum: 64.5]
      [GC Worker End (ms): Min: 361158583.7, Avg: 361158583.8, Max: 361158583.9, Diff: 0.2]
   [Code Root Fixup: 0.0 ms]
   [Code Root Purge: 0.0 ms]
   [String Dedup Fixup: 3.0 ms, GC Workers: 10]
      [Queue Fixup (ms): Min: 0.0, Avg: 0.0, Max: 0.0, Diff: 0.0, Sum: 0.0]
      [Table Fixup (ms): Min: 2.6, Avg: 2.7, Max: 2.9, Diff: 0.3, Sum: 27.4]
   [Clear CT: 0.2 ms]
   [Other: 1.0 ms]
      [Choose CSet: 0.0 ms]
      [Ref Proc: 0.5 ms]
      [Ref Enq: 0.0 ms]
      [Redirty Cards: 0.3 ms]
      [Humongous Register: 0.0 ms]
      [Humongous Reclaim: 0.0 ms]
      [Free CSet: 0.0 ms]
   [Eden: 47104.0K(50176.0K)->0.0B(39936.0K) Survivors: 2048.0K->7168.0K Heap: 233.1M(267.0M)->191.7M(267.0M)]
 [Times: user=0.16 sys=0.00, real=0.01 secs] 
2020-12-17T15:45:52.017+0530: 361158.589: [GC concurrent-root-region-scan-start]
2020-12-17T15:45:52.018+0530: 361158.589: [GC concurrent-string-deduplication, 31136.0B->8400.0B(22736.0B), avg 59.7%, 0.0002222 secs]
   [Last Exec: 0.0002222 secs, Idle: 20.6487258 secs, Blocked: 0/0.0000000 secs]
      [Inspected:             241]
         [Skipped:              0(  0.0%)]
         [Hashed:             132( 54.8%)]
         [Known:               28( 11.6%)]
         [New:                213( 88.4%)  31136.0B]
      [Deduplicated:          142( 66.7%)  22736.0B( 73.0%)]
         [Young:              142(100.0%)  22736.0B(100.0%)]
         [Old:                  0(  0.0%)      0.0B(  0.0%)]
   [Total Exec: 1339/0.8319193 secs, Idle: 1339/361157.2897579 secs, Blocked: 124/0.0878220 secs]
      [Inspected:         2841776]
         [Skipped:              0(  0.0%)]
         [Hashed:         1156729( 40.7%)]
         [Known:           176546(  6.2%)]
         [New:            2665230( 93.8%)    205.5M]
      [Deduplicated:      1868754( 70.1%)    122.6M( 59.7%)]
         [Young:           760892( 40.7%)  59913.0K( 47.7%)]
         [Old:            1107862( 59.3%)  65651.5K( 52.3%)]
   [Table]
      [Memory Usage: 8332.5K]
      [Size: 262144, Min: 1024, Max: 16777216]
      [Entries: 261695, Load: 99.8%, Cached: 6443, Added: 948132, Removed: 686437]
      [Resize Count: 8, Shrink Threshold: 174762(66.7%), Grow Threshold: 524288(200.0%)]
      [Rehash Count: 0, Rehash Threshold: 120, Hash Seed: 0x0]
      [Age Threshold: 3]
   [Queue]
      [Dropped: 0]
[GC concurrent-string-deduplication, deleted 0 entries, 0.0000012 secs]
2020-12-17T15:45:52.021+0530: 361158.592: [GC concurrent-root-region-scan-end, 0.0038782 secs]
2020-12-17T15:45:52.021+0530: 361158.592: [GC concurrent-mark-start]
2020-12-17T15:45:52.139+0530: 361158.710: [GC concurrent-mark-end, 0.1173447 secs]
2020-12-17T15:45:52.139+0530: 361158.710: [GC remark 2020-12-17T15:45:52.139+0530: 361158.710: [Finalize Marking, 0.0001953 secs] 2020-12-17T15:45:52.139+0530: 361158.710: [GC ref-proc, 0.0005354 secs] 2020-12-17T15:45:52.140+0530: 361158.711: [Unloading, 0.0263496 secs], 0.0278851 secs]
 [Times: user=0.16 sys=0.02, real=0.03 secs] 
2020-12-17T15:45:52.168+0530: 361158.739: [GC cleanup 195M->195M(267M), 0.0023314 secs]
 [Times: user=0.00 sys=0.00, real=0.00 secs] 
2020-12-17T15:45:57.819+0530: 361164.390: [GC pause (G1 Evacuation Pause) (young), 0.0101425 secs]
   [Parallel Time: 4.7 ms, GC Workers: 10]
      [GC Worker Start (ms): Min: 361164390.2, Avg: 361164390.3, Max: 361164390.4, Diff: 0.2]
      [Ext Root Scanning (ms): Min: 0.7, Avg: 1.1, Max: 3.0, Diff: 2.3, Sum: 10.6]
      [Update RS (ms): Min: 0.0, Avg: 0.7, Max: 1.1, Diff: 1.1, Sum: 7.0]
         [Processed Buffers: Min: 0, Avg: 4.5, Max: 10, Diff: 10, Sum: 45]
      [Scan RS (ms): Min: 0.0, Avg: 0.0, Max: 0.0, Diff: 0.0, Sum: 0.0]
      [Code Root Scanning (ms): Min: 0.0, Avg: 0.0, Max: 0.0, Diff: 0.0, Sum: 0.0]
      [Object Copy (ms): Min: 1.0, Avg: 2.2, Max: 2.5, Diff: 1.5, Sum: 22.3]
      [Termination (ms): Min: 0.0, Avg: 0.1, Max: 0.1, Diff: 0.1, Sum: 0.5]
         [Termination Attempts: Min: 1, Avg: 1.9, Max: 3, Diff: 2, Sum: 19]
      [GC Worker Other (ms): Min: 0.0, Avg: 0.0, Max: 0.0, Diff: 0.0, Sum: 0.2]
      [GC Worker Total (ms): Min: 4.0, Avg: 4.1, Max: 4.2, Diff: 0.2, Sum: 40.8]
      [GC Worker End (ms): Min: 361164394.4, Avg: 361164394.4, Max: 361164394.4, Diff: 0.0]
   [Code Root Fixup: 0.0 ms]
   [Code Root Purge: 0.0 ms]
   [String Dedup Fixup: 2.8 ms, GC Workers: 10]
      [Queue Fixup (ms): Min: 0.0, Avg: 0.0, Max: 0.0, Diff: 0.0, Sum: 0.0]
      [Table Fixup (ms): Min: 2.3, Avg: 2.4, Max: 2.6, Diff: 0.2, Sum: 24.2]
   [Clear CT: 0.9 ms]
   [Other: 1.7 ms]
      [Choose CSet: 0.0 ms]
      [Ref Proc: 0.6 ms]
      [Ref Enq: 0.0 ms]
      [Redirty Cards: 0.9 ms]
      [Humongous Register: 0.0 ms]
      [Humongous Reclaim: 0.0 ms]
      [Free CSet: 0.0 ms]
   [Eden: 39936.0K(39936.0K)->0.0B(7168.0K) Survivors: 7168.0K->6144.0K Heap: 232.4M(267.0M)->195.7M(267.0M)]
 [Times: user=0.00 sys=0.00, real=0.01 secs] 
2020-12-17T15:45:57.832+0530: 361164.403: [GC concurrent-string-deduplication, 304.9K->263.8K(42168.0B), avg 59.6%, 0.0025296 secs]
   [Last Exec: 0.0025296 secs, Idle: 5.8116703 secs, Blocked: 0/0.0000000 secs]
      [Inspected:            5282]
         [Skipped:              0(  0.0%)]
         [Hashed:            5105( 96.6%)]
         [Known:               38(  0.7%)]
         [New:               5244( 99.3%)    304.9K]
      [Deduplicated:          588( 11.2%)  42168.0B( 13.5%)]
         [Young:                0(  0.0%)      0.0B(  0.0%)]
         [Old:                588(100.0%)  42168.0B(100.0%)]
   [Total Exec: 1340/0.8344489 secs, Idle: 1340/361163.1014282 secs, Blocked: 124/0.0878220 secs]
      [Inspected:         2847058]
         [Skipped:              0(  0.0%)]
         [Hashed:         1161834( 40.8%)]
         [Known:           176584(  6.2%)]
         [New:            2670474( 93.8%)    205.8M]
      [Deduplicated:      1869342( 70.0%)    122.7M( 59.6%)]
         [Young:           760892( 40.7%)  59913.0K( 47.7%)]
         [Old:            1108450( 59.3%)  65692.7K( 52.3%)]
   [Table]
      [Memory Usage: 8332.5K]
      [Size: 262144, Min: 1024, Max: 16777216]
      [Entries: 266040, Load: 101.5%, Cached: 2098, Added: 952938, Removed: 686898]
      [Resize Count: 8, Shrink Threshold: 174762(66.7%), Grow Threshold: 524288(200.0%)]
      [Rehash Count: 0, Rehash Threshold: 120, Hash Seed: 0x0]
      [Age Threshold: 3]
   [Queue]
      [Dropped: 0]
[GC concurrent-string-deduplication, deleted 0 entries, 0.0000013 secs]
2020-12-17T15:45:57.874+0530: 361164.445: [GC pause (G1 Evacuation Pause) (mixed), 0.0121818 secs]
   [Parallel Time: 6.1 ms, GC Workers: 10]
      [GC Worker Start (ms): Min: 361164445.2, Avg: 361164445.3, Max: 361164445.4, Diff: 0.2]
      [Ext Root Scanning (ms): Min: 0.6, Avg: 0.8, Max: 1.5, Diff: 1.0, Sum: 8.2]
      [Update RS (ms): Min: 0.7, Avg: 1.2, Max: 1.4, Diff: 0.7, Sum: 11.9]
         [Processed Buffers: Min: 2, Avg: 4.0, Max: 8, Diff: 6, Sum: 40]
      [Scan RS (ms): Min: 0.4, Avg: 0.7, Max: 0.9, Diff: 0.5, Sum: 7.2]
      [Code Root Scanning (ms): Min: 0.0, Avg: 0.3, Max: 3.1, Diff: 3.1, Sum: 3.1]
      [Object Copy (ms): Min: 0.0, Avg: 1.5, Max: 1.8, Diff: 1.8, Sum: 15.0]
      [Termination (ms): Min: 0.0, Avg: 1.3, Max: 1.6, Diff: 1.6, Sum: 13.0]
         [Termination Attempts: Min: 1, Avg: 2.3, Max: 7, Diff: 6, Sum: 23]
      [GC Worker Other (ms): Min: 0.0, Avg: 0.0, Max: 0.0, Diff: 0.0, Sum: 0.1]
      [GC Worker Total (ms): Min: 5.8, Avg: 5.9, Max: 6.0, Diff: 0.2, Sum: 58.6]
      [GC Worker End (ms): Min: 361164451.2, Avg: 361164451.2, Max: 361164451.2, Diff: 0.0]
   [Code Root Fixup: 0.2 ms]
   [Code Root Purge: 0.0 ms]
   [String Dedup Fixup: 3.2 ms, GC Workers: 10]
      [Queue Fixup (ms): Min: 0.0, Avg: 0.0, Max: 0.0, Diff: 0.0, Sum: 0.0]
      [Table Fixup (ms): Min: 2.9, Avg: 2.9, Max: 3.1, Diff: 0.2, Sum: 29.5]
   [Clear CT: 0.8 ms]
   [Other: 1.8 ms]
      [Choose CSet: 0.0 ms]
      [Ref Proc: 0.6 ms]
      [Ref Enq: 0.0 ms]
      [Redirty Cards: 0.9 ms]
      [Humongous Register: 0.0 ms]
      [Humongous Reclaim: 0.0 ms]
      [Free CSet: 0.1 ms]
   [Eden: 7168.0K(7168.0K)->0.0B(46080.0K) Survivors: 6144.0K->1024.0K Heap: 202.7M(267.0M)->191.7M(267.0M)]
 [Times: user=0.08 sys=0.00, real=0.01 secs] 
2020-12-17T15:49:36.948+0530: 361383.518: [GC pause (G1 Evacuation Pause) (young), 0.0099273 secs]
   [Parallel Time: 4.7 ms, GC Workers: 10]
      [GC Worker Start (ms): Min: 361383518.6, Avg: 361383518.8, Max: 361383518.9, Diff: 0.3]
      [Ext Root Scanning (ms): Min: 0.6, Avg: 0.9, Max: 1.8, Diff: 1.2, Sum: 9.0]
      [Update RS (ms): Min: 2.3, Avg: 3.0, Max: 3.3, Diff: 0.9, Sum: 29.5]
         [Processed Buffers: Min: 4, Avg: 8.5, Max: 22, Diff: 18, Sum: 85]
      [Scan RS (ms): Min: 0.0, Avg: 0.0, Max: 0.0, Diff: 0.0, Sum: 0.1]
      [Code Root Scanning (ms): Min: 0.0, Avg: 0.0, Max: 0.0, Diff: 0.0, Sum: 0.0]
      [Object Copy (ms): Min: 0.0, Avg: 0.2, Max: 0.3, Diff: 0.3, Sum: 1.6]
      [Termination (ms): Min: 0.0, Avg: 0.2, Max: 0.3, Diff: 0.3, Sum: 1.9]
         [Termination Attempts: Min: 1, Avg: 2.6, Max: 6, Diff: 5, Sum: 26]
      [GC Worker Other (ms): Min: 0.0, Avg: 0.0, Max: 0.1, Diff: 0.1, Sum: 0.2]
      [GC Worker Total (ms): Min: 4.1, Avg: 4.2, Max: 4.4, Diff: 0.3, Sum: 42.3]
      [GC Worker End (ms): Min: 361383523.0, Avg: 361383523.0, Max: 361383523.0, Diff: 0.0]
   [Code Root Fixup: 0.0 ms]
   [Code Root Purge: 0.0 ms]
   [String Dedup Fixup: 3.1 ms, GC Workers: 10]
      [Queue Fixup (ms): Min: 0.0, Avg: 0.0, Max: 0.0, Diff: 0.0, Sum: 0.0]
      [Table Fixup (ms): Min: 2.3, Avg: 2.9, Max: 3.1, Diff: 0.8, Sum: 28.5]
   [Clear CT: 0.6 ms]
   [Other: 1.5 ms]
      [Choose CSet: 0.0 ms]
      [Ref Proc: 0.6 ms]
      [Ref Enq: 0.0 ms]
      [Redirty Cards: 0.6 ms]
      [Humongous Register: 0.0 ms]
      [Humongous Reclaim: 0.0 ms]
      [Free CSet: 0.0 ms]
   [Eden: 46080.0K(46080.0K)->0.0B(46080.0K) Survivors: 1024.0K->1024.0K Heap: 236.7M(267.0M)->191.1M(267.0M)]
 [Times: user=0.00 sys=0.00, real=0.01 secs] 
2020-12-17T15:49:36.958+0530: 361383.529: [GC concurrent-string-deduplication, 9464.0B->4080.0B(5384.0B), avg 59.6%, 0.0000932 secs]
   [Last Exec: 0.0000932 secs, Idle: 219.1255389 secs, Blocked: 0/0.0000000 secs]
      [Inspected:             255]
         [Skipped:              0(  0.0%)]
         [Hashed:              46( 18.0%)]
         [Known:              169( 66.3%)]
         [New:                 86( 33.7%)   9464.0B]
      [Deduplicated:           64( 74.4%)   5384.0B( 56.9%)]
         [Young:               64(100.0%)   5384.0B(100.0%)]
         [Old:                  0(  0.0%)      0.0B(  0.0%)]
   [Total Exec: 1341/0.8345421 secs, Idle: 1341/361382.2269671 secs, Blocked: 124/0.0878220 secs]
      [Inspected:         2847313]
         [Skipped:              0(  0.0%)]
         [Hashed:         1161880( 40.8%)]
         [Known:           176753(  6.2%)]
         [New:            2670560( 93.8%)    205.8M]
      [Deduplicated:      1869406( 70.0%)    122.7M( 59.6%)]
         [Young:           760956( 40.7%)  59918.2K( 47.7%)]
         [Old:            1108450( 59.3%)  65692.7K( 52.3%)]
   [Table]
      [Memory Usage: 8332.5K]
      [Size: 262144, Min: 1024, Max: 16777216]
      [Entries: 266148, Load: 101.5%, Cached: 1990, Added: 953046, Removed: 686898]
      [Resize Count: 8, Shrink Threshold: 174762(66.7%), Grow Threshold: 524288(200.0%)]
      [Rehash Count: 0, Rehash Threshold: 120, Hash Seed: 0x0]
      [Age Threshold: 3]
   [Queue]
      [Dropped: 0]
[GC concurrent-string-deduplication, deleted 0 entries, 0.0000006 secs]
2020-12-17T15:56:05.837+0530: 361772.408: [GC pause (G1 Evacuation Pause) (young) (initial-mark), 0.0098757 secs]
   [Parallel Time: 4.6 ms, GC Workers: 10]
      [GC Worker Start (ms): Min: 361772408.2, Avg: 361772408.4, Max: 361772408.4, Diff: 0.2]
      [Ext Root Scanning (ms): Min: 2.8, Avg: 2.9, Max: 3.2, Diff: 0.4, Sum: 29.2]
      [Update RS (ms): Min: 0.4, Avg: 0.6, Max: 1.0, Diff: 0.6, Sum: 5.7]
         [Processed Buffers: Min: 2, Avg: 5.5, Max: 15, Diff: 13, Sum: 55]
      [Scan RS (ms): Min: 0.0, Avg: 0.0, Max: 0.0, Diff: 0.0, Sum: 0.1]
      [Code Root Scanning (ms): Min: 0.0, Avg: 0.0, Max: 0.0, Diff: 0.0, Sum: 0.0]
      [Object Copy (ms): Min: 0.0, Avg: 0.2, Max: 0.3, Diff: 0.3, Sum: 1.8]
      [Termination (ms): Min: 0.0, Avg: 0.3, Max: 0.4, Diff: 0.4, Sum: 2.9]
         [Termination Attempts: Min: 1, Avg: 1.7, Max: 3, Diff: 2, Sum: 17]
      [GC Worker Other (ms): Min: 0.0, Avg: 0.0, Max: 0.0, Diff: 0.0, Sum: 0.1]
      [GC Worker Total (ms): Min: 3.9, Avg: 4.0, Max: 4.1, Diff: 0.2, Sum: 39.7]
      [GC Worker End (ms): Min: 361772412.3, Avg: 361772412.3, Max: 361772412.3, Diff: 0.0]
   [Code Root Fixup: 0.0 ms]
   [Code Root Purge: 0.0 ms]
   [String Dedup Fixup: 2.9 ms, GC Workers: 10]
      [Queue Fixup (ms): Min: 0.0, Avg: 0.0, Max: 0.0, Diff: 0.0, Sum: 0.0]
      [Table Fixup (ms): Min: 2.6, Avg: 2.7, Max: 2.8, Diff: 0.2, Sum: 27.5]
   [Clear CT: 0.7 ms]
   [Other: 1.6 ms]
      [Choose CSet: 0.0 ms]
      [Ref Proc: 0.7 ms]
      [Ref Enq: 0.0 ms]
      [Redirty Cards: 0.7 ms]
      [Humongous Register: 0.0 ms]
      [Humongous Reclaim: 0.0 ms]
      [Free CSet: 0.0 ms]
   [Eden: 46080.0K(46080.0K)->0.0B(46080.0K) Survivors: 1024.0K->1024.0K Heap: 236.1M(267.0M)->191.0M(267.0M)]
 [Times: user=0.16 sys=0.00, real=0.01 secs] 
2020-12-17T15:56:05.847+0530: 361772.418: [GC concurrent-root-region-scan-start]
2020-12-17T15:56:05.847+0530: 361772.418: [GC concurrent-string-deduplication, 80.0B->0.0B(80.0B), avg 59.6%, 0.0000167 secs]
   [Last Exec: 0.0000167 secs, Idle: 388.8894114 secs, Blocked: 0/0.0000000 secs]
      [Inspected:              18]
         [Skipped:              0(  0.0%)]
         [Hashed:               0(  0.0%)]
         [Known:               15( 83.3%)]
         [New:                  3( 16.7%)     80.0B]
      [Deduplicated:            3(100.0%)     80.0B(100.0%)]
         [Young:                3(100.0%)     80.0B(100.0%)]
         [Old:                  0(  0.0%)      0.0B(  0.0%)]
   [Total Exec: 1342/0.8345588 secs, Idle: 1342/361771.1163785 secs, Blocked: 124/0.0878220 secs]
      [Inspected:         2847331]
         [Skipped:              0(  0.0%)]
         [Hashed:         1161880( 40.8%)]
         [Known:           176768(  6.2%)]
         [New:            2670563( 93.8%)    205.8M]
      [Deduplicated:      1869409( 70.0%)    122.7M( 59.6%)]
         [Young:           760959( 40.7%)  59918.3K( 47.7%)]
         [Old:            1108450( 59.3%)  65692.7K( 52.3%)]
   [Table]
      [Memory Usage: 8332.5K]
      [Size: 262144, Min: 1024, Max: 16777216]
      [Entries: 266154, Load: 101.5%, Cached: 1984, Added: 953052, Removed: 686898]
      [Resize Count: 8, Shrink Threshold: 174762(66.7%), Grow Threshold: 524288(200.0%)]
      [Rehash Count: 0, Rehash Threshold: 120, Hash Seed: 0x0]
      [Age Threshold: 3]
   [Queue]
      [Dropped: 0]
[GC concurrent-string-deduplication, deleted 0 entries, 0.0000011 secs]
2020-12-17T15:56:05.851+0530: 361772.422: [GC concurrent-root-region-scan-end, 0.0035535 secs]
2020-12-17T15:56:05.851+0530: 361772.422: [GC concurrent-mark-start]
2020-12-17T15:56:05.955+0530: 361772.526: [GC concurrent-mark-end, 0.1042159 secs]
2020-12-17T15:56:05.956+0530: 361772.527: [GC remark 2020-12-17T15:56:05.956+0530: 361772.527: [Finalize Marking, 0.0002767 secs] 2020-12-17T15:56:05.956+0530: 361772.527: [GC ref-proc, 0.0005751 secs] 2020-12-17T15:56:05.957+0530: 361772.528: [Unloading, 0.0256298 secs], 0.0272414 secs]
 [Times: user=0.16 sys=0.00, real=0.03 secs] 
2020-12-17T15:56:05.984+0530: 361772.555: [GC cleanup 208M->208M(267M), 0.0019255 secs]
 [Times: user=0.00 sys=0.00, real=0.00 secs] 
2020-12-17T16:01:06.222+0530: 362072.801: [GC pause (G1 Evacuation Pause) (young), 0.0070917 secs]
   [Parallel Time: 2.4 ms, GC Workers: 10]
      [GC Worker Start (ms): Min: 362072801.2, Avg: 362072801.4, Max: 362072801.5, Diff: 0.3]
      [Ext Root Scanning (ms): Min: 0.5, Avg: 0.7, Max: 1.8, Diff: 1.3, Sum: 7.5]
      [Update RS (ms): Min: 0.0, Avg: 0.5, Max: 0.8, Diff: 0.8, Sum: 5.0]
         [Processed Buffers: Min: 0, Avg: 5.3, Max: 14, Diff: 14, Sum: 53]
      [Scan RS (ms): Min: 0.0, Avg: 0.0, Max: 0.0, Diff: 0.0, Sum: 0.0]
      [Code Root Scanning (ms): Min: 0.0, Avg: 0.0, Max: 0.0, Diff: 0.0, Sum: 0.0]
      [Object Copy (ms): Min: 0.0, Avg: 0.2, Max: 0.2, Diff: 0.2, Sum: 1.5]
      [Termination (ms): Min: 0.0, Avg: 0.2, Max: 0.3, Diff: 0.3, Sum: 2.1]
         [Termination Attempts: Min: 1, Avg: 1.0, Max: 1, Diff: 0, Sum: 10]
      [GC Worker Other (ms): Min: 0.0, Avg: 0.0, Max: 0.0, Diff: 0.0, Sum: 0.1]
      [GC Worker Total (ms): Min: 1.5, Avg: 1.6, Max: 1.8, Diff: 0.3, Sum: 16.3]
      [GC Worker End (ms): Min: 362072803.0, Avg: 362072803.0, Max: 362072803.0, Diff: 0.0]
   [Code Root Fixup: 0.0 ms]
   [Code Root Purge: 0.0 ms]
   [String Dedup Fixup: 2.4 ms, GC Workers: 10]
      [Queue Fixup (ms): Min: 0.0, Avg: 0.0, Max: 0.0, Diff: 0.0, Sum: 0.0]
      [Table Fixup (ms): Min: 1.7, Avg: 1.8, Max: 1.9, Diff: 0.2, Sum: 18.0]
   [Clear CT: 0.7 ms]
   [Other: 1.5 ms]
      [Choose CSet: 0.0 ms]
      [Ref Proc: 0.6 ms]
      [Ref Enq: 0.0 ms]
      [Redirty Cards: 0.6 ms]
      [Humongous Register: 0.0 ms]
      [Humongous Reclaim: 0.0 ms]
      [Free CSet: 0.1 ms]
   [Eden: 46080.0K(46080.0K)->0.0B(12288.0K) Survivors: 1024.0K->1024.0K Heap: 236.0M(267.0M)->191.0M(267.0M)]
 [Times: user=0.00 sys=0.00, real=0.02 secs] 
2020-12-17T16:01:06.238+0530: 362072.809: [GC concurrent-string-deduplication, 880.0B->728.0B(152.0B), avg 59.6%, 0.0000398 secs]
   [Last Exec: 0.0000398 secs, Idle: 300.3902278 secs, Blocked: 0/0.0000000 secs]
      [Inspected:              80]
         [Skipped:              0(  0.0%)]
         [Hashed:               4(  5.0%)]
         [Known:               73( 91.3%)]
         [New:                  7(  8.8%)    880.0B]
      [Deduplicated:            2( 28.6%)    152.0B( 17.3%)]
         [Young:                2(100.0%)    152.0B(100.0%)]
         [Old:                  0(  0.0%)      0.0B(  0.0%)]
   [Total Exec: 1343/0.8345986 secs, Idle: 1343/362071.5066063 secs, Blocked: 124/0.0878220 secs]
      [Inspected:         2847411]
         [Skipped:              0(  0.0%)]
         [Hashed:         1161884( 40.8%)]
         [Known:           176841(  6.2%)]
         [New:            2670570( 93.8%)    205.8M]
      [Deduplicated:      1869411( 70.0%)    122.7M( 59.6%)]
         [Young:           760961( 40.7%)  59918.5K( 47.7%)]
         [Old:            1108450( 59.3%)  65692.7K( 52.3%)]
   [Table]
      [Memory Usage: 8332.5K]
      [Size: 262144, Min: 1024, Max: 16777216]
      [Entries: 260741, Load: 99.5%, Cached: 7397, Added: 953057, Removed: 692316]
      [Resize Count: 8, Shrink Threshold: 174762(66.7%), Grow Threshold: 524288(200.0%)]
      [Rehash Count: 0, Rehash Threshold: 120, Hash Seed: 0x0]
      [Age Threshold: 3]
   [Queue]
      [Dropped: 0]
[GC concurrent-string-deduplication, deleted 0 entries, 0.0000015 secs]
2020-12-17T16:01:06.258+0530: 362072.828: [GC pause (G1 Evacuation Pause) (mixed), 0.0133196 secs]
   [Parallel Time: 8.7 ms, GC Workers: 10]
      [GC Worker Start (ms): Min: 362072828.6, Avg: 362072828.8, Max: 362072828.8, Diff: 0.2]
      [Ext Root Scanning (ms): Min: 0.5, Avg: 0.8, Max: 1.9, Diff: 1.3, Sum: 7.8]
      [Update RS (ms): Min: 0.0, Avg: 0.1, Max: 0.2, Diff: 0.2, Sum: 0.8]
         [Processed Buffers: Min: 0, Avg: 0.9, Max: 1, Diff: 1, Sum: 9]
      [Scan RS (ms): Min: 0.7, Avg: 1.2, Max: 1.4, Diff: 0.7, Sum: 12.0]
      [Code Root Scanning (ms): Min: 0.0, Avg: 0.5, Max: 2.3, Diff: 2.3, Sum: 5.0]
      [Object Copy (ms): Min: 4.0, Avg: 5.5, Max: 6.1, Diff: 2.2, Sum: 55.3]
      [Termination (ms): Min: 0.0, Avg: 0.0, Max: 0.1, Diff: 0.1, Sum: 0.5]
         [Termination Attempts: Min: 1, Avg: 3.2, Max: 7, Diff: 6, Sum: 32]
      [GC Worker Other (ms): Min: 0.0, Avg: 0.0, Max: 0.0, Diff: 0.0, Sum: 0.1]
      [GC Worker Total (ms): Min: 8.1, Avg: 8.2, Max: 8.3, Diff: 0.2, Sum: 81.5]
      [GC Worker End (ms): Min: 362072836.9, Avg: 362072836.9, Max: 362072836.9, Diff: 0.0]
   [Code Root Fixup: 0.0 ms]
   [Code Root Purge: 0.0 ms]
   [String Dedup Fixup: 2.4 ms, GC Workers: 10]
      [Queue Fixup (ms): Min: 0.0, Avg: 0.0, Max: 0.0, Diff: 0.0, Sum: 0.0]
      [Table Fixup (ms): Min: 1.8, Avg: 1.9, Max: 2.0, Diff: 0.2, Sum: 18.8]
   [Clear CT: 0.7 ms]
   [Other: 1.4 ms]
      [Choose CSet: 0.1 ms]
      [Ref Proc: 0.4 ms]
      [Ref Enq: 0.0 ms]
      [Redirty Cards: 0.6 ms]
      [Humongous Register: 0.0 ms]
      [Humongous Reclaim: 0.0 ms]
      [Free CSet: 0.2 ms]
   [Eden: 12288.0K(12288.0K)->0.0B(51200.0K) Survivors: 1024.0K->1024.0K Heap: 203.0M(267.0M)->185.5M(267.0M)]
 [Times: user=0.00 sys=0.00, real=0.01 secs] 
2020-12-17T16:01:06.263+0530: 362072.842: [GC concurrent-string-deduplication, 264.0B->264.0B(0.0B), avg 59.6%, 0.0000073 secs]
   [Last Exec: 0.0000073 secs, Idle: 0.0334143 secs, Blocked: 0/0.0000000 secs]
      [Inspected:               9]
         [Skipped:              0(  0.0%)]
         [Hashed:               1( 11.1%)]
         [Known:                8( 88.9%)]
         [New:                  1( 11.1%)    264.0B]
      [Deduplicated:            0(  0.0%)      0.0B(  0.0%)]
         [Young:                0(  0.0%)      0.0B(  0.0%)]
         [Old:                  0(  0.0%)      0.0B(  0.0%)]
   [Total Exec: 1344/0.8346059 secs, Idle: 1344/362071.5400206 secs, Blocked: 124/0.0878220 secs]
      [Inspected:         2847420]
         [Skipped:              0(  0.0%)]
         [Hashed:         1161885( 40.8%)]
         [Known:           176849(  6.2%)]
         [New:            2670571( 93.8%)    205.8M]
      [Deduplicated:      1869411( 70.0%)    122.7M( 59.6%)]
         [Young:           760961( 40.7%)  59918.5K( 47.7%)]
         [Old:            1108450( 59.3%)  65692.7K( 52.3%)]
   [Table]
      [Memory Usage: 8332.5K]
      [Size: 262144, Min: 1024, Max: 16777216]
      [Entries: 260717, Load: 99.5%, Cached: 7421, Added: 953058, Removed: 692341]
      [Resize Count: 8, Shrink Threshold: 174762(66.7%), Grow Threshold: 524288(200.0%)]
      [Rehash Count: 0, Rehash Threshold: 120, Hash Seed: 0x0]
      [Age Threshold: 3]
   [Queue]
      [Dropped: 0]
[GC concurrent-string-deduplication, deleted 0 entries, 0.0000006 secs]
2020-12-17T16:06:43.618+0530: 362410.189: [GC pause (G1 Evacuation Pause) (young), 0.0096472 secs]
   [Parallel Time: 5.1 ms, GC Workers: 10]
      [GC Worker Start (ms): Min: 362410188.9, Avg: 362410189.1, Max: 362410189.4, Diff: 0.5]
      [Ext Root Scanning (ms): Min: 0.4, Avg: 0.8, Max: 1.9, Diff: 1.5, Sum: 7.7]
      [Update RS (ms): Min: 2.9, Avg: 3.7, Max: 4.0, Diff: 1.1, Sum: 37.3]
         [Processed Buffers: Min: 6, Avg: 10.0, Max: 22, Diff: 16, Sum: 100]
      [Scan RS (ms): Min: 0.0, Avg: 0.0, Max: 0.0, Diff: 0.0, Sum: 0.0]
      [Code Root Scanning (ms): Min: 0.0, Avg: 0.0, Max: 0.0, Diff: 0.0, Sum: 0.0]
      [Object Copy (ms): Min: 0.1, Avg: 0.1, Max: 0.2, Diff: 0.1, Sum: 1.2]
      [Termination (ms): Min: 0.0, Avg: 0.1, Max: 0.1, Diff: 0.1, Sum: 1.0]
         [Termination Attempts: Min: 1, Avg: 1.0, Max: 1, Diff: 0, Sum: 10]
      [GC Worker Other (ms): Min: 0.0, Avg: 0.0, Max: 0.0, Diff: 0.0, Sum: 0.1]
      [GC Worker Total (ms): Min: 4.5, Avg: 4.7, Max: 5.0, Diff: 0.5, Sum: 47.3]
      [GC Worker End (ms): Min: 362410193.9, Avg: 362410193.9, Max: 362410193.9, Diff: 0.0]
   [Code Root Fixup: 0.0 ms]
   [Code Root Purge: 0.0 ms]
   [String Dedup Fixup: 2.4 ms, GC Workers: 10]
      [Queue Fixup (ms): Min: 0.0, Avg: 0.0, Max: 0.0, Diff: 0.0, Sum: 0.0]
      [Table Fixup (ms): Min: 1.7, Avg: 1.7, Max: 1.9, Diff: 0.2, Sum: 17.5]
   [Clear CT: 0.9 ms]
   [Other: 1.3 ms]
      [Choose CSet: 0.0 ms]
      [Ref Proc: 0.3 ms]
      [Ref Enq: 0.0 ms]
      [Redirty Cards: 0.8 ms]
      [Humongous Register: 0.0 ms]
      [Humongous Reclaim: 0.0 ms]
      [Free CSet: 0.0 ms]
   [Eden: 51200.0K(51200.0K)->0.0B(52224.0K) Survivors: 1024.0K->1024.0K Heap: 235.5M(267.0M)->185.4M(267.0M)]
 [Times: user=0.16 sys=0.00, real=0.01 secs] 
2020-12-17T16:06:43.628+0530: 362410.199: [GC concurrent-string-deduplication, 264.0B->264.0B(0.0B), avg 59.6%, 0.0000035 secs]
   [Last Exec: 0.0000035 secs, Idle: 337.3565902 secs, Blocked: 0/0.0000000 secs]
      [Inspected:               1]
         [Skipped:              0(  0.0%)]
         [Hashed:               1(100.0%)]
         [Known:                0(  0.0%)]
         [New:                  1(100.0%)    264.0B]
      [Deduplicated:            0(  0.0%)      0.0B(  0.0%)]
         [Young:                0(  0.0%)      0.0B(  0.0%)]
         [Old:                  0(  0.0%)      0.0B(  0.0%)]
   [Total Exec: 1345/0.8346094 secs, Idle: 1345/362408.8966108 secs, Blocked: 124/0.0878220 secs]
      [Inspected:         2847421]
         [Skipped:              0(  0.0%)]
         [Hashed:         1161886( 40.8%)]
         [Known:           176849(  6.2%)]
         [New:            2670572( 93.8%)    205.8M]
      [Deduplicated:      1869411( 70.0%)    122.7M( 59.6%)]
         [Young:           760961( 40.7%)  59918.5K( 47.7%)]
         [Old:            1108450( 59.3%)  65692.7K( 52.3%)]
   [Table]
      [Memory Usage: 8332.5K]
      [Size: 262144, Min: 1024, Max: 16777216]
      [Entries: 260718, Load: 99.5%, Cached: 7420, Added: 953059, Removed: 692341]
      [Resize Count: 8, Shrink Threshold: 174762(66.7%), Grow Threshold: 524288(200.0%)]
      [Rehash Count: 0, Rehash Threshold: 120, Hash Seed: 0x0]
      [Age Threshold: 3]
   [Queue]
      [Dropped: 0]
[GC concurrent-string-deduplication, deleted 0 entries, 0.0000008 secs]
2020-12-17T16:08:33.973+0530: 362520.543: [GC pause (G1 Evacuation Pause) (young) (initial-mark), 0.0091092 secs]
   [Parallel Time: 3.9 ms, GC Workers: 10]
      [GC Worker Start (ms): Min: 362520543.5, Avg: 362520543.7, Max: 362520543.7, Diff: 0.2]
      [Ext Root Scanning (ms): Min: 1.9, Avg: 2.0, Max: 2.3, Diff: 0.4, Sum: 20.3]
      [Update RS (ms): Min: 0.3, Avg: 0.6, Max: 1.0, Diff: 0.7, Sum: 5.7]
         [Processed Buffers: Min: 2, Avg: 5.0, Max: 14, Diff: 12, Sum: 50]
      [Scan RS (ms): Min: 0.0, Avg: 0.0, Max: 0.0, Diff: 0.0, Sum: 0.1]
      [Code Root Scanning (ms): Min: 0.0, Avg: 0.0, Max: 0.0, Diff: 0.0, Sum: 0.0]
      [Object Copy (ms): Min: 0.2, Avg: 0.2, Max: 0.3, Diff: 0.2, Sum: 2.2]
      [Termination (ms): Min: 0.0, Avg: 0.4, Max: 0.5, Diff: 0.5, Sum: 3.7]
         [Termination Attempts: Min: 1, Avg: 15.0, Max: 26, Diff: 25, Sum: 150]
      [GC Worker Other (ms): Min: 0.0, Avg: 0.0, Max: 0.0, Diff: 0.0, Sum: 0.1]
      [GC Worker Total (ms): Min: 3.1, Avg: 3.2, Max: 3.3, Diff: 0.2, Sum: 32.2]
      [GC Worker End (ms): Min: 362520546.9, Avg: 362520546.9, Max: 362520546.9, Diff: 0.0]
   [Code Root Fixup: 0.0 ms]
   [Code Root Purge: 0.0 ms]
   [String Dedup Fixup: 2.5 ms, GC Workers: 10]
      [Queue Fixup (ms): Min: 0.0, Avg: 0.0, Max: 0.0, Diff: 0.0, Sum: 0.0]
      [Table Fixup (ms): Min: 1.7, Avg: 1.8, Max: 2.0, Diff: 0.2, Sum: 18.1]
   [Clear CT: 0.8 ms]
   [Other: 1.9 ms]
      [Choose CSet: 0.0 ms]
      [Ref Proc: 0.7 ms]
      [Ref Enq: 0.0 ms]
      [Redirty Cards: 0.8 ms]
      [Humongous Register: 0.0 ms]
      [Humongous Reclaim: 0.0 ms]
      [Free CSet: 0.0 ms]
   [Eden: 52224.0K(52224.0K)->0.0B(52224.0K) Survivors: 1024.0K->1024.0K Heap: 236.4M(267.0M)->185.6M(267.0M)]
 [Times: user=0.00 sys=0.00, real=0.00 secs] 
2020-12-17T16:08:33.974+0530: 362520.552: [GC concurrent-root-region-scan-start]
2020-12-17T16:08:33.974+0530: 362520.554: [GC concurrent-root-region-scan-end, 0.0018974 secs]
2020-12-17T16:08:33.974+0530: 362520.554: [GC concurrent-mark-start]
2020-12-17T16:08:34.064+0530: 362520.634: [GC concurrent-mark-end, 0.0797776 secs]
2020-12-17T16:08:34.064+0530: 362520.635: [GC remark 2020-12-17T16:08:34.064+0530: 362520.635: [Finalize Marking, 0.0004454 secs] 2020-12-17T16:08:34.065+0530: 362520.635: [GC ref-proc, 0.0004623 secs] 2020-12-17T16:08:34.065+0530: 362520.636: [Unloading, 0.0203771 secs], 0.0221332 secs]
 [Times: user=0.16 sys=0.00, real=0.02 secs] 
2020-12-17T16:08:34.087+0530: 362520.657: [GC cleanup 190M->190M(267M), 0.0041645 secs]
 [Times: user=0.00 sys=0.00, real=0.00 secs] 
2020-12-17T16:15:55.293+0530: 362961.864: [GC pause (G1 Evacuation Pause) (young), 0.0107076 secs]
   [Parallel Time: 6.0 ms, GC Workers: 10]
      [GC Worker Start (ms): Min: 362961864.6, Avg: 362961865.2, Max: 362961865.7, Diff: 1.1]
      [Ext Root Scanning (ms): Min: 1.7, Avg: 2.5, Max: 5.4, Diff: 3.7, Sum: 24.7]
      [Update RS (ms): Min: 0.0, Avg: 2.1, Max: 2.6, Diff: 2.6, Sum: 20.7]
         [Processed Buffers: Min: 0, Avg: 6.1, Max: 14, Diff: 14, Sum: 61]
      [Scan RS (ms): Min: 0.0, Avg: 0.0, Max: 0.1, Diff: 0.1, Sum: 0.1]
      [Code Root Scanning (ms): Min: 0.0, Avg: 0.0, Max: 0.0, Diff: 0.0, Sum: 0.0]
      [Object Copy (ms): Min: 0.1, Avg: 0.4, Max: 0.6, Diff: 0.5, Sum: 4.0]
      [Termination (ms): Min: 0.0, Avg: 0.2, Max: 0.3, Diff: 0.3, Sum: 2.2]
         [Termination Attempts: Min: 1, Avg: 1.8, Max: 3, Diff: 2, Sum: 18]
      [GC Worker Other (ms): Min: 0.0, Avg: 0.0, Max: 0.0, Diff: 0.0, Sum: 0.2]
      [GC Worker Total (ms): Min: 4.7, Avg: 5.2, Max: 5.8, Diff: 1.1, Sum: 52.1]
      [GC Worker End (ms): Min: 362961870.4, Avg: 362961870.4, Max: 362961870.4, Diff: 0.0]
   [Code Root Fixup: 0.0 ms]
   [Code Root Purge: 0.0 ms]
   [String Dedup Fixup: 2.3 ms, GC Workers: 10]
      [Queue Fixup (ms): Min: 0.0, Avg: 0.0, Max: 0.0, Diff: 0.0, Sum: 0.0]
      [Table Fixup (ms): Min: 1.7, Avg: 1.8, Max: 2.0, Diff: 0.3, Sum: 18.3]
   [Clear CT: 0.9 ms]
   [Other: 1.5 ms]
      [Choose CSet: 0.0 ms]
      [Ref Proc: 0.6 ms]
      [Ref Enq: 0.0 ms]
      [Redirty Cards: 0.5 ms]
      [Humongous Register: 0.1 ms]
      [Humongous Reclaim: 0.0 ms]
      [Free CSet: 0.0 ms]
   [Eden: 52224.0K(52224.0K)->0.0B(12288.0K) Survivors: 1024.0K->1024.0K Heap: 236.6M(267.0M)->185.5M(267.0M)]
 [Times: user=0.16 sys=0.00, real=0.01 secs] 
2020-12-17T16:15:55.302+0530: 362961.875: [GC concurrent-string-deduplication, 264.0B->264.0B(0.0B), avg 59.6%, 0.0000029 secs]
   [Last Exec: 0.0000029 secs, Idle: 551.6763879 secs, Blocked: 0/0.0000000 secs]
      [Inspected:               1]
         [Skipped:              0(  0.0%)]
         [Hashed:               1(100.0%)]
         [Known:                0(  0.0%)]
         [New:                  1(100.0%)    264.0B]
      [Deduplicated:            0(  0.0%)      0.0B(  0.0%)]
         [Young:                0(  0.0%)      0.0B(  0.0%)]
         [Old:                  0(  0.0%)      0.0B(  0.0%)]
   [Total Exec: 1346/0.8346123 secs, Idle: 1346/362960.5729987 secs, Blocked: 124/0.0878220 secs]
      [Inspected:         2847422]
         [Skipped:              0(  0.0%)]
         [Hashed:         1161887( 40.8%)]
         [Known:           176849(  6.2%)]
         [New:            2670573( 93.8%)    205.8M]
      [Deduplicated:      1869411( 70.0%)    122.7M( 59.6%)]
         [Young:           760961( 40.7%)  59918.5K( 47.7%)]
         [Old:            1108450( 59.3%)  65692.7K( 52.3%)]
   [Table]
      [Memory Usage: 8332.5K]
      [Size: 262144, Min: 1024, Max: 16777216]
      [Entries: 260818, Load: 99.5%, Cached: 7320, Added: 953183, Removed: 692365]
      [Resize Count: 8, Shrink Threshold: 174762(66.7%), Grow Threshold: 524288(200.0%)]
      [Rehash Count: 0, Rehash Threshold: 120, Hash Seed: 0x0]
      [Age Threshold: 3]
   [Queue]
      [Dropped: 0]
[GC concurrent-string-deduplication, deleted 0 entries, 0.0000008 secs]
2020-12-17T16:16:06.954+0530: 362973.530: [GC pause (G1 Evacuation Pause) (mixed), 0.0090453 secs]
   [Parallel Time: 4.4 ms, GC Workers: 10]
      [GC Worker Start (ms): Min: 362973530.5, Avg: 362973530.7, Max: 362973530.8, Diff: 0.3]
      [Ext Root Scanning (ms): Min: 0.5, Avg: 0.8, Max: 1.8, Diff: 1.2, Sum: 7.7]
      [Update RS (ms): Min: 0.0, Avg: 0.4, Max: 0.7, Diff: 0.7, Sum: 4.2]
         [Processed Buffers: Min: 0, Avg: 3.1, Max: 11, Diff: 11, Sum: 31]
      [Scan RS (ms): Min: 0.5, Avg: 0.7, Max: 0.9, Diff: 0.4, Sum: 6.8]
      [Code Root Scanning (ms): Min: 0.0, Avg: 0.4, Max: 2.2, Diff: 2.2, Sum: 4.1]
      [Object Copy (ms): Min: 0.0, Avg: 1.2, Max: 1.6, Diff: 1.6, Sum: 12.5]
      [Termination (ms): Min: 0.0, Avg: 0.6, Max: 0.8, Diff: 0.8, Sum: 6.4]
         [Termination Attempts: Min: 1, Avg: 11.0, Max: 16, Diff: 15, Sum: 110]
      [GC Worker Other (ms): Min: 0.0, Avg: 0.0, Max: 0.0, Diff: 0.0, Sum: 0.1]
      [GC Worker Total (ms): Min: 4.1, Avg: 4.2, Max: 4.3, Diff: 0.3, Sum: 41.8]
      [GC Worker End (ms): Min: 362973534.8, Avg: 362973534.8, Max: 362973534.9, Diff: 0.0]
   [Code Root Fixup: 0.0 ms]
   [Code Root Purge: 0.0 ms]
   [String Dedup Fixup: 2.4 ms, GC Workers: 10]
      [Queue Fixup (ms): Min: 0.0, Avg: 0.0, Max: 0.0, Diff: 0.0, Sum: 0.0]
      [Table Fixup (ms): Min: 1.7, Avg: 1.8, Max: 2.0, Diff: 0.2, Sum: 17.9]
   [Clear CT: 0.8 ms]
   [Other: 1.5 ms]
      [Choose CSet: 0.0 ms]
      [Ref Proc: 0.6 ms]
      [Ref Enq: 0.0 ms]
      [Redirty Cards: 0.7 ms]
      [Humongous Register: 0.0 ms]
      [Humongous Reclaim: 0.0 ms]
      [Free CSet: 0.1 ms]
   [Eden: 12288.0K(12288.0K)->0.0B(53248.0K) Survivors: 1024.0K->1024.0K Heap: 197.5M(267.0M)->184.9M(267.0M)]
 [Times: user=0.00 sys=0.00, real=0.00 secs] 
2020-12-17T16:16:06.969+0530: 362973.540: [GC concurrent-string-deduplication, 688.0B->552.0B(136.0B), avg 59.6%, 0.0001090 secs]
   [Last Exec: 0.0001090 secs, Idle: 11.6645915 secs, Blocked: 0/0.0000000 secs]
      [Inspected:             127]
         [Skipped:              0(  0.0%)]
         [Hashed:               3(  2.4%)]
         [Known:              118( 92.9%)]
         [New:                  9(  7.1%)    688.0B]
      [Deduplicated:            5( 55.6%)    136.0B( 19.8%)]
         [Young:                5(100.0%)    136.0B(100.0%)]
         [Old:                  0(  0.0%)      0.0B(  0.0%)]
   [Total Exec: 1347/0.8347213 secs, Idle: 1347/362972.2375902 secs, Blocked: 124/0.0878220 secs]
      [Inspected:         2847549]
         [Skipped:              0(  0.0%)]
         [Hashed:         1161890( 40.8%)]
         [Known:           176967(  6.2%)]
         [New:            2670582( 93.8%)    205.8M]
      [Deduplicated:      1869416( 70.0%)    122.7M( 59.6%)]
         [Young:           760966( 40.7%)  59918.6K( 47.7%)]
         [Old:            1108450( 59.3%)  65692.7K( 52.3%)]
   [Table]
      [Memory Usage: 8332.5K]
      [Size: 262144, Min: 1024, Max: 16777216]
      [Entries: 260803, Load: 99.5%, Cached: 7335, Added: 953187, Removed: 692384]
      [Resize Count: 8, Shrink Threshold: 174762(66.7%), Grow Threshold: 524288(200.0%)]
      [Rehash Count: 0, Rehash Threshold: 120, Hash Seed: 0x0]
      [Age Threshold: 3]
   [Queue]
      [Dropped: 0]
[GC concurrent-string-deduplication, deleted 0 entries, 0.0000008 secs]
2020-12-17T16:17:21.009+0530: 363047.580: [GC pause (G1 Humongous Allocation) (young) (initial-mark), 0.0097401 secs]
   [Parallel Time: 5.0 ms, GC Workers: 10]
      [GC Worker Start (ms): Min: 363047580.1, Avg: 363047580.3, Max: 363047580.3, Diff: 0.2]
      [Ext Root Scanning (ms): Min: 1.6, Avg: 1.8, Max: 2.0, Diff: 0.4, Sum: 18.2]
      [Update RS (ms): Min: 1.8, Avg: 2.0, Max: 2.5, Diff: 0.7, Sum: 20.2]
         [Processed Buffers: Min: 4, Avg: 7.5, Max: 18, Diff: 14, Sum: 75]
      [Scan RS (ms): Min: 0.0, Avg: 0.0, Max: 0.0, Diff: 0.0, Sum: 0.1]
      [Code Root Scanning (ms): Min: 0.0, Avg: 0.0, Max: 0.0, Diff: 0.0, Sum: 0.0]
      [Object Copy (ms): Min: 0.0, Avg: 0.2, Max: 0.4, Diff: 0.4, Sum: 2.5]
      [Termination (ms): Min: 0.0, Avg: 0.3, Max: 0.3, Diff: 0.3, Sum: 2.5]
         [Termination Attempts: Min: 1, Avg: 3.0, Max: 6, Diff: 5, Sum: 30]
      [GC Worker Other (ms): Min: 0.0, Avg: 0.0, Max: 0.0, Diff: 0.0, Sum: 0.1]
      [GC Worker Total (ms): Min: 4.3, Avg: 4.3, Max: 4.4, Diff: 0.1, Sum: 43.5]
      [GC Worker End (ms): Min: 363047584.6, Avg: 363047584.6, Max: 363047584.6, Diff: 0.0]
   [Code Root Fixup: 0.0 ms]
   [Code Root Purge: 0.0 ms]
   [String Dedup Fixup: 2.5 ms, GC Workers: 10]
      [Queue Fixup (ms): Min: 0.0, Avg: 0.0, Max: 0.0, Diff: 0.0, Sum: 0.0]
      [Table Fixup (ms): Min: 1.9, Avg: 1.9, Max: 2.0, Diff: 0.2, Sum: 19.2]
   [Clear CT: 0.8 ms]
   [Other: 1.4 ms]
      [Choose CSet: 0.0 ms]
      [Ref Proc: 0.7 ms]
      [Ref Enq: 0.0 ms]
      [Redirty Cards: 0.5 ms]
      [Humongous Register: 0.0 ms]
      [Humongous Reclaim: 0.0 ms]
      [Free CSet: 0.0 ms]
   [Eden: 49152.0K(53248.0K)->0.0B(53248.0K) Survivors: 1024.0K->1024.0K Heap: 232.7M(267.0M)->185.1M(267.0M)]
 [Times: user=0.00 sys=0.00, real=0.01 secs] 
2020-12-17T16:17:21.019+0530: 363047.590: [GC concurrent-root-region-scan-start]
2020-12-17T16:17:21.019+0530: 363047.590: [GC concurrent-string-deduplication, 1096.0B->968.0B(128.0B), avg 59.6%, 0.0000300 secs]
   [Last Exec: 0.0000300 secs, Idle: 74.0500699 secs, Blocked: 0/0.0000000 secs]
      [Inspected:              21]
         [Skipped:              0(  0.0%)]
         [Hashed:               2(  9.5%)]
         [Known:               16( 76.2%)]
         [New:                  5( 23.8%)   1096.0B]
      [Deduplicated:            1( 20.0%)    128.0B( 11.7%)]
         [Young:                1(100.0%)    128.0B(100.0%)]
         [Old:                  0(  0.0%)      0.0B(  0.0%)]
   [Total Exec: 1348/0.8347513 secs, Idle: 1348/363046.2876601 secs, Blocked: 124/0.0878220 secs]
      [Inspected:         2847570]
         [Skipped:              0(  0.0%)]
         [Hashed:         1161892( 40.8%)]
         [Known:           176983(  6.2%)]
         [New:            2670587( 93.8%)    205.8M]
      [Deduplicated:      1869417( 70.0%)    122.7M( 59.6%)]
         [Young:           760967( 40.7%)  59918.7K( 47.7%)]
         [Old:            1108450( 59.3%)  65692.7K( 52.3%)]
   [Table]
      [Memory Usage: 8332.5K]
      [Size: 262144, Min: 1024, Max: 16777216]
      [Entries: 260814, Load: 99.5%, Cached: 7324, Added: 953210, Removed: 692396]
      [Resize Count: 8, Shrink Threshold: 174762(66.7%), Grow Threshold: 524288(200.0%)]
      [Rehash Count: 0, Rehash Threshold: 120, Hash Seed: 0x0]
      [Age Threshold: 3]
   [Queue]
      [Dropped: 0]
[GC concurrent-string-deduplication, deleted 0 entries, 0.0000007 secs]
2020-12-17T16:17:21.021+0530: 363047.592: [GC concurrent-root-region-scan-end, 0.0024552 secs]
2020-12-17T16:17:21.021+0530: 363047.592: [GC concurrent-mark-start]
2020-12-17T16:17:21.125+0530: 363047.696: [GC concurrent-mark-end, 0.1035394 secs]
2020-12-17T16:17:21.125+0530: 363047.696: [GC remark 2020-12-17T16:17:21.125+0530: 363047.697: [Finalize Marking, 0.0004025 secs] 2020-12-17T16:17:21.126+0530: 363047.697: [GC ref-proc, 0.0005590 secs] 2020-12-17T16:17:21.126+0530: 363047.697: [Unloading, 0.0224582 secs], 0.0241446 secs]
 [Times: user=0.13 sys=0.03, real=0.03 secs] 
2020-12-17T16:17:21.150+0530: 363047.721: [GC cleanup 190M->190M(267M), 0.0017190 secs]
 [Times: user=0.00 sys=0.00, real=0.00 secs] 
2020-12-17T16:18:12.001+0530: 363098.575: [GC pause (G1 Evacuation Pause) (young), 0.0082480 secs]
   [Parallel Time: 3.4 ms, GC Workers: 10]
      [GC Worker Start (ms): Min: 363098575.5, Avg: 363098575.9, Max: 363098576.0, Diff: 0.5]
      [Ext Root Scanning (ms): Min: 0.8, Avg: 1.0, Max: 2.0, Diff: 1.2, Sum: 10.5]
      [Update RS (ms): Min: 0.1, Avg: 0.7, Max: 1.3, Diff: 1.2, Sum: 6.8]
         [Processed Buffers: Min: 3, Avg: 6.9, Max: 16, Diff: 13, Sum: 69]
      [Scan RS (ms): Min: 0.0, Avg: 0.0, Max: 0.0, Diff: 0.0, Sum: 0.1]
      [Code Root Scanning (ms): Min: 0.0, Avg: 0.0, Max: 0.0, Diff: 0.0, Sum: 0.0]
      [Object Copy (ms): Min: 0.2, Avg: 0.5, Max: 0.7, Diff: 0.5, Sum: 4.8]
      [Termination (ms): Min: 0.0, Avg: 0.3, Max: 0.3, Diff: 0.3, Sum: 2.5]
         [Termination Attempts: Min: 1, Avg: 17.0, Max: 24, Diff: 23, Sum: 170]
      [GC Worker Other (ms): Min: 0.0, Avg: 0.0, Max: 0.1, Diff: 0.0, Sum: 0.2]
      [GC Worker Total (ms): Min: 2.3, Avg: 2.5, Max: 2.8, Diff: 0.5, Sum: 24.9]
      [GC Worker End (ms): Min: 363098578.3, Avg: 363098578.4, Max: 363098578.4, Diff: 0.0]
   [Code Root Fixup: 0.0 ms]
   [Code Root Purge: 0.0 ms]
   [String Dedup Fixup: 2.4 ms, GC Workers: 10]
      [Queue Fixup (ms): Min: 0.0, Avg: 0.0, Max: 0.0, Diff: 0.0, Sum: 0.0]
      [Table Fixup (ms): Min: 1.6, Avg: 1.7, Max: 1.9, Diff: 0.3, Sum: 17.5]
   [Clear CT: 0.8 ms]
   [Other: 1.7 ms]
      [Choose CSet: 0.0 ms]
      [Ref Proc: 0.6 ms]
      [Ref Enq: 0.0 ms]
      [Redirty Cards: 0.7 ms]
      [Humongous Register: 0.0 ms]
      [Humongous Reclaim: 0.0 ms]
      [Free CSet: 0.0 ms]
   [Eden: 53248.0K(53248.0K)->0.0B(51200.0K) Survivors: 1024.0K->2048.0K Heap: 239.1M(267.0M)->185.7M(267.0M)]
 [Times: user=0.00 sys=0.00, real=0.00 secs] 
2020-12-17T16:18:38.012+0530: 363124.583: [GC pause (G1 Humongous Allocation) (young) (initial-mark), 0.0120383 secs]
   [Parallel Time: 3.5 ms, GC Workers: 10]
      [GC Worker Start (ms): Min: 363124583.1, Avg: 363124583.2, Max: 363124583.3, Diff: 0.2]
      [Ext Root Scanning (ms): Min: 1.5, Avg: 1.7, Max: 1.8, Diff: 0.3, Sum: 17.3]
      [Update RS (ms): Min: 0.5, Avg: 0.6, Max: 0.9, Diff: 0.4, Sum: 6.1]
         [Processed Buffers: Min: 1, Avg: 6.0, Max: 13, Diff: 12, Sum: 60]
      [Scan RS (ms): Min: 0.0, Avg: 0.0, Max: 0.0, Diff: 0.0, Sum: 0.0]
      [Code Root Scanning (ms): Min: 0.0, Avg: 0.0, Max: 0.0, Diff: 0.0, Sum: 0.0]
      [Object Copy (ms): Min: 0.2, Avg: 0.4, Max: 0.5, Diff: 0.4, Sum: 4.1]
      [Termination (ms): Min: 0.0, Avg: 0.0, Max: 0.0, Diff: 0.0, Sum: 0.3]
         [Termination Attempts: Min: 1, Avg: 1.0, Max: 1, Diff: 0, Sum: 10]
      [GC Worker Other (ms): Min: 0.0, Avg: 0.0, Max: 0.0, Diff: 0.0, Sum: 0.1]
      [GC Worker Total (ms): Min: 2.7, Avg: 2.8, Max: 2.9, Diff: 0.2, Sum: 28.0]
      [GC Worker End (ms): Min: 363124586.0, Avg: 363124586.0, Max: 363124586.0, Diff: 0.0]
   [Code Root Fixup: 0.0 ms]
   [Code Root Purge: 0.0 ms]
   [String Dedup Fixup: 4.3 ms, GC Workers: 10]
      [Queue Fixup (ms): Min: 0.0, Avg: 0.0, Max: 0.0, Diff: 0.0, Sum: 0.0]
      [Table Fixup (ms): Min: 3.7, Avg: 3.8, Max: 3.9, Diff: 0.2, Sum: 37.6]
   [Clear CT: 0.7 ms]
   [Other: 3.6 ms]
      [Choose CSet: 0.0 ms]
      [Ref Proc: 2.3 ms]
      [Ref Enq: 0.0 ms]
      [Redirty Cards: 0.9 ms]
      [Humongous Register: 0.0 ms]
      [Humongous Reclaim: 0.0 ms]
      [Free CSet: 0.1 ms]
   [Eden: 25600.0K(51200.0K)->0.0B(45056.0K) Survivors: 2048.0K->5120.0K Heap: 209.9M(267.0M)->188.8M(267.0M)]
 [Times: user=0.00 sys=0.00, real=0.01 secs] 
2020-12-17T16:18:38.024+0530: 363124.595: [GC concurrent-root-region-scan-start]
2020-12-17T16:18:38.024+0530: 363124.595: [GC concurrent-string-deduplication, 1256.0B->544.0B(712.0B), avg 59.6%, 0.0000816 secs]
   [Last Exec: 0.0000816 secs, Idle: 77.0051958 secs, Blocked: 0/0.0000000 secs]
      [Inspected:              37]
         [Skipped:              0(  0.0%)]
         [Hashed:               8( 21.6%)]
         [Known:               22( 59.5%)]
         [New:                 15( 40.5%)   1256.0B]
      [Deduplicated:           10( 66.7%)    712.0B( 56.7%)]
         [Young:               10(100.0%)    712.0B(100.0%)]
         [Old:                  0(  0.0%)      0.0B(  0.0%)]
   [Total Exec: 1349/0.8348329 secs, Idle: 1349/363123.2928559 secs, Blocked: 124/0.0878220 secs]
      [Inspected:         2847607]
         [Skipped:              0(  0.0%)]
         [Hashed:         1161900( 40.8%)]
         [Known:           177005(  6.2%)]
         [New:            2670602( 93.8%)    205.8M]
      [Deduplicated:      1869427( 70.0%)    122.7M( 59.6%)]
         [Young:           760977( 40.7%)  59919.4K( 47.7%)]
         [Old:            1108450( 59.3%)  65692.7K( 52.3%)]
   [Table]
      [Memory Usage: 8332.5K]
      [Size: 262144, Min: 1024, Max: 16777216]
      [Entries: 261493, Load: 99.8%, Cached: 6645, Added: 953896, Removed: 692403]
      [Resize Count: 8, Shrink Threshold: 174762(66.7%), Grow Threshold: 524288(200.0%)]
      [Rehash Count: 0, Rehash Threshold: 120, Hash Seed: 0x0]
      [Age Threshold: 3]
   [Queue]
      [Dropped: 0]
[GC concurrent-string-deduplication, deleted 0 entries, 0.0000013 secs]
2020-12-17T16:18:38.027+0530: 363124.597: [GC concurrent-root-region-scan-end, 0.0022644 secs]
2020-12-17T16:18:38.027+0530: 363124.597: [GC concurrent-mark-start]
2020-12-17T16:18:38.140+0530: 363124.711: [GC concurrent-mark-end, 0.1134141 secs]
2020-12-17T16:18:38.142+0530: 363124.712: [GC remark 2020-12-17T16:18:38.142+0530: 363124.712: [Finalize Marking, 0.0003883 secs] 2020-12-17T16:18:38.142+0530: 363124.713: [GC ref-proc, 0.0006366 secs] 2020-12-17T16:18:38.143+0530: 363124.713: [Unloading, 0.0269403 secs], 0.0288225 secs]
 [Times: user=0.13 sys=0.02, real=0.03 secs] 
2020-12-17T16:18:38.171+0530: 363124.742: [GC cleanup 190M->190M(267M), 0.0024899 secs]
 [Times: user=0.02 sys=0.00, real=0.00 secs] 
2020-12-17T16:18:50.547+0530: 363137.118: [GC pause (G1 Evacuation Pause) (young), 0.0084782 secs]
   [Parallel Time: 2.9 ms, GC Workers: 10]
      [GC Worker Start (ms): Min: 363137118.0, Avg: 363137118.1, Max: 363137118.2, Diff: 0.2]
      [Ext Root Scanning (ms): Min: 0.7, Avg: 0.9, Max: 1.6, Diff: 0.9, Sum: 8.8]
      [Update RS (ms): Min: 0.4, Avg: 0.6, Max: 0.9, Diff: 0.5, Sum: 6.3]
         [Processed Buffers: Min: 2, Avg: 4.6, Max: 9, Diff: 7, Sum: 46]
      [Scan RS (ms): Min: 0.0, Avg: 0.0, Max: 0.0, Diff: 0.0, Sum: 0.0]
      [Code Root Scanning (ms): Min: 0.0, Avg: 0.0, Max: 0.0, Diff: 0.0, Sum: 0.0]
      [Object Copy (ms): Min: 0.8, Avg: 1.2, Max: 1.4, Diff: 0.5, Sum: 11.7]
      [Termination (ms): Min: 0.0, Avg: 0.0, Max: 0.0, Diff: 0.0, Sum: 0.0]
         [Termination Attempts: Min: 1, Avg: 1.0, Max: 1, Diff: 0, Sum: 10]
      [GC Worker Other (ms): Min: 0.0, Avg: 0.0, Max: 0.0, Diff: 0.0, Sum: 0.2]
      [GC Worker Total (ms): Min: 2.6, Avg: 2.7, Max: 2.8, Diff: 0.2, Sum: 27.1]
      [GC Worker End (ms): Min: 363137120.8, Avg: 363137120.8, Max: 363137120.8, Diff: 0.0]
   [Code Root Fixup: 0.0 ms]
   [Code Root Purge: 0.0 ms]
   [String Dedup Fixup: 2.6 ms, GC Workers: 10]
      [Queue Fixup (ms): Min: 0.0, Avg: 0.0, Max: 0.0, Diff: 0.0, Sum: 0.0]
      [Table Fixup (ms): Min: 2.3, Avg: 2.4, Max: 2.5, Diff: 0.2, Sum: 23.6]
   [Clear CT: 1.2 ms]
   [Other: 1.7 ms]
      [Choose CSet: 0.0 ms]
      [Ref Proc: 1.0 ms]
      [Ref Enq: 0.0 ms]
      [Redirty Cards: 0.6 ms]
      [Humongous Register: 0.0 ms]
      [Humongous Reclaim: 0.0 ms]
      [Free CSet: 0.0 ms]
   [Eden: 45056.0K(45056.0K)->0.0B(47104.0K) Survivors: 5120.0K->4096.0K Heap: 233.8M(267.0M)->187.9M(267.0M)]
 [Times: user=0.00 sys=0.00, real=0.01 secs] 
2020-12-17T16:18:50.557+0530: 363137.128: [GC concurrent-string-deduplication, 102.3K->57832.0B(46920.0B), avg 59.6%, 0.0005870 secs]
   [Last Exec: 0.0005870 secs, Idle: 12.5312133 secs, Blocked: 2/0.0008537 secs]
      [Inspected:            1896]
         [Skipped:              0(  0.0%)]
         [Hashed:             970( 51.2%)]
         [Known:              822( 43.4%)]
         [New:               1074( 56.6%)    102.3K]
      [Deduplicated:          467( 43.5%)  46920.0B( 44.8%)]
         [Young:              467(100.0%)  46920.0B(100.0%)]
         [Old:                  0(  0.0%)      0.0B(  0.0%)]
   [Total Exec: 1350/0.8354199 secs, Idle: 1350/363135.8240692 secs, Blocked: 126/0.0886757 secs]
      [Inspected:         2849503]
         [Skipped:              0(  0.0%)]
         [Hashed:         1162870( 40.8%)]
         [Known:           177827(  6.2%)]
         [New:            2671676( 93.8%)    205.9M]
      [Deduplicated:      1869894( 70.0%)    122.7M( 59.6%)]
         [Young:           761444( 40.7%)  59965.2K( 47.7%)]
         [Old:            1108450( 59.3%)  65692.7K( 52.3%)]
   [Table]
      [Memory Usage: 8332.5K]
      [Size: 262144, Min: 1024, Max: 16777216]
      [Entries: 262301, Load: 100.1%, Cached: 5837, Added: 954738, Removed: 692437]
      [Resize Count: 8, Shrink Threshold: 174762(66.7%), Grow Threshold: 524288(200.0%)]
      [Rehash Count: 0, Rehash Threshold: 120, Hash Seed: 0x0]
      [Age Threshold: 3]
   [Queue]
      [Dropped: 0]
[GC concurrent-string-deduplication, deleted 0 entries, 0.0000006 secs]
2020-12-17T16:18:55.860+0530: 363142.431: [GC pause (G1 Humongous Allocation) (young) (initial-mark), 0.0087550 secs]
   [Parallel Time: 3.6 ms, GC Workers: 10]
      [GC Worker Start (ms): Min: 363142431.5, Avg: 363142431.5, Max: 363142431.6, Diff: 0.1]
      [Ext Root Scanning (ms): Min: 1.8, Avg: 1.9, Max: 2.1, Diff: 0.3, Sum: 19.2]
      [Update RS (ms): Min: 0.4, Avg: 0.6, Max: 1.0, Diff: 0.5, Sum: 5.8]
         [Processed Buffers: Min: 2, Avg: 4.7, Max: 9, Diff: 7, Sum: 47]
      [Scan RS (ms): Min: 0.0, Avg: 0.0, Max: 0.0, Diff: 0.0, Sum: 0.0]
      [Code Root Scanning (ms): Min: 0.0, Avg: 0.0, Max: 0.0, Diff: 0.0, Sum: 0.0]
      [Object Copy (ms): Min: 0.2, Avg: 0.7, Max: 0.8, Diff: 0.7, Sum: 6.6]
      [Termination (ms): Min: 0.0, Avg: 0.0, Max: 0.0, Diff: 0.0, Sum: 0.0]
         [Termination Attempts: Min: 1, Avg: 1.0, Max: 1, Diff: 0, Sum: 10]
      [GC Worker Other (ms): Min: 0.0, Avg: 0.0, Max: 0.0, Diff: 0.0, Sum: 0.2]
      [GC Worker Total (ms): Min: 3.1, Avg: 3.2, Max: 3.2, Diff: 0.1, Sum: 31.7]
      [GC Worker End (ms): Min: 363142434.7, Avg: 363142434.7, Max: 363142434.7, Diff: 0.0]
   [Code Root Fixup: 0.0 ms]
   [Code Root Purge: 0.0 ms]
   [String Dedup Fixup: 3.4 ms, GC Workers: 10]
      [Queue Fixup (ms): Min: 0.0, Avg: 0.0, Max: 0.0, Diff: 0.0, Sum: 0.0]
      [Table Fixup (ms): Min: 2.8, Avg: 2.9, Max: 3.0, Diff: 0.1, Sum: 28.9]
   [Clear CT: 0.5 ms]
   [Other: 1.2 ms]
      [Choose CSet: 0.0 ms]
      [Ref Proc: 0.2 ms]
      [Ref Enq: 0.0 ms]
      [Redirty Cards: 0.7 ms]
      [Humongous Register: 0.0 ms]
      [Humongous Reclaim: 0.0 ms]
      [Free CSet: 0.0 ms]
   [Eden: 22528.0K(47104.0K)->0.0B(47104.0K) Survivors: 4096.0K->4096.0K Heap: 209.2M(267.0M)->188.3M(267.0M)]
 [Times: user=0.00 sys=0.00, real=0.01 secs] 
2020-12-17T16:18:55.869+0530: 363142.440: [GC concurrent-root-region-scan-start]
2020-12-17T16:18:55.869+0530: 363142.440: [GC concurrent-string-deduplication, 9920.0B->5688.0B(4232.0B), avg 59.6%, 0.0000969 secs]
   [Last Exec: 0.0000969 secs, Idle: 5.3121348 secs, Blocked: 0/0.0000000 secs]
      [Inspected:             151]
         [Skipped:              0(  0.0%)]
         [Hashed:             114( 75.5%)]
         [Known:               22( 14.6%)]
         [New:                129( 85.4%)   9920.0B]
      [Deduplicated:           82( 63.6%)   4232.0B( 42.7%)]
         [Young:               82(100.0%)   4232.0B(100.0%)]
         [Old:                  0(  0.0%)      0.0B(  0.0%)]
   [Total Exec: 1351/0.8355168 secs, Idle: 1351/363141.1362040 secs, Blocked: 126/0.0886757 secs]
      [Inspected:         2849654]
         [Skipped:              0(  0.0%)]
         [Hashed:         1162984( 40.8%)]
         [Known:           177849(  6.2%)]
         [New:            2671805( 93.8%)    205.9M]
      [Deduplicated:      1869976( 70.0%)    122.7M( 59.6%)]
         [Young:           761526( 40.7%)  59969.4K( 47.7%)]
         [Old:            1108450( 59.3%)  65692.7K( 52.3%)]
   [Table]
      [Memory Usage: 8332.5K]
      [Size: 262144, Min: 1024, Max: 16777216]
      [Entries: 262363, Load: 100.1%, Cached: 5775, Added: 954801, Removed: 692438]
      [Resize Count: 8, Shrink Threshold: 174762(66.7%), Grow Threshold: 524288(200.0%)]
      [Rehash Count: 0, Rehash Threshold: 120, Hash Seed: 0x0]
      [Age Threshold: 3]
   [Queue]
      [Dropped: 0]
[GC concurrent-string-deduplication, deleted 0 entries, 0.0000010 secs]
2020-12-17T16:18:55.871+0530: 363142.442: [GC concurrent-root-region-scan-end, 0.0021421 secs]
2020-12-17T16:18:55.871+0530: 363142.442: [GC concurrent-mark-start]
2020-12-17T16:18:55.959+0530: 363142.530: [GC concurrent-mark-end, 0.0879686 secs]
2020-12-17T16:18:55.960+0530: 363142.531: [GC remark 2020-12-17T16:18:55.960+0530: 363142.531: [Finalize Marking, 0.0002689 secs] 2020-12-17T16:18:55.960+0530: 363142.531: [GC ref-proc, 0.0005183 secs] 2020-12-17T16:18:55.960+0530: 363142.532: [Unloading, 0.0212446 secs], 0.0226704 secs]
 [Times: user=0.17 sys=0.00, real=0.02 secs] 
2020-12-17T16:18:55.983+0530: 363142.554: [GC cleanup 204M->204M(267M), 0.0017750 secs]
 [Times: user=0.16 sys=0.00, real=0.00 secs] 
2020-12-17T16:18:57.304+0530: 363143.875: [GC pause (G1 Evacuation Pause) (young), 0.0105814 secs]
   [Parallel Time: 5.3 ms, GC Workers: 10]
      [GC Worker Start (ms): Min: 363143874.9, Avg: 363143875.0, Max: 363143875.1, Diff: 0.3]
      [Ext Root Scanning (ms): Min: 0.6, Avg: 0.9, Max: 2.1, Diff: 1.5, Sum: 9.0]
      [Update RS (ms): Min: 0.0, Avg: 0.5, Max: 1.0, Diff: 1.0, Sum: 4.8]
         [Processed Buffers: Min: 0, Avg: 3.6, Max: 12, Diff: 12, Sum: 36]
      [Scan RS (ms): Min: 0.0, Avg: 0.0, Max: 0.0, Diff: 0.0, Sum: 0.1]
      [Code Root Scanning (ms): Min: 0.0, Avg: 0.2, Max: 1.9, Diff: 1.9, Sum: 1.9]
      [Object Copy (ms): Min: 1.7, Avg: 3.2, Max: 3.6, Diff: 1.8, Sum: 32.1]
      [Termination (ms): Min: 0.0, Avg: 0.0, Max: 0.0, Diff: 0.0, Sum: 0.1]
         [Termination Attempts: Min: 1, Avg: 1.4, Max: 2, Diff: 1, Sum: 14]
      [GC Worker Other (ms): Min: 0.0, Avg: 0.0, Max: 0.1, Diff: 0.1, Sum: 0.4]
      [GC Worker Total (ms): Min: 4.7, Avg: 4.8, Max: 5.0, Diff: 0.3, Sum: 48.3]
      [GC Worker End (ms): Min: 363143879.8, Avg: 363143879.8, Max: 363143879.9, Diff: 0.1]
   [Code Root Fixup: 0.1 ms]
   [Code Root Purge: 0.0 ms]
   [String Dedup Fixup: 2.6 ms, GC Workers: 10]
      [Queue Fixup (ms): Min: 0.0, Avg: 0.0, Max: 0.0, Diff: 0.0, Sum: 0.0]
      [Table Fixup (ms): Min: 1.9, Avg: 2.0, Max: 2.1, Diff: 0.2, Sum: 19.5]
   [Clear CT: 0.8 ms]
   [Other: 1.8 ms]
      [Choose CSet: 0.0 ms]
      [Ref Proc: 1.0 ms]
      [Ref Enq: 0.0 ms]
      [Redirty Cards: 0.7 ms]
      [Humongous Register: 0.0 ms]
      [Humongous Reclaim: 0.0 ms]
      [Free CSet: 0.0 ms]
   [Eden: 47104.0K(47104.0K)->0.0B(7168.0K) Survivors: 4096.0K->6144.0K Heap: 235.3M(267.0M)->189.8M(267.0M)]
 [Times: user=0.03 sys=0.00, real=0.01 secs] 
2020-12-17T16:18:57.315+0530: 363143.886: [GC concurrent-string-deduplication, 92784.0B->51600.0B(41184.0B), avg 59.6%, 0.0003917 secs]
   [Last Exec: 0.0003917 secs, Idle: 1.4452357 secs, Blocked: 0/0.0000000 secs]
      [Inspected:            1561]
         [Skipped:              0(  0.0%)]
         [Hashed:            1240( 79.4%)]
         [Known:              290( 18.6%)]
         [New:               1271( 81.4%)  92784.0B]
      [Deduplicated:          879( 69.2%)  41184.0B( 44.4%)]
         [Young:              879(100.0%)  41184.0B(100.0%)]
         [Old:                  0(  0.0%)      0.0B(  0.0%)]
   [Total Exec: 1352/0.8359085 secs, Idle: 1352/363142.5814397 secs, Blocked: 126/0.0886757 secs]
      [Inspected:         2851215]
         [Skipped:              0(  0.0%)]
         [Hashed:         1164224( 40.8%)]
         [Known:           178139(  6.2%)]
         [New:            2673076( 93.8%)    206.0M]
      [Deduplicated:      1870855( 70.0%)    122.8M( 59.6%)]
         [Young:           762405( 40.8%)  60009.6K( 47.7%)]
         [Old:            1108450( 59.2%)  65692.7K( 52.3%)]
   [Table]
      [Memory Usage: 8332.5K]
      [Size: 262144, Min: 1024, Max: 16777216]
      [Entries: 261947, Load: 99.9%, Cached: 6191, Added: 955231, Removed: 693284]
      [Resize Count: 8, Shrink Threshold: 174762(66.7%), Grow Threshold: 524288(200.0%)]
      [Rehash Count: 0, Rehash Threshold: 120, Hash Seed: 0x0]
      [Age Threshold: 3]
   [Queue]
      [Dropped: 0]
[GC concurrent-string-deduplication, deleted 0 entries, 0.0000010 secs]
2020-12-17T16:18:57.494+0530: 363144.065: [GC pause (G1 Evacuation Pause) (mixed), 0.0125228 secs]
   [Parallel Time: 6.9 ms, GC Workers: 10]
      [GC Worker Start (ms): Min: 363144065.6, Avg: 363144065.8, Max: 363144065.9, Diff: 0.3]
      [Ext Root Scanning (ms): Min: 0.6, Avg: 0.9, Max: 2.0, Diff: 1.4, Sum: 9.0]
      [Update RS (ms): Min: 0.0, Avg: 0.3, Max: 0.5, Diff: 0.5, Sum: 3.2]
         [Processed Buffers: Min: 0, Avg: 2.2, Max: 5, Diff: 5, Sum: 22]
      [Scan RS (ms): Min: 1.0, Avg: 1.5, Max: 1.7, Diff: 0.7, Sum: 15.5]
      [Code Root Scanning (ms): Min: 0.0, Avg: 0.0, Max: 0.1, Diff: 0.1, Sum: 0.1]
      [Object Copy (ms): Min: 3.1, Avg: 3.2, Max: 3.3, Diff: 0.2, Sum: 32.2]
      [Termination (ms): Min: 0.0, Avg: 0.0, Max: 0.0, Diff: 0.0, Sum: 0.0]
         [Termination Attempts: Min: 1, Avg: 2.4, Max: 5, Diff: 4, Sum: 24]
      [GC Worker Other (ms): Min: 0.0, Avg: 0.0, Max: 0.0, Diff: 0.0, Sum: 0.1]
      [GC Worker Total (ms): Min: 5.9, Avg: 6.0, Max: 6.2, Diff: 0.3, Sum: 60.2]
      [GC Worker End (ms): Min: 363144071.8, Avg: 363144071.8, Max: 363144071.8, Diff: 0.0]
   [Code Root Fixup: 0.0 ms]
   [Code Root Purge: 0.0 ms]
   [String Dedup Fixup: 2.9 ms, GC Workers: 10]
      [Queue Fixup (ms): Min: 0.0, Avg: 0.0, Max: 0.0, Diff: 0.0, Sum: 0.0]
      [Table Fixup (ms): Min: 2.2, Avg: 2.2, Max: 2.4, Diff: 0.2, Sum: 22.5]
   [Clear CT: 0.9 ms]
   [Other: 1.8 ms]
      [Choose CSet: 0.1 ms]
      [Ref Proc: 0.6 ms]
      [Ref Enq: 0.0 ms]
      [Redirty Cards: 0.9 ms]
      [Humongous Register: 0.0 ms]
      [Humongous Reclaim: 0.0 ms]
      [Free CSet: 0.2 ms]
   [Eden: 7168.0K(7168.0K)->0.0B(51200.0K) Survivors: 6144.0K->2048.0K Heap: 197.8M(267.0M)->187.0M(267.0M)]
 [Times: user=0.19 sys=0.00, real=0.01 secs] 
2020-12-17T16:18:57.508+0530: 363144.079: [GC concurrent-string-deduplication, 127.9K->31560.0B(99440.0B), avg 59.6%, 0.0007742 secs]
   [Last Exec: 0.0007742 secs, Idle: 0.1922045 secs, Blocked: 0/0.0000000 secs]
      [Inspected:            1818]
         [Skipped:              0(  0.0%)]
         [Hashed:            1695( 93.2%)]
         [Known:               57(  3.1%)]
         [New:               1761( 96.9%)    127.9K]
      [Deduplicated:         1545( 87.7%)  99440.0B( 75.9%)]
         [Young:                0(  0.0%)      0.0B(  0.0%)]
         [Old:               1545(100.0%)  99440.0B(100.0%)]
   [Total Exec: 1353/0.8366827 secs, Idle: 1353/363142.7736442 secs, Blocked: 126/0.0886757 secs]
      [Inspected:         2853033]
         [Skipped:              0(  0.0%)]
         [Hashed:         1165919( 40.9%)]
         [Known:           178196(  6.2%)]
         [New:            2674837( 93.8%)    206.2M]
      [Deduplicated:      1872400( 70.0%)    122.9M( 59.6%)]
         [Young:           762405( 40.7%)  60009.6K( 47.7%)]
         [Old:            1109995( 59.3%)  65789.8K( 52.3%)]
   [Table]
      [Memory Usage: 8332.5K]
      [Size: 262144, Min: 1024, Max: 16777216]
      [Entries: 262154, Load: 100.0%, Cached: 5984, Added: 955447, Removed: 693293]
      [Resize Count: 8, Shrink Threshold: 174762(66.7%), Grow Threshold: 524288(200.0%)]
      [Rehash Count: 0, Rehash Threshold: 120, Hash Seed: 0x0]
      [Age Threshold: 3]
   [Queue]
      [Dropped: 0]
[GC concurrent-string-deduplication, deleted 0 entries, 0.0000006 secs]
2020-12-17T16:19:00.402+0530: 363146.973: [GC pause (G1 Evacuation Pause) (young), 0.0117283 secs]
   [Parallel Time: 6.4 ms, GC Workers: 10]
      [GC Worker Start (ms): Min: 363146973.4, Avg: 363146973.6, Max: 363146973.7, Diff: 0.3]
      [Ext Root Scanning (ms): Min: 0.6, Avg: 0.8, Max: 1.4, Diff: 0.8, Sum: 8.1]
      [Update RS (ms): Min: 3.8, Avg: 4.2, Max: 4.5, Diff: 0.7, Sum: 41.7]
         [Processed Buffers: Min: 7, Avg: 9.8, Max: 13, Diff: 6, Sum: 98]
      [Scan RS (ms): Min: 0.0, Avg: 0.0, Max: 0.0, Diff: 0.0, Sum: 0.1]
      [Code Root Scanning (ms): Min: 0.0, Avg: 0.0, Max: 0.0, Diff: 0.0, Sum: 0.0]
      [Object Copy (ms): Min: 0.1, Avg: 0.3, Max: 0.4, Diff: 0.3, Sum: 2.8]
      [Termination (ms): Min: 0.0, Avg: 0.1, Max: 0.1, Diff: 0.1, Sum: 1.0]
         [Termination Attempts: Min: 2, Avg: 3.7, Max: 6, Diff: 4, Sum: 37]
      [GC Worker Other (ms): Min: 0.0, Avg: 0.0, Max: 0.1, Diff: 0.0, Sum: 0.2]
      [GC Worker Total (ms): Min: 5.3, Avg: 5.4, Max: 5.6, Diff: 0.3, Sum: 53.8]
      [GC Worker End (ms): Min: 363146979.0, Avg: 363146979.0, Max: 363146979.0, Diff: 0.0]
   [Code Root Fixup: 0.0 ms]
   [Code Root Purge: 0.0 ms]
   [String Dedup Fixup: 2.8 ms, GC Workers: 10]
      [Queue Fixup (ms): Min: 0.0, Avg: 0.0, Max: 0.0, Diff: 0.0, Sum: 0.0]
      [Table Fixup (ms): Min: 2.2, Avg: 2.2, Max: 2.4, Diff: 0.2, Sum: 22.3]
   [Clear CT: 0.8 ms]
   [Other: 1.7 ms]
      [Choose CSet: 0.0 ms]
      [Ref Proc: 0.7 ms]
      [Ref Enq: 0.0 ms]
      [Redirty Cards: 0.8 ms]
      [Humongous Register: 0.0 ms]
      [Humongous Reclaim: 0.0 ms]
      [Free CSet: 0.0 ms]
   [Eden: 51200.0K(51200.0K)->0.0B(52224.0K) Survivors: 2048.0K->1024.0K Heap: 237.0M(267.0M)->185.9M(267.0M)]
 [Times: user=0.09 sys=0.00, real=0.01 secs] 
2020-12-17T16:19:00.585+0530: 363147.156: [GC pause (G1 Evacuation Pause) (young) (initial-mark), 0.0079286 secs]
   [Parallel Time: 3.4 ms, GC Workers: 10]
      [GC Worker Start (ms): Min: 363147156.4, Avg: 363147156.5, Max: 363147156.6, Diff: 0.2]
      [Ext Root Scanning (ms): Min: 1.9, Avg: 2.1, Max: 2.3, Diff: 0.4, Sum: 20.7]
      [Update RS (ms): Min: 0.0, Avg: 0.2, Max: 0.8, Diff: 0.8, Sum: 2.2]
         [Processed Buffers: Min: 1, Avg: 1.6, Max: 4, Diff: 3, Sum: 16]
      [Scan RS (ms): Min: 0.0, Avg: 0.0, Max: 0.0, Diff: 0.0, Sum: 0.0]
      [Code Root Scanning (ms): Min: 0.0, Avg: 0.0, Max: 0.0, Diff: 0.0, Sum: 0.0]
      [Object Copy (ms): Min: 0.0, Avg: 0.3, Max: 0.5, Diff: 0.5, Sum: 3.1]
      [Termination (ms): Min: 0.0, Avg: 0.5, Max: 0.5, Diff: 0.5, Sum: 4.7]
         [Termination Attempts: Min: 1, Avg: 6.1, Max: 11, Diff: 10, Sum: 61]
      [GC Worker Other (ms): Min: 0.0, Avg: 0.0, Max: 0.0, Diff: 0.0, Sum: 0.1]
      [GC Worker Total (ms): Min: 3.0, Avg: 3.1, Max: 3.2, Diff: 0.2, Sum: 30.7]
      [GC Worker End (ms): Min: 363147159.6, Avg: 363147159.6, Max: 363147159.6, Diff: 0.0]
   [Code Root Fixup: 0.0 ms]
   [Code Root Purge: 0.0 ms]
   [String Dedup Fixup: 3.0 ms, GC Workers: 10]
      [Queue Fixup (ms): Min: 0.0, Avg: 0.0, Max: 0.0, Diff: 0.0, Sum: 0.0]
      [Table Fixup (ms): Min: 2.7, Avg: 2.8, Max: 2.9, Diff: 0.2, Sum: 28.4]
   [Clear CT: 0.8 ms]
   [Other: 0.7 ms]
      [Choose CSet: 0.0 ms]
      [Ref Proc: 0.3 ms]
      [Ref Enq: 0.0 ms]
      [Redirty Cards: 0.1 ms]
      [Humongous Register: 0.0 ms]
      [Humongous Reclaim: 0.0 ms]
      [Free CSet: 0.1 ms]
   [Eden: 52224.0K(52224.0K)->0.0B(52224.0K) Survivors: 1024.0K->1024.0K Heap: 236.9M(267.0M)->185.7M(267.0M)]
 [Times: user=0.01 sys=0.00, real=0.01 secs] 
2020-12-17T16:19:00.593+0530: 363147.164: [GC concurrent-root-region-scan-start]
2020-12-17T16:19:00.593+0530: 363147.165: [GC concurrent-string-deduplication, 344.0B->224.0B(120.0B), avg 59.6%, 0.0000100 secs]
   [Last Exec: 0.0000100 secs, Idle: 3.0856129 secs, Blocked: 0/0.0000000 secs]
      [Inspected:               3]
         [Skipped:              0(  0.0%)]
         [Hashed:               1( 33.3%)]
         [Known:                0(  0.0%)]
         [New:                  3(100.0%)    344.0B]
      [Deduplicated:            2( 66.7%)    120.0B( 34.9%)]
         [Young:                2(100.0%)    120.0B(100.0%)]
         [Old:                  0(  0.0%)      0.0B(  0.0%)]
   [Total Exec: 1354/0.8366927 secs, Idle: 1354/363145.8592571 secs, Blocked: 126/0.0886757 secs]
      [Inspected:         2853036]
         [Skipped:              0(  0.0%)]
         [Hashed:         1165920( 40.9%)]
         [Known:           178196(  6.2%)]
         [New:            2674840( 93.8%)    206.2M]
      [Deduplicated:      1872402( 70.0%)    122.9M( 59.6%)]
         [Young:           762407( 40.7%)  60009.7K( 47.7%)]
         [Old:            1109995( 59.3%)  65789.8K( 52.3%)]
   [Table]
      [Memory Usage: 8332.5K]
      [Size: 262144, Min: 1024, Max: 16777216]
      [Entries: 262277, Load: 100.1%, Cached: 5861, Added: 955570, Removed: 693293]
      [Resize Count: 8, Shrink Threshold: 174762(66.7%), Grow Threshold: 524288(200.0%)]
      [Rehash Count: 0, Rehash Threshold: 120, Hash Seed: 0x0]
      [Age Threshold: 3]
   [Queue]
      [Dropped: 0]
[GC concurrent-string-deduplication, deleted 0 entries, 0.0000022 secs]
2020-12-17T16:19:00.595+0530: 363147.167: [GC concurrent-root-region-scan-end, 0.0021715 secs]
2020-12-17T16:19:00.595+0530: 363147.167: [GC concurrent-mark-start]
2020-12-17T16:19:00.701+0530: 363147.272: [GC concurrent-mark-end, 0.1057759 secs]
2020-12-17T16:19:00.702+0530: 363147.273: [GC remark 2020-12-17T16:19:00.702+0530: 363147.273: [Finalize Marking, 0.0007286 secs] 2020-12-17T16:19:00.703+0530: 363147.274: [GC ref-proc, 0.0008395 secs] 2020-12-17T16:19:00.703+0530: 363147.275: [Unloading, 0.0231514 secs], 0.0253692 secs]
 [Times: user=0.17 sys=0.05, real=0.03 secs] 
2020-12-17T16:19:00.728+0530: 363147.299: [GC cleanup 192M->192M(267M), 0.0016176 secs]
 [Times: user=0.00 sys=0.00, real=0.00 secs] 
2020-12-17T16:20:06.219+0530: 363212.791: [GC pause (G1 Evacuation Pause) (young), 0.0119827 secs]
   [Parallel Time: 7.3 ms, GC Workers: 10]
      [GC Worker Start (ms): Min: 363212790.7, Avg: 363212790.8, Max: 363212790.9, Diff: 0.2]
      [Ext Root Scanning (ms): Min: 0.8, Avg: 1.7, Max: 6.4, Diff: 5.6, Sum: 16.7]
      [Update RS (ms): Min: 0.0, Avg: 0.7, Max: 1.3, Diff: 1.3, Sum: 6.9]
         [Processed Buffers: Min: 0, Avg: 6.4, Max: 18, Diff: 18, Sum: 64]
      [Scan RS (ms): Min: 0.0, Avg: 0.0, Max: 0.0, Diff: 0.0, Sum: 0.1]
      [Code Root Scanning (ms): Min: 0.0, Avg: 0.0, Max: 0.0, Diff: 0.0, Sum: 0.0]
      [Object Copy (ms): Min: 0.0, Avg: 0.4, Max: 0.7, Diff: 0.7, Sum: 3.8]
      [Termination (ms): Min: 0.0, Avg: 3.7, Max: 4.2, Diff: 4.2, Sum: 37.3]
         [Termination Attempts: Min: 1, Avg: 2.8, Max: 5, Diff: 4, Sum: 28]
      [GC Worker Other (ms): Min: 0.0, Avg: 0.0, Max: 0.0, Diff: 0.0, Sum: 0.2]
      [GC Worker Total (ms): Min: 6.4, Avg: 6.5, Max: 6.6, Diff: 0.2, Sum: 65.0]
      [GC Worker End (ms): Min: 363212797.3, Avg: 363212797.3, Max: 363212797.3, Diff: 0.0]
   [Code Root Fixup: 0.0 ms]
   [Code Root Purge: 0.0 ms]
   [String Dedup Fixup: 2.4 ms, GC Workers: 10]
      [Queue Fixup (ms): Min: 0.0, Avg: 0.0, Max: 0.0, Diff: 0.0, Sum: 0.0]
      [Table Fixup (ms): Min: 1.7, Avg: 1.8, Max: 2.0, Diff: 0.3, Sum: 18.0]
   [Clear CT: 0.8 ms]
   [Other: 1.5 ms]
      [Choose CSet: 0.0 ms]
      [Ref Proc: 0.7 ms]
      [Ref Enq: 0.0 ms]
      [Redirty Cards: 0.7 ms]
      [Humongous Register: 0.0 ms]
      [Humongous Reclaim: 0.0 ms]
      [Free CSet: 0.0 ms]
   [Eden: 52224.0K(52224.0K)->0.0B(51200.0K) Survivors: 1024.0K->2048.0K Heap: 237.7M(267.0M)->186.2M(267.0M)]
 [Times: user=0.00 sys=0.00, real=0.01 secs] 
2020-12-17T16:20:06.232+0530: 363212.803: [GC concurrent-string-deduplication, 11376.0B->5656.0B(5720.0B), avg 59.6%, 0.0000647 secs]
   [Last Exec: 0.0000647 secs, Idle: 65.6380754 secs, Blocked: 0/0.0000000 secs]
      [Inspected:             249]
         [Skipped:              0(  0.0%)]
         [Hashed:             117( 47.0%)]
         [Known:              106( 42.6%)]
         [New:                143( 57.4%)  11376.0B]
      [Deduplicated:           90( 62.9%)   5720.0B( 50.3%)]
         [Young:               90(100.0%)   5720.0B(100.0%)]
         [Old:                  0(  0.0%)      0.0B(  0.0%)]
   [Total Exec: 1355/0.8367574 secs, Idle: 1355/363211.4973325 secs, Blocked: 126/0.0886757 secs]
      [Inspected:         2853285]
         [Skipped:              0(  0.0%)]
         [Hashed:         1166037( 40.9%)]
         [Known:           178302(  6.2%)]
         [New:            2674983( 93.8%)    206.2M]
      [Deduplicated:      1872492( 70.0%)    122.9M( 59.6%)]
         [Young:           762497( 40.7%)  60015.3K( 47.7%)]
         [Old:            1109995( 59.3%)  65789.8K( 52.3%)]
   [Table]
      [Memory Usage: 8332.5K]
      [Size: 262144, Min: 1024, Max: 16777216]
      [Entries: 261978, Load: 99.9%, Cached: 6160, Added: 955736, Removed: 693758]
      [Resize Count: 8, Shrink Threshold: 174762(66.7%), Grow Threshold: 524288(200.0%)]
      [Rehash Count: 0, Rehash Threshold: 120, Hash Seed: 0x0]
      [Age Threshold: 3]
   [Queue]
      [Dropped: 0]
[GC concurrent-string-deduplication, deleted 0 entries, 0.0000009 secs]
2020-12-17T16:20:12.095+0530: 363218.666: [GC pause (G1 Evacuation Pause) (young), 0.0062642 secs]
   [Parallel Time: 2.7 ms, GC Workers: 10]
      [GC Worker Start (ms): Min: 363218666.0, Avg: 363218666.1, Max: 363218666.2, Diff: 0.2]
      [Ext Root Scanning (ms): Min: 0.7, Avg: 1.0, Max: 2.2, Diff: 1.5, Sum: 9.8]
      [Update RS (ms): Min: 0.0, Avg: 0.5, Max: 1.2, Diff: 1.2, Sum: 5.4]
         [Processed Buffers: Min: 0, Avg: 3.1, Max: 8, Diff: 8, Sum: 31]
      [Scan RS (ms): Min: 0.0, Avg: 0.0, Max: 0.0, Diff: 0.0, Sum: 0.1]
      [Code Root Scanning (ms): Min: 0.0, Avg: 0.0, Max: 0.0, Diff: 0.0, Sum: 0.0]
      [Object Copy (ms): Min: 0.2, Avg: 0.8, Max: 1.1, Diff: 0.8, Sum: 8.0]
      [Termination (ms): Min: 0.0, Avg: 0.0, Max: 0.0, Diff: 0.0, Sum: 0.0]
         [Termination Attempts: Min: 1, Avg: 1.0, Max: 1, Diff: 0, Sum: 10]
      [GC Worker Other (ms): Min: 0.0, Avg: 0.0, Max: 0.1, Diff: 0.0, Sum: 0.3]
      [GC Worker Total (ms): Min: 2.3, Avg: 2.4, Max: 2.5, Diff: 0.2, Sum: 23.5]
      [GC Worker End (ms): Min: 363218668.4, Avg: 363218668.5, Max: 363218668.5, Diff: 0.0]
   [Code Root Fixup: 0.0 ms]
   [Code Root Purge: 0.0 ms]
   [String Dedup Fixup: 2.6 ms, GC Workers: 10]
      [Queue Fixup (ms): Min: 0.0, Avg: 0.0, Max: 0.0, Diff: 0.0, Sum: 0.0]
      [Table Fixup (ms): Min: 0.0, Avg: 2.1, Max: 2.4, Diff: 2.4, Sum: 21.2]
   [Clear CT: 0.4 ms]
   [Other: 0.6 ms]
      [Choose CSet: 0.0 ms]
      [Ref Proc: 0.2 ms]
      [Ref Enq: 0.0 ms]
      [Redirty Cards: 0.2 ms]
      [Humongous Register: 0.0 ms]
      [Humongous Reclaim: 0.0 ms]
      [Free CSet: 0.0 ms]
   [Eden: 51200.0K(51200.0K)->0.0B(49152.0K) Survivors: 2048.0K->3072.0K Heap: 236.2M(267.0M)->187.4M(267.0M)]
 [Times: user=0.00 sys=0.00, real=0.01 secs] 
2020-12-17T16:20:12.102+0530: 363218.672: [GC concurrent-string-deduplication, 296.0B->168.0B(128.0B), avg 59.6%, 0.0000297 secs]
   [Last Exec: 0.0000297 secs, Idle: 5.8694903 secs, Blocked: 0/0.0000000 secs]
      [Inspected:              36]
         [Skipped:              0(  0.0%)]
         [Hashed:               3(  8.3%)]
         [Known:               28( 77.8%)]
         [New:                  8( 22.2%)    296.0B]
      [Deduplicated:            5( 62.5%)    128.0B( 43.2%)]
         [Young:                5(100.0%)    128.0B(100.0%)]
         [Old:                  0(  0.0%)      0.0B(  0.0%)]
   [Total Exec: 1356/0.8367871 secs, Idle: 1356/363217.3668228 secs, Blocked: 126/0.0886757 secs]
      [Inspected:         2853321]
         [Skipped:              0(  0.0%)]
         [Hashed:         1166040( 40.9%)]
         [Known:           178330(  6.2%)]
         [New:            2674991( 93.8%)    206.2M]
      [Deduplicated:      1872497( 70.0%)    122.9M( 59.6%)]
         [Young:           762502( 40.7%)  60015.4K( 47.7%)]
         [Old:            1109995( 59.3%)  65789.8K( 52.3%)]
   [Table]
      [Memory Usage: 8332.5K]
      [Size: 262144, Min: 1024, Max: 16777216]
      [Entries: 262014, Load: 100.0%, Cached: 6124, Added: 955773, Removed: 693759]
      [Resize Count: 8, Shrink Threshold: 174762(66.7%), Grow Threshold: 524288(200.0%)]
      [Rehash Count: 0, Rehash Threshold: 120, Hash Seed: 0x0]
      [Age Threshold: 3]
   [Queue]
      [Dropped: 0]
[GC concurrent-string-deduplication, deleted 0 entries, 0.0000008 secs]
2020-12-17T16:20:12.152+0530: 363218.722: [GC pause (G1 Humongous Allocation) (young) (initial-mark), 0.0098492 secs]
   [Parallel Time: 4.1 ms, GC Workers: 10]
      [GC Worker Start (ms): Min: 363218722.4, Avg: 363218722.5, Max: 363218722.6, Diff: 0.2]
      [Ext Root Scanning (ms): Min: 2.6, Avg: 2.7, Max: 2.9, Diff: 0.3, Sum: 27.2]
      [Update RS (ms): Min: 0.1, Avg: 0.3, Max: 0.5, Diff: 0.4, Sum: 3.2]
         [Processed Buffers: Min: 1, Avg: 1.6, Max: 3, Diff: 2, Sum: 16]
      [Scan RS (ms): Min: 0.0, Avg: 0.0, Max: 0.0, Diff: 0.0, Sum: 0.0]
      [Code Root Scanning (ms): Min: 0.0, Avg: 0.0, Max: 0.0, Diff: 0.0, Sum: 0.0]
      [Object Copy (ms): Min: 0.1, Avg: 0.4, Max: 0.7, Diff: 0.6, Sum: 3.8]
      [Termination (ms): Min: 0.0, Avg: 0.0, Max: 0.0, Diff: 0.0, Sum: 0.2]
         [Termination Attempts: Min: 1, Avg: 1.0, Max: 1, Diff: 0, Sum: 10]
      [GC Worker Other (ms): Min: 0.0, Avg: 0.0, Max: 0.0, Diff: 0.0, Sum: 0.1]
      [GC Worker Total (ms): Min: 3.4, Avg: 3.4, Max: 3.6, Diff: 0.2, Sum: 34.5]
      [GC Worker End (ms): Min: 363218726.0, Avg: 363218726.0, Max: 363218726.0, Diff: 0.0]
   [Code Root Fixup: 0.0 ms]
   [Code Root Purge: 0.0 ms]
   [String Dedup Fixup: 2.9 ms, GC Workers: 10]
      [Queue Fixup (ms): Min: 0.0, Avg: 0.0, Max: 0.0, Diff: 0.0, Sum: 0.0]
      [Table Fixup (ms): Min: 2.2, Avg: 2.5, Max: 2.8, Diff: 0.6, Sum: 25.4]
   [Clear CT: 0.6 ms]
   [Other: 2.3 ms]
      [Choose CSet: 0.0 ms]
      [Ref Proc: 0.4 ms]
      [Ref Enq: 0.0 ms]
      [Redirty Cards: 1.8 ms]
      [Humongous Register: 0.0 ms]
      [Humongous Reclaim: 0.0 ms]
      [Free CSet: 0.0 ms]
   [Eden: 12288.0K(49152.0K)->0.0B(51200.0K) Survivors: 3072.0K->2048.0K Heap: 198.5M(267.0M)->186.8M(267.0M)]
 [Times: user=0.09 sys=0.00, real=0.01 secs] 
2020-12-17T16:20:12.162+0530: 363218.732: [GC concurrent-root-region-scan-start]
2020-12-17T16:20:12.162+0530: 363218.732: [GC concurrent-string-deduplication, 32624.0B->12448.0B(20176.0B), avg 59.6%, 0.0001843 secs]
   [Last Exec: 0.0001843 secs, Idle: 0.0598513 secs, Blocked: 0/0.0000000 secs]
      [Inspected:             329]
         [Skipped:              0(  0.0%)]
         [Hashed:             109( 33.1%)]
         [Known:              125( 38.0%)]
         [New:                204( 62.0%)  32624.0B]
      [Deduplicated:          127( 62.3%)  20176.0B( 61.8%)]
         [Young:              127(100.0%)  20176.0B(100.0%)]
         [Old:                  0(  0.0%)      0.0B(  0.0%)]
   [Total Exec: 1357/0.8369714 secs, Idle: 1357/363217.4266741 secs, Blocked: 126/0.0886757 secs]
      [Inspected:         2853650]
         [Skipped:              0(  0.0%)]
         [Hashed:         1166149( 40.9%)]
         [Known:           178455(  6.3%)]
         [New:            2675195( 93.7%)    206.2M]
      [Deduplicated:      1872624( 70.0%)    122.9M( 59.6%)]
         [Young:           762629( 40.7%)  60035.1K( 47.7%)]
         [Old:            1109995( 59.3%)  65789.8K( 52.3%)]
   [Table]
      [Memory Usage: 8332.5K]
      [Size: 262144, Min: 1024, Max: 16777216]
      [Entries: 262091, Load: 100.0%, Cached: 6047, Added: 955850, Removed: 693759]
      [Resize Count: 8, Shrink Threshold: 174762(66.7%), Grow Threshold: 524288(200.0%)]
      [Rehash Count: 0, Rehash Threshold: 120, Hash Seed: 0x0]
      [Age Threshold: 3]
   [Queue]
      [Dropped: 0]
[GC concurrent-string-deduplication, deleted 0 entries, 0.0000007 secs]
2020-12-17T16:20:12.164+0530: 363218.735: [GC concurrent-root-region-scan-end, 0.0022397 secs]
2020-12-17T16:20:12.164+0530: 363218.735: [GC concurrent-mark-start]
2020-12-17T16:20:12.274+0530: 363218.845: [GC concurrent-mark-end, 0.1099851 secs]
2020-12-17T16:20:12.275+0530: 363218.846: [GC remark 2020-12-17T16:20:12.275+0530: 363218.846: [Finalize Marking, 0.0008684 secs] 2020-12-17T16:20:12.276+0530: 363218.847: [GC ref-proc, 0.0009224 secs] 2020-12-17T16:20:12.277+0530: 363218.848: [Unloading, 0.0251785 secs], 0.0280283 secs]
 [Times: user=0.30 sys=0.02, real=0.03 secs] 
2020-12-17T16:20:12.304+0530: 363218.875: [GC cleanup 188M->188M(267M), 0.0023617 secs]
 [Times: user=0.00 sys=0.00, real=0.00 secs] 
2020-12-17T16:21:43.866+0530: 363310.437: [GC pause (G1 Evacuation Pause) (young), 0.0081848 secs]
   [Parallel Time: 2.9 ms, GC Workers: 10]
      [GC Worker Start (ms): Min: 363310437.4, Avg: 363310437.6, Max: 363310437.8, Diff: 0.3]
      [Ext Root Scanning (ms): Min: 0.6, Avg: 0.8, Max: 1.2, Diff: 0.7, Sum: 7.6]
      [Update RS (ms): Min: 0.5, Avg: 0.8, Max: 1.2, Diff: 0.7, Sum: 7.7]
         [Processed Buffers: Min: 2, Avg: 6.4, Max: 12, Diff: 10, Sum: 64]
      [Scan RS (ms): Min: 0.0, Avg: 0.0, Max: 0.0, Diff: 0.0, Sum: 0.1]
      [Code Root Scanning (ms): Min: 0.0, Avg: 0.0, Max: 0.0, Diff: 0.0, Sum: 0.0]
      [Object Copy (ms): Min: 0.2, Avg: 0.6, Max: 0.7, Diff: 0.5, Sum: 5.7]
      [Termination (ms): Min: 0.0, Avg: 0.0, Max: 0.0, Diff: 0.0, Sum: 0.0]
         [Termination Attempts: Min: 1, Avg: 1.0, Max: 1, Diff: 0, Sum: 10]
      [GC Worker Other (ms): Min: 0.0, Avg: 0.0, Max: 0.0, Diff: 0.0, Sum: 0.1]
      [GC Worker Total (ms): Min: 2.0, Avg: 2.1, Max: 2.3, Diff: 0.3, Sum: 21.2]
      [GC Worker End (ms): Min: 363310439.7, Avg: 363310439.7, Max: 363310439.7, Diff: 0.0]
   [Code Root Fixup: 0.0 ms]
   [Code Root Purge: 0.0 ms]
   [String Dedup Fixup: 2.6 ms, GC Workers: 10]
      [Queue Fixup (ms): Min: 0.0, Avg: 0.0, Max: 0.0, Diff: 0.0, Sum: 0.0]
      [Table Fixup (ms): Min: 1.8, Avg: 1.9, Max: 2.1, Diff: 0.3, Sum: 19.1]
   [Clear CT: 0.9 ms]
   [Other: 1.8 ms]
      [Choose CSet: 0.0 ms]
      [Ref Proc: 0.9 ms]
      [Ref Enq: 0.0 ms]
      [Redirty Cards: 0.7 ms]
      [Humongous Register: 0.0 ms]
      [Humongous Reclaim: 0.0 ms]
      [Free CSet: 0.1 ms]
   [Eden: 51200.0K(51200.0K)->0.0B(10240.0K) Survivors: 2048.0K->3072.0K Heap: 237.8M(267.0M)->187.1M(267.0M)]
 [Times: user=0.00 sys=0.00, real=0.01 secs] 
2020-12-17T16:21:43.875+0530: 363310.446: [GC concurrent-string-deduplication, 8808.0B->3456.0B(5352.0B), avg 59.6%, 0.0000705 secs]
   [Last Exec: 0.0000705 secs, Idle: 91.7131202 secs, Blocked: 0/0.0000000 secs]
      [Inspected:             138]
         [Skipped:              0(  0.0%)]
         [Hashed:              74( 53.6%)]
         [Known:               35( 25.4%)]
         [New:                103( 74.6%)   8808.0B]
      [Deduplicated:           75( 72.8%)   5352.0B( 60.8%)]
         [Young:               75(100.0%)   5352.0B(100.0%)]
         [Old:                  0(  0.0%)      0.0B(  0.0%)]
   [Total Exec: 1358/0.8370419 secs, Idle: 1358/363309.1397943 secs, Blocked: 126/0.0886757 secs]
      [Inspected:         2853788]
         [Skipped:              0(  0.0%)]
         [Hashed:         1166223( 40.9%)]
         [Known:           178490(  6.3%)]
         [New:            2675298( 93.7%)    206.2M]
      [Deduplicated:      1872699( 70.0%)    122.9M( 59.6%)]
         [Young:           762704( 40.7%)  60040.4K( 47.7%)]
         [Old:            1109995( 59.3%)  65789.8K( 52.3%)]
   [Table]
      [Memory Usage: 8332.5K]
      [Size: 262144, Min: 1024, Max: 16777216]
      [Entries: 262072, Load: 100.0%, Cached: 6066, Added: 955924, Removed: 693852]
      [Resize Count: 8, Shrink Threshold: 174762(66.7%), Grow Threshold: 524288(200.0%)]
      [Rehash Count: 0, Rehash Threshold: 120, Hash Seed: 0x0]
      [Age Threshold: 3]
   [Queue]
      [Dropped: 0]
[GC concurrent-string-deduplication, deleted 0 entries, 0.0000009 secs]
2020-12-17T16:24:53.388+0530: 363499.959: [GC pause (G1 Evacuation Pause) (mixed), 0.0084763 secs]
   [Parallel Time: 2.9 ms, GC Workers: 10]
      [GC Worker Start (ms): Min: 363499959.3, Avg: 363499959.5, Max: 363499959.7, Diff: 0.4]
      [Ext Root Scanning (ms): Min: 0.5, Avg: 0.8, Max: 1.5, Diff: 1.0, Sum: 8.1]
      [Update RS (ms): Min: 0.1, Avg: 0.6, Max: 0.9, Diff: 0.8, Sum: 6.0]
         [Processed Buffers: Min: 2, Avg: 5.1, Max: 14, Diff: 12, Sum: 51]
      [Scan RS (ms): Min: 0.0, Avg: 0.1, Max: 0.1, Diff: 0.1, Sum: 0.8]
      [Code Root Scanning (ms): Min: 0.0, Avg: 0.0, Max: 0.0, Diff: 0.0, Sum: 0.0]
      [Object Copy (ms): Min: 0.6, Avg: 0.8, Max: 0.8, Diff: 0.2, Sum: 7.6]
      [Termination (ms): Min: 0.0, Avg: 0.0, Max: 0.0, Diff: 0.0, Sum: 0.0]
         [Termination Attempts: Min: 1, Avg: 1.0, Max: 1, Diff: 0, Sum: 10]
      [GC Worker Other (ms): Min: 0.0, Avg: 0.0, Max: 0.0, Diff: 0.0, Sum: 0.1]
      [GC Worker Total (ms): Min: 2.1, Avg: 2.3, Max: 2.5, Diff: 0.4, Sum: 22.7]
      [GC Worker End (ms): Min: 363499961.8, Avg: 363499961.8, Max: 363499961.8, Diff: 0.0]
   [Code Root Fixup: 0.0 ms]
   [Code Root Purge: 0.0 ms]
   [String Dedup Fixup: 3.0 ms, GC Workers: 10]
      [Queue Fixup (ms): Min: 0.0, Avg: 0.0, Max: 0.0, Diff: 0.0, Sum: 0.0]
      [Table Fixup (ms): Min: 2.6, Avg: 2.6, Max: 2.7, Diff: 0.2, Sum: 26.3]
   [Clear CT: 0.8 ms]
   [Other: 1.7 ms]
      [Choose CSet: 0.0 ms]
      [Ref Proc: 0.6 ms]
      [Ref Enq: 0.0 ms]
      [Redirty Cards: 0.8 ms]
      [Humongous Register: 0.0 ms]
      [Humongous Reclaim: 0.0 ms]
      [Free CSet: 0.1 ms]
   [Eden: 10240.0K(10240.0K)->0.0B(50176.0K) Survivors: 3072.0K->2048.0K Heap: 197.1M(267.0M)->187.1M(267.0M)]
 [Times: user=0.08 sys=0.03, real=0.01 secs] 
2020-12-17T16:24:53.398+0530: 363499.968: [GC concurrent-string-deduplication, 168.0B->40.0B(128.0B), avg 59.6%, 0.0000052 secs]
   [Last Exec: 0.0000052 secs, Idle: 189.5221351 secs, Blocked: 0/0.0000000 secs]
      [Inspected:               2]
         [Skipped:              0(  0.0%)]
         [Hashed:               1( 50.0%)]
         [Known:                0(  0.0%)]
         [New:                  2(100.0%)    168.0B]
      [Deduplicated:            1( 50.0%)    128.0B( 76.2%)]
         [Young:                1(100.0%)    128.0B(100.0%)]
         [Old:                  0(  0.0%)      0.0B(  0.0%)]
   [Total Exec: 1359/0.8370471 secs, Idle: 1359/363498.6619294 secs, Blocked: 126/0.0886757 secs]
      [Inspected:         2853790]
         [Skipped:              0(  0.0%)]
         [Hashed:         1166224( 40.9%)]
         [Known:           178490(  6.3%)]
         [New:            2675300( 93.7%)    206.2M]
      [Deduplicated:      1872700( 70.0%)    122.9M( 59.6%)]
         [Young:           762705( 40.7%)  60040.5K( 47.7%)]
         [Old:            1109995( 59.3%)  65789.8K( 52.3%)]
   [Table]
      [Memory Usage: 8332.5K]
      [Size: 262144, Min: 1024, Max: 16777216]
      [Entries: 262090, Load: 100.0%, Cached: 6048, Added: 955942, Removed: 693852]
      [Resize Count: 8, Shrink Threshold: 174762(66.7%), Grow Threshold: 524288(200.0%)]
      [Rehash Count: 0, Rehash Threshold: 120, Hash Seed: 0x0]
      [Age Threshold: 3]
   [Queue]
      [Dropped: 0]
[GC concurrent-string-deduplication, deleted 0 entries, 0.0000007 secs]
2020-12-17T16:26:07.378+0530: 363573.949: [GC pause (G1 Evacuation Pause) (young), 0.0075974 secs]
   [Parallel Time: 2.7 ms, GC Workers: 10]
      [GC Worker Start (ms): Min: 363573949.5, Avg: 363573949.7, Max: 363573949.8, Diff: 0.2]
      [Ext Root Scanning (ms): Min: 0.5, Avg: 0.7, Max: 1.3, Diff: 0.8, Sum: 6.7]
      [Update RS (ms): Min: 0.5, Avg: 1.0, Max: 1.4, Diff: 0.8, Sum: 10.3]
         [Processed Buffers: Min: 2, Avg: 5.7, Max: 18, Diff: 16, Sum: 57]
      [Scan RS (ms): Min: 0.0, Avg: 0.0, Max: 0.0, Diff: 0.0, Sum: 0.0]
      [Code Root Scanning (ms): Min: 0.0, Avg: 0.0, Max: 0.0, Diff: 0.0, Sum: 0.0]
      [Object Copy (ms): Min: 0.1, Avg: 0.3, Max: 0.5, Diff: 0.4, Sum: 3.3]
      [Termination (ms): Min: 0.0, Avg: 0.0, Max: 0.0, Diff: 0.0, Sum: 0.4]
         [Termination Attempts: Min: 1, Avg: 1.1, Max: 2, Diff: 1, Sum: 11]
      [GC Worker Other (ms): Min: 0.0, Avg: 0.0, Max: 0.0, Diff: 0.0, Sum: 0.1]
      [GC Worker Total (ms): Min: 2.0, Avg: 2.1, Max: 2.2, Diff: 0.2, Sum: 20.7]
      [GC Worker End (ms): Min: 363573951.7, Avg: 363573951.7, Max: 363573951.8, Diff: 0.0]
   [Code Root Fixup: 0.0 ms]
   [Code Root Purge: 0.0 ms]
   [String Dedup Fixup: 2.2 ms, GC Workers: 10]
      [Queue Fixup (ms): Min: 0.0, Avg: 0.0, Max: 0.0, Diff: 0.0, Sum: 0.0]
      [Table Fixup (ms): Min: 1.7, Avg: 1.8, Max: 2.0, Diff: 0.3, Sum: 18.1]
   [Clear CT: 1.0 ms]
   [Other: 1.7 ms]
      [Choose CSet: 0.0 ms]
      [Ref Proc: 0.8 ms]
      [Ref Enq: 0.0 ms]
      [Redirty Cards: 0.7 ms]
      [Humongous Register: 0.0 ms]
      [Humongous Reclaim: 0.0 ms]
      [Free CSet: 0.0 ms]
   [Eden: 50176.0K(50176.0K)->0.0B(50176.0K) Survivors: 2048.0K->2048.0K Heap: 236.1M(267.0M)->187.0M(267.0M)]
 [Times: user=0.00 sys=0.00, real=0.01 secs] 
2020-12-17T16:26:07.387+0530: 363573.958: [GC concurrent-string-deduplication, 229.5K->2256.0B(227.3K), avg 59.6%, 0.0006251 secs]
   [Last Exec: 0.0006251 secs, Idle: 73.9892425 secs, Blocked: 0/0.0000000 secs]
      [Inspected:            3210]
         [Skipped:              0(  0.0%)]
         [Hashed:            3139( 97.8%)]
         [Known:               49(  1.5%)]
         [New:               3161( 98.5%)    229.5K]
      [Deduplicated:         3136( 99.2%)    227.3K( 99.0%)]
         [Young:             3136(100.0%)    227.3K(100.0%)]
         [Old:                  0(  0.0%)      0.0B(  0.0%)]
   [Total Exec: 1360/0.8376722 secs, Idle: 1360/363572.6511719 secs, Blocked: 126/0.0886757 secs]
      [Inspected:         2857000]
         [Skipped:              0(  0.0%)]
         [Hashed:         1169363( 40.9%)]
         [Known:           178539(  6.2%)]
         [New:            2678461( 93.8%)    206.4M]
      [Deduplicated:      1875836( 70.0%)    123.1M( 59.6%)]
         [Young:           765841( 40.8%)  60267.8K( 47.8%)]
         [Old:            1109995( 59.2%)  65789.8K( 52.2%)]
   [Table]
      [Memory Usage: 8332.5K]
      [Size: 262144, Min: 1024, Max: 16777216]
      [Entries: 262141, Load: 100.0%, Cached: 5997, Added: 955993, Removed: 693852]
      [Resize Count: 8, Shrink Threshold: 174762(66.7%), Grow Threshold: 524288(200.0%)]
      [Rehash Count: 0, Rehash Threshold: 120, Hash Seed: 0x0]
      [Age Threshold: 3]
   [Queue]
      [Dropped: 0]
[GC concurrent-string-deduplication, deleted 0 entries, 0.0000007 secs]
2020-12-17T16:31:42.212+0530: 363908.782: [GC pause (G1 Evacuation Pause) (young) (initial-mark), 0.0084278 secs]
   [Parallel Time: 3.5 ms, GC Workers: 10]
      [GC Worker Start (ms): Min: 363908782.6, Avg: 363908782.8, Max: 363908783.0, Diff: 0.4]
      [Ext Root Scanning (ms): Min: 1.4, Avg: 1.7, Max: 2.0, Diff: 0.6, Sum: 16.8]
      [Update RS (ms): Min: 0.4, Avg: 0.5, Max: 0.9, Diff: 0.6, Sum: 5.4]
         [Processed Buffers: Min: 2, Avg: 5.8, Max: 13, Diff: 11, Sum: 58]
      [Scan RS (ms): Min: 0.0, Avg: 0.0, Max: 0.0, Diff: 0.0, Sum: 0.0]
      [Code Root Scanning (ms): Min: 0.0, Avg: 0.0, Max: 0.0, Diff: 0.0, Sum: 0.0]
      [Object Copy (ms): Min: 0.1, Avg: 0.3, Max: 0.5, Diff: 0.4, Sum: 3.3]
      [Termination (ms): Min: 0.0, Avg: 0.1, Max: 0.1, Diff: 0.1, Sum: 0.6]
         [Termination Attempts: Min: 1, Avg: 1.0, Max: 1, Diff: 0, Sum: 10]
      [GC Worker Other (ms): Min: 0.0, Avg: 0.0, Max: 0.0, Diff: 0.0, Sum: 0.1]
      [GC Worker Total (ms): Min: 2.5, Avg: 2.6, Max: 2.9, Diff: 0.4, Sum: 26.3]
      [GC Worker End (ms): Min: 363908785.4, Avg: 363908785.4, Max: 363908785.5, Diff: 0.0]
   [Code Root Fixup: 0.0 ms]
   [Code Root Purge: 0.0 ms]
   [String Dedup Fixup: 2.6 ms, GC Workers: 10]
      [Queue Fixup (ms): Min: 0.0, Avg: 0.0, Max: 0.0, Diff: 0.0, Sum: 0.0]
      [Table Fixup (ms): Min: 1.9, Avg: 2.0, Max: 2.2, Diff: 0.3, Sum: 20.2]
   [Clear CT: 0.9 ms]
   [Other: 1.4 ms]
      [Choose CSet: 0.0 ms]
      [Ref Proc: 0.5 ms]
      [Ref Enq: 0.0 ms]
      [Redirty Cards: 0.7 ms]
      [Humongous Register: 0.0 ms]
      [Humongous Reclaim: 0.0 ms]
      [Free CSet: 0.0 ms]
   [Eden: 50176.0K(50176.0K)->0.0B(50176.0K) Survivors: 2048.0K->2048.0K Heap: 236.0M(267.0M)->186.6M(267.0M)]
 [Times: user=0.00 sys=0.00, real=0.01 secs] 
2020-12-17T16:31:42.220+0530: 363908.791: [GC concurrent-string-deduplication, 264.0B->264.0B(0.0B), avg 59.6%, 0.0000092 secs]
   [Last Exec: 0.0000092 secs, Idle: 334.8331191 secs, Blocked: 0/0.0000000 secs]
      [Inspected:              20]
         [Skipped:              0(  0.0%)]
         [Hashed:               1(  5.0%)]
         [Known:               19( 95.0%)]
         [New:                  1(  5.0%)    264.0B]
      [Deduplicated:            0(  0.0%)      0.0B(  0.0%)]
         [Young:                0(  0.0%)      0.0B(  0.0%)]
         [Old:                  0(  0.0%)      0.0B(  0.0%)]
   [Total Exec: 1361/0.8376814 secs, Idle: 1361/363907.4842910 secs, Blocked: 126/0.0886757 secs]
2020-12-17T16:31:42.220+0530: 363908.791: [GC concurrent-root-region-scan-start]
      [Inspected:         2857020]
         [Skipped:              0(  0.0%)]
         [Hashed:         1169364( 40.9%)]
         [Known:           178558(  6.2%)]
         [New:            2678462( 93.8%)    206.4M]
      [Deduplicated:      1875836( 70.0%)    123.1M( 59.6%)]
         [Young:           765841( 40.8%)  60267.8K( 47.8%)]
         [Old:            1109995( 59.2%)  65789.8K( 52.2%)]
   [Table]
      [Memory Usage: 8332.5K]
      [Size: 262144, Min: 1024, Max: 16777216]
      [Entries: 262142, Load: 100.0%, Cached: 5996, Added: 955998, Removed: 693856]
      [Resize Count: 8, Shrink Threshold: 174762(66.7%), Grow Threshold: 524288(200.0%)]
      [Rehash Count: 0, Rehash Threshold: 120, Hash Seed: 0x0]
      [Age Threshold: 3]
   [Queue]
      [Dropped: 0]
[GC concurrent-string-deduplication, deleted 0 entries, 0.0000007 secs]
2020-12-17T16:31:42.222+0530: 363908.793: [GC concurrent-root-region-scan-end, 0.0018588 secs]
2020-12-17T16:31:42.222+0530: 363908.793: [GC concurrent-mark-start]
2020-12-17T16:31:42.297+0530: 363908.868: [GC concurrent-mark-end, 0.0751702 secs]
2020-12-17T16:31:42.297+0530: 363908.869: [GC remark 2020-12-17T16:31:42.297+0530: 363908.869: [Finalize Marking, 0.0008040 secs] 2020-12-17T16:31:42.298+0530: 363908.869: [GC ref-proc, 0.0004909 secs] 2020-12-17T16:31:42.299+0530: 363908.870: [Unloading, 0.0220768 secs], 0.0244537 secs]
 [Times: user=0.16 sys=0.00, real=0.03 secs] 
2020-12-17T16:31:42.322+0530: 363908.894: [GC cleanup 186M->186M(267M), 0.0040549 secs]
 [Times: user=0.00 sys=0.00, real=0.00 secs] 
2020-12-17T16:39:15.754+0530: 364362.324: [GC pause (G1 Evacuation Pause) (young), 0.0092798 secs]
   [Parallel Time: 4.5 ms, GC Workers: 10]
      [GC Worker Start (ms): Min: 364362324.4, Avg: 364362324.8, Max: 364362325.1, Diff: 0.7]
      [Ext Root Scanning (ms): Min: 1.8, Avg: 2.5, Max: 4.2, Diff: 2.4, Sum: 24.7]
      [Update RS (ms): Min: 0.0, Avg: 0.7, Max: 1.1, Diff: 1.1, Sum: 7.0]
         [Processed Buffers: Min: 0, Avg: 6.2, Max: 13, Diff: 13, Sum: 62]
      [Scan RS (ms): Min: 0.0, Avg: 0.0, Max: 0.0, Diff: 0.0, Sum: 0.0]
      [Code Root Scanning (ms): Min: 0.0, Avg: 0.0, Max: 0.0, Diff: 0.0, Sum: 0.0]
      [Object Copy (ms): Min: 0.0, Avg: 0.6, Max: 1.1, Diff: 1.0, Sum: 6.0]
      [Termination (ms): Min: 0.0, Avg: 0.1, Max: 0.1, Diff: 0.1, Sum: 1.2]
         [Termination Attempts: Min: 1, Avg: 1.8, Max: 3, Diff: 2, Sum: 18]
      [GC Worker Other (ms): Min: 0.0, Avg: 0.0, Max: 0.0, Diff: 0.0, Sum: 0.3]
      [GC Worker Total (ms): Min: 3.6, Avg: 3.9, Max: 4.4, Diff: 0.7, Sum: 39.3]
      [GC Worker End (ms): Min: 364362328.7, Avg: 364362328.7, Max: 364362328.7, Diff: 0.0]
   [Code Root Fixup: 0.0 ms]
   [Code Root Purge: 0.0 ms]
   [String Dedup Fixup: 2.6 ms, GC Workers: 10]
      [Queue Fixup (ms): Min: 0.0, Avg: 0.0, Max: 0.0, Diff: 0.0, Sum: 0.0]
      [Table Fixup (ms): Min: 1.8, Avg: 1.9, Max: 2.0, Diff: 0.2, Sum: 18.6]
   [Clear CT: 0.8 ms]
   [Other: 1.4 ms]
      [Choose CSet: 0.0 ms]
      [Ref Proc: 0.3 ms]
      [Ref Enq: 0.0 ms]
      [Redirty Cards: 0.7 ms]
      [Humongous Register: 0.1 ms]
      [Humongous Reclaim: 0.0 ms]
      [Free CSet: 0.0 ms]
   [Eden: 50176.0K(50176.0K)->0.0B(12288.0K) Survivors: 2048.0K->1024.0K Heap: 235.6M(267.0M)->186.3M(267.0M)]
 [Times: user=0.00 sys=0.00, real=0.01 secs] 
2020-12-17T16:39:15.763+0530: 364362.333: [GC concurrent-string-deduplication, 1648.0B->752.0B(896.0B), avg 59.6%, 0.0000258 secs]
   [Last Exec: 0.0000258 secs, Idle: 453.5423545 secs, Blocked: 0/0.0000000 secs]
      [Inspected:              59]
         [Skipped:              0(  0.0%)]
         [Hashed:              19( 32.2%)]
         [Known:               27( 45.8%)]
         [New:                 32( 54.2%)   1648.0B]
      [Deduplicated:           23( 71.9%)    896.0B( 54.4%)]
         [Young:               23(100.0%)    896.0B(100.0%)]
         [Old:                  0(  0.0%)      0.0B(  0.0%)]
   [Total Exec: 1362/0.8377072 secs, Idle: 1362/364361.0266455 secs, Blocked: 126/0.0886757 secs]
      [Inspected:         2857079]
         [Skipped:              0(  0.0%)]
         [Hashed:         1169383( 40.9%)]
         [Known:           178585(  6.3%)]
         [New:            2678494( 93.7%)    206.4M]
      [Deduplicated:      1875859( 70.0%)    123.1M( 59.6%)]
         [Young:           765864( 40.8%)  60268.7K( 47.8%)]
         [Old:            1109995( 59.2%)  65789.8K( 52.2%)]
   [Table]
      [Memory Usage: 8332.5K]
      [Size: 262144, Min: 1024, Max: 16777216]
      [Entries: 261723, Load: 99.8%, Cached: 6415, Added: 956024, Removed: 694301]
      [Resize Count: 8, Shrink Threshold: 174762(66.7%), Grow Threshold: 524288(200.0%)]
      [Rehash Count: 0, Rehash Threshold: 120, Hash Seed: 0x0]
      [Age Threshold: 3]
   [Queue]
      [Dropped: 0]
[GC concurrent-string-deduplication, deleted 0 entries, 0.0000009 secs]
2020-12-17T16:41:08.848+0530: 364475.419: [GC pause (G1 Evacuation Pause) (mixed), 0.0083879 secs]
   [Parallel Time: 2.8 ms, GC Workers: 10]
      [GC Worker Start (ms): Min: 364475419.5, Avg: 364475419.7, Max: 364475419.8, Diff: 0.3]
      [Ext Root Scanning (ms): Min: 0.5, Avg: 0.7, Max: 1.5, Diff: 1.0, Sum: 7.3]
      [Update RS (ms): Min: 0.0, Avg: 0.5, Max: 0.8, Diff: 0.8, Sum: 4.6]
         [Processed Buffers: Min: 0, Avg: 4.0, Max: 11, Diff: 11, Sum: 40]
      [Scan RS (ms): Min: 0.0, Avg: 0.2, Max: 0.4, Diff: 0.4, Sum: 2.3]
      [Code Root Scanning (ms): Min: 0.0, Avg: 0.0, Max: 0.0, Diff: 0.0, Sum: 0.0]
      [Object Copy (ms): Min: 0.5, Avg: 0.6, Max: 0.7, Diff: 0.2, Sum: 6.0]
      [Termination (ms): Min: 0.0, Avg: 0.0, Max: 0.0, Diff: 0.0, Sum: 0.0]
         [Termination Attempts: Min: 1, Avg: 4.4, Max: 7, Diff: 6, Sum: 44]
      [GC Worker Other (ms): Min: 0.0, Avg: 0.0, Max: 0.0, Diff: 0.0, Sum: 0.1]
      [GC Worker Total (ms): Min: 1.9, Avg: 2.0, Max: 2.2, Diff: 0.3, Sum: 20.3]
      [GC Worker End (ms): Min: 364475421.7, Avg: 364475421.7, Max: 364475421.7, Diff: 0.0]
   [Code Root Fixup: 0.0 ms]
   [Code Root Purge: 0.0 ms]
   [String Dedup Fixup: 3.0 ms, GC Workers: 10]
      [Queue Fixup (ms): Min: 0.0, Avg: 0.0, Max: 0.0, Diff: 0.0, Sum: 0.0]
      [Table Fixup (ms): Min: 2.2, Avg: 2.3, Max: 2.5, Diff: 0.2, Sum: 23.5]
   [Clear CT: 0.7 ms]
   [Other: 1.9 ms]
      [Choose CSet: 0.0 ms]
      [Ref Proc: 1.0 ms]
      [Ref Enq: 0.0 ms]
      [Redirty Cards: 0.7 ms]
      [Humongous Register: 0.0 ms]
      [Humongous Reclaim: 0.0 ms]
      [Free CSet: 0.1 ms]
   [Eden: 12288.0K(12288.0K)->0.0B(52224.0K) Survivors: 1024.0K->1024.0K Heap: 198.3M(267.0M)->186.3M(267.0M)]
 [Times: user=0.00 sys=0.00, real=0.01 secs] 
2020-12-17T16:41:08.857+0530: 364475.428: [GC concurrent-string-deduplication, 264.0B->264.0B(0.0B), avg 59.6%, 0.0000058 secs]
   [Last Exec: 0.0000058 secs, Idle: 113.0945120 secs, Blocked: 0/0.0000000 secs]
      [Inspected:               5]
         [Skipped:              0(  0.0%)]
         [Hashed:               1( 20.0%)]
         [Known:                4( 80.0%)]
         [New:                  1( 20.0%)    264.0B]
      [Deduplicated:            0(  0.0%)      0.0B(  0.0%)]
         [Young:                0(  0.0%)      0.0B(  0.0%)]
         [Old:                  0(  0.0%)      0.0B(  0.0%)]
   [Total Exec: 1363/0.8377130 secs, Idle: 1363/364474.1211575 secs, Blocked: 126/0.0886757 secs]
      [Inspected:         2857084]
         [Skipped:              0(  0.0%)]
         [Hashed:         1169384( 40.9%)]
         [Known:           178589(  6.3%)]
         [New:            2678495( 93.7%)    206.4M]
      [Deduplicated:      1875859( 70.0%)    123.1M( 59.6%)]
         [Young:           765864( 40.8%)  60268.7K( 47.8%)]
         [Old:            1109995( 59.2%)  65789.8K( 52.2%)]
   [Table]
      [Memory Usage: 8332.5K]
      [Size: 262144, Min: 1024, Max: 16777216]
      [Entries: 261724, Load: 99.8%, Cached: 6414, Added: 956025, Removed: 694301]
      [Resize Count: 8, Shrink Threshold: 174762(66.7%), Grow Threshold: 524288(200.0%)]
      [Rehash Count: 0, Rehash Threshold: 120, Hash Seed: 0x0]
      [Age Threshold: 3]
   [Queue]
      [Dropped: 0]
[GC concurrent-string-deduplication, deleted 0 entries, 0.0000008 secs]
2020-12-17T16:46:09.084+0530: 364775.655: [GC pause (G1 Evacuation Pause) (young), 0.0089380 secs]
   [Parallel Time: 3.0 ms, GC Workers: 10]
      [GC Worker Start (ms): Min: 364775655.4, Avg: 364775655.6, Max: 364775655.7, Diff: 0.3]
      [Ext Root Scanning (ms): Min: 0.5, Avg: 0.8, Max: 2.0, Diff: 1.5, Sum: 7.6]
      [Update RS (ms): Min: 0.2, Avg: 1.1, Max: 1.3, Diff: 1.1, Sum: 11.3]
         [Processed Buffers: Min: 2, Avg: 5.6, Max: 15, Diff: 13, Sum: 56]
      [Scan RS (ms): Min: 0.0, Avg: 0.0, Max: 0.0, Diff: 0.0, Sum: 0.0]
      [Code Root Scanning (ms): Min: 0.0, Avg: 0.0, Max: 0.0, Diff: 0.0, Sum: 0.0]
      [Object Copy (ms): Min: 0.2, Avg: 0.4, Max: 0.5, Diff: 0.3, Sum: 3.8]
      [Termination (ms): Min: 0.0, Avg: 0.0, Max: 0.0, Diff: 0.0, Sum: 0.0]
         [Termination Attempts: Min: 1, Avg: 1.0, Max: 1, Diff: 0, Sum: 10]
      [GC Worker Other (ms): Min: 0.0, Avg: 0.0, Max: 0.0, Diff: 0.0, Sum: 0.1]
      [GC Worker Total (ms): Min: 2.2, Avg: 2.3, Max: 2.5, Diff: 0.3, Sum: 22.9]
      [GC Worker End (ms): Min: 364775657.9, Avg: 364775657.9, Max: 364775657.9, Diff: 0.0]
   [Code Root Fixup: 0.0 ms]
   [Code Root Purge: 0.0 ms]
   [String Dedup Fixup: 3.4 ms, GC Workers: 10]
      [Queue Fixup (ms): Min: 0.0, Avg: 0.0, Max: 0.0, Diff: 0.0, Sum: 0.0]
      [Table Fixup (ms): Min: 2.7, Avg: 2.8, Max: 3.0, Diff: 0.3, Sum: 28.4]
   [Clear CT: 0.8 ms]
   [Other: 1.7 ms]
      [Choose CSet: 0.0 ms]
      [Ref Proc: 0.7 ms]
      [Ref Enq: 0.0 ms]
      [Redirty Cards: 0.8 ms]
      [Humongous Register: 0.0 ms]
      [Humongous Reclaim: 0.0 ms]
      [Free CSet: 0.1 ms]
   [Eden: 52224.0K(52224.0K)->0.0B(52224.0K) Survivors: 1024.0K->1024.0K Heap: 237.3M(267.0M)->186.4M(267.0M)]
 [Times: user=0.00 sys=0.00, real=0.01 secs] 
2020-12-17T16:46:09.093+0530: 364775.664: [GC concurrent-string-deduplication, 528.0B->528.0B(0.0B), avg 59.6%, 0.0000116 secs]
   [Last Exec: 0.0000116 secs, Idle: 300.2363598 secs, Blocked: 0/0.0000000 secs]
      [Inspected:              19]
         [Skipped:              0(  0.0%)]
         [Hashed:               2( 10.5%)]
         [Known:               17( 89.5%)]
         [New:                  2( 10.5%)    528.0B]
      [Deduplicated:            0(  0.0%)      0.0B(  0.0%)]
         [Young:                0(  0.0%)      0.0B(  0.0%)]
         [Old:                  0(  0.0%)      0.0B(  0.0%)]
   [Total Exec: 1364/0.8377246 secs, Idle: 1364/364774.3575173 secs, Blocked: 126/0.0886757 secs]
      [Inspected:         2857103]
         [Skipped:              0(  0.0%)]
         [Hashed:         1169386( 40.9%)]
         [Known:           178606(  6.3%)]
         [New:            2678497( 93.7%)    206.4M]
      [Deduplicated:      1875859( 70.0%)    123.1M( 59.6%)]
         [Young:           765864( 40.8%)  60268.7K( 47.8%)]
         [Old:            1109995( 59.2%)  65789.8K( 52.2%)]
   [Table]
      [Memory Usage: 8332.5K]
      [Size: 262144, Min: 1024, Max: 16777216]
      [Entries: 261726, Load: 99.8%, Cached: 6412, Added: 956027, Removed: 694301]
      [Resize Count: 8, Shrink Threshold: 174762(66.7%), Grow Threshold: 524288(200.0%)]
      [Rehash Count: 0, Rehash Threshold: 120, Hash Seed: 0x0]
      [Age Threshold: 3]
   [Queue]
      [Dropped: 0]
[GC concurrent-string-deduplication, deleted 0 entries, 0.0000009 secs]
2020-12-17T16:51:09.362+0530: 365075.932: [GC pause (G1 Evacuation Pause) (young) (initial-mark), 0.0088454 secs]
   [Parallel Time: 3.6 ms, GC Workers: 10]
      [GC Worker Start (ms): Min: 365075932.5, Avg: 365075932.7, Max: 365075932.9, Diff: 0.4]
      [Ext Root Scanning (ms): Min: 1.7, Avg: 2.0, Max: 2.3, Diff: 0.6, Sum: 19.8]
      [Update RS (ms): Min: 0.3, Avg: 0.5, Max: 0.8, Diff: 0.5, Sum: 4.9]
         [Processed Buffers: Min: 1, Avg: 5.6, Max: 18, Diff: 17, Sum: 56]
      [Scan RS (ms): Min: 0.0, Avg: 0.0, Max: 0.0, Diff: 0.0, Sum: 0.0]
      [Code Root Scanning (ms): Min: 0.0, Avg: 0.0, Max: 0.0, Diff: 0.0, Sum: 0.0]
      [Object Copy (ms): Min: 0.0, Avg: 0.3, Max: 0.5, Diff: 0.4, Sum: 3.1]
      [Termination (ms): Min: 0.0, Avg: 0.0, Max: 0.1, Diff: 0.1, Sum: 0.5]
         [Termination Attempts: Min: 1, Avg: 1.3, Max: 2, Diff: 1, Sum: 13]
      [GC Worker Other (ms): Min: 0.0, Avg: 0.0, Max: 0.0, Diff: 0.0, Sum: 0.1]
      [GC Worker Total (ms): Min: 2.7, Avg: 2.8, Max: 3.1, Diff: 0.4, Sum: 28.4]
      [GC Worker End (ms): Min: 365075935.5, Avg: 365075935.5, Max: 365075935.5, Diff: 0.0]
   [Code Root Fixup: 0.0 ms]
   [Code Root Purge: 0.0 ms]
   [String Dedup Fixup: 2.5 ms, GC Workers: 10]
      [Queue Fixup (ms): Min: 0.0, Avg: 0.0, Max: 0.0, Diff: 0.0, Sum: 0.0]
      [Table Fixup (ms): Min: 1.8, Avg: 1.8, Max: 2.0, Diff: 0.2, Sum: 18.4]
   [Clear CT: 0.8 ms]
   [Other: 2.0 ms]
      [Choose CSet: 0.0 ms]
      [Ref Proc: 1.1 ms]
      [Ref Enq: 0.0 ms]
      [Redirty Cards: 0.7 ms]
      [Humongous Register: 0.0 ms]
      [Humongous Reclaim: 0.0 ms]
      [Free CSet: 0.0 ms]
   [Eden: 52224.0K(52224.0K)->0.0B(50176.0K) Survivors: 1024.0K->2048.0K Heap: 237.4M(267.0M)->186.7M(267.0M)]
 [Times: user=0.00 sys=0.00, real=0.01 secs] 
2020-12-17T16:51:09.370+0530: 365075.941: [GC concurrent-root-region-scan-start]
2020-12-17T16:51:09.372+0530: 365075.943: [GC concurrent-root-region-scan-end, 0.0021552 secs]
2020-12-17T16:51:09.372+0530: 365075.943: [GC concurrent-mark-start]
2020-12-17T16:51:09.450+0530: 365076.021: [GC concurrent-mark-end, 0.0775718 secs]
2020-12-17T16:51:09.450+0530: 365076.022: [GC remark 2020-12-17T16:51:09.450+0530: 365076.022: [Finalize Marking, 0.0008572 secs] 2020-12-17T16:51:09.451+0530: 365076.022: [GC ref-proc, 0.0005707 secs] 2020-12-17T16:51:09.452+0530: 365076.023: [Unloading, 0.0222837 secs], 0.0245918 secs]
 [Times: user=0.25 sys=0.00, real=0.02 secs] 
2020-12-17T16:51:09.475+0530: 365076.047: [GC cleanup 189M->189M(267M), 0.0061792 secs]
 [Times: user=0.00 sys=0.00, real=0.01 secs] 
2020-12-17T16:57:37.645+0530: 365464.216: [GC pause (G1 Evacuation Pause) (young), 0.0073091 secs]
   [Parallel Time: 2.3 ms, GC Workers: 10]
      [GC Worker Start (ms): Min: 365464216.1, Avg: 365464216.5, Max: 365464216.7, Diff: 0.6]
      [Ext Root Scanning (ms): Min: 0.4, Avg: 0.7, Max: 1.3, Diff: 0.9, Sum: 6.9]
      [Update RS (ms): Min: 0.6, Avg: 0.7, Max: 0.9, Diff: 0.3, Sum: 7.5]
         [Processed Buffers: Min: 1, Avg: 5.9, Max: 10, Diff: 9, Sum: 59]
      [Scan RS (ms): Min: 0.0, Avg: 0.0, Max: 0.0, Diff: 0.0, Sum: 0.1]
      [Code Root Scanning (ms): Min: 0.0, Avg: 0.0, Max: 0.0, Diff: 0.0, Sum: 0.0]
      [Object Copy (ms): Min: 0.0, Avg: 0.3, Max: 0.5, Diff: 0.5, Sum: 3.2]
      [Termination (ms): Min: 0.0, Avg: 0.1, Max: 0.1, Diff: 0.1, Sum: 0.6]
         [Termination Attempts: Min: 1, Avg: 1.2, Max: 2, Diff: 1, Sum: 12]
      [GC Worker Other (ms): Min: 0.0, Avg: 0.0, Max: 0.0, Diff: 0.0, Sum: 0.1]
      [GC Worker Total (ms): Min: 1.6, Avg: 1.8, Max: 2.2, Diff: 0.6, Sum: 18.4]
      [GC Worker End (ms): Min: 365464218.3, Avg: 365464218.3, Max: 365464218.3, Diff: 0.0]
   [Code Root Fixup: 0.0 ms]
   [Code Root Purge: 0.0 ms]
   [String Dedup Fixup: 2.6 ms, GC Workers: 10]
      [Queue Fixup (ms): Min: 0.0, Avg: 0.0, Max: 0.0, Diff: 0.0, Sum: 0.0]
      [Table Fixup (ms): Min: 1.8, Avg: 1.9, Max: 2.1, Diff: 0.3, Sum: 19.3]
   [Clear CT: 0.9 ms]
   [Other: 1.6 ms]
      [Choose CSet: 0.0 ms]
      [Ref Proc: 0.9 ms]
      [Ref Enq: 0.0 ms]
      [Redirty Cards: 0.5 ms]
      [Humongous Register: 0.0 ms]
      [Humongous Reclaim: 0.0 ms]
      [Free CSet: 0.1 ms]
   [Eden: 50176.0K(50176.0K)->0.0B(12288.0K) Survivors: 2048.0K->1024.0K Heap: 235.7M(267.0M)->186.3M(267.0M)]
 [Times: user=0.00 sys=0.00, real=0.01 secs] 
2020-12-17T16:57:37.652+0530: 365464.223: [GC concurrent-string-deduplication, 264.0B->264.0B(0.0B), avg 59.6%, 0.0000033 secs]
   [Last Exec: 0.0000033 secs, Idle: 688.5589964 secs, Blocked: 0/0.0000000 secs]
      [Inspected:               1]
         [Skipped:              0(  0.0%)]
         [Hashed:               1(100.0%)]
         [Known:                0(  0.0%)]
         [New:                  1(100.0%)    264.0B]
      [Deduplicated:            0(  0.0%)      0.0B(  0.0%)]
         [Young:                0(  0.0%)      0.0B(  0.0%)]
         [Old:                  0(  0.0%)      0.0B(  0.0%)]
   [Total Exec: 1365/0.8377279 secs, Idle: 1365/365462.9165137 secs, Blocked: 126/0.0886757 secs]
      [Inspected:         2857104]
         [Skipped:              0(  0.0%)]
         [Hashed:         1169387( 40.9%)]
         [Known:           178606(  6.3%)]
         [New:            2678498( 93.7%)    206.4M]
      [Deduplicated:      1875859( 70.0%)    123.1M( 59.6%)]
         [Young:           765864( 40.8%)  60268.7K( 47.8%)]
         [Old:            1109995( 59.2%)  65789.8K( 52.2%)]
   [Table]
      [Memory Usage: 8332.5K]
      [Size: 262144, Min: 1024, Max: 16777216]
      [Entries: 261486, Load: 99.7%, Cached: 6652, Added: 956053, Removed: 694567]
      [Resize Count: 8, Shrink Threshold: 174762(66.7%), Grow Threshold: 524288(200.0%)]
      [Rehash Count: 0, Rehash Threshold: 120, Hash Seed: 0x0]
      [Age Threshold: 3]
   [Queue]
      [Dropped: 0]
[GC concurrent-string-deduplication, deleted 0 entries, 0.0000006 secs]
2020-12-17T17:01:09.788+0530: 365676.358: [GC pause (G1 Evacuation Pause) (mixed), 0.0110830 secs]
   [Parallel Time: 5.4 ms, GC Workers: 10]
      [GC Worker Start (ms): Min: 365676358.8, Avg: 365676358.9, Max: 365676359.1, Diff: 0.3]
      [Ext Root Scanning (ms): Min: 0.7, Avg: 1.1, Max: 2.6, Diff: 1.9, Sum: 10.8]
      [Update RS (ms): Min: 0.0, Avg: 0.6, Max: 1.1, Diff: 1.1, Sum: 6.1]
         [Processed Buffers: Min: 0, Avg: 4.9, Max: 17, Diff: 17, Sum: 49]
      [Scan RS (ms): Min: 0.6, Avg: 1.1, Max: 1.5, Diff: 0.9, Sum: 11.4]
      [Code Root Scanning (ms): Min: 0.0, Avg: 0.1, Max: 0.6, Diff: 0.6, Sum: 0.8]
      [Object Copy (ms): Min: 1.6, Avg: 1.9, Max: 2.0, Diff: 0.4, Sum: 18.7]
      [Termination (ms): Min: 0.0, Avg: 0.2, Max: 0.2, Diff: 0.2, Sum: 1.9]
         [Termination Attempts: Min: 1, Avg: 3.4, Max: 6, Diff: 5, Sum: 34]
      [GC Worker Other (ms): Min: 0.0, Avg: 0.0, Max: 0.0, Diff: 0.0, Sum: 0.2]
      [GC Worker Total (ms): Min: 4.8, Avg: 5.0, Max: 5.1, Diff: 0.3, Sum: 49.9]
      [GC Worker End (ms): Min: 365676363.9, Avg: 365676363.9, Max: 365676363.9, Diff: 0.0]
   [Code Root Fixup: 0.0 ms]
   [Code Root Purge: 0.0 ms]
   [String Dedup Fixup: 3.5 ms, GC Workers: 10]
      [Queue Fixup (ms): Min: 0.0, Avg: 0.0, Max: 0.0, Diff: 0.0, Sum: 0.0]
      [Table Fixup (ms): Min: 2.8, Avg: 3.0, Max: 3.0, Diff: 0.2, Sum: 29.7]
   [Clear CT: 0.7 ms]
   [Other: 1.4 ms]
      [Choose CSet: 0.1 ms]
      [Ref Proc: 0.3 ms]
      [Ref Enq: 0.0 ms]
      [Redirty Cards: 0.7 ms]
      [Humongous Register: 0.0 ms]
      [Humongous Reclaim: 0.0 ms]
      [Free CSet: 0.1 ms]
   [Eden: 12288.0K(12288.0K)->0.0B(52224.0K) Survivors: 1024.0K->1024.0K Heap: 198.3M(267.0M)->186.2M(267.0M)]
 [Times: user=0.16 sys=0.00, real=0.01 secs] 
2020-12-17T17:01:09.799+0530: 365676.370: [GC concurrent-string-deduplication, 1416.0B->960.0B(456.0B), avg 59.6%, 0.0000258 secs]
   [Last Exec: 0.0000258 secs, Idle: 212.1462783 secs, Blocked: 0/0.0000000 secs]
      [Inspected:              44]
         [Skipped:              0(  0.0%)]
         [Hashed:              14( 31.8%)]
         [Known:               26( 59.1%)]
         [New:                 18( 40.9%)   1416.0B]
      [Deduplicated:           11( 61.1%)    456.0B( 32.2%)]
         [Young:               11(100.0%)    456.0B(100.0%)]
         [Old:                  0(  0.0%)      0.0B(  0.0%)]
   [Total Exec: 1366/0.8377537 secs, Idle: 1366/365675.0627920 secs, Blocked: 126/0.0886757 secs]
      [Inspected:         2857148]
         [Skipped:              0(  0.0%)]
         [Hashed:         1169401( 40.9%)]
         [Known:           178632(  6.3%)]
         [New:            2678516( 93.7%)    206.4M]
      [Deduplicated:      1875870( 70.0%)    123.1M( 59.6%)]
         [Young:           765875( 40.8%)  60269.1K( 47.8%)]
         [Old:            1109995( 59.2%)  65789.8K( 52.2%)]
   [Table]
      [Memory Usage: 8332.5K]
      [Size: 262144, Min: 1024, Max: 16777216]
      [Entries: 261493, Load: 99.8%, Cached: 6645, Added: 956060, Removed: 694567]
      [Resize Count: 8, Shrink Threshold: 174762(66.7%), Grow Threshold: 524288(200.0%)]
      [Rehash Count: 0, Rehash Threshold: 120, Hash Seed: 0x0]
      [Age Threshold: 3]
   [Queue]
      [Dropped: 0]
[GC concurrent-string-deduplication, deleted 0 entries, 0.0000009 secs]
2020-12-17T17:01:41.326+0530: 365707.897: [GC pause (G1 Evacuation Pause) (young), 0.0095304 secs]
   [Parallel Time: 4.8 ms, GC Workers: 10]
      [GC Worker Start (ms): Min: 365707896.8, Avg: 365707896.9, Max: 365707897.0, Diff: 0.2]
      [Ext Root Scanning (ms): Min: 0.6, Avg: 0.9, Max: 1.6, Diff: 1.0, Sum: 9.0]
      [Update RS (ms): Min: 1.8, Avg: 2.4, Max: 2.5, Diff: 0.7, Sum: 23.8]
         [Processed Buffers: Min: 4, Avg: 7.7, Max: 17, Diff: 13, Sum: 77]
      [Scan RS (ms): Min: 0.0, Avg: 0.0, Max: 0.0, Diff: 0.0, Sum: 0.0]
      [Code Root Scanning (ms): Min: 0.0, Avg: 0.0, Max: 0.0, Diff: 0.0, Sum: 0.1]
      [Object Copy (ms): Min: 0.9, Avg: 1.1, Max: 1.2, Diff: 0.4, Sum: 11.1]
      [Termination (ms): Min: 0.0, Avg: 0.0, Max: 0.0, Diff: 0.0, Sum: 0.0]
         [Termination Attempts: Min: 1, Avg: 1.0, Max: 1, Diff: 0, Sum: 10]
      [GC Worker Other (ms): Min: 0.0, Avg: 0.0, Max: 0.0, Diff: 0.0, Sum: 0.1]
      [GC Worker Total (ms): Min: 4.3, Avg: 4.4, Max: 4.6, Diff: 0.2, Sum: 44.2]
      [GC Worker End (ms): Min: 365707901.3, Avg: 365707901.3, Max: 365707901.4, Diff: 0.0]
   [Code Root Fixup: 0.0 ms]
   [Code Root Purge: 0.0 ms]
   [String Dedup Fixup: 2.7 ms, GC Workers: 10]
      [Queue Fixup (ms): Min: 0.0, Avg: 0.0, Max: 0.0, Diff: 0.0, Sum: 0.0]
      [Table Fixup (ms): Min: 2.1, Avg: 2.1, Max: 2.2, Diff: 0.1, Sum: 21.1]
   [Clear CT: 0.8 ms]
   [Other: 1.1 ms]
      [Choose CSet: 0.0 ms]
      [Ref Proc: 0.3 ms]
      [Ref Enq: 0.0 ms]
      [Redirty Cards: 0.7 ms]
      [Humongous Register: 0.0 ms]
      [Humongous Reclaim: 0.0 ms]
      [Free CSet: 0.0 ms]
   [Eden: 52224.0K(52224.0K)->0.0B(48128.0K) Survivors: 1024.0K->3072.0K Heap: 237.2M(267.0M)->187.9M(267.0M)]
 [Times: user=0.16 sys=0.00, real=0.01 secs] 
2020-12-17T17:01:41.335+0530: 365707.906: [GC concurrent-string-deduplication, 264.0B->264.0B(0.0B), avg 59.6%, 0.0000029 secs]
   [Last Exec: 0.0000029 secs, Idle: 31.5365689 secs, Blocked: 0/0.0000000 secs]
      [Inspected:               1]
         [Skipped:              0(  0.0%)]
         [Hashed:               1(100.0%)]
         [Known:                0(  0.0%)]
         [New:                  1(100.0%)    264.0B]
      [Deduplicated:            0(  0.0%)      0.0B(  0.0%)]
         [Young:                0(  0.0%)      0.0B(  0.0%)]
         [Old:                  0(  0.0%)      0.0B(  0.0%)]
   [Total Exec: 1367/0.8377566 secs, Idle: 1367/365706.5993609 secs, Blocked: 126/0.0886757 secs]
      [Inspected:         2857149]
         [Skipped:              0(  0.0%)]
         [Hashed:         1169402( 40.9%)]
         [Known:           178632(  6.3%)]
         [New:            2678517( 93.7%)    206.4M]
      [Deduplicated:      1875870( 70.0%)    123.1M( 59.6%)]
         [Young:           765875( 40.8%)  60269.1K( 47.8%)]
         [Old:            1109995( 59.2%)  65789.8K( 52.2%)]
   [Table]
      [Memory Usage: 8332.5K]
      [Size: 262144, Min: 1024, Max: 16777216]
      [Entries: 261609, Load: 99.8%, Cached: 6529, Added: 956185, Removed: 694576]
      [Resize Count: 8, Shrink Threshold: 174762(66.7%), Grow Threshold: 524288(200.0%)]
      [Rehash Count: 0, Rehash Threshold: 120, Hash Seed: 0x0]
      [Age Threshold: 3]
   [Queue]
      [Dropped: 0]
[GC concurrent-string-deduplication, deleted 0 entries, 0.0000007 secs]
2020-12-17T17:01:41.505+0530: 365708.076: [GC pause (G1 Humongous Allocation) (young) (initial-mark), 0.0098978 secs]
   [Parallel Time: 4.0 ms, GC Workers: 10]
      [GC Worker Start (ms): Min: 365708075.9, Avg: 365708076.0, Max: 365708076.1, Diff: 0.2]
      [Ext Root Scanning (ms): Min: 1.9, Avg: 2.1, Max: 2.4, Diff: 0.5, Sum: 20.6]
      [Update RS (ms): Min: 0.1, Avg: 0.3, Max: 0.7, Diff: 0.6, Sum: 3.4]
         [Processed Buffers: Min: 1, Avg: 2.1, Max: 4, Diff: 3, Sum: 21]
      [Scan RS (ms): Min: 0.0, Avg: 0.0, Max: 0.0, Diff: 0.0, Sum: 0.0]
      [Code Root Scanning (ms): Min: 0.0, Avg: 0.0, Max: 0.1, Diff: 0.1, Sum: 0.1]
      [Object Copy (ms): Min: 0.2, Avg: 0.5, Max: 0.8, Diff: 0.6, Sum: 5.2]
      [Termination (ms): Min: 0.0, Avg: 0.0, Max: 0.0, Diff: 0.0, Sum: 0.0]
         [Termination Attempts: Min: 1, Avg: 1.7, Max: 2, Diff: 1, Sum: 17]
      [GC Worker Other (ms): Min: 0.0, Avg: 0.0, Max: 0.0, Diff: 0.0, Sum: 0.1]
      [GC Worker Total (ms): Min: 2.9, Avg: 3.0, Max: 3.1, Diff: 0.2, Sum: 29.6]
      [GC Worker End (ms): Min: 365708079.0, Avg: 365708079.0, Max: 365708079.0, Diff: 0.0]
   [Code Root Fixup: 0.0 ms]
   [Code Root Purge: 0.0 ms]
   [String Dedup Fixup: 3.7 ms, GC Workers: 10]
      [Queue Fixup (ms): Min: 0.0, Avg: 0.0, Max: 0.0, Diff: 0.0, Sum: 0.0]
      [Table Fixup (ms): Min: 2.9, Avg: 3.1, Max: 3.2, Diff: 0.3, Sum: 30.6]
   [Clear CT: 0.9 ms]
   [Other: 1.2 ms]
      [Choose CSet: 0.0 ms]
      [Ref Proc: 0.3 ms]
      [Ref Enq: 0.0 ms]
      [Redirty Cards: 0.8 ms]
      [Humongous Register: 0.0 ms]
      [Humongous Reclaim: 0.0 ms]
      [Free CSet: 0.0 ms]
   [Eden: 13312.0K(48128.0K)->0.0B(48128.0K) Survivors: 3072.0K->3072.0K Heap: 200.7M(267.0M)->187.6M(267.0M)]
 [Times: user=0.00 sys=0.00, real=0.01 secs] 
2020-12-17T17:01:41.515+0530: 2020-12-17T17:01:41.515+0530: 365708.086: 365708.086: [GC concurrent-root-region-scan-start]
[GC concurrent-string-deduplication, 392.0B->264.0B(128.0B), avg 59.6%, 0.0000078 secs]
   [Last Exec: 0.0000078 secs, Idle: 0.1794972 secs, Blocked: 0/0.0000000 secs]
      [Inspected:               2]
         [Skipped:              0(  0.0%)]
         [Hashed:               1( 50.0%)]
         [Known:                0(  0.0%)]
         [New:                  2(100.0%)    392.0B]
      [Deduplicated:            1( 50.0%)    128.0B( 32.7%)]
         [Young:                1(100.0%)    128.0B(100.0%)]
         [Old:                  0(  0.0%)      0.0B(  0.0%)]
   [Total Exec: 1368/0.8377644 secs, Idle: 1368/365706.7788581 secs, Blocked: 126/0.0886757 secs]
      [Inspected:         2857151]
         [Skipped:              0(  0.0%)]
         [Hashed:         1169403( 40.9%)]
         [Known:           178632(  6.3%)]
         [New:            2678519( 93.7%)    206.4M]
      [Deduplicated:      1875871( 70.0%)    123.1M( 59.6%)]
         [Young:           765876( 40.8%)  60269.2K( 47.8%)]
         [Old:            1109995( 59.2%)  65789.8K( 52.2%)]
   [Table]
      [Memory Usage: 8332.5K]
      [Size: 262144, Min: 1024, Max: 16777216]
      [Entries: 261639, Load: 99.8%, Cached: 6499, Added: 956215, Removed: 694576]
      [Resize Count: 8, Shrink Threshold: 174762(66.7%), Grow Threshold: 524288(200.0%)]
      [Rehash Count: 0, Rehash Threshold: 120, Hash Seed: 0x0]
      [Age Threshold: 3]
   [Queue]
      [Dropped: 0]
[GC concurrent-string-deduplication, deleted 0 entries, 0.0000008 secs]
2020-12-17T17:01:41.517+0530: 365708.088: [GC concurrent-root-region-scan-end, 0.0019037 secs]
2020-12-17T17:01:41.517+0530: 365708.088: [GC concurrent-mark-start]
2020-12-17T17:01:41.617+0530: 365708.188: [GC concurrent-mark-end, 0.1002911 secs]
2020-12-17T17:01:41.618+0530: 365708.189: [GC remark 2020-12-17T17:01:41.618+0530: 365708.189: [Finalize Marking, 0.0004415 secs] 2020-12-17T17:01:41.618+0530: 365708.189: [GC ref-proc, 0.0007900 secs] 2020-12-17T17:01:41.619+0530: 365708.190: [Unloading, 0.0263693 secs], 0.0283535 secs]
 [Times: user=0.28 sys=0.00, real=0.03 secs] 
2020-12-17T17:01:41.647+0530: 365708.218: [GC cleanup 194M->194M(267M), 0.0021771 secs]
 [Times: user=0.00 sys=0.00, real=0.00 secs] 
2020-12-17T17:01:43.275+0530: 365709.846: [GC pause (G1 Evacuation Pause) (young), 0.0098172 secs]
   [Parallel Time: 4.2 ms, GC Workers: 10]
      [GC Worker Start (ms): Min: 365709845.8, Avg: 365709846.0, Max: 365709846.1, Diff: 0.2]
      [Ext Root Scanning (ms): Min: 0.6, Avg: 0.8, Max: 1.7, Diff: 1.1, Sum: 7.9]
      [Update RS (ms): Min: 0.0, Avg: 0.7, Max: 1.1, Diff: 1.1, Sum: 6.8]
         [Processed Buffers: Min: 0, Avg: 4.9, Max: 15, Diff: 15, Sum: 49]
      [Scan RS (ms): Min: 0.0, Avg: 0.0, Max: 0.0, Diff: 0.0, Sum: 0.0]
      [Code Root Scanning (ms): Min: 0.0, Avg: 0.0, Max: 0.0, Diff: 0.0, Sum: 0.0]
      [Object Copy (ms): Min: 1.9, Avg: 2.2, Max: 2.4, Diff: 0.5, Sum: 21.7]
      [Termination (ms): Min: 0.0, Avg: 0.0, Max: 0.0, Diff: 0.0, Sum: 0.0]
         [Termination Attempts: Min: 1, Avg: 1.3, Max: 2, Diff: 1, Sum: 13]
      [GC Worker Other (ms): Min: 0.0, Avg: 0.0, Max: 0.1, Diff: 0.1, Sum: 0.3]
      [GC Worker Total (ms): Min: 3.6, Avg: 3.7, Max: 3.9, Diff: 0.3, Sum: 36.8]
      [GC Worker End (ms): Min: 365709849.7, Avg: 365709849.7, Max: 365709849.7, Diff: 0.1]
   [Code Root Fixup: 0.0 ms]
   [Code Root Purge: 0.0 ms]
   [String Dedup Fixup: 2.8 ms, GC Workers: 10]
      [Queue Fixup (ms): Min: 0.0, Avg: 0.0, Max: 0.0, Diff: 0.0, Sum: 0.0]
      [Table Fixup (ms): Min: 2.1, Avg: 2.2, Max: 2.3, Diff: 0.2, Sum: 21.7]
   [Clear CT: 0.9 ms]
   [Other: 1.9 ms]
      [Choose CSet: 0.0 ms]
      [Ref Proc: 1.0 ms]
      [Ref Enq: 0.0 ms]
      [Redirty Cards: 0.8 ms]
      [Humongous Register: 0.0 ms]
      [Humongous Reclaim: 0.0 ms]
      [Free CSet: 0.0 ms]
   [Eden: 48128.0K(48128.0K)->0.0B(8192.0K) Survivors: 3072.0K->5120.0K Heap: 235.6M(267.0M)->189.8M(267.0M)]
 [Times: user=0.14 sys=0.00, real=0.01 secs] 
2020-12-17T17:01:43.285+0530: 365709.856: [GC concurrent-string-deduplication, 121.0K->224.0B(120.8K), avg 59.7%, 0.0004135 secs]
   [Last Exec: 0.0004135 secs, Idle: 1.7697285 secs, Blocked: 0/0.0000000 secs]
      [Inspected:            1819]
         [Skipped:              0(  0.0%)]
         [Hashed:            1653( 90.9%)]
         [Known:              148(  8.1%)]
         [New:               1671( 91.9%)    121.0K]
      [Deduplicated:         1669( 99.9%)    120.8K( 99.8%)]
         [Young:             1669(100.0%)    120.8K(100.0%)]
         [Old:                  0(  0.0%)      0.0B(  0.0%)]
   [Total Exec: 1369/0.8381779 secs, Idle: 1369/365708.5485866 secs, Blocked: 126/0.0886757 secs]
      [Inspected:         2858970]
         [Skipped:              0(  0.0%)]
         [Hashed:         1171056( 41.0%)]
         [Known:           178780(  6.3%)]
         [New:            2680190( 93.7%)    206.6M]
      [Deduplicated:      1877540( 70.1%)    123.2M( 59.7%)]
         [Young:           767545( 40.9%)  60390.0K( 47.9%)]
         [Old:            1109995( 59.1%)  65789.8K( 52.1%)]
   [Table]
      [Memory Usage: 8332.5K]
      [Size: 262144, Min: 1024, Max: 16777216]
      [Entries: 261724, Load: 99.8%, Cached: 6414, Added: 956369, Removed: 694645]
      [Resize Count: 8, Shrink Threshold: 174762(66.7%), Grow Threshold: 524288(200.0%)]
      [Rehash Count: 0, Rehash Threshold: 120, Hash Seed: 0x0]
      [Age Threshold: 3]
   [Queue]
      [Dropped: 0]
[GC concurrent-string-deduplication, deleted 0 entries, 0.0000009 secs]
2020-12-17T17:01:43.412+0530: 365709.983: [GC pause (G1 Evacuation Pause) (mixed), 0.0084092 secs]
   [Parallel Time: 3.0 ms, GC Workers: 10]
      [GC Worker Start (ms): Min: 365709983.4, Avg: 365709983.5, Max: 365709983.7, Diff: 0.3]
      [Ext Root Scanning (ms): Min: 0.7, Avg: 0.9, Max: 1.6, Diff: 0.9, Sum: 9.4]
      [Update RS (ms): Min: 0.0, Avg: 0.3, Max: 0.5, Diff: 0.5, Sum: 3.1]
         [Processed Buffers: Min: 0, Avg: 2.8, Max: 10, Diff: 10, Sum: 28]
      [Scan RS (ms): Min: 0.2, Avg: 0.3, Max: 0.4, Diff: 0.2, Sum: 3.3]
      [Code Root Scanning (ms): Min: 0.0, Avg: 0.0, Max: 0.0, Diff: 0.0, Sum: 0.0]
      [Object Copy (ms): Min: 0.7, Avg: 0.9, Max: 0.9, Diff: 0.2, Sum: 8.6]
      [Termination (ms): Min: 0.0, Avg: 0.0, Max: 0.0, Diff: 0.0, Sum: 0.0]
         [Termination Attempts: Min: 1, Avg: 1.7, Max: 3, Diff: 2, Sum: 17]
      [GC Worker Other (ms): Min: 0.0, Avg: 0.0, Max: 0.0, Diff: 0.0, Sum: 0.1]
      [GC Worker Total (ms): Min: 2.3, Avg: 2.5, Max: 2.6, Diff: 0.3, Sum: 24.5]
      [GC Worker End (ms): Min: 365709986.0, Avg: 365709986.0, Max: 365709986.0, Diff: 0.0]
   [Code Root Fixup: 0.0 ms]
   [Code Root Purge: 0.0 ms]
   [String Dedup Fixup: 2.4 ms, GC Workers: 10]
      [Queue Fixup (ms): Min: 0.0, Avg: 0.0, Max: 0.0, Diff: 0.0, Sum: 0.0]
      [Table Fixup (ms): Min: 2.1, Avg: 2.2, Max: 2.3, Diff: 0.2, Sum: 22.1]
   [Clear CT: 1.3 ms]
   [Other: 1.7 ms]
      [Choose CSet: 0.0 ms]
      [Ref Proc: 0.8 ms]
      [Ref Enq: 0.0 ms]
      [Redirty Cards: 0.7 ms]
      [Humongous Register: 0.0 ms]
      [Humongous Reclaim: 0.0 ms]
      [Free CSet: 0.0 ms]
   [Eden: 8192.0K(8192.0K)->0.0B(50176.0K) Survivors: 5120.0K->2048.0K Heap: 198.8M(267.0M)->187.9M(267.0M)]
 [Times: user=0.00 sys=0.00, real=0.01 secs] 
2020-12-17T17:01:43.421+0530: 365709.992: [GC concurrent-string-deduplication, 32312.0B->14808.0B(17504.0B), avg 59.7%, 0.0001389 secs]
   [Last Exec: 0.0001389 secs, Idle: 0.1356654 secs, Blocked: 0/0.0000000 secs]
      [Inspected:             548]
         [Skipped:              0(  0.0%)]
         [Hashed:             333( 60.8%)]
         [Known:              188( 34.3%)]
         [New:                360( 65.7%)  32312.0B]
      [Deduplicated:          313( 86.9%)  17504.0B( 54.2%)]
         [Young:                1(  0.3%)     48.0B(  0.3%)]
         [Old:                312( 99.7%)  17456.0B( 99.7%)]
   [Total Exec: 1370/0.8383168 secs, Idle: 1370/365708.6842520 secs, Blocked: 126/0.0886757 secs]
      [Inspected:         2859518]
         [Skipped:              0(  0.0%)]
         [Hashed:         1171389( 41.0%)]
         [Known:           178968(  6.3%)]
         [New:            2680550( 93.7%)    206.6M]
      [Deduplicated:      1877853( 70.1%)    123.2M( 59.7%)]
         [Young:           767546( 40.9%)  60390.0K( 47.9%)]
         [Old:            1110307( 59.1%)  65806.8K( 52.1%)]
   [Table]
      [Memory Usage: 8332.5K]
      [Size: 262144, Min: 1024, Max: 16777216]
      [Entries: 261779, Load: 99.9%, Cached: 6359, Added: 956424, Removed: 694645]
      [Resize Count: 8, Shrink Threshold: 174762(66.7%), Grow Threshold: 524288(200.0%)]
      [Rehash Count: 0, Rehash Threshold: 120, Hash Seed: 0x0]
      [Age Threshold: 3]
   [Queue]
      [Dropped: 0]
[GC concurrent-string-deduplication, deleted 0 entries, 0.0000007 secs]
2020-12-17T17:01:50.499+0530: 365717.070: [GC pause (G1 Humongous Allocation) (young) (initial-mark), 0.0093663 secs]
   [Parallel Time: 4.1 ms, GC Workers: 10]
      [GC Worker Start (ms): Min: 365717069.8, Avg: 365717069.8, Max: 365717069.9, Diff: 0.1]
      [Ext Root Scanning (ms): Min: 1.6, Avg: 1.8, Max: 2.0, Diff: 0.3, Sum: 17.5]
      [Update RS (ms): Min: 1.5, Avg: 1.7, Max: 2.1, Diff: 0.6, Sum: 16.7]
         [Processed Buffers: Min: 3, Avg: 4.9, Max: 9, Diff: 6, Sum: 49]
      [Scan RS (ms): Min: 0.0, Avg: 0.0, Max: 0.0, Diff: 0.0, Sum: 0.0]
      [Code Root Scanning (ms): Min: 0.0, Avg: 0.0, Max: 0.0, Diff: 0.0, Sum: 0.0]
      [Object Copy (ms): Min: 0.0, Avg: 0.2, Max: 0.4, Diff: 0.4, Sum: 2.3]
      [Termination (ms): Min: 0.0, Avg: 0.2, Max: 0.4, Diff: 0.4, Sum: 2.5]
         [Termination Attempts: Min: 1, Avg: 11.0, Max: 18, Diff: 17, Sum: 110]
      [GC Worker Other (ms): Min: 0.0, Avg: 0.0, Max: 0.0, Diff: 0.0, Sum: 0.1]
      [GC Worker Total (ms): Min: 3.9, Avg: 3.9, Max: 4.0, Diff: 0.1, Sum: 39.1]
      [GC Worker End (ms): Min: 365717073.7, Avg: 365717073.8, Max: 365717073.8, Diff: 0.0]
   [Code Root Fixup: 0.0 ms]
   [Code Root Purge: 0.0 ms]
   [String Dedup Fixup: 2.8 ms, GC Workers: 10]
      [Queue Fixup (ms): Min: 0.0, Avg: 0.0, Max: 0.0, Diff: 0.0, Sum: 0.0]
      [Table Fixup (ms): Min: 2.4, Avg: 2.5, Max: 2.6, Diff: 0.3, Sum: 24.5]
   [Clear CT: 1.0 ms]
   [Other: 1.5 ms]
      [Choose CSet: 0.0 ms]
      [Ref Proc: 0.5 ms]
      [Ref Enq: 0.0 ms]
      [Redirty Cards: 0.8 ms]
      [Humongous Register: 0.0 ms]
      [Humongous Reclaim: 0.0 ms]
      [Free CSet: 0.0 ms]
   [Eden: 38912.0K(50176.0K)->0.0B(50176.0K) Survivors: 2048.0K->2048.0K Heap: 225.4M(267.0M)->187.5M(267.0M)]
 [Times: user=0.16 sys=0.00, real=0.01 secs] 
2020-12-17T17:01:50.508+0530: 365717.079: [GC concurrent-root-region-scan-start]
2020-12-17T17:01:50.511+0530: 365717.082: [GC concurrent-root-region-scan-end, 0.0026079 secs]
2020-12-17T17:01:50.511+0530: 365717.082: [GC concurrent-mark-start]
2020-12-17T17:01:50.607+0530: 365717.177: [GC concurrent-mark-end, 0.0956472 secs]
2020-12-17T17:01:50.608+0530: 365717.178: [GC remark 2020-12-17T17:01:50.608+0530: 365717.178: [Finalize Marking, 0.0004627 secs] 2020-12-17T17:01:50.608+0530: 365717.179: [GC ref-proc, 0.0006002 secs] 2020-12-17T17:01:50.609+0530: 365717.179: [Unloading, 0.0268339 secs], 0.0287334 secs]
 [Times: user=0.31 sys=0.00, real=0.03 secs] 
2020-12-17T17:01:50.637+0530: 365717.208: [GC cleanup 190M->190M(267M), 0.0027260 secs]
 [Times: user=0.00 sys=0.00, real=0.00 secs] 
2020-12-17T17:06:09.987+0530: 365976.558: [GC pause (G1 Evacuation Pause) (young), 0.0076369 secs]
   [Parallel Time: 2.9 ms, GC Workers: 10]
      [GC Worker Start (ms): Min: 365976558.5, Avg: 365976558.6, Max: 365976558.6, Diff: 0.2]
      [Ext Root Scanning (ms): Min: 0.7, Avg: 1.0, Max: 2.4, Diff: 1.7, Sum: 9.6]
      [Update RS (ms): Min: 0.0, Avg: 0.8, Max: 1.2, Diff: 1.2, Sum: 8.3]
         [Processed Buffers: Min: 0, Avg: 7.6, Max: 14, Diff: 14, Sum: 76]
      [Scan RS (ms): Min: 0.0, Avg: 0.0, Max: 0.0, Diff: 0.0, Sum: 0.1]
      [Code Root Scanning (ms): Min: 0.0, Avg: 0.0, Max: 0.2, Diff: 0.2, Sum: 0.2]
      [Object Copy (ms): Min: 0.0, Avg: 0.3, Max: 0.4, Diff: 0.4, Sum: 2.6]
      [Termination (ms): Min: 0.0, Avg: 0.3, Max: 0.3, Diff: 0.3, Sum: 2.8]
         [Termination Attempts: Min: 1, Avg: 1.0, Max: 1, Diff: 0, Sum: 10]
      [GC Worker Other (ms): Min: 0.0, Avg: 0.0, Max: 0.0, Diff: 0.0, Sum: 0.1]
      [GC Worker Total (ms): Min: 2.3, Avg: 2.4, Max: 2.4, Diff: 0.2, Sum: 23.6]
      [GC Worker End (ms): Min: 365976560.9, Avg: 365976560.9, Max: 365976560.9, Diff: 0.0]
   [Code Root Fixup: 0.0 ms]
   [Code Root Purge: 0.0 ms]
   [String Dedup Fixup: 2.6 ms, GC Workers: 10]
      [Queue Fixup (ms): Min: 0.0, Avg: 0.0, Max: 0.0, Diff: 0.0, Sum: 0.0]
      [Table Fixup (ms): Min: 1.9, Avg: 2.0, Max: 2.2, Diff: 0.2, Sum: 20.1]
   [Clear CT: 0.8 ms]
   [Other: 1.3 ms]
      [Choose CSet: 0.0 ms]
      [Ref Proc: 0.3 ms]
      [Ref Enq: 0.0 ms]
      [Redirty Cards: 0.8 ms]
      [Humongous Register: 0.0 ms]
      [Humongous Reclaim: 0.0 ms]
      [Free CSet: 0.0 ms]
   [Eden: 50176.0K(50176.0K)->0.0B(12288.0K) Survivors: 2048.0K->1024.0K Heap: 238.5M(267.0M)->186.5M(267.0M)]
 [Times: user=0.00 sys=0.00, real=0.01 secs] 
2020-12-17T17:06:09.995+0530: 365976.566: [GC concurrent-string-deduplication, 80.0B->0.0B(80.0B), avg 59.7%, 0.0000078 secs]
   [Last Exec: 0.0000078 secs, Idle: 266.5742295 secs, Blocked: 0/0.0000000 secs]
      [Inspected:              10]
         [Skipped:              0(  0.0%)]
         [Hashed:               1( 10.0%)]
         [Known:                9( 90.0%)]
         [New:                  1( 10.0%)     80.0B]
      [Deduplicated:            1(100.0%)     80.0B(100.0%)]
         [Young:                1(100.0%)     80.0B(100.0%)]
         [Old:                  0(  0.0%)      0.0B(  0.0%)]
   [Total Exec: 1371/0.8383246 secs, Idle: 1371/365975.2584815 secs, Blocked: 126/0.0886757 secs]
      [Inspected:         2859528]
         [Skipped:              0(  0.0%)]
         [Hashed:         1171390( 41.0%)]
         [Known:           178977(  6.3%)]
         [New:            2680551( 93.7%)    206.6M]
      [Deduplicated:      1877854( 70.1%)    123.2M( 59.7%)]
         [Young:           767547( 40.9%)  60390.1K( 47.9%)]
         [Old:            1110307( 59.1%)  65806.8K( 52.1%)]
   [Table]
      [Memory Usage: 8332.5K]
      [Size: 262144, Min: 1024, Max: 16777216]
      [Entries: 261688, Load: 99.8%, Cached: 6450, Added: 956707, Removed: 695019]
      [Resize Count: 8, Shrink Threshold: 174762(66.7%), Grow Threshold: 524288(200.0%)]
      [Rehash Count: 0, Rehash Threshold: 120, Hash Seed: 0x0]
      [Age Threshold: 3]
   [Queue]
      [Dropped: 0]
[GC concurrent-string-deduplication, deleted 0 entries, 0.0000009 secs]
2020-12-17T17:06:10.028+0530: 365976.599: [GC pause (G1 Evacuation Pause) (mixed), 0.0072292 secs]
   [Parallel Time: 2.7 ms, GC Workers: 10]
      [GC Worker Start (ms): Min: 365976598.8, Avg: 365976598.9, Max: 365976599.0, Diff: 0.2]
      [Ext Root Scanning (ms): Min: 0.6, Avg: 0.9, Max: 2.1, Diff: 1.5, Sum: 9.1]
      [Update RS (ms): Min: 0.0, Avg: 0.2, Max: 0.3, Diff: 0.3, Sum: 1.6]
         [Processed Buffers: Min: 0, Avg: 1.2, Max: 3, Diff: 3, Sum: 12]
      [Scan RS (ms): Min: 0.0, Avg: 0.1, Max: 0.2, Diff: 0.2, Sum: 1.3]
      [Code Root Scanning (ms): Min: 0.0, Avg: 0.0, Max: 0.1, Diff: 0.1, Sum: 0.1]
      [Object Copy (ms): Min: 0.0, Avg: 0.5, Max: 0.9, Diff: 0.9, Sum: 5.5]
      [Termination (ms): Min: 0.0, Avg: 0.2, Max: 0.3, Diff: 0.3, Sum: 2.2]
         [Termination Attempts: Min: 1, Avg: 1.6, Max: 3, Diff: 2, Sum: 16]
      [GC Worker Other (ms): Min: 0.0, Avg: 0.0, Max: 0.0, Diff: 0.0, Sum: 0.1]
      [GC Worker Total (ms): Min: 1.9, Avg: 2.0, Max: 2.1, Diff: 0.2, Sum: 19.9]
      [GC Worker End (ms): Min: 365976600.9, Avg: 365976600.9, Max: 365976600.9, Diff: 0.0]
   [Code Root Fixup: 0.0 ms]
   [Code Root Purge: 0.0 ms]
   [String Dedup Fixup: 3.3 ms, GC Workers: 10]
      [Queue Fixup (ms): Min: 0.0, Avg: 0.0, Max: 0.0, Diff: 0.0, Sum: 0.0]
      [Table Fixup (ms): Min: 2.8, Avg: 2.8, Max: 3.0, Diff: 0.2, Sum: 28.4]
   [Clear CT: 0.3 ms]
   [Other: 0.8 ms]
      [Choose CSet: 0.0 ms]
      [Ref Proc: 0.2 ms]
      [Ref Enq: 0.0 ms]
      [Redirty Cards: 0.4 ms]
      [Humongous Register: 0.0 ms]
      [Humongous Reclaim: 0.0 ms]
      [Free CSet: 0.0 ms]
   [Eden: 12288.0K(12288.0K)->0.0B(51200.0K) Survivors: 1024.0K->1024.0K Heap: 198.5M(267.0M)->186.4M(267.0M)]
 [Times: user=0.00 sys=0.00, real=0.01 secs] 
2020-12-17T17:06:10.035+0530: 365976.606: [GC concurrent-string-deduplication, 18056.0B->8304.0B(9752.0B), avg 59.7%, 0.0001853 secs]
   [Last Exec: 0.0001853 secs, Idle: 0.0397399 secs, Blocked: 0/0.0000000 secs]
      [Inspected:             349]
         [Skipped:              0(  0.0%)]
         [Hashed:              88( 25.2%)]
         [Known:              231( 66.2%)]
         [New:                118( 33.8%)  18056.0B]
      [Deduplicated:           71( 60.2%)   9752.0B( 54.0%)]
         [Young:               71(100.0%)   9752.0B(100.0%)]
         [Old:                  0(  0.0%)      0.0B(  0.0%)]
   [Total Exec: 1372/0.8385099 secs, Idle: 1372/365975.2982214 secs, Blocked: 126/0.0886757 secs]
      [Inspected:         2859877]
         [Skipped:              0(  0.0%)]
         [Hashed:         1171478( 41.0%)]
         [Known:           179208(  6.3%)]
         [New:            2680669( 93.7%)    206.6M]
      [Deduplicated:      1877925( 70.1%)    123.2M( 59.7%)]
         [Young:           767618( 40.9%)  60399.6K( 47.9%)]
         [Old:            1110307( 59.1%)  65806.8K( 52.1%)]
   [Table]
      [Memory Usage: 8332.5K]
      [Size: 262144, Min: 1024, Max: 16777216]
      [Entries: 261734, Load: 99.8%, Cached: 6404, Added: 956755, Removed: 695021]
      [Resize Count: 8, Shrink Threshold: 174762(66.7%), Grow Threshold: 524288(200.0%)]
      [Rehash Count: 0, Rehash Threshold: 120, Hash Seed: 0x0]
      [Age Threshold: 3]
   [Queue]
      [Dropped: 0]
[GC concurrent-string-deduplication, deleted 0 entries, 0.0000016 secs]
2020-12-17T17:06:12.669+0530: 365979.240: [GC pause (G1 Evacuation Pause) (young), 0.0091722 secs]
   [Parallel Time: 3.3 ms, GC Workers: 10]
      [GC Worker Start (ms): Min: 365979240.2, Avg: 365979240.3, Max: 365979240.4, Diff: 0.2]
      [Ext Root Scanning (ms): Min: 1.1, Avg: 1.4, Max: 2.5, Diff: 1.3, Sum: 14.2]
      [Update RS (ms): Min: 0.0, Avg: 0.8, Max: 1.3, Diff: 1.3, Sum: 8.0]
         [Processed Buffers: Min: 0, Avg: 2.1, Max: 7, Diff: 7, Sum: 21]
      [Scan RS (ms): Min: 0.0, Avg: 0.0, Max: 0.0, Diff: 0.0, Sum: 0.1]
      [Code Root Scanning (ms): Min: 0.0, Avg: 0.0, Max: 0.1, Diff: 0.1, Sum: 0.1]
      [Object Copy (ms): Min: 0.1, Avg: 0.4, Max: 0.6, Diff: 0.6, Sum: 3.6]
      [Termination (ms): Min: 0.0, Avg: 0.2, Max: 0.2, Diff: 0.2, Sum: 1.7]
         [Termination Attempts: Min: 1, Avg: 8.2, Max: 14, Diff: 13, Sum: 82]
      [GC Worker Other (ms): Min: 0.0, Avg: 0.0, Max: 0.0, Diff: 0.0, Sum: 0.1]
      [GC Worker Total (ms): Min: 2.7, Avg: 2.8, Max: 2.9, Diff: 0.2, Sum: 27.8]
      [GC Worker End (ms): Min: 365979243.0, Avg: 365979243.1, Max: 365979243.1, Diff: 0.0]
   [Code Root Fixup: 0.0 ms]
   [Code Root Purge: 0.0 ms]
   [String Dedup Fixup: 3.7 ms, GC Workers: 10]
      [Queue Fixup (ms): Min: 0.0, Avg: 0.0, Max: 0.0, Diff: 0.0, Sum: 0.0]
      [Table Fixup (ms): Min: 3.2, Avg: 3.3, Max: 3.4, Diff: 0.2, Sum: 32.6]
   [Clear CT: 0.9 ms]
   [Other: 1.2 ms]
      [Choose CSet: 0.0 ms]
      [Ref Proc: 0.5 ms]
      [Ref Enq: 0.0 ms]
      [Redirty Cards: 0.5 ms]
      [Humongous Register: 0.0 ms]
      [Humongous Reclaim: 0.0 ms]
      [Free CSet: 0.0 ms]
   [Eden: 51200.0K(51200.0K)->0.0B(52224.0K) Survivors: 1024.0K->1024.0K Heap: 236.4M(267.0M)->186.5M(267.0M)]
 [Times: user=0.16 sys=0.00, real=0.01 secs] 
2020-12-17T17:06:12.679+0530: 365979.250: [GC concurrent-string-deduplication, 10152.0B->3368.0B(6784.0B), avg 59.7%, 0.0000655 secs]
   [Last Exec: 0.0000655 secs, Idle: 2.6430690 secs, Blocked: 0/0.0000000 secs]
      [Inspected:             202]
         [Skipped:              0(  0.0%)]
         [Hashed:              37( 18.3%)]
         [Known:              135( 66.8%)]
         [New:                 67( 33.2%)  10152.0B]
      [Deduplicated:           53( 79.1%)   6784.0B( 66.8%)]
         [Young:               53(100.0%)   6784.0B(100.0%)]
         [Old:                  0(  0.0%)      0.0B(  0.0%)]
   [Total Exec: 1373/0.8385754 secs, Idle: 1373/365977.9412904 secs, Blocked: 126/0.0886757 secs]
      [Inspected:         2860079]
         [Skipped:              0(  0.0%)]
         [Hashed:         1171515( 41.0%)]
         [Known:           179343(  6.3%)]
         [New:            2680736( 93.7%)    206.6M]
      [Deduplicated:      1877978( 70.1%)    123.3M( 59.7%)]
         [Young:           767671( 40.9%)  60406.3K( 47.9%)]
         [Old:            1110307( 59.1%)  65806.8K( 52.1%)]
   [Table]
      [Memory Usage: 8332.5K]
      [Size: 262144, Min: 1024, Max: 16777216]
      [Entries: 261816, Load: 99.9%, Cached: 6322, Added: 956837, Removed: 695021]
      [Resize Count: 8, Shrink Threshold: 174762(66.7%), Grow Threshold: 524288(200.0%)]
      [Rehash Count: 0, Rehash Threshold: 120, Hash Seed: 0x0]
      [Age Threshold: 3]
   [Queue]
      [Dropped: 0]
[GC concurrent-string-deduplication, deleted 0 entries, 0.0000009 secs]
2020-12-17T17:06:12.937+0530: 365979.508: [GC pause (G1 Evacuation Pause) (young) (initial-mark), 0.0081286 secs]
   [Parallel Time: 3.0 ms, GC Workers: 10]
      [GC Worker Start (ms): Min: 365979508.1, Avg: 365979508.3, Max: 365979508.4, Diff: 0.2]
      [Ext Root Scanning (ms): Min: 1.4, Avg: 1.7, Max: 1.9, Diff: 0.5, Sum: 16.8]
      [Update RS (ms): Min: 0.0, Avg: 0.2, Max: 0.4, Diff: 0.4, Sum: 1.8]
         [Processed Buffers: Min: 0, Avg: 1.3, Max: 2, Diff: 2, Sum: 13]
      [Scan RS (ms): Min: 0.0, Avg: 0.0, Max: 0.0, Diff: 0.0, Sum: 0.1]
      [Code Root Scanning (ms): Min: 0.0, Avg: 0.0, Max: 0.1, Diff: 0.1, Sum: 0.1]
      [Object Copy (ms): Min: 0.1, Avg: 0.3, Max: 0.4, Diff: 0.3, Sum: 2.8]
      [Termination (ms): Min: 0.0, Avg: 0.1, Max: 0.1, Diff: 0.1, Sum: 0.9]
         [Termination Attempts: Min: 1, Avg: 1.0, Max: 1, Diff: 0, Sum: 10]
      [GC Worker Other (ms): Min: 0.0, Avg: 0.0, Max: 0.0, Diff: 0.0, Sum: 0.1]
      [GC Worker Total (ms): Min: 2.1, Avg: 2.3, Max: 2.4, Diff: 0.3, Sum: 22.5]
      [GC Worker End (ms): Min: 365979510.5, Avg: 365979510.5, Max: 365979510.5, Diff: 0.0]
   [Code Root Fixup: 0.0 ms]
   [Code Root Purge: 0.0 ms]
   [String Dedup Fixup: 2.7 ms, GC Workers: 10]
      [Queue Fixup (ms): Min: 0.0, Avg: 0.0, Max: 0.0, Diff: 0.0, Sum: 0.0]
      [Table Fixup (ms): Min: 1.9, Avg: 2.0, Max: 2.2, Diff: 0.3, Sum: 20.3]
   [Clear CT: 0.8 ms]
   [Other: 1.6 ms]
      [Choose CSet: 0.0 ms]
      [Ref Proc: 0.4 ms]
      [Ref Enq: 0.0 ms]
      [Redirty Cards: 0.9 ms]
      [Humongous Register: 0.0 ms]
      [Humongous Reclaim: 0.0 ms]
      [Free CSet: 0.1 ms]
   [Eden: 52224.0K(52224.0K)->0.0B(52224.0K) Survivors: 1024.0K->1024.0K Heap: 237.5M(267.0M)->186.5M(267.0M)]
 [Times: user=0.00 sys=0.00, real=0.01 secs] 
2020-12-17T17:06:12.945+0530: 365979.516: [GC concurrent-root-region-scan-start]
2020-12-17T17:06:12.945+0530: 365979.516: [GC concurrent-string-deduplication, 0.0B->0.0B(0.0B), avg 59.7%, 0.0000060 secs]
   [Last Exec: 0.0000060 secs, Idle: 0.2667721 secs, Blocked: 0/0.0000000 secs]
      [Inspected:               1]
         [Skipped:              0(  0.0%)]
         [Hashed:               0(  0.0%)]
         [Known:                1(100.0%)]
         [New:                  0(  0.0%)      0.0B]
      [Deduplicated:            0(  0.0%)      0.0B(  0.0%)]
         [Young:                0(  0.0%)      0.0B(  0.0%)]
         [Old:                  0(  0.0%)      0.0B(  0.0%)]
   [Total Exec: 1374/0.8385814 secs, Idle: 1374/365978.2080625 secs, Blocked: 126/0.0886757 secs]
      [Inspected:         2860080]
         [Skipped:              0(  0.0%)]
         [Hashed:         1171515( 41.0%)]
         [Known:           179344(  6.3%)]
         [New:            2680736( 93.7%)    206.6M]
      [Deduplicated:      1877978( 70.1%)    123.3M( 59.7%)]
         [Young:           767671( 40.9%)  60406.3K( 47.9%)]
         [Old:            1110307( 59.1%)  65806.8K( 52.1%)]
   [Table]
      [Memory Usage: 8332.5K]
      [Size: 262144, Min: 1024, Max: 16777216]
      [Entries: 261816, Load: 99.9%, Cached: 6322, Added: 956837, Removed: 695021]
      [Resize Count: 8, Shrink Threshold: 174762(66.7%), Grow Threshold: 524288(200.0%)]
      [Rehash Count: 0, Rehash Threshold: 120, Hash Seed: 0x0]
      [Age Threshold: 3]
   [Queue]
      [Dropped: 0]
[GC concurrent-string-deduplication, deleted 0 entries, 0.0000010 secs]
2020-12-17T17:06:12.948+0530: 365979.519: [GC concurrent-root-region-scan-end, 0.0028951 secs]
2020-12-17T17:06:12.948+0530: 365979.519: [GC concurrent-mark-start]
2020-12-17T17:06:13.063+0530: 365979.634: [GC concurrent-mark-end, 0.1145192 secs]
2020-12-17T17:06:13.063+0530: 365979.634: [GC remark 2020-12-17T17:06:13.064+0530: 365979.635: [Finalize Marking, 0.0006258 secs] 2020-12-17T17:06:13.064+0530: 365979.635: [GC ref-proc, 0.0014700 secs] 2020-12-17T17:06:13.066+0530: 365979.637: [Unloading, 0.0273635 secs], 0.0302884 secs]
 [Times: user=0.30 sys=0.00, real=0.03 secs] 
2020-12-17T17:06:13.094+0530: 365979.665: [GC cleanup 228M->228M(267M), 0.0025385 secs]
 [Times: user=0.00 sys=0.00, real=0.00 secs] 
2020-12-17T17:06:13.392+0530: 365979.963: [GC pause (G1 Evacuation Pause) (young), 0.0068981 secs]
   [Parallel Time: 2.3 ms, GC Workers: 10]
      [GC Worker Start (ms): Min: 365979963.3, Avg: 365979963.3, Max: 365979963.4, Diff: 0.1]
      [Ext Root Scanning (ms): Min: 0.8, Avg: 0.9, Max: 1.7, Diff: 0.9, Sum: 9.3]
      [Update RS (ms): Min: 0.0, Avg: 0.3, Max: 0.8, Diff: 0.8, Sum: 3.5]
         [Processed Buffers: Min: 0, Avg: 2.0, Max: 4, Diff: 4, Sum: 20]
      [Scan RS (ms): Min: 0.0, Avg: 0.0, Max: 0.0, Diff: 0.0, Sum: 0.1]
      [Code Root Scanning (ms): Min: 0.0, Avg: 0.0, Max: 0.1, Diff: 0.1, Sum: 0.1]
      [Object Copy (ms): Min: 0.2, Avg: 0.7, Max: 0.9, Diff: 0.7, Sum: 7.0]
      [Termination (ms): Min: 0.0, Avg: 0.0, Max: 0.0, Diff: 0.0, Sum: 0.0]
         [Termination Attempts: Min: 1, Avg: 1.7, Max: 2, Diff: 1, Sum: 17]
      [GC Worker Other (ms): Min: 0.0, Avg: 0.0, Max: 0.1, Diff: 0.0, Sum: 0.2]
      [GC Worker Total (ms): Min: 2.0, Avg: 2.0, Max: 2.1, Diff: 0.1, Sum: 20.2]
      [GC Worker End (ms): Min: 365979965.3, Avg: 365979965.4, Max: 365979965.4, Diff: 0.0]
   [Code Root Fixup: 0.0 ms]
   [Code Root Purge: 0.0 ms]
   [String Dedup Fixup: 3.2 ms, GC Workers: 10]
      [Queue Fixup (ms): Min: 0.0, Avg: 0.0, Max: 0.0, Diff: 0.0, Sum: 0.0]
      [Table Fixup (ms): Min: 2.9, Avg: 2.9, Max: 3.0, Diff: 0.1, Sum: 29.4]
   [Clear CT: 0.5 ms]
   [Other: 0.9 ms]
      [Choose CSet: 0.0 ms]
      [Ref Proc: 0.3 ms]
      [Ref Enq: 0.0 ms]
      [Redirty Cards: 0.3 ms]
      [Humongous Register: 0.0 ms]
      [Humongous Reclaim: 0.0 ms]
      [Free CSet: 0.0 ms]
   [Eden: 52224.0K(52224.0K)->0.0B(11264.0K) Survivors: 1024.0K->2048.0K Heap: 237.5M(267.0M)->187.4M(267.0M)]
 [Times: user=0.00 sys=0.00, real=0.01 secs] 
2020-12-17T17:06:13.399+0530: 365979.970: [GC concurrent-string-deduplication, 4632.0B->968.0B(3664.0B), avg 59.7%, 0.0000540 secs]
   [Last Exec: 0.0000540 secs, Idle: 0.4538573 secs, Blocked: 0/0.0000000 secs]
      [Inspected:             135]
         [Skipped:              0(  0.0%)]
         [Hashed:              53( 39.3%)]
         [Known:               71( 52.6%)]
         [New:                 64( 47.4%)   4632.0B]
      [Deduplicated:           53( 82.8%)   3664.0B( 79.1%)]
         [Young:               53(100.0%)   3664.0B(100.0%)]
         [Old:                  0(  0.0%)      0.0B(  0.0%)]
   [Total Exec: 1375/0.8386354 secs, Idle: 1375/365978.6619198 secs, Blocked: 126/0.0886757 secs]
      [Inspected:         2860215]
         [Skipped:              0(  0.0%)]
         [Hashed:         1171568( 41.0%)]
         [Known:           179415(  6.3%)]
         [New:            2680800( 93.7%)    206.6M]
      [Deduplicated:      1878031( 70.1%)    123.3M( 59.7%)]
         [Young:           767724( 40.9%)  60409.8K( 47.9%)]
         [Old:            1110307( 59.1%)  65806.8K( 52.1%)]
   [Table]
      [Memory Usage: 8332.5K]
      [Size: 262144, Min: 1024, Max: 16777216]
      [Entries: 261788, Load: 99.9%, Cached: 6350, Added: 956876, Removed: 695088]
      [Resize Count: 8, Shrink Threshold: 174762(66.7%), Grow Threshold: 524288(200.0%)]
      [Rehash Count: 0, Rehash Threshold: 120, Hash Seed: 0x0]
      [Age Threshold: 3]
   [Queue]
      [Dropped: 0]
[GC concurrent-string-deduplication, deleted 0 entries, 0.0000007 secs]
2020-12-17T17:06:13.432+0530: 365980.003: [GC pause (G1 Evacuation Pause) (mixed), 0.0077665 secs]
   [Parallel Time: 2.7 ms, GC Workers: 10]
      [GC Worker Start (ms): Min: 365980003.1, Avg: 365980003.2, Max: 365980003.2, Diff: 0.1]
      [Ext Root Scanning (ms): Min: 0.9, Avg: 1.1, Max: 2.1, Diff: 1.2, Sum: 11.1]
      [Update RS (ms): Min: 0.0, Avg: 0.3, Max: 0.4, Diff: 0.4, Sum: 2.7]
         [Processed Buffers: Min: 0, Avg: 1.6, Max: 5, Diff: 5, Sum: 16]
      [Scan RS (ms): Min: 0.0, Avg: 0.1, Max: 0.3, Diff: 0.3, Sum: 1.4]
      [Code Root Scanning (ms): Min: 0.0, Avg: 0.0, Max: 0.1, Diff: 0.1, Sum: 0.1]
      [Object Copy (ms): Min: 0.1, Avg: 0.7, Max: 0.8, Diff: 0.6, Sum: 6.6]
      [Termination (ms): Min: 0.0, Avg: 0.0, Max: 0.0, Diff: 0.0, Sum: 0.0]
         [Termination Attempts: Min: 1, Avg: 2.4, Max: 4, Diff: 3, Sum: 24]
      [GC Worker Other (ms): Min: 0.0, Avg: 0.0, Max: 0.0, Diff: 0.0, Sum: 0.2]
      [GC Worker Total (ms): Min: 2.1, Avg: 2.2, Max: 2.3, Diff: 0.1, Sum: 22.0]
      [GC Worker End (ms): Min: 365980005.4, Avg: 365980005.4, Max: 365980005.4, Diff: 0.0]
   [Code Root Fixup: 0.0 ms]
   [Code Root Purge: 0.0 ms]
   [String Dedup Fixup: 3.8 ms, GC Workers: 10]
      [Queue Fixup (ms): Min: 0.0, Avg: 0.0, Max: 0.0, Diff: 0.0, Sum: 0.0]
      [Table Fixup (ms): Min: 3.0, Avg: 3.3, Max: 3.4, Diff: 0.5, Sum: 32.7]
   [Clear CT: 0.3 ms]
   [Other: 1.0 ms]
      [Choose CSet: 0.0 ms]
      [Ref Proc: 0.3 ms]
      [Ref Enq: 0.0 ms]
      [Redirty Cards: 0.5 ms]
      [Humongous Register: 0.0 ms]
      [Humongous Reclaim: 0.0 ms]
      [Free CSet: 0.0 ms]
   [Eden: 11264.0K(11264.0K)->0.0B(50176.0K) Survivors: 2048.0K->2048.0K Heap: 198.4M(267.0M)->187.0M(267.0M)]
 [Times: user=0.14 sys=0.00, real=0.01 secs] 
2020-12-17T17:06:13.440+0530: 365980.011: [GC concurrent-string-deduplication, 6752.0B->6752.0B(0.0B), avg 59.7%, 0.0000118 secs]
   [Last Exec: 0.0000118 secs, Idle: 0.0406241 secs, Blocked: 0/0.0000000 secs]
      [Inspected:               7]
         [Skipped:              0(  0.0%)]
         [Hashed:               7(100.0%)]
         [Known:                0(  0.0%)]
         [New:                  7(100.0%)   6752.0B]
      [Deduplicated:            0(  0.0%)      0.0B(  0.0%)]
         [Young:                0(  0.0%)      0.0B(  0.0%)]
         [Old:                  0(  0.0%)      0.0B(  0.0%)]
   [Total Exec: 1376/0.8386472 secs, Idle: 1376/365978.7025439 secs, Blocked: 126/0.0886757 secs]
      [Inspected:         2860222]
         [Skipped:              0(  0.0%)]
         [Hashed:         1171575( 41.0%)]
         [Known:           179415(  6.3%)]
         [New:            2680807( 93.7%)    206.6M]
      [Deduplicated:      1878031( 70.1%)    123.3M( 59.7%)]
         [Young:           767724( 40.9%)  60409.8K( 47.9%)]
         [Old:            1110307( 59.1%)  65806.8K( 52.1%)]
   [Table]
      [Memory Usage: 8332.5K]
      [Size: 262144, Min: 1024, Max: 16777216]
      [Entries: 261783, Load: 99.9%, Cached: 6355, Added: 956883, Removed: 695100]
      [Resize Count: 8, Shrink Threshold: 174762(66.7%), Grow Threshold: 524288(200.0%)]
      [Rehash Count: 0, Rehash Threshold: 120, Hash Seed: 0x0]
      [Age Threshold: 3]
   [Queue]
      [Dropped: 0]
[GC concurrent-string-deduplication, deleted 0 entries, 0.0000007 secs]
2020-12-17T17:06:13.445+0530: 365980.016: [GC pause (G1 Humongous Allocation) (young) (initial-mark), 0.0088386 secs]
   [Parallel Time: 3.7 ms, GC Workers: 10]
      [GC Worker Start (ms): Min: 365980016.2, Avg: 365980016.3, Max: 365980016.4, Diff: 0.2]
      [Ext Root Scanning (ms): Min: 1.9, Avg: 2.0, Max: 2.2, Diff: 0.3, Sum: 20.0]
      [Update RS (ms): Min: 0.6, Avg: 0.8, Max: 1.0, Diff: 0.4, Sum: 7.5]
         [Processed Buffers: Min: 1, Avg: 2.1, Max: 7, Diff: 6, Sum: 21]
      [Scan RS (ms): Min: 0.0, Avg: 0.0, Max: 0.0, Diff: 0.0, Sum: 0.0]
      [Code Root Scanning (ms): Min: 0.0, Avg: 0.0, Max: 0.0, Diff: 0.0, Sum: 0.0]
      [Object Copy (ms): Min: 0.0, Avg: 0.2, Max: 0.3, Diff: 0.3, Sum: 1.9]
      [Termination (ms): Min: 0.0, Avg: 0.2, Max: 0.2, Diff: 0.2, Sum: 1.7]
         [Termination Attempts: Min: 1, Avg: 3.8, Max: 7, Diff: 6, Sum: 38]
      [GC Worker Other (ms): Min: 0.0, Avg: 0.0, Max: 0.0, Diff: 0.0, Sum: 0.1]
      [GC Worker Total (ms): Min: 3.1, Avg: 3.1, Max: 3.2, Diff: 0.2, Sum: 31.3]
      [GC Worker End (ms): Min: 365980019.5, Avg: 365980019.5, Max: 365980019.5, Diff: 0.0]
   [Code Root Fixup: 0.0 ms]
   [Code Root Purge: 0.0 ms]
   [String Dedup Fixup: 3.2 ms, GC Workers: 10]
      [Queue Fixup (ms): Min: 0.0, Avg: 0.0, Max: 0.0, Diff: 0.0, Sum: 0.0]
      [Table Fixup (ms): Min: 2.8, Avg: 2.8, Max: 2.9, Diff: 0.1, Sum: 28.4]
   [Clear CT: 0.8 ms]
   [Other: 1.2 ms]
      [Choose CSet: 0.0 ms]
      [Ref Proc: 0.4 ms]
      [Ref Enq: 0.0 ms]
      [Redirty Cards: 0.7 ms]
      [Humongous Register: 0.0 ms]
      [Humongous Reclaim: 0.0 ms]
      [Free CSet: 0.0 ms]
   [Eden: 1024.0K(50176.0K)->0.0B(51200.0K) Survivors: 2048.0K->1024.0K Heap: 187.5M(267.0M)->186.2M(267.0M)]
 [Times: user=0.00 sys=0.00, real=0.01 secs] 
2020-12-17T17:06:13.454+0530: 365980.025: [GC concurrent-root-region-scan-start]
2020-12-17T17:06:13.454+0530: 365980.025: [GC concurrent-string-deduplication, 11320.0B->9440.0B(1880.0B), avg 59.6%, 0.0000871 secs]
   [Last Exec: 0.0000871 secs, Idle: 0.0140667 secs, Blocked: 0/0.0000000 secs]
      [Inspected:              91]
         [Skipped:              0(  0.0%)]
         [Hashed:              44( 48.4%)]
         [Known:               31( 34.1%)]
         [New:                 60( 65.9%)  11320.0B]
      [Deduplicated:           31( 51.7%)   1880.0B( 16.6%)]
         [Young:               31(100.0%)   1880.0B(100.0%)]
         [Old:                  0(  0.0%)      0.0B(  0.0%)]
   [Total Exec: 1377/0.8387343 secs, Idle: 1377/365978.7166106 secs, Blocked: 126/0.0886757 secs]
      [Inspected:         2860313]
         [Skipped:              0(  0.0%)]
         [Hashed:         1171619( 41.0%)]
         [Known:           179446(  6.3%)]
         [New:            2680867( 93.7%)    206.6M]
      [Deduplicated:      1878062( 70.1%)    123.3M( 59.6%)]
         [Young:           767755( 40.9%)  60411.7K( 47.9%)]
         [Old:            1110307( 59.1%)  65806.8K( 52.1%)]
   [Table]
      [Memory Usage: 8332.5K]
      [Size: 262144, Min: 1024, Max: 16777216]
      [Entries: 261816, Load: 99.9%, Cached: 6322, Added: 956916, Removed: 695100]
      [Resize Count: 8, Shrink Threshold: 174762(66.7%), Grow Threshold: 524288(200.0%)]
      [Rehash Count: 0, Rehash Threshold: 120, Hash Seed: 0x0]
      [Age Threshold: 3]
   [Queue]
      [Dropped: 0]
[GC concurrent-string-deduplication, deleted 0 entries, 0.0000009 secs]
2020-12-17T17:06:13.456+0530: 365980.027: [GC concurrent-root-region-scan-end, 0.0020115 secs]
2020-12-17T17:06:13.456+0530: 365980.027: [GC concurrent-mark-start]
2020-12-17T17:06:13.579+0530: 365980.150: [GC concurrent-mark-end, 0.1233059 secs]
2020-12-17T17:06:13.580+0530: 365980.151: [GC remark 2020-12-17T17:06:13.580+0530: 365980.151: [Finalize Marking, 0.0004197 secs] 2020-12-17T17:06:13.581+0530: 365980.152: [GC ref-proc, 0.0019619 secs] 2020-12-17T17:06:13.583+0530: 365980.154: [Unloading, 0.0265790 secs], 0.0298003 secs]
 [Times: user=0.30 sys=0.00, real=0.03 secs] 
2020-12-17T17:06:13.611+0530: 365980.182: [GC cleanup 189M->189M(267M), 0.0021350 secs]
 [Times: user=0.00 sys=0.00, real=0.00 secs] 
2020-12-17T17:06:13.950+0530: 365980.521: [GC pause (G1 Evacuation Pause) (young), 0.0058673 secs]
   [Parallel Time: 2.1 ms, GC Workers: 10]
      [GC Worker Start (ms): Min: 365980521.2, Avg: 365980521.3, Max: 365980521.3, Diff: 0.2]
      [Ext Root Scanning (ms): Min: 0.8, Avg: 1.0, Max: 1.8, Diff: 1.0, Sum: 10.0]
      [Update RS (ms): Min: 0.0, Avg: 0.3, Max: 0.9, Diff: 0.9, Sum: 2.8]
         [Processed Buffers: Min: 0, Avg: 2.7, Max: 6, Diff: 6, Sum: 27]
      [Scan RS (ms): Min: 0.0, Avg: 0.0, Max: 0.0, Diff: 0.0, Sum: 0.1]
      [Code Root Scanning (ms): Min: 0.0, Avg: 0.0, Max: 0.0, Diff: 0.0, Sum: 0.0]
      [Object Copy (ms): Min: 0.0, Avg: 0.2, Max: 0.3, Diff: 0.3, Sum: 1.8]
      [Termination (ms): Min: 0.0, Avg: 0.4, Max: 0.5, Diff: 0.5, Sum: 4.0]
         [Termination Attempts: Min: 1, Avg: 6.7, Max: 11, Diff: 10, Sum: 67]
      [GC Worker Other (ms): Min: 0.0, Avg: 0.0, Max: 0.0, Diff: 0.0, Sum: 0.2]
      [GC Worker Total (ms): Min: 1.8, Avg: 1.9, Max: 2.0, Diff: 0.1, Sum: 18.9]
      [GC Worker End (ms): Min: 365980523.1, Avg: 365980523.1, Max: 365980523.2, Diff: 0.0]
   [Code Root Fixup: 0.0 ms]
   [Code Root Purge: 0.0 ms]
   [String Dedup Fixup: 2.8 ms, GC Workers: 10]
      [Queue Fixup (ms): Min: 0.0, Avg: 0.0, Max: 0.0, Diff: 0.0, Sum: 0.0]
      [Table Fixup (ms): Min: 2.6, Avg: 2.7, Max: 2.7, Diff: 0.1, Sum: 26.7]
   [Clear CT: 0.2 ms]
   [Other: 0.7 ms]
      [Choose CSet: 0.0 ms]
      [Ref Proc: 0.2 ms]
      [Ref Enq: 0.0 ms]
      [Redirty Cards: 0.2 ms]
      [Humongous Register: 0.0 ms]
      [Humongous Reclaim: 0.0 ms]
      [Free CSet: 0.1 ms]
   [Eden: 51200.0K(51200.0K)->0.0B(51200.0K) Survivors: 1024.0K->1024.0K Heap: 237.2M(267.0M)->186.1M(267.0M)]
 [Times: user=0.00 sys=0.01, real=0.01 secs] 
2020-12-17T17:06:13.956+0530: 365980.527: [GC concurrent-string-deduplication, 64.0B->64.0B(0.0B), avg 59.6%, 0.0000061 secs]
   [Last Exec: 0.0000061 secs, Idle: 0.5018941 secs, Blocked: 0/0.0000000 secs]
      [Inspected:               2]
         [Skipped:              0(  0.0%)]
         [Hashed:               0(  0.0%)]
         [Known:                0(  0.0%)]
         [New:                  2(100.0%)     64.0B]
      [Deduplicated:            0(  0.0%)      0.0B(  0.0%)]
         [Young:                0(  0.0%)      0.0B(  0.0%)]
         [Old:                  0(  0.0%)      0.0B(  0.0%)]
   [Total Exec: 1378/0.8387404 secs, Idle: 1378/365979.2185047 secs, Blocked: 126/0.0886757 secs]
      [Inspected:         2860315]
         [Skipped:              0(  0.0%)]
         [Hashed:         1171619( 41.0%)]
         [Known:           179446(  6.3%)]
         [New:            2680869( 93.7%)    206.6M]
      [Deduplicated:      1878062( 70.1%)    123.3M( 59.6%)]
         [Young:           767755( 40.9%)  60411.7K( 47.9%)]
         [Old:            1110307( 59.1%)  65806.8K( 52.1%)]
   [Table]
      [Memory Usage: 8332.5K]
      [Size: 262144, Min: 1024, Max: 16777216]
      [Entries: 261704, Load: 99.8%, Cached: 6434, Added: 957015, Removed: 695311]
      [Resize Count: 8, Shrink Threshold: 174762(66.7%), Grow Threshold: 524288(200.0%)]
      [Rehash Count: 0, Rehash Threshold: 120, Hash Seed: 0x0]
      [Age Threshold: 3]
   [Queue]
      [Dropped: 0]
[GC concurrent-string-deduplication, deleted 0 entries, 0.0000011 secs]
2020-12-17T17:06:14.019+0530: 365980.590: [GC pause (G1 Evacuation Pause) (young), 0.0058767 secs]
   [Parallel Time: 1.7 ms, GC Workers: 10]
      [GC Worker Start (ms): Min: 365980590.2, Avg: 365980590.2, Max: 365980590.3, Diff: 0.1]
      [Ext Root Scanning (ms): Min: 0.8, Avg: 1.0, Max: 1.7, Diff: 0.9, Sum: 9.7]
      [Update RS (ms): Min: 0.0, Avg: 0.2, Max: 0.6, Diff: 0.6, Sum: 1.8]
         [Processed Buffers: Min: 0, Avg: 1.3, Max: 4, Diff: 4, Sum: 13]
      [Scan RS (ms): Min: 0.0, Avg: 0.0, Max: 0.0, Diff: 0.0, Sum: 0.1]
      [Code Root Scanning (ms): Min: 0.0, Avg: 0.0, Max: 0.0, Diff: 0.0, Sum: 0.0]
      [Object Copy (ms): Min: 0.0, Avg: 0.2, Max: 0.5, Diff: 0.5, Sum: 2.4]
      [Termination (ms): Min: 0.0, Avg: 0.2, Max: 0.3, Diff: 0.3, Sum: 2.4]
         [Termination Attempts: Min: 1, Avg: 1.0, Max: 1, Diff: 0, Sum: 10]
      [GC Worker Other (ms): Min: 0.0, Avg: 0.0, Max: 0.0, Diff: 0.0, Sum: 0.1]
      [GC Worker Total (ms): Min: 1.6, Avg: 1.7, Max: 1.7, Diff: 0.1, Sum: 16.5]
      [GC Worker End (ms): Min: 365980591.9, Avg: 365980591.9, Max: 365980591.9, Diff: 0.0]
   [Code Root Fixup: 0.0 ms]
   [Code Root Purge: 0.0 ms]
   [String Dedup Fixup: 2.8 ms, GC Workers: 10]
      [Queue Fixup (ms): Min: 0.0, Avg: 0.0, Max: 0.0, Diff: 0.0, Sum: 0.0]
      [Table Fixup (ms): Min: 2.4, Avg: 2.5, Max: 2.6, Diff: 0.1, Sum: 25.1]
   [Clear CT: 0.3 ms]
   [Other: 0.9 ms]
      [Choose CSet: 0.0 ms]
      [Ref Proc: 0.3 ms]
      [Ref Enq: 0.0 ms]
      [Redirty Cards: 0.5 ms]
      [Humongous Register: 0.0 ms]
      [Humongous Reclaim: 0.0 ms]
      [Free CSet: 0.0 ms]
   [Eden: 51200.0K(51200.0K)->0.0B(52224.0K) Survivors: 1024.0K->1024.0K Heap: 236.1M(267.0M)->186.2M(267.0M)]
 [Times: user=0.00 sys=0.00, real=0.01 secs] 
2020-12-17T17:06:14.025+0530: 365980.596: [GC concurrent-string-deduplication, 0.0B->0.0B(0.0B), avg 59.6%, 0.0000070 secs]
   [Last Exec: 0.0000070 secs, Idle: 0.0689610 secs, Blocked: 0/0.0000000 secs]
      [Inspected:               5]
         [Skipped:              0(  0.0%)]
         [Hashed:               0(  0.0%)]
         [Known:                5(100.0%)]
         [New:                  0(  0.0%)      0.0B]
      [Deduplicated:            0(  0.0%)      0.0B(  0.0%)]
         [Young:                0(  0.0%)      0.0B(  0.0%)]
         [Old:                  0(  0.0%)      0.0B(  0.0%)]
   [Total Exec: 1379/0.8387474 secs, Idle: 1379/365979.2874657 secs, Blocked: 126/0.0886757 secs]
      [Inspected:         2860320]
         [Skipped:              0(  0.0%)]
         [Hashed:         1171619( 41.0%)]
         [Known:           179451(  6.3%)]
         [New:            2680869( 93.7%)    206.6M]
      [Deduplicated:      1878062( 70.1%)    123.3M( 59.6%)]
         [Young:           767755( 40.9%)  60411.7K( 47.9%)]
         [Old:            1110307( 59.1%)  65806.8K( 52.1%)]
   [Table]
      [Memory Usage: 8332.5K]
      [Size: 262144, Min: 1024, Max: 16777216]
      [Entries: 261692, Load: 99.8%, Cached: 6446, Added: 957015, Removed: 695323]
      [Resize Count: 8, Shrink Threshold: 174762(66.7%), Grow Threshold: 524288(200.0%)]
      [Rehash Count: 0, Rehash Threshold: 120, Hash Seed: 0x0]
      [Age Threshold: 3]
   [Queue]
      [Dropped: 0]
[GC concurrent-string-deduplication, deleted 0 entries, 0.0000006 secs]
2020-12-17T17:06:16.134+0530: 365982.705: [GC pause (G1 Evacuation Pause) (young) (initial-mark), 0.0061553 secs]
   [Parallel Time: 2.7 ms, GC Workers: 10]
      [GC Worker Start (ms): Min: 365982704.8, Avg: 365982704.9, Max: 365982704.9, Diff: 0.1]
      [Ext Root Scanning (ms): Min: 1.5, Avg: 1.6, Max: 1.7, Diff: 0.2, Sum: 15.8]
      [Update RS (ms): Min: 0.1, Avg: 0.2, Max: 0.5, Diff: 0.4, Sum: 2.3]
         [Processed Buffers: Min: 1, Avg: 2.7, Max: 7, Diff: 6, Sum: 27]
      [Scan RS (ms): Min: 0.0, Avg: 0.0, Max: 0.0, Diff: 0.0, Sum: 0.0]
      [Code Root Scanning (ms): Min: 0.0, Avg: 0.0, Max: 0.0, Diff: 0.0, Sum: 0.0]
      [Object Copy (ms): Min: 0.1, Avg: 0.3, Max: 0.4, Diff: 0.4, Sum: 3.1]
      [Termination (ms): Min: 0.0, Avg: 0.2, Max: 0.2, Diff: 0.2, Sum: 1.5]
         [Termination Attempts: Min: 1, Avg: 8.1, Max: 11, Diff: 10, Sum: 81]
      [GC Worker Other (ms): Min: 0.0, Avg: 0.0, Max: 0.0, Diff: 0.0, Sum: 0.1]
      [GC Worker Total (ms): Min: 2.2, Avg: 2.3, Max: 2.4, Diff: 0.1, Sum: 22.9]
      [GC Worker End (ms): Min: 365982707.2, Avg: 365982707.2, Max: 365982707.2, Diff: 0.0]
   [Code Root Fixup: 0.0 ms]
   [Code Root Purge: 0.0 ms]
   [String Dedup Fixup: 2.4 ms, GC Workers: 10]
      [Queue Fixup (ms): Min: 0.0, Avg: 0.0, Max: 0.0, Diff: 0.0, Sum: 0.0]
      [Table Fixup (ms): Min: 2.0, Avg: 2.1, Max: 2.1, Diff: 0.1, Sum: 20.7]
   [Clear CT: 0.4 ms]
   [Other: 0.6 ms]
      [Choose CSet: 0.0 ms]
      [Ref Proc: 0.2 ms]
      [Ref Enq: 0.0 ms]
      [Redirty Cards: 0.3 ms]
      [Humongous Register: 0.0 ms]
      [Humongous Reclaim: 0.0 ms]
      [Free CSet: 0.0 ms]
   [Eden: 52224.0K(52224.0K)->0.0B(52224.0K) Survivors: 1024.0K->1024.0K Heap: 237.2M(267.0M)->186.3M(267.0M)]
 [Times: user=0.00 sys=0.00, real=0.01 secs] 
2020-12-17T17:06:16.140+0530: 365982.711: [GC concurrent-root-region-scan-start]
2020-12-17T17:06:16.140+0530: 365982.711: [GC concurrent-string-deduplication, 6984.0B->4024.0B(2960.0B), avg 59.6%, 0.0000582 secs]
   [Last Exec: 0.0000582 secs, Idle: 2.1147955 secs, Blocked: 0/0.0000000 secs]
      [Inspected:             184]
         [Skipped:              0(  0.0%)]
         [Hashed:              62( 33.7%)]
         [Known:              104( 56.5%)]
         [New:                 80( 43.5%)   6984.0B]
      [Deduplicated:           62( 77.5%)   2960.0B( 42.4%)]
         [Young:               62(100.0%)   2960.0B(100.0%)]
         [Old:                  0(  0.0%)      0.0B(  0.0%)]
   [Total Exec: 1380/0.8388056 secs, Idle: 1380/365981.4022612 secs, Blocked: 126/0.0886757 secs]
      [Inspected:         2860504]
         [Skipped:              0(  0.0%)]
         [Hashed:         1171681( 41.0%)]
         [Known:           179555(  6.3%)]
         [New:            2680949( 93.7%)    206.6M]
      [Deduplicated:      1878124( 70.1%)    123.3M( 59.6%)]
         [Young:           767817( 40.9%)  60414.6K( 47.9%)]
         [Old:            1110307( 59.1%)  65806.8K( 52.1%)]
   [Table]
      [Memory Usage: 8332.5K]
      [Size: 262144, Min: 1024, Max: 16777216]
      [Entries: 261749, Load: 99.8%, Cached: 6389, Added: 957074, Removed: 695325]
      [Resize Count: 8, Shrink Threshold: 174762(66.7%), Grow Threshold: 524288(200.0%)]
      [Rehash Count: 0, Rehash Threshold: 120, Hash Seed: 0x0]
      [Age Threshold: 3]
   [Queue]
      [Dropped: 0]
[GC concurrent-string-deduplication, deleted 0 entries, 0.0000006 secs]
2020-12-17T17:06:16.142+0530: 365982.713: [GC concurrent-root-region-scan-end, 0.0021829 secs]
2020-12-17T17:06:16.142+0530: 365982.713: [GC concurrent-mark-start]
2020-12-17T17:06:16.207+0530: 365982.778: [GC pause (G1 Evacuation Pause) (young), 0.0051028 secs]
   [Parallel Time: 1.8 ms, GC Workers: 10]
      [GC Worker Start (ms): Min: 365982777.7, Avg: 365982777.7, Max: 365982777.8, Diff: 0.1]
      [Ext Root Scanning (ms): Min: 0.8, Avg: 0.9, Max: 1.6, Diff: 0.8, Sum: 9.0]
      [Update RS (ms): Min: 0.0, Avg: 0.2, Max: 0.5, Diff: 0.4, Sum: 1.8]
         [Processed Buffers: Min: 0, Avg: 1.3, Max: 4, Diff: 4, Sum: 13]
      [Scan RS (ms): Min: 0.0, Avg: 0.0, Max: 0.0, Diff: 0.0, Sum: 0.0]
      [Code Root Scanning (ms): Min: 0.0, Avg: 0.0, Max: 0.0, Diff: 0.0, Sum: 0.1]
      [Object Copy (ms): Min: 0.0, Avg: 0.2, Max: 0.4, Diff: 0.3, Sum: 2.3]
      [Termination (ms): Min: 0.0, Avg: 0.2, Max: 0.3, Diff: 0.3, Sum: 2.2]
         [Termination Attempts: Min: 1, Avg: 1.0, Max: 1, Diff: 0, Sum: 10]
      [GC Worker Other (ms): Min: 0.0, Avg: 0.0, Max: 0.0, Diff: 0.0, Sum: 0.1]
      [GC Worker Total (ms): Min: 1.5, Avg: 1.6, Max: 1.6, Diff: 0.1, Sum: 15.5]
      [GC Worker End (ms): Min: 365982779.3, Avg: 365982779.3, Max: 365982779.3, Diff: 0.0]
   [Code Root Fixup: 0.0 ms]
   [Code Root Purge: 0.0 ms]
   [String Dedup Fixup: 2.2 ms, GC Workers: 10]
      [Queue Fixup (ms): Min: 0.0, Avg: 0.0, Max: 0.0, Diff: 0.0, Sum: 0.0]
      [Table Fixup (ms): Min: 2.0, Avg: 2.1, Max: 2.1, Diff: 0.1, Sum: 20.6]
   [Clear CT: 0.4 ms]
   [Other: 0.7 ms]
      [Choose CSet: 0.0 ms]
      [Ref Proc: 0.3 ms]
      [Ref Enq: 0.0 ms]
      [Redirty Cards: 0.3 ms]
      [Humongous Register: 0.0 ms]
      [Humongous Reclaim: 0.0 ms]
      [Free CSet: 0.0 ms]
   [Eden: 52224.0K(52224.0K)->0.0B(52224.0K) Survivors: 1024.0K->1024.0K Heap: 237.3M(267.0M)->186.4M(267.0M)]
 [Times: user=0.00 sys=0.00, real=0.00 secs] 
2020-12-17T17:06:16.240+0530: 365982.810: [GC concurrent-mark-end, 0.0971327 secs]
2020-12-17T17:06:16.240+0530: 365982.811: [GC remark 2020-12-17T17:06:16.240+0530: 365982.811: [Finalize Marking, 0.0001475 secs] 2020-12-17T17:06:16.240+0530: 365982.811: [GC ref-proc, 0.0005447 secs] 2020-12-17T17:06:16.241+0530: 365982.811: [Unloading, 0.0224844 secs], 0.0239438 secs]
 [Times: user=0.14 sys=0.00, real=0.02 secs] 
2020-12-17T17:06:16.264+0530: 365982.835: [GC cleanup 201M->201M(267M), 0.0016920 secs]
 [Times: user=0.16 sys=0.00, real=0.00 secs] 
2020-12-17T17:06:17.053+0530: 365983.624: [GC pause (G1 Evacuation Pause) (young), 0.0063582 secs]
   [Parallel Time: 2.0 ms, GC Workers: 10]
      [GC Worker Start (ms): Min: 365983624.3, Avg: 365983624.4, Max: 365983624.4, Diff: 0.1]
      [Ext Root Scanning (ms): Min: 0.9, Avg: 1.0, Max: 1.8, Diff: 0.9, Sum: 10.3]
      [Update RS (ms): Min: 0.0, Avg: 0.3, Max: 0.6, Diff: 0.6, Sum: 3.3]
         [Processed Buffers: Min: 0, Avg: 2.7, Max: 5, Diff: 5, Sum: 27]
      [Scan RS (ms): Min: 0.0, Avg: 0.0, Max: 0.0, Diff: 0.0, Sum: 0.1]
      [Code Root Scanning (ms): Min: 0.0, Avg: 0.0, Max: 0.1, Diff: 0.1, Sum: 0.1]
      [Object Copy (ms): Min: 0.0, Avg: 0.2, Max: 0.4, Diff: 0.4, Sum: 2.0]
      [Termination (ms): Min: 0.0, Avg: 0.2, Max: 0.2, Diff: 0.2, Sum: 1.8]
         [Termination Attempts: Min: 1, Avg: 3.2, Max: 6, Diff: 5, Sum: 32]
      [GC Worker Other (ms): Min: 0.0, Avg: 0.0, Max: 0.0, Diff: 0.0, Sum: 0.1]
      [GC Worker Total (ms): Min: 1.7, Avg: 1.8, Max: 1.8, Diff: 0.1, Sum: 17.7]
      [GC Worker End (ms): Min: 365983626.2, Avg: 365983626.2, Max: 365983626.2, Diff: 0.0]
   [Code Root Fixup: 0.0 ms]
   [Code Root Purge: 0.0 ms]
   [String Dedup Fixup: 3.0 ms, GC Workers: 10]
      [Queue Fixup (ms): Min: 0.0, Avg: 0.0, Max: 0.0, Diff: 0.0, Sum: 0.0]
      [Table Fixup (ms): Min: 2.7, Avg: 2.8, Max: 2.8, Diff: 0.1, Sum: 27.9]
   [Clear CT: 0.2 ms]
   [Other: 1.1 ms]
      [Choose CSet: 0.0 ms]
      [Ref Proc: 0.2 ms]
      [Ref Enq: 0.0 ms]
      [Redirty Cards: 0.7 ms]
      [Humongous Register: 0.0 ms]
      [Humongous Reclaim: 0.0 ms]
      [Free CSet: 0.0 ms]
   [Eden: 52224.0K(52224.0K)->0.0B(52224.0K) Survivors: 1024.0K->1024.0K Heap: 238.4M(267.0M)->186.4M(267.0M)]
 [Times: user=0.00 sys=0.00, real=0.01 secs] 
2020-12-17T17:06:17.060+0530: 365983.631: [GC concurrent-string-deduplication, 3848.0B->360.0B(3488.0B), avg 59.6%, 0.0000721 secs]
   [Last Exec: 0.0000721 secs, Idle: 0.9196747 secs, Blocked: 0/0.0000000 secs]
      [Inspected:             110]
         [Skipped:              0(  0.0%)]
         [Hashed:              58( 52.7%)]
         [Known:               43( 39.1%)]
         [New:                 67( 60.9%)   3848.0B]
      [Deduplicated:           62( 92.5%)   3488.0B( 90.6%)]
         [Young:               62(100.0%)   3488.0B(100.0%)]
         [Old:                  0(  0.0%)      0.0B(  0.0%)]
   [Total Exec: 1381/0.8388777 secs, Idle: 1381/365982.3219359 secs, Blocked: 126/0.0886757 secs]
      [Inspected:         2860614]
         [Skipped:              0(  0.0%)]
         [Hashed:         1171739( 41.0%)]
         [Known:           179598(  6.3%)]
         [New:            2681016( 93.7%)    206.7M]
      [Deduplicated:      1878186( 70.1%)    123.3M( 59.6%)]
         [Young:           767879( 40.9%)  60418.0K( 47.9%)]
         [Old:            1110307( 59.1%)  65806.8K( 52.1%)]
   [Table]
      [Memory Usage: 8332.5K]
      [Size: 262144, Min: 1024, Max: 16777216]
      [Entries: 261771, Load: 99.9%, Cached: 6367, Added: 957115, Removed: 695344]
      [Resize Count: 8, Shrink Threshold: 174762(66.7%), Grow Threshold: 524288(200.0%)]
      [Rehash Count: 0, Rehash Threshold: 120, Hash Seed: 0x0]
      [Age Threshold: 3]
   [Queue]
      [Dropped: 0]
[GC concurrent-string-deduplication, deleted 0 entries, 0.0000022 secs]
2020-12-17T17:06:17.126+0530: 365983.697: [GC pause (G1 Evacuation Pause) (young), 0.0064582 secs]
   [Parallel Time: 1.6 ms, GC Workers: 10]
      [GC Worker Start (ms): Min: 365983696.6, Avg: 365983696.6, Max: 365983696.7, Diff: 0.1]
      [Ext Root Scanning (ms): Min: 0.7, Avg: 0.9, Max: 1.4, Diff: 0.7, Sum: 8.8]
      [Update RS (ms): Min: 0.0, Avg: 0.2, Max: 0.5, Diff: 0.5, Sum: 2.0]
         [Processed Buffers: Min: 0, Avg: 1.4, Max: 5, Diff: 5, Sum: 14]
      [Scan RS (ms): Min: 0.0, Avg: 0.0, Max: 0.0, Diff: 0.0, Sum: 0.0]
      [Code Root Scanning (ms): Min: 0.0, Avg: 0.0, Max: 0.1, Diff: 0.1, Sum: 0.1]
      [Object Copy (ms): Min: 0.0, Avg: 0.2, Max: 0.3, Diff: 0.3, Sum: 1.9]
      [Termination (ms): Min: 0.0, Avg: 0.1, Max: 0.1, Diff: 0.1, Sum: 1.0]
         [Termination Attempts: Min: 1, Avg: 2.9, Max: 8, Diff: 7, Sum: 29]
      [GC Worker Other (ms): Min: 0.0, Avg: 0.0, Max: 0.0, Diff: 0.0, Sum: 0.1]
      [GC Worker Total (ms): Min: 1.4, Avg: 1.4, Max: 1.4, Diff: 0.1, Sum: 14.0]
      [GC Worker End (ms): Min: 365983698.0, Avg: 365983698.0, Max: 365983698.0, Diff: 0.0]
   [Code Root Fixup: 0.0 ms]
   [Code Root Purge: 0.0 ms]
   [String Dedup Fixup: 3.8 ms, GC Workers: 10]
      [Queue Fixup (ms): Min: 0.0, Avg: 0.0, Max: 0.0, Diff: 0.0, Sum: 0.0]
      [Table Fixup (ms): Min: 3.3, Avg: 3.5, Max: 3.6, Diff: 0.3, Sum: 34.5]
   [Clear CT: 0.4 ms]
   [Other: 0.6 ms]
      [Choose CSet: 0.0 ms]
      [Ref Proc: 0.1 ms]
      [Ref Enq: 0.0 ms]
      [Redirty Cards: 0.3 ms]
      [Humongous Register: 0.0 ms]
      [Humongous Reclaim: 0.0 ms]
      [Free CSet: 0.0 ms]
   [Eden: 52224.0K(52224.0K)->0.0B(52224.0K) Survivors: 1024.0K->1024.0K Heap: 237.4M(267.0M)->186.2M(267.0M)]
 [Times: user=0.00 sys=0.00, real=0.01 secs] 
2020-12-17T17:06:17.133+0530: 365983.704: [GC concurrent-string-deduplication, 0.0B->0.0B(0.0B), avg 59.6%, 0.0000147 secs]
   [Last Exec: 0.0000147 secs, Idle: 0.0726422 secs, Blocked: 0/0.0000000 secs]
      [Inspected:               1]
         [Skipped:              0(  0.0%)]
         [Hashed:               0(  0.0%)]
         [Known:                1(100.0%)]
         [New:                  0(  0.0%)      0.0B]
      [Deduplicated:            0(  0.0%)      0.0B(  0.0%)]
         [Young:                0(  0.0%)      0.0B(  0.0%)]
         [Old:                  0(  0.0%)      0.0B(  0.0%)]
   [Total Exec: 1382/0.8388924 secs, Idle: 1382/365982.3945781 secs, Blocked: 126/0.0886757 secs]
      [Inspected:         2860615]
         [Skipped:              0(  0.0%)]
         [Hashed:         1171739( 41.0%)]
         [Known:           179599(  6.3%)]
         [New:            2681016( 93.7%)    206.7M]
      [Deduplicated:      1878186( 70.1%)    123.3M( 59.6%)]
         [Young:           767879( 40.9%)  60418.0K( 47.9%)]
         [Old:            1110307( 59.1%)  65806.8K( 52.1%)]
   [Table]
      [Memory Usage: 8332.5K]
      [Size: 262144, Min: 1024, Max: 16777216]
      [Entries: 261771, Load: 99.9%, Cached: 6367, Added: 957115, Removed: 695344]
      [Resize Count: 8, Shrink Threshold: 174762(66.7%), Grow Threshold: 524288(200.0%)]
      [Rehash Count: 0, Rehash Threshold: 120, Hash Seed: 0x0]
      [Age Threshold: 3]
   [Queue]
      [Dropped: 0]
[GC concurrent-string-deduplication, deleted 0 entries, 0.0000042 secs]
2020-12-17T17:06:35.682+0530: 366002.253: [GC pause (G1 Evacuation Pause) (young) (initial-mark), 0.0076358 secs]
   [Parallel Time: 3.1 ms, GC Workers: 10]
      [GC Worker Start (ms): Min: 366002252.8, Avg: 366002252.8, Max: 366002252.9, Diff: 0.1]
      [Ext Root Scanning (ms): Min: 1.4, Avg: 1.5, Max: 1.6, Diff: 0.2, Sum: 15.1]
      [Update RS (ms): Min: 0.4, Avg: 0.6, Max: 0.9, Diff: 0.5, Sum: 5.6]
         [Processed Buffers: Min: 2, Avg: 4.1, Max: 7, Diff: 5, Sum: 41]
      [Scan RS (ms): Min: 0.0, Avg: 0.0, Max: 0.0, Diff: 0.0, Sum: 0.1]
      [Code Root Scanning (ms): Min: 0.0, Avg: 0.0, Max: 0.1, Diff: 0.1, Sum: 0.1]
      [Object Copy (ms): Min: 0.3, Avg: 0.6, Max: 0.7, Diff: 0.4, Sum: 5.5]
      [Termination (ms): Min: 0.0, Avg: 0.0, Max: 0.0, Diff: 0.0, Sum: 0.0]
         [Termination Attempts: Min: 1, Avg: 1.0, Max: 1, Diff: 0, Sum: 10]
      [GC Worker Other (ms): Min: 0.0, Avg: 0.0, Max: 0.0, Diff: 0.0, Sum: 0.1]
      [GC Worker Total (ms): Min: 2.6, Avg: 2.7, Max: 2.7, Diff: 0.1, Sum: 26.6]
      [GC Worker End (ms): Min: 366002255.5, Avg: 366002255.5, Max: 366002255.5, Diff: 0.0]
   [Code Root Fixup: 0.0 ms]
   [Code Root Purge: 0.0 ms]
   [String Dedup Fixup: 3.3 ms, GC Workers: 10]
      [Queue Fixup (ms): Min: 0.0, Avg: 0.0, Max: 0.0, Diff: 0.0, Sum: 0.0]
      [Table Fixup (ms): Min: 2.7, Avg: 2.7, Max: 2.8, Diff: 0.1, Sum: 27.4]
   [Clear CT: 0.5 ms]
   [Other: 0.8 ms]
      [Choose CSet: 0.0 ms]
      [Ref Proc: 0.3 ms]
      [Ref Enq: 0.0 ms]
      [Redirty Cards: 0.4 ms]
      [Humongous Register: 0.0 ms]
      [Humongous Reclaim: 0.0 ms]
      [Free CSet: 0.0 ms]
   [Eden: 52224.0K(52224.0K)->0.0B(50176.0K) Survivors: 1024.0K->2048.0K Heap: 237.2M(267.0M)->187.4M(267.0M)]
 [Times: user=0.16 sys=0.00, real=0.01 secs] 
2020-12-17T17:06:35.690+0530: 366002.260: [GC concurrent-root-region-scan-start]
2020-12-17T17:06:35.690+0530: 366002.260: [GC concurrent-string-deduplication, 7456.0B->4696.0B(2760.0B), avg 59.6%, 0.0000590 secs]
   [Last Exec: 0.0000590 secs, Idle: 18.5567744 secs, Blocked: 0/0.0000000 secs]
      [Inspected:             138]
         [Skipped:              0(  0.0%)]
         [Hashed:              70( 50.7%)]
         [Known:               47( 34.1%)]
         [New:                 91( 65.9%)   7456.0B]
      [Deduplicated:           75( 82.4%)   2760.0B( 37.0%)]
         [Young:               75(100.0%)   2760.0B(100.0%)]
         [Old:                  0(  0.0%)      0.0B(  0.0%)]
   [Total Exec: 1383/0.8389514 secs, Idle: 1383/366000.9513525 secs, Blocked: 126/0.0886757 secs]
      [Inspected:         2860753]
         [Skipped:              0(  0.0%)]
         [Hashed:         1171809( 41.0%)]
         [Known:           179646(  6.3%)]
         [New:            2681107( 93.7%)    206.7M]
      [Deduplicated:      1878261( 70.1%)    123.3M( 59.6%)]
         [Young:           767954( 40.9%)  60420.7K( 47.9%)]
         [Old:            1110307( 59.1%)  65806.8K( 52.1%)]
   [Table]
      [Memory Usage: 8332.5K]
      [Size: 262144, Min: 1024, Max: 16777216]
      [Entries: 261817, Load: 99.9%, Cached: 6321, Added: 957176, Removed: 695359]
      [Resize Count: 8, Shrink Threshold: 174762(66.7%), Grow Threshold: 524288(200.0%)]
      [Rehash Count: 0, Rehash Threshold: 120, Hash Seed: 0x0]
      [Age Threshold: 3]
   [Queue]
      [Dropped: 0]
[GC concurrent-string-deduplication, deleted 0 entries, 0.0000008 secs]
2020-12-17T17:06:35.691+0530: 366002.262: [GC concurrent-root-region-scan-end, 0.0013220 secs]
2020-12-17T17:06:35.691+0530: 366002.262: [GC concurrent-mark-start]
2020-12-17T17:06:35.789+0530: 366002.360: [GC concurrent-mark-end, 0.0977735 secs]
2020-12-17T17:06:35.789+0530: 366002.360: [GC remark 2020-12-17T17:06:35.789+0530: 366002.360: [Finalize Marking, 0.0002523 secs] 2020-12-17T17:06:35.789+0530: 366002.360: [GC ref-proc, 0.0005626 secs] 2020-12-17T17:06:35.790+0530: 366002.361: [Unloading, 0.0197196 secs], 0.0210931 secs]
 [Times: user=0.14 sys=0.00, real=0.02 secs] 
2020-12-17T17:06:35.811+0530: 366002.382: [GC cleanup 195M->195M(267M), 0.0018939 secs]
 [Times: user=0.16 sys=0.00, real=0.00 secs] 
2020-12-17T17:06:48.335+0530: 366014.905: [GC pause (G1 Evacuation Pause) (young), 0.0086170 secs]
   [Parallel Time: 4.1 ms, GC Workers: 10]
      [GC Worker Start (ms): Min: 366014905.3, Avg: 366014905.4, Max: 366014905.5, Diff: 0.1]
      [Ext Root Scanning (ms): Min: 0.6, Avg: 1.1, Max: 3.7, Diff: 3.1, Sum: 10.7]
      [Update RS (ms): Min: 0.0, Avg: 0.5, Max: 0.8, Diff: 0.8, Sum: 5.4]
         [Processed Buffers: Min: 0, Avg: 3.9, Max: 12, Diff: 12, Sum: 39]
      [Scan RS (ms): Min: 0.0, Avg: 0.0, Max: 0.0, Diff: 0.0, Sum: 0.0]
      [Code Root Scanning (ms): Min: 0.0, Avg: 0.0, Max: 0.1, Diff: 0.1, Sum: 0.1]
      [Object Copy (ms): Min: 0.0, Avg: 1.0, Max: 1.3, Diff: 1.2, Sum: 10.3]
      [Termination (ms): Min: 0.0, Avg: 1.1, Max: 1.3, Diff: 1.3, Sum: 11.4]
         [Termination Attempts: Min: 1, Avg: 1.9, Max: 2, Diff: 1, Sum: 19]
      [GC Worker Other (ms): Min: 0.0, Avg: 0.0, Max: 0.0, Diff: 0.0, Sum: 0.1]
      [GC Worker Total (ms): Min: 3.7, Avg: 3.8, Max: 3.9, Diff: 0.1, Sum: 38.0]
      [GC Worker End (ms): Min: 366014909.2, Avg: 366014909.2, Max: 366014909.2, Diff: 0.0]
   [Code Root Fixup: 0.0 ms]
   [Code Root Purge: 0.0 ms]
   [String Dedup Fixup: 2.4 ms, GC Workers: 10]
      [Queue Fixup (ms): Min: 0.0, Avg: 0.0, Max: 0.0, Diff: 0.0, Sum: 0.0]
      [Table Fixup (ms): Min: 2.1, Avg: 2.2, Max: 2.3, Diff: 0.2, Sum: 21.7]
   [Clear CT: 0.9 ms]
   [Other: 1.3 ms]
      [Choose CSet: 0.0 ms]
      [Ref Proc: 0.5 ms]
      [Ref Enq: 0.0 ms]
      [Redirty Cards: 0.6 ms]
      [Humongous Register: 0.0 ms]
      [Humongous Reclaim: 0.0 ms]
      [Free CSet: 0.0 ms]
   [Eden: 50176.0K(50176.0K)->0.0B(9216.0K) Survivors: 2048.0K->4096.0K Heap: 236.4M(267.0M)->189.5M(267.0M)]
 [Times: user=0.00 sys=0.00, real=0.01 secs] 
2020-12-17T17:06:48.344+0530: 366014.914: [GC concurrent-string-deduplication, 2072.0B->2072.0B(0.0B), avg 59.6%, 0.0000065 secs]
   [Last Exec: 0.0000065 secs, Idle: 12.6534832 secs, Blocked: 0/0.0000000 secs]
      [Inspected:               2]
         [Skipped:              0(  0.0%)]
         [Hashed:               2(100.0%)]
         [Known:                0(  0.0%)]
         [New:                  2(100.0%)   2072.0B]
      [Deduplicated:            0(  0.0%)      0.0B(  0.0%)]
         [Young:                0(  0.0%)      0.0B(  0.0%)]
         [Old:                  0(  0.0%)      0.0B(  0.0%)]
   [Total Exec: 1384/0.8389579 secs, Idle: 1384/366013.6048357 secs, Blocked: 126/0.0886757 secs]
      [Inspected:         2860755]
         [Skipped:              0(  0.0%)]
         [Hashed:         1171811( 41.0%)]
         [Known:           179646(  6.3%)]
         [New:            2681109( 93.7%)    206.7M]
      [Deduplicated:      1878261( 70.1%)    123.3M( 59.6%)]
         [Young:           767954( 40.9%)  60420.7K( 47.9%)]
         [Old:            1110307( 59.1%)  65806.8K( 52.1%)]
   [Table]
      [Memory Usage: 8332.5K]
      [Size: 262144, Min: 1024, Max: 16777216]
      [Entries: 261835, Load: 99.9%, Cached: 6303, Added: 957239, Removed: 695404]
      [Resize Count: 8, Shrink Threshold: 174762(66.7%), Grow Threshold: 524288(200.0%)]
      [Rehash Count: 0, Rehash Threshold: 120, Hash Seed: 0x0]
      [Age Threshold: 3]
   [Queue]
      [Dropped: 0]
[GC concurrent-string-deduplication, deleted 0 entries, 0.0000006 secs]
2020-12-17T17:06:48.346+0530: 366014.917: [GC pause (G1 Evacuation Pause) (mixed), 0.0116537 secs]
   [Parallel Time: 7.9 ms, GC Workers: 10]
      [GC Worker Start (ms): Min: 366014916.7, Avg: 366014916.7, Max: 366014916.8, Diff: 0.1]
      [Ext Root Scanning (ms): Min: 0.8, Avg: 1.2, Max: 3.4, Diff: 2.6, Sum: 11.9]
      [Update RS (ms): Min: 0.0, Avg: 0.4, Max: 1.2, Diff: 1.2, Sum: 3.7]
         [Processed Buffers: Min: 0, Avg: 1.2, Max: 2, Diff: 2, Sum: 12]
      [Scan RS (ms): Min: 0.0, Avg: 1.3, Max: 1.7, Diff: 1.7, Sum: 13.1]
      [Code Root Scanning (ms): Min: 0.0, Avg: 0.0, Max: 0.1, Diff: 0.1, Sum: 0.1]
      [Object Copy (ms): Min: 3.9, Avg: 4.4, Max: 4.6, Diff: 0.6, Sum: 44.3]
      [Termination (ms): Min: 0.0, Avg: 0.0, Max: 0.0, Diff: 0.0, Sum: 0.2]
         [Termination Attempts: Min: 1, Avg: 4.9, Max: 7, Diff: 6, Sum: 49]
      [GC Worker Other (ms): Min: 0.0, Avg: 0.0, Max: 0.0, Diff: 0.0, Sum: 0.1]
      [GC Worker Total (ms): Min: 7.3, Avg: 7.4, Max: 7.4, Diff: 0.1, Sum: 73.6]
      [GC Worker End (ms): Min: 366014924.1, Avg: 366014924.1, Max: 366014924.1, Diff: 0.0]
   [Code Root Fixup: 0.0 ms]
   [Code Root Purge: 0.0 ms]
   [String Dedup Fixup: 2.4 ms, GC Workers: 10]
      [Queue Fixup (ms): Min: 0.0, Avg: 0.0, Max: 0.0, Diff: 0.0, Sum: 0.0]
      [Table Fixup (ms): Min: 2.2, Avg: 2.3, Max: 2.3, Diff: 0.1, Sum: 22.7]
   [Clear CT: 0.6 ms]
   [Other: 0.7 ms]
      [Choose CSet: 0.0 ms]
      [Ref Proc: 0.3 ms]
      [Ref Enq: 0.0 ms]
      [Redirty Cards: 0.2 ms]
      [Humongous Register: 0.0 ms]
      [Humongous Reclaim: 0.0 ms]
      [Free CSet: 0.1 ms]
   [Eden: 9216.0K(9216.0K)->0.0B(47104.0K) Survivors: 4096.0K->2048.0K Heap: 198.5M(267.0M)->190.4M(267.0M)]
 [Times: user=0.00 sys=0.00, real=0.01 secs] 
2020-12-17T17:06:48.361+0530: 366014.932: [GC concurrent-string-deduplication, 1506.2K->47256.0B(1460.0K), avg 59.9%, 0.0031285 secs]
   [Last Exec: 0.0031285 secs, Idle: 0.0143692 secs, Blocked: 0/0.0000000 secs]
      [Inspected:            6726]
         [Skipped:              0(  0.0%)]
         [Hashed:            4712( 70.1%)]
         [Known:              116(  1.7%)]
         [New:               6610( 98.3%)   1506.2K]
      [Deduplicated:         6075( 91.9%)   1460.0K( 96.9%)]
         [Young:                0(  0.0%)      0.0B(  0.0%)]
         [Old:               6075(100.0%)   1460.0K(100.0%)]
   [Total Exec: 1385/0.8420864 secs, Idle: 1385/366013.6192049 secs, Blocked: 126/0.0886757 secs]
      [Inspected:         2867481]
         [Skipped:              0(  0.0%)]
         [Hashed:         1176523( 41.0%)]
         [Known:           179762(  6.3%)]
         [New:            2687719( 93.7%)    208.1M]
      [Deduplicated:      1884336( 70.1%)    124.7M( 59.9%)]
         [Young:           767954( 40.8%)  60420.7K( 47.3%)]
         [Old:            1116382( 59.2%)  67266.9K( 52.7%)]
   [Table]
      [Memory Usage: 8332.5K]
      [Size: 262144, Min: 1024, Max: 16777216]
      [Entries: 262399, Load: 100.1%, Cached: 5739, Added: 957803, Removed: 695404]
      [Resize Count: 8, Shrink Threshold: 174762(66.7%), Grow Threshold: 524288(200.0%)]
      [Rehash Count: 0, Rehash Threshold: 120, Hash Seed: 0x0]
      [Age Threshold: 3]
   [Queue]
      [Dropped: 0]
[GC concurrent-string-deduplication, deleted 0 entries, 0.0000006 secs]
2020-12-17T17:06:49.030+0530: 366015.601: [GC pause (G1 Evacuation Pause) (young), 0.0092360 secs]
   [Parallel Time: 4.5 ms, GC Workers: 10]
      [GC Worker Start (ms): Min: 366015600.7, Avg: 366015600.8, Max: 366015600.8, Diff: 0.1]
      [Ext Root Scanning (ms): Min: 0.7, Avg: 0.9, Max: 1.5, Diff: 0.7, Sum: 8.8]
      [Update RS (ms): Min: 2.2, Avg: 2.5, Max: 3.1, Diff: 0.8, Sum: 25.5]
         [Processed Buffers: Min: 4, Avg: 5.8, Max: 7, Diff: 3, Sum: 58]
      [Scan RS (ms): Min: 0.0, Avg: 0.0, Max: 0.0, Diff: 0.0, Sum: 0.0]
      [Code Root Scanning (ms): Min: 0.0, Avg: 0.0, Max: 0.0, Diff: 0.0, Sum: 0.0]
      [Object Copy (ms): Min: 0.1, Avg: 0.5, Max: 0.6, Diff: 0.5, Sum: 4.5]
      [Termination (ms): Min: 0.0, Avg: 0.1, Max: 0.2, Diff: 0.2, Sum: 1.2]
         [Termination Attempts: Min: 1, Avg: 10.3, Max: 20, Diff: 19, Sum: 103]
      [GC Worker Other (ms): Min: 0.0, Avg: 0.0, Max: 0.0, Diff: 0.0, Sum: 0.1]
      [GC Worker Total (ms): Min: 4.0, Avg: 4.0, Max: 4.1, Diff: 0.1, Sum: 40.1]
      [GC Worker End (ms): Min: 366015604.8, Avg: 366015604.8, Max: 366015604.8, Diff: 0.0]
   [Code Root Fixup: 0.0 ms]
   [Code Root Purge: 0.0 ms]
   [String Dedup Fixup: 2.8 ms, GC Workers: 10]
      [Queue Fixup (ms): Min: 0.0, Avg: 0.0, Max: 0.0, Diff: 0.0, Sum: 0.0]
      [Table Fixup (ms): Min: 2.3, Avg: 2.3, Max: 2.5, Diff: 0.2, Sum: 23.4]
   [Clear CT: 0.6 ms]
   [Other: 1.3 ms]
      [Choose CSet: 0.0 ms]
      [Ref Proc: 0.5 ms]
      [Ref Enq: 0.0 ms]
      [Redirty Cards: 0.6 ms]
      [Humongous Register: 0.0 ms]
      [Humongous Reclaim: 0.0 ms]
      [Free CSet: 0.0 ms]
   [Eden: 47104.0K(47104.0K)->0.0B(47104.0K) Survivors: 2048.0K->2048.0K Heap: 236.4M(267.0M)->189.8M(267.0M)]
 [Times: user=0.16 sys=0.00, real=0.01 secs] 
2020-12-17T17:06:49.565+0530: 366016.135: [GC pause (G1 Evacuation Pause) (young) (initial-mark), 0.0064365 secs]
   [Parallel Time: 2.7 ms, GC Workers: 10]
      [GC Worker Start (ms): Min: 366016135.3, Avg: 366016135.4, Max: 366016135.5, Diff: 0.1]
      [Ext Root Scanning (ms): Min: 1.5, Avg: 1.6, Max: 1.7, Diff: 0.2, Sum: 15.9]
      [Update RS (ms): Min: 0.0, Avg: 0.2, Max: 0.5, Diff: 0.5, Sum: 2.2]
         [Processed Buffers: Min: 1, Avg: 1.6, Max: 5, Diff: 4, Sum: 16]
      [Scan RS (ms): Min: 0.0, Avg: 0.0, Max: 0.0, Diff: 0.0, Sum: 0.1]
      [Code Root Scanning (ms): Min: 0.0, Avg: 0.0, Max: 0.0, Diff: 0.0, Sum: 0.0]
      [Object Copy (ms): Min: 0.2, Avg: 0.4, Max: 0.6, Diff: 0.4, Sum: 4.1]
      [Termination (ms): Min: 0.0, Avg: 0.0, Max: 0.0, Diff: 0.0, Sum: 0.4]
         [Termination Attempts: Min: 1, Avg: 2.2, Max: 3, Diff: 2, Sum: 22]
      [GC Worker Other (ms): Min: 0.0, Avg: 0.0, Max: 0.0, Diff: 0.0, Sum: 0.1]
      [GC Worker Total (ms): Min: 2.2, Avg: 2.3, Max: 2.3, Diff: 0.1, Sum: 22.7]
      [GC Worker End (ms): Min: 366016137.7, Avg: 366016137.7, Max: 366016137.7, Diff: 0.0]
   [Code Root Fixup: 0.0 ms]
   [Code Root Purge: 0.0 ms]
   [String Dedup Fixup: 2.5 ms, GC Workers: 10]
      [Queue Fixup (ms): Min: 0.0, Avg: 0.0, Max: 0.0, Diff: 0.0, Sum: 0.0]
      [Table Fixup (ms): Min: 2.0, Avg: 2.1, Max: 2.2, Diff: 0.1, Sum: 20.9]
   [Clear CT: 0.3 ms]
   [Other: 0.9 ms]
      [Choose CSet: 0.0 ms]
      [Ref Proc: 0.3 ms]
      [Ref Enq: 0.0 ms]
      [Redirty Cards: 0.5 ms]
      [Humongous Register: 0.0 ms]
      [Humongous Reclaim: 0.0 ms]
      [Free CSet: 0.0 ms]
   [Eden: 47104.0K(47104.0K)->0.0B(47104.0K) Survivors: 2048.0K->2048.0K Heap: 235.8M(267.0M)->190.1M(267.0M)]
 [Times: user=0.00 sys=0.00, real=0.01 secs] 
2020-12-17T17:06:49.571+0530: 366016.142: [GC concurrent-root-region-scan-start]
2020-12-17T17:06:49.573+0530: 366016.144: [GC concurrent-root-region-scan-end, 0.0017082 secs]
2020-12-17T17:06:49.573+0530: 366016.144: [GC concurrent-mark-start]
2020-12-17T17:06:49.626+0530: 366016.197: [GC pause (G1 Evacuation Pause) (young), 0.0056960 secs]
   [Parallel Time: 1.7 ms, GC Workers: 10]
      [GC Worker Start (ms): Min: 366016196.7, Avg: 366016196.8, Max: 366016197.0, Diff: 0.2]
      [Ext Root Scanning (ms): Min: 0.6, Avg: 0.8, Max: 1.5, Diff: 0.9, Sum: 8.3]
      [Update RS (ms): Min: 0.0, Avg: 0.2, Max: 0.5, Diff: 0.5, Sum: 2.2]
         [Processed Buffers: Min: 0, Avg: 1.1, Max: 3, Diff: 3, Sum: 11]
      [Scan RS (ms): Min: 0.0, Avg: 0.0, Max: 0.0, Diff: 0.0, Sum: 0.0]
      [Code Root Scanning (ms): Min: 0.0, Avg: 0.0, Max: 0.0, Diff: 0.0, Sum: 0.0]
      [Object Copy (ms): Min: 0.0, Avg: 0.4, Max: 0.5, Diff: 0.5, Sum: 3.7]
      [Termination (ms): Min: 0.0, Avg: 0.0, Max: 0.0, Diff: 0.0, Sum: 0.0]
         [Termination Attempts: Min: 1, Avg: 1.2, Max: 2, Diff: 1, Sum: 12]
      [GC Worker Other (ms): Min: 0.0, Avg: 0.0, Max: 0.0, Diff: 0.0, Sum: 0.1]
      [GC Worker Total (ms): Min: 1.3, Avg: 1.4, Max: 1.5, Diff: 0.2, Sum: 14.3]
      [GC Worker End (ms): Min: 366016198.3, Avg: 366016198.3, Max: 366016198.3, Diff: 0.0]
   [Code Root Fixup: 0.0 ms]
   [Code Root Purge: 0.0 ms]
   [String Dedup Fixup: 2.9 ms, GC Workers: 10]
      [Queue Fixup (ms): Min: 0.0, Avg: 0.0, Max: 0.0, Diff: 0.0, Sum: 0.0]
      [Table Fixup (ms): Min: 2.4, Avg: 2.5, Max: 2.5, Diff: 0.1, Sum: 24.8]
   [Clear CT: 0.2 ms]
   [Other: 0.8 ms]
      [Choose CSet: 0.0 ms]
      [Ref Proc: 0.4 ms]
      [Ref Enq: 0.0 ms]
      [Redirty Cards: 0.3 ms]
      [Humongous Register: 0.0 ms]
      [Humongous Reclaim: 0.0 ms]
      [Free CSet: 0.0 ms]
   [Eden: 47104.0K(47104.0K)->0.0B(47104.0K) Survivors: 2048.0K->2048.0K Heap: 236.1M(267.0M)->190.1M(267.0M)]
 [Times: user=0.00 sys=0.00, real=0.01 secs] 
2020-12-17T17:06:49.633+0530: 366016.204: [GC concurrent-string-deduplication, 432.7K->7384.0B(425.5K), avg 60.0%, 0.0012821 secs]
   [Last Exec: 0.0012821 secs, Idle: 1.2709553 secs, Blocked: 0/0.0000000 secs]
      [Inspected:            2496]
         [Skipped:              0(  0.0%)]
         [Hashed:            1410( 56.5%)]
         [Known:              176(  7.1%)]
         [New:               2320( 92.9%)    432.7K]
      [Deduplicated:         2235( 96.3%)    425.5K( 98.3%)]
         [Young:             2235(100.0%)    425.5K(100.0%)]
         [Old:                  0(  0.0%)      0.0B(  0.0%)]
   [Total Exec: 1386/0.8433685 secs, Idle: 1386/366014.8901602 secs, Blocked: 126/0.0886757 secs]
      [Inspected:         2869977]
         [Skipped:              0(  0.0%)]
         [Hashed:         1177933( 41.0%)]
         [Known:           179938(  6.3%)]
         [New:            2690039( 93.7%)    208.6M]
      [Deduplicated:      1886571( 70.1%)    125.1M( 60.0%)]
         [Young:           770189( 40.8%)  60846.2K( 47.5%)]
         [Old:            1116382( 59.2%)  67266.9K( 52.5%)]
   [Table]
      [Memory Usage: 8332.5K]
      [Size: 262144, Min: 1024, Max: 16777216]
      [Entries: 262609, Load: 100.2%, Cached: 5529, Added: 958013, Removed: 695404]
      [Resize Count: 8, Shrink Threshold: 174762(66.7%), Grow Threshold: 524288(200.0%)]
      [Rehash Count: 0, Rehash Threshold: 120, Hash Seed: 0x0]
      [Age Threshold: 3]
   [Queue]
      [Dropped: 0]
[GC concurrent-string-deduplication, deleted 0 entries, 0.0000007 secs]
2020-12-17T17:06:49.666+0530: 366016.237: [GC concurrent-mark-end, 0.0933795 secs]
2020-12-17T17:06:49.667+0530: 366016.237: [GC remark 2020-12-17T17:06:49.667+0530: 366016.237: [Finalize Marking, 0.0004344 secs] 2020-12-17T17:06:49.667+0530: 366016.238: [GC ref-proc, 0.0005200 secs] 2020-12-17T17:06:49.668+0530: 366016.238: [Unloading, 0.0244252 secs], 0.0260564 secs]
 [Times: user=0.16 sys=0.02, real=0.03 secs] 
2020-12-17T17:06:49.694+0530: 366016.264: [GC cleanup 191M->191M(267M), 0.0025238 secs]
 [Times: user=0.00 sys=0.00, real=0.00 secs] 
2020-12-17T17:06:50.461+0530: 366017.032: [GC pause (G1 Evacuation Pause) (young), 0.0064843 secs]
   [Parallel Time: 2.2 ms, GC Workers: 10]
      [GC Worker Start (ms): Min: 366017031.9, Avg: 366017032.0, Max: 366017032.0, Diff: 0.1]
      [Ext Root Scanning (ms): Min: 0.7, Avg: 0.9, Max: 1.8, Diff: 1.1, Sum: 9.0]
      [Update RS (ms): Min: 0.0, Avg: 0.5, Max: 1.1, Diff: 1.1, Sum: 5.1]
         [Processed Buffers: Min: 0, Avg: 2.9, Max: 6, Diff: 6, Sum: 29]
      [Scan RS (ms): Min: 0.0, Avg: 0.0, Max: 0.0, Diff: 0.0, Sum: 0.0]
      [Code Root Scanning (ms): Min: 0.0, Avg: 0.0, Max: 0.0, Diff: 0.0, Sum: 0.0]
      [Object Copy (ms): Min: 0.0, Avg: 0.4, Max: 0.6, Diff: 0.6, Sum: 3.6]
      [Termination (ms): Min: 0.0, Avg: 0.2, Max: 0.2, Diff: 0.2, Sum: 2.0]
         [Termination Attempts: Min: 1, Avg: 5.1, Max: 10, Diff: 9, Sum: 51]
      [GC Worker Other (ms): Min: 0.0, Avg: 0.0, Max: 0.0, Diff: 0.0, Sum: 0.2]
      [GC Worker Total (ms): Min: 1.9, Avg: 2.0, Max: 2.0, Diff: 0.1, Sum: 19.8]
      [GC Worker End (ms): Min: 366017033.9, Avg: 366017034.0, Max: 366017034.0, Diff: 0.0]
   [Code Root Fixup: 0.0 ms]
   [Code Root Purge: 0.0 ms]
   [String Dedup Fixup: 2.9 ms, GC Workers: 10]
      [Queue Fixup (ms): Min: 0.0, Avg: 0.0, Max: 0.0, Diff: 0.0, Sum: 0.0]
      [Table Fixup (ms): Min: 2.5, Avg: 2.7, Max: 2.9, Diff: 0.3, Sum: 26.6]
   [Clear CT: 0.6 ms]
   [Other: 0.7 ms]
      [Choose CSet: 0.0 ms]
      [Ref Proc: 0.3 ms]
      [Ref Enq: 0.0 ms]
      [Redirty Cards: 0.3 ms]
      [Humongous Register: 0.0 ms]
      [Humongous Reclaim: 0.0 ms]
      [Free CSet: 0.0 ms]
   [Eden: 47104.0K(47104.0K)->0.0B(11264.0K) Survivors: 2048.0K->2048.0K Heap: 237.1M(267.0M)->189.9M(267.0M)]
 [Times: user=0.00 sys=0.00, real=0.01 secs] 
2020-12-17T17:06:50.468+0530: 366017.039: [GC concurrent-string-deduplication, 9784.0B->848.0B(8936.0B), avg 60.0%, 0.0000301 secs]
   [Last Exec: 0.0000301 secs, Idle: 0.8345744 secs, Blocked: 0/0.0000000 secs]
      [Inspected:             251]
         [Skipped:              0(  0.0%)]
         [Hashed:             125( 49.8%)]
         [Known:                0(  0.0%)]
         [New:                251(100.0%)   9784.0B]
      [Deduplicated:          235( 93.6%)   8936.0B( 91.3%)]
         [Young:              235(100.0%)   8936.0B(100.0%)]
         [Old:                  0(  0.0%)      0.0B(  0.0%)]
   [Total Exec: 1387/0.8433986 secs, Idle: 1387/366015.7247346 secs, Blocked: 126/0.0886757 secs]
      [Inspected:         2870228]
         [Skipped:              0(  0.0%)]
         [Hashed:         1178058( 41.0%)]
         [Known:           179938(  6.3%)]
         [New:            2690290( 93.7%)    208.6M]
      [Deduplicated:      1886806( 70.1%)    125.1M( 60.0%)]
         [Young:           770424( 40.8%)  60854.9K( 47.5%)]
         [Old:            1116382( 59.2%)  67266.9K( 52.5%)]
   [Table]
      [Memory Usage: 8332.5K]
      [Size: 262144, Min: 1024, Max: 16777216]
      [Entries: 262159, Load: 100.0%, Cached: 5979, Added: 958166, Removed: 696007]
      [Resize Count: 8, Shrink Threshold: 174762(66.7%), Grow Threshold: 524288(200.0%)]
      [Rehash Count: 0, Rehash Threshold: 120, Hash Seed: 0x0]
      [Age Threshold: 3]
   [Queue]
      [Dropped: 0]
[GC concurrent-string-deduplication, deleted 0 entries, 0.0000006 secs]
2020-12-17T17:06:50.482+0530: 366017.053: [GC pause (G1 Evacuation Pause) (mixed), 0.0233660 secs]
   [Parallel Time: 17.8 ms, GC Workers: 10]
      [GC Worker Start (ms): Min: 366017052.8, Avg: 366017052.9, Max: 366017053.0, Diff: 0.2]
      [Ext Root Scanning (ms): Min: 0.2, Avg: 0.9, Max: 1.7, Diff: 1.6, Sum: 8.8]
      [Update RS (ms): Min: 0.0, Avg: 0.2, Max: 0.6, Diff: 0.6, Sum: 2.3]
         [Processed Buffers: Min: 0, Avg: 1.1, Max: 4, Diff: 4, Sum: 11]
      [Scan RS (ms): Min: 1.4, Avg: 3.3, Max: 4.2, Diff: 2.7, Sum: 33.3]
      [Code Root Scanning (ms): Min: 0.0, Avg: 0.2, Max: 0.4, Diff: 0.4, Sum: 1.6]
      [Object Copy (ms): Min: 11.5, Avg: 12.2, Max: 15.1, Diff: 3.6, Sum: 121.7]
      [Termination (ms): Min: 0.0, Avg: 0.8, Max: 0.9, Diff: 0.9, Sum: 7.6]
         [Termination Attempts: Min: 1, Avg: 1.1, Max: 2, Diff: 1, Sum: 11]
      [GC Worker Other (ms): Min: 0.0, Avg: 0.0, Max: 0.0, Diff: 0.0, Sum: 0.1]
      [GC Worker Total (ms): Min: 17.5, Avg: 17.6, Max: 17.6, Diff: 0.2, Sum: 175.6]
      [GC Worker End (ms): Min: 366017070.4, Avg: 366017070.4, Max: 366017070.5, Diff: 0.0]
   [Code Root Fixup: 0.0 ms]
   [Code Root Purge: 0.0 ms]
   [String Dedup Fixup: 3.3 ms, GC Workers: 10]
      [Queue Fixup (ms): Min: 0.0, Avg: 0.0, Max: 0.0, Diff: 0.0, Sum: 0.0]
      [Table Fixup (ms): Min: 2.9, Avg: 3.0, Max: 3.1, Diff: 0.2, Sum: 29.6]
   [Clear CT: 0.4 ms]
   [Other: 1.8 ms]
      [Choose CSet: 0.1 ms]
      [Ref Proc: 0.3 ms]
      [Ref Enq: 0.0 ms]
      [Redirty Cards: 0.4 ms]
      [Humongous Register: 0.0 ms]
      [Humongous Reclaim: 0.0 ms]
      [Free CSet: 0.7 ms]
   [Eden: 11264.0K(11264.0K)->0.0B(53248.0K) Survivors: 2048.0K->1024.0K Heap: 200.9M(267.0M)->185.2M(267.0M)]
 [Times: user=0.27 sys=0.01, real=0.02 secs] 
2020-12-17T17:06:50.506+0530: 366017.076: [GC concurrent-string-deduplication, 10992.0B->10992.0B(0.0B), avg 60.0%, 0.0000209 secs]
   [Last Exec: 0.0000209 secs, Idle: 0.0376932 secs, Blocked: 0/0.0000000 secs]
      [Inspected:              12]
         [Skipped:              0(  0.0%)]
         [Hashed:              12(100.0%)]
         [Known:                0(  0.0%)]
         [New:                 12(100.0%)  10992.0B]
      [Deduplicated:            0(  0.0%)      0.0B(  0.0%)]
         [Young:                0(  0.0%)      0.0B(  0.0%)]
         [Old:                  0(  0.0%)      0.0B(  0.0%)]
   [Total Exec: 1388/0.8434195 secs, Idle: 1388/366015.7624278 secs, Blocked: 126/0.0886757 secs]
      [Inspected:         2870240]
         [Skipped:              0(  0.0%)]
         [Hashed:         1178070( 41.0%)]
         [Known:           179938(  6.3%)]
         [New:            2690302( 93.7%)    208.6M]
      [Deduplicated:      1886806( 70.1%)    125.1M( 60.0%)]
         [Young:           770424( 40.8%)  60854.9K( 47.5%)]
         [Old:            1116382( 59.2%)  67266.9K( 52.5%)]
   [Table]
      [Memory Usage: 8332.5K]
      [Size: 262144, Min: 1024, Max: 16777216]
      [Entries: 262146, Load: 100.0%, Cached: 5992, Added: 958178, Removed: 696032]
      [Resize Count: 8, Shrink Threshold: 174762(66.7%), Grow Threshold: 524288(200.0%)]
      [Rehash Count: 0, Rehash Threshold: 120, Hash Seed: 0x0]
      [Age Threshold: 3]
   [Queue]
      [Dropped: 0]
[GC concurrent-string-deduplication, deleted 0 entries, 0.0000006 secs]
2020-12-17T17:06:50.577+0530: 366017.147: [GC pause (G1 Evacuation Pause) (young), 0.0167051 secs]
   [Parallel Time: 12.8 ms, GC Workers: 10]
      [GC Worker Start (ms): Min: 366017147.5, Avg: 366017147.6, Max: 366017147.7, Diff: 0.2]
      [Ext Root Scanning (ms): Min: 0.9, Avg: 1.1, Max: 2.0, Diff: 1.1, Sum: 11.1]
      [Update RS (ms): Min: 10.4, Avg: 11.1, Max: 11.5, Diff: 1.1, Sum: 111.5]
         [Processed Buffers: Min: 12, Avg: 13.3, Max: 16, Diff: 4, Sum: 133]
      [Scan RS (ms): Min: 0.0, Avg: 0.0, Max: 0.0, Diff: 0.0, Sum: 0.0]
      [Code Root Scanning (ms): Min: 0.0, Avg: 0.0, Max: 0.0, Diff: 0.0, Sum: 0.0]
      [Object Copy (ms): Min: 0.1, Avg: 0.4, Max: 0.6, Diff: 0.5, Sum: 3.7]
      [Termination (ms): Min: 0.0, Avg: 0.0, Max: 0.0, Diff: 0.0, Sum: 0.0]
         [Termination Attempts: Min: 1, Avg: 1.4, Max: 2, Diff: 1, Sum: 14]
      [GC Worker Other (ms): Min: 0.0, Avg: 0.0, Max: 0.1, Diff: 0.0, Sum: 0.3]
      [GC Worker Total (ms): Min: 12.5, Avg: 12.7, Max: 12.7, Diff: 0.2, Sum: 126.6]
      [GC Worker End (ms): Min: 366017160.2, Avg: 366017160.2, Max: 366017160.2, Diff: 0.0]
   [Code Root Fixup: 0.0 ms]
   [Code Root Purge: 0.0 ms]
   [String Dedup Fixup: 3.1 ms, GC Workers: 10]
      [Queue Fixup (ms): Min: 0.0, Avg: 0.0, Max: 0.0, Diff: 0.0, Sum: 0.0]
      [Table Fixup (ms): Min: 2.8, Avg: 2.8, Max: 3.0, Diff: 0.2, Sum: 28.4]
   [Clear CT: 0.1 ms]
   [Other: 0.6 ms]
      [Choose CSet: 0.0 ms]
      [Ref Proc: 0.3 ms]
      [Ref Enq: 0.0 ms]
      [Redirty Cards: 0.2 ms]
      [Humongous Register: 0.0 ms]
      [Humongous Reclaim: 0.0 ms]
      [Free CSet: 0.1 ms]
   [Eden: 53248.0K(53248.0K)->0.0B(53248.0K) Survivors: 1024.0K->1024.0K Heap: 237.2M(267.0M)->185.1M(267.0M)]
 [Times: user=0.09 sys=0.00, real=0.02 secs] 
2020-12-17T17:06:50.594+0530: 366017.165: [GC concurrent-string-deduplication, 21216.0B->13328.0B(7888.0B), avg 60.0%, 0.0001645 secs]
   [Last Exec: 0.0001645 secs, Idle: 0.0880658 secs, Blocked: 0/0.0000000 secs]
      [Inspected:             328]
         [Skipped:              0(  0.0%)]
         [Hashed:             126( 38.4%)]
         [Known:              159( 48.5%)]
         [New:                169( 51.5%)  21216.0B]
      [Deduplicated:          126( 74.6%)   7888.0B( 37.2%)]
         [Young:              126(100.0%)   7888.0B(100.0%)]
         [Old:                  0(  0.0%)      0.0B(  0.0%)]
   [Total Exec: 1389/0.8435840 secs, Idle: 1389/366015.8504936 secs, Blocked: 126/0.0886757 secs]
      [Inspected:         2870568]
         [Skipped:              0(  0.0%)]
         [Hashed:         1178196( 41.0%)]
         [Known:           180097(  6.3%)]
         [New:            2690471( 93.7%)    208.6M]
      [Deduplicated:      1886932( 70.1%)    125.1M( 60.0%)]
         [Young:           770550( 40.8%)  60862.6K( 47.5%)]
         [Old:            1116382( 59.2%)  67266.9K( 52.5%)]
   [Table]
      [Memory Usage: 8332.5K]
      [Size: 262144, Min: 1024, Max: 16777216]
      [Entries: 262177, Load: 100.0%, Cached: 5961, Added: 958221, Removed: 696044]
      [Resize Count: 8, Shrink Threshold: 174762(66.7%), Grow Threshold: 524288(200.0%)]
      [Rehash Count: 0, Rehash Threshold: 120, Hash Seed: 0x0]
      [Age Threshold: 3]
   [Queue]
      [Dropped: 0]
[GC concurrent-string-deduplication, deleted 0 entries, 0.0000010 secs]
2020-12-17T17:06:55.565+0530: 366022.136: [GC pause (G1 Evacuation Pause) (young) (initial-mark), 0.0081055 secs]
   [Parallel Time: 4.0 ms, GC Workers: 10]
      [GC Worker Start (ms): Min: 366022135.9, Avg: 366022136.0, Max: 366022136.0, Diff: 0.1]
      [Ext Root Scanning (ms): Min: 2.6, Avg: 2.8, Max: 3.0, Diff: 0.4, Sum: 27.6]
      [Update RS (ms): Min: 0.2, Avg: 0.3, Max: 0.5, Diff: 0.4, Sum: 3.4]
         [Processed Buffers: Min: 1, Avg: 3.0, Max: 6, Diff: 5, Sum: 30]
      [Scan RS (ms): Min: 0.0, Avg: 0.0, Max: 0.0, Diff: 0.0, Sum: 0.0]
      [Code Root Scanning (ms): Min: 0.0, Avg: 0.0, Max: 0.0, Diff: 0.0, Sum: 0.0]
      [Object Copy (ms): Min: 0.1, Avg: 0.5, Max: 0.8, Diff: 0.7, Sum: 4.7]
      [Termination (ms): Min: 0.0, Avg: 0.0, Max: 0.0, Diff: 0.0, Sum: 0.2]
         [Termination Attempts: Min: 1, Avg: 1.2, Max: 2, Diff: 1, Sum: 12]
      [GC Worker Other (ms): Min: 0.0, Avg: 0.0, Max: 0.0, Diff: 0.0, Sum: 0.1]
      [GC Worker Total (ms): Min: 3.6, Avg: 3.6, Max: 3.7, Diff: 0.1, Sum: 36.1]
      [GC Worker End (ms): Min: 366022139.6, Avg: 366022139.6, Max: 366022139.6, Diff: 0.0]
   [Code Root Fixup: 0.0 ms]
   [Code Root Purge: 0.0 ms]
   [String Dedup Fixup: 2.6 ms, GC Workers: 10]
      [Queue Fixup (ms): Min: 0.0, Avg: 0.0, Max: 0.0, Diff: 0.0, Sum: 0.0]
      [Table Fixup (ms): Min: 2.4, Avg: 2.4, Max: 2.5, Diff: 0.1, Sum: 24.2]
   [Clear CT: 0.7 ms]
   [Other: 0.8 ms]
      [Choose CSet: 0.0 ms]
      [Ref Proc: 0.2 ms]
      [Ref Enq: 0.0 ms]
      [Redirty Cards: 0.3 ms]
      [Humongous Register: 0.0 ms]
      [Humongous Reclaim: 0.0 ms]
      [Free CSet: 0.0 ms]
   [Eden: 53248.0K(53248.0K)->0.0B(53248.0K) Survivors: 1024.0K->1024.0K Heap: 237.1M(267.0M)->185.3M(267.0M)]
 [Times: user=0.00 sys=0.00, real=0.01 secs] 
2020-12-17T17:06:55.574+0530: 366022.144: [GC concurrent-root-region-scan-start]
2020-12-17T17:06:55.577+0530: 366022.147: [GC concurrent-root-region-scan-end, 0.0029756 secs]
2020-12-17T17:06:55.577+0530: 366022.147: [GC concurrent-mark-start]
2020-12-17T17:06:55.652+0530: 366022.223: [GC pause (G1 Evacuation Pause) (young), 0.0062225 secs]
   [Parallel Time: 1.7 ms, GC Workers: 10]
      [GC Worker Start (ms): Min: 366022222.9, Avg: 366022223.0, Max: 366022223.1, Diff: 0.2]
      [Ext Root Scanning (ms): Min: 0.6, Avg: 0.7, Max: 1.4, Diff: 0.8, Sum: 7.5]
      [Update RS (ms): Min: 0.0, Avg: 0.3, Max: 0.5, Diff: 0.5, Sum: 2.8]
         [Processed Buffers: Min: 0, Avg: 1.3, Max: 4, Diff: 4, Sum: 13]
      [Scan RS (ms): Min: 0.0, Avg: 0.0, Max: 0.0, Diff: 0.0, Sum: 0.1]
      [Code Root Scanning (ms): Min: 0.0, Avg: 0.0, Max: 0.0, Diff: 0.0, Sum: 0.0]
      [Object Copy (ms): Min: 0.1, Avg: 0.3, Max: 0.5, Diff: 0.4, Sum: 3.3]
      [Termination (ms): Min: 0.0, Avg: 0.0, Max: 0.0, Diff: 0.0, Sum: 0.1]
         [Termination Attempts: Min: 1, Avg: 1.5, Max: 2, Diff: 1, Sum: 15]
      [GC Worker Other (ms): Min: 0.0, Avg: 0.0, Max: 0.0, Diff: 0.0, Sum: 0.1]
      [GC Worker Total (ms): Min: 1.3, Avg: 1.4, Max: 1.5, Diff: 0.2, Sum: 13.8]
      [GC Worker End (ms): Min: 366022224.3, Avg: 366022224.4, Max: 366022224.4, Diff: 0.0]
   [Code Root Fixup: 0.0 ms]
   [Code Root Purge: 0.0 ms]
   [String Dedup Fixup: 2.6 ms, GC Workers: 10]
      [Queue Fixup (ms): Min: 0.0, Avg: 0.0, Max: 0.0, Diff: 0.0, Sum: 0.0]
      [Table Fixup (ms): Min: 2.0, Avg: 2.1, Max: 2.2, Diff: 0.1, Sum: 20.9]
   [Clear CT: 0.7 ms]
   [Other: 1.2 ms]
      [Choose CSet: 0.0 ms]
      [Ref Proc: 0.5 ms]
      [Ref Enq: 0.0 ms]
      [Redirty Cards: 0.6 ms]
      [Humongous Register: 0.0 ms]
      [Humongous Reclaim: 0.0 ms]
      [Free CSet: 0.0 ms]
   [Eden: 53248.0K(53248.0K)->0.0B(51200.0K) Survivors: 1024.0K->2048.0K Heap: 237.3M(267.0M)->185.4M(267.0M)]
 [Times: user=0.16 sys=0.00, real=0.01 secs] 
2020-12-17T17:06:55.684+0530: 366022.254: [GC concurrent-mark-end, 0.1071334 secs]
2020-12-17T17:06:55.684+0530: 366022.255: [GC remark 2020-12-17T17:06:55.684+0530: 366022.255: [Finalize Marking, 0.0003849 secs] 2020-12-17T17:06:55.685+0530: 366022.255: [GC ref-proc, 0.0004794 secs] 2020-12-17T17:06:55.685+0530: 366022.256: [Unloading, 0.0197655 secs], 0.0212233 secs]
 [Times: user=0.31 sys=0.00, real=0.02 secs] 
2020-12-17T17:06:55.706+0530: 366022.276: [GC cleanup 202M->202M(267M), 0.0014713 secs]
 [Times: user=0.00 sys=0.00, real=0.00 secs] 
2020-12-17T17:06:59.936+0530: 366026.506: [GC pause (G1 Evacuation Pause) (young), 0.0068783 secs]
   [Parallel Time: 3.0 ms, GC Workers: 10]
      [GC Worker Start (ms): Min: 366026506.2, Avg: 366026506.2, Max: 366026506.3, Diff: 0.1]
      [Ext Root Scanning (ms): Min: 1.0, Avg: 1.3, Max: 2.7, Diff: 1.7, Sum: 13.4]
      [Update RS (ms): Min: 0.0, Avg: 0.8, Max: 1.5, Diff: 1.5, Sum: 7.8]
         [Processed Buffers: Min: 0, Avg: 4.0, Max: 8, Diff: 8, Sum: 40]
      [Scan RS (ms): Min: 0.0, Avg: 0.0, Max: 0.0, Diff: 0.0, Sum: 0.0]
      [Code Root Scanning (ms): Min: 0.0, Avg: 0.0, Max: 0.0, Diff: 0.0, Sum: 0.0]
      [Object Copy (ms): Min: 0.0, Avg: 0.5, Max: 0.8, Diff: 0.8, Sum: 4.8]
      [Termination (ms): Min: 0.0, Avg: 0.2, Max: 0.3, Diff: 0.3, Sum: 2.1]
         [Termination Attempts: Min: 1, Avg: 1.7, Max: 5, Diff: 4, Sum: 17]
      [GC Worker Other (ms): Min: 0.0, Avg: 0.0, Max: 0.0, Diff: 0.0, Sum: 0.1]
      [GC Worker Total (ms): Min: 2.8, Avg: 2.8, Max: 2.9, Diff: 0.1, Sum: 28.2]
      [GC Worker End (ms): Min: 366026509.0, Avg: 366026509.0, Max: 366026509.1, Diff: 0.0]
   [Code Root Fixup: 0.0 ms]
   [Code Root Purge: 0.0 ms]
   [String Dedup Fixup: 2.8 ms, GC Workers: 10]
      [Queue Fixup (ms): Min: 0.0, Avg: 0.0, Max: 0.0, Diff: 0.0, Sum: 0.0]
      [Table Fixup (ms): Min: 2.6, Avg: 2.7, Max: 2.8, Diff: 0.1, Sum: 27.0]
   [Clear CT: 0.2 ms]
   [Other: 0.8 ms]
      [Choose CSet: 0.0 ms]
      [Ref Proc: 0.2 ms]
      [Ref Enq: 0.0 ms]
      [Redirty Cards: 0.2 ms]
      [Humongous Register: 0.0 ms]
      [Humongous Reclaim: 0.0 ms]
      [Free CSet: 0.1 ms]
   [Eden: 51200.0K(51200.0K)->0.0B(11264.0K) Survivors: 2048.0K->2048.0K Heap: 236.0M(267.0M)->185.7M(267.0M)]
 [Times: user=0.14 sys=0.00, real=0.01 secs] 
2020-12-17T17:06:59.943+0530: 366026.514: [GC concurrent-string-deduplication, 3192.0B->976.0B(2216.0B), avg 60.0%, 0.0001143 secs]
   [Last Exec: 0.0001143 secs, Idle: 9.3488904 secs, Blocked: 0/0.0000000 secs]
      [Inspected:              69]
         [Skipped:              0(  0.0%)]
         [Hashed:              27( 39.1%)]
         [Known:               35( 50.7%)]
         [New:                 34( 49.3%)   3192.0B]
      [Deduplicated:           24( 70.6%)   2216.0B( 69.4%)]
         [Young:               24(100.0%)   2216.0B(100.0%)]
         [Old:                  0(  0.0%)      0.0B(  0.0%)]
   [Total Exec: 1390/0.8436983 secs, Idle: 1390/366025.1993840 secs, Blocked: 126/0.0886757 secs]
      [Inspected:         2870637]
         [Skipped:              0(  0.0%)]
         [Hashed:         1178223( 41.0%)]
         [Known:           180132(  6.3%)]
         [New:            2690505( 93.7%)    208.6M]
      [Deduplicated:      1886956( 70.1%)    125.1M( 60.0%)]
         [Young:           770574( 40.8%)  60864.8K( 47.5%)]
         [Old:            1116382( 59.2%)  67266.9K( 52.5%)]
   [Table]
      [Memory Usage: 8332.5K]
      [Size: 262144, Min: 1024, Max: 16777216]
      [Entries: 262193, Load: 100.0%, Cached: 5945, Added: 958313, Removed: 696120]
      [Resize Count: 8, Shrink Threshold: 174762(66.7%), Grow Threshold: 524288(200.0%)]
      [Rehash Count: 0, Rehash Threshold: 120, Hash Seed: 0x0]
      [Age Threshold: 3]
   [Queue]
      [Dropped: 0]
[GC concurrent-string-deduplication, deleted 0 entries, 0.0000022 secs]
2020-12-17T17:06:59.990+0530: 366026.561: [GC pause (G1 Evacuation Pause) (mixed), 0.0107127 secs]
   [Parallel Time: 5.6 ms, GC Workers: 10]
      [GC Worker Start (ms): Min: 366026560.6, Avg: 366026560.7, Max: 366026560.7, Diff: 0.1]
      [Ext Root Scanning (ms): Min: 0.9, Avg: 1.1, Max: 2.1, Diff: 1.2, Sum: 11.4]
      [Update RS (ms): Min: 0.0, Avg: 0.4, Max: 0.6, Diff: 0.6, Sum: 3.7]
         [Processed Buffers: Min: 0, Avg: 1.5, Max: 3, Diff: 3, Sum: 15]
      [Scan RS (ms): Min: 0.3, Avg: 0.7, Max: 1.0, Diff: 0.8, Sum: 6.9]
      [Code Root Scanning (ms): Min: 0.0, Avg: 0.0, Max: 0.1, Diff: 0.1, Sum: 0.1]
      [Object Copy (ms): Min: 3.0, Avg: 3.1, Max: 3.3, Diff: 0.3, Sum: 31.3]
      [Termination (ms): Min: 0.0, Avg: 0.0, Max: 0.0, Diff: 0.0, Sum: 0.0]
         [Termination Attempts: Min: 1, Avg: 1.0, Max: 1, Diff: 0, Sum: 10]
      [GC Worker Other (ms): Min: 0.0, Avg: 0.0, Max: 0.0, Diff: 0.0, Sum: 0.3]
      [GC Worker Total (ms): Min: 5.3, Avg: 5.4, Max: 5.4, Diff: 0.1, Sum: 53.7]
      [GC Worker End (ms): Min: 366026566.0, Avg: 366026566.0, Max: 366026566.0, Diff: 0.0]
   [Code Root Fixup: 0.0 ms]
   [Code Root Purge: 0.0 ms]
   [String Dedup Fixup: 3.9 ms, GC Workers: 10]
      [Queue Fixup (ms): Min: 0.0, Avg: 0.0, Max: 0.0, Diff: 0.0, Sum: 0.0]
      [Table Fixup (ms): Min: 2.7, Avg: 3.5, Max: 3.6, Diff: 0.9, Sum: 35.2]
   [Clear CT: 0.3 ms]
   [Other: 0.9 ms]
      [Choose CSet: 0.0 ms]
      [Ref Proc: 0.2 ms]
      [Ref Enq: 0.0 ms]
      [Redirty Cards: 0.4 ms]
      [Humongous Register: 0.0 ms]
      [Humongous Reclaim: 0.0 ms]
      [Free CSet: 0.1 ms]
   [Eden: 11264.0K(11264.0K)->0.0B(51200.0K) Survivors: 2048.0K->2048.0K Heap: 196.7M(267.0M)->186.9M(267.0M)]
 [Times: user=0.16 sys=0.00, real=0.01 secs] 
2020-12-17T17:07:00.002+0530: 366026.572: [GC concurrent-string-deduplication, 89296.0B->89296.0B(0.0B), avg 60.0%, 0.0009274 secs]
   [Last Exec: 0.0009274 secs, Idle: 0.0578609 secs, Blocked: 0/0.0000000 secs]
      [Inspected:            1463]
         [Skipped:              0(  0.0%)]
         [Hashed:            1463(100.0%)]
         [Known:                0(  0.0%)]
         [New:               1463(100.0%)  89296.0B]
      [Deduplicated:            0(  0.0%)      0.0B(  0.0%)]
         [Young:                0(  0.0%)      0.0B(  0.0%)]
         [Old:                  0(  0.0%)      0.0B(  0.0%)]
   [Total Exec: 1391/0.8446257 secs, Idle: 1391/366025.2572449 secs, Blocked: 126/0.0886757 secs]
      [Inspected:         2872100]
         [Skipped:              0(  0.0%)]
         [Hashed:         1179686( 41.1%)]
         [Known:           180132(  6.3%)]
         [New:            2691968( 93.7%)    208.7M]
      [Deduplicated:      1886956( 70.1%)    125.1M( 60.0%)]
         [Young:           770574( 40.8%)  60864.8K( 47.5%)]
         [Old:            1116382( 59.2%)  67266.9K( 52.5%)]
   [Table]
      [Memory Usage: 8332.5K]
      [Size: 262144, Min: 1024, Max: 16777216]
      [Entries: 263656, Load: 100.6%, Cached: 4482, Added: 959776, Removed: 696120]
      [Resize Count: 8, Shrink Threshold: 174762(66.7%), Grow Threshold: 524288(200.0%)]
      [Rehash Count: 0, Rehash Threshold: 120, Hash Seed: 0x0]
      [Age Threshold: 3]
   [Queue]
      [Dropped: 0]
[GC concurrent-string-deduplication, deleted 0 entries, 0.0000008 secs]
2020-12-17T17:07:00.129+0530: 366026.700: [GC pause (G1 Humongous Allocation) (young) (initial-mark), 0.0132241 secs]
   [Parallel Time: 9.2 ms, GC Workers: 10]
      [GC Worker Start (ms): Min: 366026699.7, Avg: 366026699.8, Max: 366026699.8, Diff: 0.1]
      [Ext Root Scanning (ms): Min: 3.3, Avg: 4.4, Max: 4.6, Diff: 1.4, Sum: 43.8]
      [Update RS (ms): Min: 2.4, Avg: 2.5, Max: 2.6, Diff: 0.2, Sum: 24.6]
         [Processed Buffers: Min: 4, Avg: 5.5, Max: 10, Diff: 6, Sum: 55]
      [Scan RS (ms): Min: 0.0, Avg: 0.0, Max: 0.0, Diff: 0.0, Sum: 0.0]
      [Code Root Scanning (ms): Min: 0.0, Avg: 0.0, Max: 0.0, Diff: 0.0, Sum: 0.0]
      [Object Copy (ms): Min: 1.7, Avg: 2.0, Max: 3.1, Diff: 1.4, Sum: 19.9]
      [Termination (ms): Min: 0.0, Avg: 0.0, Max: 0.0, Diff: 0.0, Sum: 0.0]
         [Termination Attempts: Min: 1, Avg: 2.5, Max: 4, Diff: 3, Sum: 25]
      [GC Worker Other (ms): Min: 0.0, Avg: 0.0, Max: 0.0, Diff: 0.0, Sum: 0.2]
      [GC Worker Total (ms): Min: 8.8, Avg: 8.8, Max: 8.9, Diff: 0.1, Sum: 88.5]
      [GC Worker End (ms): Min: 366026708.6, Avg: 366026708.6, Max: 366026708.6, Diff: 0.0]
   [Code Root Fixup: 0.0 ms]
   [Code Root Purge: 0.0 ms]
   [String Dedup Fixup: 2.8 ms, GC Workers: 10]
      [Queue Fixup (ms): Min: 0.0, Avg: 0.0, Max: 0.0, Diff: 0.0, Sum: 0.0]
      [Table Fixup (ms): Min: 2.5, Avg: 2.6, Max: 2.7, Diff: 0.2, Sum: 25.9]
   [Clear CT: 0.2 ms]
   [Other: 1.0 ms]
      [Choose CSet: 0.0 ms]
      [Ref Proc: 0.3 ms]
      [Ref Enq: 0.0 ms]
      [Redirty Cards: 0.5 ms]
      [Humongous Register: 0.0 ms]
      [Humongous Reclaim: 0.0 ms]
      [Free CSet: 0.0 ms]
   [Eden: 10240.0K(51200.0K)->0.0B(44032.0K) Survivors: 2048.0K->5120.0K Heap: 196.4M(267.0M)->189.2M(267.0M)]
 [Times: user=0.16 sys=0.00, real=0.01 secs] 
2020-12-17T17:07:00.142+0530: 366026.713: [GC concurrent-root-region-scan-start]
2020-12-17T17:07:00.143+0530: 366026.713: [GC concurrent-string-deduplication, 34032.0B->9320.0B(24712.0B), avg 60.0%, 0.0003347 secs]
   [Last Exec: 0.0003347 secs, Idle: 0.1405087 secs, Blocked: 0/0.0000000 secs]
      [Inspected:             510]
         [Skipped:              0(  0.0%)]
         [Hashed:             385( 75.5%)]
         [Known:               53( 10.4%)]
         [New:                457( 89.6%)  34032.0B]
      [Deduplicated:          428( 93.7%)  24712.0B( 72.6%)]
         [Young:              428(100.0%)  24712.0B(100.0%)]
         [Old:                  0(  0.0%)      0.0B(  0.0%)]
   [Total Exec: 1392/0.8449604 secs, Idle: 1392/366025.3977536 secs, Blocked: 126/0.0886757 secs]
      [Inspected:         2872610]
         [Skipped:              0(  0.0%)]
         [Hashed:         1180071( 41.1%)]
         [Known:           180185(  6.3%)]
         [New:            2692425( 93.7%)    208.7M]
      [Deduplicated:      1887384( 70.1%)    125.2M( 60.0%)]
         [Young:           771002( 40.9%)  60888.9K( 47.5%)]
         [Old:            1116382( 59.1%)  67266.9K( 52.5%)]
   [Table]
      [Memory Usage: 8332.5K]
      [Size: 262144, Min: 1024, Max: 16777216]
      [Entries: 263683, Load: 100.6%, Cached: 4455, Added: 959805, Removed: 696122]
      [Resize Count: 8, Shrink Threshold: 174762(66.7%), Grow Threshold: 524288(200.0%)]
      [Rehash Count: 0, Rehash Threshold: 120, Hash Seed: 0x0]
      [Age Threshold: 3]
   [Queue]
      [Dropped: 0]
[GC concurrent-string-deduplication, deleted 0 entries, 0.0000009 secs]
2020-12-17T17:07:00.146+0530: 366026.716: [GC concurrent-root-region-scan-end, 0.0033515 secs]
2020-12-17T17:07:00.146+0530: 366026.716: [GC concurrent-mark-start]
2020-12-17T17:07:00.258+0530: 366026.828: [GC concurrent-mark-end, 0.1117393 secs]
2020-12-17T17:07:00.258+0530: 366026.828: [GC remark 2020-12-17T17:07:00.258+0530: 366026.828: [Finalize Marking, 0.0001534 secs] 2020-12-17T17:07:00.258+0530: 366026.829: [GC ref-proc, 0.0004866 secs] 2020-12-17T17:07:00.259+0530: 366026.829: [Unloading, 0.0272928 secs], 0.0286916 secs]
 [Times: user=0.28 sys=0.00, real=0.03 secs] 
2020-12-17T17:07:00.287+0530: 366026.858: [GC cleanup 190M->190M(267M), 0.0022208 secs]
 [Times: user=0.00 sys=0.00, real=0.00 secs] 
2020-12-17T17:07:03.180+0530: 366029.751: [GC pause (G1 Evacuation Pause) (young), 0.0084455 secs]
   [Parallel Time: 3.9 ms, GC Workers: 10]
      [GC Worker Start (ms): Min: 366029750.7, Avg: 366029750.7, Max: 366029750.8, Diff: 0.1]
      [Ext Root Scanning (ms): Min: 0.8, Avg: 1.1, Max: 1.9, Diff: 1.1, Sum: 10.7]
      [Update RS (ms): Min: 0.0, Avg: 0.7, Max: 1.3, Diff: 1.3, Sum: 6.6]
         [Processed Buffers: Min: 0, Avg: 2.8, Max: 13, Diff: 13, Sum: 28]
      [Scan RS (ms): Min: 0.0, Avg: 0.0, Max: 0.0, Diff: 0.0, Sum: 0.0]
      [Code Root Scanning (ms): Min: 0.0, Avg: 0.0, Max: 0.0, Diff: 0.0, Sum: 0.0]
      [Object Copy (ms): Min: 0.7, Avg: 1.5, Max: 1.8, Diff: 1.1, Sum: 14.7]
      [Termination (ms): Min: 0.0, Avg: 0.0, Max: 0.0, Diff: 0.0, Sum: 0.0]
         [Termination Attempts: Min: 1, Avg: 1.5, Max: 3, Diff: 2, Sum: 15]
      [GC Worker Other (ms): Min: 0.0, Avg: 0.0, Max: 0.0, Diff: 0.0, Sum: 0.2]
      [GC Worker Total (ms): Min: 3.2, Avg: 3.2, Max: 3.3, Diff: 0.1, Sum: 32.4]
      [GC Worker End (ms): Min: 366029754.0, Avg: 366029754.0, Max: 366029754.0, Diff: 0.0]
   [Code Root Fixup: 0.0 ms]
   [Code Root Purge: 0.0 ms]
   [String Dedup Fixup: 2.8 ms, GC Workers: 10]
      [Queue Fixup (ms): Min: 0.0, Avg: 0.0, Max: 0.0, Diff: 0.0, Sum: 0.0]
      [Table Fixup (ms): Min: 2.2, Avg: 2.3, Max: 2.4, Diff: 0.2, Sum: 22.5]
   [Clear CT: 0.7 ms]
   [Other: 1.1 ms]
      [Choose CSet: 0.0 ms]
      [Ref Proc: 0.4 ms]
      [Ref Enq: 0.0 ms]
      [Redirty Cards: 0.5 ms]
      [Humongous Register: 0.0 ms]
      [Humongous Reclaim: 0.0 ms]
      [Free CSet: 0.0 ms]
   [Eden: 44032.0K(44032.0K)->0.0B(7168.0K) Survivors: 5120.0K->6144.0K Heap: 233.2M(267.0M)->191.3M(267.0M)]
 [Times: user=0.00 sys=0.00, real=0.01 secs] 
2020-12-17T17:07:03.189+0530: 366029.760: [GC concurrent-string-deduplication, 96104.0B->90328.0B(5776.0B), avg 59.9%, 0.0004240 secs]
   [Last Exec: 0.0004240 secs, Idle: 3.0457563 secs, Blocked: 0/0.0000000 secs]
      [Inspected:            1718]
         [Skipped:              0(  0.0%)]
         [Hashed:            1714( 99.8%)]
         [Known:                0(  0.0%)]
         [New:               1718(100.0%)  96104.0B]
      [Deduplicated:          137(  8.0%)   5776.0B(  6.0%)]
         [Young:              137(100.0%)   5776.0B(100.0%)]
         [Old:                  0(  0.0%)      0.0B(  0.0%)]
   [Total Exec: 1393/0.8453844 secs, Idle: 1393/366028.4435099 secs, Blocked: 126/0.0886757 secs]
      [Inspected:         2874328]
         [Skipped:              0(  0.0%)]
         [Hashed:         1181785( 41.1%)]
         [Known:           180185(  6.3%)]
         [New:            2694143( 93.7%)    208.8M]
      [Deduplicated:      1887521( 70.1%)    125.2M( 59.9%)]
         [Young:           771139( 40.9%)  60894.5K( 47.5%)]
         [Old:            1116382( 59.1%)  67266.9K( 52.5%)]
   [Table]
      [Memory Usage: 8332.5K]
      [Size: 262144, Min: 1024, Max: 16777216]
      [Entries: 265351, Load: 101.2%, Cached: 2787, Added: 961541, Removed: 696190]
      [Resize Count: 8, Shrink Threshold: 174762(66.7%), Grow Threshold: 524288(200.0%)]
      [Rehash Count: 0, Rehash Threshold: 120, Hash Seed: 0x0]
      [Age Threshold: 3]
   [Queue]
      [Dropped: 0]
[GC concurrent-string-deduplication, deleted 0 entries, 0.0000006 secs]
2020-12-17T17:07:03.206+0530: 366029.776: [GC pause (G1 Evacuation Pause) (mixed), 0.0089281 secs]
   [Parallel Time: 4.3 ms, GC Workers: 10]
      [GC Worker Start (ms): Min: 366029776.3, Avg: 366029776.3, Max: 366029776.4, Diff: 0.1]
      [Ext Root Scanning (ms): Min: 0.7, Avg: 0.9, Max: 1.5, Diff: 0.7, Sum: 8.9]
      [Update RS (ms): Min: 0.0, Avg: 0.6, Max: 1.0, Diff: 1.0, Sum: 6.2]
         [Processed Buffers: Min: 0, Avg: 1.5, Max: 5, Diff: 5, Sum: 15]
      [Scan RS (ms): Min: 0.0, Avg: 0.1, Max: 0.4, Diff: 0.4, Sum: 1.4]
      [Code Root Scanning (ms): Min: 0.0, Avg: 0.0, Max: 0.0, Diff: 0.0, Sum: 0.0]
      [Object Copy (ms): Min: 1.5, Avg: 1.7, Max: 2.1, Diff: 0.7, Sum: 17.0]
      [Termination (ms): Min: 0.0, Avg: 0.4, Max: 0.4, Diff: 0.4, Sum: 3.6]
         [Termination Attempts: Min: 1, Avg: 1.0, Max: 1, Diff: 0, Sum: 10]
      [GC Worker Other (ms): Min: 0.0, Avg: 0.0, Max: 0.1, Diff: 0.0, Sum: 0.3]
      [GC Worker Total (ms): Min: 3.7, Avg: 3.8, Max: 3.8, Diff: 0.1, Sum: 37.6]
      [GC Worker End (ms): Min: 366029780.1, Avg: 366029780.1, Max: 366029780.1, Diff: 0.0]
   [Code Root Fixup: 0.0 ms]
   [Code Root Purge: 0.0 ms]
   [String Dedup Fixup: 2.8 ms, GC Workers: 10]
      [Queue Fixup (ms): Min: 0.0, Avg: 0.0, Max: 0.0, Diff: 0.0, Sum: 0.0]
      [Table Fixup (ms): Min: 2.5, Avg: 2.6, Max: 2.7, Diff: 0.2, Sum: 25.7]
   [Clear CT: 0.6 ms]
   [Other: 1.3 ms]
      [Choose CSet: 0.0 ms]
      [Ref Proc: 0.5 ms]
      [Ref Enq: 0.0 ms]
      [Redirty Cards: 0.6 ms]
      [Humongous Register: 0.0 ms]
      [Humongous Reclaim: 0.0 ms]
      [Free CSet: 0.0 ms]
   [Eden: 7168.0K(7168.0K)->0.0B(44032.0K) Survivors: 6144.0K->2048.0K Heap: 198.3M(267.0M)->190.5M(267.0M)]
 [Times: user=0.00 sys=0.00, real=0.01 secs] 
2020-12-17T17:07:03.216+0530: 366029.786: [GC concurrent-string-deduplication, 151.9K->146.9K(5128.0B), avg 59.9%, 0.0010235 secs]
   [Last Exec: 0.0010235 secs, Idle: 0.0256421 secs, Blocked: 0/0.0000000 secs]
      [Inspected:            2455]
         [Skipped:              0(  0.0%)]
         [Hashed:            2394( 97.5%)]
         [Known:               39(  1.6%)]
         [New:               2416( 98.4%)    151.9K]
      [Deduplicated:          116(  4.8%)   5128.0B(  3.3%)]
         [Young:                0(  0.0%)      0.0B(  0.0%)]
         [Old:                116(100.0%)   5128.0B(100.0%)]
   [Total Exec: 1394/0.8464079 secs, Idle: 1394/366028.4691520 secs, Blocked: 126/0.0886757 secs]
      [Inspected:         2876783]
         [Skipped:              0(  0.0%)]
         [Hashed:         1184179( 41.2%)]
         [Known:           180224(  6.3%)]
         [New:            2696559( 93.7%)    209.0M]
      [Deduplicated:      1887637( 70.0%)    125.2M( 59.9%)]
         [Young:           771139( 40.9%)  60894.5K( 47.5%)]
         [Old:            1116498( 59.1%)  67271.9K( 52.5%)]
   [Table]
      [Memory Usage: 8332.5K]
      [Size: 262144, Min: 1024, Max: 16777216]
      [Entries: 267651, Load: 102.1%, Cached: 487, Added: 963841, Removed: 696190]
      [Resize Count: 8, Shrink Threshold: 174762(66.7%), Grow Threshold: 524288(200.0%)]
      [Rehash Count: 0, Rehash Threshold: 120, Hash Seed: 0x0]
      [Age Threshold: 3]
   [Queue]
      [Dropped: 0]
[GC concurrent-string-deduplication, deleted 0 entries, 0.0000010 secs]
2020-12-17T17:07:03.613+0530: 366030.184: [GC pause (G1 Evacuation Pause) (young), 0.0076337 secs]
   [Parallel Time: 3.1 ms, GC Workers: 10]
      [GC Worker Start (ms): Min: 366030183.8, Avg: 366030183.9, Max: 366030183.9, Diff: 0.1]
      [Ext Root Scanning (ms): Min: 0.7, Avg: 0.8, Max: 1.4, Diff: 0.8, Sum: 7.9]
      [Update RS (ms): Min: 1.1, Avg: 1.6, Max: 2.2, Diff: 1.0, Sum: 16.0]
         [Processed Buffers: Min: 2, Avg: 4.6, Max: 7, Diff: 5, Sum: 46]
      [Scan RS (ms): Min: 0.0, Avg: 0.0, Max: 0.0, Diff: 0.0, Sum: 0.0]
      [Code Root Scanning (ms): Min: 0.0, Avg: 0.0, Max: 0.0, Diff: 0.0, Sum: 0.0]
      [Object Copy (ms): Min: 0.1, Avg: 0.2, Max: 0.4, Diff: 0.3, Sum: 2.3]
      [Termination (ms): Min: 0.0, Avg: 0.4, Max: 0.4, Diff: 0.4, Sum: 3.8]
         [Termination Attempts: Min: 1, Avg: 4.7, Max: 9, Diff: 8, Sum: 47]
      [GC Worker Other (ms): Min: 0.0, Avg: 0.0, Max: 0.0, Diff: 0.0, Sum: 0.2]
      [GC Worker Total (ms): Min: 3.0, Avg: 3.0, Max: 3.0, Diff: 0.1, Sum: 30.2]
      [GC Worker End (ms): Min: 366030186.9, Avg: 366030186.9, Max: 366030186.9, Diff: 0.0]
   [Code Root Fixup: 0.0 ms]
   [Code Root Purge: 0.0 ms]
   [String Dedup Fixup: 2.7 ms, GC Workers: 10]
      [Queue Fixup (ms): Min: 0.0, Avg: 0.0, Max: 0.0, Diff: 0.0, Sum: 0.0]
      [Table Fixup (ms): Min: 2.2, Avg: 2.2, Max: 2.3, Diff: 0.1, Sum: 22.3]
   [Clear CT: 0.8 ms]
   [Other: 1.1 ms]
      [Choose CSet: 0.0 ms]
      [Ref Proc: 0.5 ms]
      [Ref Enq: 0.0 ms]
      [Redirty Cards: 0.5 ms]
      [Humongous Register: 0.0 ms]
      [Humongous Reclaim: 0.0 ms]
      [Free CSet: 0.0 ms]
   [Eden: 44032.0K(44032.0K)->0.0B(46080.0K) Survivors: 2048.0K->1024.0K Heap: 233.5M(267.0M)->189.4M(267.0M)]
 [Times: user=0.00 sys=0.00, real=0.01 secs] 
2020-12-17T17:07:03.621+0530: 366030.192: [GC concurrent-string-deduplication, 7840.0B->2312.0B(5528.0B), avg 59.9%, 0.0000681 secs]
   [Last Exec: 0.0000681 secs, Idle: 0.4051750 secs, Blocked: 0/0.0000000 secs]
      [Inspected:             204]
         [Skipped:              0(  0.0%)]
         [Hashed:              62( 30.4%)]
         [Known:              127( 62.3%)]
         [New:                 77( 37.7%)   7840.0B]
      [Deduplicated:           57( 74.0%)   5528.0B( 70.5%)]
         [Young:               57(100.0%)   5528.0B(100.0%)]
         [Old:                  0(  0.0%)      0.0B(  0.0%)]
   [Total Exec: 1395/0.8464760 secs, Idle: 1395/366028.8743270 secs, Blocked: 126/0.0886757 secs]
      [Inspected:         2876987]
         [Skipped:              0(  0.0%)]
         [Hashed:         1184241( 41.2%)]
         [Known:           180351(  6.3%)]
         [New:            2696636( 93.7%)    209.0M]
      [Deduplicated:      1887694( 70.0%)    125.2M( 59.9%)]
         [Young:           771196( 40.9%)  60899.9K( 47.5%)]
         [Old:            1116498( 59.1%)  67271.9K( 52.5%)]
   [Table]
      [Memory Usage: 8332.5K]
      [Size: 262144, Min: 1024, Max: 16777216]
      [Entries: 267695, Load: 102.1%, Cached: 443, Added: 963885, Removed: 696190]
      [Resize Count: 8, Shrink Threshold: 174762(66.7%), Grow Threshold: 524288(200.0%)]
      [Rehash Count: 0, Rehash Threshold: 120, Hash Seed: 0x0]
      [Age Threshold: 3]
   [Queue]
      [Dropped: 0]
[GC concurrent-string-deduplication, deleted 0 entries, 0.0000007 secs]
2020-12-17T17:07:03.924+0530: 366030.495: [GC pause (G1 Evacuation Pause) (young) (initial-mark), 0.0087693 secs]
   [Parallel Time: 3.1 ms, GC Workers: 10]
      [GC Worker Start (ms): Min: 366030495.1, Avg: 366030495.2, Max: 366030495.2, Diff: 0.1]
      [Ext Root Scanning (ms): Min: 1.6, Avg: 1.7, Max: 1.9, Diff: 0.3, Sum: 17.1]
      [Update RS (ms): Min: 0.2, Avg: 0.4, Max: 0.7, Diff: 0.6, Sum: 3.7]
         [Processed Buffers: Min: 1, Avg: 3.5, Max: 8, Diff: 7, Sum: 35]
      [Scan RS (ms): Min: 0.0, Avg: 0.0, Max: 0.0, Diff: 0.0, Sum: 0.1]
      [Code Root Scanning (ms): Min: 0.0, Avg: 0.0, Max: 0.0, Diff: 0.0, Sum: 0.0]
      [Object Copy (ms): Min: 0.2, Avg: 0.4, Max: 0.5, Diff: 0.3, Sum: 3.5]
      [Termination (ms): Min: 0.0, Avg: 0.2, Max: 0.2, Diff: 0.2, Sum: 2.1]
         [Termination Attempts: Min: 1, Avg: 4.5, Max: 9, Diff: 8, Sum: 45]
      [GC Worker Other (ms): Min: 0.0, Avg: 0.0, Max: 0.0, Diff: 0.0, Sum: 0.2]
      [GC Worker Total (ms): Min: 2.6, Avg: 2.7, Max: 2.7, Diff: 0.1, Sum: 26.7]
      [GC Worker End (ms): Min: 366030497.9, Avg: 366030497.9, Max: 366030497.9, Diff: 0.0]
   [Code Root Fixup: 0.0 ms]
   [Code Root Purge: 0.0 ms]
   [String Dedup Fixup: 4.1 ms, GC Workers: 10]
      [Queue Fixup (ms): Min: 0.0, Avg: 0.0, Max: 0.0, Diff: 0.0, Sum: 0.0]
      [Table Fixup (ms): Min: 3.4, Avg: 3.6, Max: 3.8, Diff: 0.4, Sum: 35.6]
   [Clear CT: 0.8 ms]
   [Other: 0.8 ms]
      [Choose CSet: 0.0 ms]
      [Ref Proc: 0.3 ms]
      [Ref Enq: 0.0 ms]
      [Redirty Cards: 0.4 ms]
      [Humongous Register: 0.0 ms]
      [Humongous Reclaim: 0.0 ms]
      [Free CSet: 0.0 ms]
   [Eden: 46080.0K(46080.0K)->0.0B(47104.0K) Survivors: 1024.0K->1024.0K Heap: 234.4M(267.0M)->189.1M(267.0M)]
 [Times: user=0.00 sys=0.00, real=0.01 secs] 
2020-12-17T17:07:03.933+0530: 366030.504: [GC concurrent-root-region-scan-start]
2020-12-17T17:07:03.933+0530: 366030.504: [GC concurrent-string-deduplication, 96.0B->48.0B(48.0B), avg 59.9%, 0.0000162 secs]
   [Last Exec: 0.0000162 secs, Idle: 0.3122935 secs, Blocked: 0/0.0000000 secs]
      [Inspected:               3]
         [Skipped:              0(  0.0%)]
         [Hashed:               0(  0.0%)]
         [Known:                0(  0.0%)]
         [New:                  3(100.0%)     96.0B]
      [Deduplicated:            2( 66.7%)     48.0B( 50.0%)]
         [Young:                2(100.0%)     48.0B(100.0%)]
         [Old:                  0(  0.0%)      0.0B(  0.0%)]
   [Total Exec: 1396/0.8464922 secs, Idle: 1396/366029.1866205 secs, Blocked: 126/0.0886757 secs]
      [Inspected:         2876990]
         [Skipped:              0(  0.0%)]
         [Hashed:         1184241( 41.2%)]
         [Known:           180351(  6.3%)]
         [New:            2696639( 93.7%)    209.0M]
      [Deduplicated:      1887696( 70.0%)    125.2M( 59.9%)]
         [Young:           771198( 40.9%)  60900.0K( 47.5%)]
         [Old:            1116498( 59.1%)  67271.9K( 52.5%)]
   [Table]
      [Memory Usage: 8332.5K]
      [Size: 262144, Min: 1024, Max: 16777216]
      [Entries: 267707, Load: 102.1%, Cached: 431, Added: 963899, Removed: 696192]
      [Resize Count: 8, Shrink Threshold: 174762(66.7%), Grow Threshold: 524288(200.0%)]
      [Rehash Count: 0, Rehash Threshold: 120, Hash Seed: 0x0]
      [Age Threshold: 3]
   [Queue]
      [Dropped: 0]
[GC concurrent-string-deduplication, deleted 0 entries, 0.0000018 secs]
2020-12-17T17:07:03.935+0530: 366030.506: [GC concurrent-root-region-scan-end, 0.0020627 secs]
2020-12-17T17:07:03.936+0530: 366030.506: [GC concurrent-mark-start]
2020-12-17T17:07:04.045+0530: 366030.616: [GC concurrent-mark-end, 0.1095434 secs]
2020-12-17T17:07:04.046+0530: 366030.616: [GC remark 2020-12-17T17:07:04.046+0530: 366030.616: [Finalize Marking, 0.0004746 secs] 2020-12-17T17:07:04.046+0530: 366030.617: [GC ref-proc, 0.0007158 secs] 2020-12-17T17:07:04.047+0530: 366030.617: [Unloading, 0.0208264 secs], 0.0226175 secs]
 [Times: user=0.16 sys=0.01, real=0.02 secs] 
2020-12-17T17:07:04.069+0530: 366030.639: [GC cleanup 207M->207M(267M), 0.0020305 secs]
 [Times: user=0.00 sys=0.00, real=0.00 secs] 
2020-12-17T17:07:04.327+0530: 366030.897: [GC pause (G1 Evacuation Pause) (young), 0.0053156 secs]
   [Parallel Time: 1.6 ms, GC Workers: 10]
      [GC Worker Start (ms): Min: 366030897.4, Avg: 366030897.4, Max: 366030897.5, Diff: 0.1]
      [Ext Root Scanning (ms): Min: 0.7, Avg: 0.8, Max: 1.3, Diff: 0.7, Sum: 7.8]
      [Update RS (ms): Min: 0.0, Avg: 0.3, Max: 0.6, Diff: 0.6, Sum: 2.8]
         [Processed Buffers: Min: 0, Avg: 2.4, Max: 8, Diff: 8, Sum: 24]
      [Scan RS (ms): Min: 0.0, Avg: 0.0, Max: 0.0, Diff: 0.0, Sum: 0.0]
      [Code Root Scanning (ms): Min: 0.0, Avg: 0.0, Max: 0.0, Diff: 0.0, Sum: 0.0]
      [Object Copy (ms): Min: 0.0, Avg: 0.2, Max: 0.4, Diff: 0.4, Sum: 2.4]
      [Termination (ms): Min: 0.0, Avg: 0.1, Max: 0.1, Diff: 0.1, Sum: 1.1]
         [Termination Attempts: Min: 1, Avg: 8.5, Max: 16, Diff: 15, Sum: 85]
      [GC Worker Other (ms): Min: 0.0, Avg: 0.0, Max: 0.0, Diff: 0.0, Sum: 0.1]
      [GC Worker Total (ms): Min: 1.4, Avg: 1.4, Max: 1.5, Diff: 0.1, Sum: 14.2]
      [GC Worker End (ms): Min: 366030898.8, Avg: 366030898.8, Max: 366030898.9, Diff: 0.0]
   [Code Root Fixup: 0.0 ms]
   [Code Root Purge: 0.0 ms]
   [String Dedup Fixup: 2.6 ms, GC Workers: 10]
      [Queue Fixup (ms): Min: 0.0, Avg: 0.0, Max: 0.0, Diff: 0.0, Sum: 0.0]
      [Table Fixup (ms): Min: 2.4, Avg: 2.5, Max: 2.5, Diff: 0.1, Sum: 24.7]
   [Clear CT: 0.4 ms]
   [Other: 0.6 ms]
      [Choose CSet: 0.0 ms]
      [Ref Proc: 0.1 ms]
      [Ref Enq: 0.0 ms]
      [Redirty Cards: 0.4 ms]
      [Humongous Register: 0.0 ms]
      [Humongous Reclaim: 0.0 ms]
      [Free CSet: 0.0 ms]
   [Eden: 47104.0K(47104.0K)->0.0B(12288.0K) Survivors: 1024.0K->1024.0K Heap: 235.1M(267.0M)->189.2M(267.0M)]
 [Times: user=0.13 sys=0.02, real=0.01 secs] 
2020-12-17T17:07:04.332+0530: 366030.903: [GC concurrent-string-deduplication, 17768.0B->2528.0B(15240.0B), avg 59.9%, 0.0000925 secs]
   [Last Exec: 0.0000925 secs, Idle: 0.3987183 secs, Blocked: 0/0.0000000 secs]
      [Inspected:             582]
         [Skipped:              0(  0.0%)]
         [Hashed:             338( 58.1%)]
         [Known:               25(  4.3%)]
         [New:                557( 95.7%)  17768.0B]
      [Deduplicated:          503( 90.3%)  15240.0B( 85.8%)]
         [Young:              503(100.0%)  15240.0B(100.0%)]
         [Old:                  0(  0.0%)      0.0B(  0.0%)]
   [Total Exec: 1397/0.8465847 secs, Idle: 1397/366029.5853388 secs, Blocked: 126/0.0886757 secs]
      [Inspected:         2877572]
         [Skipped:              0(  0.0%)]
         [Hashed:         1184579( 41.2%)]
         [Known:           180376(  6.3%)]
         [New:            2697196( 93.7%)    209.0M]
      [Deduplicated:      1888199( 70.0%)    125.2M( 59.9%)]
         [Young:           771701( 40.9%)  60914.9K( 47.5%)]
         [Old:            1116498( 59.1%)  67271.9K( 52.5%)]
   [Table]
      [Memory Usage: 8332.5K]
      [Size: 262144, Min: 1024, Max: 16777216]
      [Entries: 262289, Load: 100.1%, Cached: 5849, Added: 963993, Removed: 701704]
      [Resize Count: 8, Shrink Threshold: 174762(66.7%), Grow Threshold: 524288(200.0%)]
      [Rehash Count: 0, Rehash Threshold: 120, Hash Seed: 0x0]
      [Age Threshold: 3]
   [Queue]
      [Dropped: 0]
[GC concurrent-string-deduplication, deleted 0 entries, 0.0000007 secs]
2020-12-17T17:07:04.467+0530: 366031.037: [GC pause (G1 Evacuation Pause) (mixed), 0.0095022 secs]
   [Parallel Time: 4.7 ms, GC Workers: 10]
      [GC Worker Start (ms): Min: 366031037.4, Avg: 366031037.5, Max: 366031037.5, Diff: 0.1]
      [Ext Root Scanning (ms): Min: 0.9, Avg: 1.2, Max: 3.3, Diff: 2.4, Sum: 12.5]
      [Update RS (ms): Min: 0.0, Avg: 0.3, Max: 0.9, Diff: 0.9, Sum: 3.4]
         [Processed Buffers: Min: 0, Avg: 1.6, Max: 5, Diff: 5, Sum: 16]
      [Scan RS (ms): Min: 0.0, Avg: 0.4, Max: 0.6, Diff: 0.6, Sum: 3.5]
      [Code Root Scanning (ms): Min: 0.0, Avg: 0.0, Max: 0.1, Diff: 0.1, Sum: 0.1]
      [Object Copy (ms): Min: 1.0, Avg: 2.3, Max: 2.5, Diff: 1.5, Sum: 22.8]
      [Termination (ms): Min: 0.0, Avg: 0.0, Max: 0.0, Diff: 0.0, Sum: 0.0]
         [Termination Attempts: Min: 1, Avg: 3.4, Max: 7, Diff: 6, Sum: 34]
      [GC Worker Other (ms): Min: 0.0, Avg: 0.0, Max: 0.0, Diff: 0.0, Sum: 0.2]
      [GC Worker Total (ms): Min: 4.2, Avg: 4.2, Max: 4.3, Diff: 0.1, Sum: 42.4]
      [GC Worker End (ms): Min: 366031041.7, Avg: 366031041.7, Max: 366031041.7, Diff: 0.0]
   [Code Root Fixup: 0.0 ms]
   [Code Root Purge: 0.0 ms]
   [String Dedup Fixup: 3.0 ms, GC Workers: 10]
      [Queue Fixup (ms): Min: 0.0, Avg: 0.0, Max: 0.0, Diff: 0.0, Sum: 0.0]
      [Table Fixup (ms): Min: 2.4, Avg: 2.5, Max: 2.6, Diff: 0.1, Sum: 25.1]
   [Clear CT: 0.5 ms]
   [Other: 1.4 ms]
      [Choose CSet: 0.0 ms]
      [Ref Proc: 0.6 ms]
      [Ref Enq: 0.0 ms]
      [Redirty Cards: 0.6 ms]
      [Humongous Register: 0.0 ms]
      [Humongous Reclaim: 0.0 ms]
      [Free CSet: 0.0 ms]
   [Eden: 12288.0K(12288.0K)->0.0B(50176.0K) Survivors: 1024.0K->1024.0K Heap: 201.2M(267.0M)->185.5M(267.0M)]
 [Times: user=0.16 sys=0.00, real=0.01 secs] 
2020-12-17T17:07:04.477+0530: 366031.047: [GC concurrent-string-deduplication, 6496.0B->4048.0B(2448.0B), avg 59.9%, 0.0000344 secs]
   [Last Exec: 0.0000344 secs, Idle: 0.1441156 secs, Blocked: 0/0.0000000 secs]
      [Inspected:              50]
         [Skipped:              0(  0.0%)]
         [Hashed:              22( 44.0%)]
         [Known:               13( 26.0%)]
         [New:                 37( 74.0%)   6496.0B]
      [Deduplicated:           18( 48.6%)   2448.0B( 37.7%)]
         [Young:               18(100.0%)   2448.0B(100.0%)]
         [Old:                  0(  0.0%)      0.0B(  0.0%)]
   [Total Exec: 1398/0.8466191 secs, Idle: 1398/366029.7294544 secs, Blocked: 126/0.0886757 secs]
      [Inspected:         2877622]
         [Skipped:              0(  0.0%)]
         [Hashed:         1184601( 41.2%)]
         [Known:           180389(  6.3%)]
         [New:            2697233( 93.7%)    209.0M]
      [Deduplicated:      1888217( 70.0%)    125.2M( 59.9%)]
         [Young:           771719( 40.9%)  60917.3K( 47.5%)]
         [Old:            1116498( 59.1%)  67271.9K( 52.5%)]
   [Table]
      [Memory Usage: 8332.5K]
      [Size: 262144, Min: 1024, Max: 16777216]
      [Entries: 262247, Load: 100.0%, Cached: 5891, Added: 964020, Removed: 701773]
      [Resize Count: 8, Shrink Threshold: 174762(66.7%), Grow Threshold: 524288(200.0%)]
      [Rehash Count: 0, Rehash Threshold: 120, Hash Seed: 0x0]
      [Age Threshold: 3]
   [Queue]
      [Dropped: 0]
[GC concurrent-string-deduplication, deleted 0 entries, 0.0000007 secs]
2020-12-17T17:07:43.787+0530: 366070.358: [GC pause (G1 Evacuation Pause) (young), 0.0081640 secs]
   [Parallel Time: 3.7 ms, GC Workers: 10]
      [GC Worker Start (ms): Min: 366070358.0, Avg: 366070358.0, Max: 366070358.1, Diff: 0.1]
      [Ext Root Scanning (ms): Min: 0.7, Avg: 0.9, Max: 2.2, Diff: 1.5, Sum: 9.4]
      [Update RS (ms): Min: 0.4, Avg: 1.6, Max: 2.0, Diff: 1.6, Sum: 16.0]
         [Processed Buffers: Min: 3, Avg: 6.5, Max: 12, Diff: 9, Sum: 65]
      [Scan RS (ms): Min: 0.0, Avg: 0.0, Max: 0.0, Diff: 0.0, Sum: 0.0]
      [Code Root Scanning (ms): Min: 0.0, Avg: 0.0, Max: 0.0, Diff: 0.0, Sum: 0.0]
      [Object Copy (ms): Min: 0.5, Avg: 0.7, Max: 0.8, Diff: 0.3, Sum: 6.8]
      [Termination (ms): Min: 0.0, Avg: 0.0, Max: 0.0, Diff: 0.0, Sum: 0.1]
         [Termination Attempts: Min: 1, Avg: 1.0, Max: 1, Diff: 0, Sum: 10]
      [GC Worker Other (ms): Min: 0.0, Avg: 0.0, Max: 0.0, Diff: 0.0, Sum: 0.2]
      [GC Worker Total (ms): Min: 3.2, Avg: 3.3, Max: 3.3, Diff: 0.1, Sum: 32.5]
      [GC Worker End (ms): Min: 366070361.3, Avg: 366070361.3, Max: 366070361.3, Diff: 0.0]
   [Code Root Fixup: 0.0 ms]
   [Code Root Purge: 0.0 ms]
   [String Dedup Fixup: 2.6 ms, GC Workers: 10]
      [Queue Fixup (ms): Min: 0.0, Avg: 0.0, Max: 0.0, Diff: 0.0, Sum: 0.0]
      [Table Fixup (ms): Min: 2.2, Avg: 2.2, Max: 2.3, Diff: 0.1, Sum: 22.4]
   [Clear CT: 0.7 ms]
   [Other: 1.1 ms]
      [Choose CSet: 0.0 ms]
      [Ref Proc: 0.5 ms]
      [Ref Enq: 0.0 ms]
      [Redirty Cards: 0.5 ms]
      [Humongous Register: 0.0 ms]
      [Humongous Reclaim: 0.0 ms]
      [Free CSet: 0.0 ms]
   [Eden: 50176.0K(50176.0K)->0.0B(49152.0K) Survivors: 1024.0K->2048.0K Heap: 234.5M(267.0M)->186.7M(267.0M)]
 [Times: user=0.00 sys=0.00, real=0.01 secs] 
2020-12-17T17:07:43.796+0530: 366070.366: [GC concurrent-string-deduplication, 1440.0B->288.0B(1152.0B), avg 59.9%, 0.0000284 secs]
   [Last Exec: 0.0000284 secs, Idle: 39.3190839 secs, Blocked: 0/0.0000000 secs]
      [Inspected:              87]
         [Skipped:              0(  0.0%)]
         [Hashed:              15( 17.2%)]
         [Known:               45( 51.7%)]
         [New:                 42( 48.3%)   1440.0B]
      [Deduplicated:           37( 88.1%)   1152.0B( 80.0%)]
         [Young:               37(100.0%)   1152.0B(100.0%)]
         [Old:                  0(  0.0%)      0.0B(  0.0%)]
   [Total Exec: 1399/0.8466475 secs, Idle: 1399/366069.0485383 secs, Blocked: 126/0.0886757 secs]
      [Inspected:         2877709]
         [Skipped:              0(  0.0%)]
         [Hashed:         1184616( 41.2%)]
         [Known:           180434(  6.3%)]
         [New:            2697275( 93.7%)    209.0M]
      [Deduplicated:      1888254( 70.0%)    125.2M( 59.9%)]
         [Young:           771756( 40.9%)  60918.4K( 47.5%)]
         [Old:            1116498( 59.1%)  67271.9K( 52.5%)]
   [Table]
      [Memory Usage: 8332.5K]
      [Size: 262144, Min: 1024, Max: 16777216]
      [Entries: 262354, Load: 100.1%, Cached: 5784, Added: 964133, Removed: 701779]
      [Resize Count: 8, Shrink Threshold: 174762(66.7%), Grow Threshold: 524288(200.0%)]
      [Rehash Count: 0, Rehash Threshold: 120, Hash Seed: 0x0]
      [Age Threshold: 3]
   [Queue]
      [Dropped: 0]
[GC concurrent-string-deduplication, deleted 0 entries, 0.0000006 secs]
2020-12-17T17:07:44.241+0530: 366070.812: [GC pause (G1 Evacuation Pause) (young) (initial-mark), 0.0075836 secs]
   [Parallel Time: 3.0 ms, GC Workers: 10]
      [GC Worker Start (ms): Min: 366070812.2, Avg: 366070812.2, Max: 366070812.3, Diff: 0.1]
      [Ext Root Scanning (ms): Min: 1.5, Avg: 1.6, Max: 1.7, Diff: 0.2, Sum: 15.9]
      [Update RS (ms): Min: 0.0, Avg: 0.4, Max: 1.0, Diff: 1.0, Sum: 3.7]
         [Processed Buffers: Min: 1, Avg: 1.6, Max: 4, Diff: 3, Sum: 16]
      [Scan RS (ms): Min: 0.0, Avg: 0.0, Max: 0.0, Diff: 0.0, Sum: 0.1]
      [Code Root Scanning (ms): Min: 0.0, Avg: 0.0, Max: 0.0, Diff: 0.0, Sum: 0.0]
      [Object Copy (ms): Min: 0.2, Avg: 0.6, Max: 0.8, Diff: 0.6, Sum: 5.6]
      [Termination (ms): Min: 0.0, Avg: 0.2, Max: 0.3, Diff: 0.3, Sum: 2.5]
         [Termination Attempts: Min: 1, Avg: 5.8, Max: 11, Diff: 10, Sum: 58]
      [GC Worker Other (ms): Min: 0.0, Avg: 0.0, Max: 0.0, Diff: 0.0, Sum: 0.1]
      [GC Worker Total (ms): Min: 2.7, Avg: 2.8, Max: 2.9, Diff: 0.1, Sum: 27.8]
      [GC Worker End (ms): Min: 366070815.0, Avg: 366070815.0, Max: 366070815.0, Diff: 0.0]
   [Code Root Fixup: 0.0 ms]
   [Code Root Purge: 0.0 ms]
   [String Dedup Fixup: 3.0 ms, GC Workers: 10]
      [Queue Fixup (ms): Min: 0.0, Avg: 0.0, Max: 0.0, Diff: 0.0, Sum: 0.0]
      [Table Fixup (ms): Min: 2.5, Avg: 2.6, Max: 2.7, Diff: 0.2, Sum: 25.7]
   [Clear CT: 0.4 ms]
   [Other: 1.1 ms]
      [Choose CSet: 0.0 ms]
      [Ref Proc: 0.6 ms]
      [Ref Enq: 0.0 ms]
      [Redirty Cards: 0.4 ms]
      [Humongous Register: 0.0 ms]
      [Humongous Reclaim: 0.0 ms]
      [Free CSet: 0.0 ms]
   [Eden: 49152.0K(49152.0K)->0.0B(50176.0K) Survivors: 2048.0K->2048.0K Heap: 234.7M(267.0M)->187.0M(267.0M)]
 [Times: user=0.00 sys=0.00, real=0.01 secs] 
2020-12-17T17:07:44.249+0530: 366070.820: [GC concurrent-root-region-scan-start]
2020-12-17T17:07:44.249+0530: 366070.820: [GC concurrent-string-deduplication, 1240.0B->104.0B(1136.0B), avg 59.9%, 0.0000285 secs]
   [Last Exec: 0.0000285 secs, Idle: 0.4535049 secs, Blocked: 0/0.0000000 secs]
      [Inspected:              49]
         [Skipped:              0(  0.0%)]
         [Hashed:              15( 30.6%)]
         [Known:                9( 18.4%)]
         [New:                 40( 81.6%)   1240.0B]
      [Deduplicated:           39( 97.5%)   1136.0B( 91.6%)]
         [Young:               39(100.0%)   1136.0B(100.0%)]
         [Old:                  0(  0.0%)      0.0B(  0.0%)]
   [Total Exec: 1400/0.8466760 secs, Idle: 1400/366069.5020432 secs, Blocked: 126/0.0886757 secs]
      [Inspected:         2877758]
         [Skipped:              0(  0.0%)]
         [Hashed:         1184631( 41.2%)]
         [Known:           180443(  6.3%)]
         [New:            2697315( 93.7%)    209.0M]
      [Deduplicated:      1888293( 70.0%)    125.2M( 59.9%)]
         [Young:           771795( 40.9%)  60919.5K( 47.5%)]
         [Old:            1116498( 59.1%)  67271.9K( 52.5%)]
   [Table]
      [Memory Usage: 8332.5K]
      [Size: 262144, Min: 1024, Max: 16777216]
      [Entries: 262421, Load: 100.1%, Cached: 5717, Added: 964200, Removed: 701779]
      [Resize Count: 8, Shrink Threshold: 174762(66.7%), Grow Threshold: 524288(200.0%)]
      [Rehash Count: 0, Rehash Threshold: 120, Hash Seed: 0x0]
      [Age Threshold: 3]
   [Queue]
      [Dropped: 0]
[GC concurrent-string-deduplication, deleted 0 entries, 0.0000006 secs]
2020-12-17T17:07:44.251+0530: 366070.822: [GC concurrent-root-region-scan-end, 0.0018124 secs]
2020-12-17T17:07:44.251+0530: 366070.822: [GC concurrent-mark-start]
2020-12-17T17:07:44.340+0530: 366070.911: [GC concurrent-mark-end, 0.0892256 secs]
2020-12-17T17:07:44.341+0530: 366070.911: [GC remark 2020-12-17T17:07:44.341+0530: 366070.911: [Finalize Marking, 0.0004365 secs] 2020-12-17T17:07:44.341+0530: 366070.912: [GC ref-proc, 0.0005060 secs] 2020-12-17T17:07:44.342+0530: 366070.912: [Unloading, 0.0231880 secs], 0.0249582 secs]
 [Times: user=0.31 sys=0.00, real=0.02 secs] 
2020-12-17T17:07:44.366+0530: 366070.937: [GC cleanup 191M->191M(267M), 0.0022001 secs]
 [Times: user=0.00 sys=0.00, real=0.00 secs] 
2020-12-17T17:07:44.730+0530: 366071.301: [GC pause (G1 Evacuation Pause) (young), 0.0086074 secs]
   [Parallel Time: 3.5 ms, GC Workers: 10]
      [GC Worker Start (ms): Min: 366071300.7, Avg: 366071300.7, Max: 366071300.8, Diff: 0.1]
      [Ext Root Scanning (ms): Min: 1.5, Avg: 1.9, Max: 3.4, Diff: 1.9, Sum: 18.8]
      [Update RS (ms): Min: 0.0, Avg: 0.7, Max: 1.5, Diff: 1.5, Sum: 7.3]
         [Processed Buffers: Min: 0, Avg: 2.0, Max: 8, Diff: 8, Sum: 20]
      [Scan RS (ms): Min: 0.0, Avg: 0.0, Max: 0.0, Diff: 0.0, Sum: 0.1]
      [Code Root Scanning (ms): Min: 0.0, Avg: 0.0, Max: 0.0, Diff: 0.0, Sum: 0.0]
      [Object Copy (ms): Min: 0.0, Avg: 0.7, Max: 0.9, Diff: 0.9, Sum: 6.9]
      [Termination (ms): Min: 0.0, Avg: 0.1, Max: 0.1, Diff: 0.1, Sum: 0.6]
         [Termination Attempts: Min: 1, Avg: 3.0, Max: 5, Diff: 4, Sum: 30]
      [GC Worker Other (ms): Min: 0.0, Avg: 0.0, Max: 0.0, Diff: 0.0, Sum: 0.2]
      [GC Worker Total (ms): Min: 3.3, Avg: 3.4, Max: 3.5, Diff: 0.1, Sum: 33.9]
      [GC Worker End (ms): Min: 366071304.1, Avg: 366071304.1, Max: 366071304.2, Diff: 0.0]
   [Code Root Fixup: 0.0 ms]
   [Code Root Purge: 0.0 ms]
   [String Dedup Fixup: 3.3 ms, GC Workers: 10]
      [Queue Fixup (ms): Min: 0.0, Avg: 0.0, Max: 0.0, Diff: 0.0, Sum: 0.0]
      [Table Fixup (ms): Min: 2.9, Avg: 3.0, Max: 3.2, Diff: 0.3, Sum: 30.4]
   [Clear CT: 0.6 ms]
   [Other: 1.2 ms]
      [Choose CSet: 0.0 ms]
      [Ref Proc: 0.4 ms]
      [Ref Enq: 0.0 ms]
      [Redirty Cards: 0.6 ms]
      [Humongous Register: 0.0 ms]
      [Humongous Reclaim: 0.0 ms]
      [Free CSet: 0.0 ms]
   [Eden: 50176.0K(50176.0K)->0.0B(11264.0K) Survivors: 2048.0K->2048.0K Heap: 236.0M(267.0M)->187.0M(267.0M)]
 [Times: user=0.14 sys=0.00, real=0.01 secs] 
2020-12-17T17:07:44.741+0530: 366071.311: [GC concurrent-string-deduplication, 123.7K->6904.0B(116.9K), avg 59.9%, 0.0016825 secs]
   [Last Exec: 0.0016825 secs, Idle: 0.4895815 secs, Blocked: 0/0.0000000 secs]
      [Inspected:            3007]
         [Skipped:              0(  0.0%)]
         [Hashed:            1774( 59.0%)]
         [Known:              113(  3.8%)]
         [New:               2894( 96.2%)    123.7K]
      [Deduplicated:         2839( 98.1%)    116.9K( 94.5%)]
         [Young:             2839(100.0%)    116.9K(100.0%)]
         [Old:                  0(  0.0%)      0.0B(  0.0%)]
   [Total Exec: 1401/0.8483585 secs, Idle: 1401/366069.9916247 secs, Blocked: 126/0.0886757 secs]
      [Inspected:         2880765]
         [Skipped:              0(  0.0%)]
         [Hashed:         1186405( 41.2%)]
         [Known:           180556(  6.3%)]
         [New:            2700209( 93.7%)    209.1M]
      [Deduplicated:      1891132( 70.0%)    125.3M( 59.9%)]
         [Young:           774634( 41.0%)  61036.4K( 47.6%)]
         [Old:            1116498( 59.0%)  67271.9K( 52.4%)]
   [Table]
      [Memory Usage: 8332.5K]
      [Size: 262144, Min: 1024, Max: 16777216]
      [Entries: 262025, Load: 100.0%, Cached: 6113, Added: 964256, Removed: 702231]
      [Resize Count: 8, Shrink Threshold: 174762(66.7%), Grow Threshold: 524288(200.0%)]
      [Rehash Count: 0, Rehash Threshold: 120, Hash Seed: 0x0]
      [Age Threshold: 3]
   [Queue]
      [Dropped: 0]
[GC concurrent-string-deduplication, deleted 0 entries, 0.0000006 secs]
2020-12-17T17:07:44.755+0530: 366071.326: [GC pause (G1 Evacuation Pause) (mixed), 0.0079408 secs]
   [Parallel Time: 2.8 ms, GC Workers: 10]
      [GC Worker Start (ms): Min: 366071326.0, Avg: 366071326.0, Max: 366071326.1, Diff: 0.1]
      [Ext Root Scanning (ms): Min: 0.8, Avg: 1.0, Max: 1.8, Diff: 1.1, Sum: 10.2]
      [Update RS (ms): Min: 0.0, Avg: 0.3, Max: 0.5, Diff: 0.5, Sum: 2.8]
         [Processed Buffers: Min: 0, Avg: 1.2, Max: 2, Diff: 2, Sum: 12]
      [Scan RS (ms): Min: 0.0, Avg: 0.3, Max: 0.5, Diff: 0.5, Sum: 2.6]
      [Code Root Scanning (ms): Min: 0.0, Avg: 0.0, Max: 0.0, Diff: 0.0, Sum: 0.1]
      [Object Copy (ms): Min: 0.9, Avg: 1.1, Max: 1.2, Diff: 0.3, Sum: 11.2]
      [Termination (ms): Min: 0.0, Avg: 0.0, Max: 0.0, Diff: 0.0, Sum: 0.0]
         [Termination Attempts: Min: 1, Avg: 1.3, Max: 3, Diff: 2, Sum: 13]
      [GC Worker Other (ms): Min: 0.0, Avg: 0.0, Max: 0.0, Diff: 0.0, Sum: 0.1]
      [GC Worker Total (ms): Min: 2.6, Avg: 2.7, Max: 2.8, Diff: 0.1, Sum: 27.0]
      [GC Worker End (ms): Min: 366071328.7, Avg: 366071328.7, Max: 366071328.7, Diff: 0.0]
   [Code Root Fixup: 0.0 ms]
   [Code Root Purge: 0.0 ms]
   [String Dedup Fixup: 2.6 ms, GC Workers: 10]
      [Queue Fixup (ms): Min: 0.0, Avg: 0.0, Max: 0.0, Diff: 0.0, Sum: 0.0]
      [Table Fixup (ms): Min: 2.2, Avg: 2.3, Max: 2.4, Diff: 0.2, Sum: 23.2]
   [Clear CT: 0.6 ms]
   [Other: 1.8 ms]
      [Choose CSet: 0.0 ms]
      [Ref Proc: 1.1 ms]
      [Ref Enq: 0.0 ms]
      [Redirty Cards: 0.5 ms]
      [Humongous Register: 0.0 ms]
      [Humongous Reclaim: 0.0 ms]
      [Free CSet: 0.1 ms]
   [Eden: 11264.0K(11264.0K)->0.0B(51200.0K) Survivors: 2048.0K->2048.0K Heap: 198.0M(267.0M)->185.9M(267.0M)]
 [Times: user=0.00 sys=0.00, real=0.01 secs] 
2020-12-17T17:07:44.764+0530: 366071.334: [GC concurrent-string-deduplication, 45360.0B->12736.0B(32624.0B), avg 59.9%, 0.0002991 secs]
   [Last Exec: 0.0002991 secs, Idle: 0.0229647 secs, Blocked: 0/0.0000000 secs]
      [Inspected:            1175]
         [Skipped:              0(  0.0%)]
         [Hashed:             410( 34.9%)]
         [Known:               92(  7.8%)]
         [New:               1083( 92.2%)  45360.0B]
      [Deduplicated:          984( 90.9%)  32624.0B( 71.9%)]
         [Young:              984(100.0%)  32624.0B(100.0%)]
         [Old:                  0(  0.0%)      0.0B(  0.0%)]
   [Total Exec: 1402/0.8486576 secs, Idle: 1402/366070.0145894 secs, Blocked: 126/0.0886757 secs]
      [Inspected:         2881940]
         [Skipped:              0(  0.0%)]
         [Hashed:         1186815( 41.2%)]
         [Known:           180648(  6.3%)]
         [New:            2701292( 93.7%)    209.2M]
      [Deduplicated:      1892116( 70.0%)    125.3M( 59.9%)]
         [Young:           775618( 41.0%)  61068.3K( 47.6%)]
         [Old:            1116498( 59.0%)  67271.9K( 52.4%)]
   [Table]
      [Memory Usage: 8332.5K]
      [Size: 262144, Min: 1024, Max: 16777216]
      [Entries: 262106, Load: 100.0%, Cached: 6032, Added: 964355, Removed: 702249]
      [Resize Count: 8, Shrink Threshold: 174762(66.7%), Grow Threshold: 524288(200.0%)]
      [Rehash Count: 0, Rehash Threshold: 120, Hash Seed: 0x0]
      [Age Threshold: 3]
   [Queue]
      [Dropped: 0]
[GC concurrent-string-deduplication, deleted 0 entries, 0.0000005 secs]
2020-12-17T17:07:45.264+0530: 366071.835: [GC pause (G1 Humongous Allocation) (young) (initial-mark), 0.0097709 secs]
   [Parallel Time: 4.7 ms, GC Workers: 10]
      [GC Worker Start (ms): Min: 366071834.7, Avg: 366071834.7, Max: 366071834.8, Diff: 0.1]
      [Ext Root Scanning (ms): Min: 2.5, Avg: 2.6, Max: 2.8, Diff: 0.3, Sum: 25.9]
      [Update RS (ms): Min: 1.1, Avg: 1.3, Max: 1.4, Diff: 0.4, Sum: 12.7]
         [Processed Buffers: Min: 1, Avg: 2.6, Max: 5, Diff: 4, Sum: 26]
      [Scan RS (ms): Min: 0.0, Avg: 0.0, Max: 0.0, Diff: 0.0, Sum: 0.0]
      [Code Root Scanning (ms): Min: 0.0, Avg: 0.0, Max: 0.0, Diff: 0.0, Sum: 0.0]
      [Object Copy (ms): Min: 0.3, Avg: 0.5, Max: 0.7, Diff: 0.4, Sum: 4.8]
      [Termination (ms): Min: 0.0, Avg: 0.0, Max: 0.0, Diff: 0.0, Sum: 0.0]
         [Termination Attempts: Min: 1, Avg: 1.0, Max: 1, Diff: 0, Sum: 10]
      [GC Worker Other (ms): Min: 0.0, Avg: 0.0, Max: 0.1, Diff: 0.0, Sum: 0.2]
      [GC Worker Total (ms): Min: 4.3, Avg: 4.4, Max: 4.5, Diff: 0.2, Sum: 43.7]
      [GC Worker End (ms): Min: 366071839.1, Avg: 366071839.1, Max: 366071839.1, Diff: 0.0]
   [Code Root Fixup: 0.0 ms]
   [Code Root Purge: 0.0 ms]
   [String Dedup Fixup: 3.5 ms, GC Workers: 10]
      [Queue Fixup (ms): Min: 0.0, Avg: 0.0, Max: 0.0, Diff: 0.0, Sum: 0.0]
      [Table Fixup (ms): Min: 0.0, Avg: 2.9, Max: 3.3, Diff: 3.3, Sum: 28.7]
   [Clear CT: 0.4 ms]
   [Other: 1.1 ms]
      [Choose CSet: 0.0 ms]
      [Ref Proc: 0.4 ms]
      [Ref Enq: 0.0 ms]
      [Redirty Cards: 0.6 ms]
      [Humongous Register: 0.0 ms]
      [Humongous Reclaim: 0.0 ms]
      [Free CSet: 0.0 ms]
   [Eden: 47104.0K(51200.0K)->0.0B(51200.0K) Survivors: 2048.0K->2048.0K Heap: 231.8M(267.0M)->185.4M(267.0M)]
 [Times: user=0.13 sys=0.00, real=0.01 secs] 
2020-12-17T17:07:45.274+0530: 366071.844: [GC concurrent-root-region-scan-start]
2020-12-17T17:07:45.274+0530: 366071.845: [GC concurrent-string-deduplication, 11720.0B->4976.0B(6744.0B), avg 59.9%, 0.0001047 secs]
   [Last Exec: 0.0001047 secs, Idle: 0.5099836 secs, Blocked: 0/0.0000000 secs]
      [Inspected:             193]
         [Skipped:              0(  0.0%)]
         [Hashed:              96( 49.7%)]
         [Known:                1(  0.5%)]
         [New:                192( 99.5%)  11720.0B]
      [Deduplicated:          177( 92.2%)   6744.0B( 57.5%)]
         [Young:              177(100.0%)   6744.0B(100.0%)]
         [Old:                  0(  0.0%)      0.0B(  0.0%)]
   [Total Exec: 1403/0.8487623 secs, Idle: 1403/366070.5245730 secs, Blocked: 126/0.0886757 secs]
      [Inspected:         2882133]
         [Skipped:              0(  0.0%)]
         [Hashed:         1186911( 41.2%)]
         [Known:           180649(  6.3%)]
         [New:            2701484( 93.7%)    209.2M]
      [Deduplicated:      1892293( 70.0%)    125.3M( 59.9%)]
         [Young:           775795( 41.0%)  61074.9K( 47.6%)]
         [Old:            1116498( 59.0%)  67271.9K( 52.4%)]
   [Table]
      [Memory Usage: 8332.5K]
      [Size: 262144, Min: 1024, Max: 16777216]
      [Entries: 262118, Load: 100.0%, Cached: 6020, Added: 964444, Removed: 702326]
      [Resize Count: 8, Shrink Threshold: 174762(66.7%), Grow Threshold: 524288(200.0%)]
      [Rehash Count: 0, Rehash Threshold: 120, Hash Seed: 0x0]
      [Age Threshold: 3]
   [Queue]
      [Dropped: 0]
[GC concurrent-string-deduplication, deleted 0 entries, 0.0000008 secs]
2020-12-17T17:07:45.277+0530: 366071.847: [GC concurrent-root-region-scan-end, 0.0026821 secs]
2020-12-17T17:07:45.277+0530: 366071.847: [GC concurrent-mark-start]
2020-12-17T17:07:45.393+0530: 366071.964: [GC concurrent-mark-end, 0.1164813 secs]
2020-12-17T17:07:45.394+0530: 366071.965: [GC remark 2020-12-17T17:07:45.395+0530: 366071.965: [Finalize Marking, 0.0003337 secs] 2020-12-17T17:07:45.395+0530: 366071.966: [GC ref-proc, 0.0005790 secs] 2020-12-17T17:07:45.396+0530: 366071.966: [Unloading, 0.0273576 secs], 0.0291870 secs]
 [Times: user=0.34 sys=0.00, real=0.03 secs] 
2020-12-17T17:07:45.424+0530: 366071.995: [GC cleanup 188M->188M(267M), 0.0019592 secs]
 [Times: user=0.00 sys=0.00, real=0.00 secs] 
2020-12-17T17:07:45.722+0530: 366072.293: [GC pause (G1 Evacuation Pause) (young), 0.0072189 secs]
   [Parallel Time: 2.5 ms, GC Workers: 10]
      [GC Worker Start (ms): Min: 366072292.9, Avg: 366072293.0, Max: 366072293.0, Diff: 0.2]
      [Ext Root Scanning (ms): Min: 0.3, Avg: 0.9, Max: 1.7, Diff: 1.4, Sum: 8.9]
      [Update RS (ms): Min: 0.0, Avg: 0.3, Max: 1.0, Diff: 1.0, Sum: 3.5]
         [Processed Buffers: Min: 0, Avg: 2.8, Max: 8, Diff: 8, Sum: 28]
      [Scan RS (ms): Min: 0.0, Avg: 0.0, Max: 0.0, Diff: 0.0, Sum: 0.1]
      [Code Root Scanning (ms): Min: 0.0, Avg: 0.0, Max: 0.0, Diff: 0.0, Sum: 0.0]
      [Object Copy (ms): Min: 0.1, Avg: 0.6, Max: 1.6, Diff: 1.5, Sum: 5.8]
      [Termination (ms): Min: 0.0, Avg: 0.2, Max: 0.2, Diff: 0.2, Sum: 1.6]
         [Termination Attempts: Min: 1, Avg: 4.7, Max: 8, Diff: 7, Sum: 47]
      [GC Worker Other (ms): Min: 0.0, Avg: 0.0, Max: 0.1, Diff: 0.1, Sum: 0.5]
      [GC Worker Total (ms): Min: 1.9, Avg: 2.0, Max: 2.2, Diff: 0.3, Sum: 20.3]
      [GC Worker End (ms): Min: 366072295.0, Avg: 366072295.0, Max: 366072295.1, Diff: 0.1]
   [Code Root Fixup: 0.0 ms]
   [Code Root Purge: 0.0 ms]
   [String Dedup Fixup: 3.4 ms, GC Workers: 10]
      [Queue Fixup (ms): Min: 0.0, Avg: 0.0, Max: 0.0, Diff: 0.0, Sum: 0.0]
      [Table Fixup (ms): Min: 2.9, Avg: 3.1, Max: 3.2, Diff: 0.3, Sum: 30.9]
   [Clear CT: 0.3 ms]
   [Other: 1.0 ms]
      [Choose CSet: 0.0 ms]
      [Ref Proc: 0.6 ms]
      [Ref Enq: 0.0 ms]
      [Redirty Cards: 0.1 ms]
      [Humongous Register: 0.0 ms]
      [Humongous Reclaim: 0.0 ms]
      [Free CSet: 0.0 ms]
   [Eden: 51200.0K(51200.0K)->0.0B(51200.0K) Survivors: 2048.0K->2048.0K Heap: 236.4M(267.0M)->185.6M(267.0M)]
 [Times: user=0.00 sys=0.00, real=0.01 secs] 
2020-12-17T17:07:45.730+0530: 366072.300: [GC concurrent-string-deduplication, 2400.0B->2400.0B(0.0B), avg 59.9%, 0.0000069 secs]
   [Last Exec: 0.0000069 secs, Idle: 0.4555552 secs, Blocked: 0/0.0000000 secs]
      [Inspected:               3]
         [Skipped:              0(  0.0%)]
         [Hashed:               3(100.0%)]
         [Known:                0(  0.0%)]
         [New:                  3(100.0%)   2400.0B]
      [Deduplicated:            0(  0.0%)      0.0B(  0.0%)]
         [Young:                0(  0.0%)      0.0B(  0.0%)]
         [Old:                  0(  0.0%)      0.0B(  0.0%)]
   [Total Exec: 1404/0.8487692 secs, Idle: 1404/366070.9801282 secs, Blocked: 126/0.0886757 secs]
      [Inspected:         2882136]
         [Skipped:              0(  0.0%)]
         [Hashed:         1186914( 41.2%)]
         [Known:           180649(  6.3%)]
         [New:            2701487( 93.7%)    209.2M]
      [Deduplicated:      1892293( 70.0%)    125.3M( 59.9%)]
         [Young:           775795( 41.0%)  61074.9K( 47.6%)]
         [Old:            1116498( 59.0%)  67271.9K( 52.4%)]
   [Table]
      [Memory Usage: 8332.5K]
      [Size: 262144, Min: 1024, Max: 16777216]
      [Entries: 262025, Load: 100.0%, Cached: 6113, Added: 964480, Removed: 702455]
      [Resize Count: 8, Shrink Threshold: 174762(66.7%), Grow Threshold: 524288(200.0%)]
      [Rehash Count: 0, Rehash Threshold: 120, Hash Seed: 0x0]
      [Age Threshold: 3]
   [Queue]
      [Dropped: 0]
[GC concurrent-string-deduplication, deleted 0 entries, 0.0000012 secs]
2020-12-17T17:07:45.798+0530: 366072.369: [GC pause (G1 Evacuation Pause) (young), 0.0073907 secs]
   [Parallel Time: 3.2 ms, GC Workers: 10]
      [GC Worker Start (ms): Min: 366072369.2, Avg: 366072369.3, Max: 366072369.4, Diff: 0.1]
      [Ext Root Scanning (ms): Min: 1.4, Avg: 1.7, Max: 2.8, Diff: 1.4, Sum: 17.0]
      [Update RS (ms): Min: 0.0, Avg: 0.3, Max: 0.6, Diff: 0.6, Sum: 3.1]
         [Processed Buffers: Min: 0, Avg: 1.2, Max: 5, Diff: 5, Sum: 12]
      [Scan RS (ms): Min: 0.0, Avg: 0.0, Max: 0.1, Diff: 0.0, Sum: 0.1]
      [Code Root Scanning (ms): Min: 0.0, Avg: 0.0, Max: 0.0, Diff: 0.0, Sum: 0.0]
      [Object Copy (ms): Min: 0.0, Avg: 0.5, Max: 0.7, Diff: 0.7, Sum: 4.7]
      [Termination (ms): Min: 0.0, Avg: 0.2, Max: 0.2, Diff: 0.2, Sum: 2.1]
         [Termination Attempts: Min: 1, Avg: 1.0, Max: 1, Diff: 0, Sum: 10]
      [GC Worker Other (ms): Min: 0.0, Avg: 0.0, Max: 0.0, Diff: 0.0, Sum: 0.2]
      [GC Worker Total (ms): Min: 2.7, Avg: 2.7, Max: 2.8, Diff: 0.1, Sum: 27.1]
      [GC Worker End (ms): Min: 366072372.0, Avg: 366072372.0, Max: 366072372.0, Diff: 0.0]
   [Code Root Fixup: 0.0 ms]
   [Code Root Purge: 0.0 ms]
   [String Dedup Fixup: 2.7 ms, GC Workers: 10]
      [Queue Fixup (ms): Min: 0.0, Avg: 0.0, Max: 0.0, Diff: 0.0, Sum: 0.0]
      [Table Fixup (ms): Min: 2.4, Avg: 2.4, Max: 2.5, Diff: 0.1, Sum: 24.2]
   [Clear CT: 0.3 ms]
   [Other: 1.2 ms]
      [Choose CSet: 0.0 ms]
      [Ref Proc: 0.3 ms]
      [Ref Enq: 0.0 ms]
      [Redirty Cards: 0.5 ms]
      [Humongous Register: 0.0 ms]
      [Humongous Reclaim: 0.0 ms]
      [Free CSet: 0.0 ms]
   [Eden: 51200.0K(51200.0K)->0.0B(51200.0K) Survivors: 2048.0K->2048.0K Heap: 235.6M(267.0M)->185.5M(267.0M)]
 [Times: user=0.00 sys=0.00, real=0.01 secs] 
2020-12-17T17:07:45.806+0530: 366072.377: [GC concurrent-string-deduplication, 5344.0B->4016.0B(1328.0B), avg 59.9%, 0.0000691 secs]
   [Last Exec: 0.0000691 secs, Idle: 0.0762863 secs, Blocked: 0/0.0000000 secs]
      [Inspected:             129]
         [Skipped:              0(  0.0%)]
         [Hashed:              29( 22.5%)]
         [Known:               92( 71.3%)]
         [New:                 37( 28.7%)   5344.0B]
      [Deduplicated:           23( 62.2%)   1328.0B( 24.9%)]
         [Young:               23(100.0%)   1328.0B(100.0%)]
         [Old:                  0(  0.0%)      0.0B(  0.0%)]
   [Total Exec: 1405/0.8488383 secs, Idle: 1405/366071.0564145 secs, Blocked: 126/0.0886757 secs]
      [Inspected:         2882265]
         [Skipped:              0(  0.0%)]
         [Hashed:         1186943( 41.2%)]
         [Known:           180741(  6.3%)]
         [New:            2701524( 93.7%)    209.2M]
      [Deduplicated:      1892316( 70.0%)    125.3M( 59.9%)]
         [Young:           775818( 41.0%)  61076.2K( 47.6%)]
         [Old:            1116498( 59.0%)  67271.9K( 52.4%)]
   [Table]
      [Memory Usage: 8332.5K]
      [Size: 262144, Min: 1024, Max: 16777216]
      [Entries: 262032, Load: 100.0%, Cached: 6106, Added: 964494, Removed: 702462]
      [Resize Count: 8, Shrink Threshold: 174762(66.7%), Grow Threshold: 524288(200.0%)]
      [Rehash Count: 0, Rehash Threshold: 120, Hash Seed: 0x0]
      [Age Threshold: 3]
   [Queue]
      [Dropped: 0]
[GC concurrent-string-deduplication, deleted 0 entries, 0.0000008 secs]
2020-12-17T17:07:49.624+0530: 366076.195: [GC pause (G1 Humongous Allocation) (young) (initial-mark), 0.0080698 secs]
   [Parallel Time: 3.3 ms, GC Workers: 10]
      [GC Worker Start (ms): Min: 366076195.3, Avg: 366076195.3, Max: 366076195.4, Diff: 0.1]
      [Ext Root Scanning (ms): Min: 1.5, Avg: 1.6, Max: 1.8, Diff: 0.3, Sum: 16.3]
      [Update RS (ms): Min: 0.4, Avg: 0.6, Max: 1.1, Diff: 0.7, Sum: 6.4]
         [Processed Buffers: Min: 2, Avg: 2.9, Max: 7, Diff: 5, Sum: 29]
      [Scan RS (ms): Min: 0.0, Avg: 0.0, Max: 0.0, Diff: 0.0, Sum: 0.0]
      [Code Root Scanning (ms): Min: 0.0, Avg: 0.0, Max: 0.0, Diff: 0.0, Sum: 0.0]
      [Object Copy (ms): Min: 0.2, Avg: 0.6, Max: 0.8, Diff: 0.6, Sum: 5.9]
      [Termination (ms): Min: 0.0, Avg: 0.0, Max: 0.0, Diff: 0.0, Sum: 0.4]
         [Termination Attempts: Min: 1, Avg: 2.2, Max: 4, Diff: 3, Sum: 22]
      [GC Worker Other (ms): Min: 0.0, Avg: 0.0, Max: 0.0, Diff: 0.0, Sum: 0.2]
      [GC Worker Total (ms): Min: 2.9, Avg: 2.9, Max: 3.0, Diff: 0.1, Sum: 29.2]
      [GC Worker End (ms): Min: 366076198.2, Avg: 366076198.2, Max: 366076198.3, Diff: 0.0]
   [Code Root Fixup: 0.0 ms]
   [Code Root Purge: 0.0 ms]
   [String Dedup Fixup: 2.9 ms, GC Workers: 10]
      [Queue Fixup (ms): Min: 0.0, Avg: 0.0, Max: 0.0, Diff: 0.0, Sum: 0.0]
      [Table Fixup (ms): Min: 2.6, Avg: 2.7, Max: 2.8, Diff: 0.2, Sum: 26.9]
   [Clear CT: 0.8 ms]
   [Other: 1.0 ms]
      [Choose CSet: 0.0 ms]
      [Ref Proc: 0.6 ms]
      [Ref Enq: 0.0 ms]
      [Redirty Cards: 0.3 ms]
      [Humongous Register: 0.0 ms]
      [Humongous Reclaim: 0.0 ms]
      [Free CSet: 0.0 ms]
   [Eden: 38912.0K(51200.0K)->0.0B(49152.0K) Survivors: 2048.0K->3072.0K Heap: 222.9M(267.0M)->186.4M(267.0M)]
 [Times: user=0.16 sys=0.00, real=0.01 secs] 
2020-12-17T17:07:49.632+0530: 366076.203: [GC concurrent-root-region-scan-start]
2020-12-17T17:07:49.632+0530: 366076.203: [GC concurrent-string-deduplication, 1280.0B->456.0B(824.0B), avg 59.9%, 0.0000208 secs]
   [Last Exec: 0.0000208 secs, Idle: 3.8266566 secs, Blocked: 0/0.0000000 secs]
      [Inspected:              47]
         [Skipped:              0(  0.0%)]
         [Hashed:               4(  8.5%)]
         [Known:               38( 80.9%)]
         [New:                  9( 19.1%)   1280.0B]
      [Deduplicated:            6( 66.7%)    824.0B( 64.4%)]
         [Young:                6(100.0%)    824.0B(100.0%)]
         [Old:                  0(  0.0%)      0.0B(  0.0%)]
   [Total Exec: 1406/0.8488591 secs, Idle: 1406/366074.8830711 secs, Blocked: 126/0.0886757 secs]
      [Inspected:         2882312]
         [Skipped:              0(  0.0%)]
         [Hashed:         1186947( 41.2%)]
         [Known:           180779(  6.3%)]
         [New:            2701533( 93.7%)    209.2M]
      [Deduplicated:      1892322( 70.0%)    125.3M( 59.9%)]
         [Young:           775824( 41.0%)  61077.0K( 47.6%)]
         [Old:            1116498( 59.0%)  67271.9K( 52.4%)]
   [Table]
      [Memory Usage: 8332.5K]
      [Size: 262144, Min: 1024, Max: 16777216]
      [Entries: 262016, Load: 100.0%, Cached: 6122, Added: 964520, Removed: 702504]
      [Resize Count: 8, Shrink Threshold: 174762(66.7%), Grow Threshold: 524288(200.0%)]
      [Rehash Count: 0, Rehash Threshold: 120, Hash Seed: 0x0]
      [Age Threshold: 3]
   [Queue]
      [Dropped: 0]
[GC concurrent-string-deduplication, deleted 0 entries, 0.0000012 secs]
2020-12-17T17:07:49.634+0530: 366076.205: [GC concurrent-root-region-scan-end, 0.0019128 secs]
2020-12-17T17:07:49.634+0530: 366076.205: [GC concurrent-mark-start]
2020-12-17T17:07:49.743+0530: 366076.314: [GC concurrent-mark-end, 0.1088807 secs]
2020-12-17T17:07:49.744+0530: 366076.315: [GC remark 2020-12-17T17:07:49.744+0530: 366076.315: [Finalize Marking, 0.0002194 secs] 2020-12-17T17:07:49.744+0530: 366076.315: [GC ref-proc, 0.0006103 secs] 2020-12-17T17:07:49.744+0530: 366076.315: [Unloading, 0.0237010 secs], 0.0253310 secs]
 [Times: user=0.33 sys=0.00, real=0.03 secs] 
2020-12-17T17:07:49.769+0530: 366076.340: [GC cleanup 190M->190M(267M), 0.0020052 secs]
 [Times: user=0.00 sys=0.00, real=0.00 secs] 
2020-12-17T17:07:52.119+0530: 366078.689: [GC pause (G1 Evacuation Pause) (young), 0.0058419 secs]
   [Parallel Time: 2.0 ms, GC Workers: 10]
      [GC Worker Start (ms): Min: 366078689.2, Avg: 366078689.3, Max: 366078689.3, Diff: 0.1]
      [Ext Root Scanning (ms): Min: 0.7, Avg: 0.9, Max: 1.6, Diff: 0.9, Sum: 9.0]
      [Update RS (ms): Min: 0.0, Avg: 0.4, Max: 0.7, Diff: 0.7, Sum: 3.7]
         [Processed Buffers: Min: 0, Avg: 3.2, Max: 16, Diff: 16, Sum: 32]
      [Scan RS (ms): Min: 0.0, Avg: 0.0, Max: 0.0, Diff: 0.0, Sum: 0.1]
      [Code Root Scanning (ms): Min: 0.0, Avg: 0.0, Max: 0.0, Diff: 0.0, Sum: 0.0]
      [Object Copy (ms): Min: 0.2, Avg: 0.4, Max: 0.6, Diff: 0.5, Sum: 4.4]
      [Termination (ms): Min: 0.0, Avg: 0.0, Max: 0.0, Diff: 0.0, Sum: 0.0]
         [Termination Attempts: Min: 1, Avg: 1.0, Max: 1, Diff: 0, Sum: 10]
      [GC Worker Other (ms): Min: 0.0, Avg: 0.0, Max: 0.1, Diff: 0.1, Sum: 0.2]
      [GC Worker Total (ms): Min: 1.7, Avg: 1.7, Max: 1.8, Diff: 0.1, Sum: 17.4]
      [GC Worker End (ms): Min: 366078691.0, Avg: 366078691.0, Max: 366078691.0, Diff: 0.1]
   [Code Root Fixup: 0.0 ms]
   [Code Root Purge: 0.0 ms]
   [String Dedup Fixup: 2.6 ms, GC Workers: 10]
      [Queue Fixup (ms): Min: 0.0, Avg: 0.0, Max: 0.0, Diff: 0.0, Sum: 0.0]
      [Table Fixup (ms): Min: 2.4, Avg: 2.5, Max: 2.6, Diff: 0.1, Sum: 24.8]
   [Clear CT: 0.4 ms]
   [Other: 0.8 ms]
      [Choose CSet: 0.0 ms]
      [Ref Proc: 0.3 ms]
      [Ref Enq: 0.0 ms]
      [Redirty Cards: 0.3 ms]
      [Humongous Register: 0.0 ms]
      [Humongous Reclaim: 0.0 ms]
      [Free CSet: 0.0 ms]
   [Eden: 49152.0K(49152.0K)->0.0B(51200.0K) Survivors: 3072.0K->2048.0K Heap: 236.0M(267.0M)->186.0M(267.0M)]
 [Times: user=0.02 sys=0.00, real=0.01 secs] 
2020-12-17T17:07:52.125+0530: 366078.695: [GC concurrent-string-deduplication, 10144.0B->10144.0B(0.0B), avg 59.9%, 0.0000157 secs]
   [Last Exec: 0.0000157 secs, Idle: 2.4917702 secs, Blocked: 0/0.0000000 secs]
      [Inspected:              11]
         [Skipped:              0(  0.0%)]
         [Hashed:              11(100.0%)]
         [Known:                0(  0.0%)]
         [New:                 11(100.0%)  10144.0B]
      [Deduplicated:            0(  0.0%)      0.0B(  0.0%)]
         [Young:                0(  0.0%)      0.0B(  0.0%)]
         [Old:                  0(  0.0%)      0.0B(  0.0%)]
   [Total Exec: 1407/0.8488748 secs, Idle: 1407/366077.3748413 secs, Blocked: 126/0.0886757 secs]
      [Inspected:         2882323]
         [Skipped:              0(  0.0%)]
         [Hashed:         1186958( 41.2%)]
         [Known:           180779(  6.3%)]
         [New:            2701544( 93.7%)    209.2M]
      [Deduplicated:      1892322( 70.0%)    125.3M( 59.9%)]
         [Young:           775824( 41.0%)  61077.0K( 47.6%)]
         [Old:            1116498( 59.0%)  67271.9K( 52.4%)]
   [Table]
      [Memory Usage: 8332.5K]
      [Size: 262144, Min: 1024, Max: 16777216]
      [Entries: 262026, Load: 100.0%, Cached: 6112, Added: 964585, Removed: 702559]
      [Resize Count: 8, Shrink Threshold: 174762(66.7%), Grow Threshold: 524288(200.0%)]
      [Rehash Count: 0, Rehash Threshold: 120, Hash Seed: 0x0]
      [Age Threshold: 3]
   [Queue]
      [Dropped: 0]
[GC concurrent-string-deduplication, deleted 0 entries, 0.0000008 secs]
2020-12-17T17:08:25.685+0530: 366112.256: [GC pause (G1 Evacuation Pause) (young), 0.0062183 secs]
   [Parallel Time: 2.5 ms, GC Workers: 10]
      [GC Worker Start (ms): Min: 366112256.1, Avg: 366112256.2, Max: 366112256.2, Diff: 0.1]
      [Ext Root Scanning (ms): Min: 0.7, Avg: 0.9, Max: 2.0, Diff: 1.4, Sum: 9.0]
      [Update RS (ms): Min: 0.0, Avg: 0.7, Max: 1.1, Diff: 1.1, Sum: 6.6]
         [Processed Buffers: Min: 0, Avg: 5.9, Max: 18, Diff: 18, Sum: 59]
      [Scan RS (ms): Min: 0.0, Avg: 0.0, Max: 0.0, Diff: 0.0, Sum: 0.0]
      [Code Root Scanning (ms): Min: 0.0, Avg: 0.0, Max: 0.0, Diff: 0.0, Sum: 0.0]
      [Object Copy (ms): Min: 0.0, Avg: 0.5, Max: 0.7, Diff: 0.6, Sum: 4.8]
      [Termination (ms): Min: 0.0, Avg: 0.0, Max: 0.0, Diff: 0.0, Sum: 0.3]
         [Termination Attempts: Min: 1, Avg: 2.0, Max: 3, Diff: 2, Sum: 20]
      [GC Worker Other (ms): Min: 0.0, Avg: 0.0, Max: 0.0, Diff: 0.0, Sum: 0.1]
      [GC Worker Total (ms): Min: 2.1, Avg: 2.1, Max: 2.2, Diff: 0.1, Sum: 20.9]
      [GC Worker End (ms): Min: 366112258.2, Avg: 366112258.2, Max: 366112258.2, Diff: 0.0]
   [Code Root Fixup: 0.0 ms]
   [Code Root Purge: 0.0 ms]
   [String Dedup Fixup: 2.4 ms, GC Workers: 10]
      [Queue Fixup (ms): Min: 0.0, Avg: 0.0, Max: 0.0, Diff: 0.0, Sum: 0.0]
      [Table Fixup (ms): Min: 2.1, Avg: 2.2, Max: 2.3, Diff: 0.2, Sum: 21.8]
   [Clear CT: 0.4 ms]
   [Other: 0.9 ms]
      [Choose CSet: 0.0 ms]
      [Ref Proc: 0.4 ms]
      [Ref Enq: 0.0 ms]
      [Redirty Cards: 0.4 ms]
      [Humongous Register: 0.0 ms]
      [Humongous Reclaim: 0.0 ms]
      [Free CSet: 0.0 ms]
   [Eden: 51200.0K(51200.0K)->0.0B(51200.0K) Survivors: 2048.0K->2048.0K Heap: 236.0M(267.0M)->185.8M(267.0M)]
 [Times: user=0.16 sys=0.00, real=0.01 secs] 
2020-12-17T17:08:25.691+0530: 366112.262: [GC concurrent-string-deduplication, 25696.0B->5584.0B(20112.0B), avg 59.9%, 0.0000917 secs]
   [Last Exec: 0.0000917 secs, Idle: 33.5671279 secs, Blocked: 0/0.0000000 secs]
      [Inspected:             417]
         [Skipped:              0(  0.0%)]
         [Hashed:             349( 83.7%)]
         [Known:               23(  5.5%)]
         [New:                394( 94.5%)  25696.0B]
      [Deduplicated:          368( 93.4%)  20112.0B( 78.3%)]
         [Young:              368(100.0%)  20112.0B(100.0%)]
         [Old:                  0(  0.0%)      0.0B(  0.0%)]
   [Total Exec: 1408/0.8489665 secs, Idle: 1408/366110.9419692 secs, Blocked: 126/0.0886757 secs]
      [Inspected:         2882740]
         [Skipped:              0(  0.0%)]
         [Hashed:         1187307( 41.2%)]
         [Known:           180802(  6.3%)]
         [New:            2701938( 93.7%)    209.2M]
      [Deduplicated:      1892690( 70.0%)    125.4M( 59.9%)]
         [Young:           776192( 41.0%)  61096.6K( 47.6%)]
         [Old:            1116498( 59.0%)  67271.9K( 52.4%)]
   [Table]
      [Memory Usage: 8332.5K]
      [Size: 262144, Min: 1024, Max: 16777216]
      [Entries: 262097, Load: 100.0%, Cached: 6041, Added: 964656, Removed: 702559]
      [Resize Count: 8, Shrink Threshold: 174762(66.7%), Grow Threshold: 524288(200.0%)]
      [Rehash Count: 0, Rehash Threshold: 120, Hash Seed: 0x0]
      [Age Threshold: 3]
   [Queue]
      [Dropped: 0]
[GC concurrent-string-deduplication, deleted 0 entries, 0.0000006 secs]
2020-12-17T17:08:25.953+0530: 366112.524: [GC pause (G1 Evacuation Pause) (young) (initial-mark), 0.0071025 secs]
   [Parallel Time: 3.4 ms, GC Workers: 10]
      [GC Worker Start (ms): Min: 366112523.9, Avg: 366112524.0, Max: 366112524.1, Diff: 0.1]
      [Ext Root Scanning (ms): Min: 1.7, Avg: 1.8, Max: 2.0, Diff: 0.3, Sum: 18.0]
      [Update RS (ms): Min: 0.3, Avg: 0.6, Max: 1.1, Diff: 0.8, Sum: 5.6]
         [Processed Buffers: Min: 1, Avg: 2.4, Max: 6, Diff: 5, Sum: 24]
      [Scan RS (ms): Min: 0.0, Avg: 0.0, Max: 0.0, Diff: 0.0, Sum: 0.0]
      [Code Root Scanning (ms): Min: 0.0, Avg: 0.0, Max: 0.0, Diff: 0.0, Sum: 0.1]
      [Object Copy (ms): Min: 0.2, Avg: 0.8, Max: 1.1, Diff: 0.9, Sum: 7.6]
      [Termination (ms): Min: 0.0, Avg: 0.1, Max: 0.1, Diff: 0.1, Sum: 0.6]
         [Termination Attempts: Min: 1, Avg: 3.7, Max: 5, Diff: 4, Sum: 37]
      [GC Worker Other (ms): Min: 0.0, Avg: 0.0, Max: 0.0, Diff: 0.0, Sum: 0.1]
      [GC Worker Total (ms): Min: 3.2, Avg: 3.2, Max: 3.3, Diff: 0.1, Sum: 32.1]
      [GC Worker End (ms): Min: 366112527.2, Avg: 366112527.2, Max: 366112527.2, Diff: 0.0]
   [Code Root Fixup: 0.0 ms]
   [Code Root Purge: 0.0 ms]
   [String Dedup Fixup: 2.4 ms, GC Workers: 10]
      [Queue Fixup (ms): Min: 0.0, Avg: 0.0, Max: 0.0, Diff: 0.0, Sum: 0.0]
      [Table Fixup (ms): Min: 2.2, Avg: 2.3, Max: 2.3, Diff: 0.2, Sum: 22.5]
   [Clear CT: 0.3 ms]
   [Other: 1.0 ms]
      [Choose CSet: 0.0 ms]
      [Ref Proc: 0.6 ms]
      [Ref Enq: 0.0 ms]
      [Redirty Cards: 0.2 ms]
      [Humongous Register: 0.0 ms]
      [Humongous Reclaim: 0.0 ms]
      [Free CSet: 0.0 ms]
   [Eden: 51200.0K(51200.0K)->0.0B(49152.0K) Survivors: 2048.0K->3072.0K Heap: 235.8M(267.0M)->187.0M(267.0M)]
 [Times: user=0.00 sys=0.00, real=0.01 secs] 
2020-12-17T17:08:25.960+0530: 366112.531: [GC concurrent-root-region-scan-start]
2020-12-17T17:08:25.960+0530: 366112.531: [GC concurrent-string-deduplication, 6560.0B->3616.0B(2944.0B), avg 59.9%, 0.0001087 secs]
   [Last Exec: 0.0001087 secs, Idle: 0.2685351 secs, Blocked: 0/0.0000000 secs]
      [Inspected:             139]
         [Skipped:              0(  0.0%)]
         [Hashed:              53( 38.1%)]
         [Known:               56( 40.3%)]
         [New:                 83( 59.7%)   6560.0B]
      [Deduplicated:           61( 73.5%)   2944.0B( 44.9%)]
         [Young:               61(100.0%)   2944.0B(100.0%)]
         [Old:                  0(  0.0%)      0.0B(  0.0%)]
   [Total Exec: 1409/0.8490752 secs, Idle: 1409/366111.2105043 secs, Blocked: 126/0.0886757 secs]
      [Inspected:         2882879]
         [Skipped:              0(  0.0%)]
         [Hashed:         1187360( 41.2%)]
         [Known:           180858(  6.3%)]
         [New:            2702021( 93.7%)    209.2M]
      [Deduplicated:      1892751( 70.0%)    125.4M( 59.9%)]
         [Young:           776253( 41.0%)  61099.5K( 47.6%)]
         [Old:            1116498( 59.0%)  67271.9K( 52.4%)]
   [Table]
      [Memory Usage: 8332.5K]
      [Size: 262144, Min: 1024, Max: 16777216]
      [Entries: 262360, Load: 100.1%, Cached: 5778, Added: 964921, Removed: 702561]
      [Resize Count: 8, Shrink Threshold: 174762(66.7%), Grow Threshold: 524288(200.0%)]
      [Rehash Count: 0, Rehash Threshold: 120, Hash Seed: 0x0]
      [Age Threshold: 3]
   [Queue]
      [Dropped: 0]
[GC concurrent-string-deduplication, deleted 0 entries, 0.0000009 secs]
2020-12-17T17:08:25.962+0530: 366112.533: [GC concurrent-root-region-scan-end, 0.0024657 secs]
2020-12-17T17:08:25.962+0530: 366112.533: [GC concurrent-mark-start]
2020-12-17T17:08:26.066+0530: 366112.637: [GC concurrent-mark-end, 0.1038505 secs]
2020-12-17T17:08:26.067+0530: 366112.638: [GC remark 2020-12-17T17:08:26.067+0530: 366112.638: [Finalize Marking, 0.0004482 secs] 2020-12-17T17:08:26.067+0530: 366112.638: [GC ref-proc, 0.0005136 secs] 2020-12-17T17:08:26.068+0530: 366112.639: [Unloading, 0.0251000 secs], 0.0270326 secs]
 [Times: user=0.28 sys=0.00, real=0.03 secs] 
2020-12-17T17:08:26.095+0530: 366112.666: [GC cleanup 211M->211M(267M), 0.0023935 secs]
 [Times: user=0.00 sys=0.00, real=0.00 secs] 
2020-12-17T17:08:26.317+0530: 366112.888: [GC pause (G1 Evacuation Pause) (young), 0.0063325 secs]
   [Parallel Time: 2.4 ms, GC Workers: 10]
      [GC Worker Start (ms): Min: 366112887.9, Avg: 366112888.0, Max: 366112888.0, Diff: 0.1]
      [Ext Root Scanning (ms): Min: 0.8, Avg: 0.9, Max: 1.6, Diff: 0.9, Sum: 9.0]
      [Update RS (ms): Min: 0.0, Avg: 0.5, Max: 1.0, Diff: 1.0, Sum: 5.0]
         [Processed Buffers: Min: 0, Avg: 3.9, Max: 8, Diff: 8, Sum: 39]
      [Scan RS (ms): Min: 0.0, Avg: 0.0, Max: 0.0, Diff: 0.0, Sum: 0.1]
      [Code Root Scanning (ms): Min: 0.0, Avg: 0.0, Max: 0.1, Diff: 0.1, Sum: 0.1]
      [Object Copy (ms): Min: 0.4, Avg: 0.8, Max: 0.9, Diff: 0.5, Sum: 7.7]
      [Termination (ms): Min: 0.0, Avg: 0.0, Max: 0.0, Diff: 0.0, Sum: 0.0]
         [Termination Attempts: Min: 1, Avg: 1.0, Max: 1, Diff: 0, Sum: 10]
      [GC Worker Other (ms): Min: 0.0, Avg: 0.0, Max: 0.1, Diff: 0.1, Sum: 0.3]
      [GC Worker Total (ms): Min: 2.2, Avg: 2.2, Max: 2.3, Diff: 0.1, Sum: 22.1]
      [GC Worker End (ms): Min: 366112890.1, Avg: 366112890.2, Max: 366112890.2, Diff: 0.1]
   [Code Root Fixup: 0.0 ms]
   [Code Root Purge: 0.0 ms]
   [String Dedup Fixup: 2.4 ms, GC Workers: 10]
      [Queue Fixup (ms): Min: 0.0, Avg: 0.0, Max: 0.0, Diff: 0.0, Sum: 0.0]
      [Table Fixup (ms): Min: 2.2, Avg: 2.3, Max: 2.4, Diff: 0.1, Sum: 22.9]
   [Clear CT: 0.3 ms]
   [Other: 1.3 ms]
      [Choose CSet: 0.0 ms]
      [Ref Proc: 0.9 ms]
      [Ref Enq: 0.0 ms]
      [Redirty Cards: 0.2 ms]
      [Humongous Register: 0.0 ms]
      [Humongous Reclaim: 0.0 ms]
      [Free CSet: 0.0 ms]
   [Eden: 49152.0K(49152.0K)->0.0B(9216.0K) Survivors: 3072.0K->4096.0K Heap: 235.0M(267.0M)->187.8M(267.0M)]
 [Times: user=0.00 sys=0.00, real=0.01 secs] 
2020-12-17T17:08:26.323+0530: 366112.894: [GC concurrent-string-deduplication, 1664.0B->792.0B(872.0B), avg 59.9%, 0.0000322 secs]
   [Last Exec: 0.0000322 secs, Idle: 0.3631089 secs, Blocked: 0/0.0000000 secs]
      [Inspected:              74]
         [Skipped:              0(  0.0%)]
         [Hashed:              17( 23.0%)]
         [Known:               46( 62.2%)]
         [New:                 28( 37.8%)   1664.0B]
      [Deduplicated:           18( 64.3%)    872.0B( 52.4%)]
         [Young:               18(100.0%)    872.0B(100.0%)]
         [Old:                  0(  0.0%)      0.0B(  0.0%)]
   [Total Exec: 1410/0.8491074 secs, Idle: 1410/366111.5736132 secs, Blocked: 126/0.0886757 secs]
      [Inspected:         2882953]
         [Skipped:              0(  0.0%)]
         [Hashed:         1187377( 41.2%)]
         [Known:           180904(  6.3%)]
         [New:            2702049( 93.7%)    209.2M]
      [Deduplicated:      1892769( 70.0%)    125.4M( 59.9%)]
         [Young:           776271( 41.0%)  61100.3K( 47.6%)]
         [Old:            1116498( 59.0%)  67271.9K( 52.4%)]
   [Table]
      [Memory Usage: 8332.5K]
      [Size: 262144, Min: 1024, Max: 16777216]
      [Entries: 262432, Load: 100.1%, Cached: 5706, Added: 965006, Removed: 702574]
      [Resize Count: 8, Shrink Threshold: 174762(66.7%), Grow Threshold: 524288(200.0%)]
      [Rehash Count: 0, Rehash Threshold: 120, Hash Seed: 0x0]
      [Age Threshold: 3]
   [Queue]
      [Dropped: 0]
[GC concurrent-string-deduplication, deleted 0 entries, 0.0008703 secs]
2020-12-17T17:08:26.339+0530: 366112.910: [GC pause (G1 Evacuation Pause) (mixed), 0.0132445 secs]
   [Parallel Time: 5.7 ms, GC Workers: 10]
      [GC Worker Start (ms): Min: 366112910.5, Avg: 366112910.5, Max: 366112910.6, Diff: 0.1]
      [Ext Root Scanning (ms): Min: 0.7, Avg: 0.9, Max: 1.5, Diff: 0.8, Sum: 9.0]
      [Update RS (ms): Min: 0.0, Avg: 0.5, Max: 1.1, Diff: 1.1, Sum: 4.6]
         [Processed Buffers: Min: 0, Avg: 1.4, Max: 4, Diff: 4, Sum: 14]
      [Scan RS (ms): Min: 0.7, Avg: 1.2, Max: 1.4, Diff: 0.7, Sum: 12.0]
      [Code Root Scanning (ms): Min: 0.0, Avg: 0.3, Max: 2.8, Diff: 2.8, Sum: 2.8]
      [Object Copy (ms): Min: 0.2, Avg: 2.2, Max: 2.5, Diff: 2.3, Sum: 21.7]
      [Termination (ms): Min: 0.0, Avg: 0.5, Max: 0.5, Diff: 0.5, Sum: 4.6]
         [Termination Attempts: Min: 1, Avg: 27.0, Max: 36, Diff: 35, Sum: 270]
      [GC Worker Other (ms): Min: 0.0, Avg: 0.0, Max: 0.0, Diff: 0.0, Sum: 0.1]
      [GC Worker Total (ms): Min: 5.4, Avg: 5.5, Max: 5.5, Diff: 0.1, Sum: 54.8]
      [GC Worker End (ms): Min: 366112916.0, Avg: 366112916.0, Max: 366112916.0, Diff: 0.0]
   [Code Root Fixup: 0.0 ms]
   [Code Root Purge: 0.0 ms]
   [String Dedup Fixup: 3.2 ms, GC Workers: 10]
      [Queue Fixup (ms): Min: 0.0, Avg: 0.0, Max: 0.0, Diff: 0.0, Sum: 0.0]
      [Table Fixup (ms): Min: 2.7, Avg: 2.9, Max: 3.0, Diff: 0.2, Sum: 28.8]
   [Clear CT: 0.5 ms]
   [Other: 3.8 ms]
      [Choose CSet: 0.0 ms]
      [Ref Proc: 0.1 ms]
      [Ref Enq: 0.0 ms]
      [Redirty Cards: 0.3 ms]
      [Humongous Register: 0.0 ms]
      [Humongous Reclaim: 0.0 ms]
      [Free CSet: 3.2 ms]
   [Eden: 9216.0K(9216.0K)->0.0B(50176.0K) Survivors: 4096.0K->2048.0K Heap: 196.8M(267.0M)->187.4M(267.0M)]
 [Times: user=0.14 sys=0.00, real=0.01 secs] 
2020-12-17T17:08:26.353+0530: 366112.924: [GC concurrent-string-deduplication, 313.5K->154.9K(158.5K), avg 59.9%, 0.0004087 secs]
   [Last Exec: 0.0004087 secs, Idle: 0.0285329 secs, Blocked: 0/0.0000000 secs]
      [Inspected:            1212]
         [Skipped:              0(  0.0%)]
         [Hashed:             763( 63.0%)]
         [Known:              244( 20.1%)]
         [New:                968( 79.9%)    313.5K]
      [Deduplicated:          745( 77.0%)    158.5K( 50.6%)]
         [Young:                0(  0.0%)      0.0B(  0.0%)]
         [Old:                745(100.0%)    158.5K(100.0%)]
   [Total Exec: 1411/0.8495161 secs, Idle: 1411/366111.6021461 secs, Blocked: 126/0.0886757 secs]
      [Inspected:         2884165]
         [Skipped:              0(  0.0%)]
         [Hashed:         1188140( 41.2%)]
         [Known:           181148(  6.3%)]
         [New:            2703017( 93.7%)    209.5M]
      [Deduplicated:      1893514( 70.1%)    125.5M( 59.9%)]
         [Young:           776271( 41.0%)  61100.3K( 47.5%)]
         [Old:            1117243( 59.0%)  67430.4K( 52.5%)]
   [Table]
      [Memory Usage: 8332.5K]
      [Size: 262144, Min: 1024, Max: 16777216]
      [Entries: 262670, Load: 100.2%, Cached: 5468, Added: 965244, Removed: 702574]
      [Resize Count: 8, Shrink Threshold: 174762(66.7%), Grow Threshold: 524288(200.0%)]
      [Rehash Count: 0, Rehash Threshold: 120, Hash Seed: 0x0]
      [Age Threshold: 3]
   [Queue]
      [Dropped: 0]
[GC concurrent-string-deduplication, deleted 0 entries, 0.0000006 secs]
2020-12-17T17:08:26.442+0530: 366113.013: [GC pause (G1 Evacuation Pause) (young), 0.0083474 secs]
   [Parallel Time: 3.9 ms, GC Workers: 10]
      [GC Worker Start (ms): Min: 366113012.8, Avg: 366113012.9, Max: 366113012.9, Diff: 0.2]
      [Ext Root Scanning (ms): Min: 0.7, Avg: 0.9, Max: 1.5, Diff: 0.9, Sum: 9.2]
      [Update RS (ms): Min: 1.6, Avg: 2.3, Max: 2.8, Diff: 1.1, Sum: 22.9]
         [Processed Buffers: Min: 3, Avg: 5.1, Max: 6, Diff: 3, Sum: 51]
      [Scan RS (ms): Min: 0.0, Avg: 0.0, Max: 0.0, Diff: 0.0, Sum: 0.0]
      [Code Root Scanning (ms): Min: 0.0, Avg: 0.0, Max: 0.0, Diff: 0.0, Sum: 0.0]
      [Object Copy (ms): Min: 0.0, Avg: 0.3, Max: 0.5, Diff: 0.5, Sum: 3.5]
      [Termination (ms): Min: 0.0, Avg: 0.1, Max: 0.1, Diff: 0.1, Sum: 1.2]
         [Termination Attempts: Min: 1, Avg: 1.1, Max: 2, Diff: 1, Sum: 11]
      [GC Worker Other (ms): Min: 0.0, Avg: 0.0, Max: 0.0, Diff: 0.0, Sum: 0.1]
      [GC Worker Total (ms): Min: 3.6, Avg: 3.7, Max: 3.8, Diff: 0.2, Sum: 36.9]
      [GC Worker End (ms): Min: 366113016.6, Avg: 366113016.6, Max: 366113016.6, Diff: 0.0]
   [Code Root Fixup: 0.0 ms]
   [Code Root Purge: 0.0 ms]
   [String Dedup Fixup: 2.6 ms, GC Workers: 10]
      [Queue Fixup (ms): Min: 0.0, Avg: 0.0, Max: 0.0, Diff: 0.0, Sum: 0.0]
      [Table Fixup (ms): Min: 2.3, Avg: 2.3, Max: 2.4, Diff: 0.1, Sum: 23.4]
   [Clear CT: 0.7 ms]
   [Other: 1.1 ms]
      [Choose CSet: 0.0 ms]
      [Ref Proc: 0.2 ms]
      [Ref Enq: 0.0 ms]
      [Redirty Cards: 0.7 ms]
      [Humongous Register: 0.0 ms]
      [Humongous Reclaim: 0.0 ms]
      [Free CSet: 0.0 ms]
   [Eden: 50176.0K(50176.0K)->0.0B(50176.0K) Survivors: 2048.0K->2048.0K Heap: 236.4M(267.0M)->186.7M(267.0M)]
 [Times: user=0.00 sys=0.00, real=0.01 secs] 
2020-12-17T17:08:26.450+0530: 366113.022: [GC concurrent-string-deduplication, 145.9K->113.3K(33352.0B), avg 59.9%, 0.0003370 secs]
   [Last Exec: 0.0003370 secs, Idle: 0.0969537 secs, Blocked: 0/0.0000000 secs]
      [Inspected:             875]
         [Skipped:              0(  0.0%)]
         [Hashed:             554( 63.3%)]
         [Known:              195( 22.3%)]
         [New:                680( 77.7%)    145.9K]
      [Deduplicated:          421( 61.9%)  33352.0B( 22.3%)]
         [Young:              421(100.0%)  33352.0B(100.0%)]
         [Old:                  0(  0.0%)      0.0B(  0.0%)]
   [Total Exec: 1412/0.8498531 secs, Idle: 1412/366111.6990998 secs, Blocked: 126/0.0886757 secs]
      [Inspected:         2885040]
         [Skipped:              0(  0.0%)]
         [Hashed:         1188694( 41.2%)]
         [Known:           181343(  6.3%)]
         [New:            2703697( 93.7%)    209.7M]
      [Deduplicated:      1893935( 70.0%)    125.6M( 59.9%)]
         [Young:           776692( 41.0%)  61132.9K( 47.6%)]
         [Old:            1117243( 59.0%)  67430.4K( 52.4%)]
   [Table]
      [Memory Usage: 8332.5K]
      [Size: 262144, Min: 1024, Max: 16777216]
      [Entries: 262939, Load: 100.3%, Cached: 5199, Added: 965513, Removed: 702574]
      [Resize Count: 8, Shrink Threshold: 174762(66.7%), Grow Threshold: 524288(200.0%)]
      [Rehash Count: 0, Rehash Threshold: 120, Hash Seed: 0x0]
      [Age Threshold: 3]
   [Queue]
      [Dropped: 0]
[GC concurrent-string-deduplication, deleted 0 entries, 0.0000007 secs]
2020-12-17T17:08:26.652+0530: 366113.223: [GC pause (G1 Humongous Allocation) (young) (initial-mark), 0.0074148 secs]
   [Parallel Time: 3.4 ms, GC Workers: 10]
      [GC Worker Start (ms): Min: 366113223.3, Avg: 366113223.4, Max: 366113223.4, Diff: 0.1]
      [Ext Root Scanning (ms): Min: 1.9, Avg: 2.0, Max: 2.2, Diff: 0.4, Sum: 20.0]
      [Update RS (ms): Min: 0.1, Avg: 0.3, Max: 0.9, Diff: 0.8, Sum: 3.2]
         [Processed Buffers: Min: 1, Avg: 1.9, Max: 5, Diff: 4, Sum: 19]
      [Scan RS (ms): Min: 0.0, Avg: 0.0, Max: 0.0, Diff: 0.0, Sum: 0.0]
      [Code Root Scanning (ms): Min: 0.0, Avg: 0.0, Max: 0.0, Diff: 0.0, Sum: 0.0]
      [Object Copy (ms): Min: 0.0, Avg: 0.4, Max: 0.6, Diff: 0.5, Sum: 3.6]
      [Termination (ms): Min: 0.0, Avg: 0.4, Max: 0.5, Diff: 0.5, Sum: 4.3]
         [Termination Attempts: Min: 1, Avg: 1.3, Max: 2, Diff: 1, Sum: 13]
      [GC Worker Other (ms): Min: 0.0, Avg: 0.0, Max: 0.0, Diff: 0.0, Sum: 0.1]
      [GC Worker Total (ms): Min: 3.1, Avg: 3.1, Max: 3.2, Diff: 0.1, Sum: 31.2]
      [GC Worker End (ms): Min: 366113226.5, Avg: 366113226.5, Max: 366113226.5, Diff: 0.0]
   [Code Root Fixup: 0.0 ms]
   [Code Root Purge: 0.0 ms]
   [String Dedup Fixup: 3.0 ms, GC Workers: 10]
      [Queue Fixup (ms): Min: 0.0, Avg: 0.0, Max: 0.0, Diff: 0.0, Sum: 0.0]
      [Table Fixup (ms): Min: 2.5, Avg: 2.6, Max: 2.7, Diff: 0.2, Sum: 25.9]
   [Clear CT: 0.5 ms]
   [Other: 0.5 ms]
      [Choose CSet: 0.0 ms]
      [Ref Proc: 0.2 ms]
      [Ref Enq: 0.0 ms]
      [Redirty Cards: 0.1 ms]
      [Humongous Register: 0.0 ms]
      [Humongous Reclaim: 0.0 ms]
      [Free CSet: 0.0 ms]
   [Eden: 29696.0K(50176.0K)->0.0B(52224.0K) Survivors: 2048.0K->1024.0K Heap: 215.5M(267.0M)->186.2M(267.0M)]
 [Times: user=0.00 sys=0.00, real=0.01 secs] 
2020-12-17T17:08:26.660+0530: 366113.231: [GC concurrent-root-region-scan-start]
2020-12-17T17:08:26.660+0530: 366113.231: [GC concurrent-string-deduplication, 256.0B->88.0B(168.0B), avg 59.9%, 0.0000501 secs]
   [Last Exec: 0.0000501 secs, Idle: 0.2091542 secs, Blocked: 0/0.0000000 secs]
      [Inspected:              24]
         [Skipped:              0(  0.0%)]
         [Hashed:               4( 16.7%)]
         [Known:               18( 75.0%)]
         [New:                  6( 25.0%)    256.0B]
      [Deduplicated:            5( 83.3%)    168.0B( 65.6%)]
         [Young:                5(100.0%)    168.0B(100.0%)]
         [Old:                  0(  0.0%)      0.0B(  0.0%)]
   [Total Exec: 1413/0.8499032 secs, Idle: 1413/366111.9082540 secs, Blocked: 126/0.0886757 secs]
      [Inspected:         2885064]
         [Skipped:              0(  0.0%)]
         [Hashed:         1188698( 41.2%)]
         [Known:           181361(  6.3%)]
         [New:            2703703( 93.7%)    209.7M]
      [Deduplicated:      1893940( 70.0%)    125.6M( 59.9%)]
         [Young:           776697( 41.0%)  61133.1K( 47.6%)]
         [Old:            1117243( 59.0%)  67430.4K( 52.4%)]
   [Table]
      [Memory Usage: 8332.5K]
      [Size: 262144, Min: 1024, Max: 16777216]
      [Entries: 262936, Load: 100.3%, Cached: 5202, Added: 965520, Removed: 702584]
      [Resize Count: 8, Shrink Threshold: 174762(66.7%), Grow Threshold: 524288(200.0%)]
      [Rehash Count: 0, Rehash Threshold: 120, Hash Seed: 0x0]
      [Age Threshold: 3]
   [Queue]
      [Dropped: 0]
[GC concurrent-string-deduplication, deleted 0 entries, 0.0000009 secs]
2020-12-17T17:08:26.663+0530: 366113.234: [GC concurrent-root-region-scan-end, 0.0031765 secs]
2020-12-17T17:08:26.663+0530: 366113.234: [GC concurrent-mark-start]
2020-12-17T17:08:26.768+0530: 366113.339: [GC concurrent-mark-end, 0.1051058 secs]
2020-12-17T17:08:26.768+0530: 366113.340: [GC remark 2020-12-17T17:08:26.768+0530: 366113.340: [Finalize Marking, 0.0003541 secs] 2020-12-17T17:08:26.769+0530: 366113.340: [GC ref-proc, 0.0004994 secs] 2020-12-17T17:08:26.769+0530: 366113.340: [Unloading, 0.0223643 secs], 0.0237804 secs]
 [Times: user=0.16 sys=0.00, real=0.02 secs] 
2020-12-17T17:08:26.793+0530: 366113.364: [GC cleanup 189M->189M(267M), 0.0019801 secs]
 [Times: user=0.00 sys=0.00, real=0.00 secs] 
2020-12-17T17:08:27.571+0530: 366114.142: [GC pause (G1 Evacuation Pause) (young), 0.0055819 secs]
   [Parallel Time: 1.9 ms, GC Workers: 10]
      [GC Worker Start (ms): Min: 366114142.4, Avg: 366114142.4, Max: 366114142.4, Diff: 0.1]
      [Ext Root Scanning (ms): Min: 0.7, Avg: 0.8, Max: 1.4, Diff: 0.7, Sum: 8.4]
      [Update RS (ms): Min: 0.0, Avg: 0.3, Max: 0.8, Diff: 0.8, Sum: 3.4]
         [Processed Buffers: Min: 0, Avg: 4.3, Max: 13, Diff: 13, Sum: 43]
      [Scan RS (ms): Min: 0.0, Avg: 0.0, Max: 0.0, Diff: 0.0, Sum: 0.0]
      [Code Root Scanning (ms): Min: 0.0, Avg: 0.0, Max: 0.0, Diff: 0.0, Sum: 0.0]
      [Object Copy (ms): Min: 0.1, Avg: 0.3, Max: 0.4, Diff: 0.3, Sum: 2.7]
      [Termination (ms): Min: 0.0, Avg: 0.2, Max: 0.2, Diff: 0.2, Sum: 1.8]
         [Termination Attempts: Min: 1, Avg: 1.0, Max: 1, Diff: 0, Sum: 10]
      [GC Worker Other (ms): Min: 0.0, Avg: 0.0, Max: 0.0, Diff: 0.0, Sum: 0.1]
      [GC Worker Total (ms): Min: 1.6, Avg: 1.6, Max: 1.7, Diff: 0.1, Sum: 16.4]
      [GC Worker End (ms): Min: 366114144.0, Avg: 366114144.1, Max: 366114144.1, Diff: 0.0]
   [Code Root Fixup: 0.0 ms]
   [Code Root Purge: 0.0 ms]
   [String Dedup Fixup: 2.7 ms, GC Workers: 10]
      [Queue Fixup (ms): Min: 0.0, Avg: 0.0, Max: 0.0, Diff: 0.0, Sum: 0.0]
      [Table Fixup (ms): Min: 2.4, Avg: 2.4, Max: 2.5, Diff: 0.1, Sum: 24.1]
   [Clear CT: 0.4 ms]
   [Other: 0.6 ms]
      [Choose CSet: 0.0 ms]
      [Ref Proc: 0.3 ms]
      [Ref Enq: 0.0 ms]
      [Redirty Cards: 0.2 ms]
      [Humongous Register: 0.0 ms]
      [Humongous Reclaim: 0.0 ms]
      [Free CSet: 0.0 ms]
   [Eden: 52224.0K(52224.0K)->0.0B(12288.0K) Survivors: 1024.0K->1024.0K Heap: 238.2M(267.0M)->186.3M(267.0M)]
 [Times: user=0.00 sys=0.00, real=0.01 secs] 
2020-12-17T17:08:27.577+0530: 366114.148: [GC concurrent-string-deduplication, 128.0B->0.0B(128.0B), avg 59.9%, 0.0000089 secs]
   [Last Exec: 0.0000089 secs, Idle: 0.9171128 secs, Blocked: 0/0.0000000 secs]
      [Inspected:              14]
         [Skipped:              0(  0.0%)]
         [Hashed:               0(  0.0%)]
         [Known:               12( 85.7%)]
         [New:                  2( 14.3%)    128.0B]
      [Deduplicated:            2(100.0%)    128.0B(100.0%)]
         [Young:                2(100.0%)    128.0B(100.0%)]
         [Old:                  0(  0.0%)      0.0B(  0.0%)]
   [Total Exec: 1414/0.8499121 secs, Idle: 1414/366112.8253668 secs, Blocked: 126/0.0886757 secs]
      [Inspected:         2885078]
         [Skipped:              0(  0.0%)]
         [Hashed:         1188698( 41.2%)]
         [Known:           181373(  6.3%)]
         [New:            2703705( 93.7%)    209.7M]
      [Deduplicated:      1893942( 70.0%)    125.6M( 59.9%)]
         [Young:           776699( 41.0%)  61133.2K( 47.6%)]
         [Old:            1117243( 59.0%)  67430.4K( 52.4%)]
   [Table]
      [Memory Usage: 8332.5K]
      [Size: 262144, Min: 1024, Max: 16777216]
      [Entries: 262548, Load: 100.2%, Cached: 5590, Added: 965601, Removed: 703053]
      [Resize Count: 8, Shrink Threshold: 174762(66.7%), Grow Threshold: 524288(200.0%)]
      [Rehash Count: 0, Rehash Threshold: 120, Hash Seed: 0x0]
      [Age Threshold: 3]
   [Queue]
      [Dropped: 0]
[GC concurrent-string-deduplication, deleted 0 entries, 0.0000006 secs]
2020-12-17T17:08:27.601+0530: 366114.172: [GC pause (G1 Evacuation Pause) (mixed), 0.0099409 secs]
   [Parallel Time: 6.6 ms, GC Workers: 10]
      [GC Worker Start (ms): Min: 366114172.1, Avg: 366114172.1, Max: 366114172.2, Diff: 0.1]
      [Ext Root Scanning (ms): Min: 0.7, Avg: 0.9, Max: 1.5, Diff: 0.8, Sum: 9.0]
      [Update RS (ms): Min: 0.0, Avg: 0.2, Max: 0.3, Diff: 0.3, Sum: 1.6]
         [Processed Buffers: Min: 0, Avg: 1.1, Max: 3, Diff: 3, Sum: 11]
      [Scan RS (ms): Min: 0.9, Avg: 1.2, Max: 1.3, Diff: 0.4, Sum: 12.2]
      [Code Root Scanning (ms): Min: 0.0, Avg: 0.0, Max: 0.2, Diff: 0.2, Sum: 0.2]
      [Object Copy (ms): Min: 3.9, Avg: 4.0, Max: 4.1, Diff: 0.2, Sum: 40.4]
      [Termination (ms): Min: 0.0, Avg: 0.0, Max: 0.0, Diff: 0.0, Sum: 0.3]
         [Termination Attempts: Min: 1, Avg: 1.2, Max: 2, Diff: 1, Sum: 12]
      [GC Worker Other (ms): Min: 0.0, Avg: 0.0, Max: 0.0, Diff: 0.0, Sum: 0.1]
      [GC Worker Total (ms): Min: 6.3, Avg: 6.4, Max: 6.4, Diff: 0.1, Sum: 63.7]
      [GC Worker End (ms): Min: 366114178.5, Avg: 366114178.5, Max: 366114178.5, Diff: 0.0]
   [Code Root Fixup: 0.0 ms]
   [Code Root Purge: 0.0 ms]
   [String Dedup Fixup: 2.3 ms, GC Workers: 10]
      [Queue Fixup (ms): Min: 0.0, Avg: 0.0, Max: 0.0, Diff: 0.0, Sum: 0.0]
      [Table Fixup (ms): Min: 2.1, Avg: 2.2, Max: 2.2, Diff: 0.1, Sum: 22.0]
   [Clear CT: 0.4 ms]
   [Other: 0.6 ms]
      [Choose CSet: 0.0 ms]
      [Ref Proc: 0.2 ms]
      [Ref Enq: 0.0 ms]
      [Redirty Cards: 0.3 ms]
      [Humongous Register: 0.0 ms]
      [Humongous Reclaim: 0.0 ms]
      [Free CSet: 0.1 ms]
   [Eden: 12288.0K(12288.0K)->0.0B(53248.0K) Survivors: 1024.0K->1024.0K Heap: 198.3M(267.0M)->185.5M(267.0M)]
 [Times: user=0.16 sys=0.00, real=0.01 secs] 
2020-12-17T17:08:27.611+0530: 366114.182: [GC concurrent-string-deduplication, 6296.0B->3608.0B(2688.0B), avg 59.9%, 0.0000234 secs]
   [Last Exec: 0.0000234 secs, Idle: 0.0340093 secs, Blocked: 0/0.0000000 secs]
      [Inspected:              42]
         [Skipped:              0(  0.0%)]
         [Hashed:              21( 50.0%)]
         [Known:                6( 14.3%)]
         [New:                 36( 85.7%)   6296.0B]
      [Deduplicated:           22( 61.1%)   2688.0B( 42.7%)]
         [Young:               22(100.0%)   2688.0B(100.0%)]
         [Old:                  0(  0.0%)      0.0B(  0.0%)]
   [Total Exec: 1415/0.8499355 secs, Idle: 1415/366112.8593761 secs, Blocked: 126/0.0886757 secs]
      [Inspected:         2885120]
         [Skipped:              0(  0.0%)]
         [Hashed:         1188719( 41.2%)]
         [Known:           181379(  6.3%)]
         [New:            2703741( 93.7%)    209.7M]
      [Deduplicated:      1893964( 70.0%)    125.6M( 59.9%)]
         [Young:           776721( 41.0%)  61135.8K( 47.6%)]
         [Old:            1117243( 59.0%)  67430.4K( 52.4%)]
   [Table]
      [Memory Usage: 8332.5K]
      [Size: 262144, Min: 1024, Max: 16777216]
      [Entries: 262562, Load: 100.2%, Cached: 5576, Added: 965615, Removed: 703053]
      [Resize Count: 8, Shrink Threshold: 174762(66.7%), Grow Threshold: 524288(200.0%)]
      [Rehash Count: 0, Rehash Threshold: 120, Hash Seed: 0x0]
      [Age Threshold: 3]
   [Queue]
      [Dropped: 0]
[GC concurrent-string-deduplication, deleted 0 entries, 0.0000007 secs]
2020-12-17T17:08:29.090+0530: 366115.660: [GC pause (G1 Evacuation Pause) (young), 0.0107005 secs]
   [Parallel Time: 4.2 ms, GC Workers: 10]
      [GC Worker Start (ms): Min: 366115660.6, Avg: 366115660.6, Max: 366115660.6, Diff: 0.1]
      [Ext Root Scanning (ms): Min: 0.7, Avg: 0.9, Max: 1.6, Diff: 0.8, Sum: 9.0]
      [Update RS (ms): Min: 2.1, Avg: 2.7, Max: 3.0, Diff: 0.9, Sum: 26.7]
         [Processed Buffers: Min: 4, Avg: 8.1, Max: 12, Diff: 8, Sum: 81]
      [Scan RS (ms): Min: 0.0, Avg: 0.0, Max: 0.0, Diff: 0.0, Sum: 0.1]
      [Code Root Scanning (ms): Min: 0.0, Avg: 0.0, Max: 0.0, Diff: 0.0, Sum: 0.0]
      [Object Copy (ms): Min: 0.2, Avg: 0.3, Max: 0.5, Diff: 0.3, Sum: 3.1]
      [Termination (ms): Min: 0.0, Avg: 0.0, Max: 0.0, Diff: 0.0, Sum: 0.0]
         [Termination Attempts: Min: 1, Avg: 1.0, Max: 1, Diff: 0, Sum: 10]
      [GC Worker Other (ms): Min: 0.0, Avg: 0.0, Max: 0.0, Diff: 0.0, Sum: 0.2]
      [GC Worker Total (ms): Min: 3.9, Avg: 3.9, Max: 4.0, Diff: 0.1, Sum: 39.2]
      [GC Worker End (ms): Min: 366115664.5, Avg: 366115664.5, Max: 366115664.5, Diff: 0.0]
   [Code Root Fixup: 0.0 ms]
   [Code Root Purge: 0.0 ms]
   [String Dedup Fixup: 5.0 ms, GC Workers: 10]
      [Queue Fixup (ms): Min: 0.0, Avg: 0.0, Max: 0.0, Diff: 0.0, Sum: 0.0]
      [Table Fixup (ms): Min: 4.5, Avg: 4.6, Max: 4.7, Diff: 0.2, Sum: 46.4]
   [Clear CT: 0.4 ms]
   [Other: 1.2 ms]
      [Choose CSet: 0.0 ms]
      [Ref Proc: 0.5 ms]
      [Ref Enq: 0.0 ms]
      [Redirty Cards: 0.5 ms]
      [Humongous Register: 0.0 ms]
      [Humongous Reclaim: 0.0 ms]
      [Free CSet: 0.0 ms]
   [Eden: 53248.0K(53248.0K)->0.0B(53248.0K) Survivors: 1024.0K->1024.0K Heap: 237.5M(267.0M)->185.7M(267.0M)]
 [Times: user=0.16 sys=0.00, real=0.01 secs] 
2020-12-17T17:08:29.101+0530: 366115.671: [GC concurrent-string-deduplication, 3520.0B->1600.0B(1920.0B), avg 59.9%, 0.0000316 secs]
   [Last Exec: 0.0000316 secs, Idle: 1.4892396 secs, Blocked: 0/0.0000000 secs]
      [Inspected:             105]
         [Skipped:              0(  0.0%)]
         [Hashed:              13( 12.4%)]
         [Known:               86( 81.9%)]
         [New:                 19( 18.1%)   3520.0B]
      [Deduplicated:           10( 52.6%)   1920.0B( 54.5%)]
         [Young:               10(100.0%)   1920.0B(100.0%)]
         [Old:                  0(  0.0%)      0.0B(  0.0%)]
   [Total Exec: 1416/0.8499671 secs, Idle: 1416/366114.3486157 secs, Blocked: 126/0.0886757 secs]
      [Inspected:         2885225]
         [Skipped:              0(  0.0%)]
         [Hashed:         1188732( 41.2%)]
         [Known:           181465(  6.3%)]
         [New:            2703760( 93.7%)    209.7M]
      [Deduplicated:      1893974( 70.0%)    125.6M( 59.9%)]
         [Young:           776731( 41.0%)  61137.7K( 47.6%)]
         [Old:            1117243( 59.0%)  67430.4K( 52.4%)]
   [Table]
      [Memory Usage: 8332.5K]
      [Size: 262144, Min: 1024, Max: 16777216]
      [Entries: 262677, Load: 100.2%, Cached: 5461, Added: 965748, Removed: 703071]
      [Resize Count: 8, Shrink Threshold: 174762(66.7%), Grow Threshold: 524288(200.0%)]
      [Rehash Count: 0, Rehash Threshold: 120, Hash Seed: 0x0]
      [Age Threshold: 3]
   [Queue]
      [Dropped: 0]
[GC concurrent-string-deduplication, deleted 0 entries, 0.0000007 secs]
2020-12-17T17:08:50.258+0530: 366136.828: [GC pause (G1 Humongous Allocation) (young) (initial-mark), 0.0097255 secs]
   [Parallel Time: 3.0 ms, GC Workers: 10]
      [GC Worker Start (ms): Min: 366136828.5, Avg: 366136828.5, Max: 366136828.6, Diff: 0.1]
      [Ext Root Scanning (ms): Min: 1.6, Avg: 1.7, Max: 1.9, Diff: 0.2, Sum: 17.2]
      [Update RS (ms): Min: 0.5, Avg: 0.7, Max: 0.9, Diff: 0.4, Sum: 6.9]
         [Processed Buffers: Min: 2, Avg: 4.5, Max: 10, Diff: 8, Sum: 45]
      [Scan RS (ms): Min: 0.0, Avg: 0.0, Max: 0.0, Diff: 0.0, Sum: 0.0]
      [Code Root Scanning (ms): Min: 0.0, Avg: 0.0, Max: 0.0, Diff: 0.0, Sum: 0.0]
      [Object Copy (ms): Min: 0.1, Avg: 0.4, Max: 0.5, Diff: 0.4, Sum: 3.7]
      [Termination (ms): Min: 0.0, Avg: 0.0, Max: 0.0, Diff: 0.0, Sum: 0.4]
         [Termination Attempts: Min: 1, Avg: 1.4, Max: 2, Diff: 1, Sum: 14]
      [GC Worker Other (ms): Min: 0.0, Avg: 0.0, Max: 0.0, Diff: 0.0, Sum: 0.1]
      [GC Worker Total (ms): Min: 2.8, Avg: 2.8, Max: 2.9, Diff: 0.1, Sum: 28.3]
      [GC Worker End (ms): Min: 366136831.4, Avg: 366136831.4, Max: 366136831.4, Diff: 0.0]
   [Code Root Fixup: 0.0 ms]
   [Code Root Purge: 0.0 ms]
   [String Dedup Fixup: 5.0 ms, GC Workers: 10]
      [Queue Fixup (ms): Min: 0.0, Avg: 0.0, Max: 0.0, Diff: 0.0, Sum: 0.0]
      [Table Fixup (ms): Min: 4.2, Avg: 4.4, Max: 4.5, Diff: 0.3, Sum: 43.6]
   [Clear CT: 0.9 ms]
   [Other: 0.9 ms]
      [Choose CSet: 0.0 ms]
      [Ref Proc: 0.1 ms]
      [Ref Enq: 0.0 ms]
      [Redirty Cards: 0.5 ms]
      [Humongous Register: 0.0 ms]
      [Humongous Reclaim: 0.0 ms]
      [Free CSet: 0.0 ms]
   [Eden: 35840.0K(53248.0K)->0.0B(51200.0K) Survivors: 1024.0K->2048.0K Heap: 220.6M(267.0M)->186.0M(267.0M)]
 [Times: user=0.02 sys=0.00, real=0.01 secs] 
2020-12-17T17:08:50.268+0530: 366136.838: [GC concurrent-root-region-scan-start]
2020-12-17T17:08:50.270+0530: 366136.841: [GC concurrent-root-region-scan-end, 0.0028676 secs]
2020-12-17T17:08:50.270+0530: 366136.841: [GC concurrent-mark-start]
2020-12-17T17:08:50.373+0530: 366136.943: [GC concurrent-mark-end, 0.1020963 secs]
2020-12-17T17:08:50.373+0530: 366136.944: [GC remark 2020-12-17T17:08:50.373+0530: 366136.944: [Finalize Marking, 0.0003364 secs] 2020-12-17T17:08:50.373+0530: 366136.944: [GC ref-proc, 0.0008378 secs] 2020-12-17T17:08:50.374+0530: 366136.945: [Unloading, 0.0269002 secs], 0.0289258 secs]
 [Times: user=0.17 sys=0.00, real=0.03 secs] 
2020-12-17T17:08:50.402+0530: 366136.973: [GC cleanup 190M->190M(267M), 0.0018525 secs]
 [Times: user=0.00 sys=0.00, real=0.00 secs] 
2020-12-17T17:08:52.530+0530: 366139.101: [GC pause (G1 Evacuation Pause) (young), 0.0094146 secs]
   [Parallel Time: 4.8 ms, GC Workers: 10]
      [GC Worker Start (ms): Min: 366139100.8, Avg: 366139100.9, Max: 366139100.9, Diff: 0.1]
      [Ext Root Scanning (ms): Min: 1.8, Avg: 2.3, Max: 4.3, Diff: 2.4, Sum: 22.9]
      [Update RS (ms): Min: 0.0, Avg: 1.0, Max: 2.0, Diff: 2.0, Sum: 10.4]
         [Processed Buffers: Min: 0, Avg: 4.2, Max: 9, Diff: 9, Sum: 42]
      [Scan RS (ms): Min: 0.0, Avg: 0.0, Max: 0.1, Diff: 0.1, Sum: 0.3]
      [Code Root Scanning (ms): Min: 0.0, Avg: 0.0, Max: 0.0, Diff: 0.0, Sum: 0.0]
      [Object Copy (ms): Min: 0.0, Avg: 0.6, Max: 0.9, Diff: 0.9, Sum: 6.2]
      [Termination (ms): Min: 0.0, Avg: 0.3, Max: 0.4, Diff: 0.4, Sum: 3.1]
         [Termination Attempts: Min: 1, Avg: 3.5, Max: 5, Diff: 4, Sum: 35]
      [GC Worker Other (ms): Min: 0.0, Avg: 0.0, Max: 0.0, Diff: 0.0, Sum: 0.1]
      [GC Worker Total (ms): Min: 4.3, Avg: 4.3, Max: 4.4, Diff: 0.1, Sum: 43.1]
      [GC Worker End (ms): Min: 366139105.2, Avg: 366139105.2, Max: 366139105.2, Diff: 0.0]
   [Code Root Fixup: 0.0 ms]
   [Code Root Purge: 0.0 ms]
   [String Dedup Fixup: 2.9 ms, GC Workers: 10]
      [Queue Fixup (ms): Min: 0.0, Avg: 0.0, Max: 0.0, Diff: 0.0, Sum: 0.0]
      [Table Fixup (ms): Min: 2.3, Avg: 2.3, Max: 2.5, Diff: 0.2, Sum: 23.3]
   [Clear CT: 0.9 ms]
   [Other: 0.8 ms]
      [Choose CSet: 0.0 ms]
      [Ref Proc: 0.4 ms]
      [Ref Enq: 0.0 ms]
      [Redirty Cards: 0.2 ms]
      [Humongous Register: 0.0 ms]
      [Humongous Reclaim: 0.0 ms]
      [Free CSet: 0.0 ms]
   [Eden: 51200.0K(51200.0K)->0.0B(51200.0K) Survivors: 2048.0K->2048.0K Heap: 238.0M(267.0M)->186.0M(267.0M)]
 [Times: user=0.16 sys=0.00, real=0.01 secs] 
2020-12-17T17:08:52.540+0530: 366139.110: [GC concurrent-string-deduplication, 4784.0B->968.0B(3816.0B), avg 59.9%, 0.0000713 secs]
   [Last Exec: 0.0000713 secs, Idle: 23.4388060 secs, Blocked: 0/0.0000000 secs]
      [Inspected:             202]
         [Skipped:              0(  0.0%)]
         [Hashed:              20(  9.9%)]
         [Known:              128( 63.4%)]
         [New:                 74( 36.6%)   4784.0B]
      [Deduplicated:           53( 71.6%)   3816.0B( 79.8%)]
         [Young:               53(100.0%)   3816.0B(100.0%)]
         [Old:                  0(  0.0%)      0.0B(  0.0%)]
   [Total Exec: 1417/0.8500384 secs, Idle: 1417/366137.7874217 secs, Blocked: 126/0.0886757 secs]
      [Inspected:         2885427]
         [Skipped:              0(  0.0%)]
         [Hashed:         1188752( 41.2%)]
         [Known:           181593(  6.3%)]
         [New:            2703834( 93.7%)    209.7M]
      [Deduplicated:      1894027( 70.0%)    125.6M( 59.9%)]
         [Young:           776784( 41.0%)  61141.4K( 47.6%)]
         [Old:            1117243( 59.0%)  67430.4K( 52.4%)]
   [Table]
      [Memory Usage: 8332.5K]
      [Size: 262144, Min: 1024, Max: 16777216]
      [Entries: 262850, Load: 100.3%, Cached: 5288, Added: 965968, Removed: 703118]
      [Resize Count: 8, Shrink Threshold: 174762(66.7%), Grow Threshold: 524288(200.0%)]
      [Rehash Count: 0, Rehash Threshold: 120, Hash Seed: 0x0]
      [Age Threshold: 3]
   [Queue]
      [Dropped: 0]
[GC concurrent-string-deduplication, deleted 0 entries, 0.0000006 secs]
2020-12-17T17:08:54.090+0530: 366140.660: [GC pause (G1 Humongous Allocation) (young) (initial-mark), 0.0087022 secs]
   [Parallel Time: 4.2 ms, GC Workers: 10]
      [GC Worker Start (ms): Min: 366140660.3, Avg: 366140660.4, Max: 366140660.5, Diff: 0.2]
      [Ext Root Scanning (ms): Min: 2.1, Avg: 2.3, Max: 2.4, Diff: 0.3, Sum: 22.7]
      [Update RS (ms): Min: 0.2, Avg: 0.4, Max: 1.1, Diff: 0.8, Sum: 4.3]
         [Processed Buffers: Min: 1, Avg: 2.7, Max: 8, Diff: 7, Sum: 27]
      [Scan RS (ms): Min: 0.0, Avg: 0.0, Max: 0.0, Diff: 0.0, Sum: 0.1]
      [Code Root Scanning (ms): Min: 0.0, Avg: 0.0, Max: 0.0, Diff: 0.0, Sum: 0.0]
      [Object Copy (ms): Min: 0.3, Avg: 0.5, Max: 0.6, Diff: 0.4, Sum: 4.5]
      [Termination (ms): Min: 0.0, Avg: 0.4, Max: 0.5, Diff: 0.5, Sum: 4.4]
         [Termination Attempts: Min: 1, Avg: 2.7, Max: 4, Diff: 3, Sum: 27]
      [GC Worker Other (ms): Min: 0.0, Avg: 0.1, Max: 0.2, Diff: 0.1, Sum: 0.9]
      [GC Worker Total (ms): Min: 3.6, Avg: 3.7, Max: 3.8, Diff: 0.2, Sum: 36.9]
      [GC Worker End (ms): Min: 366140664.1, Avg: 366140664.1, Max: 366140664.2, Diff: 0.1]
   [Code Root Fixup: 0.1 ms]
   [Code Root Purge: 0.0 ms]
   [String Dedup Fixup: 3.0 ms, GC Workers: 10]
      [Queue Fixup (ms): Min: 0.0, Avg: 0.0, Max: 0.0, Diff: 0.0, Sum: 0.0]
      [Table Fixup (ms): Min: 2.7, Avg: 2.8, Max: 2.8, Diff: 0.2, Sum: 27.6]
   [Clear CT: 0.3 ms]
   [Other: 1.1 ms]
      [Choose CSet: 0.0 ms]
      [Ref Proc: 0.6 ms]
      [Ref Enq: 0.0 ms]
      [Redirty Cards: 0.2 ms]
      [Humongous Register: 0.0 ms]
      [Humongous Reclaim: 0.0 ms]
      [Free CSet: 0.1 ms]
   [Eden: 39936.0K(51200.0K)->0.0B(51200.0K) Survivors: 2048.0K->2048.0K Heap: 224.5M(267.0M)->186.2M(267.0M)]
 [Times: user=0.00 sys=0.00, real=0.01 secs] 
2020-12-17T17:08:54.099+0530: 366140.669: [GC concurrent-root-region-scan-start]
2020-12-17T17:08:54.099+0530: 366140.670: [GC concurrent-string-deduplication, 2064.0B->1672.0B(392.0B), avg 59.9%, 0.0002797 secs]
   [Last Exec: 0.0002797 secs, Idle: 1.5589709 secs, Blocked: 0/0.0000000 secs]
      [Inspected:             152]
         [Skipped:              0(  0.0%)]
         [Hashed:               7(  4.6%)]
         [Known:              136( 89.5%)]
         [New:                 16( 10.5%)   2064.0B]
      [Deduplicated:            6( 37.5%)    392.0B( 19.0%)]
         [Young:                6(100.0%)    392.0B(100.0%)]
         [Old:                  0(  0.0%)      0.0B(  0.0%)]
   [Total Exec: 1418/0.8503181 secs, Idle: 1418/366139.3463926 secs, Blocked: 126/0.0886757 secs]
      [Inspected:         2885579]
         [Skipped:              0(  0.0%)]
         [Hashed:         1188759( 41.2%)]
         [Known:           181729(  6.3%)]
         [New:            2703850( 93.7%)    209.7M]
      [Deduplicated:      1894033( 70.0%)    125.6M( 59.9%)]
         [Young:           776790( 41.0%)  61141.8K( 47.6%)]
         [Old:            1117243( 59.0%)  67430.4K( 52.4%)]
   [Table]
      [Memory Usage: 8332.5K]
      [Size: 262144, Min: 1024, Max: 16777216]
      [Entries: 262858, Load: 100.3%, Cached: 5280, Added: 965981, Removed: 703123]
      [Resize Count: 8, Shrink Threshold: 174762(66.7%), Grow Threshold: 524288(200.0%)]
      [Rehash Count: 0, Rehash Threshold: 120, Hash Seed: 0x0]
      [Age Threshold: 3]
   [Queue]
      [Dropped: 0]
[GC concurrent-string-deduplication, deleted 0 entries, 0.0000033 secs]
2020-12-17T17:08:54.102+0530: 366140.672: [GC concurrent-root-region-scan-end, 0.0029046 secs]
2020-12-17T17:08:54.102+0530: 366140.672: [GC concurrent-mark-start]
2020-12-17T17:08:54.204+0530: 366140.775: [GC concurrent-mark-end, 0.1025741 secs]
2020-12-17T17:08:54.205+0530: 366140.775: [GC remark 2020-12-17T17:08:54.205+0530: 366140.775: [Finalize Marking, 0.0004252 secs] 2020-12-17T17:08:54.205+0530: 366140.776: [GC ref-proc, 0.0005134 secs] 2020-12-17T17:08:54.206+0530: 366140.776: [Unloading, 0.0266638 secs], 0.0284581 secs]
 [Times: user=0.14 sys=0.00, real=0.03 secs] 
2020-12-17T17:08:54.234+0530: 366140.804: [GC cleanup 189M->189M(267M), 0.0025454 secs]
 [Times: user=0.14 sys=0.00, real=0.00 secs] 
2020-12-17T17:09:01.029+0530: 366147.599: [GC pause (G1 Evacuation Pause) (young), 0.0088962 secs]
   [Parallel Time: 3.3 ms, GC Workers: 10]
      [GC Worker Start (ms): Min: 366147599.5, Avg: 366147599.5, Max: 366147599.6, Diff: 0.1]
      [Ext Root Scanning (ms): Min: 0.8, Avg: 1.1, Max: 2.7, Diff: 1.9, Sum: 10.6]
      [Update RS (ms): Min: 0.0, Avg: 0.9, Max: 1.9, Diff: 1.9, Sum: 9.2]
         [Processed Buffers: Min: 0, Avg: 5.0, Max: 13, Diff: 13, Sum: 50]
      [Scan RS (ms): Min: 0.0, Avg: 0.0, Max: 0.0, Diff: 0.0, Sum: 0.2]
      [Code Root Scanning (ms): Min: 0.0, Avg: 0.0, Max: 0.0, Diff: 0.0, Sum: 0.0]
      [Object Copy (ms): Min: 0.0, Avg: 0.5, Max: 0.8, Diff: 0.8, Sum: 5.2]
      [Termination (ms): Min: 0.0, Avg: 0.5, Max: 0.5, Diff: 0.5, Sum: 4.6]
         [Termination Attempts: Min: 1, Avg: 11.4, Max: 23, Diff: 22, Sum: 114]
      [GC Worker Other (ms): Min: 0.0, Avg: 0.0, Max: 0.1, Diff: 0.0, Sum: 0.2]
      [GC Worker Total (ms): Min: 2.9, Avg: 3.0, Max: 3.1, Diff: 0.2, Sum: 29.9]
      [GC Worker End (ms): Min: 366147602.5, Avg: 366147602.5, Max: 366147602.6, Diff: 0.0]
   [Code Root Fixup: 0.1 ms]
   [Code Root Purge: 0.0 ms]
   [String Dedup Fixup: 4.4 ms, GC Workers: 10]
      [Queue Fixup (ms): Min: 0.0, Avg: 0.0, Max: 0.0, Diff: 0.0, Sum: 0.0]
      [Table Fixup (ms): Min: 3.1, Avg: 4.0, Max: 4.2, Diff: 1.1, Sum: 40.3]
   [Clear CT: 0.4 ms]
   [Other: 0.7 ms]
      [Choose CSet: 0.0 ms]
      [Ref Proc: 0.4 ms]
      [Ref Enq: 0.0 ms]
      [Redirty Cards: 0.2 ms]
      [Humongous Register: 0.0 ms]
      [Humongous Reclaim: 0.0 ms]
      [Free CSet: 0.0 ms]
   [Eden: 51200.0K(51200.0K)->0.0B(11264.0K) Survivors: 2048.0K->2048.0K Heap: 238.2M(267.0M)->186.5M(267.0M)]
 [Times: user=0.11 sys=0.00, real=0.01 secs] 
2020-12-17T17:09:01.038+0530: 366147.609: [GC concurrent-string-deduplication, 4232.0B->2976.0B(1256.0B), avg 59.9%, 0.0000759 secs]
   [Last Exec: 0.0000759 secs, Idle: 6.9387371 secs, Blocked: 0/0.0000000 secs]
      [Inspected:             138]
         [Skipped:              0(  0.0%)]
         [Hashed:              24( 17.4%)]
         [Known:               81( 58.7%)]
         [New:                 57( 41.3%)   4232.0B]
      [Deduplicated:           30( 52.6%)   1256.0B( 29.7%)]
         [Young:               30(100.0%)   1256.0B(100.0%)]
         [Old:                  0(  0.0%)      0.0B(  0.0%)]
   [Total Exec: 1419/0.8503940 secs, Idle: 1419/366146.2851297 secs, Blocked: 126/0.0886757 secs]
      [Inspected:         2885717]
         [Skipped:              0(  0.0%)]
         [Hashed:         1188783( 41.2%)]
         [Known:           181810(  6.3%)]
         [New:            2703907( 93.7%)    209.7M]
      [Deduplicated:      1894063( 70.0%)    125.6M( 59.9%)]
         [Young:           776820( 41.0%)  61143.0K( 47.6%)]
         [Old:            1117243( 59.0%)  67430.4K( 52.4%)]
   [Table]
      [Memory Usage: 8332.5K]
      [Size: 262144, Min: 1024, Max: 16777216]
      [Entries: 262932, Load: 100.3%, Cached: 5206, Added: 966073, Removed: 703141]
      [Resize Count: 8, Shrink Threshold: 174762(66.7%), Grow Threshold: 524288(200.0%)]
      [Rehash Count: 0, Rehash Threshold: 120, Hash Seed: 0x0]
      [Age Threshold: 3]
   [Queue]
      [Dropped: 0]
[GC concurrent-string-deduplication, deleted 0 entries, 0.0000007 secs]
2020-12-17T17:09:02.386+0530: 366148.957: [GC pause (G1 Evacuation Pause) (mixed), 0.0106187 secs]
   [Parallel Time: 6.3 ms, GC Workers: 10]
      [GC Worker Start (ms): Min: 366148956.8, Avg: 366148956.9, Max: 366148957.0, Diff: 0.1]
      [Ext Root Scanning (ms): Min: 0.8, Avg: 1.4, Max: 6.0, Diff: 5.3, Sum: 14.3]
      [Update RS (ms): Min: 0.0, Avg: 0.3, Max: 0.7, Diff: 0.7, Sum: 3.4]
         [Processed Buffers: Min: 0, Avg: 2.4, Max: 6, Diff: 6, Sum: 24]
      [Scan RS (ms): Min: 0.0, Avg: 0.1, Max: 0.2, Diff: 0.2, Sum: 1.2]
      [Code Root Scanning (ms): Min: 0.0, Avg: 0.0, Max: 0.0, Diff: 0.0, Sum: 0.0]
      [Object Copy (ms): Min: 0.0, Avg: 1.2, Max: 1.4, Diff: 1.4, Sum: 11.9]
      [Termination (ms): Min: 0.0, Avg: 3.0, Max: 3.3, Diff: 3.3, Sum: 30.0]
         [Termination Attempts: Min: 1, Avg: 2.2, Max: 3, Diff: 2, Sum: 22]
      [GC Worker Other (ms): Min: 0.0, Avg: 0.0, Max: 0.0, Diff: 0.0, Sum: 0.1]
      [GC Worker Total (ms): Min: 6.0, Avg: 6.1, Max: 6.2, Diff: 0.1, Sum: 60.9]
      [GC Worker End (ms): Min: 366148963.0, Avg: 366148963.0, Max: 366148963.0, Diff: 0.0]
   [Code Root Fixup: 0.0 ms]
   [Code Root Purge: 0.0 ms]
   [String Dedup Fixup: 2.5 ms, GC Workers: 10]
      [Queue Fixup (ms): Min: 0.0, Avg: 0.0, Max: 0.0, Diff: 0.0, Sum: 0.0]
      [Table Fixup (ms): Min: 1.9, Avg: 2.0, Max: 2.2, Diff: 0.3, Sum: 20.5]
   [Clear CT: 0.5 ms]
   [Other: 1.3 ms]
      [Choose CSet: 0.0 ms]
      [Ref Proc: 0.5 ms]
      [Ref Enq: 0.0 ms]
      [Redirty Cards: 0.7 ms]
      [Humongous Register: 0.0 ms]
      [Humongous Reclaim: 0.0 ms]
      [Free CSet: 0.0 ms]
   [Eden: 11264.0K(11264.0K)->0.0B(51200.0K) Survivors: 2048.0K->2048.0K Heap: 197.5M(267.0M)->186.0M(267.0M)]
 [Times: user=0.16 sys=0.00, real=0.01 secs] 
2020-12-17T17:09:02.397+0530: 366148.968: [GC concurrent-string-deduplication, 2344.0B->824.0B(1520.0B), avg 59.9%, 0.0000105 secs]
   [Last Exec: 0.0000105 secs, Idle: 1.3589534 secs, Blocked: 0/0.0000000 secs]
      [Inspected:              16]
         [Skipped:              0(  0.0%)]
         [Hashed:               7( 43.8%)]
         [Known:                3( 18.8%)]
         [New:                 13( 81.3%)   2344.0B]
      [Deduplicated:           10( 76.9%)   1520.0B( 64.8%)]
         [Young:               10(100.0%)   1520.0B(100.0%)]
         [Old:                  0(  0.0%)      0.0B(  0.0%)]
   [Total Exec: 1420/0.8504045 secs, Idle: 1420/366147.6440831 secs, Blocked: 126/0.0886757 secs]
      [Inspected:         2885733]
         [Skipped:              0(  0.0%)]
         [Hashed:         1188790( 41.2%)]
         [Known:           181813(  6.3%)]
         [New:            2703920( 93.7%)    209.7M]
      [Deduplicated:      1894073( 70.0%)    125.6M( 59.9%)]
         [Young:           776830( 41.0%)  61144.5K( 47.6%)]
         [Old:            1117243( 59.0%)  67430.4K( 52.4%)]
   [Table]
      [Memory Usage: 8332.5K]
      [Size: 262144, Min: 1024, Max: 16777216]
      [Entries: 262939, Load: 100.3%, Cached: 5199, Added: 966088, Removed: 703149]
      [Resize Count: 8, Shrink Threshold: 174762(66.7%), Grow Threshold: 524288(200.0%)]
      [Rehash Count: 0, Rehash Threshold: 120, Hash Seed: 0x0]
      [Age Threshold: 3]
   [Queue]
      [Dropped: 0]
[GC concurrent-string-deduplication, deleted 0 entries, 0.0000007 secs]
2020-12-17T17:09:02.823+0530: 366149.394: [GC pause (G1 Humongous Allocation) (young) (initial-mark), 0.0099316 secs]
   [Parallel Time: 3.9 ms, GC Workers: 10]
      [GC Worker Start (ms): Min: 366149393.8, Avg: 366149393.9, Max: 366149394.0, Diff: 0.1]
      [Ext Root Scanning (ms): Min: 1.7, Avg: 1.8, Max: 2.0, Diff: 0.3, Sum: 18.1]
      [Update RS (ms): Min: 0.7, Avg: 0.9, Max: 1.5, Diff: 0.8, Sum: 8.7]
         [Processed Buffers: Min: 1, Avg: 2.8, Max: 5, Diff: 4, Sum: 28]
      [Scan RS (ms): Min: 0.0, Avg: 0.0, Max: 0.0, Diff: 0.0, Sum: 0.0]
      [Code Root Scanning (ms): Min: 0.0, Avg: 0.0, Max: 0.0, Diff: 0.0, Sum: 0.0]
      [Object Copy (ms): Min: 0.1, Avg: 0.3, Max: 0.5, Diff: 0.4, Sum: 3.0]
      [Termination (ms): Min: 0.0, Avg: 0.5, Max: 0.6, Diff: 0.6, Sum: 5.0]
         [Termination Attempts: Min: 1, Avg: 8.2, Max: 14, Diff: 13, Sum: 82]
      [GC Worker Other (ms): Min: 0.0, Avg: 0.0, Max: 0.0, Diff: 0.0, Sum: 0.1]
      [GC Worker Total (ms): Min: 3.4, Avg: 3.5, Max: 3.6, Diff: 0.1, Sum: 35.0]
      [GC Worker End (ms): Min: 366149397.4, Avg: 366149397.4, Max: 366149397.4, Diff: 0.0]
   [Code Root Fixup: 0.0 ms]
   [Code Root Purge: 0.0 ms]
   [String Dedup Fixup: 3.7 ms, GC Workers: 10]
      [Queue Fixup (ms): Min: 0.0, Avg: 0.0, Max: 0.0, Diff: 0.0, Sum: 0.0]
      [Table Fixup (ms): Min: 2.6, Avg: 3.2, Max: 3.4, Diff: 0.8, Sum: 32.5]
   [Clear CT: 0.2 ms]
   [Other: 2.1 ms]
      [Choose CSet: 0.0 ms]
      [Ref Proc: 0.6 ms]
      [Ref Enq: 0.0 ms]
      [Redirty Cards: 0.7 ms]
      [Humongous Register: 0.0 ms]
      [Humongous Reclaim: 0.0 ms]
      [Free CSet: 0.2 ms]
   [Eden: 40960.0K(51200.0K)->0.0B(53248.0K) Survivors: 2048.0K->1024.0K Heap: 225.5M(267.0M)->185.8M(267.0M)]
 [Times: user=0.00 sys=0.00, real=0.01 secs] 
2020-12-17T17:09:02.833+0530: 366149.404: [GC concurrent-root-region-scan-start]
2020-12-17T17:09:02.833+0530: 366149.404: [GC concurrent-string-deduplication, 7544.0B->3320.0B(4224.0B), avg 59.9%, 0.0001767 secs]
   [Last Exec: 0.0001767 secs, Idle: 0.4363265 secs, Blocked: 0/0.0000000 secs]
      [Inspected:             144]
         [Skipped:              0(  0.0%)]
         [Hashed:              59( 41.0%)]
         [Known:               68( 47.2%)]
         [New:                 76( 52.8%)   7544.0B]
      [Deduplicated:           61( 80.3%)   4224.0B( 56.0%)]
         [Young:               61(100.0%)   4224.0B(100.0%)]
         [Old:                  0(  0.0%)      0.0B(  0.0%)]
   [Total Exec: 1421/0.8505812 secs, Idle: 1421/366148.0804096 secs, Blocked: 126/0.0886757 secs]
      [Inspected:         2885877]
         [Skipped:              0(  0.0%)]
         [Hashed:         1188849( 41.2%)]
         [Known:           181881(  6.3%)]
         [New:            2703996( 93.7%)    209.7M]
      [Deduplicated:      1894134( 70.0%)    125.6M( 59.9%)]
         [Young:           776891( 41.0%)  61148.6K( 47.6%)]
         [Old:            1117243( 59.0%)  67430.4K( 52.4%)]
   [Table]
      [Memory Usage: 8332.5K]
      [Size: 262144, Min: 1024, Max: 16777216]
      [Entries: 262972, Load: 100.3%, Cached: 5166, Added: 966122, Removed: 703150]
      [Resize Count: 8, Shrink Threshold: 174762(66.7%), Grow Threshold: 524288(200.0%)]
      [Rehash Count: 0, Rehash Threshold: 120, Hash Seed: 0x0]
      [Age Threshold: 3]
   [Queue]
      [Dropped: 0]
[GC concurrent-string-deduplication, deleted 0 entries, 0.0000011 secs]
2020-12-17T17:09:02.835+0530: 366149.406: [GC concurrent-root-region-scan-end, 0.0021954 secs]
2020-12-17T17:09:02.835+0530: 366149.406: [GC concurrent-mark-start]
2020-12-17T17:09:02.972+0530: 366149.543: [GC concurrent-mark-end, 0.1369688 secs]
2020-12-17T17:09:02.973+0530: 366149.544: [GC remark 2020-12-17T17:09:02.973+0530: 366149.544: [Finalize Marking, 0.0002572 secs] 2020-12-17T17:09:02.973+0530: 366149.544: [GC ref-proc, 0.0008436 secs] 2020-12-17T17:09:02.974+0530: 366149.545: [Unloading, 0.0263294 secs], 0.0282324 secs]
 [Times: user=0.31 sys=0.00, real=0.03 secs] 
2020-12-17T17:09:03.003+0530: 366149.573: [GC cleanup 188M->188M(267M), 0.0019754 secs]
 [Times: user=0.00 sys=0.00, real=0.00 secs] 
2020-12-17T17:09:06.487+0530: 366153.058: [GC pause (G1 Evacuation Pause) (young), 0.0116953 secs]
   [Parallel Time: 7.2 ms, GC Workers: 10]
      [GC Worker Start (ms): Min: 366153058.5, Avg: 366153058.6, Max: 366153058.6, Diff: 0.1]
      [Ext Root Scanning (ms): Min: 0.8, Avg: 1.5, Max: 6.6, Diff: 5.8, Sum: 14.9]
      [Update RS (ms): Min: 0.0, Avg: 0.4, Max: 0.8, Diff: 0.8, Sum: 4.4]
         [Processed Buffers: Min: 0, Avg: 4.4, Max: 11, Diff: 11, Sum: 44]
      [Scan RS (ms): Min: 0.0, Avg: 0.0, Max: 0.0, Diff: 0.0, Sum: 0.1]
      [Code Root Scanning (ms): Min: 0.0, Avg: 0.0, Max: 0.0, Diff: 0.0, Sum: 0.0]
      [Object Copy (ms): Min: 0.0, Avg: 0.3, Max: 0.5, Diff: 0.4, Sum: 2.6]
      [Termination (ms): Min: 0.0, Avg: 4.4, Max: 5.0, Diff: 5.0, Sum: 44.3]
         [Termination Attempts: Min: 1, Avg: 2.6, Max: 5, Diff: 4, Sum: 26]
      [GC Worker Other (ms): Min: 0.0, Avg: 0.0, Max: 0.0, Diff: 0.0, Sum: 0.2]
      [GC Worker Total (ms): Min: 6.6, Avg: 6.6, Max: 6.7, Diff: 0.1, Sum: 66.4]
      [GC Worker End (ms): Min: 366153065.2, Avg: 366153065.2, Max: 366153065.2, Diff: 0.0]
   [Code Root Fixup: 0.0 ms]
   [Code Root Purge: 0.0 ms]
   [String Dedup Fixup: 3.0 ms, GC Workers: 10]
      [Queue Fixup (ms): Min: 0.0, Avg: 0.0, Max: 0.0, Diff: 0.0, Sum: 0.0]
      [Table Fixup (ms): Min: 2.7, Avg: 2.8, Max: 2.8, Diff: 0.2, Sum: 27.6]
   [Clear CT: 0.3 ms]
   [Other: 1.2 ms]
      [Choose CSet: 0.0 ms]
      [Ref Proc: 0.6 ms]
      [Ref Enq: 0.0 ms]
      [Redirty Cards: 0.4 ms]
      [Humongous Register: 0.0 ms]
      [Humongous Reclaim: 0.0 ms]
      [Free CSet: 0.0 ms]
   [Eden: 53248.0K(53248.0K)->0.0B(53248.0K) Survivors: 1024.0K->1024.0K Heap: 238.8M(267.0M)->185.9M(267.0M)]
 [Times: user=0.00 sys=0.00, real=0.01 secs] 
2020-12-17T17:09:06.499+0530: 366153.070: [GC concurrent-string-deduplication, 584.0B->280.0B(304.0B), avg 59.9%, 0.0000094 secs]
   [Last Exec: 0.0000094 secs, Idle: 3.6662460 secs, Blocked: 0/0.0000000 secs]
      [Inspected:              15]
         [Skipped:              0(  0.0%)]
         [Hashed:               2( 13.3%)]
         [Known:               12( 80.0%)]
         [New:                  3( 20.0%)    584.0B]
      [Deduplicated:            2( 66.7%)    304.0B( 52.1%)]
         [Young:                2(100.0%)    304.0B(100.0%)]
         [Old:                  0(  0.0%)      0.0B(  0.0%)]
   [Total Exec: 1422/0.8505906 secs, Idle: 1422/366151.7466556 secs, Blocked: 126/0.0886757 secs]
      [Inspected:         2885892]
         [Skipped:              0(  0.0%)]
         [Hashed:         1188851( 41.2%)]
         [Known:           181893(  6.3%)]
         [New:            2703999( 93.7%)    209.7M]
      [Deduplicated:      1894136( 70.0%)    125.6M( 59.9%)]
         [Young:           776893( 41.0%)  61148.9K( 47.6%)]
         [Old:            1117243( 59.0%)  67430.4K( 52.4%)]
   [Table]
      [Memory Usage: 8332.5K]
      [Size: 262144, Min: 1024, Max: 16777216]
      [Entries: 262902, Load: 100.3%, Cached: 5236, Added: 966132, Removed: 703230]
      [Resize Count: 8, Shrink Threshold: 174762(66.7%), Grow Threshold: 524288(200.0%)]
      [Rehash Count: 0, Rehash Threshold: 120, Hash Seed: 0x0]
      [Age Threshold: 3]
   [Queue]
      [Dropped: 0]
[GC concurrent-string-deduplication, deleted 0 entries, 0.0000008 secs]
2020-12-17T17:09:06.850+0530: 366153.421: [GC pause (G1 Evacuation Pause) (young), 0.0132004 secs]
   [Parallel Time: 9.3 ms, GC Workers: 10]
      [GC Worker Start (ms): Min: 366153421.1, Avg: 366153421.2, Max: 366153421.2, Diff: 0.1]
      [Ext Root Scanning (ms): Min: 0.9, Avg: 1.9, Max: 8.9, Diff: 8.1, Sum: 18.5]
      [Update RS (ms): Min: 0.0, Avg: 0.4, Max: 1.2, Diff: 1.2, Sum: 4.3]
         [Processed Buffers: Min: 0, Avg: 1.9, Max: 7, Diff: 7, Sum: 19]
      [Scan RS (ms): Min: 0.0, Avg: 0.0, Max: 0.0, Diff: 0.0, Sum: 0.1]
      [Code Root Scanning (ms): Min: 0.0, Avg: 0.0, Max: 0.0, Diff: 0.0, Sum: 0.0]
      [Object Copy (ms): Min: 0.1, Avg: 0.4, Max: 0.7, Diff: 0.7, Sum: 4.2]
      [Termination (ms): Min: 0.0, Avg: 6.3, Max: 7.1, Diff: 7.1, Sum: 62.7]
         [Termination Attempts: Min: 2, Avg: 8.9, Max: 17, Diff: 15, Sum: 89]
      [GC Worker Other (ms): Min: 0.0, Avg: 0.0, Max: 0.0, Diff: 0.0, Sum: 0.2]
      [GC Worker Total (ms): Min: 8.9, Avg: 9.0, Max: 9.1, Diff: 0.1, Sum: 90.0]
      [GC Worker End (ms): Min: 366153430.2, Avg: 366153430.2, Max: 366153430.2, Diff: 0.0]
   [Code Root Fixup: 0.0 ms]
   [Code Root Purge: 0.0 ms]
   [String Dedup Fixup: 2.8 ms, GC Workers: 10]
      [Queue Fixup (ms): Min: 0.0, Avg: 0.0, Max: 0.0, Diff: 0.0, Sum: 0.0]
      [Table Fixup (ms): Min: 2.2, Avg: 2.4, Max: 2.5, Diff: 0.3, Sum: 24.5]
   [Clear CT: 0.4 ms]
   [Other: 0.7 ms]
      [Choose CSet: 0.0 ms]
      [Ref Proc: 0.2 ms]
      [Ref Enq: 0.0 ms]
      [Redirty Cards: 0.3 ms]
      [Humongous Register: 0.0 ms]
      [Humongous Reclaim: 0.0 ms]
      [Free CSet: 0.1 ms]
   [Eden: 53248.0K(53248.0K)->0.0B(51200.0K) Survivors: 1024.0K->2048.0K Heap: 237.9M(267.0M)->186.2M(267.0M)]
 [Times: user=0.13 sys=0.00, real=0.01 secs] 
2020-12-17T17:09:06.863+0530: 366153.435: [GC concurrent-string-deduplication, 5184.0B->2680.0B(2504.0B), avg 59.9%, 0.0001329 secs]
   [Last Exec: 0.0001329 secs, Idle: 0.3639628 secs, Blocked: 0/0.0000000 secs]
      [Inspected:             109]
         [Skipped:              0(  0.0%)]
         [Hashed:              68( 62.4%)]
         [Known:               19( 17.4%)]
         [New:                 90( 82.6%)   5184.0B]
      [Deduplicated:           78( 86.7%)   2504.0B( 48.3%)]
         [Young:               78(100.0%)   2504.0B(100.0%)]
         [Old:                  0(  0.0%)      0.0B(  0.0%)]
   [Total Exec: 1423/0.8507235 secs, Idle: 1423/366152.1106184 secs, Blocked: 126/0.0886757 secs]
      [Inspected:         2886001]
         [Skipped:              0(  0.0%)]
         [Hashed:         1188919( 41.2%)]
         [Known:           181912(  6.3%)]
         [New:            2704089( 93.7%)    209.7M]
      [Deduplicated:      1894214( 70.0%)    125.6M( 59.9%)]
         [Young:           776971( 41.0%)  61151.4K( 47.6%)]
         [Old:            1117243( 59.0%)  67430.4K( 52.4%)]
   [Table]
      [Memory Usage: 8332.5K]
      [Size: 262144, Min: 1024, Max: 16777216]
      [Entries: 262981, Load: 100.3%, Cached: 5157, Added: 966211, Removed: 703230]
      [Resize Count: 8, Shrink Threshold: 174762(66.7%), Grow Threshold: 524288(200.0%)]
      [Rehash Count: 0, Rehash Threshold: 120, Hash Seed: 0x0]
      [Age Threshold: 3]
   [Queue]
      [Dropped: 0]
[GC concurrent-string-deduplication, deleted 0 entries, 0.0000007 secs]
2020-12-17T17:09:07.128+0530: 366153.699: [GC pause (G1 Evacuation Pause) (young) (initial-mark), 0.0078314 secs]
   [Parallel Time: 2.7 ms, GC Workers: 10]
      [GC Worker Start (ms): Min: 366153699.0, Avg: 366153699.0, Max: 366153699.1, Diff: 0.1]
      [Ext Root Scanning (ms): Min: 1.3, Avg: 1.5, Max: 1.6, Diff: 0.2, Sum: 14.8]
      [Update RS (ms): Min: 0.3, Avg: 0.5, Max: 0.7, Diff: 0.4, Sum: 4.5]
         [Processed Buffers: Min: 1, Avg: 1.9, Max: 5, Diff: 4, Sum: 19]
      [Scan RS (ms): Min: 0.0, Avg: 0.0, Max: 0.0, Diff: 0.0, Sum: 0.0]
      [Code Root Scanning (ms): Min: 0.0, Avg: 0.0, Max: 0.0, Diff: 0.0, Sum: 0.0]
      [Object Copy (ms): Min: 0.2, Avg: 0.4, Max: 0.5, Diff: 0.3, Sum: 3.8]
      [Termination (ms): Min: 0.0, Avg: 0.2, Max: 0.2, Diff: 0.2, Sum: 1.6]
         [Termination Attempts: Min: 1, Avg: 3.2, Max: 5, Diff: 4, Sum: 32]
      [GC Worker Other (ms): Min: 0.0, Avg: 0.0, Max: 0.0, Diff: 0.0, Sum: 0.1]
      [GC Worker Total (ms): Min: 2.4, Avg: 2.5, Max: 2.5, Diff: 0.1, Sum: 24.8]
      [GC Worker End (ms): Min: 366153701.5, Avg: 366153701.5, Max: 366153701.5, Diff: 0.0]
   [Code Root Fixup: 0.0 ms]
   [Code Root Purge: 0.0 ms]
   [String Dedup Fixup: 3.5 ms, GC Workers: 10]
      [Queue Fixup (ms): Min: 0.0, Avg: 0.0, Max: 0.0, Diff: 0.0, Sum: 0.0]
      [Table Fixup (ms): Min: 3.2, Avg: 3.3, Max: 3.4, Diff: 0.2, Sum: 33.1]
   [Clear CT: 0.5 ms]
   [Other: 1.0 ms]
      [Choose CSet: 0.0 ms]
      [Ref Proc: 0.4 ms]
      [Ref Enq: 0.0 ms]
      [Redirty Cards: 0.4 ms]
      [Humongous Register: 0.0 ms]
      [Humongous Reclaim: 0.0 ms]
      [Free CSet: 0.0 ms]
   [Eden: 51200.0K(51200.0K)->0.0B(51200.0K) Survivors: 2048.0K->2048.0K Heap: 236.2M(267.0M)->186.2M(267.0M)]
 [Times: user=0.00 sys=0.00, real=0.01 secs] 
2020-12-17T17:09:07.136+0530: 366153.707: [GC concurrent-root-region-scan-start]
2020-12-17T17:09:07.136+0530: 366153.707: [GC concurrent-string-deduplication, 664.0B->272.0B(392.0B), avg 59.9%, 0.0000181 secs]
   [Last Exec: 0.0000181 secs, Idle: 0.2721001 secs, Blocked: 0/0.0000000 secs]
      [Inspected:              23]
         [Skipped:              0(  0.0%)]
         [Hashed:               3( 13.0%)]
         [Known:                9( 39.1%)]
         [New:                 14( 60.9%)    664.0B]
      [Deduplicated:           10( 71.4%)    392.0B( 59.0%)]
         [Young:               10(100.0%)    392.0B(100.0%)]
         [Old:                  0(  0.0%)      0.0B(  0.0%)]
   [Total Exec: 1424/0.8507416 secs, Idle: 1424/366152.3827185 secs, Blocked: 126/0.0886757 secs]
      [Inspected:         2886024]
         [Skipped:              0(  0.0%)]
         [Hashed:         1188922( 41.2%)]
         [Known:           181921(  6.3%)]
         [New:            2704103( 93.7%)    209.7M]
      [Deduplicated:      1894224( 70.0%)    125.6M( 59.9%)]
         [Young:           776981( 41.0%)  61151.8K( 47.6%)]
         [Old:            1117243( 59.0%)  67430.4K( 52.4%)]
   [Table]
      [Memory Usage: 8332.5K]
      [Size: 262144, Min: 1024, Max: 16777216]
      [Entries: 263029, Load: 100.3%, Cached: 5109, Added: 966260, Removed: 703231]
      [Resize Count: 8, Shrink Threshold: 174762(66.7%), Grow Threshold: 524288(200.0%)]
      [Rehash Count: 0, Rehash Threshold: 120, Hash Seed: 0x0]
      [Age Threshold: 3]
   [Queue]
      [Dropped: 0]
[GC concurrent-string-deduplication, deleted 0 entries, 0.0005072 secs]
2020-12-17T17:09:07.137+0530: 366153.708: [GC concurrent-root-region-scan-end, 0.0015886 secs]
2020-12-17T17:09:07.137+0530: 366153.708: [GC concurrent-mark-start]
2020-12-17T17:09:07.259+0530: 366153.830: [GC concurrent-mark-end, 0.1214337 secs]
2020-12-17T17:09:07.259+0530: 366153.830: [GC remark 2020-12-17T17:09:07.259+0530: 366153.830: [Finalize Marking, 0.0003684 secs] 2020-12-17T17:09:07.259+0530: 366153.831: [GC ref-proc, 0.0005179 secs] 2020-12-17T17:09:07.260+0530: 366153.831: [Unloading, 0.0216582 secs], 0.0235295 secs]
 [Times: user=0.31 sys=0.00, real=0.02 secs] 
2020-12-17T17:09:07.283+0530: 366153.854: [GC cleanup 221M->221M(267M), 0.0020270 secs]
 [Times: user=0.00 sys=0.00, real=0.00 secs] 
2020-12-17T17:09:07.330+0530: 366153.901: [GC pause (G1 Evacuation Pause) (young), 0.0059970 secs]
   [Parallel Time: 3.1 ms, GC Workers: 10]
      [GC Worker Start (ms): Min: 366153901.0, Avg: 366153901.0, Max: 366153901.0, Diff: 0.1]
      [Ext Root Scanning (ms): Min: 1.0, Avg: 1.3, Max: 2.8, Diff: 1.9, Sum: 13.3]
      [Update RS (ms): Min: 0.0, Avg: 0.8, Max: 1.7, Diff: 1.7, Sum: 7.8]
         [Processed Buffers: Min: 0, Avg: 1.5, Max: 5, Diff: 5, Sum: 15]
      [Scan RS (ms): Min: 0.0, Avg: 0.0, Max: 0.1, Diff: 0.1, Sum: 0.2]
      [Code Root Scanning (ms): Min: 0.0, Avg: 0.0, Max: 0.0, Diff: 0.0, Sum: 0.0]
      [Object Copy (ms): Min: 0.0, Avg: 0.5, Max: 0.8, Diff: 0.8, Sum: 5.0]
      [Termination (ms): Min: 0.0, Avg: 0.3, Max: 0.4, Diff: 0.4, Sum: 3.0]
         [Termination Attempts: Min: 1, Avg: 1.2, Max: 2, Diff: 1, Sum: 12]
      [GC Worker Other (ms): Min: 0.0, Avg: 0.0, Max: 0.0, Diff: 0.0, Sum: 0.1]
      [GC Worker Total (ms): Min: 2.9, Avg: 2.9, Max: 3.0, Diff: 0.1, Sum: 29.4]
      [GC Worker End (ms): Min: 366153903.9, Avg: 366153903.9, Max: 366153903.9, Diff: 0.0]
   [Code Root Fixup: 0.0 ms]
   [Code Root Purge: 0.0 ms]
   [String Dedup Fixup: 2.4 ms, GC Workers: 10]
      [Queue Fixup (ms): Min: 0.0, Avg: 0.0, Max: 0.0, Diff: 0.0, Sum: 0.0]
      [Table Fixup (ms): Min: 2.2, Avg: 2.3, Max: 2.4, Diff: 0.2, Sum: 22.8]
   [Clear CT: 0.2 ms]
   [Other: 0.3 ms]
      [Choose CSet: 0.0 ms]
      [Ref Proc: 0.1 ms]
      [Ref Enq: 0.0 ms]
      [Redirty Cards: 0.1 ms]
      [Humongous Register: 0.0 ms]
      [Humongous Reclaim: 0.0 ms]
      [Free CSet: 0.0 ms]
   [Eden: 51200.0K(51200.0K)->0.0B(51200.0K) Survivors: 2048.0K->2048.0K Heap: 236.2M(267.0M)->186.3M(267.0M)]
 [Times: user=0.00 sys=0.00, real=0.01 secs] 
2020-12-17T17:09:07.336+0530: 366153.907: [GC concurrent-string-deduplication, 13616.0B->3448.0B(10168.0B), avg 59.9%, 0.0000874 secs]
   [Last Exec: 0.0000874 secs, Idle: 0.1997768 secs, Blocked: 0/0.0000000 secs]
      [Inspected:             260]
         [Skipped:              0(  0.0%)]
         [Hashed:             112( 43.1%)]
         [Known:               68( 26.2%)]
         [New:                192( 73.8%)  13616.0B]
      [Deduplicated:          159( 82.8%)  10168.0B( 74.7%)]
         [Young:              159(100.0%)  10168.0B(100.0%)]
         [Old:                  0(  0.0%)      0.0B(  0.0%)]
   [Total Exec: 1425/0.8508290 secs, Idle: 1425/366152.5824953 secs, Blocked: 126/0.0886757 secs]
      [Inspected:         2886284]
         [Skipped:              0(  0.0%)]
         [Hashed:         1189034( 41.2%)]
         [Known:           181989(  6.3%)]
         [New:            2704295( 93.7%)    209.7M]
      [Deduplicated:      1894383( 70.1%)    125.6M( 59.9%)]
         [Young:           777140( 41.0%)  61161.7K( 47.6%)]
         [Old:            1117243( 59.0%)  67430.4K( 52.4%)]
   [Table]
      [Memory Usage: 8332.5K]
      [Size: 262144, Min: 1024, Max: 16777216]
      [Entries: 263055, Load: 100.3%, Cached: 5083, Added: 966317, Removed: 703262]
      [Resize Count: 8, Shrink Threshold: 174762(66.7%), Grow Threshold: 524288(200.0%)]
      [Rehash Count: 0, Rehash Threshold: 120, Hash Seed: 0x0]
      [Age Threshold: 3]
   [Queue]
      [Dropped: 0]
[GC concurrent-string-deduplication, deleted 0 entries, 0.0000007 secs]
2020-12-17T17:09:07.552+0530: 366154.123: [GC pause (G1 Humongous Allocation) (young) (initial-mark), 0.0074402 secs]
   [Parallel Time: 3.2 ms, GC Workers: 10]
      [GC Worker Start (ms): Min: 366154122.9, Avg: 366154123.0, Max: 366154123.0, Diff: 0.2]
      [Ext Root Scanning (ms): Min: 1.6, Avg: 1.8, Max: 1.9, Diff: 0.3, Sum: 17.5]
      [Update RS (ms): Min: 0.2, Avg: 0.3, Max: 0.8, Diff: 0.6, Sum: 3.2]
         [Processed Buffers: Min: 1, Avg: 1.8, Max: 5, Diff: 4, Sum: 18]
      [Scan RS (ms): Min: 0.0, Avg: 0.0, Max: 0.0, Diff: 0.0, Sum: 0.0]
      [Code Root Scanning (ms): Min: 0.0, Avg: 0.0, Max: 0.0, Diff: 0.0, Sum: 0.0]
      [Object Copy (ms): Min: 0.1, Avg: 0.4, Max: 0.5, Diff: 0.4, Sum: 3.8]
      [Termination (ms): Min: 0.0, Avg: 0.3, Max: 0.3, Diff: 0.3, Sum: 3.1]
         [Termination Attempts: Min: 1, Avg: 1.0, Max: 1, Diff: 0, Sum: 10]
      [GC Worker Other (ms): Min: 0.0, Avg: 0.0, Max: 0.0, Diff: 0.0, Sum: 0.1]
      [GC Worker Total (ms): Min: 2.7, Avg: 2.8, Max: 2.9, Diff: 0.2, Sum: 27.8]
      [GC Worker End (ms): Min: 366154125.7, Avg: 366154125.7, Max: 366154125.8, Diff: 0.0]
   [Code Root Fixup: 0.0 ms]
   [Code Root Purge: 0.0 ms]
   [String Dedup Fixup: 2.9 ms, GC Workers: 10]
      [Queue Fixup (ms): Min: 0.0, Avg: 0.0, Max: 0.0, Diff: 0.0, Sum: 0.0]
      [Table Fixup (ms): Min: 2.2, Avg: 2.6, Max: 2.7, Diff: 0.5, Sum: 26.4]
   [Clear CT: 0.5 ms]
   [Other: 0.9 ms]
      [Choose CSet: 0.0 ms]
      [Ref Proc: 0.3 ms]
      [Ref Enq: 0.0 ms]
      [Redirty Cards: 0.3 ms]
      [Humongous Register: 0.0 ms]
      [Humongous Reclaim: 0.0 ms]
      [Free CSet: 0.0 ms]
   [Eden: 41984.0K(51200.0K)->0.0B(51200.0K) Survivors: 2048.0K->2048.0K Heap: 226.4M(267.0M)->186.3M(267.0M)]
 [Times: user=0.00 sys=0.00, real=0.01 secs] 
2020-12-17T17:09:07.559+0530: 366154.130: [GC concurrent-root-region-scan-start]
2020-12-17T17:09:07.560+0530: 366154.131: [GC concurrent-string-deduplication, 15816.0B->7472.0B(8344.0B), avg 59.9%, 0.0005606 secs]
   [Last Exec: 0.0005606 secs, Idle: 0.2233128 secs, Blocked: 0/0.0000000 secs]
      [Inspected:             275]
         [Skipped:              0(  0.0%)]
         [Hashed:             199( 72.4%)]
         [Known:               45( 16.4%)]
         [New:                230( 83.6%)  15816.0B]
      [Deduplicated:          191( 83.0%)   8344.0B( 52.8%)]
         [Young:              191(100.0%)   8344.0B(100.0%)]
         [Old:                  0(  0.0%)      0.0B(  0.0%)]
   [Total Exec: 1426/0.8513896 secs, Idle: 1426/366152.8058081 secs, Blocked: 126/0.0886757 secs]
      [Inspected:         2886559]
         [Skipped:              0(  0.0%)]
         [Hashed:         1189233( 41.2%)]
         [Known:           182034(  6.3%)]
         [New:            2704525( 93.7%)    209.7M]
      [Deduplicated:      1894574( 70.1%)    125.6M( 59.9%)]
         [Young:           777331( 41.0%)  61169.9K( 47.6%)]
         [Old:            1117243( 59.0%)  67430.4K( 52.4%)]
   [Table]
      [Memory Usage: 8332.5K]
      [Size: 262144, Min: 1024, Max: 16777216]
      [Entries: 263095, Load: 100.4%, Cached: 5043, Added: 966368, Removed: 703273]
      [Resize Count: 8, Shrink Threshold: 174762(66.7%), Grow Threshold: 524288(200.0%)]
      [Rehash Count: 0, Rehash Threshold: 120, Hash Seed: 0x0]
      [Age Threshold: 3]
   [Queue]
      [Dropped: 0]
[GC concurrent-string-deduplication, deleted 0 entries, 0.0000026 secs]
2020-12-17T17:09:07.562+0530: 366154.133: [GC concurrent-root-region-scan-end, 0.0029273 secs]
2020-12-17T17:09:07.562+0530: 366154.133: [GC concurrent-mark-start]
2020-12-17T17:09:07.673+0530: 366154.244: [GC concurrent-mark-end, 0.1102498 secs]
2020-12-17T17:09:07.673+0530: 366154.244: [GC remark 2020-12-17T17:09:07.673+0530: 366154.244: [Finalize Marking, 0.0002179 secs] 2020-12-17T17:09:07.673+0530: 366154.245: [GC ref-proc, 0.0007675 secs] 2020-12-17T17:09:07.674+0530: 366154.245: [Unloading, 0.0243917 secs], 0.0260880 secs]
 [Times: user=0.16 sys=0.00, real=0.03 secs] 
2020-12-17T17:09:07.700+0530: 366154.271: [GC cleanup 190M->190M(267M), 0.0017618 secs]
 [Times: user=0.00 sys=0.00, real=0.00 secs] 
2020-12-17T17:09:08.337+0530: 366154.908: [GC pause (G1 Evacuation Pause) (young), 0.0051497 secs]
   [Parallel Time: 1.9 ms, GC Workers: 10]
      [GC Worker Start (ms): Min: 366154907.7, Avg: 366154907.8, Max: 366154907.8, Diff: 0.1]
      [Ext Root Scanning (ms): Min: 0.7, Avg: 0.8, Max: 1.4, Diff: 0.8, Sum: 8.3]
      [Update RS (ms): Min: 0.0, Avg: 0.4, Max: 0.8, Diff: 0.8, Sum: 4.0]
         [Processed Buffers: Min: 0, Avg: 3.5, Max: 7, Diff: 7, Sum: 35]
      [Scan RS (ms): Min: 0.0, Avg: 0.0, Max: 0.0, Diff: 0.0, Sum: 0.0]
      [Code Root Scanning (ms): Min: 0.0, Avg: 0.0, Max: 0.0, Diff: 0.0, Sum: 0.0]
      [Object Copy (ms): Min: 0.0, Avg: 0.3, Max: 0.5, Diff: 0.4, Sum: 3.2]
      [Termination (ms): Min: 0.0, Avg: 0.1, Max: 0.1, Diff: 0.1, Sum: 1.3]
         [Termination Attempts: Min: 1, Avg: 1.0, Max: 1, Diff: 0, Sum: 10]
      [GC Worker Other (ms): Min: 0.0, Avg: 0.0, Max: 0.0, Diff: 0.0, Sum: 0.1]
      [GC Worker Total (ms): Min: 1.6, Avg: 1.7, Max: 1.8, Diff: 0.1, Sum: 16.9]
      [GC Worker End (ms): Min: 366154909.5, Avg: 366154909.5, Max: 366154909.5, Diff: 0.0]
   [Code Root Fixup: 0.0 ms]
   [Code Root Purge: 0.0 ms]
   [String Dedup Fixup: 2.5 ms, GC Workers: 10]
      [Queue Fixup (ms): Min: 0.0, Avg: 0.0, Max: 0.0, Diff: 0.0, Sum: 0.0]
      [Table Fixup (ms): Min: 2.1, Avg: 2.1, Max: 2.2, Diff: 0.1, Sum: 21.2]
   [Clear CT: 0.2 ms]
   [Other: 0.6 ms]
      [Choose CSet: 0.0 ms]
      [Ref Proc: 0.2 ms]
      [Ref Enq: 0.0 ms]
      [Redirty Cards: 0.2 ms]
      [Humongous Register: 0.0 ms]
      [Humongous Reclaim: 0.0 ms]
      [Free CSet: 0.0 ms]
   [Eden: 51200.0K(51200.0K)->0.0B(51200.0K) Survivors: 2048.0K->2048.0K Heap: 237.3M(267.0M)->186.1M(267.0M)]
 [Times: user=0.00 sys=0.00, real=0.01 secs] 
2020-12-17T17:09:08.342+0530: 366154.913: [GC concurrent-string-deduplication, 744.0B->136.0B(608.0B), avg 59.9%, 0.0000250 secs]
   [Last Exec: 0.0000250 secs, Idle: 0.7818478 secs, Blocked: 0/0.0000000 secs]
      [Inspected:              44]
         [Skipped:              0(  0.0%)]
         [Hashed:              14( 31.8%)]
         [Known:               27( 61.4%)]
         [New:                 17( 38.6%)    744.0B]
      [Deduplicated:           15( 88.2%)    608.0B( 81.7%)]
         [Young:               15(100.0%)    608.0B(100.0%)]
         [Old:                  0(  0.0%)      0.0B(  0.0%)]
   [Total Exec: 1427/0.8514146 secs, Idle: 1427/366153.5876559 secs, Blocked: 126/0.0886757 secs]
      [Inspected:         2886603]
         [Skipped:              0(  0.0%)]
         [Hashed:         1189247( 41.2%)]
         [Known:           182061(  6.3%)]
         [New:            2704542( 93.7%)    209.7M]
      [Deduplicated:      1894589( 70.1%)    125.6M( 59.9%)]
         [Young:           777346( 41.0%)  61170.4K( 47.6%)]
         [Old:            1117243( 59.0%)  67430.4K( 52.4%)]
   [Table]
      [Memory Usage: 8332.5K]
      [Size: 262144, Min: 1024, Max: 16777216]
      [Entries: 263076, Load: 100.4%, Cached: 5062, Added: 966381, Removed: 703305]
      [Resize Count: 8, Shrink Threshold: 174762(66.7%), Grow Threshold: 524288(200.0%)]
      [Rehash Count: 0, Rehash Threshold: 120, Hash Seed: 0x0]
      [Age Threshold: 3]
   [Queue]
      [Dropped: 0]
[GC concurrent-string-deduplication, deleted 0 entries, 0.0000007 secs]
2020-12-17T17:09:08.953+0530: 366155.525: [GC pause (G1 Evacuation Pause) (young), 0.0061085 secs]
   [Parallel Time: 2.3 ms, GC Workers: 10]
      [GC Worker Start (ms): Min: 366155524.6, Avg: 366155524.7, Max: 366155524.7, Diff: 0.1]
      [Ext Root Scanning (ms): Min: 0.7, Avg: 0.9, Max: 1.5, Diff: 0.8, Sum: 8.8]
      [Update RS (ms): Min: 0.5, Avg: 0.7, Max: 1.0, Diff: 0.5, Sum: 6.8]
         [Processed Buffers: Min: 2, Avg: 3.7, Max: 8, Diff: 6, Sum: 37]
      [Scan RS (ms): Min: 0.0, Avg: 0.0, Max: 0.0, Diff: 0.0, Sum: 0.0]
      [Code Root Scanning (ms): Min: 0.0, Avg: 0.0, Max: 0.0, Diff: 0.0, Sum: 0.0]
      [Object Copy (ms): Min: 0.0, Avg: 0.4, Max: 0.5, Diff: 0.5, Sum: 3.5]
      [Termination (ms): Min: 0.0, Avg: 0.0, Max: 0.0, Diff: 0.0, Sum: 0.3]
         [Termination Attempts: Min: 1, Avg: 1.3, Max: 2, Diff: 1, Sum: 13]
      [GC Worker Other (ms): Min: 0.0, Avg: 0.0, Max: 0.0, Diff: 0.0, Sum: 0.1]
      [GC Worker Total (ms): Min: 1.9, Avg: 2.0, Max: 2.0, Diff: 0.1, Sum: 19.6]
      [GC Worker End (ms): Min: 366155526.6, Avg: 366155526.6, Max: 366155526.6, Diff: 0.0]
   [Code Root Fixup: 0.0 ms]
   [Code Root Purge: 0.0 ms]
   [String Dedup Fixup: 2.4 ms, GC Workers: 10]
      [Queue Fixup (ms): Min: 0.0, Avg: 0.0, Max: 0.0, Diff: 0.0, Sum: 0.0]
      [Table Fixup (ms): Min: 2.0, Avg: 2.1, Max: 2.1, Diff: 0.1, Sum: 20.9]
   [Clear CT: 0.6 ms]
   [Other: 0.8 ms]
      [Choose CSet: 0.0 ms]
      [Ref Proc: 0.3 ms]
      [Ref Enq: 0.0 ms]
      [Redirty Cards: 0.4 ms]
      [Humongous Register: 0.0 ms]
      [Humongous Reclaim: 0.0 ms]
      [Free CSet: 0.0 ms]
   [Eden: 51200.0K(51200.0K)->0.0B(50176.0K) Survivors: 2048.0K->2048.0K Heap: 236.1M(267.0M)->186.4M(267.0M)]
 [Times: user=0.00 sys=0.00, real=0.01 secs] 
2020-12-17T17:09:08.960+0530: 366155.531: [GC concurrent-string-deduplication, 3440.0B->2696.0B(744.0B), avg 59.9%, 0.0000229 secs]
   [Last Exec: 0.0000229 secs, Idle: 0.6177968 secs, Blocked: 0/0.0000000 secs]
      [Inspected:              37]
         [Skipped:              0(  0.0%)]
         [Hashed:              13( 35.1%)]
         [Known:               14( 37.8%)]
         [New:                 23( 62.2%)   3440.0B]
      [Deduplicated:           13( 56.5%)    744.0B( 21.6%)]
         [Young:               13(100.0%)    744.0B(100.0%)]
         [Old:                  0(  0.0%)      0.0B(  0.0%)]
   [Total Exec: 1428/0.8514375 secs, Idle: 1428/366154.2054527 secs, Blocked: 126/0.0886757 secs]
      [Inspected:         2886640]
         [Skipped:              0(  0.0%)]
         [Hashed:         1189260( 41.2%)]
         [Known:           182075(  6.3%)]
         [New:            2704565( 93.7%)    209.7M]
      [Deduplicated:      1894602( 70.1%)    125.6M( 59.9%)]
         [Young:           777359( 41.0%)  61171.2K( 47.6%)]
         [Old:            1117243( 59.0%)  67430.4K( 52.4%)]
   [Table]
      [Memory Usage: 8332.5K]
      [Size: 262144, Min: 1024, Max: 16777216]
      [Entries: 263088, Load: 100.4%, Cached: 5050, Added: 966393, Removed: 703305]
      [Resize Count: 8, Shrink Threshold: 174762(66.7%), Grow Threshold: 524288(200.0%)]
      [Rehash Count: 0, Rehash Threshold: 120, Hash Seed: 0x0]
      [Age Threshold: 3]
   [Queue]
      [Dropped: 0]
[GC concurrent-string-deduplication, deleted 0 entries, 0.0000006 secs]
2020-12-17T17:10:15.645+0530: 366222.216: [GC pause (G1 Humongous Allocation) (young) (initial-mark), 0.0078958 secs]
   [Parallel Time: 4.1 ms, GC Workers: 10]
      [GC Worker Start (ms): Min: 366222216.4, Avg: 366222216.4, Max: 366222216.5, Diff: 0.1]
      [Ext Root Scanning (ms): Min: 1.9, Avg: 2.1, Max: 2.2, Diff: 0.3, Sum: 20.6]
      [Update RS (ms): Min: 0.5, Avg: 0.8, Max: 1.3, Diff: 0.8, Sum: 8.1]
         [Processed Buffers: Min: 2, Avg: 5.5, Max: 12, Diff: 10, Sum: 55]
      [Scan RS (ms): Min: 0.0, Avg: 0.0, Max: 0.0, Diff: 0.0, Sum: 0.0]
      [Code Root Scanning (ms): Min: 0.0, Avg: 0.0, Max: 0.0, Diff: 0.0, Sum: 0.0]
      [Object Copy (ms): Min: 0.2, Avg: 0.6, Max: 0.9, Diff: 0.8, Sum: 6.4]
      [Termination (ms): Min: 0.0, Avg: 0.1, Max: 0.1, Diff: 0.1, Sum: 0.8]
         [Termination Attempts: Min: 1, Avg: 1.4, Max: 2, Diff: 1, Sum: 14]
      [GC Worker Other (ms): Min: 0.0, Avg: 0.0, Max: 0.0, Diff: 0.0, Sum: 0.1]
      [GC Worker Total (ms): Min: 3.6, Avg: 3.6, Max: 3.6, Diff: 0.1, Sum: 36.0]
      [GC Worker End (ms): Min: 366222220.0, Avg: 366222220.0, Max: 366222220.1, Diff: 0.0]
   [Code Root Fixup: 0.0 ms]
   [Code Root Purge: 0.0 ms]
   [String Dedup Fixup: 2.7 ms, GC Workers: 10]
      [Queue Fixup (ms): Min: 0.0, Avg: 0.0, Max: 0.0, Diff: 0.0, Sum: 0.0]
      [Table Fixup (ms): Min: 2.4, Avg: 2.6, Max: 2.7, Diff: 0.3, Sum: 25.6]
   [Clear CT: 0.3 ms]
   [Other: 0.8 ms]
      [Choose CSet: 0.0 ms]
      [Ref Proc: 0.3 ms]
      [Ref Enq: 0.0 ms]
      [Redirty Cards: 0.3 ms]
      [Humongous Register: 0.0 ms]
      [Humongous Reclaim: 0.0 ms]
      [Free CSet: 0.0 ms]
   [Eden: 49152.0K(50176.0K)->0.0B(48128.0K) Survivors: 2048.0K->3072.0K Heap: 234.0M(267.0M)->187.4M(267.0M)]
 [Times: user=0.00 sys=0.00, real=0.01 secs] 
2020-12-17T17:10:15.653+0530: 366222.224: [GC concurrent-root-region-scan-start]
2020-12-17T17:10:15.653+0530: 366222.225: [GC concurrent-string-deduplication, 104.0B->80.0B(24.0B), avg 59.9%, 0.0000329 secs]
   [Last Exec: 0.0000329 secs, Idle: 66.6936392 secs, Blocked: 0/0.0000000 secs]
      [Inspected:              16]
         [Skipped:              0(  0.0%)]
         [Hashed:               2( 12.5%)]
         [Known:               14( 87.5%)]
         [New:                  2( 12.5%)    104.0B]
      [Deduplicated:            1( 50.0%)     24.0B( 23.1%)]
         [Young:                1(100.0%)     24.0B(100.0%)]
         [Old:                  0(  0.0%)      0.0B(  0.0%)]
   [Total Exec: 1429/0.8514704 secs, Idle: 1429/366220.8990919 secs, Blocked: 126/0.0886757 secs]
      [Inspected:         2886656]
         [Skipped:              0(  0.0%)]
         [Hashed:         1189262( 41.2%)]
         [Known:           182089(  6.3%)]
         [New:            2704567( 93.7%)    209.7M]
      [Deduplicated:      1894603( 70.1%)    125.6M( 59.9%)]
         [Young:           777360( 41.0%)  61171.2K( 47.6%)]
         [Old:            1117243( 59.0%)  67430.4K( 52.4%)]
   [Table]
      [Memory Usage: 8332.5K]
      [Size: 262144, Min: 1024, Max: 16777216]
      [Entries: 263083, Load: 100.4%, Cached: 5055, Added: 966438, Removed: 703355]
      [Resize Count: 8, Shrink Threshold: 174762(66.7%), Grow Threshold: 524288(200.0%)]
      [Rehash Count: 0, Rehash Threshold: 120, Hash Seed: 0x0]
      [Age Threshold: 3]
   [Queue]
      [Dropped: 0]
[GC concurrent-string-deduplication, deleted 0 entries, 0.0007890 secs]
2020-12-17T17:10:15.655+0530: 366222.226: [GC concurrent-root-region-scan-end, 0.0020057 secs]
2020-12-17T17:10:15.655+0530: 366222.226: [GC concurrent-mark-start]
2020-12-17T17:10:15.751+0530: 366222.322: [GC concurrent-mark-end, 0.0955467 secs]
2020-12-17T17:10:15.751+0530: 366222.322: [GC remark 2020-12-17T17:10:15.751+0530: 366222.322: [Finalize Marking, 0.0001630 secs] 2020-12-17T17:10:15.751+0530: 366222.323: [GC ref-proc, 0.0005239 secs] 2020-12-17T17:10:15.752+0530: 366222.323: [Unloading, 0.0208700 secs], 0.0221294 secs]
 [Times: user=0.16 sys=0.00, real=0.02 secs] 
2020-12-17T17:10:15.774+0530: 366222.345: [GC cleanup 191M->191M(267M), 0.0015099 secs]
 [Times: user=0.00 sys=0.00, real=0.00 secs] 
2020-12-17T17:10:21.937+0530: 366228.509: [GC pause (G1 Evacuation Pause) (young), 0.0066502 secs]
   [Parallel Time: 2.6 ms, GC Workers: 10]
      [GC Worker Start (ms): Min: 366228508.7, Avg: 366228508.7, Max: 366228508.8, Diff: 0.1]
      [Ext Root Scanning (ms): Min: 0.8, Avg: 1.0, Max: 2.1, Diff: 1.3, Sum: 10.4]
      [Update RS (ms): Min: 0.0, Avg: 0.7, Max: 1.2, Diff: 1.2, Sum: 6.8]
         [Processed Buffers: Min: 0, Avg: 5.3, Max: 10, Diff: 10, Sum: 53]
      [Scan RS (ms): Min: 0.0, Avg: 0.0, Max: 0.0, Diff: 0.0, Sum: 0.1]
      [Code Root Scanning (ms): Min: 0.0, Avg: 0.0, Max: 0.0, Diff: 0.0, Sum: 0.0]
      [Object Copy (ms): Min: 0.0, Avg: 0.4, Max: 0.6, Diff: 0.6, Sum: 4.2]
      [Termination (ms): Min: 0.0, Avg: 0.0, Max: 0.1, Diff: 0.1, Sum: 0.4]
         [Termination Attempts: Min: 1, Avg: 1.1, Max: 2, Diff: 1, Sum: 11]
      [GC Worker Other (ms): Min: 0.0, Avg: 0.0, Max: 0.0, Diff: 0.0, Sum: 0.1]
      [GC Worker Total (ms): Min: 2.2, Avg: 2.2, Max: 2.2, Diff: 0.1, Sum: 22.0]
      [GC Worker End (ms): Min: 366228510.9, Avg: 366228510.9, Max: 366228510.9, Diff: 0.0]
   [Code Root Fixup: 0.0 ms]
   [Code Root Purge: 0.0 ms]
   [String Dedup Fixup: 2.6 ms, GC Workers: 10]
      [Queue Fixup (ms): Min: 0.0, Avg: 0.0, Max: 0.0, Diff: 0.0, Sum: 0.0]
      [Table Fixup (ms): Min: 2.1, Avg: 2.2, Max: 2.2, Diff: 0.1, Sum: 21.7]
   [Clear CT: 0.4 ms]
   [Other: 1.0 ms]
      [Choose CSet: 0.0 ms]
      [Ref Proc: 0.3 ms]
      [Ref Enq: 0.0 ms]
      [Redirty Cards: 0.6 ms]
      [Humongous Register: 0.0 ms]
      [Humongous Reclaim: 0.0 ms]
      [Free CSet: 0.0 ms]
   [Eden: 48128.0K(48128.0K)->0.0B(48128.0K) Survivors: 3072.0K->3072.0K Heap: 236.0M(267.0M)->187.1M(267.0M)]
 [Times: user=0.00 sys=0.00, real=0.01 secs] 
2020-12-17T17:10:21.944+0530: 366228.515: [GC concurrent-string-deduplication, 552.0B->88.0B(464.0B), avg 59.9%, 0.0000150 secs]
   [Last Exec: 0.0000150 secs, Idle: 6.2899313 secs, Blocked: 0/0.0000000 secs]
      [Inspected:              23]
         [Skipped:              0(  0.0%)]
         [Hashed:               0(  0.0%)]
         [Known:                3( 13.0%)]
         [New:                 20( 87.0%)    552.0B]
      [Deduplicated:           17( 85.0%)    464.0B( 84.1%)]
         [Young:               17(100.0%)    464.0B(100.0%)]
         [Old:                  0(  0.0%)      0.0B(  0.0%)]
   [Total Exec: 1430/0.8514854 secs, Idle: 1430/366227.1890232 secs, Blocked: 126/0.0886757 secs]
      [Inspected:         2886679]
         [Skipped:              0(  0.0%)]
         [Hashed:         1189262( 41.2%)]
         [Known:           182092(  6.3%)]
         [New:            2704587( 93.7%)    209.7M]
      [Deduplicated:      1894620( 70.1%)    125.6M( 59.9%)]
         [Young:           777377( 41.0%)  61171.6K( 47.6%)]
         [Old:            1117243( 59.0%)  67430.4K( 52.4%)]
   [Table]
      [Memory Usage: 8332.5K]
      [Size: 262144, Min: 1024, Max: 16777216]
      [Entries: 262999, Load: 100.3%, Cached: 5139, Added: 966534, Removed: 703535]
      [Resize Count: 8, Shrink Threshold: 174762(66.7%), Grow Threshold: 524288(200.0%)]
      [Rehash Count: 0, Rehash Threshold: 120, Hash Seed: 0x0]
      [Age Threshold: 3]
   [Queue]
      [Dropped: 0]
[GC concurrent-string-deduplication, deleted 0 entries, 0.0000009 secs]
2020-12-17T17:10:22.415+0530: 366228.986: [GC pause (G1 Humongous Allocation) (young) (initial-mark), 0.0082808 secs]
   [Parallel Time: 3.4 ms, GC Workers: 10]
      [GC Worker Start (ms): Min: 366228986.5, Avg: 366228986.6, Max: 366228986.6, Diff: 0.1]
      [Ext Root Scanning (ms): Min: 1.9, Avg: 2.0, Max: 2.1, Diff: 0.3, Sum: 19.9]
      [Update RS (ms): Min: 0.2, Avg: 0.4, Max: 1.0, Diff: 0.8, Sum: 4.3]
         [Processed Buffers: Min: 1, Avg: 2.3, Max: 9, Diff: 8, Sum: 23]
      [Scan RS (ms): Min: 0.0, Avg: 0.0, Max: 0.0, Diff: 0.0, Sum: 0.0]
      [Code Root Scanning (ms): Min: 0.0, Avg: 0.0, Max: 0.0, Diff: 0.0, Sum: 0.0]
      [Object Copy (ms): Min: 0.2, Avg: 0.5, Max: 0.7, Diff: 0.5, Sum: 5.1]
      [Termination (ms): Min: 0.0, Avg: 0.3, Max: 0.3, Diff: 0.3, Sum: 2.6]
         [Termination Attempts: Min: 1, Avg: 3.6, Max: 7, Diff: 6, Sum: 36]
      [GC Worker Other (ms): Min: 0.0, Avg: 0.0, Max: 0.0, Diff: 0.0, Sum: 0.1]
      [GC Worker Total (ms): Min: 3.2, Avg: 3.2, Max: 3.3, Diff: 0.1, Sum: 32.1]
      [GC Worker End (ms): Min: 366228989.8, Avg: 366228989.8, Max: 366228989.8, Diff: 0.0]
   [Code Root Fixup: 0.0 ms]
   [Code Root Purge: 0.0 ms]
   [String Dedup Fixup: 3.2 ms, GC Workers: 10]
      [Queue Fixup (ms): Min: 0.0, Avg: 0.0, Max: 0.0, Diff: 0.0, Sum: 0.0]
      [Table Fixup (ms): Min: 2.7, Avg: 2.8, Max: 2.9, Diff: 0.1, Sum: 28.0]
   [Clear CT: 0.7 ms]
   [Other: 1.0 ms]
      [Choose CSet: 0.0 ms]
      [Ref Proc: 0.2 ms]
      [Ref Enq: 0.0 ms]
      [Redirty Cards: 0.6 ms]
      [Humongous Register: 0.0 ms]
      [Humongous Reclaim: 0.0 ms]
      [Free CSet: 0.0 ms]
   [Eden: 43008.0K(48128.0K)->0.0B(50176.0K) Survivors: 3072.0K->2048.0K Heap: 228.2M(267.0M)->186.8M(267.0M)]
 [Times: user=0.16 sys=0.00, real=0.01 secs] 
2020-12-17T17:10:22.424+0530: 366228.995: [GC concurrent-root-region-scan-start]
2020-12-17T17:10:22.424+0530: 366228.995: [GC concurrent-string-deduplication, 24016.0B->3752.0B(20264.0B), avg 59.9%, 0.0002423 secs]
   [Last Exec: 0.0002423 secs, Idle: 0.4794363 secs, Blocked: 0/0.0000000 secs]
      [Inspected:             460]
         [Skipped:              0(  0.0%)]
         [Hashed:             341( 74.1%)]
         [Known:               46( 10.0%)]
         [New:                414( 90.0%)  24016.0B]
      [Deduplicated:          378( 91.3%)  20264.0B( 84.4%)]
         [Young:              378(100.0%)  20264.0B(100.0%)]
         [Old:                  0(  0.0%)      0.0B(  0.0%)]
   [Total Exec: 1431/0.8517277 secs, Idle: 1431/366227.6684595 secs, Blocked: 126/0.0886757 secs]
      [Inspected:         2887139]
         [Skipped:              0(  0.0%)]
         [Hashed:         1189603( 41.2%)]
         [Known:           182138(  6.3%)]
         [New:            2705001( 93.7%)    209.8M]
      [Deduplicated:      1894998( 70.1%)    125.6M( 59.9%)]
         [Young:           777755( 41.0%)  61191.4K( 47.6%)]
         [Old:            1117243( 59.0%)  67430.4K( 52.4%)]
   [Table]
      [Memory Usage: 8332.5K]
      [Size: 262144, Min: 1024, Max: 16777216]
      [Entries: 263042, Load: 100.3%, Cached: 5096, Added: 966577, Removed: 703535]
      [Resize Count: 8, Shrink Threshold: 174762(66.7%), Grow Threshold: 524288(200.0%)]
      [Rehash Count: 0, Rehash Threshold: 120, Hash Seed: 0x0]
      [Age Threshold: 3]
   [Queue]
      [Dropped: 0]
[GC concurrent-string-deduplication, deleted 0 entries, 0.0000009 secs]
2020-12-17T17:10:22.426+0530: 366228.997: [GC concurrent-root-region-scan-end, 0.0018323 secs]
2020-12-17T17:10:22.426+0530: 366228.997: [GC concurrent-mark-start]
2020-12-17T17:10:22.539+0530: 366229.110: [GC concurrent-mark-end, 0.1129454 secs]
2020-12-17T17:10:22.539+0530: 366229.110: [GC remark 2020-12-17T17:10:22.539+0530: 366229.110: [Finalize Marking, 0.0002919 secs] 2020-12-17T17:10:22.539+0530: 366229.110: [GC ref-proc, 0.0005142 secs] 2020-12-17T17:10:22.540+0530: 366229.111: [Unloading, 0.0273902 secs], 0.0290369 secs]
 [Times: user=0.31 sys=0.00, real=0.03 secs] 
2020-12-17T17:10:22.569+0530: 366229.140: [GC cleanup 189M->189M(267M), 0.0024331 secs]
 [Times: user=0.00 sys=0.00, real=0.00 secs] 
2020-12-17T17:10:27.741+0530: 366234.313: [GC pause (G1 Evacuation Pause) (young), 0.0064442 secs]
   [Parallel Time: 2.0 ms, GC Workers: 10]
      [GC Worker Start (ms): Min: 366234312.7, Avg: 366234312.7, Max: 366234312.8, Diff: 0.1]
      [Ext Root Scanning (ms): Min: 0.7, Avg: 0.8, Max: 1.4, Diff: 0.6, Sum: 8.4]
      [Update RS (ms): Min: 0.0, Avg: 0.4, Max: 0.7, Diff: 0.7, Sum: 4.2]
         [Processed Buffers: Min: 0, Avg: 4.6, Max: 9, Diff: 9, Sum: 46]
      [Scan RS (ms): Min: 0.0, Avg: 0.0, Max: 0.0, Diff: 0.0, Sum: 0.1]
      [Code Root Scanning (ms): Min: 0.0, Avg: 0.0, Max: 0.0, Diff: 0.0, Sum: 0.0]
      [Object Copy (ms): Min: 0.3, Avg: 0.5, Max: 0.6, Diff: 0.3, Sum: 4.9]
      [Termination (ms): Min: 0.0, Avg: 0.0, Max: 0.0, Diff: 0.0, Sum: 0.0]
         [Termination Attempts: Min: 1, Avg: 1.3, Max: 2, Diff: 1, Sum: 13]
      [GC Worker Other (ms): Min: 0.0, Avg: 0.0, Max: 0.0, Diff: 0.0, Sum: 0.2]
      [GC Worker Total (ms): Min: 1.7, Avg: 1.8, Max: 1.8, Diff: 0.1, Sum: 17.8]
      [GC Worker End (ms): Min: 366234314.5, Avg: 366234314.5, Max: 366234314.5, Diff: 0.0]
   [Code Root Fixup: 0.0 ms]
   [Code Root Purge: 0.0 ms]
   [String Dedup Fixup: 2.5 ms, GC Workers: 10]
      [Queue Fixup (ms): Min: 0.0, Avg: 0.0, Max: 0.0, Diff: 0.0, Sum: 0.0]
      [Table Fixup (ms): Min: 2.3, Avg: 2.3, Max: 2.4, Diff: 0.1, Sum: 23.2]
   [Clear CT: 0.5 ms]
   [Other: 1.4 ms]
      [Choose CSet: 0.0 ms]
      [Ref Proc: 0.9 ms]
      [Ref Enq: 0.0 ms]
      [Redirty Cards: 0.3 ms]
      [Humongous Register: 0.0 ms]
      [Humongous Reclaim: 0.0 ms]
      [Free CSet: 0.0 ms]
   [Eden: 50176.0K(50176.0K)->0.0B(10240.0K) Survivors: 2048.0K->3072.0K Heap: 237.8M(267.0M)->187.8M(267.0M)]
 [Times: user=0.00 sys=0.00, real=0.01 secs] 
2020-12-17T17:10:27.750+0530: 366234.321: [GC concurrent-string-deduplication, 7832.0B->2624.0B(5208.0B), avg 59.9%, 0.0001091 secs]
   [Last Exec: 0.0001091 secs, Idle: 5.3240738 secs, Blocked: 1/0.0013493 secs]
      [Inspected:             168]
         [Skipped:              0(  0.0%)]
         [Hashed:              36( 21.4%)]
         [Known:               99( 58.9%)]
         [New:                 69( 41.1%)   7832.0B]
      [Deduplicated:           52( 75.4%)   5208.0B( 66.5%)]
         [Young:               52(100.0%)   5208.0B(100.0%)]
         [Old:                  0(  0.0%)      0.0B(  0.0%)]
   [Total Exec: 1432/0.8518368 secs, Idle: 1432/366232.9925333 secs, Blocked: 127/0.0900250 secs]
      [Inspected:         2887307]
         [Skipped:              0(  0.0%)]
         [Hashed:         1189639( 41.2%)]
         [Known:           182237(  6.3%)]
         [New:            2705070( 93.7%)    209.8M]
      [Deduplicated:      1895050( 70.1%)    125.6M( 59.9%)]
         [Young:           777807( 41.0%)  61196.5K( 47.6%)]
         [Old:            1117243( 59.0%)  67430.4K( 52.4%)]
   [Table]
      [Memory Usage: 8332.5K]
      [Size: 262144, Min: 1024, Max: 16777216]
      [Entries: 263060, Load: 100.3%, Cached: 5078, Added: 966651, Removed: 703591]
      [Resize Count: 8, Shrink Threshold: 174762(66.7%), Grow Threshold: 524288(200.0%)]
      [Rehash Count: 0, Rehash Threshold: 120, Hash Seed: 0x0]
      [Age Threshold: 3]
   [Queue]
      [Dropped: 0]
[GC concurrent-string-deduplication, deleted 0 entries, 0.0000011 secs]
2020-12-17T17:10:27.789+0530: 366234.360: [GC pause (G1 Evacuation Pause) (mixed), 0.0062836 secs]
   [Parallel Time: 2.3 ms, GC Workers: 10]
      [GC Worker Start (ms): Min: 366234359.9, Avg: 366234359.9, Max: 366234360.0, Diff: 0.1]
      [Ext Root Scanning (ms): Min: 0.7, Avg: 0.9, Max: 1.8, Diff: 1.1, Sum: 9.4]
      [Update RS (ms): Min: 0.0, Avg: 0.3, Max: 0.6, Diff: 0.6, Sum: 3.5]
         [Processed Buffers: Min: 0, Avg: 1.4, Max: 4, Diff: 4, Sum: 14]
      [Scan RS (ms): Min: 0.0, Avg: 0.0, Max: 0.1, Diff: 0.1, Sum: 0.4]
      [Code Root Scanning (ms): Min: 0.0, Avg: 0.0, Max: 0.0, Diff: 0.0, Sum: 0.0]
      [Object Copy (ms): Min: 0.2, Avg: 0.7, Max: 0.8, Diff: 0.6, Sum: 6.6]
      [Termination (ms): Min: 0.0, Avg: 0.0, Max: 0.0, Diff: 0.0, Sum: 0.0]
         [Termination Attempts: Min: 1, Avg: 1.0, Max: 1, Diff: 0, Sum: 10]
      [GC Worker Other (ms): Min: 0.0, Avg: 0.0, Max: 0.1, Diff: 0.1, Sum: 0.2]
      [GC Worker Total (ms): Min: 1.9, Avg: 2.0, Max: 2.1, Diff: 0.1, Sum: 20.0]
      [GC Worker End (ms): Min: 366234361.9, Avg: 366234361.9, Max: 366234362.0, Diff: 0.1]
   [Code Root Fixup: 0.0 ms]
   [Code Root Purge: 0.0 ms]
   [String Dedup Fixup: 2.6 ms, GC Workers: 10]
      [Queue Fixup (ms): Min: 0.0, Avg: 0.0, Max: 0.0, Diff: 0.0, Sum: 0.0]
      [Table Fixup (ms): Min: 2.2, Avg: 2.2, Max: 2.3, Diff: 0.1, Sum: 22.5]
   [Clear CT: 0.4 ms]
   [Other: 1.0 ms]
      [Choose CSet: 0.0 ms]
      [Ref Proc: 0.4 ms]
      [Ref Enq: 0.0 ms]
      [Redirty Cards: 0.5 ms]
      [Humongous Register: 0.0 ms]
      [Humongous Reclaim: 0.0 ms]
      [Free CSet: 0.0 ms]
   [Eden: 10240.0K(10240.0K)->0.0B(50176.0K) Survivors: 3072.0K->2048.0K Heap: 197.8M(267.0M)->187.0M(267.0M)]
 [Times: user=0.00 sys=0.00, real=0.01 secs] 
2020-12-17T17:10:27.795+0530: 366234.366: [GC concurrent-string-deduplication, 4272.0B->1408.0B(2864.0B), avg 59.9%, 0.0000191 secs]
   [Last Exec: 0.0000191 secs, Idle: 0.0454860 secs, Blocked: 0/0.0000000 secs]
      [Inspected:              34]
         [Skipped:              0(  0.0%)]
         [Hashed:              19( 55.9%)]
         [Known:                7( 20.6%)]
         [New:                 27( 79.4%)   4272.0B]
      [Deduplicated:           17( 63.0%)   2864.0B( 67.0%)]
         [Young:               17(100.0%)   2864.0B(100.0%)]
         [Old:                  0(  0.0%)      0.0B(  0.0%)]
   [Total Exec: 1433/0.8518559 secs, Idle: 1433/366233.0380193 secs, Blocked: 127/0.0900250 secs]
      [Inspected:         2887341]
         [Skipped:              0(  0.0%)]
         [Hashed:         1189658( 41.2%)]
         [Known:           182244(  6.3%)]
         [New:            2705097( 93.7%)    209.8M]
      [Deduplicated:      1895067( 70.1%)    125.6M( 59.9%)]
         [Young:           777824( 41.0%)  61199.3K( 47.6%)]
         [Old:            1117243( 59.0%)  67430.4K( 52.4%)]
   [Table]
      [Memory Usage: 8332.5K]
      [Size: 262144, Min: 1024, Max: 16777216]
      [Entries: 263116, Load: 100.4%, Cached: 5022, Added: 966707, Removed: 703591]
      [Resize Count: 8, Shrink Threshold: 174762(66.7%), Grow Threshold: 524288(200.0%)]
      [Rehash Count: 0, Rehash Threshold: 120, Hash Seed: 0x0]
      [Age Threshold: 3]
   [Queue]
      [Dropped: 0]
[GC concurrent-string-deduplication, deleted 0 entries, 0.0000007 secs]
2020-12-17T17:10:28.102+0530: 366234.674: [GC pause (G1 Humongous Allocation) (young) (initial-mark), 0.0074727 secs]
   [Parallel Time: 3.0 ms, GC Workers: 10]
      [GC Worker Start (ms): Min: 366234673.7, Avg: 366234673.8, Max: 366234673.8, Diff: 0.1]
      [Ext Root Scanning (ms): Min: 1.7, Avg: 1.8, Max: 2.0, Diff: 0.3, Sum: 17.9]
      [Update RS (ms): Min: 0.4, Avg: 0.6, Max: 0.9, Diff: 0.5, Sum: 6.1]
         [Processed Buffers: Min: 1, Avg: 2.2, Max: 7, Diff: 6, Sum: 22]
      [Scan RS (ms): Min: 0.0, Avg: 0.0, Max: 0.0, Diff: 0.0, Sum: 0.0]
      [Code Root Scanning (ms): Min: 0.0, Avg: 0.0, Max: 0.0, Diff: 0.0, Sum: 0.0]
      [Object Copy (ms): Min: 0.0, Avg: 0.4, Max: 0.6, Diff: 0.5, Sum: 4.0]
      [Termination (ms): Min: 0.0, Avg: 0.1, Max: 0.1, Diff: 0.1, Sum: 0.5]
         [Termination Attempts: Min: 1, Avg: 1.2, Max: 2, Diff: 1, Sum: 12]
      [GC Worker Other (ms): Min: 0.0, Avg: 0.0, Max: 0.0, Diff: 0.0, Sum: 0.1]
      [GC Worker Total (ms): Min: 2.8, Avg: 2.9, Max: 2.9, Diff: 0.1, Sum: 28.7]
      [GC Worker End (ms): Min: 366234676.6, Avg: 366234676.6, Max: 366234676.6, Diff: 0.0]
   [Code Root Fixup: 0.0 ms]
   [Code Root Purge: 0.0 ms]
   [String Dedup Fixup: 2.8 ms, GC Workers: 10]
      [Queue Fixup (ms): Min: 0.0, Avg: 0.0, Max: 0.0, Diff: 0.0, Sum: 0.0]
      [Table Fixup (ms): Min: 2.5, Avg: 2.5, Max: 2.6, Diff: 0.1, Sum: 25.4]
   [Clear CT: 0.5 ms]
   [Other: 1.1 ms]
      [Choose CSet: 0.0 ms]
      [Ref Proc: 0.3 ms]
      [Ref Enq: 0.0 ms]
      [Redirty Cards: 0.5 ms]
      [Humongous Register: 0.0 ms]
      [Humongous Reclaim: 0.0 ms]
      [Free CSet: 0.1 ms]
   [Eden: 29696.0K(50176.0K)->0.0B(50176.0K) Survivors: 2048.0K->2048.0K Heap: 215.9M(267.0M)->186.8M(267.0M)]
 [Times: user=0.05 sys=0.02, real=0.01 secs] 
2020-12-17T17:10:28.110+0530: 366234.681: [GC concurrent-root-region-scan-start]
2020-12-17T17:10:28.111+0530: 366234.682: [GC concurrent-string-deduplication, 33304.0B->17528.0B(15776.0B), avg 59.9%, 0.0005661 secs]
   [Last Exec: 0.0005661 secs, Idle: 0.3150047 secs, Blocked: 0/0.0000000 secs]
      [Inspected:             320]
         [Skipped:              0(  0.0%)]
         [Hashed:             211( 65.9%)]
         [Known:               62( 19.4%)]
         [New:                258( 80.6%)  33304.0B]
      [Deduplicated:          139( 53.9%)  15776.0B( 47.4%)]
         [Young:              139(100.0%)  15776.0B(100.0%)]
         [Old:                  0(  0.0%)      0.0B(  0.0%)]
   [Total Exec: 1434/0.8524220 secs, Idle: 1434/366233.3530240 secs, Blocked: 127/0.0900250 secs]
      [Inspected:         2887661]
         [Skipped:              0(  0.0%)]
         [Hashed:         1189869( 41.2%)]
         [Known:           182306(  6.3%)]
         [New:            2705355( 93.7%)    209.8M]
      [Deduplicated:      1895206( 70.1%)    125.6M( 59.9%)]
         [Young:           777963( 41.0%)  61214.7K( 47.6%)]
         [Old:            1117243( 59.0%)  67430.4K( 52.4%)]
   [Table]
      [Memory Usage: 8332.5K]
      [Size: 262144, Min: 1024, Max: 16777216]
      [Entries: 263239, Load: 100.4%, Cached: 4899, Added: 966831, Removed: 703592]
      [Resize Count: 8, Shrink Threshold: 174762(66.7%), Grow Threshold: 524288(200.0%)]
      [Rehash Count: 0, Rehash Threshold: 120, Hash Seed: 0x0]
      [Age Threshold: 3]
   [Queue]
      [Dropped: 0]
[GC concurrent-string-deduplication, deleted 0 entries, 0.0000013 secs]
2020-12-17T17:10:28.113+0530: 366234.684: [GC concurrent-root-region-scan-end, 0.0028401 secs]
2020-12-17T17:10:28.113+0530: 366234.684: [GC concurrent-mark-start]
2020-12-17T17:10:28.222+0530: 366234.793: [GC concurrent-mark-end, 0.1087750 secs]
2020-12-17T17:10:28.222+0530: 366234.793: [GC remark 2020-12-17T17:10:28.222+0530: 366234.793: [Finalize Marking, 0.0001991 secs] 2020-12-17T17:10:28.222+0530: 366234.794: [GC ref-proc, 0.0005259 secs] 2020-12-17T17:10:28.223+0530: 366234.794: [Unloading, 0.0268153 secs], 0.0284108 secs]
 [Times: user=0.31 sys=0.00, real=0.03 secs] 
2020-12-17T17:10:28.251+0530: 366234.822: [GC cleanup 189M->189M(267M), 0.0021972 secs]
 [Times: user=0.00 sys=0.00, real=0.00 secs] 
2020-12-17T17:11:15.674+0530: 366282.245: [GC pause (G1 Evacuation Pause) (young), 0.0093848 secs]
   [Parallel Time: 3.0 ms, GC Workers: 10]
      [GC Worker Start (ms): Min: 366282245.1, Avg: 366282245.2, Max: 366282245.3, Diff: 0.2]
      [Ext Root Scanning (ms): Min: 0.6, Avg: 0.9, Max: 1.9, Diff: 1.3, Sum: 8.5]
      [Update RS (ms): Min: 0.0, Avg: 0.6, Max: 0.8, Diff: 0.8, Sum: 6.0]
         [Processed Buffers: Min: 0, Avg: 4.9, Max: 11, Diff: 11, Sum: 49]
      [Scan RS (ms): Min: 0.0, Avg: 0.0, Max: 0.0, Diff: 0.0, Sum: 0.1]
      [Code Root Scanning (ms): Min: 0.0, Avg: 0.0, Max: 0.0, Diff: 0.0, Sum: 0.0]
      [Object Copy (ms): Min: 0.7, Avg: 1.0, Max: 1.2, Diff: 0.5, Sum: 10.2]
      [Termination (ms): Min: 0.0, Avg: 0.0, Max: 0.0, Diff: 0.0, Sum: 0.2]
         [Termination Attempts: Min: 1, Avg: 3.7, Max: 5, Diff: 4, Sum: 37]
      [GC Worker Other (ms): Min: 0.0, Avg: 0.0, Max: 0.0, Diff: 0.0, Sum: 0.1]
      [GC Worker Total (ms): Min: 2.4, Avg: 2.5, Max: 2.7, Diff: 0.2, Sum: 25.2]
      [GC Worker End (ms): Min: 366282247.7, Avg: 366282247.7, Max: 366282247.7, Diff: 0.0]
   [Code Root Fixup: 0.0 ms]
   [Code Root Purge: 0.0 ms]
   [String Dedup Fixup: 3.7 ms, GC Workers: 10]
      [Queue Fixup (ms): Min: 0.0, Avg: 0.0, Max: 0.0, Diff: 0.0, Sum: 0.0]
      [Table Fixup (ms): Min: 3.0, Avg: 3.2, Max: 3.4, Diff: 0.3, Sum: 31.7]
   [Clear CT: 1.0 ms]
   [Other: 1.6 ms]
      [Choose CSet: 0.0 ms]
      [Ref Proc: 0.5 ms]
      [Ref Enq: 0.0 ms]
      [Redirty Cards: 0.9 ms]
      [Humongous Register: 0.0 ms]
      [Humongous Reclaim: 0.0 ms]
      [Free CSet: 0.0 ms]
   [Eden: 50176.0K(50176.0K)->0.0B(48128.0K) Survivors: 2048.0K->3072.0K Heap: 236.8M(267.0M)->188.3M(267.0M)]
 [Times: user=0.00 sys=0.00, real=0.01 secs] 
2020-12-17T17:11:15.684+0530: 366282.255: [GC concurrent-string-deduplication, 208.0B->208.0B(0.0B), avg 59.9%, 0.0000494 secs]
   [Last Exec: 0.0000494 secs, Idle: 47.5726975 secs, Blocked: 0/0.0000000 secs]
      [Inspected:              50]
         [Skipped:              0(  0.0%)]
         [Hashed:               1(  2.0%)]
         [Known:               49( 98.0%)]
         [New:                  1(  2.0%)    208.0B]
      [Deduplicated:            0(  0.0%)      0.0B(  0.0%)]
         [Young:                0(  0.0%)      0.0B(  0.0%)]
         [Old:                  0(  0.0%)      0.0B(  0.0%)]
   [Total Exec: 1435/0.8524714 secs, Idle: 1435/366280.9257215 secs, Blocked: 127/0.0900250 secs]
      [Inspected:         2887711]
         [Skipped:              0(  0.0%)]
         [Hashed:         1189870( 41.2%)]
         [Known:           182355(  6.3%)]
         [New:            2705356( 93.7%)    209.8M]
      [Deduplicated:      1895206( 70.1%)    125.6M( 59.9%)]
         [Young:           777963( 41.0%)  61214.7K( 47.6%)]
         [Old:            1117243( 59.0%)  67430.4K( 52.4%)]
   [Table]
      [Memory Usage: 8332.5K]
      [Size: 262144, Min: 1024, Max: 16777216]
      [Entries: 263014, Load: 100.3%, Cached: 5124, Added: 966913, Removed: 703899]
      [Resize Count: 8, Shrink Threshold: 174762(66.7%), Grow Threshold: 524288(200.0%)]
      [Rehash Count: 0, Rehash Threshold: 120, Hash Seed: 0x0]
      [Age Threshold: 3]
   [Queue]
      [Dropped: 0]
[GC concurrent-string-deduplication, deleted 0 entries, 0.0000014 secs]
2020-12-17T17:11:15.751+0530: 366282.322: [GC pause (G1 Humongous Allocation) (young) (initial-mark), 0.0072127 secs]
   [Parallel Time: 2.8 ms, GC Workers: 10]
      [GC Worker Start (ms): Min: 366282322.1, Avg: 366282322.2, Max: 366282322.2, Diff: 0.1]
      [Ext Root Scanning (ms): Min: 1.7, Avg: 1.8, Max: 1.9, Diff: 0.2, Sum: 18.1]
      [Update RS (ms): Min: 0.2, Avg: 0.3, Max: 0.6, Diff: 0.4, Sum: 2.6]
         [Processed Buffers: Min: 1, Avg: 1.9, Max: 5, Diff: 4, Sum: 19]
      [Scan RS (ms): Min: 0.0, Avg: 0.0, Max: 0.0, Diff: 0.0, Sum: 0.0]
      [Code Root Scanning (ms): Min: 0.0, Avg: 0.0, Max: 0.0, Diff: 0.0, Sum: 0.0]
      [Object Copy (ms): Min: 0.2, Avg: 0.4, Max: 0.5, Diff: 0.3, Sum: 3.9]
      [Termination (ms): Min: 0.0, Avg: 0.1, Max: 0.1, Diff: 0.1, Sum: 1.0]
         [Termination Attempts: Min: 1, Avg: 1.8, Max: 3, Diff: 2, Sum: 18]
      [GC Worker Other (ms): Min: 0.0, Avg: 0.0, Max: 0.0, Diff: 0.0, Sum: 0.1]
      [GC Worker Total (ms): Min: 2.5, Avg: 2.6, Max: 2.6, Diff: 0.1, Sum: 25.8]
      [GC Worker End (ms): Min: 366282324.8, Avg: 366282324.8, Max: 366282324.8, Diff: 0.0]
   [Code Root Fixup: 0.0 ms]
   [Code Root Purge: 0.0 ms]
   [String Dedup Fixup: 2.6 ms, GC Workers: 10]
      [Queue Fixup (ms): Min: 0.0, Avg: 0.0, Max: 0.0, Diff: 0.0, Sum: 0.0]
      [Table Fixup (ms): Min: 2.0, Avg: 2.1, Max: 2.1, Diff: 0.1, Sum: 20.6]
   [Clear CT: 0.7 ms]
   [Other: 1.1 ms]
      [Choose CSet: 0.0 ms]
      [Ref Proc: 0.3 ms]
      [Ref Enq: 0.0 ms]
      [Redirty Cards: 0.7 ms]
      [Humongous Register: 0.0 ms]
      [Humongous Reclaim: 0.0 ms]
      [Free CSet: 0.0 ms]
   [Eden: 10240.0K(48128.0K)->0.0B(50176.0K) Survivors: 3072.0K->2048.0K Heap: 198.3M(267.0M)->187.3M(267.0M)]
 [Times: user=0.00 sys=0.00, real=0.01 secs] 
2020-12-17T17:11:15.759+0530: 366282.329: [GC concurrent-root-region-scan-start]
2020-12-17T17:11:15.759+0530: 366282.329: [GC concurrent-string-deduplication, 376.0B->96.0B(280.0B), avg 59.9%, 0.0000458 secs]
   [Last Exec: 0.0000458 secs, Idle: 0.0747276 secs, Blocked: 0/0.0000000 secs]
      [Inspected:              15]
         [Skipped:              0(  0.0%)]
         [Hashed:              10( 66.7%)]
         [Known:                5( 33.3%)]
         [New:                 10( 66.7%)    376.0B]
      [Deduplicated:            9( 90.0%)    280.0B( 74.5%)]
         [Young:                9(100.0%)    280.0B(100.0%)]
         [Old:                  0(  0.0%)      0.0B(  0.0%)]
   [Total Exec: 1436/0.8525172 secs, Idle: 1436/366281.0004491 secs, Blocked: 127/0.0900250 secs]
      [Inspected:         2887726]
         [Skipped:              0(  0.0%)]
         [Hashed:         1189880( 41.2%)]
         [Known:           182360(  6.3%)]
         [New:            2705366( 93.7%)    209.8M]
      [Deduplicated:      1895215( 70.1%)    125.6M( 59.9%)]
         [Young:           777972( 41.0%)  61215.0K( 47.6%)]
         [Old:            1117243( 59.0%)  67430.4K( 52.4%)]
   [Table]
      [Memory Usage: 8332.5K]
      [Size: 262144, Min: 1024, Max: 16777216]
      [Entries: 263019, Load: 100.3%, Cached: 5119, Added: 966922, Removed: 703903]
      [Resize Count: 8, Shrink Threshold: 174762(66.7%), Grow Threshold: 524288(200.0%)]
      [Rehash Count: 0, Rehash Threshold: 120, Hash Seed: 0x0]
      [Age Threshold: 3]
   [Queue]
      [Dropped: 0]
[GC concurrent-string-deduplication, deleted 0 entries, 0.0000009 secs]
2020-12-17T17:11:15.762+0530: 366282.333: [GC concurrent-root-region-scan-end, 0.0032098 secs]
2020-12-17T17:11:15.762+0530: 366282.333: [GC concurrent-mark-start]
2020-12-17T17:11:15.860+0530: 366282.430: [GC concurrent-mark-end, 0.0977216 secs]
2020-12-17T17:11:15.860+0530: 366282.431: [GC remark 2020-12-17T17:11:15.860+0530: 366282.431: [Finalize Marking, 0.0003022 secs] 2020-12-17T17:11:15.861+0530: 366282.431: [GC ref-proc, 0.0005371 secs] 2020-12-17T17:11:15.861+0530: 366282.432: [Unloading, 0.0278554 secs], 0.0293869 secs]
 [Times: user=0.14 sys=0.00, real=0.03 secs] 
2020-12-17T17:11:15.890+0530: 366282.461: [GC cleanup 191M->191M(267M), 0.0018804 secs]
 [Times: user=0.00 sys=0.00, real=0.00 secs] 
2020-12-17T17:11:20.100+0530: 366286.671: [GC pause (G1 Evacuation Pause) (young), 0.0075029 secs]
   [Parallel Time: 2.6 ms, GC Workers: 10]
      [GC Worker Start (ms): Min: 366286670.9, Avg: 366286671.1, Max: 366286671.1, Diff: 0.2]
      [Ext Root Scanning (ms): Min: 0.7, Avg: 0.9, Max: 1.6, Diff: 0.9, Sum: 9.0]
      [Update RS (ms): Min: 0.3, Avg: 0.6, Max: 0.9, Diff: 0.6, Sum: 6.0]
         [Processed Buffers: Min: 3, Avg: 5.1, Max: 14, Diff: 11, Sum: 51]
      [Scan RS (ms): Min: 0.0, Avg: 0.0, Max: 0.0, Diff: 0.0, Sum: 0.0]
      [Code Root Scanning (ms): Min: 0.0, Avg: 0.0, Max: 0.0, Diff: 0.0, Sum: 0.0]
      [Object Copy (ms): Min: 0.1, Avg: 0.4, Max: 0.5, Diff: 0.4, Sum: 3.5]
      [Termination (ms): Min: 0.0, Avg: 0.0, Max: 0.0, Diff: 0.0, Sum: 0.0]
         [Termination Attempts: Min: 1, Avg: 1.8, Max: 3, Diff: 2, Sum: 18]
      [GC Worker Other (ms): Min: 0.0, Avg: 0.0, Max: 0.1, Diff: 0.1, Sum: 0.2]
      [GC Worker Total (ms): Min: 1.8, Avg: 1.9, Max: 2.0, Diff: 0.2, Sum: 18.9]
      [GC Worker End (ms): Min: 366286672.9, Avg: 366286673.0, Max: 366286673.0, Diff: 0.1]
   [Code Root Fixup: 0.0 ms]
   [Code Root Purge: 0.0 ms]
   [String Dedup Fixup: 2.3 ms, GC Workers: 10]
      [Queue Fixup (ms): Min: 0.0, Avg: 0.0, Max: 0.0, Diff: 0.0, Sum: 0.0]
      [Table Fixup (ms): Min: 1.7, Avg: 1.8, Max: 2.0, Diff: 0.3, Sum: 17.9]
   [Clear CT: 0.9 ms]
   [Other: 1.7 ms]
      [Choose CSet: 0.0 ms]
      [Ref Proc: 0.7 ms]
      [Ref Enq: 0.0 ms]
      [Redirty Cards: 0.7 ms]
      [Humongous Register: 0.1 ms]
      [Humongous Reclaim: 0.0 ms]
      [Free CSet: 0.0 ms]
   [Eden: 50176.0K(50176.0K)->0.0B(50176.0K) Survivors: 2048.0K->2048.0K Heap: 238.3M(267.0M)->186.8M(267.0M)]
 [Times: user=0.00 sys=0.00, real=0.01 secs] 
2020-12-17T17:11:20.107+0530: 366286.678: [GC concurrent-string-deduplication, 4224.0B->1304.0B(2920.0B), avg 59.9%, 0.0000373 secs]
   [Last Exec: 0.0000373 secs, Idle: 4.3487509 secs, Blocked: 0/0.0000000 secs]
      [Inspected:             119]
         [Skipped:              0(  0.0%)]
         [Hashed:              10(  8.4%)]
         [Known:               95( 79.8%)]
         [New:                 24( 20.2%)   4224.0B]
      [Deduplicated:           17( 70.8%)   2920.0B( 69.1%)]
         [Young:               17(100.0%)   2920.0B(100.0%)]
         [Old:                  0(  0.0%)      0.0B(  0.0%)]
   [Total Exec: 1437/0.8525545 secs, Idle: 1437/366285.3492000 secs, Blocked: 127/0.0900250 secs]
      [Inspected:         2887845]
         [Skipped:              0(  0.0%)]
         [Hashed:         1189890( 41.2%)]
         [Known:           182455(  6.3%)]
         [New:            2705390( 93.7%)    209.8M]
      [Deduplicated:      1895232( 70.1%)    125.6M( 59.9%)]
         [Young:           777989( 41.0%)  61217.9K( 47.6%)]
         [Old:            1117243( 59.0%)  67430.4K( 52.4%)]
   [Table]
      [Memory Usage: 8332.5K]
      [Size: 262144, Min: 1024, Max: 16777216]
      [Entries: 263046, Load: 100.3%, Cached: 5092, Added: 966964, Removed: 703918]
      [Resize Count: 8, Shrink Threshold: 174762(66.7%), Grow Threshold: 524288(200.0%)]
      [Rehash Count: 0, Rehash Threshold: 120, Hash Seed: 0x0]
      [Age Threshold: 3]
   [Queue]
      [Dropped: 0]
[GC concurrent-string-deduplication, deleted 0 entries, 0.0000006 secs]
2020-12-17T17:11:28.829+0530: 366295.400: [GC pause (G1 Humongous Allocation) (young) (initial-mark), 0.0087891 secs]
   [Parallel Time: 4.6 ms, GC Workers: 10]
      [GC Worker Start (ms): Min: 366295400.4, Avg: 366295400.5, Max: 366295400.6, Diff: 0.2]
      [Ext Root Scanning (ms): Min: 2.0, Avg: 2.2, Max: 2.6, Diff: 0.5, Sum: 22.2]
      [Update RS (ms): Min: 1.1, Avg: 1.6, Max: 1.9, Diff: 0.9, Sum: 16.0]
         [Processed Buffers: Min: 2, Avg: 4.4, Max: 7, Diff: 5, Sum: 44]
      [Scan RS (ms): Min: 0.0, Avg: 0.0, Max: 0.0, Diff: 0.0, Sum: 0.1]
      [Code Root Scanning (ms): Min: 0.0, Avg: 0.1, Max: 0.3, Diff: 0.3, Sum: 0.6]
      [Object Copy (ms): Min: 0.2, Avg: 0.5, Max: 0.8, Diff: 0.6, Sum: 4.8]
      [Termination (ms): Min: 0.0, Avg: 0.0, Max: 0.0, Diff: 0.0, Sum: 0.1]
         [Termination Attempts: Min: 1, Avg: 1.8, Max: 2, Diff: 1, Sum: 18]
      [GC Worker Other (ms): Min: 0.0, Avg: 0.0, Max: 0.1, Diff: 0.0, Sum: 0.2]
      [GC Worker Total (ms): Min: 4.3, Avg: 4.4, Max: 4.5, Diff: 0.2, Sum: 43.9]
      [GC Worker End (ms): Min: 366295404.9, Avg: 366295404.9, Max: 366295404.9, Diff: 0.0]
   [Code Root Fixup: 0.0 ms]
   [Code Root Purge: 0.0 ms]
   [String Dedup Fixup: 2.9 ms, GC Workers: 10]
      [Queue Fixup (ms): Min: 0.0, Avg: 0.0, Max: 0.0, Diff: 0.0, Sum: 0.0]
      [Table Fixup (ms): Min: 2.6, Avg: 2.7, Max: 2.8, Diff: 0.2, Sum: 26.8]
   [Clear CT: 0.3 ms]
   [Other: 0.9 ms]
      [Choose CSet: 0.0 ms]
      [Ref Proc: 0.4 ms]
      [Ref Enq: 0.0 ms]
      [Redirty Cards: 0.4 ms]
      [Humongous Register: 0.0 ms]
      [Humongous Reclaim: 0.0 ms]
      [Free CSet: 0.0 ms]
   [Eden: 36864.0K(50176.0K)->0.0B(50176.0K) Survivors: 2048.0K->2048.0K Heap: 222.8M(267.0M)->186.7M(267.0M)]
 [Times: user=0.00 sys=0.00, real=0.01 secs] 
2020-12-17T17:11:28.838+0530: 366295.409: [GC concurrent-string-deduplication, 128.0B->0.0B(128.0B), avg 59.9%, 0.0000107 secs]
   [Last Exec: 0.0000107 secs, Idle: 8.7308191 secs, Blocked: 0/0.0000000 secs]
2020-12-17T17:11:28.838+0530: 366295.409: [GC concurrent-root-region-scan-start]
      [Inspected:               9]
         [Skipped:              0(  0.0%)]
         [Hashed:               1( 11.1%)]
         [Known:                8( 88.9%)]
         [New:                  1( 11.1%)    128.0B]
      [Deduplicated:            1(100.0%)    128.0B(100.0%)]
         [Young:                1(100.0%)    128.0B(100.0%)]
         [Old:                  0(  0.0%)      0.0B(  0.0%)]
   [Total Exec: 1438/0.8525652 secs, Idle: 1438/366294.0800191 secs, Blocked: 127/0.0900250 secs]
      [Inspected:         2887854]
         [Skipped:              0(  0.0%)]
         [Hashed:         1189891( 41.2%)]
         [Known:           182463(  6.3%)]
         [New:            2705391( 93.7%)    209.8M]
      [Deduplicated:      1895233( 70.1%)    125.6M( 59.9%)]
         [Young:           777990( 41.0%)  61218.0K( 47.6%)]
         [Old:            1117243( 59.0%)  67430.4K( 52.4%)]
   [Table]
      [Memory Usage: 8332.5K]
      [Size: 262144, Min: 1024, Max: 16777216]
      [Entries: 263070, Load: 100.4%, Cached: 5068, Added: 966990, Removed: 703920]
      [Resize Count: 8, Shrink Threshold: 174762(66.7%), Grow Threshold: 524288(200.0%)]
      [Rehash Count: 0, Rehash Threshold: 120, Hash Seed: 0x0]
      [Age Threshold: 3]
   [Queue]
      [Dropped: 0]
[GC concurrent-string-deduplication, deleted 0 entries, 0.0000022 secs]
2020-12-17T17:11:28.841+0530: 366295.412: [GC concurrent-root-region-scan-end, 0.0026648 secs]
2020-12-17T17:11:28.841+0530: 366295.412: [GC concurrent-mark-start]
2020-12-17T17:11:28.940+0530: 366295.511: [GC concurrent-mark-end, 0.0987073 secs]
2020-12-17T17:11:28.940+0530: 366295.511: [GC remark 2020-12-17T17:11:28.940+0530: 366295.511: [Finalize Marking, 0.0005174 secs] 2020-12-17T17:11:28.941+0530: 366295.512: [GC ref-proc, 0.0009806 secs] 2020-12-17T17:11:28.942+0530: 366295.513: [Unloading, 0.0263265 secs], 0.0287493 secs]
 [Times: user=0.28 sys=0.02, real=0.03 secs] 
2020-12-17T17:11:28.969+0530: 366295.540: [GC cleanup 191M->191M(267M), 0.0031463 secs]
 [Times: user=0.00 sys=0.00, real=0.00 secs] 
2020-12-17T17:11:33.109+0530: 366299.680: [GC pause (G1 Evacuation Pause) (young), 0.0081990 secs]
   [Parallel Time: 2.5 ms, GC Workers: 10]
      [GC Worker Start (ms): Min: 366299680.0, Avg: 366299680.2, Max: 366299680.2, Diff: 0.2]
      [Ext Root Scanning (ms): Min: 0.6, Avg: 0.8, Max: 1.5, Diff: 1.0, Sum: 7.6]
      [Update RS (ms): Min: 0.0, Avg: 0.3, Max: 1.0, Diff: 1.0, Sum: 3.4]
         [Processed Buffers: Min: 0, Avg: 2.9, Max: 8, Diff: 8, Sum: 29]
      [Scan RS (ms): Min: 0.0, Avg: 0.0, Max: 0.0, Diff: 0.0, Sum: 0.1]
      [Code Root Scanning (ms): Min: 0.0, Avg: 0.0, Max: 0.3, Diff: 0.3, Sum: 0.3]
      [Object Copy (ms): Min: 0.1, Avg: 0.4, Max: 0.5, Diff: 0.4, Sum: 3.7]
      [Termination (ms): Min: 0.0, Avg: 0.3, Max: 0.3, Diff: 0.3, Sum: 2.7]
         [Termination Attempts: Min: 1, Avg: 4.9, Max: 7, Diff: 6, Sum: 49]
      [GC Worker Other (ms): Min: 0.0, Avg: 0.0, Max: 0.0, Diff: 0.0, Sum: 0.1]
      [GC Worker Total (ms): Min: 1.7, Avg: 1.8, Max: 1.9, Diff: 0.2, Sum: 17.8]
      [GC Worker End (ms): Min: 366299681.9, Avg: 366299681.9, Max: 366299681.9, Diff: 0.0]
   [Code Root Fixup: 0.0 ms]
   [Code Root Purge: 0.0 ms]
   [String Dedup Fixup: 2.9 ms, GC Workers: 10]
      [Queue Fixup (ms): Min: 0.0, Avg: 0.0, Max: 0.0, Diff: 0.0, Sum: 0.0]
      [Table Fixup (ms): Min: 2.3, Avg: 2.5, Max: 2.7, Diff: 0.4, Sum: 24.8]
   [Clear CT: 1.0 ms]
   [Other: 1.8 ms]
      [Choose CSet: 0.0 ms]
      [Ref Proc: 0.8 ms]
      [Ref Enq: 0.0 ms]
      [Redirty Cards: 0.8 ms]
      [Humongous Register: 0.0 ms]
      [Humongous Reclaim: 0.0 ms]
      [Free CSet: 0.0 ms]
   [Eden: 50176.0K(50176.0K)->0.0B(50176.0K) Survivors: 2048.0K->2048.0K Heap: 236.7M(267.0M)->186.9M(267.0M)]
 [Times: user=0.09 sys=0.00, real=0.01 secs] 
2020-12-17T17:11:33.118+0530: 366299.688: [GC concurrent-string-deduplication, 5208.0B->2432.0B(2776.0B), avg 59.9%, 0.0000423 secs]
   [Last Exec: 0.0000423 secs, Idle: 4.2789998 secs, Blocked: 0/0.0000000 secs]
      [Inspected:              91]
         [Skipped:              0(  0.0%)]
         [Hashed:              16( 17.6%)]
         [Known:               40( 44.0%)]
         [New:                 51( 56.0%)   5208.0B]
      [Deduplicated:           25( 49.0%)   2776.0B( 53.3%)]
         [Young:               25(100.0%)   2776.0B(100.0%)]
         [Old:                  0(  0.0%)      0.0B(  0.0%)]
   [Total Exec: 1439/0.8526075 secs, Idle: 1439/366298.3590189 secs, Blocked: 127/0.0900250 secs]
      [Inspected:         2887945]
         [Skipped:              0(  0.0%)]
         [Hashed:         1189907( 41.2%)]
         [Known:           182503(  6.3%)]
         [New:            2705442( 93.7%)    209.8M]
      [Deduplicated:      1895258( 70.1%)    125.6M( 59.9%)]
         [Young:           778015( 41.1%)  61220.7K( 47.6%)]
         [Old:            1117243( 58.9%)  67430.4K( 52.4%)]
   [Table]
      [Memory Usage: 8332.5K]
      [Size: 262144, Min: 1024, Max: 16777216]
      [Entries: 263151, Load: 100.4%, Cached: 4987, Added: 967071, Removed: 703920]
      [Resize Count: 8, Shrink Threshold: 174762(66.7%), Grow Threshold: 524288(200.0%)]
      [Rehash Count: 0, Rehash Threshold: 120, Hash Seed: 0x0]
      [Age Threshold: 3]
   [Queue]
      [Dropped: 0]
[GC concurrent-string-deduplication, deleted 0 entries, 0.0000007 secs]
2020-12-17T17:11:33.367+0530: 366299.938: [GC pause (G1 Evacuation Pause) (young), 0.0073376 secs]
   [Parallel Time: 1.7 ms, GC Workers: 10]
      [GC Worker Start (ms): Min: 366299938.3, Avg: 366299938.4, Max: 366299938.5, Diff: 0.2]
      [Ext Root Scanning (ms): Min: 0.5, Avg: 0.8, Max: 1.6, Diff: 1.0, Sum: 7.7]
      [Update RS (ms): Min: 0.0, Avg: 0.3, Max: 0.7, Diff: 0.7, Sum: 3.1]
         [Processed Buffers: Min: 0, Avg: 1.3, Max: 3, Diff: 3, Sum: 13]
      [Scan RS (ms): Min: 0.0, Avg: 0.0, Max: 0.0, Diff: 0.0, Sum: 0.1]
      [Code Root Scanning (ms): Min: 0.0, Avg: 0.0, Max: 0.3, Diff: 0.3, Sum: 0.3]
      [Object Copy (ms): Min: 0.0, Avg: 0.4, Max: 0.6, Diff: 0.6, Sum: 3.8]
      [Termination (ms): Min: 0.0, Avg: 0.0, Max: 0.0, Diff: 0.0, Sum: 0.2]
         [Termination Attempts: Min: 1, Avg: 4.1, Max: 8, Diff: 7, Sum: 41]
      [GC Worker Other (ms): Min: 0.0, Avg: 0.0, Max: 0.0, Diff: 0.0, Sum: 0.1]
      [GC Worker Total (ms): Min: 1.4, Avg: 1.5, Max: 1.7, Diff: 0.2, Sum: 15.3]
      [GC Worker End (ms): Min: 366299940.0, Avg: 366299940.0, Max: 366299940.0, Diff: 0.0]
   [Code Root Fixup: 0.0 ms]
   [Code Root Purge: 0.0 ms]
   [String Dedup Fixup: 3.2 ms, GC Workers: 10]
      [Queue Fixup (ms): Min: 0.0, Avg: 0.0, Max: 0.0, Diff: 0.0, Sum: 0.0]
      [Table Fixup (ms): Min: 2.5, Avg: 2.5, Max: 2.7, Diff: 0.2, Sum: 25.2]
   [Clear CT: 0.8 ms]
   [Other: 1.7 ms]
      [Choose CSet: 0.0 ms]
      [Ref Proc: 0.5 ms]
      [Ref Enq: 0.0 ms]
      [Redirty Cards: 1.0 ms]
      [Humongous Register: 0.0 ms]
      [Humongous Reclaim: 0.0 ms]
      [Free CSet: 0.0 ms]
   [Eden: 50176.0K(50176.0K)->0.0B(50176.0K) Survivors: 2048.0K->2048.0K Heap: 235.9M(267.0M)->186.9M(267.0M)]
 [Times: user=0.00 sys=0.00, real=0.01 secs] 
2020-12-17T17:11:33.375+0530: 366299.946: [GC concurrent-string-deduplication, 4088.0B->3072.0B(1016.0B), avg 59.9%, 0.0000294 secs]
   [Last Exec: 0.0000294 secs, Idle: 0.2573481 secs, Blocked: 0/0.0000000 secs]
      [Inspected:              66]
         [Skipped:              0(  0.0%)]
         [Hashed:              16( 24.2%)]
         [Known:               34( 51.5%)]
         [New:                 32( 48.5%)   4088.0B]
      [Deduplicated:           18( 56.3%)   1016.0B( 24.9%)]
         [Young:               18(100.0%)   1016.0B(100.0%)]
         [Old:                  0(  0.0%)      0.0B(  0.0%)]
   [Total Exec: 1440/0.8526369 secs, Idle: 1440/366298.6163670 secs, Blocked: 127/0.0900250 secs]
      [Inspected:         2888011]
         [Skipped:              0(  0.0%)]
         [Hashed:         1189923( 41.2%)]
         [Known:           182537(  6.3%)]
         [New:            2705474( 93.7%)    209.8M]
      [Deduplicated:      1895276( 70.1%)    125.6M( 59.9%)]
         [Young:           778033( 41.1%)  61221.7K( 47.6%)]
         [Old:            1117243( 58.9%)  67430.4K( 52.4%)]
   [Table]
      [Memory Usage: 8332.5K]
      [Size: 262144, Min: 1024, Max: 16777216]
      [Entries: 263165, Load: 100.4%, Cached: 4973, Added: 967085, Removed: 703920]
      [Resize Count: 8, Shrink Threshold: 174762(66.7%), Grow Threshold: 524288(200.0%)]
      [Rehash Count: 0, Rehash Threshold: 120, Hash Seed: 0x0]
      [Age Threshold: 3]
   [Queue]
      [Dropped: 0]
[GC concurrent-string-deduplication, deleted 0 entries, 0.0000007 secs]
2020-12-17T17:11:33.699+0530: 366300.270: [GC pause (G1 Humongous Allocation) (young) (initial-mark), 0.0097238 secs]
   [Parallel Time: 4.1 ms, GC Workers: 10]
      [GC Worker Start (ms): Min: 366300269.8, Avg: 366300269.9, Max: 366300270.0, Diff: 0.2]
      [Ext Root Scanning (ms): Min: 2.6, Avg: 2.8, Max: 3.1, Diff: 0.5, Sum: 28.2]
      [Update RS (ms): Min: 0.1, Avg: 0.3, Max: 0.6, Diff: 0.5, Sum: 3.1]
         [Processed Buffers: Min: 1, Avg: 2.2, Max: 9, Diff: 8, Sum: 22]
      [Scan RS (ms): Min: 0.0, Avg: 0.0, Max: 0.0, Diff: 0.0, Sum: 0.0]
      [Code Root Scanning (ms): Min: 0.0, Avg: 0.0, Max: 0.3, Diff: 0.3, Sum: 0.3]
      [Object Copy (ms): Min: 0.2, Avg: 0.4, Max: 0.7, Diff: 0.5, Sum: 4.3]
      [Termination (ms): Min: 0.0, Avg: 0.0, Max: 0.1, Diff: 0.1, Sum: 0.5]
         [Termination Attempts: Min: 1, Avg: 1.0, Max: 1, Diff: 0, Sum: 10]
      [GC Worker Other (ms): Min: 0.0, Avg: 0.0, Max: 0.0, Diff: 0.0, Sum: 0.2]
      [GC Worker Total (ms): Min: 3.6, Avg: 3.7, Max: 3.7, Diff: 0.2, Sum: 36.5]
      [GC Worker End (ms): Min: 366300273.6, Avg: 366300273.6, Max: 366300273.6, Diff: 0.0]
   [Code Root Fixup: 0.0 ms]
   [Code Root Purge: 0.0 ms]
   [String Dedup Fixup: 3.4 ms, GC Workers: 10]
      [Queue Fixup (ms): Min: 0.0, Avg: 0.0, Max: 0.0, Diff: 0.0, Sum: 0.0]
      [Table Fixup (ms): Min: 2.9, Avg: 3.0, Max: 3.1, Diff: 0.2, Sum: 29.9]
   [Clear CT: 0.9 ms]
   [Other: 1.3 ms]
      [Choose CSet: 0.0 ms]
      [Ref Proc: 0.4 ms]
      [Ref Enq: 0.0 ms]
      [Redirty Cards: 0.7 ms]
      [Humongous Register: 0.0 ms]
      [Humongous Reclaim: 0.0 ms]
      [Free CSet: 0.0 ms]
   [Eden: 49152.0K(50176.0K)->0.0B(50176.0K) Survivors: 2048.0K->2048.0K Heap: 234.2M(267.0M)->186.7M(267.0M)]
 [Times: user=0.13 sys=0.00, real=0.01 secs] 
2020-12-17T17:11:33.709+0530: 366300.280: [GC concurrent-root-region-scan-start]
2020-12-17T17:11:33.709+0530: 366300.280: [GC concurrent-string-deduplication, 4200.0B->1104.0B(3096.0B), avg 59.9%, 0.0001961 secs]
   [Last Exec: 0.0001961 secs, Idle: 0.3337501 secs, Blocked: 0/0.0000000 secs]
      [Inspected:             121]
         [Skipped:              0(  0.0%)]
         [Hashed:              57( 47.1%)]
         [Known:               57( 47.1%)]
         [New:                 64( 52.9%)   4200.0B]
      [Deduplicated:           51( 79.7%)   3096.0B( 73.7%)]
         [Young:               51(100.0%)   3096.0B(100.0%)]
         [Old:                  0(  0.0%)      0.0B(  0.0%)]
   [Total Exec: 1441/0.8528330 secs, Idle: 1441/366298.9501171 secs, Blocked: 127/0.0900250 secs]
      [Inspected:         2888132]
         [Skipped:              0(  0.0%)]
         [Hashed:         1189980( 41.2%)]
         [Known:           182594(  6.3%)]
         [New:            2705538( 93.7%)    209.8M]
      [Deduplicated:      1895327( 70.1%)    125.6M( 59.9%)]
         [Young:           778084( 41.1%)  61224.7K( 47.6%)]
         [Old:            1117243( 58.9%)  67430.4K( 52.4%)]
   [Table]
      [Memory Usage: 8332.5K]
      [Size: 262144, Min: 1024, Max: 16777216]
      [Entries: 263158, Load: 100.4%, Cached: 4980, Added: 967098, Removed: 703940]
      [Resize Count: 8, Shrink Threshold: 174762(66.7%), Grow Threshold: 524288(200.0%)]
      [Rehash Count: 0, Rehash Threshold: 120, Hash Seed: 0x0]
      [Age Threshold: 3]
   [Queue]
      [Dropped: 0]
[GC concurrent-string-deduplication, deleted 0 entries, 0.0000009 secs]
2020-12-17T17:11:33.712+0530: 366300.283: [GC concurrent-root-region-scan-end, 0.0033046 secs]
2020-12-17T17:11:33.712+0530: 366300.283: [GC concurrent-mark-start]
2020-12-17T17:11:33.819+0530: 366300.390: [GC concurrent-mark-end, 0.1067828 secs]
2020-12-17T17:11:33.820+0530: 366300.390: [GC remark 2020-12-17T17:11:33.820+0530: 366300.390: [Finalize Marking, 0.0004418 secs] 2020-12-17T17:11:33.820+0530: 366300.391: [GC ref-proc, 0.0012446 secs] 2020-12-17T17:11:33.822+0530: 366300.392: [Unloading, 0.0282932 secs], 0.0311295 secs]
 [Times: user=0.31 sys=0.00, real=0.03 secs] 
2020-12-17T17:11:33.852+0530: 366300.423: [GC cleanup 189M->189M(267M), 0.0025908 secs]
 [Times: user=0.00 sys=0.00, real=0.00 secs] 
2020-12-17T17:11:34.318+0530: 366300.889: [GC pause (G1 Evacuation Pause) (young), 0.0088091 secs]
   [Parallel Time: 2.9 ms, GC Workers: 10]
      [GC Worker Start (ms): Min: 366300889.0, Avg: 366300889.1, Max: 366300889.1, Diff: 0.1]
      [Ext Root Scanning (ms): Min: 1.1, Avg: 1.5, Max: 2.4, Diff: 1.4, Sum: 14.9]
      [Update RS (ms): Min: 0.0, Avg: 0.5, Max: 1.3, Diff: 1.3, Sum: 4.7]
         [Processed Buffers: Min: 0, Avg: 2.6, Max: 8, Diff: 8, Sum: 26]
      [Scan RS (ms): Min: 0.0, Avg: 0.0, Max: 0.0, Diff: 0.0, Sum: 0.0]
      [Code Root Scanning (ms): Min: 0.0, Avg: 0.0, Max: 0.3, Diff: 0.3, Sum: 0.3]
      [Object Copy (ms): Min: 0.0, Avg: 0.4, Max: 0.6, Diff: 0.6, Sum: 3.6]
      [Termination (ms): Min: 0.0, Avg: 0.2, Max: 0.3, Diff: 0.3, Sum: 2.3]
         [Termination Attempts: Min: 1, Avg: 5.6, Max: 11, Diff: 10, Sum: 56]
      [GC Worker Other (ms): Min: 0.0, Avg: 0.1, Max: 0.6, Diff: 0.6, Sum: 0.8]
      [GC Worker Total (ms): Min: 2.6, Avg: 2.6, Max: 2.7, Diff: 0.1, Sum: 26.5]
      [GC Worker End (ms): Min: 366300891.7, Avg: 366300891.7, Max: 366300891.8, Diff: 0.1]
   [Code Root Fixup: 0.0 ms]
   [Code Root Purge: 0.0 ms]
   [String Dedup Fixup: 3.9 ms, GC Workers: 10]
      [Queue Fixup (ms): Min: 0.0, Avg: 0.0, Max: 0.0, Diff: 0.0, Sum: 0.0]
      [Table Fixup (ms): Min: 0.0, Avg: 2.9, Max: 3.5, Diff: 3.5, Sum: 29.4]
   [Clear CT: 0.7 ms]
   [Other: 1.3 ms]
      [Choose CSet: 0.0 ms]
      [Ref Proc: 0.4 ms]
      [Ref Enq: 0.0 ms]
      [Redirty Cards: 0.6 ms]
      [Humongous Register: 0.0 ms]
      [Humongous Reclaim: 0.0 ms]
      [Free CSet: 0.1 ms]
   [Eden: 50176.0K(50176.0K)->0.0B(50176.0K) Survivors: 2048.0K->2048.0K Heap: 236.7M(267.0M)->186.6M(267.0M)]
 [Times: user=0.00 sys=0.00, real=0.01 secs] 
2020-12-17T17:11:34.327+0530: 366300.898: [GC concurrent-string-deduplication, 6752.0B->6752.0B(0.0B), avg 59.9%, 0.0000145 secs]
   [Last Exec: 0.0000145 secs, Idle: 0.6180273 secs, Blocked: 0/0.0000000 secs]
      [Inspected:               7]
         [Skipped:              0(  0.0%)]
         [Hashed:               7(100.0%)]
         [Known:                0(  0.0%)]
         [New:                  7(100.0%)   6752.0B]
      [Deduplicated:            0(  0.0%)      0.0B(  0.0%)]
         [Young:                0(  0.0%)      0.0B(  0.0%)]
         [Old:                  0(  0.0%)      0.0B(  0.0%)]
   [Total Exec: 1442/0.8528475 secs, Idle: 1442/366299.5681444 secs, Blocked: 127/0.0900250 secs]
      [Inspected:         2888139]
         [Skipped:              0(  0.0%)]
         [Hashed:         1189987( 41.2%)]
         [Known:           182594(  6.3%)]
         [New:            2705545( 93.7%)    209.8M]
      [Deduplicated:      1895327( 70.1%)    125.6M( 59.9%)]
         [Young:           778084( 41.1%)  61224.7K( 47.6%)]
         [Old:            1117243( 58.9%)  67430.4K( 52.4%)]
   [Table]
      [Memory Usage: 8332.5K]
      [Size: 262144, Min: 1024, Max: 16777216]
      [Entries: 263102, Load: 100.4%, Cached: 5036, Added: 967112, Removed: 704010]
      [Resize Count: 8, Shrink Threshold: 174762(66.7%), Grow Threshold: 524288(200.0%)]
      [Rehash Count: 0, Rehash Threshold: 120, Hash Seed: 0x0]
      [Age Threshold: 3]
   [Queue]
      [Dropped: 0]
[GC concurrent-string-deduplication, deleted 0 entries, 0.0000009 secs]
2020-12-17T17:11:34.396+0530: 366300.967: [GC pause (G1 Evacuation Pause) (young), 0.0104986 secs]
   [Parallel Time: 2.8 ms, GC Workers: 10]
      [GC Worker Start (ms): Min: 366300967.2, Avg: 366300967.4, Max: 366300967.4, Diff: 0.2]
      [Ext Root Scanning (ms): Min: 0.9, Avg: 1.3, Max: 2.4, Diff: 1.6, Sum: 13.5]
      [Update RS (ms): Min: 0.0, Avg: 0.3, Max: 0.8, Diff: 0.8, Sum: 3.4]
         [Processed Buffers: Min: 0, Avg: 1.1, Max: 4, Diff: 4, Sum: 11]
      [Scan RS (ms): Min: 0.0, Avg: 0.0, Max: 0.0, Diff: 0.0, Sum: 0.1]
      [Code Root Scanning (ms): Min: 0.0, Avg: 0.0, Max: 0.3, Diff: 0.3, Sum: 0.3]
      [Object Copy (ms): Min: 0.0, Avg: 0.4, Max: 1.3, Diff: 1.3, Sum: 4.4]
      [Termination (ms): Min: 0.0, Avg: 0.1, Max: 0.2, Diff: 0.2, Sum: 1.5]
         [Termination Attempts: Min: 1, Avg: 1.5, Max: 3, Diff: 2, Sum: 15]
      [GC Worker Other (ms): Min: 0.0, Avg: 0.0, Max: 0.0, Diff: 0.0, Sum: 0.1]
      [GC Worker Total (ms): Min: 2.3, Avg: 2.3, Max: 2.5, Diff: 0.2, Sum: 23.3]
      [GC Worker End (ms): Min: 366300969.7, Avg: 366300969.7, Max: 366300969.7, Diff: 0.0]
   [Code Root Fixup: 0.3 ms]
   [Code Root Purge: 0.0 ms]
   [String Dedup Fixup: 4.4 ms, GC Workers: 10]
      [Queue Fixup (ms): Min: 0.0, Avg: 0.0, Max: 0.0, Diff: 0.0, Sum: 0.0]
      [Table Fixup (ms): Min: 3.7, Avg: 3.9, Max: 4.1, Diff: 0.4, Sum: 39.2]
   [Clear CT: 1.2 ms]
   [Other: 1.7 ms]
      [Choose CSet: 0.0 ms]
      [Ref Proc: 0.8 ms]
      [Ref Enq: 0.0 ms]
      [Redirty Cards: 0.7 ms]
      [Humongous Register: 0.0 ms]
      [Humongous Reclaim: 0.0 ms]
      [Free CSet: 0.0 ms]
   [Eden: 50176.0K(50176.0K)->0.0B(50176.0K) Survivors: 2048.0K->2048.0K Heap: 235.6M(267.0M)->186.7M(267.0M)]
 [Times: user=0.00 sys=0.02, real=0.01 secs] 
2020-12-17T17:11:34.407+0530: 366300.978: [GC concurrent-string-deduplication, 4912.0B->3800.0B(1112.0B), avg 59.9%, 0.0000270 secs]
   [Last Exec: 0.0000270 secs, Idle: 0.0798433 secs, Blocked: 0/0.0000000 secs]
      [Inspected:              34]
         [Skipped:              0(  0.0%)]
         [Hashed:              26( 76.5%)]
         [Known:                0(  0.0%)]
         [New:                 34(100.0%)   4912.0B]
      [Deduplicated:           22( 64.7%)   1112.0B( 22.6%)]
         [Young:               22(100.0%)   1112.0B(100.0%)]
         [Old:                  0(  0.0%)      0.0B(  0.0%)]
   [Total Exec: 1443/0.8528745 secs, Idle: 1443/366299.6479877 secs, Blocked: 127/0.0900250 secs]
      [Inspected:         2888173]
         [Skipped:              0(  0.0%)]
         [Hashed:         1190013( 41.2%)]
         [Known:           182594(  6.3%)]
         [New:            2705579( 93.7%)    209.8M]
      [Deduplicated:      1895349( 70.1%)    125.6M( 59.9%)]
         [Young:           778106( 41.1%)  61225.8K( 47.6%)]
         [Old:            1117243( 58.9%)  67430.4K( 52.4%)]
   [Table]
      [Memory Usage: 8332.5K]
      [Size: 262144, Min: 1024, Max: 16777216]
      [Entries: 263107, Load: 100.4%, Cached: 5031, Added: 967124, Removed: 704017]
      [Resize Count: 8, Shrink Threshold: 174762(66.7%), Grow Threshold: 524288(200.0%)]
      [Rehash Count: 0, Rehash Threshold: 120, Hash Seed: 0x0]
      [Age Threshold: 3]
   [Queue]
      [Dropped: 0]
[GC concurrent-string-deduplication, deleted 0 entries, 0.0000006 secs]
2020-12-17T17:11:38.276+0530: 366304.847: [GC pause (G1 Evacuation Pause) (young) (initial-mark), 0.0085799 secs]
   [Parallel Time: 3.0 ms, GC Workers: 10]
      [GC Worker Start (ms): Min: 366304846.9, Avg: 366304847.1, Max: 366304847.2, Diff: 0.3]
      [Ext Root Scanning (ms): Min: 1.3, Avg: 1.6, Max: 1.8, Diff: 0.4, Sum: 15.7]
      [Update RS (ms): Min: 0.0, Avg: 0.3, Max: 0.6, Diff: 0.5, Sum: 2.7]
         [Processed Buffers: Min: 1, Avg: 2.1, Max: 5, Diff: 4, Sum: 21]
      [Scan RS (ms): Min: 0.0, Avg: 0.0, Max: 0.0, Diff: 0.0, Sum: 0.0]
      [Code Root Scanning (ms): Min: 0.0, Avg: 0.0, Max: 0.3, Diff: 0.3, Sum: 0.3]
      [Object Copy (ms): Min: 0.0, Avg: 0.4, Max: 0.6, Diff: 0.5, Sum: 3.6]
      [Termination (ms): Min: 0.0, Avg: 0.1, Max: 0.1, Diff: 0.1, Sum: 0.6]
         [Termination Attempts: Min: 1, Avg: 2.8, Max: 5, Diff: 4, Sum: 28]
      [GC Worker Other (ms): Min: 0.0, Avg: 0.0, Max: 0.0, Diff: 0.0, Sum: 0.1]
      [GC Worker Total (ms): Min: 2.2, Avg: 2.3, Max: 2.5, Diff: 0.3, Sum: 23.0]
      [GC Worker End (ms): Min: 366304849.4, Avg: 366304849.4, Max: 366304849.4, Diff: 0.0]
   [Code Root Fixup: 0.0 ms]
   [Code Root Purge: 0.0 ms]
   [String Dedup Fixup: 2.9 ms, GC Workers: 10]
      [Queue Fixup (ms): Min: 0.0, Avg: 0.0, Max: 0.0, Diff: 0.0, Sum: 0.0]
      [Table Fixup (ms): Min: 2.1, Avg: 2.3, Max: 2.4, Diff: 0.3, Sum: 22.6]
   [Clear CT: 0.8 ms]
   [Other: 1.8 ms]
      [Choose CSet: 0.0 ms]
      [Ref Proc: 0.8 ms]
      [Ref Enq: 0.0 ms]
      [Redirty Cards: 0.8 ms]
      [Humongous Register: 0.0 ms]
      [Humongous Reclaim: 0.0 ms]
      [Free CSet: 0.0 ms]
   [Eden: 50176.0K(50176.0K)->0.0B(50176.0K) Survivors: 2048.0K->2048.0K Heap: 235.7M(267.0M)->186.9M(267.0M)]
 [Times: user=0.16 sys=0.00, real=0.01 secs] 
2020-12-17T17:11:38.284+0530: 366304.856: [GC concurrent-root-region-scan-start]
2020-12-17T17:11:38.284+0530: 366304.856: [GC concurrent-string-deduplication, 5800.0B->4336.0B(1464.0B), avg 59.9%, 0.0000355 secs]
   [Last Exec: 0.0000355 secs, Idle: 3.8776922 secs, Blocked: 0/0.0000000 secs]
      [Inspected:              76]
         [Skipped:              0(  0.0%)]
         [Hashed:              57( 75.0%)]
         [Known:                7(  9.2%)]
         [New:                 69( 90.8%)   5800.0B]
      [Deduplicated:           49( 71.0%)   1464.0B( 25.2%)]
         [Young:               49(100.0%)   1464.0B(100.0%)]
         [Old:                  0(  0.0%)      0.0B(  0.0%)]
   [Total Exec: 1444/0.8529100 secs, Idle: 1444/366303.5256799 secs, Blocked: 127/0.0900250 secs]
      [Inspected:         2888249]
         [Skipped:              0(  0.0%)]
         [Hashed:         1190070( 41.2%)]
         [Known:           182601(  6.3%)]
         [New:            2705648( 93.7%)    209.8M]
      [Deduplicated:      1895398( 70.1%)    125.6M( 59.9%)]
         [Young:           778155( 41.1%)  61227.2K( 47.6%)]
         [Old:            1117243( 58.9%)  67430.4K( 52.4%)]
   [Table]
      [Memory Usage: 8332.5K]
      [Size: 262144, Min: 1024, Max: 16777216]
      [Entries: 263123, Load: 100.4%, Cached: 5015, Added: 967152, Removed: 704029]
      [Resize Count: 8, Shrink Threshold: 174762(66.7%), Grow Threshold: 524288(200.0%)]
      [Rehash Count: 0, Rehash Threshold: 120, Hash Seed: 0x0]
      [Age Threshold: 3]
   [Queue]
      [Dropped: 0]
[GC concurrent-string-deduplication, deleted 0 entries, 0.0000006 secs]
2020-12-17T17:11:38.286+0530: 366304.857: [GC concurrent-root-region-scan-end, 0.0019315 secs]
2020-12-17T17:11:38.286+0530: 366304.857: [GC concurrent-mark-start]
2020-12-17T17:11:38.342+0530: 366304.913: [GC pause (G1 Evacuation Pause) (young), 0.0073341 secs]
   [Parallel Time: 2.4 ms, GC Workers: 10]
      [GC Worker Start (ms): Min: 366304913.3, Avg: 366304913.5, Max: 366304913.7, Diff: 0.3]
      [Ext Root Scanning (ms): Min: 0.6, Avg: 0.9, Max: 1.6, Diff: 1.0, Sum: 8.7]
      [Update RS (ms): Min: 0.0, Avg: 0.3, Max: 0.6, Diff: 0.6, Sum: 3.4]
         [Processed Buffers: Min: 0, Avg: 1.4, Max: 5, Diff: 5, Sum: 14]
      [Scan RS (ms): Min: 0.0, Avg: 0.0, Max: 0.0, Diff: 0.0, Sum: 0.0]
      [Code Root Scanning (ms): Min: 0.0, Avg: 0.0, Max: 0.3, Diff: 0.3, Sum: 0.3]
      [Object Copy (ms): Min: 0.0, Avg: 0.3, Max: 0.5, Diff: 0.5, Sum: 2.9]
      [Termination (ms): Min: 0.0, Avg: 0.0, Max: 0.1, Diff: 0.1, Sum: 0.2]
         [Termination Attempts: Min: 1, Avg: 1.0, Max: 1, Diff: 0, Sum: 10]
      [GC Worker Other (ms): Min: 0.0, Avg: 0.0, Max: 0.0, Diff: 0.0, Sum: 0.1]
      [GC Worker Total (ms): Min: 1.4, Avg: 1.6, Max: 1.8, Diff: 0.3, Sum: 15.8]
      [GC Worker End (ms): Min: 366304915.1, Avg: 366304915.1, Max: 366304915.1, Diff: 0.1]
   [Code Root Fixup: 0.0 ms]
   [Code Root Purge: 0.0 ms]
   [String Dedup Fixup: 2.7 ms, GC Workers: 10]
      [Queue Fixup (ms): Min: 0.0, Avg: 0.0, Max: 0.0, Diff: 0.0, Sum: 0.0]
      [Table Fixup (ms): Min: 2.3, Avg: 2.4, Max: 2.6, Diff: 0.2, Sum: 24.0]
   [Clear CT: 0.8 ms]
   [Other: 1.5 ms]
      [Choose CSet: 0.0 ms]
      [Ref Proc: 0.6 ms]
      [Ref Enq: 0.0 ms]
      [Redirty Cards: 0.8 ms]
      [Humongous Register: 0.0 ms]
      [Humongous Reclaim: 0.0 ms]
      [Free CSet: 0.0 ms]
   [Eden: 50176.0K(50176.0K)->0.0B(52224.0K) Survivors: 2048.0K->1024.0K Heap: 235.9M(267.0M)->186.8M(267.0M)]
 [Times: user=0.16 sys=0.00, real=0.01 secs] 
2020-12-17T17:11:38.379+0530: 366304.950: [GC concurrent-mark-end, 0.0929484 secs]
2020-12-17T17:11:38.380+0530: 366304.951: [GC remark 2020-12-17T17:11:38.380+0530: 366304.951: [Finalize Marking, 0.0008239 secs] 2020-12-17T17:11:38.381+0530: 366304.952: [GC ref-proc, 0.0005693 secs] 2020-12-17T17:11:38.381+0530: 366304.952: [Unloading, 0.0203476 secs], 0.0224810 secs]
 [Times: user=0.16 sys=0.00, real=0.02 secs] 
2020-12-17T17:11:38.403+0530: 366304.974: [GC cleanup 209M->209M(267M), 0.0026284 secs]
 [Times: user=0.00 sys=0.00, real=0.00 secs] 
2020-12-17T17:11:38.696+0530: 366305.268: [GC pause (G1 Evacuation Pause) (young), 0.0087548 secs]
   [Parallel Time: 3.7 ms, GC Workers: 10]
      [GC Worker Start (ms): Min: 366305267.7, Avg: 366305267.8, Max: 366305267.9, Diff: 0.2]
      [Ext Root Scanning (ms): Min: 0.9, Avg: 1.0, Max: 1.9, Diff: 1.0, Sum: 10.4]
      [Update RS (ms): Min: 0.0, Avg: 0.7, Max: 1.3, Diff: 1.3, Sum: 6.8]
         [Processed Buffers: Min: 0, Avg: 2.8, Max: 7, Diff: 7, Sum: 28]
      [Scan RS (ms): Min: 0.0, Avg: 0.0, Max: 0.0, Diff: 0.0, Sum: 0.1]
      [Code Root Scanning (ms): Min: 0.0, Avg: 0.0, Max: 0.5, Diff: 0.5, Sum: 0.5]
      [Object Copy (ms): Min: 1.0, Avg: 1.5, Max: 1.7, Diff: 0.8, Sum: 15.0]
      [Termination (ms): Min: 0.0, Avg: 0.0, Max: 0.0, Diff: 0.0, Sum: 0.0]
         [Termination Attempts: Min: 1, Avg: 1.3, Max: 2, Diff: 1, Sum: 13]
      [GC Worker Other (ms): Min: 0.0, Avg: 0.0, Max: 0.0, Diff: 0.0, Sum: 0.2]
      [GC Worker Total (ms): Min: 3.2, Avg: 3.3, Max: 3.4, Diff: 0.2, Sum: 33.0]
      [GC Worker End (ms): Min: 366305271.1, Avg: 366305271.1, Max: 366305271.1, Diff: 0.0]
   [Code Root Fixup: 0.0 ms]
   [Code Root Purge: 0.0 ms]
   [String Dedup Fixup: 2.9 ms, GC Workers: 10]
      [Queue Fixup (ms): Min: 0.0, Avg: 0.0, Max: 0.0, Diff: 0.0, Sum: 0.0]
      [Table Fixup (ms): Min: 2.1, Avg: 2.2, Max: 2.4, Diff: 0.3, Sum: 22.3]
   [Clear CT: 0.8 ms]
   [Other: 1.3 ms]
      [Choose CSet: 0.0 ms]
      [Ref Proc: 0.4 ms]
      [Ref Enq: 0.0 ms]
      [Redirty Cards: 0.8 ms]
      [Humongous Register: 0.0 ms]
      [Humongous Reclaim: 0.0 ms]
      [Free CSet: 0.0 ms]
   [Eden: 52224.0K(52224.0K)->0.0B(47104.0K) Survivors: 1024.0K->3072.0K Heap: 237.8M(267.0M)->189.1M(267.0M)]
 [Times: user=0.16 sys=0.00, real=0.01 secs] 
2020-12-17T17:11:38.705+0530: 366305.277: [GC concurrent-string-deduplication, 3776.0B->872.0B(2904.0B), avg 59.9%, 0.0000328 secs]
   [Last Exec: 0.0000328 secs, Idle: 0.4208906 secs, Blocked: 0/0.0000000 secs]
      [Inspected:              75]
         [Skipped:              0(  0.0%)]
         [Hashed:              58( 77.3%)]
         [Known:                8( 10.7%)]
         [New:                 67( 89.3%)   3776.0B]
      [Deduplicated:           55( 82.1%)   2904.0B( 76.9%)]
         [Young:               55(100.0%)   2904.0B(100.0%)]
         [Old:                  0(  0.0%)      0.0B(  0.0%)]
   [Total Exec: 1445/0.8529428 secs, Idle: 1445/366303.9465705 secs, Blocked: 127/0.0900250 secs]
      [Inspected:         2888324]
         [Skipped:              0(  0.0%)]
         [Hashed:         1190128( 41.2%)]
         [Known:           182609(  6.3%)]
         [New:            2705715( 93.7%)    209.8M]
      [Deduplicated:      1895453( 70.1%)    125.6M( 59.9%)]
         [Young:           778210( 41.1%)  61230.1K( 47.6%)]
         [Old:            1117243( 58.9%)  67430.4K( 52.4%)]
   [Table]
      [Memory Usage: 8332.5K]
      [Size: 262144, Min: 1024, Max: 16777216]
      [Entries: 263105, Load: 100.4%, Cached: 5033, Added: 967187, Removed: 704082]
      [Resize Count: 8, Shrink Threshold: 174762(66.7%), Grow Threshold: 524288(200.0%)]
      [Rehash Count: 0, Rehash Threshold: 120, Hash Seed: 0x0]
      [Age Threshold: 3]
   [Queue]
      [Dropped: 0]
[GC concurrent-string-deduplication, deleted 0 entries, 0.0000006 secs]
2020-12-17T17:11:38.735+0530: 366305.306: [GC pause (G1 Humongous Allocation) (young) (initial-mark), 0.0087005 secs]
   [Parallel Time: 3.7 ms, GC Workers: 10]
      [GC Worker Start (ms): Min: 366305306.2, Avg: 366305306.3, Max: 366305306.3, Diff: 0.2]
      [Ext Root Scanning (ms): Min: 2.0, Avg: 2.2, Max: 2.3, Diff: 0.3, Sum: 21.6]
      [Update RS (ms): Min: 0.2, Avg: 0.3, Max: 0.4, Diff: 0.2, Sum: 2.9]
         [Processed Buffers: Min: 1, Avg: 1.7, Max: 5, Diff: 4, Sum: 17]
      [Scan RS (ms): Min: 0.0, Avg: 0.0, Max: 0.0, Diff: 0.0, Sum: 0.0]
      [Code Root Scanning (ms): Min: 0.0, Avg: 0.0, Max: 0.4, Diff: 0.4, Sum: 0.4]
      [Object Copy (ms): Min: 0.0, Avg: 0.3, Max: 0.4, Diff: 0.4, Sum: 2.7]
      [Termination (ms): Min: 0.0, Avg: 0.2, Max: 0.2, Diff: 0.2, Sum: 2.0]
         [Termination Attempts: Min: 1, Avg: 1.2, Max: 2, Diff: 1, Sum: 12]
      [GC Worker Other (ms): Min: 0.0, Avg: 0.0, Max: 0.0, Diff: 0.0, Sum: 0.1]
      [GC Worker Total (ms): Min: 2.9, Avg: 3.0, Max: 3.1, Diff: 0.2, Sum: 29.6]
      [GC Worker End (ms): Min: 366305309.2, Avg: 366305309.2, Max: 366305309.2, Diff: 0.0]
   [Code Root Fixup: 0.0 ms]
   [Code Root Purge: 0.0 ms]
   [String Dedup Fixup: 3.0 ms, GC Workers: 10]
      [Queue Fixup (ms): Min: 0.0, Avg: 0.0, Max: 0.0, Diff: 0.0, Sum: 0.0]
      [Table Fixup (ms): Min: 1.6, Avg: 2.7, Max: 2.9, Diff: 1.4, Sum: 27.3]
   [Clear CT: 1.0 ms]
   [Other: 1.1 ms]
      [Choose CSet: 0.0 ms]
      [Ref Proc: 0.2 ms]
      [Ref Enq: 0.0 ms]
      [Redirty Cards: 0.7 ms]
      [Humongous Register: 0.0 ms]
      [Humongous Reclaim: 0.0 ms]
      [Free CSet: 0.0 ms]
   [Eden: 7168.0K(47104.0K)->0.0B(49152.0K) Survivors: 3072.0K->2048.0K Heap: 195.3M(267.0M)->188.3M(267.0M)]
 [Times: user=0.00 sys=0.00, real=0.01 secs] 
2020-12-17T17:11:38.744+0530: 366305.315: [GC concurrent-root-region-scan-start]
2020-12-17T17:11:38.744+0530: 366305.315: [GC concurrent-string-deduplication, 4352.0B->4352.0B(0.0B), avg 59.9%, 0.0000665 secs]
   [Last Exec: 0.0000665 secs, Idle: 0.0383208 secs, Blocked: 0/0.0000000 secs]
      [Inspected:              16]
         [Skipped:              0(  0.0%)]
         [Hashed:               4( 25.0%)]
         [Known:               12( 75.0%)]
         [New:                  4( 25.0%)   4352.0B]
      [Deduplicated:            0(  0.0%)      0.0B(  0.0%)]
         [Young:                0(  0.0%)      0.0B(  0.0%)]
         [Old:                  0(  0.0%)      0.0B(  0.0%)]
   [Total Exec: 1446/0.8530093 secs, Idle: 1446/366303.9848913 secs, Blocked: 127/0.0900250 secs]
      [Inspected:         2888340]
         [Skipped:              0(  0.0%)]
         [Hashed:         1190132( 41.2%)]
         [Known:           182621(  6.3%)]
         [New:            2705719( 93.7%)    209.8M]
      [Deduplicated:      1895453( 70.1%)    125.6M( 59.9%)]
         [Young:           778210( 41.1%)  61230.1K( 47.6%)]
         [Old:            1117243( 58.9%)  67430.4K( 52.4%)]
   [Table]
      [Memory Usage: 8332.5K]
      [Size: 262144, Min: 1024, Max: 16777216]
      [Entries: 263107, Load: 100.4%, Cached: 5031, Added: 967191, Removed: 704084]
      [Resize Count: 8, Shrink Threshold: 174762(66.7%), Grow Threshold: 524288(200.0%)]
      [Rehash Count: 0, Rehash Threshold: 120, Hash Seed: 0x0]
      [Age Threshold: 3]
   [Queue]
      [Dropped: 0]
[GC concurrent-string-deduplication, deleted 0 entries, 0.0000009 secs]
2020-12-17T17:11:38.745+0530: 366305.316: [GC concurrent-root-region-scan-end, 0.0015886 secs]
2020-12-17T17:11:38.745+0530: 366305.316: [GC concurrent-mark-start]
2020-12-17T17:11:38.858+0530: 366305.429: [GC concurrent-mark-end, 0.1125564 secs]
2020-12-17T17:11:38.858+0530: 366305.430: [GC remark 2020-12-17T17:11:38.858+0530: 366305.430: [Finalize Marking, 0.0002605 secs] 2020-12-17T17:11:38.859+0530: 366305.430: [GC ref-proc, 0.0006986 secs] 2020-12-17T17:11:38.859+0530: 366305.431: [Unloading, 0.0292676 secs], 0.0310580 secs]
 [Times: user=0.16 sys=0.00, real=0.03 secs] 
2020-12-17T17:11:38.890+0530: 366305.461: [GC cleanup 191M->191M(267M), 0.0021541 secs]
 [Times: user=0.00 sys=0.00, real=0.00 secs] 
2020-12-17T17:11:39.259+0530: 366305.830: [GC pause (G1 Evacuation Pause) (young), 0.0071042 secs]
   [Parallel Time: 2.3 ms, GC Workers: 10]
      [GC Worker Start (ms): Min: 366305830.3, Avg: 366305830.4, Max: 366305830.5, Diff: 0.2]
      [Ext Root Scanning (ms): Min: 0.7, Avg: 0.9, Max: 1.5, Diff: 0.9, Sum: 8.7]
      [Update RS (ms): Min: 0.0, Avg: 0.3, Max: 0.9, Diff: 0.9, Sum: 3.2]
         [Processed Buffers: Min: 0, Avg: 2.4, Max: 4, Diff: 4, Sum: 24]
      [Scan RS (ms): Min: 0.0, Avg: 0.0, Max: 0.0, Diff: 0.0, Sum: 0.0]
      [Code Root Scanning (ms): Min: 0.0, Avg: 0.0, Max: 0.2, Diff: 0.2, Sum: 0.3]
      [Object Copy (ms): Min: 0.0, Avg: 0.2, Max: 0.3, Diff: 0.3, Sum: 2.0]
      [Termination (ms): Min: 0.0, Avg: 0.4, Max: 0.5, Diff: 0.5, Sum: 4.0]
         [Termination Attempts: Min: 1, Avg: 4.9, Max: 11, Diff: 10, Sum: 49]
      [GC Worker Other (ms): Min: 0.0, Avg: 0.0, Max: 0.0, Diff: 0.0, Sum: 0.1]
      [GC Worker Total (ms): Min: 1.8, Avg: 1.8, Max: 2.0, Diff: 0.2, Sum: 18.4]
      [GC Worker End (ms): Min: 366305832.2, Avg: 366305832.2, Max: 366305832.3, Diff: 0.0]
   [Code Root Fixup: 0.0 ms]
   [Code Root Purge: 0.0 ms]
   [String Dedup Fixup: 2.8 ms, GC Workers: 10]
      [Queue Fixup (ms): Min: 0.0, Avg: 0.0, Max: 0.0, Diff: 0.0, Sum: 0.0]
      [Table Fixup (ms): Min: 2.5, Avg: 2.5, Max: 2.7, Diff: 0.2, Sum: 25.4]
   [Clear CT: 0.8 ms]
   [Other: 1.3 ms]
      [Choose CSet: 0.0 ms]
      [Ref Proc: 0.4 ms]
      [Ref Enq: 0.0 ms]
      [Redirty Cards: 0.7 ms]
      [Humongous Register: 0.0 ms]
      [Humongous Reclaim: 0.0 ms]
      [Free CSet: 0.0 ms]
   [Eden: 49152.0K(49152.0K)->0.0B(12288.0K) Survivors: 2048.0K->1024.0K Heap: 237.3M(267.0M)->186.9M(267.0M)]
 [Times: user=0.02 sys=0.00, real=0.01 secs] 
2020-12-17T17:11:39.266+0530: 366305.838: [GC concurrent-string-deduplication, 12208.0B->11144.0B(1064.0B), avg 59.9%, 0.0000522 secs]
   [Last Exec: 0.0000522 secs, Idle: 0.5224820 secs, Blocked: 0/0.0000000 secs]
      [Inspected:              58]
         [Skipped:              0(  0.0%)]
         [Hashed:              35( 60.3%)]
         [Known:               16( 27.6%)]
         [New:                 42( 72.4%)  12208.0B]
      [Deduplicated:           22( 52.4%)   1064.0B(  8.7%)]
         [Young:               22(100.0%)   1064.0B(100.0%)]
         [Old:                  0(  0.0%)      0.0B(  0.0%)]
   [Total Exec: 1447/0.8530615 secs, Idle: 1447/366304.5073733 secs, Blocked: 127/0.0900250 secs]
      [Inspected:         2888398]
         [Skipped:              0(  0.0%)]
         [Hashed:         1190167( 41.2%)]
         [Known:           182637(  6.3%)]
         [New:            2705761( 93.7%)    209.9M]
      [Deduplicated:      1895475( 70.1%)    125.6M( 59.9%)]
         [Young:           778232( 41.1%)  61231.1K( 47.6%)]
         [Old:            1117243( 58.9%)  67430.4K( 52.4%)]
   [Table]
      [Memory Usage: 8332.5K]
      [Size: 262144, Min: 1024, Max: 16777216]
      [Entries: 263077, Load: 100.4%, Cached: 5061, Added: 967237, Removed: 704160]
      [Resize Count: 8, Shrink Threshold: 174762(66.7%), Grow Threshold: 524288(200.0%)]
      [Rehash Count: 0, Rehash Threshold: 120, Hash Seed: 0x0]
      [Age Threshold: 3]
   [Queue]
      [Dropped: 0]
[GC concurrent-string-deduplication, deleted 0 entries, 0.0000007 secs]
2020-12-17T17:11:39.283+0530: 366305.855: [GC pause (G1 Evacuation Pause) (mixed), 0.0078465 secs]
   [Parallel Time: 2.5 ms, GC Workers: 10]
      [GC Worker Start (ms): Min: 366305854.8, Avg: 366305854.9, Max: 366305855.0, Diff: 0.2]
      [Ext Root Scanning (ms): Min: 0.9, Avg: 1.1, Max: 2.1, Diff: 1.1, Sum: 11.4]
      [Update RS (ms): Min: 0.0, Avg: 0.2, Max: 0.6, Diff: 0.6, Sum: 2.3]
         [Processed Buffers: Min: 0, Avg: 1.3, Max: 4, Diff: 4, Sum: 13]
      [Scan RS (ms): Min: 0.0, Avg: 0.1, Max: 0.2, Diff: 0.2, Sum: 0.6]
      [Code Root Scanning (ms): Min: 0.0, Avg: 0.0, Max: 0.3, Diff: 0.3, Sum: 0.3]
      [Object Copy (ms): Min: 0.0, Avg: 0.5, Max: 0.6, Diff: 0.6, Sum: 4.6]
      [Termination (ms): Min: 0.0, Avg: 0.0, Max: 0.0, Diff: 0.0, Sum: 0.2]
         [Termination Attempts: Min: 1, Avg: 1.6, Max: 2, Diff: 1, Sum: 16]
      [GC Worker Other (ms): Min: 0.0, Avg: 0.0, Max: 0.0, Diff: 0.0, Sum: 0.1]
      [GC Worker Total (ms): Min: 1.9, Avg: 2.0, Max: 2.1, Diff: 0.2, Sum: 19.6]
      [GC Worker End (ms): Min: 366305856.9, Avg: 366305856.9, Max: 366305856.9, Diff: 0.0]
   [Code Root Fixup: 0.0 ms]
   [Code Root Purge: 0.0 ms]
   [String Dedup Fixup: 3.3 ms, GC Workers: 10]
      [Queue Fixup (ms): Min: 0.0, Avg: 0.0, Max: 0.0, Diff: 0.0, Sum: 0.0]
      [Table Fixup (ms): Min: 2.9, Avg: 3.0, Max: 3.1, Diff: 0.2, Sum: 30.2]
   [Clear CT: 1.1 ms]
   [Other: 0.9 ms]
      [Choose CSet: 0.0 ms]
      [Ref Proc: 0.2 ms]
      [Ref Enq: 0.0 ms]
      [Redirty Cards: 0.6 ms]
      [Humongous Register: 0.0 ms]
      [Humongous Reclaim: 0.0 ms]
      [Free CSet: 0.0 ms]
   [Eden: 12288.0K(12288.0K)->0.0B(51200.0K) Survivors: 1024.0K->1024.0K Heap: 198.9M(267.0M)->186.5M(267.0M)]
 [Times: user=0.00 sys=0.00, real=0.01 secs] 
2020-12-17T17:11:39.292+0530: 366305.863: [GC concurrent-string-deduplication, 64.0B->64.0B(0.0B), avg 59.9%, 0.0000061 secs]
   [Last Exec: 0.0000061 secs, Idle: 0.0251225 secs, Blocked: 0/0.0000000 secs]
      [Inspected:               2]
         [Skipped:              0(  0.0%)]
         [Hashed:               0(  0.0%)]
         [Known:                0(  0.0%)]
         [New:                  2(100.0%)     64.0B]
      [Deduplicated:            0(  0.0%)      0.0B(  0.0%)]
         [Young:                0(  0.0%)      0.0B(  0.0%)]
         [Old:                  0(  0.0%)      0.0B(  0.0%)]
   [Total Exec: 1448/0.8530676 secs, Idle: 1448/366304.5324958 secs, Blocked: 127/0.0900250 secs]
      [Inspected:         2888400]
         [Skipped:              0(  0.0%)]
         [Hashed:         1190167( 41.2%)]
         [Known:           182637(  6.3%)]
         [New:            2705763( 93.7%)    209.9M]
      [Deduplicated:      1895475( 70.1%)    125.6M( 59.9%)]
         [Young:           778232( 41.1%)  61231.1K( 47.6%)]
         [Old:            1117243( 58.9%)  67430.4K( 52.4%)]
   [Table]
      [Memory Usage: 8332.5K]
      [Size: 262144, Min: 1024, Max: 16777216]
      [Entries: 263066, Load: 100.4%, Cached: 5072, Added: 967239, Removed: 704173]
      [Resize Count: 8, Shrink Threshold: 174762(66.7%), Grow Threshold: 524288(200.0%)]
      [Rehash Count: 0, Rehash Threshold: 120, Hash Seed: 0x0]
      [Age Threshold: 3]
   [Queue]
      [Dropped: 0]
[GC concurrent-string-deduplication, deleted 0 entries, 0.0000006 secs]
2020-12-17T17:11:39.357+0530: 366305.928: [GC pause (G1 Evacuation Pause) (young), 0.0086358 secs]
   [Parallel Time: 2.6 ms, GC Workers: 10]
      [GC Worker Start (ms): Min: 366305928.4, Avg: 366305928.5, Max: 366305928.6, Diff: 0.2]
      [Ext Root Scanning (ms): Min: 1.0, Avg: 1.2, Max: 1.9, Diff: 0.9, Sum: 11.7]
      [Update RS (ms): Min: 0.0, Avg: 0.5, Max: 0.7, Diff: 0.7, Sum: 5.1]
         [Processed Buffers: Min: 0, Avg: 1.3, Max: 4, Diff: 4, Sum: 13]
      [Scan RS (ms): Min: 0.0, Avg: 0.0, Max: 0.0, Diff: 0.0, Sum: 0.1]
      [Code Root Scanning (ms): Min: 0.0, Avg: 0.0, Max: 0.4, Diff: 0.4, Sum: 0.4]
      [Object Copy (ms): Min: 0.0, Avg: 0.2, Max: 0.4, Diff: 0.3, Sum: 2.3]
      [Termination (ms): Min: 0.0, Avg: 0.2, Max: 0.2, Diff: 0.2, Sum: 1.6]
         [Termination Attempts: Min: 1, Avg: 1.4, Max: 3, Diff: 2, Sum: 14]
      [GC Worker Other (ms): Min: 0.0, Avg: 0.0, Max: 0.0, Diff: 0.0, Sum: 0.1]
      [GC Worker Total (ms): Min: 2.1, Avg: 2.1, Max: 2.2, Diff: 0.2, Sum: 21.4]
      [GC Worker End (ms): Min: 366305930.6, Avg: 366305930.6, Max: 366305930.7, Diff: 0.0]
   [Code Root Fixup: 0.0 ms]
   [Code Root Purge: 0.0 ms]
   [String Dedup Fixup: 3.5 ms, GC Workers: 10]
      [Queue Fixup (ms): Min: 0.0, Avg: 0.0, Max: 0.0, Diff: 0.0, Sum: 0.0]
      [Table Fixup (ms): Min: 3.0, Avg: 3.1, Max: 3.3, Diff: 0.3, Sum: 30.6]
   [Clear CT: 0.6 ms]
   [Other: 1.9 ms]
      [Choose CSet: 0.0 ms]
      [Ref Proc: 0.8 ms]
      [Ref Enq: 0.0 ms]
      [Redirty Cards: 0.5 ms]
      [Humongous Register: 0.0 ms]
      [Humongous Reclaim: 0.0 ms]
      [Free CSet: 0.2 ms]
   [Eden: 51200.0K(51200.0K)->0.0B(51200.0K) Survivors: 1024.0K->1024.0K Heap: 236.5M(267.0M)->186.8M(267.0M)]
 [Times: user=0.09 sys=0.02, real=0.01 secs] 
2020-12-17T17:11:39.366+0530: 366305.937: [GC concurrent-string-deduplication, 19496.0B->15032.0B(4464.0B), avg 59.9%, 0.0001184 secs]
   [Last Exec: 0.0001184 secs, Idle: 0.0743345 secs, Blocked: 0/0.0000000 secs]
      [Inspected:             158]
         [Skipped:              0(  0.0%)]
         [Hashed:             100( 63.3%)]
         [Known:               29( 18.4%)]
         [New:                129( 81.6%)  19496.0B]
      [Deduplicated:           94( 72.9%)   4464.0B( 22.9%)]
         [Young:               94(100.0%)   4464.0B(100.0%)]
         [Old:                  0(  0.0%)      0.0B(  0.0%)]
   [Total Exec: 1449/0.8531860 secs, Idle: 1449/366304.6068303 secs, Blocked: 127/0.0900250 secs]
      [Inspected:         2888558]
         [Skipped:              0(  0.0%)]
         [Hashed:         1190267( 41.2%)]
         [Known:           182666(  6.3%)]
         [New:            2705892( 93.7%)    209.9M]
      [Deduplicated:      1895569( 70.1%)    125.7M( 59.9%)]
         [Young:           778326( 41.1%)  61235.5K( 47.6%)]
         [Old:            1117243( 58.9%)  67430.4K( 52.4%)]
   [Table]
      [Memory Usage: 8332.5K]
      [Size: 262144, Min: 1024, Max: 16777216]
      [Entries: 263101, Load: 100.4%, Cached: 5037, Added: 967274, Removed: 704173]
      [Resize Count: 8, Shrink Threshold: 174762(66.7%), Grow Threshold: 524288(200.0%)]
      [Rehash Count: 0, Rehash Threshold: 120, Hash Seed: 0x0]
      [Age Threshold: 3]
   [Queue]
      [Dropped: 0]
[GC concurrent-string-deduplication, deleted 0 entries, 0.0000033 secs]
2020-12-17T17:12:46.001+0530: 366372.571: [GC pause (G1 Humongous Allocation) (young) (initial-mark), 0.0091112 secs]
   [Parallel Time: 4.3 ms, GC Workers: 10]
      [GC Worker Start (ms): Min: 366372571.5, Avg: 366372571.7, Max: 366372571.8, Diff: 0.3]
      [Ext Root Scanning (ms): Min: 1.7, Avg: 1.9, Max: 2.3, Diff: 0.5, Sum: 19.4]
      [Update RS (ms): Min: 0.3, Avg: 0.6, Max: 1.4, Diff: 1.1, Sum: 5.8]
         [Processed Buffers: Min: 1, Avg: 4.9, Max: 9, Diff: 8, Sum: 49]
      [Scan RS (ms): Min: 0.0, Avg: 0.0, Max: 0.0, Diff: 0.0, Sum: 0.0]
      [Code Root Scanning (ms): Min: 0.0, Avg: 0.0, Max: 0.4, Diff: 0.4, Sum: 0.4]
      [Object Copy (ms): Min: 0.0, Avg: 0.7, Max: 1.0, Diff: 1.0, Sum: 7.4]
      [Termination (ms): Min: 0.0, Avg: 0.1, Max: 0.1, Diff: 0.1, Sum: 1.1]
         [Termination Attempts: Min: 1, Avg: 3.9, Max: 8, Diff: 7, Sum: 39]
      [GC Worker Other (ms): Min: 0.0, Avg: 0.0, Max: 0.0, Diff: 0.0, Sum: 0.1]
      [GC Worker Total (ms): Min: 3.3, Avg: 3.4, Max: 3.6, Diff: 0.3, Sum: 34.2]
      [GC Worker End (ms): Min: 366372575.1, Avg: 366372575.1, Max: 366372575.1, Diff: 0.0]
   [Code Root Fixup: 0.0 ms]
   [Code Root Purge: 0.0 ms]
   [String Dedup Fixup: 2.4 ms, GC Workers: 10]
      [Queue Fixup (ms): Min: 0.0, Avg: 0.0, Max: 0.0, Diff: 0.0, Sum: 0.0]
      [Table Fixup (ms): Min: 1.7, Avg: 1.8, Max: 1.9, Diff: 0.2, Sum: 18.4]
   [Clear CT: 0.7 ms]
   [Other: 1.7 ms]
      [Choose CSet: 0.0 ms]
      [Ref Proc: 0.9 ms]
      [Ref Enq: 0.0 ms]
      [Redirty Cards: 0.6 ms]
      [Humongous Register: 0.0 ms]
      [Humongous Reclaim: 0.0 ms]
      [Free CSet: 0.0 ms]
   [Eden: 43008.0K(51200.0K)->0.0B(47104.0K) Survivors: 1024.0K->3072.0K Heap: 228.2M(267.0M)->189.1M(267.0M)]
 [Times: user=0.00 sys=0.00, real=0.01 secs] 
2020-12-17T17:12:46.010+0530: 366372.581: [GC concurrent-root-region-scan-start]
2020-12-17T17:12:46.011+0530: 366372.582: [GC concurrent-root-region-scan-end, 0.0015604 secs]
2020-12-17T17:12:46.011+0530: 366372.582: [GC concurrent-mark-start]
2020-12-17T17:12:46.114+0530: 366372.685: [GC concurrent-mark-end, 0.1026224 secs]
2020-12-17T17:12:46.115+0530: 366372.685: [GC remark 2020-12-17T17:12:46.115+0530: 366372.685: [Finalize Marking, 0.0003033 secs] 2020-12-17T17:12:46.115+0530: 366372.686: [GC ref-proc, 0.0006556 secs] 2020-12-17T17:12:46.116+0530: 366372.686: [Unloading, 0.0250787 secs], 0.0267257 secs]
 [Times: user=0.31 sys=0.00, real=0.03 secs] 
2020-12-17T17:12:46.142+0530: 366372.712: [GC cleanup 193M->193M(267M), 0.0016864 secs]
 [Times: user=0.00 sys=0.00, real=0.00 secs] 
2020-12-17T17:12:49.777+0530: 366376.348: [GC pause (G1 Evacuation Pause) (young), 0.0080108 secs]
   [Parallel Time: 2.6 ms, GC Workers: 10]
      [GC Worker Start (ms): Min: 366376348.2, Avg: 366376348.3, Max: 366376348.4, Diff: 0.3]
      [Ext Root Scanning (ms): Min: 0.5, Avg: 0.8, Max: 1.8, Diff: 1.3, Sum: 8.0]
      [Update RS (ms): Min: 0.0, Avg: 0.6, Max: 0.9, Diff: 0.9, Sum: 5.8]
         [Processed Buffers: Min: 0, Avg: 4.7, Max: 7, Diff: 7, Sum: 47]
      [Scan RS (ms): Min: 0.0, Avg: 0.0, Max: 0.0, Diff: 0.0, Sum: 0.0]
      [Code Root Scanning (ms): Min: 0.0, Avg: 0.0, Max: 0.4, Diff: 0.4, Sum: 0.4]
      [Object Copy (ms): Min: 0.2, Avg: 0.5, Max: 0.8, Diff: 0.6, Sum: 5.1]
      [Termination (ms): Min: 0.0, Avg: 0.0, Max: 0.0, Diff: 0.0, Sum: 0.0]
         [Termination Attempts: Min: 1, Avg: 1.0, Max: 1, Diff: 0, Sum: 10]
      [GC Worker Other (ms): Min: 0.0, Avg: 0.0, Max: 0.0, Diff: 0.0, Sum: 0.2]
      [GC Worker Total (ms): Min: 1.9, Avg: 2.0, Max: 2.1, Diff: 0.3, Sum: 19.6]
      [GC Worker End (ms): Min: 366376350.3, Avg: 366376350.3, Max: 366376350.3, Diff: 0.0]
   [Code Root Fixup: 0.0 ms]
   [Code Root Purge: 0.0 ms]
   [String Dedup Fixup: 3.5 ms, GC Workers: 10]
      [Queue Fixup (ms): Min: 0.0, Avg: 0.0, Max: 0.0, Diff: 0.0, Sum: 0.0]
      [Table Fixup (ms): Min: 3.1, Avg: 3.2, Max: 3.4, Diff: 0.3, Sum: 32.0]
   [Clear CT: 0.7 ms]
   [Other: 1.2 ms]
      [Choose CSet: 0.0 ms]
      [Ref Proc: 0.5 ms]
      [Ref Enq: 0.0 ms]
      [Redirty Cards: 0.5 ms]
      [Humongous Register: 0.0 ms]
      [Humongous Reclaim: 0.0 ms]
      [Free CSet: 0.0 ms]
   [Eden: 47104.0K(47104.0K)->0.0B(9216.0K) Survivors: 3072.0K->4096.0K Heap: 236.7M(267.0M)->189.9M(267.0M)]
 [Times: user=0.09 sys=0.00, real=0.01 secs] 
2020-12-17T17:12:49.785+0530: 366376.356: [GC concurrent-string-deduplication, 11592.0B->11592.0B(0.0B), avg 59.9%, 0.0000126 secs]
   [Last Exec: 0.0000126 secs, Idle: 70.4189275 secs, Blocked: 0/0.0000000 secs]
      [Inspected:              13]
         [Skipped:              0(  0.0%)]
         [Hashed:              13(100.0%)]
         [Known:                0(  0.0%)]
         [New:                 13(100.0%)  11592.0B]
      [Deduplicated:            0(  0.0%)      0.0B(  0.0%)]
         [Young:                0(  0.0%)      0.0B(  0.0%)]
         [Old:                  0(  0.0%)      0.0B(  0.0%)]
   [Total Exec: 1450/0.8531986 secs, Idle: 1450/366375.0257578 secs, Blocked: 127/0.0900250 secs]
      [Inspected:         2888571]
         [Skipped:              0(  0.0%)]
         [Hashed:         1190280( 41.2%)]
         [Known:           182666(  6.3%)]
         [New:            2705905( 93.7%)    209.9M]
      [Deduplicated:      1895569( 70.1%)    125.7M( 59.9%)]
         [Young:           778326( 41.1%)  61235.5K( 47.6%)]
         [Old:            1117243( 58.9%)  67430.4K( 52.4%)]
   [Table]
      [Memory Usage: 8332.5K]
      [Size: 262144, Min: 1024, Max: 16777216]
      [Entries: 262991, Load: 100.3%, Cached: 5147, Added: 967453, Removed: 704462]
      [Resize Count: 8, Shrink Threshold: 174762(66.7%), Grow Threshold: 524288(200.0%)]
      [Rehash Count: 0, Rehash Threshold: 120, Hash Seed: 0x0]
      [Age Threshold: 3]
   [Queue]
      [Dropped: 0]
[GC concurrent-string-deduplication, deleted 0 entries, 0.0000006 secs]
2020-12-17T17:12:49.997+0530: 366376.568: [GC pause (G1 Evacuation Pause) (mixed), 0.0075859 secs]
   [Parallel Time: 3.0 ms, GC Workers: 10]
      [GC Worker Start (ms): Min: 366376567.7, Avg: 366376567.8, Max: 366376567.9, Diff: 0.3]
      [Ext Root Scanning (ms): Min: 0.7, Avg: 0.9, Max: 2.0, Diff: 1.3, Sum: 9.1]
      [Update RS (ms): Min: 0.0, Avg: 0.3, Max: 1.0, Diff: 1.0, Sum: 2.9]
         [Processed Buffers: Min: 0, Avg: 1.7, Max: 5, Diff: 5, Sum: 17]
      [Scan RS (ms): Min: 0.0, Avg: 0.1, Max: 0.2, Diff: 0.2, Sum: 0.8]
      [Code Root Scanning (ms): Min: 0.0, Avg: 0.0, Max: 0.3, Diff: 0.3, Sum: 0.4]
      [Object Copy (ms): Min: 0.4, Avg: 0.9, Max: 1.1, Diff: 0.7, Sum: 8.9]
      [Termination (ms): Min: 0.0, Avg: 0.0, Max: 0.0, Diff: 0.0, Sum: 0.0]
         [Termination Attempts: Min: 1, Avg: 1.0, Max: 1, Diff: 0, Sum: 10]
      [GC Worker Other (ms): Min: 0.0, Avg: 0.0, Max: 0.0, Diff: 0.0, Sum: 0.1]
      [GC Worker Total (ms): Min: 2.1, Avg: 2.2, Max: 2.4, Diff: 0.3, Sum: 22.3]
      [GC Worker End (ms): Min: 366376570.0, Avg: 366376570.1, Max: 366376570.1, Diff: 0.0]
   [Code Root Fixup: 0.0 ms]
   [Code Root Purge: 0.0 ms]
   [String Dedup Fixup: 2.5 ms, GC Workers: 10]
      [Queue Fixup (ms): Min: 0.0, Avg: 0.0, Max: 0.0, Diff: 0.0, Sum: 0.0]
      [Table Fixup (ms): Min: 1.7, Avg: 1.8, Max: 2.0, Diff: 0.3, Sum: 18.2]
   [Clear CT: 0.8 ms]
   [Other: 1.2 ms]
      [Choose CSet: 0.0 ms]
      [Ref Proc: 0.3 ms]
      [Ref Enq: 0.0 ms]
      [Redirty Cards: 0.8 ms]
      [Humongous Register: 0.0 ms]
      [Humongous Reclaim: 0.0 ms]
      [Free CSet: 0.0 ms]
   [Eden: 9216.0K(9216.0K)->0.0B(48128.0K) Survivors: 4096.0K->2048.0K Heap: 198.9M(267.0M)->190.0M(267.0M)]
 [Times: user=0.00 sys=0.00, real=0.01 secs] 
2020-12-17T17:12:50.006+0530: 366376.577: [GC concurrent-string-deduplication, 1001.2K->486.4K(514.8K), avg 59.8%, 0.0012325 secs]
   [Last Exec: 0.0012325 secs, Idle: 0.2190103 secs, Blocked: 0/0.0000000 secs]
      [Inspected:            2786]
         [Skipped:              0(  0.0%)]
         [Hashed:            2229( 80.0%)]
         [Known:               39(  1.4%)]
         [New:               2747( 98.6%)   1001.2K]
      [Deduplicated:         2495( 90.8%)    514.8K( 51.4%)]
         [Young:                0(  0.0%)      0.0B(  0.0%)]
         [Old:               2495(100.0%)    514.8K(100.0%)]
   [Total Exec: 1451/0.8544311 secs, Idle: 1451/366375.2447681 secs, Blocked: 127/0.0900250 secs]
      [Inspected:         2891357]
         [Skipped:              0(  0.0%)]
         [Hashed:         1192509( 41.2%)]
         [Known:           182705(  6.3%)]
         [New:            2708652( 93.7%)    210.9M]
      [Deduplicated:      1898064( 70.1%)    126.2M( 59.8%)]
         [Young:           778326( 41.0%)  61235.5K( 47.4%)]
         [Old:            1119738( 59.0%)  67945.2K( 52.6%)]
   [Table]
      [Memory Usage: 8332.5K]
      [Size: 262144, Min: 1024, Max: 16777216]
      [Entries: 263257, Load: 100.4%, Cached: 4881, Added: 967722, Removed: 704465]
      [Resize Count: 8, Shrink Threshold: 174762(66.7%), Grow Threshold: 524288(200.0%)]
      [Rehash Count: 0, Rehash Threshold: 120, Hash Seed: 0x0]
      [Age Threshold: 3]
   [Queue]
      [Dropped: 0]
[GC concurrent-string-deduplication, deleted 0 entries, 0.0000005 secs]
2020-12-17T17:12:50.126+0530: 366376.697: [GC pause (G1 Evacuation Pause) (young), 0.0073781 secs]
   [Parallel Time: 2.8 ms, GC Workers: 10]
      [GC Worker Start (ms): Min: 366376697.2, Avg: 366376697.3, Max: 366376697.4, Diff: 0.2]
      [Ext Root Scanning (ms): Min: 0.6, Avg: 0.7, Max: 1.5, Diff: 0.9, Sum: 7.4]
      [Update RS (ms): Min: 0.2, Avg: 0.8, Max: 1.4, Diff: 1.2, Sum: 8.0]
         [Processed Buffers: Min: 1, Avg: 2.4, Max: 7, Diff: 6, Sum: 24]
      [Scan RS (ms): Min: 0.0, Avg: 0.0, Max: 0.0, Diff: 0.0, Sum: 0.0]
      [Code Root Scanning (ms): Min: 0.0, Avg: 0.0, Max: 0.0, Diff: 0.0, Sum: 0.0]
      [Object Copy (ms): Min: 0.0, Avg: 0.2, Max: 0.3, Diff: 0.3, Sum: 2.0]
      [Termination (ms): Min: 0.0, Avg: 0.5, Max: 0.5, Diff: 0.5, Sum: 4.6]
         [Termination Attempts: Min: 1, Avg: 7.4, Max: 14, Diff: 13, Sum: 74]
      [GC Worker Other (ms): Min: 0.0, Avg: 0.0, Max: 0.0, Diff: 0.0, Sum: 0.1]
      [GC Worker Total (ms): Min: 2.1, Avg: 2.2, Max: 2.3, Diff: 0.2, Sum: 22.1]
      [GC Worker End (ms): Min: 366376699.5, Avg: 366376699.5, Max: 366376699.6, Diff: 0.0]
   [Code Root Fixup: 0.0 ms]
   [Code Root Purge: 0.0 ms]
   [String Dedup Fixup: 2.9 ms, GC Workers: 10]
      [Queue Fixup (ms): Min: 0.0, Avg: 0.0, Max: 0.0, Diff: 0.0, Sum: 0.0]
      [Table Fixup (ms): Min: 2.7, Avg: 2.8, Max: 2.8, Diff: 0.1, Sum: 27.6]
   [Clear CT: 0.5 ms]
   [Other: 1.2 ms]
      [Choose CSet: 0.0 ms]
      [Ref Proc: 0.3 ms]
      [Ref Enq: 0.0 ms]
      [Redirty Cards: 0.6 ms]
      [Humongous Register: 0.0 ms]
      [Humongous Reclaim: 0.0 ms]
      [Free CSet: 0.1 ms]
   [Eden: 48128.0K(48128.0K)->0.0B(50176.0K) Survivors: 2048.0K->1024.0K Heap: 237.0M(267.0M)->188.7M(267.0M)]
 [Times: user=0.00 sys=0.00, real=0.01 secs] 
2020-12-17T17:12:50.134+0530: 366376.705: [GC concurrent-string-deduplication, 11328.0B->4392.0B(6936.0B), avg 59.8%, 0.0001156 secs]
   [Last Exec: 0.0001156 secs, Idle: 0.1281876 secs, Blocked: 0/0.0000000 secs]
      [Inspected:             242]
         [Skipped:              0(  0.0%)]
         [Hashed:              57( 23.6%)]
         [Known:              146( 60.3%)]
         [New:                 96( 39.7%)  11328.0B]
      [Deduplicated:           72( 75.0%)   6936.0B( 61.2%)]
         [Young:               72(100.0%)   6936.0B(100.0%)]
         [Old:                  0(  0.0%)      0.0B(  0.0%)]
   [Total Exec: 1452/0.8545467 secs, Idle: 1452/366375.3729557 secs, Blocked: 127/0.0900250 secs]
      [Inspected:         2891599]
         [Skipped:              0(  0.0%)]
         [Hashed:         1192566( 41.2%)]
         [Known:           182851(  6.3%)]
         [New:            2708748( 93.7%)    210.9M]
      [Deduplicated:      1898136( 70.1%)    126.2M( 59.8%)]
         [Young:           778398( 41.0%)  61242.2K( 47.4%)]
         [Old:            1119738( 59.0%)  67945.2K( 52.6%)]
   [Table]
      [Memory Usage: 8332.5K]
      [Size: 262144, Min: 1024, Max: 16777216]
      [Entries: 263316, Load: 100.4%, Cached: 4822, Added: 967781, Removed: 704465]
      [Resize Count: 8, Shrink Threshold: 174762(66.7%), Grow Threshold: 524288(200.0%)]
      [Rehash Count: 0, Rehash Threshold: 120, Hash Seed: 0x0]
      [Age Threshold: 3]
   [Queue]
      [Dropped: 0]
[GC concurrent-string-deduplication, deleted 0 entries, 0.0000008 secs]
2020-12-17T17:12:50.693+0530: 366377.264: [GC pause (G1 Evacuation Pause) (young) (initial-mark), 0.0084596 secs]
   [Parallel Time: 3.1 ms, GC Workers: 10]
      [GC Worker Start (ms): Min: 366377264.2, Avg: 366377264.4, Max: 366377264.4, Diff: 0.2]
      [Ext Root Scanning (ms): Min: 1.4, Avg: 1.6, Max: 1.9, Diff: 0.5, Sum: 15.8]
      [Update RS (ms): Min: 0.0, Avg: 0.2, Max: 0.7, Diff: 0.7, Sum: 2.1]
         [Processed Buffers: Min: 0, Avg: 3.0, Max: 10, Diff: 10, Sum: 30]
      [Scan RS (ms): Min: 0.0, Avg: 0.0, Max: 0.0, Diff: 0.0, Sum: 0.1]
      [Code Root Scanning (ms): Min: 0.0, Avg: 0.0, Max: 0.0, Diff: 0.0, Sum: 0.0]
      [Object Copy (ms): Min: 0.0, Avg: 0.2, Max: 0.3, Diff: 0.3, Sum: 1.8]
      [Termination (ms): Min: 0.0, Avg: 0.5, Max: 0.5, Diff: 0.5, Sum: 4.7]
         [Termination Attempts: Min: 1, Avg: 4.0, Max: 10, Diff: 9, Sum: 40]
      [GC Worker Other (ms): Min: 0.0, Avg: 0.0, Max: 0.0, Diff: 0.0, Sum: 0.1]
      [GC Worker Total (ms): Min: 2.4, Avg: 2.5, Max: 2.6, Diff: 0.2, Sum: 24.5]
      [GC Worker End (ms): Min: 366377266.8, Avg: 366377266.8, Max: 366377266.8, Diff: 0.0]
   [Code Root Fixup: 0.0 ms]
   [Code Root Purge: 0.0 ms]
   [String Dedup Fixup: 2.5 ms, GC Workers: 10]
      [Queue Fixup (ms): Min: 0.0, Avg: 0.0, Max: 0.0, Diff: 0.0, Sum: 0.0]
      [Table Fixup (ms): Min: 1.9, Avg: 2.0, Max: 2.1, Diff: 0.2, Sum: 19.6]
   [Clear CT: 0.8 ms]
   [Other: 1.9 ms]
      [Choose CSet: 0.0 ms]
      [Ref Proc: 1.0 ms]
      [Ref Enq: 0.0 ms]
      [Redirty Cards: 0.8 ms]
      [Humongous Register: 0.0 ms]
      [Humongous Reclaim: 0.0 ms]
      [Free CSet: 0.0 ms]
   [Eden: 50176.0K(50176.0K)->0.0B(50176.0K) Survivors: 1024.0K->1024.0K Heap: 237.7M(267.0M)->188.4M(267.0M)]
 [Times: user=0.00 sys=0.00, real=0.01 secs] 
2020-12-17T17:12:50.702+0530: 366377.273: [GC concurrent-root-region-scan-start]
2020-12-17T17:12:50.702+0530: 366377.273: [GC concurrent-string-deduplication, 216.0B->88.0B(128.0B), avg 59.8%, 0.0000139 secs]
   [Last Exec: 0.0000139 secs, Idle: 0.5677419 secs, Blocked: 0/0.0000000 secs]
      [Inspected:              23]
         [Skipped:              0(  0.0%)]
         [Hashed:               1(  4.3%)]
         [Known:               19( 82.6%)]
         [New:                  4( 17.4%)    216.0B]
      [Deduplicated:            3( 75.0%)    128.0B( 59.3%)]
         [Young:                3(100.0%)    128.0B(100.0%)]
         [Old:                  0(  0.0%)      0.0B(  0.0%)]
   [Total Exec: 1453/0.8545606 secs, Idle: 1453/366375.9406976 secs, Blocked: 127/0.0900250 secs]
      [Inspected:         2891622]
         [Skipped:              0(  0.0%)]
         [Hashed:         1192567( 41.2%)]
         [Known:           182870(  6.3%)]
         [New:            2708752( 93.7%)    210.9M]
      [Deduplicated:      1898139( 70.1%)    126.2M( 59.8%)]
         [Young:           778401( 41.0%)  61242.4K( 47.4%)]
         [Old:            1119738( 59.0%)  67945.2K( 52.6%)]
   [Table]
      [Memory Usage: 8332.5K]
      [Size: 262144, Min: 1024, Max: 16777216]
      [Entries: 263346, Load: 100.5%, Cached: 4792, Added: 967813, Removed: 704467]
      [Resize Count: 8, Shrink Threshold: 174762(66.7%), Grow Threshold: 524288(200.0%)]
      [Rehash Count: 0, Rehash Threshold: 120, Hash Seed: 0x0]
      [Age Threshold: 3]
   [Queue]
      [Dropped: 0]
[GC concurrent-string-deduplication, deleted 0 entries, 0.0000006 secs]
2020-12-17T17:12:50.704+0530: 366377.274: [GC concurrent-root-region-scan-end, 0.0016569 secs]
2020-12-17T17:12:50.704+0530: 366377.274: [GC concurrent-mark-start]
2020-12-17T17:12:50.787+0530: 366377.358: [GC concurrent-mark-end, 0.0836336 secs]
2020-12-17T17:12:50.788+0530: 366377.358: [GC remark 2020-12-17T17:12:50.788+0530: 366377.359: [Finalize Marking, 0.0005340 secs] 2020-12-17T17:12:50.788+0530: 366377.359: [GC ref-proc, 0.0004990 secs] 2020-12-17T17:12:50.789+0530: 366377.360: [Unloading, 0.0189837 secs], 0.0208206 secs]
 [Times: user=0.16 sys=0.00, real=0.02 secs] 
2020-12-17T17:12:50.809+0530: 366377.380: [GC cleanup 212M->212M(267M), 0.0024511 secs]
 [Times: user=0.00 sys=0.00, real=0.00 secs] 
2020-12-17T17:12:51.067+0530: 366377.638: [GC pause (G1 Evacuation Pause) (young), 0.0071165 secs]
   [Parallel Time: 1.8 ms, GC Workers: 10]
      [GC Worker Start (ms): Min: 366377637.9, Avg: 366377638.0, Max: 366377638.1, Diff: 0.3]
      [Ext Root Scanning (ms): Min: 0.5, Avg: 0.7, Max: 1.3, Diff: 0.8, Sum: 6.9]
      [Update RS (ms): Min: 0.0, Avg: 0.2, Max: 0.5, Diff: 0.5, Sum: 2.1]
         [Processed Buffers: Min: 0, Avg: 2.2, Max: 5, Diff: 5, Sum: 22]
      [Scan RS (ms): Min: 0.0, Avg: 0.0, Max: 0.0, Diff: 0.0, Sum: 0.1]
      [Code Root Scanning (ms): Min: 0.0, Avg: 0.0, Max: 0.0, Diff: 0.0, Sum: 0.0]
      [Object Copy (ms): Min: 0.0, Avg: 0.1, Max: 0.2, Diff: 0.2, Sum: 1.3]
      [Termination (ms): Min: 0.0, Avg: 0.2, Max: 0.2, Diff: 0.2, Sum: 1.8]
         [Termination Attempts: Min: 1, Avg: 1.9, Max: 5, Diff: 4, Sum: 19]
      [GC Worker Other (ms): Min: 0.0, Avg: 0.0, Max: 0.0, Diff: 0.0, Sum: 0.1]
      [GC Worker Total (ms): Min: 1.1, Avg: 1.2, Max: 1.4, Diff: 0.2, Sum: 12.3]
      [GC Worker End (ms): Min: 366377639.2, Avg: 366377639.3, Max: 366377639.3, Diff: 0.0]
   [Code Root Fixup: 0.0 ms]
   [Code Root Purge: 0.0 ms]
   [String Dedup Fixup: 2.5 ms, GC Workers: 10]
      [Queue Fixup (ms): Min: 0.0, Avg: 0.0, Max: 0.0, Diff: 0.0, Sum: 0.0]
      [Table Fixup (ms): Min: 1.7, Avg: 1.8, Max: 2.0, Diff: 0.2, Sum: 18.3]
   [Clear CT: 0.8 ms]
   [Other: 2.0 ms]
      [Choose CSet: 0.0 ms]
      [Ref Proc: 1.0 ms]
      [Ref Enq: 0.0 ms]
      [Redirty Cards: 0.8 ms]
      [Humongous Register: 0.0 ms]
      [Humongous Reclaim: 0.0 ms]
      [Free CSet: 0.0 ms]
   [Eden: 50176.0K(50176.0K)->0.0B(12288.0K) Survivors: 1024.0K->1024.0K Heap: 237.4M(267.0M)->188.3M(267.0M)]
 [Times: user=0.00 sys=0.00, real=0.01 secs] 
2020-12-17T17:12:51.075+0530: 366377.645: [GC concurrent-string-deduplication, 256.0B->88.0B(168.0B), avg 59.8%, 0.0000151 secs]
   [Last Exec: 0.0000151 secs, Idle: 0.3722624 secs, Blocked: 0/0.0000000 secs]
      [Inspected:              45]
         [Skipped:              0(  0.0%)]
         [Hashed:               4(  8.9%)]
         [Known:               39( 86.7%)]
         [New:                  6( 13.3%)    256.0B]
      [Deduplicated:            5( 83.3%)    168.0B( 65.6%)]
         [Young:                5(100.0%)    168.0B(100.0%)]
         [Old:                  0(  0.0%)      0.0B(  0.0%)]
   [Total Exec: 1454/0.8545757 secs, Idle: 1454/366376.3129600 secs, Blocked: 127/0.0900250 secs]
      [Inspected:         2891667]
         [Skipped:              0(  0.0%)]
         [Hashed:         1192571( 41.2%)]
         [Known:           182909(  6.3%)]
         [New:            2708758( 93.7%)    210.9M]
      [Deduplicated:      1898144( 70.1%)    126.2M( 59.8%)]
         [Young:           778406( 41.0%)  61242.5K( 47.4%)]
         [Old:            1119738( 59.0%)  67945.2K( 52.6%)]
   [Table]
      [Memory Usage: 8332.5K]
      [Size: 262144, Min: 1024, Max: 16777216]
      [Entries: 263215, Load: 100.4%, Cached: 4923, Added: 967857, Removed: 704642]
      [Resize Count: 8, Shrink Threshold: 174762(66.7%), Grow Threshold: 524288(200.0%)]
      [Rehash Count: 0, Rehash Threshold: 120, Hash Seed: 0x0]
      [Age Threshold: 3]
   [Queue]
      [Dropped: 0]
[GC concurrent-string-deduplication, deleted 0 entries, 0.0000006 secs]
2020-12-17T17:12:51.161+0530: 366377.732: [GC pause (G1 Evacuation Pause) (mixed), 0.0082926 secs]
   [Parallel Time: 3.0 ms, GC Workers: 10]
      [GC Worker Start (ms): Min: 366377731.6, Avg: 366377731.7, Max: 366377731.8, Diff: 0.2]
      [Ext Root Scanning (ms): Min: 0.7, Avg: 0.8, Max: 1.7, Diff: 1.0, Sum: 8.2]
      [Update RS (ms): Min: 0.0, Avg: 0.2, Max: 0.6, Diff: 0.6, Sum: 1.7]
         [Processed Buffers: Min: 0, Avg: 1.5, Max: 5, Diff: 5, Sum: 15]
      [Scan RS (ms): Min: 0.0, Avg: 0.4, Max: 0.5, Diff: 0.5, Sum: 3.6]
      [Code Root Scanning (ms): Min: 0.0, Avg: 0.0, Max: 0.4, Diff: 0.4, Sum: 0.4]
      [Object Copy (ms): Min: 0.8, Avg: 1.0, Max: 1.1, Diff: 0.4, Sum: 10.2]
      [Termination (ms): Min: 0.0, Avg: 0.0, Max: 0.0, Diff: 0.0, Sum: 0.0]
         [Termination Attempts: Min: 1, Avg: 1.3, Max: 2, Diff: 1, Sum: 13]
      [GC Worker Other (ms): Min: 0.0, Avg: 0.0, Max: 0.0, Diff: 0.0, Sum: 0.1]
      [GC Worker Total (ms): Min: 2.4, Avg: 2.4, Max: 2.5, Diff: 0.1, Sum: 24.2]
      [GC Worker End (ms): Min: 366377734.1, Avg: 366377734.1, Max: 366377734.1, Diff: 0.0]
   [Code Root Fixup: 0.0 ms]
   [Code Root Purge: 0.0 ms]
   [String Dedup Fixup: 3.3 ms, GC Workers: 10]
      [Queue Fixup (ms): Min: 0.0, Avg: 0.0, Max: 0.0, Diff: 0.0, Sum: 0.0]
      [Table Fixup (ms): Min: 2.7, Avg: 3.0, Max: 3.1, Diff: 0.4, Sum: 29.7]
   [Clear CT: 0.8 ms]
   [Other: 1.3 ms]
      [Choose CSet: 0.0 ms]
      [Ref Proc: 0.3 ms]
      [Ref Enq: 0.0 ms]
      [Redirty Cards: 0.8 ms]
      [Humongous Register: 0.0 ms]
      [Humongous Reclaim: 0.0 ms]
      [Free CSet: 0.0 ms]
   [Eden: 12288.0K(12288.0K)->0.0B(50176.0K) Survivors: 1024.0K->1024.0K Heap: 200.3M(267.0M)->187.4M(267.0M)]
 [Times: user=0.00 sys=0.00, real=0.01 secs] 
2020-12-17T17:12:51.170+0530: 366377.740: [GC concurrent-string-deduplication, 4024.0B->2248.0B(1776.0B), avg 59.8%, 0.0000239 secs]
   [Last Exec: 0.0000239 secs, Idle: 0.0948974 secs, Blocked: 0/0.0000000 secs]
      [Inspected:              52]
         [Skipped:              0(  0.0%)]
         [Hashed:              11( 21.2%)]
         [Known:               31( 59.6%)]
         [New:                 21( 40.4%)   4024.0B]
      [Deduplicated:           11( 52.4%)   1776.0B( 44.1%)]
         [Young:               11(100.0%)   1776.0B(100.0%)]
         [Old:                  0(  0.0%)      0.0B(  0.0%)]
   [Total Exec: 1455/0.8545996 secs, Idle: 1455/366376.4078574 secs, Blocked: 127/0.0900250 secs]
      [Inspected:         2891719]
         [Skipped:              0(  0.0%)]
         [Hashed:         1192582( 41.2%)]
         [Known:           182940(  6.3%)]
         [New:            2708779( 93.7%)    210.9M]
      [Deduplicated:      1898155( 70.1%)    126.2M( 59.8%)]
         [Young:           778417( 41.0%)  61244.3K( 47.4%)]
         [Old:            1119738( 59.0%)  67945.2K( 52.6%)]
   [Table]
      [Memory Usage: 8332.5K]
      [Size: 262144, Min: 1024, Max: 16777216]
      [Entries: 263227, Load: 100.4%, Cached: 4911, Added: 967870, Removed: 704643]
      [Resize Count: 8, Shrink Threshold: 174762(66.7%), Grow Threshold: 524288(200.0%)]
      [Rehash Count: 0, Rehash Threshold: 120, Hash Seed: 0x0]
      [Age Threshold: 3]
   [Queue]
      [Dropped: 0]
[GC concurrent-string-deduplication, deleted 0 entries, 0.0000006 secs]
2020-12-17T17:12:52.862+0530: 366379.432: [GC pause (G1 Evacuation Pause) (young), 0.0082258 secs]
   [Parallel Time: 3.7 ms, GC Workers: 10]
      [GC Worker Start (ms): Min: 366379432.6, Avg: 366379432.7, Max: 366379432.8, Diff: 0.2]
      [Ext Root Scanning (ms): Min: 0.6, Avg: 0.8, Max: 1.4, Diff: 0.8, Sum: 7.9]
      [Update RS (ms): Min: 1.0, Avg: 1.1, Max: 1.5, Diff: 0.5, Sum: 11.3]
         [Processed Buffers: Min: 2, Avg: 3.7, Max: 10, Diff: 8, Sum: 37]
      [Scan RS (ms): Min: 0.0, Avg: 0.0, Max: 0.0, Diff: 0.0, Sum: 0.0]
      [Code Root Scanning (ms): Min: 0.0, Avg: 0.0, Max: 0.0, Diff: 0.0, Sum: 0.0]
      [Object Copy (ms): Min: 0.7, Avg: 1.3, Max: 1.6, Diff: 0.8, Sum: 13.2]
      [Termination (ms): Min: 0.0, Avg: 0.0, Max: 0.0, Diff: 0.0, Sum: 0.3]
         [Termination Attempts: Min: 1, Avg: 1.1, Max: 2, Diff: 1, Sum: 11]
      [GC Worker Other (ms): Min: 0.0, Avg: 0.0, Max: 0.0, Diff: 0.0, Sum: 0.1]
      [GC Worker Total (ms): Min: 3.2, Avg: 3.3, Max: 3.4, Diff: 0.2, Sum: 32.8]
      [GC Worker End (ms): Min: 366379436.0, Avg: 366379436.0, Max: 366379436.0, Diff: 0.0]
   [Code Root Fixup: 0.0 ms]
   [Code Root Purge: 0.0 ms]
   [String Dedup Fixup: 2.7 ms, GC Workers: 10]
      [Queue Fixup (ms): Min: 0.0, Avg: 0.0, Max: 0.0, Diff: 0.0, Sum: 0.0]
      [Table Fixup (ms): Min: 2.2, Avg: 2.3, Max: 2.4, Diff: 0.2, Sum: 22.7]
   [Clear CT: 0.7 ms]
   [Other: 1.1 ms]
      [Choose CSet: 0.0 ms]
      [Ref Proc: 0.3 ms]
      [Ref Enq: 0.0 ms]
      [Redirty Cards: 0.6 ms]
      [Humongous Register: 0.0 ms]
      [Humongous Reclaim: 0.0 ms]
      [Free CSet: 0.0 ms]
   [Eden: 50176.0K(50176.0K)->0.0B(46080.0K) Survivors: 1024.0K->3072.0K Heap: 236.4M(267.0M)->189.2M(267.0M)]
 [Times: user=0.00 sys=0.00, real=0.01 secs] 
2020-12-17T17:12:52.870+0530: 366379.441: [GC concurrent-string-deduplication, 680.0B->88.0B(592.0B), avg 59.8%, 0.0000234 secs]
   [Last Exec: 0.0000234 secs, Idle: 1.7008167 secs, Blocked: 0/0.0000000 secs]
      [Inspected:              72]
         [Skipped:              0(  0.0%)]
         [Hashed:               0(  0.0%)]
         [Known:               48( 66.7%)]
         [New:                 24( 33.3%)    680.0B]
      [Deduplicated:           22( 91.7%)    592.0B( 87.1%)]
         [Young:               22(100.0%)    592.0B(100.0%)]
         [Old:                  0(  0.0%)      0.0B(  0.0%)]
   [Total Exec: 1456/0.8546230 secs, Idle: 1456/366378.1086741 secs, Blocked: 127/0.0900250 secs]
      [Inspected:         2891791]
         [Skipped:              0(  0.0%)]
         [Hashed:         1192582( 41.2%)]
         [Known:           182988(  6.3%)]
         [New:            2708803( 93.7%)    210.9M]
      [Deduplicated:      1898177( 70.1%)    126.2M( 59.8%)]
         [Young:           778439( 41.0%)  61244.8K( 47.4%)]
         [Old:            1119738( 59.0%)  67945.2K( 52.6%)]
   [Table]
      [Memory Usage: 8332.5K]
      [Size: 262144, Min: 1024, Max: 16777216]
      [Entries: 263264, Load: 100.4%, Cached: 4874, Added: 967916, Removed: 704652]
      [Resize Count: 8, Shrink Threshold: 174762(66.7%), Grow Threshold: 524288(200.0%)]
      [Rehash Count: 0, Rehash Threshold: 120, Hash Seed: 0x0]
      [Age Threshold: 3]
   [Queue]
      [Dropped: 0]
[GC concurrent-string-deduplication, deleted 0 entries, 0.0000006 secs]
2020-12-17T17:12:52.902+0530: 366379.472: [GC pause (G1 Humongous Allocation) (young) (initial-mark), 0.0069025 secs]
   [Parallel Time: 2.8 ms, GC Workers: 10]
      [GC Worker Start (ms): Min: 366379472.5, Avg: 366379472.6, Max: 366379472.7, Diff: 0.2]
      [Ext Root Scanning (ms): Min: 1.8, Avg: 1.9, Max: 2.1, Diff: 0.3, Sum: 18.9]
      [Update RS (ms): Min: 0.0, Avg: 0.2, Max: 0.3, Diff: 0.3, Sum: 1.6]
         [Processed Buffers: Min: 1, Avg: 1.7, Max: 3, Diff: 2, Sum: 17]
      [Scan RS (ms): Min: 0.0, Avg: 0.0, Max: 0.0, Diff: 0.0, Sum: 0.0]
      [Code Root Scanning (ms): Min: 0.0, Avg: 0.0, Max: 0.0, Diff: 0.0, Sum: 0.0]
      [Object Copy (ms): Min: 0.0, Avg: 0.2, Max: 0.4, Diff: 0.4, Sum: 2.3]
      [Termination (ms): Min: 0.0, Avg: 0.1, Max: 0.1, Diff: 0.1, Sum: 0.6]
         [Termination Attempts: Min: 1, Avg: 14.5, Max: 27, Diff: 26, Sum: 145]
      [GC Worker Other (ms): Min: 0.0, Avg: 0.0, Max: 0.0, Diff: 0.0, Sum: 0.1]
      [GC Worker Total (ms): Min: 2.3, Avg: 2.3, Max: 2.5, Diff: 0.2, Sum: 23.4]
      [GC Worker End (ms): Min: 366379474.9, Avg: 366379474.9, Max: 366379474.9, Diff: 0.0]
   [Code Root Fixup: 0.0 ms]
   [Code Root Purge: 0.0 ms]
   [String Dedup Fixup: 2.8 ms, GC Workers: 10]
      [Queue Fixup (ms): Min: 0.0, Avg: 0.0, Max: 0.0, Diff: 0.0, Sum: 0.0]
      [Table Fixup (ms): Min: 2.6, Avg: 2.7, Max: 2.8, Diff: 0.2, Sum: 26.5]
   [Clear CT: 0.3 ms]
   [Other: 1.0 ms]
      [Choose CSet: 0.0 ms]
      [Ref Proc: 0.4 ms]
      [Ref Enq: 0.0 ms]
      [Redirty Cards: 0.4 ms]
      [Humongous Register: 0.0 ms]
      [Humongous Reclaim: 0.0 ms]
      [Free CSet: 0.0 ms]
   [Eden: 8192.0K(46080.0K)->0.0B(48128.0K) Survivors: 3072.0K->2048.0K Heap: 197.0M(267.0M)->188.6M(267.0M)]
 [Times: user=0.16 sys=0.00, real=0.01 secs] 
2020-12-17T17:12:52.909+0530: 366379.479: [GC concurrent-root-region-scan-start]
2020-12-17T17:12:52.909+0530: 366379.479: [GC concurrent-string-deduplication, 264.0B->232.0B(32.0B), avg 59.8%, 0.0000144 secs]
   [Last Exec: 0.0000144 secs, Idle: 0.0385055 secs, Blocked: 0/0.0000000 secs]
      [Inspected:               8]
         [Skipped:              0(  0.0%)]
         [Hashed:               0(  0.0%)]
         [Known:                3( 37.5%)]
         [New:                  5( 62.5%)    264.0B]
      [Deduplicated:            1( 20.0%)     32.0B( 12.1%)]
         [Young:                1(100.0%)     32.0B(100.0%)]
         [Old:                  0(  0.0%)      0.0B(  0.0%)]
   [Total Exec: 1457/0.8546374 secs, Idle: 1457/366378.1471796 secs, Blocked: 127/0.0900250 secs]
      [Inspected:         2891799]
         [Skipped:              0(  0.0%)]
         [Hashed:         1192582( 41.2%)]
         [Known:           182991(  6.3%)]
         [New:            2708808( 93.7%)    210.9M]
      [Deduplicated:      1898178( 70.1%)    126.2M( 59.8%)]
         [Young:           778440( 41.0%)  61244.9K( 47.4%)]
         [Old:            1119738( 59.0%)  67945.2K( 52.6%)]
   [Table]
      [Memory Usage: 8332.5K]
      [Size: 262144, Min: 1024, Max: 16777216]
      [Entries: 263271, Load: 100.4%, Cached: 4867, Added: 967925, Removed: 704654]
      [Resize Count: 8, Shrink Threshold: 174762(66.7%), Grow Threshold: 524288(200.0%)]
      [Rehash Count: 0, Rehash Threshold: 120, Hash Seed: 0x0]
      [Age Threshold: 3]
   [Queue]
      [Dropped: 0]
[GC concurrent-string-deduplication, deleted 0 entries, 0.0000036 secs]
2020-12-17T17:12:52.911+0530: 366379.481: [GC concurrent-root-region-scan-end, 0.0017124 secs]
2020-12-17T17:12:52.911+0530: 366379.481: [GC concurrent-mark-start]
2020-12-17T17:12:53.014+0530: 366379.585: [GC concurrent-mark-end, 0.1037787 secs]
2020-12-17T17:12:53.015+0530: 366379.586: [GC remark 2020-12-17T17:12:53.015+0530: 366379.586: [Finalize Marking, 0.0003457 secs] 2020-12-17T17:12:53.015+0530: 366379.586: [GC ref-proc, 0.0014771 secs] 2020-12-17T17:12:53.017+0530: 366379.588: [Unloading, 0.0257417 secs], 0.0287536 secs]
 [Times: user=0.16 sys=0.00, real=0.03 secs] 
2020-12-17T17:12:53.044+0530: 366379.615: [GC cleanup 191M->191M(267M), 0.0035622 secs]
 [Times: user=0.11 sys=0.00, real=0.00 secs] 
2020-12-17T17:12:56.305+0530: 366382.876: [GC pause (G1 Evacuation Pause) (young), 0.0130015 secs]
   [Parallel Time: 7.4 ms, GC Workers: 10]
      [GC Worker Start (ms): Min: 366382875.9, Avg: 366382876.0, Max: 366382876.0, Diff: 0.1]
      [Ext Root Scanning (ms): Min: 1.1, Avg: 1.9, Max: 7.1, Diff: 6.0, Sum: 18.8]
      [Update RS (ms): Min: 0.0, Avg: 0.4, Max: 0.8, Diff: 0.8, Sum: 3.8]
         [Processed Buffers: Min: 0, Avg: 3.8, Max: 10, Diff: 10, Sum: 38]
      [Scan RS (ms): Min: 0.0, Avg: 0.0, Max: 0.0, Diff: 0.0, Sum: 0.1]
      [Code Root Scanning (ms): Min: 0.0, Avg: 0.0, Max: 0.0, Diff: 0.0, Sum: 0.0]
      [Object Copy (ms): Min: 0.0, Avg: 0.2, Max: 0.4, Diff: 0.4, Sum: 2.1]
      [Termination (ms): Min: 0.0, Avg: 4.7, Max: 5.3, Diff: 5.3, Sum: 46.7]
         [Termination Attempts: Min: 1, Avg: 2.2, Max: 4, Diff: 3, Sum: 22]
      [GC Worker Other (ms): Min: 0.0, Avg: 0.0, Max: 0.1, Diff: 0.1, Sum: 0.3]
      [GC Worker Total (ms): Min: 7.1, Avg: 7.2, Max: 7.2, Diff: 0.1, Sum: 71.7]
      [GC Worker End (ms): Min: 366382883.1, Avg: 366382883.1, Max: 366382883.2, Diff: 0.1]
   [Code Root Fixup: 0.0 ms]
   [Code Root Purge: 0.0 ms]
   [String Dedup Fixup: 3.3 ms, GC Workers: 10]
      [Queue Fixup (ms): Min: 0.0, Avg: 0.0, Max: 0.0, Diff: 0.0, Sum: 0.0]
      [Table Fixup (ms): Min: 2.7, Avg: 2.8, Max: 2.9, Diff: 0.2, Sum: 27.9]
   [Clear CT: 0.8 ms]
   [Other: 1.4 ms]
      [Choose CSet: 0.0 ms]
      [Ref Proc: 0.5 ms]
      [Ref Enq: 0.0 ms]
      [Redirty Cards: 0.7 ms]
      [Humongous Register: 0.0 ms]
      [Humongous Reclaim: 0.0 ms]
      [Free CSet: 0.0 ms]
   [Eden: 48128.0K(48128.0K)->0.0B(12288.0K) Survivors: 2048.0K->1024.0K Heap: 236.6M(267.0M)->187.7M(267.0M)]
 [Times: user=0.11 sys=0.02, real=0.01 secs] 
2020-12-17T17:12:56.318+0530: 366382.889: [GC concurrent-string-deduplication, 4416.0B->2920.0B(1496.0B), avg 59.8%, 0.0000415 secs]
   [Last Exec: 0.0000415 secs, Idle: 3.4093861 secs, Blocked: 0/0.0000000 secs]
      [Inspected:             104]
         [Skipped:              0(  0.0%)]
         [Hashed:              29( 27.9%)]
         [Known:               45( 43.3%)]
         [New:                 59( 56.7%)   4416.0B]
      [Deduplicated:           39( 66.1%)   1496.0B( 33.9%)]
         [Young:               39(100.0%)   1496.0B(100.0%)]
         [Old:                  0(  0.0%)      0.0B(  0.0%)]
   [Total Exec: 1458/0.8546789 secs, Idle: 1458/366381.5565657 secs, Blocked: 127/0.0900250 secs]
      [Inspected:         2891903]
         [Skipped:              0(  0.0%)]
         [Hashed:         1192611( 41.2%)]
         [Known:           183036(  6.3%)]
         [New:            2708867( 93.7%)    210.9M]
      [Deduplicated:      1898217( 70.1%)    126.2M( 59.8%)]
         [Young:           778479( 41.0%)  61246.3K( 47.4%)]
         [Old:            1119738( 59.0%)  67945.2K( 52.6%)]
   [Table]
      [Memory Usage: 8332.5K]
      [Size: 262144, Min: 1024, Max: 16777216]
      [Entries: 263302, Load: 100.4%, Cached: 4836, Added: 967980, Removed: 704678]
      [Resize Count: 8, Shrink Threshold: 174762(66.7%), Grow Threshold: 524288(200.0%)]
      [Rehash Count: 0, Rehash Threshold: 120, Hash Seed: 0x0]
      [Age Threshold: 3]
   [Queue]
      [Dropped: 0]
[GC concurrent-string-deduplication, deleted 0 entries, 0.0000006 secs]
2020-12-17T17:12:57.896+0530: 366384.467: [GC pause (G1 Evacuation Pause) (mixed), 0.0107291 secs]
   [Parallel Time: 5.4 ms, GC Workers: 10]
      [GC Worker Start (ms): Min: 366384467.0, Avg: 366384467.1, Max: 366384467.2, Diff: 0.2]
      [Ext Root Scanning (ms): Min: 0.6, Avg: 1.2, Max: 4.6, Diff: 4.0, Sum: 12.1]
      [Update RS (ms): Min: 0.0, Avg: 0.2, Max: 0.9, Diff: 0.9, Sum: 2.1]
         [Processed Buffers: Min: 0, Avg: 1.5, Max: 5, Diff: 5, Sum: 15]
      [Scan RS (ms): Min: 0.0, Avg: 0.1, Max: 0.2, Diff: 0.2, Sum: 0.7]
      [Code Root Scanning (ms): Min: 0.0, Avg: 0.1, Max: 0.6, Diff: 0.6, Sum: 0.6]
      [Object Copy (ms): Min: 0.0, Avg: 0.5, Max: 0.8, Diff: 0.8, Sum: 4.8]
      [Termination (ms): Min: 0.0, Avg: 2.6, Max: 3.0, Diff: 2.9, Sum: 26.4]
         [Termination Attempts: Min: 1, Avg: 2.0, Max: 3, Diff: 2, Sum: 20]
      [GC Worker Other (ms): Min: 0.0, Avg: 0.0, Max: 0.0, Diff: 0.0, Sum: 0.1]
      [GC Worker Total (ms): Min: 4.6, Avg: 4.7, Max: 4.8, Diff: 0.2, Sum: 46.8]
      [GC Worker End (ms): Min: 366384471.8, Avg: 366384471.8, Max: 366384471.8, Diff: 0.0]
   [Code Root Fixup: 0.0 ms]
   [Code Root Purge: 0.0 ms]
   [String Dedup Fixup: 2.8 ms, GC Workers: 10]
      [Queue Fixup (ms): Min: 0.0, Avg: 0.0, Max: 0.0, Diff: 0.0, Sum: 0.0]
      [Table Fixup (ms): Min: 2.1, Avg: 2.2, Max: 2.3, Diff: 0.2, Sum: 21.6]
   [Clear CT: 0.8 ms]
   [Other: 1.8 ms]
      [Choose CSet: 0.0 ms]
      [Ref Proc: 1.0 ms]
      [Ref Enq: 0.0 ms]
      [Redirty Cards: 0.6 ms]
      [Humongous Register: 0.0 ms]
      [Humongous Reclaim: 0.0 ms]
      [Free CSet: 0.0 ms]
   [Eden: 12288.0K(12288.0K)->0.0B(51200.0K) Survivors: 1024.0K->1024.0K Heap: 199.7M(267.0M)->187.2M(267.0M)]
 [Times: user=0.00 sys=0.00, real=0.01 secs] 
2020-12-17T17:12:57.907+0530: 366384.478: [GC concurrent-string-deduplication, 64.0B->64.0B(0.0B), avg 59.8%, 0.0000051 secs]
   [Last Exec: 0.0000051 secs, Idle: 1.5888182 secs, Blocked: 0/0.0000000 secs]
      [Inspected:               7]
         [Skipped:              0(  0.0%)]
         [Hashed:               0(  0.0%)]
         [Known:                5( 71.4%)]
         [New:                  2( 28.6%)     64.0B]
      [Deduplicated:            0(  0.0%)      0.0B(  0.0%)]
         [Young:                0(  0.0%)      0.0B(  0.0%)]
         [Old:                  0(  0.0%)      0.0B(  0.0%)]
   [Total Exec: 1459/0.8546840 secs, Idle: 1459/366383.1453839 secs, Blocked: 127/0.0900250 secs]
      [Inspected:         2891910]
         [Skipped:              0(  0.0%)]
         [Hashed:         1192611( 41.2%)]
         [Known:           183041(  6.3%)]
         [New:            2708869( 93.7%)    210.9M]
      [Deduplicated:      1898217( 70.1%)    126.2M( 59.8%)]
         [Young:           778479( 41.0%)  61246.3K( 47.4%)]
         [Old:            1119738( 59.0%)  67945.2K( 52.6%)]
   [Table]
      [Memory Usage: 8332.5K]
      [Size: 262144, Min: 1024, Max: 16777216]
      [Entries: 263309, Load: 100.4%, Cached: 4829, Added: 967987, Removed: 704678]
      [Resize Count: 8, Shrink Threshold: 174762(66.7%), Grow Threshold: 524288(200.0%)]
      [Rehash Count: 0, Rehash Threshold: 120, Hash Seed: 0x0]
      [Age Threshold: 3]
   [Queue]
      [Dropped: 0]
[GC concurrent-string-deduplication, deleted 0 entries, 0.0000006 secs]
2020-12-17T17:13:00.436+0530: 366387.007: [GC pause (G1 Evacuation Pause) (young), 0.0136260 secs]
   [Parallel Time: 8.3 ms, GC Workers: 10]
      [GC Worker Start (ms): Min: 366387007.5, Avg: 366387007.7, Max: 366387007.8, Diff: 0.2]
      [Ext Root Scanning (ms): Min: 0.7, Avg: 1.5, Max: 7.4, Diff: 6.7, Sum: 14.9]
      [Update RS (ms): Min: 0.0, Avg: 0.9, Max: 1.7, Diff: 1.7, Sum: 8.8]
         [Processed Buffers: Min: 0, Avg: 3.6, Max: 7, Diff: 7, Sum: 36]
      [Scan RS (ms): Min: 0.0, Avg: 0.0, Max: 0.0, Diff: 0.0, Sum: 0.0]
      [Code Root Scanning (ms): Min: 0.0, Avg: 0.0, Max: 0.0, Diff: 0.0, Sum: 0.0]
      [Object Copy (ms): Min: 0.0, Avg: 0.3, Max: 0.5, Diff: 0.4, Sum: 2.6]
      [Termination (ms): Min: 0.0, Avg: 4.8, Max: 5.4, Diff: 5.4, Sum: 48.1]
         [Termination Attempts: Min: 1, Avg: 6.1, Max: 12, Diff: 11, Sum: 61]
      [GC Worker Other (ms): Min: 0.0, Avg: 0.0, Max: 0.0, Diff: 0.0, Sum: 0.2]
      [GC Worker Total (ms): Min: 7.4, Avg: 7.5, Max: 7.6, Diff: 0.2, Sum: 74.7]
      [GC Worker End (ms): Min: 366387015.1, Avg: 366387015.2, Max: 366387015.2, Diff: 0.0]
   [Code Root Fixup: 0.0 ms]
   [Code Root Purge: 0.0 ms]
   [String Dedup Fixup: 3.1 ms, GC Workers: 10]
      [Queue Fixup (ms): Min: 0.0, Avg: 0.0, Max: 0.0, Diff: 0.0, Sum: 0.0]
      [Table Fixup (ms): Min: 2.8, Avg: 2.8, Max: 3.0, Diff: 0.2, Sum: 28.4]
   [Clear CT: 0.9 ms]
   [Other: 1.4 ms]
      [Choose CSet: 0.0 ms]
      [Ref Proc: 0.5 ms]
      [Ref Enq: 0.0 ms]
      [Redirty Cards: 0.7 ms]
      [Humongous Register: 0.0 ms]
      [Humongous Reclaim: 0.0 ms]
      [Free CSet: 0.0 ms]
   [Eden: 51200.0K(51200.0K)->0.0B(51200.0K) Survivors: 1024.0K->1024.0K Heap: 237.2M(267.0M)->187.4M(267.0M)]
 [Times: user=0.00 sys=0.02, real=0.01 secs] 
2020-12-17T17:13:00.450+0530: 366387.021: [GC concurrent-string-deduplication, 9152.0B->1680.0B(7472.0B), avg 59.8%, 0.0000804 secs]
   [Last Exec: 0.0000804 secs, Idle: 2.5433048 secs, Blocked: 0/0.0000000 secs]
      [Inspected:             181]
         [Skipped:              0(  0.0%)]
         [Hashed:              63( 34.8%)]
         [Known:               39( 21.5%)]
         [New:                142( 78.5%)   9152.0B]
      [Deduplicated:          128( 90.1%)   7472.0B( 81.6%)]
         [Young:              128(100.0%)   7472.0B(100.0%)]
         [Old:                  0(  0.0%)      0.0B(  0.0%)]
   [Total Exec: 1460/0.8547644 secs, Idle: 1460/366385.6886887 secs, Blocked: 127/0.0900250 secs]
      [Inspected:         2892091]
         [Skipped:              0(  0.0%)]
         [Hashed:         1192674( 41.2%)]
         [Known:           183080(  6.3%)]
         [New:            2709011( 93.7%)    210.9M]
      [Deduplicated:      1898345( 70.1%)    126.2M( 59.8%)]
         [Young:           778607( 41.0%)  61253.6K( 47.4%)]
         [Old:            1119738( 59.0%)  67945.2K( 52.6%)]
   [Table]
      [Memory Usage: 8332.5K]
      [Size: 262144, Min: 1024, Max: 16777216]
      [Entries: 263373, Load: 100.5%, Cached: 4765, Added: 968058, Removed: 704685]
      [Resize Count: 8, Shrink Threshold: 174762(66.7%), Grow Threshold: 524288(200.0%)]
      [Rehash Count: 0, Rehash Threshold: 120, Hash Seed: 0x0]
      [Age Threshold: 3]
   [Queue]
      [Dropped: 0]
[GC concurrent-string-deduplication, deleted 0 entries, 0.0000012 secs]
2020-12-17T17:13:00.853+0530: 366387.424: [GC pause (G1 Evacuation Pause) (young) (initial-mark), 0.0082143 secs]
   [Parallel Time: 3.4 ms, GC Workers: 10]
      [GC Worker Start (ms): Min: 366387424.4, Avg: 366387424.5, Max: 366387424.6, Diff: 0.2]
      [Ext Root Scanning (ms): Min: 1.7, Avg: 1.9, Max: 2.2, Diff: 0.4, Sum: 19.2]
      [Update RS (ms): Min: 0.1, Avg: 0.4, Max: 0.9, Diff: 0.9, Sum: 3.7]
         [Processed Buffers: Min: 1, Avg: 2.4, Max: 6, Diff: 5, Sum: 24]
      [Scan RS (ms): Min: 0.0, Avg: 0.0, Max: 0.0, Diff: 0.0, Sum: 0.1]
      [Code Root Scanning (ms): Min: 0.0, Avg: 0.0, Max: 0.1, Diff: 0.1, Sum: 0.1]
      [Object Copy (ms): Min: 0.1, Avg: 0.3, Max: 0.5, Diff: 0.4, Sum: 3.3]
      [Termination (ms): Min: 0.0, Avg: 0.5, Max: 0.5, Diff: 0.5, Sum: 4.7]
         [Termination Attempts: Min: 1, Avg: 3.6, Max: 5, Diff: 4, Sum: 36]
      [GC Worker Other (ms): Min: 0.0, Avg: 0.0, Max: 0.1, Diff: 0.1, Sum: 0.2]
      [GC Worker Total (ms): Min: 3.1, Avg: 3.1, Max: 3.2, Diff: 0.2, Sum: 31.3]
      [GC Worker End (ms): Min: 366387427.7, Avg: 366387427.7, Max: 366387427.7, Diff: 0.0]
   [Code Root Fixup: 0.0 ms]
   [Code Root Purge: 0.0 ms]
   [String Dedup Fixup: 2.6 ms, GC Workers: 10]
      [Queue Fixup (ms): Min: 0.0, Avg: 0.0, Max: 0.0, Diff: 0.0, Sum: 0.0]
      [Table Fixup (ms): Min: 2.3, Avg: 2.4, Max: 2.5, Diff: 0.2, Sum: 24.0]
   [Clear CT: 0.8 ms]
   [Other: 1.4 ms]
      [Choose CSet: 0.0 ms]
      [Ref Proc: 0.4 ms]
      [Ref Enq: 0.0 ms]
      [Redirty Cards: 0.5 ms]
      [Humongous Register: 0.0 ms]
      [Humongous Reclaim: 0.0 ms]
      [Free CSet: 0.2 ms]
   [Eden: 51200.0K(51200.0K)->0.0B(51200.0K) Survivors: 1024.0K->1024.0K Heap: 237.4M(267.0M)->187.6M(267.0M)]
 [Times: user=0.16 sys=0.00, real=0.01 secs] 
2020-12-17T17:13:00.862+0530: 366387.433: [GC concurrent-root-region-scan-start]
2020-12-17T17:13:00.862+0530: 366387.433: [GC concurrent-string-deduplication, 0.0B->0.0B(0.0B), avg 59.8%, 0.0001544 secs]
   [Last Exec: 0.0001544 secs, Idle: 0.4116889 secs, Blocked: 0/0.0000000 secs]
      [Inspected:               5]
         [Skipped:              0(  0.0%)]
         [Hashed:               0(  0.0%)]
         [Known:                5(100.0%)]
         [New:                  0(  0.0%)      0.0B]
      [Deduplicated:            0(  0.0%)      0.0B(  0.0%)]
         [Young:                0(  0.0%)      0.0B(  0.0%)]
         [Old:                  0(  0.0%)      0.0B(  0.0%)]
   [Total Exec: 1461/0.8549188 secs, Idle: 1461/366386.1003776 secs, Blocked: 127/0.0900250 secs]
      [Inspected:         2892096]
         [Skipped:              0(  0.0%)]
         [Hashed:         1192674( 41.2%)]
         [Known:           183085(  6.3%)]
         [New:            2709011( 93.7%)    210.9M]
      [Deduplicated:      1898345( 70.1%)    126.2M( 59.8%)]
         [Young:           778607( 41.0%)  61253.6K( 47.4%)]
         [Old:            1119738( 59.0%)  67945.2K( 52.6%)]
   [Table]
      [Memory Usage: 8332.5K]
      [Size: 262144, Min: 1024, Max: 16777216]
      [Entries: 263448, Load: 100.5%, Cached: 4690, Added: 968145, Removed: 704697]
      [Resize Count: 8, Shrink Threshold: 174762(66.7%), Grow Threshold: 524288(200.0%)]
      [Rehash Count: 0, Rehash Threshold: 120, Hash Seed: 0x0]
      [Age Threshold: 3]
   [Queue]
      [Dropped: 0]
[GC concurrent-string-deduplication, deleted 0 entries, 0.0012066 secs]
2020-12-17T17:13:00.865+0530: 366387.436: [GC concurrent-root-region-scan-end, 0.0030468 secs]
2020-12-17T17:13:00.865+0530: 366387.436: [GC concurrent-mark-start]
2020-12-17T17:13:00.970+0530: 366387.541: [GC concurrent-mark-end, 0.1046383 secs]
2020-12-17T17:13:00.970+0530: 366387.541: [GC remark 2020-12-17T17:13:00.970+0530: 366387.541: [Finalize Marking, 0.0005193 secs] 2020-12-17T17:13:00.971+0530: 366387.542: [GC ref-proc, 0.0005107 secs] 2020-12-17T17:13:00.971+0530: 366387.542: [Unloading, 0.0247430 secs], 0.0267187 secs]
 [Times: user=0.16 sys=0.00, real=0.03 secs] 
2020-12-17T17:13:00.998+0530: 366387.569: [GC cleanup 224M->224M(267M), 0.0025394 secs]
 [Times: user=0.16 sys=0.00, real=0.00 secs] 
2020-12-17T17:13:01.266+0530: 366387.837: [GC pause (G1 Evacuation Pause) (young), 0.0081798 secs]
   [Parallel Time: 3.1 ms, GC Workers: 10]
      [GC Worker Start (ms): Min: 366387837.1, Avg: 366387837.3, Max: 366387837.5, Diff: 0.3]
      [Ext Root Scanning (ms): Min: 1.1, Avg: 1.3, Max: 2.3, Diff: 1.2, Sum: 13.4]
      [Update RS (ms): Min: 0.0, Avg: 0.3, Max: 1.0, Diff: 1.0, Sum: 2.9]
         [Processed Buffers: Min: 0, Avg: 1.8, Max: 5, Diff: 5, Sum: 18]
      [Scan RS (ms): Min: 0.0, Avg: 0.0, Max: 0.0, Diff: 0.0, Sum: 0.1]
      [Code Root Scanning (ms): Min: 0.0, Avg: 0.0, Max: 0.0, Diff: 0.0, Sum: 0.0]
      [Object Copy (ms): Min: 0.1, Avg: 0.5, Max: 0.7, Diff: 0.6, Sum: 5.3]
      [Termination (ms): Min: 0.0, Avg: 0.2, Max: 0.2, Diff: 0.2, Sum: 2.0]
         [Termination Attempts: Min: 1, Avg: 1.9, Max: 3, Diff: 2, Sum: 19]
      [GC Worker Other (ms): Min: 0.0, Avg: 0.0, Max: 0.0, Diff: 0.0, Sum: 0.2]
      [GC Worker Total (ms): Min: 2.2, Avg: 2.4, Max: 2.6, Diff: 0.3, Sum: 23.8]
      [GC Worker End (ms): Min: 366387839.7, Avg: 366387839.7, Max: 366387839.7, Diff: 0.0]
   [Code Root Fixup: 0.0 ms]
   [Code Root Purge: 0.0 ms]
   [String Dedup Fixup: 2.6 ms, GC Workers: 10]
      [Queue Fixup (ms): Min: 0.0, Avg: 0.0, Max: 0.0, Diff: 0.0, Sum: 0.0]
      [Table Fixup (ms): Min: 1.9, Avg: 1.9, Max: 2.0, Diff: 0.2, Sum: 19.4]
   [Clear CT: 0.8 ms]
   [Other: 1.6 ms]
      [Choose CSet: 0.0 ms]
      [Ref Proc: 0.6 ms]
      [Ref Enq: 0.0 ms]
      [Redirty Cards: 0.8 ms]
      [Humongous Register: 0.0 ms]
      [Humongous Reclaim: 0.0 ms]
      [Free CSet: 0.0 ms]
   [Eden: 51200.0K(51200.0K)->0.0B(49152.0K) Survivors: 1024.0K->2048.0K Heap: 237.6M(267.0M)->188.1M(267.0M)]
 [Times: user=0.00 sys=0.00, real=0.01 secs] 
2020-12-17T17:13:01.274+0530: 366387.845: [GC concurrent-string-deduplication, 1448.0B->1320.0B(128.0B), avg 59.8%, 0.0000206 secs]
   [Last Exec: 0.0000206 secs, Idle: 0.4107951 secs, Blocked: 0/0.0000000 secs]
      [Inspected:              72]
         [Skipped:              0(  0.0%)]
         [Hashed:               9( 12.5%)]
         [Known:               57( 79.2%)]
         [New:                 15( 20.8%)   1448.0B]
      [Deduplicated:            4( 26.7%)    128.0B(  8.8%)]
         [Young:                4(100.0%)    128.0B(100.0%)]
         [Old:                  0(  0.0%)      0.0B(  0.0%)]
   [Total Exec: 1462/0.8549394 secs, Idle: 1462/366386.5111727 secs, Blocked: 127/0.0900250 secs]
      [Inspected:         2892168]
         [Skipped:              0(  0.0%)]
         [Hashed:         1192683( 41.2%)]
         [Known:           183142(  6.3%)]
         [New:            2709026( 93.7%)    210.9M]
      [Deduplicated:      1898349( 70.1%)    126.2M( 59.8%)]
         [Young:           778611( 41.0%)  61253.7K( 47.4%)]
         [Old:            1119738( 59.0%)  67945.2K( 52.6%)]
   [Table]
      [Memory Usage: 8332.5K]
      [Size: 262144, Min: 1024, Max: 16777216]
      [Entries: 263452, Load: 100.5%, Cached: 4686, Added: 968169, Removed: 704717]
      [Resize Count: 8, Shrink Threshold: 174762(66.7%), Grow Threshold: 524288(200.0%)]
      [Rehash Count: 0, Rehash Threshold: 120, Hash Seed: 0x0]
      [Age Threshold: 3]
   [Queue]
      [Dropped: 0]
[GC concurrent-string-deduplication, deleted 0 entries, 0.0000006 secs]
2020-12-17T17:13:01.338+0530: 366387.909: [GC pause (G1 Humongous Allocation) (young) (initial-mark), 0.0096135 secs]
   [Parallel Time: 3.1 ms, GC Workers: 10]
      [GC Worker Start (ms): Min: 366387909.5, Avg: 366387909.6, Max: 366387909.6, Diff: 0.2]
      [Ext Root Scanning (ms): Min: 1.6, Avg: 1.8, Max: 2.0, Diff: 0.3, Sum: 17.8]
      [Update RS (ms): Min: 0.0, Avg: 0.2, Max: 0.3, Diff: 0.3, Sum: 2.2]
         [Processed Buffers: Min: 1, Avg: 1.6, Max: 5, Diff: 4, Sum: 16]
      [Scan RS (ms): Min: 0.0, Avg: 0.0, Max: 0.0, Diff: 0.0, Sum: 0.0]
      [Code Root Scanning (ms): Min: 0.0, Avg: 0.0, Max: 0.0, Diff: 0.0, Sum: 0.0]
      [Object Copy (ms): Min: 0.1, Avg: 0.3, Max: 0.5, Diff: 0.4, Sum: 3.0]
      [Termination (ms): Min: 0.0, Avg: 0.0, Max: 0.0, Diff: 0.0, Sum: 0.0]
         [Termination Attempts: Min: 1, Avg: 1.1, Max: 2, Diff: 1, Sum: 11]
      [GC Worker Other (ms): Min: 0.0, Avg: 0.0, Max: 0.0, Diff: 0.0, Sum: 0.2]
      [GC Worker Total (ms): Min: 2.3, Avg: 2.3, Max: 2.4, Diff: 0.2, Sum: 23.2]
      [GC Worker End (ms): Min: 366387911.9, Avg: 366387911.9, Max: 366387911.9, Diff: 0.0]
   [Code Root Fixup: 0.0 ms]
   [Code Root Purge: 0.0 ms]
   [String Dedup Fixup: 4.4 ms, GC Workers: 10]
      [Queue Fixup (ms): Min: 0.0, Avg: 0.0, Max: 0.0, Diff: 0.0, Sum: 0.0]
      [Table Fixup (ms): Min: 3.8, Avg: 4.0, Max: 4.2, Diff: 0.4, Sum: 40.3]
   [Clear CT: 0.9 ms]
   [Other: 1.2 ms]
      [Choose CSet: 0.0 ms]
      [Ref Proc: 0.5 ms]
      [Ref Enq: 0.0 ms]
      [Redirty Cards: 0.5 ms]
      [Humongous Register: 0.0 ms]
      [Humongous Reclaim: 0.0 ms]
      [Free CSet: 0.0 ms]
   [Eden: 13312.0K(49152.0K)->0.0B(49152.0K) Survivors: 2048.0K->2048.0K Heap: 200.8M(267.0M)->187.8M(267.0M)]
 [Times: user=0.16 sys=0.00, real=0.01 secs] 
2020-12-17T17:13:01.348+0530: 366387.919: [GC concurrent-root-region-scan-start]
2020-12-17T17:13:01.348+0530: 366387.920: [GC concurrent-string-deduplication, 78696.0B->75352.0B(3344.0B), avg 59.8%, 0.0005170 secs]
   [Last Exec: 0.0005170 secs, Idle: 0.0739290 secs, Blocked: 0/0.0000000 secs]
      [Inspected:             878]
         [Skipped:              0(  0.0%)]
         [Hashed:              52(  5.9%)]
         [Known:               90( 10.3%)]
         [New:                788( 89.7%)  78696.0B]
      [Deduplicated:           52(  6.6%)   3344.0B(  4.2%)]
         [Young:               52(100.0%)   3344.0B(100.0%)]
         [Old:                  0(  0.0%)      0.0B(  0.0%)]
   [Total Exec: 1463/0.8554564 secs, Idle: 1463/366386.5851017 secs, Blocked: 127/0.0900250 secs]
      [Inspected:         2893046]
         [Skipped:              0(  0.0%)]
         [Hashed:         1192735( 41.2%)]
         [Known:           183232(  6.3%)]
         [New:            2709814( 93.7%)    211.0M]
      [Deduplicated:      1898401( 70.1%)    126.2M( 59.8%)]
         [Young:           778663( 41.0%)  61257.0K( 47.4%)]
         [Old:            1119738( 59.0%)  67945.2K( 52.6%)]
   [Table]
      [Memory Usage: 8332.5K]
      [Size: 262144, Min: 1024, Max: 16777216]
      [Entries: 264186, Load: 100.8%, Cached: 3952, Added: 968905, Removed: 704719]
      [Resize Count: 8, Shrink Threshold: 174762(66.7%), Grow Threshold: 524288(200.0%)]
      [Rehash Count: 0, Rehash Threshold: 120, Hash Seed: 0x0]
      [Age Threshold: 3]
   [Queue]
      [Dropped: 0]
[GC concurrent-string-deduplication, deleted 0 entries, 0.0000009 secs]
2020-12-17T17:13:01.351+0530: 366387.923: [GC concurrent-root-region-scan-end, 0.0033928 secs]
2020-12-17T17:13:01.351+0530: 366387.923: [GC concurrent-mark-start]
2020-12-17T17:13:01.453+0530: 366388.025: [GC concurrent-mark-end, 0.1020511 secs]
2020-12-17T17:13:01.454+0530: 366388.025: [GC remark 2020-12-17T17:13:01.454+0530: 366388.025: [Finalize Marking, 0.0003915 secs] 2020-12-17T17:13:01.454+0530: 366388.025: [GC ref-proc, 0.0005405 secs] 2020-12-17T17:13:01.455+0530: 366388.026: [Unloading, 0.0229000 secs], 0.0245941 secs]
 [Times: user=0.13 sys=0.00, real=0.02 secs] 
2020-12-17T17:13:01.479+0530: 366388.050: [GC cleanup 190M->190M(267M), 0.0024019 secs]
 [Times: user=0.00 sys=0.00, real=0.00 secs] 
2020-12-17T17:13:02.227+0530: 366388.798: [GC pause (G1 Evacuation Pause) (young), 0.0095845 secs]
   [Parallel Time: 2.1 ms, GC Workers: 10]
      [GC Worker Start (ms): Min: 366388798.5, Avg: 366388798.7, Max: 366388798.8, Diff: 0.3]
      [Ext Root Scanning (ms): Min: 0.5, Avg: 0.7, Max: 1.5, Diff: 1.0, Sum: 7.5]
      [Update RS (ms): Min: 0.0, Avg: 0.3, Max: 0.6, Diff: 0.6, Sum: 3.4]
         [Processed Buffers: Min: 0, Avg: 3.7, Max: 8, Diff: 8, Sum: 37]
      [Scan RS (ms): Min: 0.0, Avg: 0.0, Max: 0.0, Diff: 0.0, Sum: 0.1]
      [Code Root Scanning (ms): Min: 0.0, Avg: 0.0, Max: 0.0, Diff: 0.0, Sum: 0.0]
      [Object Copy (ms): Min: 0.0, Avg: 0.2, Max: 0.3, Diff: 0.3, Sum: 2.1]
      [Termination (ms): Min: 0.0, Avg: 0.2, Max: 0.3, Diff: 0.3, Sum: 2.4]
         [Termination Attempts: Min: 1, Avg: 1.0, Max: 1, Diff: 0, Sum: 10]
      [GC Worker Other (ms): Min: 0.0, Avg: 0.0, Max: 0.0, Diff: 0.0, Sum: 0.1]
      [GC Worker Total (ms): Min: 1.4, Avg: 1.6, Max: 1.7, Diff: 0.3, Sum: 15.5]
      [GC Worker End (ms): Min: 366388800.2, Avg: 366388800.2, Max: 366388800.3, Diff: 0.0]
   [Code Root Fixup: 0.0 ms]
   [Code Root Purge: 0.0 ms]
   [String Dedup Fixup: 4.8 ms, GC Workers: 10]
      [Queue Fixup (ms): Min: 0.0, Avg: 0.0, Max: 0.0, Diff: 0.0, Sum: 0.0]
      [Table Fixup (ms): Min: 4.1, Avg: 4.3, Max: 4.4, Diff: 0.3, Sum: 42.7]
   [Clear CT: 1.0 ms]
   [Other: 1.7 ms]
      [Choose CSet: 0.0 ms]
      [Ref Proc: 0.9 ms]
      [Ref Enq: 0.0 ms]
      [Redirty Cards: 0.6 ms]
      [Humongous Register: 0.0 ms]
      [Humongous Reclaim: 0.0 ms]
      [Free CSet: 0.0 ms]
   [Eden: 49152.0K(49152.0K)->0.0B(51200.0K) Survivors: 2048.0K->1024.0K Heap: 236.8M(267.0M)->187.5M(267.0M)]
 [Times: user=0.16 sys=0.00, real=0.01 secs] 
2020-12-17T17:13:02.237+0530: 366388.808: [GC concurrent-string-deduplication, 6152.0B->2632.0B(3520.0B), avg 59.8%, 0.0000320 secs]
   [Last Exec: 0.0000320 secs, Idle: 0.8883727 secs, Blocked: 0/0.0000000 secs]
      [Inspected:              51]
         [Skipped:              0(  0.0%)]
         [Hashed:              19( 37.3%)]
         [Known:               17( 33.3%)]
         [New:                 34( 66.7%)   6152.0B]
      [Deduplicated:           26( 76.5%)   3520.0B( 57.2%)]
         [Young:               26(100.0%)   3520.0B(100.0%)]
         [Old:                  0(  0.0%)      0.0B(  0.0%)]
   [Total Exec: 1464/0.8554884 secs, Idle: 1464/366387.4734744 secs, Blocked: 127/0.0900250 secs]
      [Inspected:         2893097]
         [Skipped:              0(  0.0%)]
         [Hashed:         1192754( 41.2%)]
         [Known:           183249(  6.3%)]
         [New:            2709848( 93.7%)    211.0M]
      [Deduplicated:      1898427( 70.1%)    126.2M( 59.8%)]
         [Young:           778689( 41.0%)  61260.4K( 47.4%)]
         [Old:            1119738( 59.0%)  67945.2K( 52.6%)]
   [Table]
      [Memory Usage: 8332.5K]
      [Size: 262144, Min: 1024, Max: 16777216]
      [Entries: 264180, Load: 100.8%, Cached: 3958, Added: 968913, Removed: 704733]
      [Resize Count: 8, Shrink Threshold: 174762(66.7%), Grow Threshold: 524288(200.0%)]
      [Rehash Count: 0, Rehash Threshold: 120, Hash Seed: 0x0]
      [Age Threshold: 3]
   [Queue]
      [Dropped: 0]
[GC concurrent-string-deduplication, deleted 0 entries, 0.0000006 secs]
2020-12-17T17:13:02.655+0530: 366389.226: [GC pause (G1 Evacuation Pause) (young), 0.0066708 secs]
   [Parallel Time: 2.0 ms, GC Workers: 10]
      [GC Worker Start (ms): Min: 366389226.4, Avg: 366389226.6, Max: 366389226.7, Diff: 0.3]
      [Ext Root Scanning (ms): Min: 0.5, Avg: 0.7, Max: 1.4, Diff: 0.9, Sum: 7.1]
      [Update RS (ms): Min: 0.0, Avg: 0.3, Max: 0.6, Diff: 0.6, Sum: 2.7]
         [Processed Buffers: Min: 0, Avg: 2.3, Max: 7, Diff: 7, Sum: 23]
      [Scan RS (ms): Min: 0.0, Avg: 0.0, Max: 0.0, Diff: 0.0, Sum: 0.0]
      [Code Root Scanning (ms): Min: 0.0, Avg: 0.0, Max: 0.0, Diff: 0.0, Sum: 0.0]
      [Object Copy (ms): Min: 0.0, Avg: 0.2, Max: 0.3, Diff: 0.3, Sum: 2.0]
      [Termination (ms): Min: 0.0, Avg: 0.1, Max: 0.1, Diff: 0.1, Sum: 1.1]
         [Termination Attempts: Min: 1, Avg: 1.6, Max: 3, Diff: 2, Sum: 16]
      [GC Worker Other (ms): Min: 0.0, Avg: 0.0, Max: 0.0, Diff: 0.0, Sum: 0.1]
      [GC Worker Total (ms): Min: 1.2, Avg: 1.3, Max: 1.5, Diff: 0.3, Sum: 13.0]
      [GC Worker End (ms): Min: 366389227.9, Avg: 366389227.9, Max: 366389227.9, Diff: 0.0]
   [Code Root Fixup: 0.0 ms]
   [Code Root Purge: 0.0 ms]
   [String Dedup Fixup: 2.4 ms, GC Workers: 10]
      [Queue Fixup (ms): Min: 0.0, Avg: 0.0, Max: 0.0, Diff: 0.0, Sum: 0.0]
      [Table Fixup (ms): Min: 1.7, Avg: 1.8, Max: 2.0, Diff: 0.3, Sum: 17.9]
   [Clear CT: 0.9 ms]
   [Other: 1.3 ms]
      [Choose CSet: 0.0 ms]
      [Ref Proc: 0.4 ms]
      [Ref Enq: 0.0 ms]
      [Redirty Cards: 0.8 ms]
      [Humongous Register: 0.0 ms]
      [Humongous Reclaim: 0.0 ms]
      [Free CSet: 0.0 ms]
   [Eden: 51200.0K(51200.0K)->0.0B(51200.0K) Survivors: 1024.0K->1024.0K Heap: 237.5M(267.0M)->187.6M(267.0M)]
 [Times: user=0.02 sys=0.00, real=0.01 secs] 
2020-12-17T17:13:02.663+0530: 366389.233: [GC concurrent-string-deduplication, 64.0B->64.0B(0.0B), avg 59.8%, 0.0000033 secs]
   [Last Exec: 0.0000033 secs, Idle: 0.4249171 secs, Blocked: 0/0.0000000 secs]
      [Inspected:               2]
         [Skipped:              0(  0.0%)]
         [Hashed:               0(  0.0%)]
         [Known:                0(  0.0%)]
         [New:                  2(100.0%)     64.0B]
      [Deduplicated:            0(  0.0%)      0.0B(  0.0%)]
         [Young:                0(  0.0%)      0.0B(  0.0%)]
         [Old:                  0(  0.0%)      0.0B(  0.0%)]
   [Total Exec: 1465/0.8554917 secs, Idle: 1465/366387.8983915 secs, Blocked: 127/0.0900250 secs]
      [Inspected:         2893099]
         [Skipped:              0(  0.0%)]
         [Hashed:         1192754( 41.2%)]
         [Known:           183249(  6.3%)]
         [New:            2709850( 93.7%)    211.0M]
      [Deduplicated:      1898427( 70.1%)    126.2M( 59.8%)]
         [Young:           778689( 41.0%)  61260.4K( 47.4%)]
         [Old:            1119738( 59.0%)  67945.2K( 52.6%)]
   [Table]
      [Memory Usage: 8332.5K]
      [Size: 262144, Min: 1024, Max: 16777216]
      [Entries: 264182, Load: 100.8%, Cached: 3956, Added: 968915, Removed: 704733]
      [Resize Count: 8, Shrink Threshold: 174762(66.7%), Grow Threshold: 524288(200.0%)]
      [Rehash Count: 0, Rehash Threshold: 120, Hash Seed: 0x0]
      [Age Threshold: 3]
   [Queue]
      [Dropped: 0]
[GC concurrent-string-deduplication, deleted 0 entries, 0.0000006 secs]
2020-12-17T17:16:46.685+0530: 366613.255: [GC pause (G1 Evacuation Pause) (young) (initial-mark), 0.0080616 secs]
   [Parallel Time: 3.2 ms, GC Workers: 10]
      [GC Worker Start (ms): Min: 366613255.6, Avg: 366613255.8, Max: 366613255.9, Diff: 0.3]
      [Ext Root Scanning (ms): Min: 1.4, Avg: 1.7, Max: 2.0, Diff: 0.6, Sum: 16.7]
      [Update RS (ms): Min: 0.4, Avg: 0.6, Max: 0.9, Diff: 0.4, Sum: 6.2]
         [Processed Buffers: Min: 2, Avg: 5.7, Max: 12, Diff: 10, Sum: 57]
      [Scan RS (ms): Min: 0.0, Avg: 0.0, Max: 0.0, Diff: 0.0, Sum: 0.0]
      [Code Root Scanning (ms): Min: 0.0, Avg: 0.0, Max: 0.0, Diff: 0.0, Sum: 0.0]
      [Object Copy (ms): Min: 0.0, Avg: 0.2, Max: 0.3, Diff: 0.3, Sum: 2.2]
      [Termination (ms): Min: 0.0, Avg: 0.1, Max: 0.1, Diff: 0.1, Sum: 1.0]
         [Termination Attempts: Min: 1, Avg: 1.3, Max: 3, Diff: 2, Sum: 13]
      [GC Worker Other (ms): Min: 0.0, Avg: 0.0, Max: 0.0, Diff: 0.0, Sum: 0.1]
      [GC Worker Total (ms): Min: 2.5, Avg: 2.6, Max: 2.8, Diff: 0.3, Sum: 26.3]
      [GC Worker End (ms): Min: 366613258.5, Avg: 366613258.5, Max: 366613258.5, Diff: 0.0]
   [Code Root Fixup: 0.0 ms]
   [Code Root Purge: 0.0 ms]
   [String Dedup Fixup: 2.3 ms, GC Workers: 10]
      [Queue Fixup (ms): Min: 0.0, Avg: 0.0, Max: 0.0, Diff: 0.0, Sum: 0.0]
      [Table Fixup (ms): Min: 1.7, Avg: 1.8, Max: 2.0, Diff: 0.2, Sum: 18.1]
   [Clear CT: 1.0 ms]
   [Other: 1.5 ms]
      [Choose CSet: 0.0 ms]
      [Ref Proc: 0.6 ms]
      [Ref Enq: 0.0 ms]
      [Redirty Cards: 0.7 ms]
      [Humongous Register: 0.0 ms]
      [Humongous Reclaim: 0.0 ms]
      [Free CSet: 0.0 ms]
   [Eden: 51200.0K(51200.0K)->0.0B(51200.0K) Survivors: 1024.0K->1024.0K Heap: 237.6M(267.0M)->187.5M(267.0M)]
 [Times: user=0.16 sys=0.00, real=0.01 secs] 
2020-12-17T17:16:46.693+0530: 366613.264: [GC concurrent-string-deduplication, 3032.0B->1600.0B(1432.0B), avg 59.8%, 0.0000099 secs]
   [Last Exec: 0.0000099 secs, Idle: 224.0304798 secs, Blocked: 0/0.0000000 secs]
2020-12-17T17:16:46.693+0530: 366613.264: [GC concurrent-root-region-scan-start]
      [Inspected:              12]
         [Skipped:              0(  0.0%)]
         [Hashed:              10( 83.3%)]
         [Known:                0(  0.0%)]
         [New:                 12(100.0%)   3032.0B]
      [Deduplicated:            5( 41.7%)   1432.0B( 47.2%)]
         [Young:                5(100.0%)   1432.0B(100.0%)]
         [Old:                  0(  0.0%)      0.0B(  0.0%)]
   [Total Exec: 1466/0.8555016 secs, Idle: 1466/366611.9288713 secs, Blocked: 127/0.0900250 secs]
      [Inspected:         2893111]
         [Skipped:              0(  0.0%)]
         [Hashed:         1192764( 41.2%)]
         [Known:           183249(  6.3%)]
         [New:            2709862( 93.7%)    211.0M]
      [Deduplicated:      1898432( 70.1%)    126.2M( 59.8%)]
         [Young:           778694( 41.0%)  61261.8K( 47.4%)]
         [Old:            1119738( 59.0%)  67945.2K( 52.6%)]
   [Table]
      [Memory Usage: 8332.5K]
      [Size: 262144, Min: 1024, Max: 16777216]
      [Entries: 264203, Load: 100.8%, Cached: 3935, Added: 968954, Removed: 704751]
      [Resize Count: 8, Shrink Threshold: 174762(66.7%), Grow Threshold: 524288(200.0%)]
      [Rehash Count: 0, Rehash Threshold: 120, Hash Seed: 0x0]
      [Age Threshold: 3]
   [Queue]
      [Dropped: 0]
[GC concurrent-string-deduplication, deleted 0 entries, 0.0000007 secs]
2020-12-17T17:16:46.695+0530: 366613.265: [GC concurrent-root-region-scan-end, 0.0015766 secs]
2020-12-17T17:16:46.695+0530: 366613.265: [GC concurrent-mark-start]
2020-12-17T17:16:46.778+0530: 366613.348: [GC concurrent-mark-end, 0.0829566 secs]
2020-12-17T17:16:46.778+0530: 366613.349: [GC remark 2020-12-17T17:16:46.778+0530: 366613.349: [Finalize Marking, 0.0009237 secs] 2020-12-17T17:16:46.779+0530: 366613.350: [GC ref-proc, 0.0004688 secs] 2020-12-17T17:16:46.779+0530: 366613.350: [Unloading, 0.0196544 secs], 0.0220897 secs]
 [Times: user=0.22 sys=0.01, real=0.02 secs] 
2020-12-17T17:16:46.801+0530: 366613.371: [GC cleanup 187M->187M(267M), 0.0033143 secs]
 [Times: user=0.00 sys=0.00, real=0.00 secs] 
2020-12-17T17:21:10.795+0530: 366877.366: [GC pause (G1 Evacuation Pause) (young), 0.0097156 secs]
   [Parallel Time: 2.7 ms, GC Workers: 10]
      [GC Worker Start (ms): Min: 366877365.7, Avg: 366877365.8, Max: 366877365.9, Diff: 0.2]
      [Ext Root Scanning (ms): Min: 0.7, Avg: 0.9, Max: 2.2, Diff: 1.5, Sum: 9.3]
      [Update RS (ms): Min: 0.0, Avg: 0.7, Max: 1.2, Diff: 1.2, Sum: 7.3]
         [Processed Buffers: Min: 0, Avg: 5.7, Max: 10, Diff: 10, Sum: 57]
      [Scan RS (ms): Min: 0.0, Avg: 0.0, Max: 0.0, Diff: 0.0, Sum: 0.1]
      [Code Root Scanning (ms): Min: 0.0, Avg: 0.0, Max: 0.0, Diff: 0.0, Sum: 0.0]
      [Object Copy (ms): Min: 0.0, Avg: 0.3, Max: 0.4, Diff: 0.4, Sum: 2.7]
      [Termination (ms): Min: 0.0, Avg: 0.2, Max: 0.2, Diff: 0.2, Sum: 1.6]
         [Termination Attempts: Min: 1, Avg: 1.9, Max: 4, Diff: 3, Sum: 19]
      [GC Worker Other (ms): Min: 0.0, Avg: 0.0, Max: 0.0, Diff: 0.0, Sum: 0.1]
      [GC Worker Total (ms): Min: 2.0, Avg: 2.1, Max: 2.2, Diff: 0.3, Sum: 21.0]
      [GC Worker End (ms): Min: 366877367.9, Avg: 366877367.9, Max: 366877367.9, Diff: 0.0]
   [Code Root Fixup: 0.0 ms]
   [Code Root Purge: 0.0 ms]
   [String Dedup Fixup: 3.2 ms, GC Workers: 10]
      [Queue Fixup (ms): Min: 0.0, Avg: 0.0, Max: 0.0, Diff: 0.0, Sum: 0.0]
      [Table Fixup (ms): Min: 2.9, Avg: 2.9, Max: 3.1, Diff: 0.2, Sum: 29.3]
   [Clear CT: 1.0 ms]
   [Other: 2.8 ms]
      [Choose CSet: 0.0 ms]
      [Ref Proc: 1.8 ms]
      [Ref Enq: 0.0 ms]
      [Redirty Cards: 0.8 ms]
      [Humongous Register: 0.0 ms]
      [Humongous Reclaim: 0.0 ms]
      [Free CSet: 0.0 ms]
   [Eden: 51200.0K(51200.0K)->0.0B(49152.0K) Survivors: 1024.0K->2048.0K Heap: 237.5M(267.0M)->188.8M(267.0M)]
 [Times: user=0.16 sys=0.00, real=0.01 secs] 
2020-12-17T17:21:10.805+0530: 366877.375: [GC concurrent-string-deduplication, 728.0B->168.0B(560.0B), avg 59.8%, 0.0000195 secs]
   [Last Exec: 0.0000195 secs, Idle: 264.1117621 secs, Blocked: 0/0.0000000 secs]
      [Inspected:              25]
         [Skipped:              0(  0.0%)]
         [Hashed:               1(  4.0%)]
         [Known:                0(  0.0%)]
         [New:                 25(100.0%)    728.0B]
      [Deduplicated:           21( 84.0%)    560.0B( 76.9%)]
         [Young:               21(100.0%)    560.0B(100.0%)]
         [Old:                  0(  0.0%)      0.0B(  0.0%)]
   [Total Exec: 1467/0.8555211 secs, Idle: 1467/366876.0406334 secs, Blocked: 127/0.0900250 secs]
      [Inspected:         2893136]
         [Skipped:              0(  0.0%)]
         [Hashed:         1192765( 41.2%)]
         [Known:           183249(  6.3%)]
         [New:            2709887( 93.7%)    211.0M]
      [Deduplicated:      1898453( 70.1%)    126.2M( 59.8%)]
         [Young:           778715( 41.0%)  61262.4K( 47.4%)]
         [Old:            1119738( 59.0%)  67945.2K( 52.6%)]
   [Table]
      [Memory Usage: 8332.5K]
      [Size: 262144, Min: 1024, Max: 16777216]
      [Entries: 264091, Load: 100.7%, Cached: 4047, Added: 968995, Removed: 704904]
      [Resize Count: 8, Shrink Threshold: 174762(66.7%), Grow Threshold: 524288(200.0%)]
      [Rehash Count: 0, Rehash Threshold: 120, Hash Seed: 0x0]
      [Age Threshold: 3]
   [Queue]
      [Dropped: 0]
[GC concurrent-string-deduplication, deleted 0 entries, 0.0000013 secs]
2020-12-17T17:23:23.161+0530: 367009.732: [GC pause (G1 Humongous Allocation) (young) (initial-mark), 0.0088023 secs]
   [Parallel Time: 3.7 ms, GC Workers: 10]
      [GC Worker Start (ms): Min: 367009732.1, Avg: 367009732.2, Max: 367009732.3, Diff: 0.1]
      [Ext Root Scanning (ms): Min: 2.0, Avg: 2.2, Max: 3.3, Diff: 1.4, Sum: 22.4]
      [Update RS (ms): Min: 0.0, Avg: 0.8, Max: 1.1, Diff: 1.1, Sum: 7.6]
         [Processed Buffers: Min: 0, Avg: 6.0, Max: 14, Diff: 14, Sum: 60]
      [Scan RS (ms): Min: 0.0, Avg: 0.0, Max: 0.0, Diff: 0.0, Sum: 0.0]
      [Code Root Scanning (ms): Min: 0.0, Avg: 0.0, Max: 0.0, Diff: 0.0, Sum: 0.0]
      [Object Copy (ms): Min: 0.1, Avg: 0.3, Max: 0.5, Diff: 0.3, Sum: 3.4]
      [Termination (ms): Min: 0.0, Avg: 0.1, Max: 0.2, Diff: 0.2, Sum: 1.5]
         [Termination Attempts: Min: 1, Avg: 1.1, Max: 2, Diff: 1, Sum: 11]
      [GC Worker Other (ms): Min: 0.0, Avg: 0.0, Max: 0.0, Diff: 0.0, Sum: 0.1]
      [GC Worker Total (ms): Min: 3.5, Avg: 3.5, Max: 3.6, Diff: 0.1, Sum: 35.0]
      [GC Worker End (ms): Min: 367009735.7, Avg: 367009735.7, Max: 367009735.7, Diff: 0.0]
   [Code Root Fixup: 0.0 ms]
   [Code Root Purge: 0.0 ms]
   [String Dedup Fixup: 2.9 ms, GC Workers: 10]
      [Queue Fixup (ms): Min: 0.0, Avg: 0.0, Max: 0.0, Diff: 0.0, Sum: 0.0]
      [Table Fixup (ms): Min: 2.6, Avg: 2.7, Max: 2.8, Diff: 0.2, Sum: 27.0]
   [Clear CT: 0.7 ms]
   [Other: 1.5 ms]
      [Choose CSet: 0.0 ms]
      [Ref Proc: 0.5 ms]
      [Ref Enq: 0.0 ms]
      [Redirty Cards: 0.8 ms]
      [Humongous Register: 0.0 ms]
      [Humongous Reclaim: 0.0 ms]
      [Free CSet: 0.0 ms]
   [Eden: 39936.0K(49152.0K)->0.0B(51200.0K) Survivors: 2048.0K->1024.0K Heap: 227.8M(267.0M)->187.9M(267.0M)]
 [Times: user=0.00 sys=0.00, real=0.01 secs] 
2020-12-17T17:23:23.170+0530: 367009.741: [GC concurrent-root-region-scan-start]
2020-12-17T17:23:23.170+0530: 367009.741: [GC concurrent-string-deduplication, 912.0B->624.0B(288.0B), avg 59.8%, 0.0000487 secs]
   [Last Exec: 0.0000487 secs, Idle: 132.3654349 secs, Blocked: 0/0.0000000 secs]
      [Inspected:              56]
         [Skipped:              0(  0.0%)]
         [Hashed:               1(  1.8%)]
         [Known:               32( 57.1%)]
         [New:                 24( 42.9%)    912.0B]
      [Deduplicated:           10( 41.7%)    288.0B( 31.6%)]
         [Young:               10(100.0%)    288.0B(100.0%)]
         [Old:                  0(  0.0%)      0.0B(  0.0%)]
   [Total Exec: 1468/0.8555698 secs, Idle: 1468/367008.4060683 secs, Blocked: 127/0.0900250 secs]
      [Inspected:         2893192]
         [Skipped:              0(  0.0%)]
         [Hashed:         1192766( 41.2%)]
         [Known:           183281(  6.3%)]
         [New:            2709911( 93.7%)    211.0M]
      [Deduplicated:      1898463( 70.1%)    126.2M( 59.8%)]
         [Young:           778725( 41.0%)  61262.7K( 47.4%)]
         [Old:            1119738( 59.0%)  67945.2K( 52.6%)]
   [Table]
      [Memory Usage: 8332.5K]
      [Size: 262144, Min: 1024, Max: 16777216]
      [Entries: 264192, Load: 100.8%, Cached: 3946, Added: 969112, Removed: 704920]
      [Resize Count: 8, Shrink Threshold: 174762(66.7%), Grow Threshold: 524288(200.0%)]
      [Rehash Count: 0, Rehash Threshold: 120, Hash Seed: 0x0]
      [Age Threshold: 3]
   [Queue]
      [Dropped: 0]
[GC concurrent-string-deduplication, deleted 0 entries, 0.0000019 secs]
2020-12-17T17:23:23.172+0530: 367009.744: [GC concurrent-root-region-scan-end, 0.0025527 secs]
2020-12-17T17:23:23.172+0530: 367009.744: [GC concurrent-mark-start]
2020-12-17T17:23:23.289+0530: 367009.861: [GC concurrent-mark-end, 0.1170070 secs]
2020-12-17T17:23:23.290+0530: 367009.861: [GC remark 2020-12-17T17:23:23.290+0530: 367009.861: [Finalize Marking, 0.0001996 secs] 2020-12-17T17:23:23.291+0530: 367009.862: [GC ref-proc, 0.0006168 secs] 2020-12-17T17:23:23.291+0530: 367009.862: [Unloading, 0.0248522 secs], 0.0267327 secs]
 [Times: user=0.31 sys=0.00, real=0.03 secs] 
2020-12-17T17:23:23.319+0530: 367009.891: [GC cleanup 192M->192M(267M), 0.0038294 secs]
 [Times: user=0.00 sys=0.00, real=0.00 secs] 
2020-12-17T17:23:26.373+0530: 367012.943: [GC pause (G1 Evacuation Pause) (young), 0.0068915 secs]
   [Parallel Time: 1.9 ms, GC Workers: 10]
      [GC Worker Start (ms): Min: 367012943.5, Avg: 367012943.6, Max: 367012943.6, Diff: 0.2]
      [Ext Root Scanning (ms): Min: 0.9, Avg: 1.1, Max: 1.9, Diff: 1.0, Sum: 10.6]
      [Update RS (ms): Min: 0.0, Avg: 0.4, Max: 0.6, Diff: 0.6, Sum: 3.9]
         [Processed Buffers: Min: 0, Avg: 4.5, Max: 10, Diff: 10, Sum: 45]
      [Scan RS (ms): Min: 0.0, Avg: 0.0, Max: 0.0, Diff: 0.0, Sum: 0.1]
      [Code Root Scanning (ms): Min: 0.0, Avg: 0.0, Max: 0.0, Diff: 0.0, Sum: 0.0]
      [Object Copy (ms): Min: 0.0, Avg: 0.3, Max: 0.4, Diff: 0.4, Sum: 2.9]
      [Termination (ms): Min: 0.0, Avg: 0.1, Max: 0.1, Diff: 0.1, Sum: 0.7]
         [Termination Attempts: Min: 1, Avg: 1.0, Max: 1, Diff: 0, Sum: 10]
      [GC Worker Other (ms): Min: 0.0, Avg: 0.0, Max: 0.0, Diff: 0.0, Sum: 0.1]
      [GC Worker Total (ms): Min: 1.8, Avg: 1.8, Max: 1.9, Diff: 0.1, Sum: 18.4]
      [GC Worker End (ms): Min: 367012945.4, Avg: 367012945.4, Max: 367012945.4, Diff: 0.0]
   [Code Root Fixup: 0.0 ms]
   [Code Root Purge: 0.0 ms]
   [String Dedup Fixup: 4.3 ms, GC Workers: 10]
      [Queue Fixup (ms): Min: 0.0, Avg: 0.0, Max: 0.0, Diff: 0.0, Sum: 0.0]
      [Table Fixup (ms): Min: 3.0, Avg: 4.0, Max: 4.2, Diff: 1.2, Sum: 40.0]
   [Clear CT: 0.1 ms]
   [Other: 0.5 ms]
      [Choose CSet: 0.0 ms]
      [Ref Proc: 0.2 ms]
      [Ref Enq: 0.0 ms]
      [Redirty Cards: 0.1 ms]
      [Humongous Register: 0.0 ms]
      [Humongous Reclaim: 0.0 ms]
      [Free CSet: 0.0 ms]
   [Eden: 51200.0K(51200.0K)->0.0B(11264.0K) Survivors: 1024.0K->2048.0K Heap: 239.9M(267.0M)->188.2M(267.0M)]
 [Times: user=0.13 sys=0.00, real=0.01 secs] 
2020-12-17T17:23:26.380+0530: 367012.950: [GC concurrent-string-deduplication, 13248.0B->8424.0B(4824.0B), avg 59.8%, 0.0000596 secs]
   [Last Exec: 0.0000596 secs, Idle: 3.2093578 secs, Blocked: 0/0.0000000 secs]
      [Inspected:             160]
         [Skipped:              0(  0.0%)]
         [Hashed:             109( 68.1%)]
         [Known:               38( 23.8%)]
         [New:                122( 76.3%)  13248.0B]
      [Deduplicated:           73( 59.8%)   4824.0B( 36.4%)]
         [Young:               73(100.0%)   4824.0B(100.0%)]
         [Old:                  0(  0.0%)      0.0B(  0.0%)]
   [Total Exec: 1469/0.8556294 secs, Idle: 1469/367011.6154261 secs, Blocked: 127/0.0900250 secs]
      [Inspected:         2893352]
         [Skipped:              0(  0.0%)]
         [Hashed:         1192875( 41.2%)]
         [Known:           183319(  6.3%)]
         [New:            2710033( 93.7%)    211.0M]
      [Deduplicated:      1898536( 70.1%)    126.2M( 59.8%)]
         [Young:           778798( 41.0%)  61267.4K( 47.4%)]
         [Old:            1119738( 59.0%)  67945.2K( 52.6%)]
   [Table]
      [Memory Usage: 8332.5K]
      [Size: 262144, Min: 1024, Max: 16777216]
      [Entries: 264208, Load: 100.8%, Cached: 3930, Added: 969191, Removed: 704983]
      [Resize Count: 8, Shrink Threshold: 174762(66.7%), Grow Threshold: 524288(200.0%)]
      [Rehash Count: 0, Rehash Threshold: 120, Hash Seed: 0x0]
      [Age Threshold: 3]
   [Queue]
      [Dropped: 0]
[GC concurrent-string-deduplication, deleted 0 entries, 0.0000007 secs]
2020-12-17T17:23:26.693+0530: 367013.264: [GC pause (G1 Evacuation Pause) (mixed), 0.0074964 secs]
   [Parallel Time: 2.6 ms, GC Workers: 10]
      [GC Worker Start (ms): Min: 367013263.9, Avg: 367013264.0, Max: 367013264.1, Diff: 0.2]
      [Ext Root Scanning (ms): Min: 0.7, Avg: 0.8, Max: 1.5, Diff: 0.8, Sum: 8.5]
      [Update RS (ms): Min: 0.0, Avg: 0.3, Max: 0.4, Diff: 0.4, Sum: 2.7]
         [Processed Buffers: Min: 0, Avg: 2.0, Max: 7, Diff: 7, Sum: 20]
      [Scan RS (ms): Min: 0.0, Avg: 0.2, Max: 0.4, Diff: 0.3, Sum: 2.2]
      [Code Root Scanning (ms): Min: 0.0, Avg: 0.0, Max: 0.1, Diff: 0.1, Sum: 0.1]
      [Object Copy (ms): Min: 0.8, Avg: 1.0, Max: 1.0, Diff: 0.2, Sum: 9.7]
      [Termination (ms): Min: 0.0, Avg: 0.0, Max: 0.0, Diff: 0.0, Sum: 0.0]
         [Termination Attempts: Min: 1, Avg: 1.0, Max: 1, Diff: 0, Sum: 10]
      [GC Worker Other (ms): Min: 0.0, Avg: 0.0, Max: 0.0, Diff: 0.0, Sum: 0.1]
      [GC Worker Total (ms): Min: 2.3, Avg: 2.3, Max: 2.4, Diff: 0.2, Sum: 23.4]
      [GC Worker End (ms): Min: 367013266.3, Avg: 367013266.3, Max: 367013266.3, Diff: 0.0]
   [Code Root Fixup: 0.0 ms]
   [Code Root Purge: 0.0 ms]
   [String Dedup Fixup: 2.9 ms, GC Workers: 10]
      [Queue Fixup (ms): Min: 0.0, Avg: 0.0, Max: 0.0, Diff: 0.0, Sum: 0.0]
      [Table Fixup (ms): Min: 2.6, Avg: 2.6, Max: 2.7, Diff: 0.1, Sum: 26.1]
   [Clear CT: 0.6 ms]
   [Other: 1.3 ms]
      [Choose CSet: 0.0 ms]
      [Ref Proc: 0.3 ms]
      [Ref Enq: 0.0 ms]
      [Redirty Cards: 0.6 ms]
      [Humongous Register: 0.0 ms]
      [Humongous Reclaim: 0.0 ms]
      [Free CSet: 0.1 ms]
   [Eden: 11264.0K(11264.0K)->0.0B(49152.0K) Survivors: 2048.0K->2048.0K Heap: 199.2M(267.0M)->188.7M(267.0M)]
 [Times: user=0.00 sys=0.00, real=0.01 secs] 
2020-12-17T17:23:26.701+0530: 367013.272: [GC concurrent-string-deduplication, 6112.0B->1664.0B(4448.0B), avg 59.8%, 0.0001450 secs]
   [Last Exec: 0.0001450 secs, Idle: 0.3210745 secs, Blocked: 0/0.0000000 secs]
      [Inspected:             165]
         [Skipped:              0(  0.0%)]
         [Hashed:              22( 13.3%)]
         [Known:              127( 77.0%)]
         [New:                 38( 23.0%)   6112.0B]
      [Deduplicated:           28( 73.7%)   4448.0B( 72.8%)]
         [Young:               28(100.0%)   4448.0B(100.0%)]
         [Old:                  0(  0.0%)      0.0B(  0.0%)]
   [Total Exec: 1470/0.8557744 secs, Idle: 1470/367011.9365006 secs, Blocked: 127/0.0900250 secs]
      [Inspected:         2893517]
         [Skipped:              0(  0.0%)]
         [Hashed:         1192897( 41.2%)]
         [Known:           183446(  6.3%)]
         [New:            2710071( 93.7%)    211.0M]
      [Deduplicated:      1898564( 70.1%)    126.2M( 59.8%)]
         [Young:           778826( 41.0%)  61271.7K( 47.4%)]
         [Old:            1119738( 59.0%)  67945.2K( 52.6%)]
   [Table]
      [Memory Usage: 8332.5K]
      [Size: 262144, Min: 1024, Max: 16777216]
      [Entries: 264210, Load: 100.8%, Cached: 3928, Added: 969201, Removed: 704991]
      [Resize Count: 8, Shrink Threshold: 174762(66.7%), Grow Threshold: 524288(200.0%)]
      [Rehash Count: 0, Rehash Threshold: 120, Hash Seed: 0x0]
      [Age Threshold: 3]
   [Queue]
      [Dropped: 0]
[GC concurrent-string-deduplication, deleted 0 entries, 0.0000006 secs]
2020-12-17T17:26:53.721+0530: 367220.291: [GC pause (G1 Evacuation Pause) (young), 0.0082540 secs]
   [Parallel Time: 3.2 ms, GC Workers: 10]
      [GC Worker Start (ms): Min: 367220291.2, Avg: 367220291.4, Max: 367220291.6, Diff: 0.3]
      [Ext Root Scanning (ms): Min: 0.7, Avg: 1.0, Max: 2.2, Diff: 1.5, Sum: 10.1]
      [Update RS (ms): Min: 0.4, Avg: 1.1, Max: 1.4, Diff: 0.9, Sum: 11.2]
         [Processed Buffers: Min: 2, Avg: 5.9, Max: 15, Diff: 13, Sum: 59]
      [Scan RS (ms): Min: 0.0, Avg: 0.0, Max: 0.0, Diff: 0.0, Sum: 0.0]
      [Code Root Scanning (ms): Min: 0.0, Avg: 0.0, Max: 0.0, Diff: 0.0, Sum: 0.0]
      [Object Copy (ms): Min: 0.0, Avg: 0.3, Max: 0.4, Diff: 0.4, Sum: 2.7]
      [Termination (ms): Min: 0.0, Avg: 0.1, Max: 0.1, Diff: 0.1, Sum: 0.7]
         [Termination Attempts: Min: 1, Avg: 1.0, Max: 1, Diff: 0, Sum: 10]
      [GC Worker Other (ms): Min: 0.0, Avg: 0.0, Max: 0.1, Diff: 0.1, Sum: 0.2]
      [GC Worker Total (ms): Min: 2.4, Avg: 2.5, Max: 2.7, Diff: 0.3, Sum: 25.0]
      [GC Worker End (ms): Min: 367220293.9, Avg: 367220293.9, Max: 367220294.0, Diff: 0.1]
   [Code Root Fixup: 0.0 ms]
   [Code Root Purge: 0.0 ms]
   [String Dedup Fixup: 2.6 ms, GC Workers: 10]
      [Queue Fixup (ms): Min: 0.0, Avg: 0.0, Max: 0.0, Diff: 0.0, Sum: 0.0]
      [Table Fixup (ms): Min: 1.8, Avg: 1.9, Max: 2.1, Diff: 0.3, Sum: 19.0]
   [Clear CT: 0.8 ms]
   [Other: 1.6 ms]
      [Choose CSet: 0.0 ms]
      [Ref Proc: 0.8 ms]
      [Ref Enq: 0.0 ms]
      [Redirty Cards: 0.7 ms]
      [Humongous Register: 0.0 ms]
      [Humongous Reclaim: 0.0 ms]
      [Free CSet: 0.0 ms]
   [Eden: 49152.0K(49152.0K)->0.0B(48128.0K) Survivors: 2048.0K->2048.0K Heap: 236.7M(267.0M)->188.7M(267.0M)]
 [Times: user=0.00 sys=0.00, real=0.01 secs] 
2020-12-17T17:26:53.729+0530: 367220.300: [GC concurrent-string-deduplication, 3056.0B->616.0B(2440.0B), avg 59.8%, 0.0000234 secs]
   [Last Exec: 0.0000234 secs, Idle: 207.0276813 secs, Blocked: 0/0.0000000 secs]
      [Inspected:              62]
         [Skipped:              0(  0.0%)]
         [Hashed:              22( 35.5%)]
         [Known:               32( 51.6%)]
         [New:                 30( 48.4%)   3056.0B]
      [Deduplicated:           22( 73.3%)   2440.0B( 79.8%)]
         [Young:               22(100.0%)   2440.0B(100.0%)]
         [Old:                  0(  0.0%)      0.0B(  0.0%)]
   [Total Exec: 1471/0.8557978 secs, Idle: 1471/367218.9641819 secs, Blocked: 127/0.0900250 secs]
      [Inspected:         2893579]
         [Skipped:              0(  0.0%)]
         [Hashed:         1192919( 41.2%)]
         [Known:           183478(  6.3%)]
         [New:            2710101( 93.7%)    211.0M]
      [Deduplicated:      1898586( 70.1%)    126.2M( 59.8%)]
         [Young:           778848( 41.0%)  61274.1K( 47.4%)]
         [Old:            1119738( 59.0%)  67945.2K( 52.6%)]
   [Table]
      [Memory Usage: 8332.5K]
      [Size: 262144, Min: 1024, Max: 16777216]
      [Entries: 264211, Load: 100.8%, Cached: 3927, Added: 969209, Removed: 704998]
      [Resize Count: 8, Shrink Threshold: 174762(66.7%), Grow Threshold: 524288(200.0%)]
      [Rehash Count: 0, Rehash Threshold: 120, Hash Seed: 0x0]
      [Age Threshold: 3]
   [Queue]
      [Dropped: 0]
[GC concurrent-string-deduplication, deleted 0 entries, 0.0000010 secs]
2020-12-17T17:34:13.265+0530: 367659.836: [GC pause (G1 Evacuation Pause) (young) (initial-mark), 0.0103119 secs]
   [Parallel Time: 4.8 ms, GC Workers: 10]
      [GC Worker Start (ms): Min: 367659836.6, Avg: 367659836.8, Max: 367659837.0, Diff: 0.4]
      [Ext Root Scanning (ms): Min: 2.2, Avg: 2.4, Max: 2.7, Diff: 0.5, Sum: 23.9]
      [Update RS (ms): Min: 0.8, Avg: 0.9, Max: 1.3, Diff: 0.5, Sum: 9.5]
         [Processed Buffers: Min: 2, Avg: 6.5, Max: 14, Diff: 12, Sum: 65]
      [Scan RS (ms): Min: 0.0, Avg: 0.0, Max: 0.0, Diff: 0.0, Sum: 0.1]
      [Code Root Scanning (ms): Min: 0.0, Avg: 0.0, Max: 0.0, Diff: 0.0, Sum: 0.0]
      [Object Copy (ms): Min: 0.0, Avg: 0.4, Max: 0.7, Diff: 0.6, Sum: 3.9]
      [Termination (ms): Min: 0.0, Avg: 0.1, Max: 0.1, Diff: 0.1, Sum: 0.9]
         [Termination Attempts: Min: 1, Avg: 1.2, Max: 2, Diff: 1, Sum: 12]
      [GC Worker Other (ms): Min: 0.0, Avg: 0.0, Max: 0.0, Diff: 0.0, Sum: 0.1]
      [GC Worker Total (ms): Min: 3.7, Avg: 3.8, Max: 4.1, Diff: 0.4, Sum: 38.4]
      [GC Worker End (ms): Min: 367659840.7, Avg: 367659840.7, Max: 367659840.7, Diff: 0.0]
   [Code Root Fixup: 0.0 ms]
   [Code Root Purge: 0.0 ms]
   [String Dedup Fixup: 3.7 ms, GC Workers: 10]
      [Queue Fixup (ms): Min: 0.0, Avg: 0.0, Max: 0.0, Diff: 0.0, Sum: 0.0]
      [Table Fixup (ms): Min: 3.3, Avg: 3.4, Max: 3.5, Diff: 0.2, Sum: 34.0]
   [Clear CT: 0.3 ms]
   [Other: 1.5 ms]
      [Choose CSet: 0.0 ms]
      [Ref Proc: 0.7 ms]
      [Ref Enq: 0.0 ms]
      [Redirty Cards: 0.4 ms]
      [Humongous Register: 0.0 ms]
      [Humongous Reclaim: 0.0 ms]
      [Free CSet: 0.1 ms]
   [Eden: 48128.0K(48128.0K)->0.0B(50176.0K) Survivors: 2048.0K->1024.0K Heap: 235.7M(267.0M)->188.1M(267.0M)]
 [Times: user=0.00 sys=0.00, real=0.01 secs] 
2020-12-17T17:34:13.276+0530: 367659.847: [GC concurrent-root-region-scan-start]
2020-12-17T17:34:13.276+0530: 367659.847: [GC concurrent-string-deduplication, 2752.0B->2392.0B(360.0B), avg 59.8%, 0.0000234 secs]
   [Last Exec: 0.0000234 secs, Idle: 439.5473636 secs, Blocked: 0/0.0000000 secs]
      [Inspected:              17]
         [Skipped:              0(  0.0%)]
         [Hashed:              13( 76.5%)]
         [Known:                0(  0.0%)]
         [New:                 17(100.0%)   2752.0B]
      [Deduplicated:           11( 64.7%)    360.0B( 13.1%)]
         [Young:               11(100.0%)    360.0B(100.0%)]
         [Old:                  0(  0.0%)      0.0B(  0.0%)]
   [Total Exec: 1472/0.8558212 secs, Idle: 1472/367658.5115455 secs, Blocked: 127/0.0900250 secs]
      [Inspected:         2893596]
         [Skipped:              0(  0.0%)]
         [Hashed:         1192932( 41.2%)]
         [Known:           183478(  6.3%)]
         [New:            2710118( 93.7%)    211.0M]
      [Deduplicated:      1898597( 70.1%)    126.2M( 59.8%)]
         [Young:           778859( 41.0%)  61274.5K( 47.4%)]
         [Old:            1119738( 59.0%)  67945.2K( 52.6%)]
   [Table]
      [Memory Usage: 8332.5K]
      [Size: 262144, Min: 1024, Max: 16777216]
      [Entries: 264215, Load: 100.8%, Cached: 3923, Added: 969215, Removed: 705000]
      [Resize Count: 8, Shrink Threshold: 174762(66.7%), Grow Threshold: 524288(200.0%)]
      [Rehash Count: 0, Rehash Threshold: 120, Hash Seed: 0x0]
      [Age Threshold: 3]
   [Queue]
      [Dropped: 0]
[GC concurrent-string-deduplication, deleted 0 entries, 0.0000014 secs]
2020-12-17T17:34:13.279+0530: 367659.850: [GC concurrent-root-region-scan-end, 0.0032587 secs]
2020-12-17T17:34:13.279+0530: 367659.850: [GC concurrent-mark-start]
2020-12-17T17:34:13.370+0530: 367659.941: [GC concurrent-mark-end, 0.0909178 secs]
2020-12-17T17:34:13.370+0530: 367659.942: [GC remark 2020-12-17T17:34:13.370+0530: 367659.942: [Finalize Marking, 0.0007600 secs] 2020-12-17T17:34:13.371+0530: 367659.942: [GC ref-proc, 0.0008065 secs] 2020-12-17T17:34:13.372+0530: 367659.943: [Unloading, 0.0269237 secs], 0.0294519 secs]
 [Times: user=0.31 sys=0.00, real=0.03 secs] 
2020-12-17T17:34:13.401+0530: 367659.972: [GC cleanup 188M->188M(267M), 0.0037433 secs]
 [Times: user=0.00 sys=0.00, real=0.00 secs] 
2020-12-17T17:41:11.682+0530: 368078.253: [GC pause (G1 Evacuation Pause) (young), 0.0072149 secs]
   [Parallel Time: 2.3 ms, GC Workers: 10]
      [GC Worker Start (ms): Min: 368078253.4, Avg: 368078253.6, Max: 368078253.8, Diff: 0.5]
      [Ext Root Scanning (ms): Min: 0.8, Avg: 1.1, Max: 1.7, Diff: 0.9, Sum: 10.6]
      [Update RS (ms): Min: 0.2, Avg: 0.6, Max: 0.9, Diff: 0.7, Sum: 5.8]
         [Processed Buffers: Min: 2, Avg: 6.1, Max: 13, Diff: 11, Sum: 61]
      [Scan RS (ms): Min: 0.0, Avg: 0.0, Max: 0.0, Diff: 0.0, Sum: 0.0]
      [Code Root Scanning (ms): Min: 0.0, Avg: 0.0, Max: 0.0, Diff: 0.0, Sum: 0.0]
      [Object Copy (ms): Min: 0.0, Avg: 0.2, Max: 0.3, Diff: 0.3, Sum: 2.4]
      [Termination (ms): Min: 0.0, Avg: 0.1, Max: 0.1, Diff: 0.1, Sum: 1.2]
         [Termination Attempts: Min: 1, Avg: 1.7, Max: 2, Diff: 1, Sum: 17]
      [GC Worker Other (ms): Min: 0.0, Avg: 0.0, Max: 0.0, Diff: 0.0, Sum: 0.1]
      [GC Worker Total (ms): Min: 1.8, Avg: 2.0, Max: 2.2, Diff: 0.4, Sum: 20.3]
      [GC Worker End (ms): Min: 368078255.6, Avg: 368078255.6, Max: 368078255.6, Diff: 0.0]
   [Code Root Fixup: 0.0 ms]
   [Code Root Purge: 0.0 ms]
   [String Dedup Fixup: 2.5 ms, GC Workers: 10]
      [Queue Fixup (ms): Min: 0.0, Avg: 0.0, Max: 0.0, Diff: 0.0, Sum: 0.0]
      [Table Fixup (ms): Min: 1.7, Avg: 1.8, Max: 2.0, Diff: 0.3, Sum: 18.1]
   [Clear CT: 0.8 ms]
   [Other: 1.6 ms]
      [Choose CSet: 0.0 ms]
      [Ref Proc: 0.6 ms]
      [Ref Enq: 0.0 ms]
      [Redirty Cards: 0.8 ms]
      [Humongous Register: 0.0 ms]
      [Humongous Reclaim: 0.0 ms]
      [Free CSet: 0.0 ms]
   [Eden: 50176.0K(50176.0K)->0.0B(11264.0K) Survivors: 1024.0K->2048.0K Heap: 237.1M(267.0M)->188.2M(267.0M)]
 [Times: user=0.16 sys=0.00, real=0.01 secs] 
2020-12-17T17:41:11.690+0530: 368078.261: [GC concurrent-string-deduplication, 328.0B->328.0B(0.0B), avg 59.8%, 0.0000056 secs]
   [Last Exec: 0.0000056 secs, Idle: 418.4135859 secs, Blocked: 0/0.0000000 secs]
      [Inspected:               3]
         [Skipped:              0(  0.0%)]
         [Hashed:               1( 33.3%)]
         [Known:                0(  0.0%)]
         [New:                  3(100.0%)    328.0B]
      [Deduplicated:            0(  0.0%)      0.0B(  0.0%)]
         [Young:                0(  0.0%)      0.0B(  0.0%)]
         [Old:                  0(  0.0%)      0.0B(  0.0%)]
   [Total Exec: 1473/0.8558268 secs, Idle: 1473/368076.9251314 secs, Blocked: 127/0.0900250 secs]
      [Inspected:         2893599]
         [Skipped:              0(  0.0%)]
         [Hashed:         1192933( 41.2%)]
         [Known:           183478(  6.3%)]
         [New:            2710121( 93.7%)    211.0M]
      [Deduplicated:      1898597( 70.1%)    126.2M( 59.8%)]
         [Young:           778859( 41.0%)  61274.5K( 47.4%)]
         [Old:            1119738( 59.0%)  67945.2K( 52.6%)]
   [Table]
      [Memory Usage: 8332.5K]
      [Size: 262144, Min: 1024, Max: 16777216]
      [Entries: 264093, Load: 100.7%, Cached: 4045, Added: 969250, Removed: 705157]
      [Resize Count: 8, Shrink Threshold: 174762(66.7%), Grow Threshold: 524288(200.0%)]
      [Rehash Count: 0, Rehash Threshold: 120, Hash Seed: 0x0]
      [Age Threshold: 3]
   [Queue]
      [Dropped: 0]
[GC concurrent-string-deduplication, deleted 0 entries, 0.0000009 secs]
2020-12-17T17:41:11.711+0530: 368078.282: [GC pause (G1 Evacuation Pause) (mixed), 0.0077435 secs]
   [Parallel Time: 2.8 ms, GC Workers: 10]
      [GC Worker Start (ms): Min: 368078281.8, Avg: 368078282.0, Max: 368078282.1, Diff: 0.2]
      [Ext Root Scanning (ms): Min: 0.6, Avg: 0.7, Max: 1.5, Diff: 1.0, Sum: 7.3]
      [Update RS (ms): Min: 0.0, Avg: 0.2, Max: 0.4, Diff: 0.4, Sum: 1.9]
         [Processed Buffers: Min: 0, Avg: 1.1, Max: 3, Diff: 3, Sum: 11]
      [Scan RS (ms): Min: 0.1, Avg: 0.3, Max: 0.7, Diff: 0.6, Sum: 3.2]
      [Code Root Scanning (ms): Min: 0.0, Avg: 0.1, Max: 0.6, Diff: 0.6, Sum: 0.8]
      [Object Copy (ms): Min: 0.3, Avg: 0.8, Max: 0.9, Diff: 0.6, Sum: 7.6]
      [Termination (ms): Min: 0.0, Avg: 0.0, Max: 0.0, Diff: 0.0, Sum: 0.0]
         [Termination Attempts: Min: 1, Avg: 1.2, Max: 2, Diff: 1, Sum: 12]
      [GC Worker Other (ms): Min: 0.0, Avg: 0.0, Max: 0.0, Diff: 0.0, Sum: 0.1]
      [GC Worker Total (ms): Min: 2.0, Avg: 2.1, Max: 2.2, Diff: 0.2, Sum: 20.8]
      [GC Worker End (ms): Min: 368078284.1, Avg: 368078284.1, Max: 368078284.1, Diff: 0.0]
   [Code Root Fixup: 0.0 ms]
   [Code Root Purge: 0.0 ms]
   [String Dedup Fixup: 2.5 ms, GC Workers: 10]
      [Queue Fixup (ms): Min: 0.0, Avg: 0.0, Max: 0.0, Diff: 0.0, Sum: 0.0]
      [Table Fixup (ms): Min: 1.8, Avg: 1.9, Max: 2.1, Diff: 0.3, Sum: 19.3]
   [Clear CT: 0.8 ms]
   [Other: 1.7 ms]
      [Choose CSet: 0.0 ms]
      [Ref Proc: 0.7 ms]
      [Ref Enq: 0.0 ms]
      [Redirty Cards: 0.8 ms]
      [Humongous Register: 0.0 ms]
      [Humongous Reclaim: 0.0 ms]
      [Free CSet: 0.0 ms]
   [Eden: 11264.0K(11264.0K)->0.0B(51200.0K) Survivors: 2048.0K->1024.0K Heap: 199.2M(267.0M)->187.6M(267.0M)]
 [Times: user=0.02 sys=0.00, real=0.01 secs] 
2020-12-17T17:41:11.719+0530: 368078.290: [GC concurrent-string-deduplication, 1448.0B->1192.0B(256.0B), avg 59.8%, 0.0000097 secs]
   [Last Exec: 0.0000097 secs, Idle: 0.0289850 secs, Blocked: 0/0.0000000 secs]
      [Inspected:              11]
         [Skipped:              0(  0.0%)]
         [Hashed:               5( 45.5%)]
         [Known:                0(  0.0%)]
         [New:                 11(100.0%)   1448.0B]
      [Deduplicated:            6( 54.5%)    256.0B( 17.7%)]
         [Young:                6(100.0%)    256.0B(100.0%)]
         [Old:                  0(  0.0%)      0.0B(  0.0%)]
   [Total Exec: 1474/0.8558365 secs, Idle: 1474/368076.9541164 secs, Blocked: 127/0.0900250 secs]
      [Inspected:         2893610]
         [Skipped:              0(  0.0%)]
         [Hashed:         1192938( 41.2%)]
         [Known:           183478(  6.3%)]
         [New:            2710132( 93.7%)    211.0M]
      [Deduplicated:      1898603( 70.1%)    126.2M( 59.8%)]
         [Young:           778865( 41.0%)  61274.7K( 47.4%)]
         [Old:            1119738( 59.0%)  67945.2K( 52.6%)]
   [Table]
      [Memory Usage: 8332.5K]
      [Size: 262144, Min: 1024, Max: 16777216]
      [Entries: 264095, Load: 100.7%, Cached: 4043, Added: 969255, Removed: 705160]
      [Resize Count: 8, Shrink Threshold: 174762(66.7%), Grow Threshold: 524288(200.0%)]
      [Rehash Count: 0, Rehash Threshold: 120, Hash Seed: 0x0]
      [Age Threshold: 3]
   [Queue]
      [Dropped: 0]
[GC concurrent-string-deduplication, deleted 0 entries, 0.0000007 secs]
2020-12-17T17:45:00.454+0530: 368307.026: [GC pause (G1 Evacuation Pause) (young), 0.0091037 secs]
   [Parallel Time: 3.5 ms, GC Workers: 10]
      [GC Worker Start (ms): Min: 368307025.8, Avg: 368307025.9, Max: 368307026.0, Diff: 0.2]
      [Ext Root Scanning (ms): Min: 0.6, Avg: 0.8, Max: 1.5, Diff: 0.8, Sum: 7.7]
      [Update RS (ms): Min: 0.9, Avg: 1.5, Max: 1.9, Diff: 1.0, Sum: 14.6]
         [Processed Buffers: Min: 3, Avg: 6.1, Max: 13, Diff: 10, Sum: 61]
      [Scan RS (ms): Min: 0.0, Avg: 0.0, Max: 0.0, Diff: 0.0, Sum: 0.0]
      [Code Root Scanning (ms): Min: 0.0, Avg: 0.0, Max: 0.0, Diff: 0.0, Sum: 0.0]
      [Object Copy (ms): Min: 0.1, Avg: 0.3, Max: 0.4, Diff: 0.3, Sum: 3.0]
      [Termination (ms): Min: 0.0, Avg: 0.2, Max: 0.3, Diff: 0.3, Sum: 2.4]
         [Termination Attempts: Min: 1, Avg: 13.7, Max: 24, Diff: 23, Sum: 137]
      [GC Worker Other (ms): Min: 0.0, Avg: 0.0, Max: 0.0, Diff: 0.0, Sum: 0.2]
      [GC Worker Total (ms): Min: 2.7, Avg: 2.8, Max: 2.9, Diff: 0.2, Sum: 27.9]
      [GC Worker End (ms): Min: 368307028.7, Avg: 368307028.7, Max: 368307028.8, Diff: 0.0]
   [Code Root Fixup: 0.0 ms]
   [Code Root Purge: 0.0 ms]
   [String Dedup Fixup: 2.7 ms, GC Workers: 10]
      [Queue Fixup (ms): Min: 0.0, Avg: 0.0, Max: 0.0, Diff: 0.0, Sum: 0.0]
      [Table Fixup (ms): Min: 2.4, Avg: 2.5, Max: 2.7, Diff: 0.3, Sum: 24.5]
   [Clear CT: 0.5 ms]
   [Other: 2.4 ms]
      [Choose CSet: 0.0 ms]
      [Ref Proc: 1.3 ms]
      [Ref Enq: 0.0 ms]
      [Redirty Cards: 0.9 ms]
      [Humongous Register: 0.0 ms]
      [Humongous Reclaim: 0.0 ms]
      [Free CSet: 0.0 ms]
   [Eden: 51200.0K(51200.0K)->0.0B(48128.0K) Survivors: 1024.0K->2048.0K Heap: 237.6M(267.0M)->189.2M(267.0M)]
 [Times: user=0.00 sys=0.00, real=0.01 secs] 
2020-12-17T17:45:00.465+0530: 368307.035: [GC concurrent-string-deduplication, 264.0B->264.0B(0.0B), avg 59.8%, 0.0000137 secs]
   [Last Exec: 0.0000137 secs, Idle: 228.7454657 secs, Blocked: 0/0.0000000 secs]
      [Inspected:              35]
         [Skipped:              0(  0.0%)]
         [Hashed:               1(  2.9%)]
         [Known:               34( 97.1%)]
         [New:                  1(  2.9%)    264.0B]
      [Deduplicated:            0(  0.0%)      0.0B(  0.0%)]
         [Young:                0(  0.0%)      0.0B(  0.0%)]
         [Old:                  0(  0.0%)      0.0B(  0.0%)]
   [Total Exec: 1475/0.8558502 secs, Idle: 1475/368305.6995821 secs, Blocked: 127/0.0900250 secs]
      [Inspected:         2893645]
         [Skipped:              0(  0.0%)]
         [Hashed:         1192939( 41.2%)]
         [Known:           183512(  6.3%)]
         [New:            2710133( 93.7%)    211.0M]
      [Deduplicated:      1898603( 70.1%)    126.2M( 59.8%)]
         [Young:           778865( 41.0%)  61274.7K( 47.4%)]
         [Old:            1119738( 59.0%)  67945.2K( 52.6%)]
   [Table]
      [Memory Usage: 8332.5K]
      [Size: 262144, Min: 1024, Max: 16777216]
      [Entries: 264149, Load: 100.8%, Cached: 3989, Added: 969330, Removed: 705181]
      [Resize Count: 8, Shrink Threshold: 174762(66.7%), Grow Threshold: 524288(200.0%)]
      [Rehash Count: 0, Rehash Threshold: 120, Hash Seed: 0x0]
      [Age Threshold: 3]
   [Queue]
      [Dropped: 0]
[GC concurrent-string-deduplication, deleted 0 entries, 0.0000007 secs]
2020-12-17T17:45:00.714+0530: 368307.284: [GC pause (G1 Evacuation Pause) (young) (initial-mark), 0.0079409 secs]
   [Parallel Time: 2.8 ms, GC Workers: 10]
      [GC Worker Start (ms): Min: 368307284.3, Avg: 368307284.5, Max: 368307284.6, Diff: 0.3]
      [Ext Root Scanning (ms): Min: 1.4, Avg: 1.6, Max: 1.9, Diff: 0.5, Sum: 16.3]
      [Update RS (ms): Min: 0.1, Avg: 0.3, Max: 0.7, Diff: 0.6, Sum: 3.3]
         [Processed Buffers: Min: 1, Avg: 3.8, Max: 15, Diff: 14, Sum: 38]
      [Scan RS (ms): Min: 0.0, Avg: 0.0, Max: 0.0, Diff: 0.0, Sum: 0.0]
      [Code Root Scanning (ms): Min: 0.0, Avg: 0.0, Max: 0.1, Diff: 0.1, Sum: 0.1]
      [Object Copy (ms): Min: 0.2, Avg: 0.3, Max: 0.4, Diff: 0.2, Sum: 2.8]
      [Termination (ms): Min: 0.0, Avg: 0.3, Max: 0.4, Diff: 0.4, Sum: 3.3]
         [Termination Attempts: Min: 1, Avg: 4.5, Max: 8, Diff: 7, Sum: 45]
      [GC Worker Other (ms): Min: 0.0, Avg: 0.0, Max: 0.0, Diff: 0.0, Sum: 0.1]
      [GC Worker Total (ms): Min: 2.5, Avg: 2.6, Max: 2.7, Diff: 0.3, Sum: 25.9]
      [GC Worker End (ms): Min: 368307287.1, Avg: 368307287.1, Max: 368307287.1, Diff: 0.0]
   [Code Root Fixup: 0.0 ms]
   [Code Root Purge: 0.0 ms]
   [String Dedup Fixup: 2.4 ms, GC Workers: 10]
      [Queue Fixup (ms): Min: 0.0, Avg: 0.0, Max: 0.0, Diff: 0.0, Sum: 0.0]
      [Table Fixup (ms): Min: 1.7, Avg: 1.8, Max: 1.9, Diff: 0.2, Sum: 18.0]
   [Clear CT: 0.8 ms]
   [Other: 1.9 ms]
      [Choose CSet: 0.0 ms]
      [Ref Proc: 1.1 ms]
      [Ref Enq: 0.0 ms]
      [Redirty Cards: 0.7 ms]
      [Humongous Register: 0.0 ms]
      [Humongous Reclaim: 0.0 ms]
      [Free CSet: 0.0 ms]
   [Eden: 48128.0K(48128.0K)->0.0B(48128.0K) Survivors: 2048.0K->2048.0K Heap: 236.2M(267.0M)->189.7M(267.0M)]
 [Times: user=0.16 sys=0.00, real=0.01 secs] 
2020-12-17T17:45:00.722+0530: 368307.292: [GC concurrent-root-region-scan-start]
2020-12-17T17:45:00.724+0530: 368307.294: [GC concurrent-root-region-scan-end, 0.0018708 secs]
2020-12-17T17:45:00.724+0530: 368307.294: [GC concurrent-mark-start]
2020-12-17T17:45:00.806+0530: 368307.376: [GC concurrent-mark-end, 0.0822318 secs]
2020-12-17T17:45:00.806+0530: 368307.377: [GC remark 2020-12-17T17:45:00.806+0530: 368307.377: [Finalize Marking, 0.0006843 secs] 2020-12-17T17:45:00.807+0530: 368307.378: [GC ref-proc, 0.0005114 secs] 2020-12-17T17:45:00.808+0530: 368307.378: [Unloading, 0.0198183 secs], 0.0220553 secs]
 [Times: user=0.16 sys=0.00, real=0.02 secs] 
2020-12-17T17:45:00.829+0530: 368307.399: [GC cleanup 190M->190M(267M), 0.0034782 secs]
 [Times: user=0.00 sys=0.00, real=0.00 secs] 
2020-12-17T17:49:21.585+0530: 368568.156: [GC pause (G1 Evacuation Pause) (young), 0.0111051 secs]
   [Parallel Time: 6.4 ms, GC Workers: 10]
      [GC Worker Start (ms): Min: 368568156.3, Avg: 368568156.7, Max: 368568157.0, Diff: 0.7]
      [Ext Root Scanning (ms): Min: 1.7, Avg: 2.2, Max: 4.9, Diff: 3.2, Sum: 21.7]
      [Update RS (ms): Min: 0.8, Avg: 2.4, Max: 2.9, Diff: 2.1, Sum: 24.5]
         [Processed Buffers: Min: 1, Avg: 5.4, Max: 15, Diff: 14, Sum: 54]
      [Scan RS (ms): Min: 0.0, Avg: 0.0, Max: 0.1, Diff: 0.0, Sum: 0.1]
      [Code Root Scanning (ms): Min: 0.0, Avg: 0.0, Max: 0.2, Diff: 0.2, Sum: 0.2]
      [Object Copy (ms): Min: 0.0, Avg: 0.5, Max: 0.9, Diff: 0.9, Sum: 5.5]
      [Termination (ms): Min: 0.0, Avg: 0.0, Max: 0.1, Diff: 0.1, Sum: 0.5]
         [Termination Attempts: Min: 1, Avg: 1.0, Max: 1, Diff: 0, Sum: 10]
      [GC Worker Other (ms): Min: 0.0, Avg: 0.0, Max: 0.1, Diff: 0.0, Sum: 0.3]
      [GC Worker Total (ms): Min: 5.0, Avg: 5.3, Max: 5.7, Diff: 0.7, Sum: 52.7]
      [GC Worker End (ms): Min: 368568162.0, Avg: 368568162.0, Max: 368568162.0, Diff: 0.0]
   [Code Root Fixup: 0.0 ms]
   [Code Root Purge: 0.0 ms]
   [String Dedup Fixup: 2.4 ms, GC Workers: 10]
      [Queue Fixup (ms): Min: 0.0, Avg: 0.0, Max: 0.0, Diff: 0.0, Sum: 0.0]
      [Table Fixup (ms): Min: 1.7, Avg: 1.8, Max: 1.9, Diff: 0.2, Sum: 17.7]
   [Clear CT: 0.7 ms]
   [Other: 1.6 ms]
      [Choose CSet: 0.0 ms]
      [Ref Proc: 0.6 ms]
      [Ref Enq: 0.0 ms]
      [Redirty Cards: 0.7 ms]
      [Humongous Register: 0.0 ms]
      [Humongous Reclaim: 0.0 ms]
      [Free CSet: 0.0 ms]
   [Eden: 48128.0K(48128.0K)->0.0B(12288.0K) Survivors: 2048.0K->1024.0K Heap: 236.7M(267.0M)->188.8M(267.0M)]
 [Times: user=0.16 sys=0.00, real=0.01 secs] 
2020-12-17T17:49:21.596+0530: 368568.167: [GC concurrent-string-deduplication, 10856.0B->2960.0B(7896.0B), avg 59.8%, 0.0000490 secs]
   [Last Exec: 0.0000490 secs, Idle: 261.1319372 secs, Blocked: 0/0.0000000 secs]
      [Inspected:             193]
         [Skipped:              0(  0.0%)]
         [Hashed:              85( 44.0%)]
         [Known:               75( 38.9%)]
         [New:                118( 61.1%)  10856.0B]
      [Deduplicated:           94( 79.7%)   7896.0B( 72.7%)]
         [Young:               94(100.0%)   7896.0B(100.0%)]
         [Old:                  0(  0.0%)      0.0B(  0.0%)]
   [Total Exec: 1476/0.8558992 secs, Idle: 1476/368566.8315193 secs, Blocked: 127/0.0900250 secs]
      [Inspected:         2893838]
         [Skipped:              0(  0.0%)]
         [Hashed:         1193024( 41.2%)]
         [Known:           183587(  6.3%)]
         [New:            2710251( 93.7%)    211.0M]
      [Deduplicated:      1898697( 70.1%)    126.2M( 59.8%)]
         [Young:           778959( 41.0%)  61282.4K( 47.4%)]
         [Old:            1119738( 59.0%)  67945.2K( 52.6%)]
   [Table]
      [Memory Usage: 8332.5K]
      [Size: 262144, Min: 1024, Max: 16777216]
      [Entries: 264217, Load: 100.8%, Cached: 3921, Added: 969500, Removed: 705283]
      [Resize Count: 8, Shrink Threshold: 174762(66.7%), Grow Threshold: 524288(200.0%)]
      [Rehash Count: 0, Rehash Threshold: 120, Hash Seed: 0x0]
      [Age Threshold: 3]
   [Queue]
      [Dropped: 0]
[GC concurrent-string-deduplication, deleted 0 entries, 0.0000008 secs]
2020-12-17T17:51:12.215+0530: 368678.786: [GC pause (G1 Evacuation Pause) (mixed), 0.0074038 secs]
   [Parallel Time: 2.7 ms, GC Workers: 10]
      [GC Worker Start (ms): Min: 368678786.2, Avg: 368678786.4, Max: 368678786.5, Diff: 0.2]
      [Ext Root Scanning (ms): Min: 0.6, Avg: 0.8, Max: 1.6, Diff: 0.9, Sum: 8.0]
      [Update RS (ms): Min: 0.0, Avg: 0.6, Max: 0.9, Diff: 0.9, Sum: 5.9]
         [Processed Buffers: Min: 0, Avg: 3.9, Max: 13, Diff: 13, Sum: 39]
      [Scan RS (ms): Min: 0.0, Avg: 0.1, Max: 0.3, Diff: 0.3, Sum: 1.0]
      [Code Root Scanning (ms): Min: 0.0, Avg: 0.0, Max: 0.1, Diff: 0.1, Sum: 0.1]
      [Object Copy (ms): Min: 0.3, Avg: 0.5, Max: 0.6, Diff: 0.3, Sum: 4.8]
      [Termination (ms): Min: 0.0, Avg: 0.0, Max: 0.0, Diff: 0.0, Sum: 0.0]
         [Termination Attempts: Min: 1, Avg: 1.4, Max: 2, Diff: 1, Sum: 14]
      [GC Worker Other (ms): Min: 0.0, Avg: 0.0, Max: 0.0, Diff: 0.0, Sum: 0.1]
      [GC Worker Total (ms): Min: 1.9, Avg: 2.0, Max: 2.1, Diff: 0.2, Sum: 19.8]
      [GC Worker End (ms): Min: 368678788.3, Avg: 368678788.3, Max: 368678788.3, Diff: 0.0]
   [Code Root Fixup: 0.0 ms]
   [Code Root Purge: 0.0 ms]
   [String Dedup Fixup: 2.5 ms, GC Workers: 10]
      [Queue Fixup (ms): Min: 0.0, Avg: 0.0, Max: 0.0, Diff: 0.0, Sum: 0.0]
      [Table Fixup (ms): Min: 1.8, Avg: 1.9, Max: 2.0, Diff: 0.2, Sum: 18.8]
   [Clear CT: 0.7 ms]
   [Other: 1.6 ms]
      [Choose CSet: 0.0 ms]
      [Ref Proc: 0.8 ms]
      [Ref Enq: 0.0 ms]
      [Redirty Cards: 0.6 ms]
      [Humongous Register: 0.0 ms]
      [Humongous Reclaim: 0.0 ms]
      [Free CSet: 0.0 ms]
   [Eden: 12288.0K(12288.0K)->0.0B(50176.0K) Survivors: 1024.0K->1024.0K Heap: 200.8M(267.0M)->188.3M(267.0M)]
 [Times: user=0.02 sys=0.00, real=0.01 secs] 
2020-12-17T17:51:12.223+0530: 368678.794: [GC concurrent-string-deduplication, 3056.0B->1952.0B(1104.0B), avg 59.8%, 0.0000461 secs]
   [Last Exec: 0.0000461 secs, Idle: 110.6263594 secs, Blocked: 0/0.0000000 secs]
      [Inspected:             180]
         [Skipped:              0(  0.0%)]
         [Hashed:              25( 13.9%)]
         [Known:              139( 77.2%)]
         [New:                 41( 22.8%)   3056.0B]
      [Deduplicated:           25( 61.0%)   1104.0B( 36.1%)]
         [Young:               25(100.0%)   1104.0B(100.0%)]
         [Old:                  0(  0.0%)      0.0B(  0.0%)]
   [Total Exec: 1477/0.8559453 secs, Idle: 1477/368677.4578787 secs, Blocked: 127/0.0900250 secs]
      [Inspected:         2894018]
         [Skipped:              0(  0.0%)]
         [Hashed:         1193049( 41.2%)]
         [Known:           183726(  6.3%)]
         [New:            2710292( 93.7%)    211.0M]
      [Deduplicated:      1898722( 70.1%)    126.2M( 59.8%)]
         [Young:           778984( 41.0%)  61283.5K( 47.4%)]
         [Old:            1119738( 59.0%)  67945.2K( 52.6%)]
   [Table]
      [Memory Usage: 8332.5K]
      [Size: 262144, Min: 1024, Max: 16777216]
      [Entries: 264226, Load: 100.8%, Cached: 3912, Added: 969516, Removed: 705290]
      [Resize Count: 8, Shrink Threshold: 174762(66.7%), Grow Threshold: 524288(200.0%)]
      [Rehash Count: 0, Rehash Threshold: 120, Hash Seed: 0x0]
      [Age Threshold: 3]
   [Queue]
      [Dropped: 0]
[GC concurrent-string-deduplication, deleted 0 entries, 0.0000006 secs]
2020-12-17T17:56:12.484+0530: 368979.055: [GC pause (G1 Evacuation Pause) (young), 0.0076349 secs]
   [Parallel Time: 2.5 ms, GC Workers: 10]
      [GC Worker Start (ms): Min: 368979055.1, Avg: 368979055.3, Max: 368979055.4, Diff: 0.3]
      [Ext Root Scanning (ms): Min: 0.5, Avg: 0.7, Max: 1.4, Diff: 0.9, Sum: 7.1]
      [Update RS (ms): Min: 0.4, Avg: 0.9, Max: 1.1, Diff: 0.7, Sum: 8.8]
         [Processed Buffers: Min: 2, Avg: 5.7, Max: 16, Diff: 14, Sum: 57]
      [Scan RS (ms): Min: 0.0, Avg: 0.0, Max: 0.0, Diff: 0.0, Sum: 0.0]
      [Code Root Scanning (ms): Min: 0.0, Avg: 0.0, Max: 0.1, Diff: 0.1, Sum: 0.1]
      [Object Copy (ms): Min: 0.1, Avg: 0.2, Max: 0.3, Diff: 0.2, Sum: 2.4]
      [Termination (ms): Min: 0.0, Avg: 0.0, Max: 0.1, Diff: 0.1, Sum: 0.5]
         [Termination Attempts: Min: 1, Avg: 1.0, Max: 1, Diff: 0, Sum: 10]
      [GC Worker Other (ms): Min: 0.0, Avg: 0.0, Max: 0.1, Diff: 0.1, Sum: 0.2]
      [GC Worker Total (ms): Min: 1.8, Avg: 1.9, Max: 2.1, Diff: 0.2, Sum: 19.1]
      [GC Worker End (ms): Min: 368979057.2, Avg: 368979057.2, Max: 368979057.3, Diff: 0.1]
   [Code Root Fixup: 0.0 ms]
   [Code Root Purge: 0.0 ms]
   [String Dedup Fixup: 2.7 ms, GC Workers: 10]
      [Queue Fixup (ms): Min: 0.0, Avg: 0.0, Max: 0.0, Diff: 0.0, Sum: 0.0]
      [Table Fixup (ms): Min: 2.0, Avg: 2.1, Max: 2.2, Diff: 0.2, Sum: 20.7]
   [Clear CT: 0.8 ms]
   [Other: 1.7 ms]
      [Choose CSet: 0.0 ms]
      [Ref Proc: 0.8 ms]
      [Ref Enq: 0.0 ms]
      [Redirty Cards: 0.7 ms]
      [Humongous Register: 0.0 ms]
      [Humongous Reclaim: 0.0 ms]
      [Free CSet: 0.1 ms]
   [Eden: 50176.0K(50176.0K)->0.0B(50176.0K) Survivors: 1024.0K->1024.0K Heap: 237.3M(267.0M)->188.5M(267.0M)]
 [Times: user=0.00 sys=0.00, real=0.01 secs] 
2020-12-17T17:56:12.492+0530: 368979.063: [GC concurrent-string-deduplication, 752.0B->600.0B(152.0B), avg 59.8%, 0.0000189 secs]
   [Last Exec: 0.0000189 secs, Idle: 300.2690882 secs, Blocked: 0/0.0000000 secs]
      [Inspected:              32]
         [Skipped:              0(  0.0%)]
         [Hashed:               3(  9.4%)]
         [Known:               27( 84.4%)]
         [New:                  5( 15.6%)    752.0B]
      [Deduplicated:            2( 40.0%)    152.0B( 20.2%)]
         [Young:                2(100.0%)    152.0B(100.0%)]
         [Old:                  0(  0.0%)      0.0B(  0.0%)]
   [Total Exec: 1478/0.8559642 secs, Idle: 1478/368977.7269669 secs, Blocked: 127/0.0900250 secs]
      [Inspected:         2894050]
         [Skipped:              0(  0.0%)]
         [Hashed:         1193052( 41.2%)]
         [Known:           183753(  6.3%)]
         [New:            2710297( 93.7%)    211.0M]
      [Deduplicated:      1898724( 70.1%)    126.2M( 59.8%)]
         [Young:           778986( 41.0%)  61283.6K( 47.4%)]
         [Old:            1119738( 59.0%)  67945.2K( 52.6%)]
   [Table]
      [Memory Usage: 8332.5K]
      [Size: 262144, Min: 1024, Max: 16777216]
      [Entries: 264229, Load: 100.8%, Cached: 3909, Added: 969519, Removed: 705290]
      [Resize Count: 8, Shrink Threshold: 174762(66.7%), Grow Threshold: 524288(200.0%)]
      [Rehash Count: 0, Rehash Threshold: 120, Hash Seed: 0x0]
      [Age Threshold: 3]
   [Queue]
      [Dropped: 0]
[GC concurrent-string-deduplication, deleted 0 entries, 0.0000007 secs]
2020-12-17T18:01:12.752+0530: 369279.323: [GC pause (G1 Evacuation Pause) (young) (initial-mark), 0.0081613 secs]
   [Parallel Time: 3.1 ms, GC Workers: 10]
      [GC Worker Start (ms): Min: 369279323.6, Avg: 369279323.8, Max: 369279323.9, Diff: 0.3]
      [Ext Root Scanning (ms): Min: 1.4, Avg: 1.6, Max: 1.9, Diff: 0.5, Sum: 16.0]
      [Update RS (ms): Min: 0.3, Avg: 0.5, Max: 0.8, Diff: 0.5, Sum: 4.9]
         [Processed Buffers: Min: 1, Avg: 5.4, Max: 18, Diff: 17, Sum: 54]
      [Scan RS (ms): Min: 0.0, Avg: 0.0, Max: 0.0, Diff: 0.0, Sum: 0.0]
      [Code Root Scanning (ms): Min: 0.0, Avg: 0.0, Max: 0.1, Diff: 0.1, Sum: 0.1]
      [Object Copy (ms): Min: 0.0, Avg: 0.2, Max: 0.3, Diff: 0.3, Sum: 2.3]
      [Termination (ms): Min: 0.0, Avg: 0.0, Max: 0.1, Diff: 0.1, Sum: 0.4]
         [Termination Attempts: Min: 1, Avg: 1.0, Max: 1, Diff: 0, Sum: 10]
      [GC Worker Other (ms): Min: 0.0, Avg: 0.0, Max: 0.0, Diff: 0.0, Sum: 0.1]
      [GC Worker Total (ms): Min: 2.3, Avg: 2.4, Max: 2.6, Diff: 0.3, Sum: 23.8]
      [GC Worker End (ms): Min: 369279326.2, Avg: 369279326.2, Max: 369279326.2, Diff: 0.0]
   [Code Root Fixup: 0.0 ms]
   [Code Root Purge: 0.0 ms]
   [String Dedup Fixup: 2.4 ms, GC Workers: 10]
      [Queue Fixup (ms): Min: 0.0, Avg: 0.0, Max: 0.0, Diff: 0.0, Sum: 0.0]
      [Table Fixup (ms): Min: 1.7, Avg: 1.8, Max: 1.9, Diff: 0.2, Sum: 17.7]
   [Clear CT: 0.8 ms]
   [Other: 1.8 ms]
      [Choose CSet: 0.0 ms]
      [Ref Proc: 0.8 ms]
      [Ref Enq: 0.0 ms]
      [Redirty Cards: 0.8 ms]
      [Humongous Register: 0.0 ms]
      [Humongous Reclaim: 0.0 ms]
      [Free CSet: 0.0 ms]
   [Eden: 50176.0K(50176.0K)->0.0B(50176.0K) Survivors: 1024.0K->1024.0K Heap: 237.5M(267.0M)->188.5M(267.0M)]
 [Times: user=0.00 sys=0.00, real=0.01 secs] 
2020-12-17T18:01:12.761+0530: 369279.332: [GC concurrent-root-region-scan-start]
2020-12-17T18:01:12.763+0530: 369279.334: [GC concurrent-root-region-scan-end, 0.0021159 secs]
2020-12-17T18:01:12.763+0530: 369279.334: [GC concurrent-mark-start]
2020-12-17T18:01:12.844+0530: 369279.415: [GC concurrent-mark-end, 0.0808634 secs]
2020-12-17T18:01:12.844+0530: 369279.415: [GC remark 2020-12-17T18:01:12.844+0530: 369279.415: [Finalize Marking, 0.0005216 secs] 2020-12-17T18:01:12.845+0530: 369279.416: [GC ref-proc, 0.0007501 secs] 2020-12-17T18:01:12.845+0530: 369279.417: [Unloading, 0.0212800 secs], 0.0236039 secs]
 [Times: user=0.16 sys=0.00, real=0.02 secs] 
2020-12-17T18:01:12.868+0530: 369279.439: [GC cleanup 191M->191M(267M), 0.0039534 secs]
 [Times: user=0.00 sys=0.00, real=0.00 secs] 
2020-12-17T18:07:18.185+0530: 369644.756: [GC pause (G1 Evacuation Pause) (young), 0.0084675 secs]
   [Parallel Time: 3.2 ms, GC Workers: 10]
      [GC Worker Start (ms): Min: 369644755.8, Avg: 369644756.2, Max: 369644756.4, Diff: 0.6]
      [Ext Root Scanning (ms): Min: 0.4, Avg: 0.7, Max: 1.3, Diff: 0.9, Sum: 6.9]
      [Update RS (ms): Min: 0.7, Avg: 0.9, Max: 1.3, Diff: 0.6, Sum: 9.0]
         [Processed Buffers: Min: 1, Avg: 5.7, Max: 11, Diff: 10, Sum: 57]
      [Scan RS (ms): Min: 0.0, Avg: 0.0, Max: 0.0, Diff: 0.0, Sum: 0.1]
      [Code Root Scanning (ms): Min: 0.0, Avg: 0.0, Max: 0.1, Diff: 0.1, Sum: 0.1]
      [Object Copy (ms): Min: 0.0, Avg: 0.2, Max: 0.4, Diff: 0.4, Sum: 2.4]
      [Termination (ms): Min: 0.0, Avg: 0.2, Max: 0.2, Diff: 0.2, Sum: 1.9]
         [Termination Attempts: Min: 1, Avg: 1.0, Max: 1, Diff: 0, Sum: 10]
      [GC Worker Other (ms): Min: 0.0, Avg: 0.0, Max: 0.0, Diff: 0.0, Sum: 0.1]
      [GC Worker Total (ms): Min: 1.9, Avg: 2.0, Max: 2.4, Diff: 0.5, Sum: 20.5]
      [GC Worker End (ms): Min: 369644758.2, Avg: 369644758.2, Max: 369644758.2, Diff: 0.0]
   [Code Root Fixup: 0.0 ms]
   [Code Root Purge: 0.0 ms]
   [String Dedup Fixup: 2.6 ms, GC Workers: 10]
      [Queue Fixup (ms): Min: 0.0, Avg: 0.0, Max: 0.0, Diff: 0.0, Sum: 0.0]
      [Table Fixup (ms): Min: 1.8, Avg: 1.9, Max: 2.1, Diff: 0.3, Sum: 19.1]
   [Clear CT: 0.8 ms]
   [Other: 1.8 ms]
      [Choose CSet: 0.0 ms]
      [Ref Proc: 0.8 ms]
      [Ref Enq: 0.0 ms]
      [Redirty Cards: 0.8 ms]
      [Humongous Register: 0.0 ms]
      [Humongous Reclaim: 0.0 ms]
      [Free CSet: 0.1 ms]
   [Eden: 50176.0K(50176.0K)->0.0B(12288.0K) Survivors: 1024.0K->1024.0K Heap: 237.5M(267.0M)->188.4M(267.0M)]
 [Times: user=0.16 sys=0.00, real=0.01 secs] 
2020-12-17T18:07:18.193+0530: 369644.764: [GC concurrent-string-deduplication, 264.0B->264.0B(0.0B), avg 59.8%, 0.0000033 secs]
   [Last Exec: 0.0000033 secs, Idle: 665.7013549 secs, Blocked: 0/0.0000000 secs]
      [Inspected:               1]
         [Skipped:              0(  0.0%)]
         [Hashed:               1(100.0%)]
         [Known:                0(  0.0%)]
         [New:                  1(100.0%)    264.0B]
      [Deduplicated:            0(  0.0%)      0.0B(  0.0%)]
         [Young:                0(  0.0%)      0.0B(  0.0%)]
         [Old:                  0(  0.0%)      0.0B(  0.0%)]
   [Total Exec: 1479/0.8559675 secs, Idle: 1479/369643.4283218 secs, Blocked: 127/0.0900250 secs]
      [Inspected:         2894051]
         [Skipped:              0(  0.0%)]
         [Hashed:         1193053( 41.2%)]
         [Known:           183753(  6.3%)]
         [New:            2710298( 93.7%)    211.0M]
      [Deduplicated:      1898724( 70.1%)    126.2M( 59.8%)]
         [Young:           778986( 41.0%)  61283.6K( 47.4%)]
         [Old:            1119738( 59.0%)  67945.2K( 52.6%)]
   [Table]
      [Memory Usage: 8332.5K]
      [Size: 262144, Min: 1024, Max: 16777216]
      [Entries: 263913, Load: 100.7%, Cached: 4225, Added: 969523, Removed: 705610]
      [Resize Count: 8, Shrink Threshold: 174762(66.7%), Grow Threshold: 524288(200.0%)]
      [Rehash Count: 0, Rehash Threshold: 120, Hash Seed: 0x0]
      [Age Threshold: 3]
   [Queue]
      [Dropped: 0]
[GC concurrent-string-deduplication, deleted 0 entries, 0.0000010 secs]
2020-12-17T18:11:13.202+0530: 369879.773: [GC pause (G1 Evacuation Pause) (mixed), 0.0088872 secs]
   [Parallel Time: 3.8 ms, GC Workers: 10]
      [GC Worker Start (ms): Min: 369879772.9, Avg: 369879773.1, Max: 369879773.2, Diff: 0.3]
      [Ext Root Scanning (ms): Min: 0.5, Avg: 0.7, Max: 1.7, Diff: 1.1, Sum: 7.5]
      [Update RS (ms): Min: 0.0, Avg: 0.6, Max: 0.9, Diff: 0.9, Sum: 6.3]
         [Processed Buffers: Min: 0, Avg: 4.9, Max: 13, Diff: 13, Sum: 49]
      [Scan RS (ms): Min: 0.3, Avg: 0.5, Max: 0.7, Diff: 0.4, Sum: 5.4]
      [Code Root Scanning (ms): Min: 0.0, Avg: 0.1, Max: 0.6, Diff: 0.6, Sum: 0.8]
      [Object Copy (ms): Min: 0.5, Avg: 1.0, Max: 1.1, Diff: 0.6, Sum: 10.2]
      [Termination (ms): Min: 0.0, Avg: 0.0, Max: 0.1, Diff: 0.1, Sum: 0.4]
         [Termination Attempts: Min: 1, Avg: 1.0, Max: 1, Diff: 0, Sum: 10]
      [GC Worker Other (ms): Min: 0.0, Avg: 0.0, Max: 0.0, Diff: 0.0, Sum: 0.1]
      [GC Worker Total (ms): Min: 3.0, Avg: 3.1, Max: 3.3, Diff: 0.3, Sum: 30.7]
      [GC Worker End (ms): Min: 369879776.2, Avg: 369879776.2, Max: 369879776.2, Diff: 0.0]
   [Code Root Fixup: 0.0 ms]
   [Code Root Purge: 0.0 ms]
   [String Dedup Fixup: 2.6 ms, GC Workers: 10]
      [Queue Fixup (ms): Min: 0.0, Avg: 0.0, Max: 0.0, Diff: 0.0, Sum: 0.0]
      [Table Fixup (ms): Min: 1.9, Avg: 2.0, Max: 2.2, Diff: 0.2, Sum: 19.9]
   [Clear CT: 0.8 ms]
   [Other: 1.6 ms]
      [Choose CSet: 0.0 ms]
      [Ref Proc: 0.7 ms]
      [Ref Enq: 0.0 ms]
      [Redirty Cards: 0.8 ms]
      [Humongous Register: 0.0 ms]
      [Humongous Reclaim: 0.0 ms]
      [Free CSet: 0.1 ms]
   [Eden: 12288.0K(12288.0K)->0.0B(51200.0K) Survivors: 1024.0K->1024.0K Heap: 200.4M(267.0M)->187.3M(267.0M)]
 [Times: user=0.16 sys=0.00, real=0.01 secs] 
2020-12-17T18:11:13.211+0530: 369879.782: [GC concurrent-string-deduplication, 264.0B->264.0B(0.0B), avg 59.8%, 0.0000029 secs]
   [Last Exec: 0.0000029 secs, Idle: 235.0175242 secs, Blocked: 0/0.0000000 secs]
      [Inspected:               1]
         [Skipped:              0(  0.0%)]
         [Hashed:               1(100.0%)]
         [Known:                0(  0.0%)]
         [New:                  1(100.0%)    264.0B]
      [Deduplicated:            0(  0.0%)      0.0B(  0.0%)]
         [Young:                0(  0.0%)      0.0B(  0.0%)]
         [Old:                  0(  0.0%)      0.0B(  0.0%)]
   [Total Exec: 1480/0.8559704 secs, Idle: 1480/369878.4458460 secs, Blocked: 127/0.0900250 secs]
      [Inspected:         2894052]
         [Skipped:              0(  0.0%)]
         [Hashed:         1193054( 41.2%)]
         [Known:           183753(  6.3%)]
         [New:            2710299( 93.7%)    211.0M]
      [Deduplicated:      1898724( 70.1%)    126.2M( 59.8%)]
         [Young:           778986( 41.0%)  61283.6K( 47.4%)]
         [Old:            1119738( 59.0%)  67945.2K( 52.6%)]
   [Table]
      [Memory Usage: 8332.5K]
      [Size: 262144, Min: 1024, Max: 16777216]
      [Entries: 263910, Load: 100.7%, Cached: 4228, Added: 969524, Removed: 705614]
      [Resize Count: 8, Shrink Threshold: 174762(66.7%), Grow Threshold: 524288(200.0%)]
      [Rehash Count: 0, Rehash Threshold: 120, Hash Seed: 0x0]
      [Age Threshold: 3]
   [Queue]
      [Dropped: 0]
[GC concurrent-string-deduplication, deleted 0 entries, 0.0000006 secs]
2020-12-17T18:16:13.465+0530: 370180.036: [GC pause (G1 Evacuation Pause) (young), 0.0073898 secs]
   [Parallel Time: 2.9 ms, GC Workers: 10]
      [GC Worker Start (ms): Min: 370180035.7, Avg: 370180036.0, Max: 370180036.2, Diff: 0.5]
      [Ext Root Scanning (ms): Min: 0.4, Avg: 0.7, Max: 1.4, Diff: 1.0, Sum: 7.0]
      [Update RS (ms): Min: 1.3, Avg: 1.5, Max: 1.8, Diff: 0.5, Sum: 15.4]
         [Processed Buffers: Min: 3, Avg: 7.1, Max: 16, Diff: 13, Sum: 71]
      [Scan RS (ms): Min: 0.0, Avg: 0.0, Max: 0.0, Diff: 0.0, Sum: 0.0]
      [Code Root Scanning (ms): Min: 0.0, Avg: 0.0, Max: 0.1, Diff: 0.1, Sum: 0.1]
      [Object Copy (ms): Min: 0.1, Avg: 0.2, Max: 0.3, Diff: 0.3, Sum: 2.2]
      [Termination (ms): Min: 0.0, Avg: 0.1, Max: 0.1, Diff: 0.1, Sum: 0.7]
         [Termination Attempts: Min: 1, Avg: 1.0, Max: 1, Diff: 0, Sum: 10]
      [GC Worker Other (ms): Min: 0.0, Avg: 0.0, Max: 0.0, Diff: 0.0, Sum: 0.1]
      [GC Worker Total (ms): Min: 2.3, Avg: 2.6, Max: 2.8, Diff: 0.5, Sum: 25.6]
      [GC Worker End (ms): Min: 370180038.6, Avg: 370180038.6, Max: 370180038.6, Diff: 0.0]
   [Code Root Fixup: 0.0 ms]
   [Code Root Purge: 0.0 ms]
   [String Dedup Fixup: 2.6 ms, GC Workers: 10]
      [Queue Fixup (ms): Min: 0.0, Avg: 0.0, Max: 0.0, Diff: 0.0, Sum: 0.0]
      [Table Fixup (ms): Min: 1.8, Avg: 1.9, Max: 2.1, Diff: 0.2, Sum: 19.5]
   [Clear CT: 0.8 ms]
   [Other: 1.1 ms]
      [Choose CSet: 0.0 ms]
      [Ref Proc: 0.3 ms]
      [Ref Enq: 0.0 ms]
      [Redirty Cards: 0.7 ms]
      [Humongous Register: 0.0 ms]
      [Humongous Reclaim: 0.0 ms]
      [Free CSet: 0.0 ms]
   [Eden: 51200.0K(51200.0K)->0.0B(50176.0K) Survivors: 1024.0K->1024.0K Heap: 237.3M(267.0M)->188.2M(267.0M)]
 [Times: user=0.00 sys=0.00, real=0.01 secs] 
2020-12-17T18:16:13.472+0530: 370180.043: [GC concurrent-string-deduplication, 264.0B->264.0B(0.0B), avg 59.8%, 0.0000055 secs]
   [Last Exec: 0.0000055 secs, Idle: 300.2613051 secs, Blocked: 0/0.0000000 secs]
      [Inspected:               4]
         [Skipped:              0(  0.0%)]
         [Hashed:               1( 25.0%)]
         [Known:                3( 75.0%)]
         [New:                  1( 25.0%)    264.0B]
      [Deduplicated:            0(  0.0%)      0.0B(  0.0%)]
         [Young:                0(  0.0%)      0.0B(  0.0%)]
         [Old:                  0(  0.0%)      0.0B(  0.0%)]
   [Total Exec: 1481/0.8559759 secs, Idle: 1481/370178.7071511 secs, Blocked: 127/0.0900250 secs]
      [Inspected:         2894056]
         [Skipped:              0(  0.0%)]
         [Hashed:         1193055( 41.2%)]
         [Known:           183756(  6.3%)]
         [New:            2710300( 93.7%)    211.0M]
      [Deduplicated:      1898724( 70.1%)    126.2M( 59.8%)]
         [Young:           778986( 41.0%)  61283.6K( 47.4%)]
         [Old:            1119738( 59.0%)  67945.2K( 52.6%)]
   [Table]
      [Memory Usage: 8332.5K]
      [Size: 262144, Min: 1024, Max: 16777216]
      [Entries: 263901, Load: 100.7%, Cached: 4237, Added: 969525, Removed: 705624]
      [Resize Count: 8, Shrink Threshold: 174762(66.7%), Grow Threshold: 524288(200.0%)]
      [Rehash Count: 0, Rehash Threshold: 120, Hash Seed: 0x0]
      [Age Threshold: 3]
   [Queue]
      [Dropped: 0]
[GC concurrent-string-deduplication, deleted 0 entries, 0.0000090 secs]
2020-12-17T18:21:15.497+0530: 370482.067: [GC pause (G1 Evacuation Pause) (young) (initial-mark), 0.0094779 secs]
   [Parallel Time: 3.2 ms, GC Workers: 10]
      [GC Worker Start (ms): Min: 370482067.6, Avg: 370482067.7, Max: 370482067.8, Diff: 0.2]
      [Ext Root Scanning (ms): Min: 1.7, Avg: 1.8, Max: 2.0, Diff: 0.4, Sum: 18.4]
      [Update RS (ms): Min: 0.6, Avg: 0.7, Max: 0.9, Diff: 0.4, Sum: 6.6]
         [Processed Buffers: Min: 1, Avg: 5.9, Max: 12, Diff: 11, Sum: 59]
      [Scan RS (ms): Min: 0.0, Avg: 0.0, Max: 0.0, Diff: 0.0, Sum: 0.0]
      [Code Root Scanning (ms): Min: 0.0, Avg: 0.0, Max: 0.1, Diff: 0.1, Sum: 0.1]
      [Object Copy (ms): Min: 0.0, Avg: 0.3, Max: 0.4, Diff: 0.4, Sum: 3.0]
      [Termination (ms): Min: 0.0, Avg: 0.1, Max: 0.1, Diff: 0.1, Sum: 0.8]
         [Termination Attempts: Min: 1, Avg: 1.6, Max: 2, Diff: 1, Sum: 16]
      [GC Worker Other (ms): Min: 0.0, Avg: 0.0, Max: 0.0, Diff: 0.0, Sum: 0.1]
      [GC Worker Total (ms): Min: 2.8, Avg: 2.9, Max: 3.0, Diff: 0.2, Sum: 29.0]
      [GC Worker End (ms): Min: 370482070.6, Avg: 370482070.6, Max: 370482070.6, Diff: 0.0]
   [Code Root Fixup: 0.0 ms]
   [Code Root Purge: 0.0 ms]
   [String Dedup Fixup: 3.1 ms, GC Workers: 10]
      [Queue Fixup (ms): Min: 0.0, Avg: 0.0, Max: 0.0, Diff: 0.0, Sum: 0.0]
      [Table Fixup (ms): Min: 2.9, Avg: 2.9, Max: 3.0, Diff: 0.2, Sum: 29.3]
   [Clear CT: 0.4 ms]
   [Other: 2.7 ms]
      [Choose CSet: 0.0 ms]
      [Ref Proc: 2.2 ms]
      [Ref Enq: 0.0 ms]
      [Redirty Cards: 0.3 ms]
      [Humongous Register: 0.0 ms]
      [Humongous Reclaim: 0.0 ms]
      [Free CSet: 0.0 ms]
   [Eden: 50176.0K(50176.0K)->0.0B(44032.0K) Survivors: 1024.0K->4096.0K Heap: 237.2M(267.0M)->191.1M(267.0M)]
 [Times: user=0.16 sys=0.00, real=0.01 secs] 
2020-12-17T18:21:15.506+0530: 370482.077: [GC concurrent-root-region-scan-start]
2020-12-17T18:21:15.507+0530: 370482.077: [GC concurrent-string-deduplication, 264.0B->264.0B(0.0B), avg 59.8%, 0.0000036 secs]
   [Last Exec: 0.0000036 secs, Idle: 302.0337554 secs, Blocked: 0/0.0000000 secs]
      [Inspected:               1]
         [Skipped:              0(  0.0%)]
         [Hashed:               1(100.0%)]
         [Known:                0(  0.0%)]
         [New:                  1(100.0%)    264.0B]
      [Deduplicated:            0(  0.0%)      0.0B(  0.0%)]
         [Young:                0(  0.0%)      0.0B(  0.0%)]
         [Old:                  0(  0.0%)      0.0B(  0.0%)]
   [Total Exec: 1482/0.8559795 secs, Idle: 1482/370480.7409065 secs, Blocked: 127/0.0900250 secs]
      [Inspected:         2894057]
         [Skipped:              0(  0.0%)]
         [Hashed:         1193056( 41.2%)]
         [Known:           183756(  6.3%)]
         [New:            2710301( 93.7%)    211.0M]
      [Deduplicated:      1898724( 70.1%)    126.2M( 59.8%)]
         [Young:           778986( 41.0%)  61283.6K( 47.4%)]
         [Old:            1119738( 59.0%)  67945.2K( 52.6%)]
   [Table]
      [Memory Usage: 8332.5K]
      [Size: 262144, Min: 1024, Max: 16777216]
      [Entries: 263907, Load: 100.7%, Cached: 4231, Added: 969531, Removed: 705624]
      [Resize Count: 8, Shrink Threshold: 174762(66.7%), Grow Threshold: 524288(200.0%)]
      [Rehash Count: 0, Rehash Threshold: 120, Hash Seed: 0x0]
      [Age Threshold: 3]
   [Queue]
      [Dropped: 0]
[GC concurrent-string-deduplication, deleted 0 entries, 0.0000006 secs]
2020-12-17T18:21:15.511+0530: 370482.081: [GC concurrent-root-region-scan-end, 0.0043570 secs]
2020-12-17T18:21:15.511+0530: 370482.081: [GC concurrent-mark-start]
2020-12-17T18:21:15.603+0530: 370482.174: [GC concurrent-mark-end, 0.0924862 secs]
2020-12-17T18:21:15.607+0530: 370482.178: [GC remark 2020-12-17T18:21:15.607+0530: 370482.178: [Finalize Marking, 0.0006704 secs] 2020-12-17T18:21:15.608+0530: 370482.178: [GC ref-proc, 0.0016499 secs] 2020-12-17T18:21:15.609+0530: 370482.180: [Unloading, 0.0269831 secs], 0.0301226 secs]
 [Times: user=0.17 sys=0.00, real=0.03 secs] 
2020-12-17T18:21:15.637+0530: 370482.208: [GC cleanup 208M->208M(267M), 0.0020229 secs]
 [Times: user=0.00 sys=0.00, real=0.00 secs] 
2020-12-17T18:26:18.141+0530: 370784.713: [GC pause (G1 Evacuation Pause) (young), 0.0084284 secs]
   [Parallel Time: 3.2 ms, GC Workers: 10]
      [GC Worker Start (ms): Min: 370784712.8, Avg: 370784713.0, Max: 370784713.1, Diff: 0.3]
      [Ext Root Scanning (ms): Min: 0.7, Avg: 1.0, Max: 2.3, Diff: 1.6, Sum: 10.5]
      [Update RS (ms): Min: 0.0, Avg: 1.1, Max: 1.7, Diff: 1.7, Sum: 11.5]
         [Processed Buffers: Min: 0, Avg: 5.4, Max: 14, Diff: 14, Sum: 54]
      [Scan RS (ms): Min: 0.0, Avg: 0.0, Max: 0.0, Diff: 0.0, Sum: 0.0]
      [Code Root Scanning (ms): Min: 0.0, Avg: 0.0, Max: 0.1, Diff: 0.1, Sum: 0.1]
      [Object Copy (ms): Min: 0.0, Avg: 0.3, Max: 0.4, Diff: 0.4, Sum: 2.7]
      [Termination (ms): Min: 0.0, Avg: 0.3, Max: 0.4, Diff: 0.4, Sum: 3.1]
         [Termination Attempts: Min: 1, Avg: 1.0, Max: 1, Diff: 0, Sum: 10]
      [GC Worker Other (ms): Min: 0.0, Avg: 0.0, Max: 0.0, Diff: 0.0, Sum: 0.2]
      [GC Worker Total (ms): Min: 2.7, Avg: 2.8, Max: 3.0, Diff: 0.3, Sum: 28.1]
      [GC Worker End (ms): Min: 370784715.8, Avg: 370784715.8, Max: 370784715.8, Diff: 0.0]
   [Code Root Fixup: 0.0 ms]
   [Code Root Purge: 0.0 ms]
   [String Dedup Fixup: 3.0 ms, GC Workers: 10]
      [Queue Fixup (ms): Min: 0.0, Avg: 0.0, Max: 0.0, Diff: 0.0, Sum: 0.0]
      [Table Fixup (ms): Min: 2.6, Avg: 2.7, Max: 2.7, Diff: 0.1, Sum: 26.7]
   [Clear CT: 0.5 ms]
   [Other: 1.6 ms]
      [Choose CSet: 0.0 ms]
      [Ref Proc: 0.8 ms]
      [Ref Enq: 0.0 ms]
      [Redirty Cards: 0.4 ms]
      [Humongous Register: 0.0 ms]
      [Humongous Reclaim: 0.0 ms]
      [Free CSet: 0.1 ms]
   [Eden: 44032.0K(44032.0K)->0.0B(12288.0K) Survivors: 4096.0K->1024.0K Heap: 234.1M(267.0M)->188.8M(267.0M)]
 [Times: user=0.00 sys=0.00, real=0.01 secs] 
2020-12-17T18:26:18.150+0530: 370784.721: [GC concurrent-string-deduplication, 264.0B->264.0B(0.0B), avg 59.8%, 0.0000078 secs]
   [Last Exec: 0.0000078 secs, Idle: 302.6443673 secs, Blocked: 0/0.0000000 secs]
      [Inspected:               1]
         [Skipped:              0(  0.0%)]
         [Hashed:               1(100.0%)]
         [Known:                0(  0.0%)]
         [New:                  1(100.0%)    264.0B]
      [Deduplicated:            0(  0.0%)      0.0B(  0.0%)]
         [Young:                0(  0.0%)      0.0B(  0.0%)]
         [Old:                  0(  0.0%)      0.0B(  0.0%)]
   [Total Exec: 1483/0.8559873 secs, Idle: 1483/370783.3852738 secs, Blocked: 127/0.0900250 secs]
      [Inspected:         2894058]
         [Skipped:              0(  0.0%)]
         [Hashed:         1193057( 41.2%)]
         [Known:           183756(  6.3%)]
         [New:            2710302( 93.7%)    211.0M]
      [Deduplicated:      1898724( 70.1%)    126.2M( 59.8%)]
         [Young:           778986( 41.0%)  61283.6K( 47.4%)]
         [Old:            1119738( 59.0%)  67945.2K( 52.6%)]
   [Table]
      [Memory Usage: 8332.5K]
      [Size: 262144, Min: 1024, Max: 16777216]
      [Entries: 263484, Load: 100.5%, Cached: 4654, Added: 969560, Removed: 706076]
      [Resize Count: 8, Shrink Threshold: 174762(66.7%), Grow Threshold: 524288(200.0%)]
      [Rehash Count: 0, Rehash Threshold: 120, Hash Seed: 0x0]
      [Age Threshold: 3]
   [Queue]
      [Dropped: 0]
[GC concurrent-string-deduplication, deleted 0 entries, 0.0000011 secs]
2020-12-17T18:26:18.193+0530: 370784.765: [GC pause (G1 Evacuation Pause) (mixed), 0.0098823 secs]
   [Parallel Time: 5.3 ms, GC Workers: 10]
      [GC Worker Start (ms): Min: 370784764.7, Avg: 370784764.8, Max: 370784764.9, Diff: 0.2]
      [Ext Root Scanning (ms): Min: 1.0, Avg: 1.4, Max: 2.2, Diff: 1.3, Sum: 13.9]
      [Update RS (ms): Min: 0.0, Avg: 0.2, Max: 0.5, Diff: 0.5, Sum: 2.1]
         [Processed Buffers: Min: 0, Avg: 1.0, Max: 2, Diff: 2, Sum: 10]
      [Scan RS (ms): Min: 0.2, Avg: 0.7, Max: 1.1, Diff: 0.9, Sum: 6.9]
      [Code Root Scanning (ms): Min: 0.0, Avg: 0.1, Max: 0.7, Diff: 0.7, Sum: 0.9]
      [Object Copy (ms): Min: 1.9, Avg: 2.7, Max: 2.9, Diff: 1.0, Sum: 26.7]
      [Termination (ms): Min: 0.0, Avg: 0.0, Max: 0.1, Diff: 0.1, Sum: 0.5]
         [Termination Attempts: Min: 1, Avg: 1.8, Max: 3, Diff: 2, Sum: 18]
      [GC Worker Other (ms): Min: 0.0, Avg: 0.0, Max: 0.0, Diff: 0.0, Sum: 0.1]
      [GC Worker Total (ms): Min: 5.1, Avg: 5.1, Max: 5.2, Diff: 0.2, Sum: 51.2]
      [GC Worker End (ms): Min: 370784769.9, Avg: 370784769.9, Max: 370784769.9, Diff: 0.0]
   [Code Root Fixup: 0.0 ms]
   [Code Root Purge: 0.0 ms]
   [String Dedup Fixup: 2.8 ms, GC Workers: 10]
      [Queue Fixup (ms): Min: 0.0, Avg: 0.0, Max: 0.0, Diff: 0.0, Sum: 0.0]
      [Table Fixup (ms): Min: 2.4, Avg: 2.5, Max: 2.6, Diff: 0.1, Sum: 24.9]
   [Clear CT: 0.7 ms]
   [Other: 1.0 ms]
      [Choose CSet: 0.0 ms]
      [Ref Proc: 0.3 ms]
      [Ref Enq: 0.0 ms]
      [Redirty Cards: 0.4 ms]
      [Humongous Register: 0.0 ms]
      [Humongous Reclaim: 0.0 ms]
      [Free CSet: 0.1 ms]
   [Eden: 12288.0K(12288.0K)->0.0B(50176.0K) Survivors: 1024.0K->1024.0K Heap: 200.8M(267.0M)->187.9M(267.0M)]
 [Times: user=0.00 sys=0.00, real=0.01 secs] 
2020-12-17T18:26:18.204+0530: 370784.775: [GC concurrent-string-deduplication, 6736.0B->4488.0B(2248.0B), avg 59.8%, 0.0000921 secs]
   [Last Exec: 0.0000921 secs, Idle: 0.0531800 secs, Blocked: 0/0.0000000 secs]
      [Inspected:             113]
         [Skipped:              0(  0.0%)]
         [Hashed:              97( 85.8%)]
         [Known:                5(  4.4%)]
         [New:                108( 95.6%)   6736.0B]
      [Deduplicated:           67( 62.0%)   2248.0B( 33.4%)]
         [Young:               67(100.0%)   2248.0B(100.0%)]
         [Old:                  0(  0.0%)      0.0B(  0.0%)]
   [Total Exec: 1484/0.8560794 secs, Idle: 1484/370783.4384538 secs, Blocked: 127/0.0900250 secs]
      [Inspected:         2894171]
         [Skipped:              0(  0.0%)]
         [Hashed:         1193154( 41.2%)]
         [Known:           183761(  6.3%)]
         [New:            2710410( 93.7%)    211.0M]
      [Deduplicated:      1898791( 70.1%)    126.2M( 59.8%)]
         [Young:           779053( 41.0%)  61285.8K( 47.4%)]
         [Old:            1119738( 59.0%)  67945.2K( 52.6%)]
   [Table]
      [Memory Usage: 8332.5K]
      [Size: 262144, Min: 1024, Max: 16777216]
      [Entries: 263523, Load: 100.5%, Cached: 4615, Added: 969601, Removed: 706078]
      [Resize Count: 8, Shrink Threshold: 174762(66.7%), Grow Threshold: 524288(200.0%)]
      [Rehash Count: 0, Rehash Threshold: 120, Hash Seed: 0x0]
      [Age Threshold: 3]
   [Queue]
      [Dropped: 0]
[GC concurrent-string-deduplication, deleted 0 entries, 0.0000013 secs]
2020-12-17T18:27:56.061+0530: 370882.632: [GC pause (G1 Humongous Allocation) (young) (initial-mark), 0.0195197 secs]
   [Parallel Time: 13.9 ms, GC Workers: 10]
      [GC Worker Start (ms): Min: 370882632.5, Avg: 370882632.6, Max: 370882632.6, Diff: 0.2]
      [Ext Root Scanning (ms): Min: 6.6, Avg: 6.8, Max: 7.3, Diff: 0.7, Sum: 68.3]
      [Update RS (ms): Min: 3.9, Avg: 5.0, Max: 5.8, Diff: 1.9, Sum: 50.2]
         [Processed Buffers: Min: 2, Avg: 6.4, Max: 14, Diff: 12, Sum: 64]
      [Scan RS (ms): Min: 0.0, Avg: 0.0, Max: 0.0, Diff: 0.0, Sum: 0.0]
      [Code Root Scanning (ms): Min: 0.0, Avg: 0.0, Max: 0.1, Diff: 0.1, Sum: 0.2]
      [Object Copy (ms): Min: 0.3, Avg: 1.0, Max: 1.9, Diff: 1.6, Sum: 9.9]
      [Termination (ms): Min: 0.3, Avg: 0.6, Max: 0.7, Diff: 0.4, Sum: 5.6]
         [Termination Attempts: Min: 1, Avg: 10.5, Max: 16, Diff: 15, Sum: 105]
      [GC Worker Other (ms): Min: 0.0, Avg: 0.0, Max: 0.3, Diff: 0.2, Sum: 0.5]
      [GC Worker Total (ms): Min: 13.4, Avg: 13.5, Max: 13.5, Diff: 0.2, Sum: 134.6]
      [GC Worker End (ms): Min: 370882646.0, Avg: 370882646.0, Max: 370882646.0, Diff: 0.0]
   [Code Root Fixup: 0.0 ms]
   [Code Root Purge: 0.0 ms]
   [String Dedup Fixup: 4.1 ms, GC Workers: 10]
      [Queue Fixup (ms): Min: 0.0, Avg: 0.0, Max: 0.0, Diff: 0.0, Sum: 0.0]
      [Table Fixup (ms): Min: 3.8, Avg: 3.9, Max: 4.0, Diff: 0.2, Sum: 38.7]
   [Clear CT: 0.1 ms]
   [Other: 1.4 ms]
      [Choose CSet: 0.0 ms]
      [Ref Proc: 0.3 ms]
      [Ref Enq: 0.0 ms]
      [Redirty Cards: 0.1 ms]
      [Humongous Register: 0.0 ms]
      [Humongous Reclaim: 0.0 ms]
      [Free CSet: 0.2 ms]
   [Eden: 24576.0K(50176.0K)->0.0B(47104.0K) Survivors: 1024.0K->2048.0K Heap: 211.0M(267.0M)->189.8M(267.0M)]
 [Times: user=0.26 sys=0.00, real=0.02 secs] 
2020-12-17T18:27:56.081+0530: 370882.652: [GC concurrent-root-region-scan-start]
2020-12-17T18:27:56.081+0530: 370882.652: [GC concurrent-string-deduplication, 392.0B->264.0B(128.0B), avg 59.8%, 0.0001571 secs]
   [Last Exec: 0.0001571 secs, Idle: 97.8771793 secs, Blocked: 0/0.0000000 secs]
      [Inspected:              32]
         [Skipped:              0(  0.0%)]
         [Hashed:               1(  3.1%)]
         [Known:               30( 93.8%)]
         [New:                  2(  6.3%)    392.0B]
      [Deduplicated:            1( 50.0%)    128.0B( 32.7%)]
         [Young:                1(100.0%)    128.0B(100.0%)]
         [Old:                  0(  0.0%)      0.0B(  0.0%)]
   [Total Exec: 1485/0.8562365 secs, Idle: 1485/370881.3156331 secs, Blocked: 127/0.0900250 secs]
      [Inspected:         2894203]
         [Skipped:              0(  0.0%)]
         [Hashed:         1193155( 41.2%)]
         [Known:           183791(  6.4%)]
         [New:            2710412( 93.6%)    211.0M]
      [Deduplicated:      1898792( 70.1%)    126.2M( 59.8%)]
         [Young:           779054( 41.0%)  61286.0K( 47.4%)]
         [Old:            1119738( 59.0%)  67945.2K( 52.6%)]
   [Table]
      [Memory Usage: 8332.5K]
      [Size: 262144, Min: 1024, Max: 16777216]
      [Entries: 263691, Load: 100.6%, Cached: 4447, Added: 969769, Removed: 706078]
      [Resize Count: 8, Shrink Threshold: 174762(66.7%), Grow Threshold: 524288(200.0%)]
      [Rehash Count: 0, Rehash Threshold: 120, Hash Seed: 0x0]
      [Age Threshold: 3]
   [Queue]
      [Dropped: 0]
[GC concurrent-string-deduplication, deleted 0 entries, 0.0000031 secs]
2020-12-17T18:27:56.089+0530: 370882.660: [GC concurrent-root-region-scan-end, 0.0082431 secs]
2020-12-17T18:27:56.089+0530: 370882.660: [GC concurrent-mark-start]
2020-12-17T18:27:56.342+0530: 370882.913: [GC concurrent-mark-end, 0.2524230 secs]
2020-12-17T18:27:56.345+0530: 370882.916: [GC remark 2020-12-17T18:27:56.345+0530: 370882.916: [Finalize Marking, 0.0004319 secs] 2020-12-17T18:27:56.345+0530: 370882.916: [GC ref-proc, 0.0027625 secs] 2020-12-17T18:27:56.348+0530: 370882.919: [Unloading, 0.0424322 secs], 0.0465749 secs]
 [Times: user=0.16 sys=0.00, real=0.05 secs] 
2020-12-17T18:27:56.393+0530: 370882.964: [GC cleanup 193M->193M(267M), 0.0061397 secs]
 [Times: user=0.00 sys=0.00, real=0.01 secs] 
2020-12-17T18:27:56.399+0530: 370882.970: [GC concurrent-cleanup-start]
2020-12-17T18:27:56.399+0530: 370882.970: [GC concurrent-cleanup-end, 0.0000321 secs]
2020-12-17T18:35:40.789+0530: 371347.360: [GC pause (G1 Evacuation Pause) (young), 0.0075247 secs]
   [Parallel Time: 2.9 ms, GC Workers: 10]
      [GC Worker Start (ms): Min: 371347360.1, Avg: 371347360.3, Max: 371347360.5, Diff: 0.4]
      [Ext Root Scanning (ms): Min: 0.5, Avg: 0.8, Max: 1.9, Diff: 1.4, Sum: 7.5]
      [Update RS (ms): Min: 0.8, Avg: 1.4, Max: 1.8, Diff: 1.0, Sum: 13.8]
         [Processed Buffers: Min: 2, Avg: 9.1, Max: 17, Diff: 15, Sum: 91]
      [Scan RS (ms): Min: 0.0, Avg: 0.0, Max: 0.0, Diff: 0.0, Sum: 0.0]
      [Code Root Scanning (ms): Min: 0.0, Avg: 0.0, Max: 0.1, Diff: 0.1, Sum: 0.1]
      [Object Copy (ms): Min: 0.0, Avg: 0.2, Max: 0.7, Diff: 0.7, Sum: 2.4]
      [Termination (ms): Min: 0.0, Avg: 0.2, Max: 0.2, Diff: 0.2, Sum: 1.8]
         [Termination Attempts: Min: 1, Avg: 1.0, Max: 1, Diff: 0, Sum: 10]
      [GC Worker Other (ms): Min: 0.0, Avg: 0.0, Max: 0.0, Diff: 0.0, Sum: 0.1]
      [GC Worker Total (ms): Min: 2.4, Avg: 2.6, Max: 2.8, Diff: 0.4, Sum: 25.7]
      [GC Worker End (ms): Min: 371347362.9, Avg: 371347362.9, Max: 371347362.9, Diff: 0.0]
   [Code Root Fixup: 0.0 ms]
   [Code Root Purge: 0.0 ms]
   [String Dedup Fixup: 2.4 ms, GC Workers: 10]
      [Queue Fixup (ms): Min: 0.0, Avg: 0.0, Max: 0.0, Diff: 0.0, Sum: 0.0]
      [Table Fixup (ms): Min: 1.8, Avg: 1.9, Max: 2.0, Diff: 0.2, Sum: 18.7]
   [Clear CT: 0.8 ms]
   [Other: 1.3 ms]
      [Choose CSet: 0.0 ms]
      [Ref Proc: 0.3 ms]
      [Ref Enq: 0.0 ms]
      [Redirty Cards: 0.8 ms]
      [Humongous Register: 0.0 ms]
      [Humongous Reclaim: 0.0 ms]
      [Free CSet: 0.1 ms]
   [Eden: 47104.0K(47104.0K)->0.0B(12288.0K) Survivors: 2048.0K->1024.0K Heap: 239.6M(267.0M)->189.7M(267.0M)]
 [Times: user=0.02 sys=0.00, real=0.01 secs] 
2020-12-17T18:36:18.935+0530: 371385.506: [GC pause (G1 Evacuation Pause) (mixed), 0.0078822 secs]
   [Parallel Time: 2.9 ms, GC Workers: 10]
      [GC Worker Start (ms): Min: 371385506.1, Avg: 371385506.2, Max: 371385506.3, Diff: 0.2]
      [Ext Root Scanning (ms): Min: 0.6, Avg: 0.8, Max: 1.5, Diff: 0.9, Sum: 7.8]
      [Update RS (ms): Min: 0.0, Avg: 0.5, Max: 0.9, Diff: 0.9, Sum: 5.4]
         [Processed Buffers: Min: 0, Avg: 3.5, Max: 10, Diff: 10, Sum: 35]
      [Scan RS (ms): Min: 0.0, Avg: 0.2, Max: 0.3, Diff: 0.2, Sum: 1.5]
      [Code Root Scanning (ms): Min: 0.0, Avg: 0.1, Max: 0.5, Diff: 0.5, Sum: 0.6]
      [Object Copy (ms): Min: 0.0, Avg: 0.4, Max: 1.2, Diff: 1.2, Sum: 4.2]
      [Termination (ms): Min: 0.0, Avg: 0.2, Max: 0.2, Diff: 0.2, Sum: 2.0]
         [Termination Attempts: Min: 1, Avg: 2.0, Max: 4, Diff: 3, Sum: 20]
      [GC Worker Other (ms): Min: 0.0, Avg: 0.0, Max: 0.0, Diff: 0.0, Sum: 0.1]
      [GC Worker Total (ms): Min: 2.1, Avg: 2.2, Max: 2.3, Diff: 0.2, Sum: 21.7]
      [GC Worker End (ms): Min: 371385508.4, Avg: 371385508.4, Max: 371385508.4, Diff: 0.0]
   [Code Root Fixup: 0.0 ms]
   [Code Root Purge: 0.0 ms]
   [String Dedup Fixup: 2.4 ms, GC Workers: 10]
      [Queue Fixup (ms): Min: 0.0, Avg: 0.0, Max: 0.0, Diff: 0.0, Sum: 0.0]
      [Table Fixup (ms): Min: 1.7, Avg: 1.8, Max: 1.9, Diff: 0.2, Sum: 18.2]
   [Clear CT: 0.8 ms]
   [Other: 1.8 ms]
      [Choose CSet: 0.0 ms]
      [Ref Proc: 0.9 ms]
      [Ref Enq: 0.0 ms]
      [Redirty Cards: 0.8 ms]
      [Humongous Register: 0.0 ms]
      [Humongous Reclaim: 0.0 ms]
      [Free CSet: 0.0 ms]
   [Eden: 12288.0K(12288.0K)->0.0B(50176.0K) Survivors: 1024.0K->1024.0K Heap: 201.7M(267.0M)->188.0M(267.0M)]
 [Times: user=0.14 sys=0.02, real=0.01 secs] 
2020-12-17T18:36:18.943+0530: 371385.514: [GC concurrent-string-deduplication, 5544.0B->3144.0B(2400.0B), avg 59.8%, 0.0000528 secs]
   [Last Exec: 0.0000528 secs, Idle: 502.8617348 secs, Blocked: 0/0.0000000 secs]
      [Inspected:             251]
         [Skipped:              0(  0.0%)]
         [Hashed:              16(  6.4%)]
         [Known:              191( 76.1%)]
         [New:                 60( 23.9%)   5544.0B]
      [Deduplicated:           33( 55.0%)   2400.0B( 43.3%)]
         [Young:               33(100.0%)   2400.0B(100.0%)]
         [Old:                  0(  0.0%)      0.0B(  0.0%)]
   [Total Exec: 1486/0.8562893 secs, Idle: 1486/371384.1773679 secs, Blocked: 127/0.0900250 secs]
      [Inspected:         2894454]
         [Skipped:              0(  0.0%)]
         [Hashed:         1193171( 41.2%)]
         [Known:           183982(  6.4%)]
         [New:            2710472( 93.6%)    211.0M]
      [Deduplicated:      1898825( 70.1%)    126.2M( 59.8%)]
         [Young:           779087( 41.0%)  61288.3K( 47.4%)]
         [Old:            1119738( 59.0%)  67945.2K( 52.6%)]
   [Table]
      [Memory Usage: 8332.5K]
      [Size: 262144, Min: 1024, Max: 16777216]
      [Entries: 263620, Load: 100.6%, Cached: 4518, Added: 969804, Removed: 706184]
      [Resize Count: 8, Shrink Threshold: 174762(66.7%), Grow Threshold: 524288(200.0%)]
      [Rehash Count: 0, Rehash Threshold: 120, Hash Seed: 0x0]
      [Age Threshold: 3]
   [Queue]
      [Dropped: 0]
[GC concurrent-string-deduplication, deleted 0 entries, 0.0000008 secs]
2020-12-17T18:41:19.188+0530: 371685.759: [GC pause (G1 Evacuation Pause) (young), 0.0081631 secs]
   [Parallel Time: 3.4 ms, GC Workers: 10]
      [GC Worker Start (ms): Min: 371685758.6, Avg: 371685758.8, Max: 371685758.9, Diff: 0.3]
      [Ext Root Scanning (ms): Min: 0.6, Avg: 0.7, Max: 1.3, Diff: 0.8, Sum: 7.2]
      [Update RS (ms): Min: 1.5, Avg: 1.6, Max: 1.9, Diff: 0.4, Sum: 16.4]
         [Processed Buffers: Min: 1, Avg: 6.1, Max: 19, Diff: 18, Sum: 61]
      [Scan RS (ms): Min: 0.0, Avg: 0.0, Max: 0.0, Diff: 0.0, Sum: 0.0]
      [Code Root Scanning (ms): Min: 0.0, Avg: 0.0, Max: 0.1, Diff: 0.1, Sum: 0.1]
      [Object Copy (ms): Min: 0.0, Avg: 0.3, Max: 0.4, Diff: 0.4, Sum: 2.6]
      [Termination (ms): Min: 0.0, Avg: 0.0, Max: 0.0, Diff: 0.0, Sum: 0.2]
         [Termination Attempts: Min: 1, Avg: 1.0, Max: 1, Diff: 0, Sum: 10]
      [GC Worker Other (ms): Min: 0.0, Avg: 0.0, Max: 0.0, Diff: 0.0, Sum: 0.2]
      [GC Worker Total (ms): Min: 2.6, Avg: 2.7, Max: 2.9, Diff: 0.3, Sum: 26.8]
      [GC Worker End (ms): Min: 371685761.5, Avg: 371685761.5, Max: 371685761.5, Diff: 0.0]
   [Code Root Fixup: 0.0 ms]
   [Code Root Purge: 0.0 ms]
   [String Dedup Fixup: 2.5 ms, GC Workers: 10]
      [Queue Fixup (ms): Min: 0.0, Avg: 0.0, Max: 0.0, Diff: 0.0, Sum: 0.0]
      [Table Fixup (ms): Min: 1.8, Avg: 1.9, Max: 2.1, Diff: 0.3, Sum: 19.3]
   [Clear CT: 0.7 ms]
   [Other: 1.5 ms]
      [Choose CSet: 0.0 ms]
      [Ref Proc: 0.6 ms]
      [Ref Enq: 0.0 ms]
      [Redirty Cards: 0.7 ms]
      [Humongous Register: 0.0 ms]
      [Humongous Reclaim: 0.0 ms]
      [Free CSet: 0.0 ms]
   [Eden: 50176.0K(50176.0K)->0.0B(50176.0K) Survivors: 1024.0K->1024.0K Heap: 237.0M(267.0M)->188.1M(267.0M)]
 [Times: user=0.00 sys=0.00, real=0.01 secs] 
2020-12-17T18:41:19.196+0530: 371685.767: [GC concurrent-string-deduplication, 696.0B->696.0B(0.0B), avg 59.8%, 0.0000088 secs]
   [Last Exec: 0.0000088 secs, Idle: 300.2526924 secs, Blocked: 0/0.0000000 secs]
      [Inspected:              12]
         [Skipped:              0(  0.0%)]
         [Hashed:               3( 25.0%)]
         [Known:                9( 75.0%)]
         [New:                  3( 25.0%)    696.0B]
      [Deduplicated:            0(  0.0%)      0.0B(  0.0%)]
         [Young:                0(  0.0%)      0.0B(  0.0%)]
         [Old:                  0(  0.0%)      0.0B(  0.0%)]
   [Total Exec: 1487/0.8562981 secs, Idle: 1487/371684.4300603 secs, Blocked: 127/0.0900250 secs]
      [Inspected:         2894466]
         [Skipped:              0(  0.0%)]
         [Hashed:         1193174( 41.2%)]
         [Known:           183991(  6.4%)]
         [New:            2710475( 93.6%)    211.0M]
      [Deduplicated:      1898825( 70.1%)    126.2M( 59.8%)]
         [Young:           779087( 41.0%)  61288.3K( 47.4%)]
         [Old:            1119738( 59.0%)  67945.2K( 52.6%)]
   [Table]
      [Memory Usage: 8332.5K]
      [Size: 262144, Min: 1024, Max: 16777216]
      [Entries: 263623, Load: 100.6%, Cached: 4515, Added: 969807, Removed: 706184]
      [Resize Count: 8, Shrink Threshold: 174762(66.7%), Grow Threshold: 524288(200.0%)]
      [Rehash Count: 0, Rehash Threshold: 120, Hash Seed: 0x0]
      [Age Threshold: 3]
   [Queue]
      [Dropped: 0]
[GC concurrent-string-deduplication, deleted 0 entries, 0.0000009 secs]
2020-12-17T18:46:19.492+0530: 371986.063: [GC pause (G1 Evacuation Pause) (young) (initial-mark), 0.0076449 secs]
   [Parallel Time: 2.8 ms, GC Workers: 10]
      [GC Worker Start (ms): Min: 371986063.4, Avg: 371986063.6, Max: 371986063.8, Diff: 0.4]
      [Ext Root Scanning (ms): Min: 1.4, Avg: 1.5, Max: 1.7, Diff: 0.3, Sum: 15.4]
      [Update RS (ms): Min: 0.4, Avg: 0.6, Max: 0.7, Diff: 0.3, Sum: 5.6]
         [Processed Buffers: Min: 1, Avg: 5.4, Max: 13, Diff: 12, Sum: 54]
      [Scan RS (ms): Min: 0.0, Avg: 0.0, Max: 0.0, Diff: 0.0, Sum: 0.0]
      [Code Root Scanning (ms): Min: 0.0, Avg: 0.0, Max: 0.1, Diff: 0.1, Sum: 0.1]
      [Object Copy (ms): Min: 0.1, Avg: 0.2, Max: 0.3, Diff: 0.3, Sum: 2.1]
      [Termination (ms): Min: 0.0, Avg: 0.1, Max: 0.1, Diff: 0.1, Sum: 1.1]
         [Termination Attempts: Min: 1, Avg: 7.8, Max: 14, Diff: 13, Sum: 78]
      [GC Worker Other (ms): Min: 0.0, Avg: 0.0, Max: 0.0, Diff: 0.0, Sum: 0.1]
      [GC Worker Total (ms): Min: 2.3, Avg: 2.4, Max: 2.7, Diff: 0.4, Sum: 24.4]
      [GC Worker End (ms): Min: 371986066.1, Avg: 371986066.1, Max: 371986066.1, Diff: 0.0]
   [Code Root Fixup: 0.0 ms]
   [Code Root Purge: 0.0 ms]
   [String Dedup Fixup: 2.4 ms, GC Workers: 10]
      [Queue Fixup (ms): Min: 0.0, Avg: 0.0, Max: 0.0, Diff: 0.0, Sum: 0.0]
      [Table Fixup (ms): Min: 1.7, Avg: 1.7, Max: 1.9, Diff: 0.2, Sum: 17.5]
   [Clear CT: 0.8 ms]
   [Other: 1.7 ms]
      [Choose CSet: 0.0 ms]
      [Ref Proc: 0.6 ms]
      [Ref Enq: 0.0 ms]
      [Redirty Cards: 0.8 ms]
      [Humongous Register: 0.0 ms]
      [Humongous Reclaim: 0.0 ms]
      [Free CSet: 0.1 ms]
   [Eden: 50176.0K(50176.0K)->0.0B(50176.0K) Survivors: 1024.0K->1024.0K Heap: 237.1M(267.0M)->188.0M(267.0M)]
 [Times: user=0.00 sys=0.00, real=0.01 secs] 
2020-12-17T18:46:19.500+0530: 371986.071: [GC concurrent-root-region-scan-start]
2020-12-17T18:46:19.502+0530: 371986.073: [GC concurrent-root-region-scan-end, 0.0019279 secs]
2020-12-17T18:46:19.502+0530: 371986.073: [GC concurrent-mark-start]
2020-12-17T18:46:19.584+0530: 371986.155: [GC concurrent-mark-end, 0.0824233 secs]
2020-12-17T18:46:19.585+0530: 371986.156: [GC remark 2020-12-17T18:46:19.585+0530: 371986.156: [Finalize Marking, 0.0006761 secs] 2020-12-17T18:46:19.586+0530: 371986.157: [GC ref-proc, 0.0005726 secs] 2020-12-17T18:46:19.586+0530: 371986.157: [Unloading, 0.0211015 secs], 0.0234181 secs]
 [Times: user=0.16 sys=0.00, real=0.02 secs] 
2020-12-17T18:46:19.609+0530: 371986.180: [GC cleanup 188M->188M(267M), 0.0036356 secs]
 [Times: user=0.00 sys=0.00, real=0.00 secs] 
2020-12-17T18:51:43.117+0530: 372309.687: [GC pause (G1 Evacuation Pause) (young), 0.0089025 secs]
   [Parallel Time: 3.6 ms, GC Workers: 10]
      [GC Worker Start (ms): Min: 372309687.6, Avg: 372309687.9, Max: 372309688.2, Diff: 0.6]
      [Ext Root Scanning (ms): Min: 1.1, Avg: 1.5, Max: 2.8, Diff: 1.7, Sum: 14.9]
      [Update RS (ms): Min: 0.0, Avg: 0.7, Max: 1.1, Diff: 1.1, Sum: 6.5]
         [Processed Buffers: Min: 0, Avg: 5.7, Max: 13, Diff: 13, Sum: 57]
      [Scan RS (ms): Min: 0.0, Avg: 0.0, Max: 0.0, Diff: 0.0, Sum: 0.1]
      [Code Root Scanning (ms): Min: 0.0, Avg: 0.0, Max: 0.0, Diff: 0.0, Sum: 0.0]
      [Object Copy (ms): Min: 0.0, Avg: 0.2, Max: 0.3, Diff: 0.3, Sum: 1.6]
      [Termination (ms): Min: 0.0, Avg: 0.2, Max: 0.3, Diff: 0.3, Sum: 2.4]
         [Termination Attempts: Min: 1, Avg: 1.0, Max: 1, Diff: 0, Sum: 10]
      [GC Worker Other (ms): Min: 0.0, Avg: 0.0, Max: 0.0, Diff: 0.0, Sum: 0.3]
      [GC Worker Total (ms): Min: 2.3, Avg: 2.6, Max: 3.0, Diff: 0.6, Sum: 25.9]
      [GC Worker End (ms): Min: 372309690.5, Avg: 372309690.5, Max: 372309690.5, Diff: 0.0]
   [Code Root Fixup: 0.0 ms]
   [Code Root Purge: 0.0 ms]
   [String Dedup Fixup: 2.5 ms, GC Workers: 10]
      [Queue Fixup (ms): Min: 0.0, Avg: 0.0, Max: 0.0, Diff: 0.0, Sum: 0.0]
      [Table Fixup (ms): Min: 1.7, Avg: 1.8, Max: 2.0, Diff: 0.2, Sum: 18.4]
   [Clear CT: 0.7 ms]
   [Other: 2.2 ms]
      [Choose CSet: 0.0 ms]
      [Ref Proc: 1.0 ms]
      [Ref Enq: 0.0 ms]
      [Redirty Cards: 0.7 ms]
      [Humongous Register: 0.1 ms]
      [Humongous Reclaim: 0.0 ms]
      [Free CSet: 0.0 ms]
   [Eden: 50176.0K(50176.0K)->0.0B(12288.0K) Survivors: 1024.0K->1024.0K Heap: 237.0M(267.0M)->188.1M(267.0M)]
 [Times: user=0.00 sys=0.00, real=0.01 secs] 
2020-12-17T18:51:43.125+0530: 372309.696: [GC concurrent-string-deduplication, 264.0B->264.0B(0.0B), avg 59.8%, 0.0000034 secs]
   [Last Exec: 0.0000034 secs, Idle: 623.9293466 secs, Blocked: 0/0.0000000 secs]
      [Inspected:               1]
         [Skipped:              0(  0.0%)]
         [Hashed:               1(100.0%)]
         [Known:                0(  0.0%)]
         [New:                  1(100.0%)    264.0B]
      [Deduplicated:            0(  0.0%)      0.0B(  0.0%)]
         [Young:                0(  0.0%)      0.0B(  0.0%)]
         [Old:                  0(  0.0%)      0.0B(  0.0%)]
   [Total Exec: 1488/0.8563015 secs, Idle: 1488/372308.3594069 secs, Blocked: 127/0.0900250 secs]
      [Inspected:         2894467]
         [Skipped:              0(  0.0%)]
         [Hashed:         1193175( 41.2%)]
         [Known:           183991(  6.4%)]
         [New:            2710476( 93.6%)    211.0M]
      [Deduplicated:      1898825( 70.1%)    126.2M( 59.8%)]
         [Young:           779087( 41.0%)  61288.3K( 47.4%)]
         [Old:            1119738( 59.0%)  67945.2K( 52.6%)]
   [Table]
      [Memory Usage: 8332.5K]
      [Size: 262144, Min: 1024, Max: 16777216]
      [Entries: 263531, Load: 100.5%, Cached: 4607, Added: 969834, Removed: 706303]
      [Resize Count: 8, Shrink Threshold: 174762(66.7%), Grow Threshold: 524288(200.0%)]
      [Rehash Count: 0, Rehash Threshold: 120, Hash Seed: 0x0]
      [Age Threshold: 3]
   [Queue]
      [Dropped: 0]
[GC concurrent-string-deduplication, deleted 0 entries, 0.0000009 secs]
2020-12-17T18:55:38.459+0530: 372545.030: [GC pause (G1 Evacuation Pause) (mixed), 0.0129358 secs]
   [Parallel Time: 7.3 ms, GC Workers: 10]
      [GC Worker Start (ms): Min: 372545030.2, Avg: 372545030.6, Max: 372545030.8, Diff: 0.6]
      [Ext Root Scanning (ms): Min: 1.7, Avg: 2.0, Max: 2.7, Diff: 1.0, Sum: 20.4]
      [Update RS (ms): Min: 1.5, Avg: 1.8, Max: 2.5, Diff: 0.9, Sum: 18.1]
         [Processed Buffers: Min: 2, Avg: 5.0, Max: 18, Diff: 16, Sum: 50]
      [Scan RS (ms): Min: 0.4, Avg: 1.1, Max: 1.4, Diff: 1.1, Sum: 10.9]
      [Code Root Scanning (ms): Min: 0.0, Avg: 0.0, Max: 0.1, Diff: 0.1, Sum: 0.1]
      [Object Copy (ms): Min: 0.7, Avg: 1.0, Max: 1.2, Diff: 0.5, Sum: 9.6]
      [Termination (ms): Min: 0.0, Avg: 0.2, Max: 0.3, Diff: 0.3, Sum: 2.4]
         [Termination Attempts: Min: 1, Avg: 1.6, Max: 2, Diff: 1, Sum: 16]
      [GC Worker Other (ms): Min: 0.0, Avg: 0.0, Max: 0.0, Diff: 0.0, Sum: 0.2]
      [GC Worker Total (ms): Min: 5.9, Avg: 6.2, Max: 6.5, Diff: 0.6, Sum: 61.7]
      [GC Worker End (ms): Min: 372545036.7, Avg: 372545036.7, Max: 372545036.8, Diff: 0.0]
   [Code Root Fixup: 0.0 ms]
   [Code Root Purge: 0.0 ms]
   [String Dedup Fixup: 2.7 ms, GC Workers: 10]
      [Queue Fixup (ms): Min: 0.0, Avg: 0.0, Max: 0.0, Diff: 0.0, Sum: 0.0]
      [Table Fixup (ms): Min: 1.9, Avg: 2.0, Max: 2.2, Diff: 0.3, Sum: 20.5]
   [Clear CT: 1.0 ms]
   [Other: 1.9 ms]
      [Choose CSet: 0.0 ms]
      [Ref Proc: 0.3 ms]
      [Ref Enq: 0.0 ms]
      [Redirty Cards: 0.7 ms]
      [Humongous Register: 0.0 ms]
      [Humongous Reclaim: 0.0 ms]
      [Free CSet: 0.4 ms]
   [Eden: 12288.0K(12288.0K)->0.0B(50176.0K) Survivors: 1024.0K->1024.0K Heap: 200.1M(267.0M)->187.4M(267.0M)]
 [Times: user=0.16 sys=0.00, real=0.01 secs] 
2020-12-17T18:55:38.472+0530: 372545.043: [GC concurrent-string-deduplication, 264.0B->264.0B(0.0B), avg 59.8%, 0.0000037 secs]
   [Last Exec: 0.0000037 secs, Idle: 235.3466638 secs, Blocked: 0/0.0000000 secs]
      [Inspected:               1]
         [Skipped:              0(  0.0%)]
         [Hashed:               1(100.0%)]
         [Known:                0(  0.0%)]
         [New:                  1(100.0%)    264.0B]
      [Deduplicated:            0(  0.0%)      0.0B(  0.0%)]
         [Young:                0(  0.0%)      0.0B(  0.0%)]
         [Old:                  0(  0.0%)      0.0B(  0.0%)]
   [Total Exec: 1489/0.8563052 secs, Idle: 1489/372543.7060707 secs, Blocked: 127/0.0900250 secs]
      [Inspected:         2894468]
         [Skipped:              0(  0.0%)]
         [Hashed:         1193176( 41.2%)]
         [Known:           183991(  6.4%)]
         [New:            2710477( 93.6%)    211.0M]
      [Deduplicated:      1898825( 70.1%)    126.2M( 59.8%)]
         [Young:           779087( 41.0%)  61288.3K( 47.4%)]
         [Old:            1119738( 59.0%)  67945.2K( 52.6%)]
   [Table]
      [Memory Usage: 8332.5K]
      [Size: 262144, Min: 1024, Max: 16777216]
      [Entries: 263533, Load: 100.5%, Cached: 4605, Added: 969836, Removed: 706303]
      [Resize Count: 8, Shrink Threshold: 174762(66.7%), Grow Threshold: 524288(200.0%)]
      [Rehash Count: 0, Rehash Threshold: 120, Hash Seed: 0x0]
      [Age Threshold: 3]
   [Queue]
      [Dropped: 0]
[GC concurrent-string-deduplication, deleted 0 entries, 0.0000007 secs]
2020-12-17T19:01:20.130+0530: 372886.701: [GC pause (G1 Evacuation Pause) (young), 0.0075728 secs]
   [Parallel Time: 2.8 ms, GC Workers: 10]
      [GC Worker Start (ms): Min: 372886701.5, Avg: 372886701.7, Max: 372886701.8, Diff: 0.3]
      [Ext Root Scanning (ms): Min: 0.6, Avg: 0.8, Max: 1.9, Diff: 1.3, Sum: 7.8]
      [Update RS (ms): Min: 0.5, Avg: 1.4, Max: 1.7, Diff: 1.2, Sum: 14.2]
         [Processed Buffers: Min: 2, Avg: 6.0, Max: 14, Diff: 12, Sum: 60]
      [Scan RS (ms): Min: 0.0, Avg: 0.0, Max: 0.0, Diff: 0.0, Sum: 0.0]
      [Code Root Scanning (ms): Min: 0.0, Avg: 0.0, Max: 0.0, Diff: 0.0, Sum: 0.0]
      [Object Copy (ms): Min: 0.1, Avg: 0.2, Max: 0.3, Diff: 0.2, Sum: 2.0]
      [Termination (ms): Min: 0.0, Avg: 0.1, Max: 0.2, Diff: 0.2, Sum: 1.2]
         [Termination Attempts: Min: 1, Avg: 1.0, Max: 1, Diff: 0, Sum: 10]
      [GC Worker Other (ms): Min: 0.0, Avg: 0.0, Max: 0.0, Diff: 0.0, Sum: 0.1]
      [GC Worker Total (ms): Min: 2.4, Avg: 2.5, Max: 2.7, Diff: 0.3, Sum: 25.4]
      [GC Worker End (ms): Min: 372886704.2, Avg: 372886704.2, Max: 372886704.2, Diff: 0.0]
   [Code Root Fixup: 0.0 ms]
   [Code Root Purge: 0.0 ms]
   [String Dedup Fixup: 2.5 ms, GC Workers: 10]
      [Queue Fixup (ms): Min: 0.0, Avg: 0.0, Max: 0.0, Diff: 0.0, Sum: 0.0]
      [Table Fixup (ms): Min: 1.7, Avg: 1.8, Max: 2.0, Diff: 0.2, Sum: 18.0]
   [Clear CT: 0.7 ms]
   [Other: 1.6 ms]
      [Choose CSet: 0.0 ms]
      [Ref Proc: 0.6 ms]
      [Ref Enq: 0.0 ms]
      [Redirty Cards: 0.8 ms]
      [Humongous Register: 0.0 ms]
      [Humongous Reclaim: 0.0 ms]
      [Free CSet: 0.0 ms]
   [Eden: 50176.0K(50176.0K)->0.0B(50176.0K) Survivors: 1024.0K->1024.0K Heap: 236.4M(267.0M)->187.7M(267.0M)]
 [Times: user=0.00 sys=0.00, real=0.01 secs] 
2020-12-17T19:01:20.138+0530: 372886.709: [GC concurrent-string-deduplication, 1416.0B->960.0B(456.0B), avg 59.8%, 0.0000204 secs]
   [Last Exec: 0.0000204 secs, Idle: 341.6661538 secs, Blocked: 0/0.0000000 secs]
      [Inspected:              45]
         [Skipped:              0(  0.0%)]
         [Hashed:              14( 31.1%)]
         [Known:               27( 60.0%)]
         [New:                 18( 40.0%)   1416.0B]
      [Deduplicated:           11( 61.1%)    456.0B( 32.2%)]
         [Young:               11(100.0%)    456.0B(100.0%)]
         [Old:                  0(  0.0%)      0.0B(  0.0%)]
   [Total Exec: 1490/0.8563256 secs, Idle: 1490/372885.3722245 secs, Blocked: 127/0.0900250 secs]
      [Inspected:         2894513]
         [Skipped:              0(  0.0%)]
         [Hashed:         1193190( 41.2%)]
         [Known:           184018(  6.4%)]
         [New:            2710495( 93.6%)    211.0M]
      [Deduplicated:      1898836( 70.1%)    126.2M( 59.8%)]
         [Young:           779098( 41.0%)  61288.8K( 47.4%)]
         [Old:            1119738( 59.0%)  67945.2K( 52.6%)]
   [Table]
      [Memory Usage: 8332.5K]
      [Size: 262144, Min: 1024, Max: 16777216]
      [Entries: 263540, Load: 100.5%, Cached: 4598, Added: 969843, Removed: 706303]
      [Resize Count: 8, Shrink Threshold: 174762(66.7%), Grow Threshold: 524288(200.0%)]
      [Rehash Count: 0, Rehash Threshold: 120, Hash Seed: 0x0]
      [Age Threshold: 3]
   [Queue]
      [Dropped: 0]
[GC concurrent-string-deduplication, deleted 0 entries, 0.0000009 secs]
2020-12-17T19:06:20.384+0530: 373186.955: [GC pause (G1 Evacuation Pause) (young) (initial-mark), 0.0079207 secs]
   [Parallel Time: 2.9 ms, GC Workers: 10]
      [GC Worker Start (ms): Min: 373186954.9, Avg: 373186955.0, Max: 373186955.2, Diff: 0.3]
      [Ext Root Scanning (ms): Min: 1.6, Avg: 1.8, Max: 2.1, Diff: 0.5, Sum: 18.2]
      [Update RS (ms): Min: 0.3, Avg: 0.5, Max: 0.7, Diff: 0.3, Sum: 4.7]
         [Processed Buffers: Min: 1, Avg: 5.1, Max: 14, Diff: 13, Sum: 51]
      [Scan RS (ms): Min: 0.0, Avg: 0.0, Max: 0.0, Diff: 0.0, Sum: 0.0]
      [Code Root Scanning (ms): Min: 0.0, Avg: 0.0, Max: 0.0, Diff: 0.0, Sum: 0.0]
      [Object Copy (ms): Min: 0.0, Avg: 0.2, Max: 0.3, Diff: 0.3, Sum: 2.2]
      [Termination (ms): Min: 0.0, Avg: 0.1, Max: 0.1, Diff: 0.1, Sum: 1.1]
         [Termination Attempts: Min: 1, Avg: 1.2, Max: 2, Diff: 1, Sum: 12]
      [GC Worker Other (ms): Min: 0.0, Avg: 0.0, Max: 0.0, Diff: 0.0, Sum: 0.1]
      [GC Worker Total (ms): Min: 2.5, Avg: 2.6, Max: 2.8, Diff: 0.3, Sum: 26.3]
      [GC Worker End (ms): Min: 373186957.7, Avg: 373186957.7, Max: 373186957.7, Diff: 0.0]
   [Code Root Fixup: 0.0 ms]
   [Code Root Purge: 0.0 ms]
   [String Dedup Fixup: 2.7 ms, GC Workers: 10]
      [Queue Fixup (ms): Min: 0.0, Avg: 0.0, Max: 0.0, Diff: 0.0, Sum: 0.0]
      [Table Fixup (ms): Min: 2.3, Avg: 2.5, Max: 2.6, Diff: 0.2, Sum: 24.5]
   [Clear CT: 1.1 ms]
   [Other: 1.2 ms]
      [Choose CSet: 0.0 ms]
      [Ref Proc: 0.3 ms]
      [Ref Enq: 0.0 ms]
      [Redirty Cards: 0.6 ms]
      [Humongous Register: 0.0 ms]
      [Humongous Reclaim: 0.0 ms]
      [Free CSet: 0.0 ms]
   [Eden: 50176.0K(50176.0K)->0.0B(50176.0K) Survivors: 1024.0K->1024.0K Heap: 236.7M(267.0M)->187.8M(267.0M)]
 [Times: user=0.02 sys=0.00, real=0.01 secs] 
2020-12-17T19:06:20.392+0530: 373186.963: [GC concurrent-string-deduplication, 264.0B->264.0B(0.0B), avg 59.8%, 0.0000056 secs]
   [Last Exec: 0.0000056 secs, Idle: 300.2536274 secs, Blocked: 0/0.0000000 secs]
      [Inspected:               2]
         [Skipped:              0(  0.0%)]
         [Hashed:               1( 50.0%)]
         [Known:                1( 50.0%)]
         [New:                  1( 50.0%)    264.0B]
      [Deduplicated:            0(  0.0%)      0.0B(  0.0%)]
         [Young:                0(  0.0%)      0.0B(  0.0%)]
         [Old:                  0(  0.0%)      0.0B(  0.0%)]
   [Total Exec: 1491/0.8563312 secs, Idle: 1491/373185.6258519 secs, Blocked: 127/0.0900250 secs]
      [Inspected:         2894515]
         [Skipped:              0(  0.0%)]
         [Hashed:         1193191( 41.2%)]
         [Known:           184019(  6.4%)]
         [New:            2710496( 93.6%)    211.0M]
      [Deduplicated:      1898836( 70.1%)    126.2M( 59.8%)]
         [Young:           779098( 41.0%)  61288.8K( 47.4%)]
         [Old:            1119738( 59.0%)  67945.2K( 52.6%)]
   [Table]
      [Memory Usage: 8332.5K]
      [Size: 262144, Min: 1024, Max: 16777216]
      [Entries: 263541, Load: 100.5%, Cached: 4597, Added: 969844, Removed: 706303]
      [Resize Count: 8, Shrink Threshold: 174762(66.7%), Grow Threshold: 524288(200.0%)]
      [Rehash Count: 0, Rehash Threshold: 120, Hash Seed: 0x0]
      [Age Threshold: 3]
   [Queue]
      [Dropped: 0]
[GC concurrent-string-deduplication, deleted 0 entries, 0.0000009 secs]
2020-12-17T19:06:20.392+0530: 373186.963: [GC concurrent-root-region-scan-start]
2020-12-17T19:06:20.394+0530: 373186.965: [GC concurrent-root-region-scan-end, 0.0018787 secs]
2020-12-17T19:06:20.394+0530: 373186.965: [GC concurrent-mark-start]
2020-12-17T19:06:20.501+0530: 373187.071: [GC concurrent-mark-end, 0.1064714 secs]
2020-12-17T19:06:20.501+0530: 373187.072: [GC remark 2020-12-17T19:06:20.501+0530: 373187.072: [Finalize Marking, 0.0004973 secs] 2020-12-17T19:06:20.502+0530: 373187.072: [GC ref-proc, 0.0011583 secs] 2020-12-17T19:06:20.503+0530: 373187.074: [Unloading, 0.0265725 secs], 0.0288618 secs]
 [Times: user=0.16 sys=0.00, real=0.03 secs] 
2020-12-17T19:06:20.531+0530: 373187.101: [GC cleanup 198M->198M(267M), 0.0016223 secs]
 [Times: user=0.16 sys=0.00, real=0.00 secs] 
2020-12-17T19:11:20.714+0530: 373487.285: [GC pause (G1 Evacuation Pause) (young), 0.0070521 secs]
   [Parallel Time: 2.4 ms, GC Workers: 10]
      [GC Worker Start (ms): Min: 373487285.4, Avg: 373487285.6, Max: 373487285.6, Diff: 0.2]
      [Ext Root Scanning (ms): Min: 0.7, Avg: 0.9, Max: 2.0, Diff: 1.3, Sum: 8.8]
      [Update RS (ms): Min: 0.0, Avg: 0.6, Max: 0.9, Diff: 0.9, Sum: 5.6]
         [Processed Buffers: Min: 0, Avg: 5.5, Max: 15, Diff: 15, Sum: 55]
      [Scan RS (ms): Min: 0.0, Avg: 0.0, Max: 0.0, Diff: 0.0, Sum: 0.0]
      [Code Root Scanning (ms): Min: 0.0, Avg: 0.0, Max: 0.0, Diff: 0.0, Sum: 0.0]
      [Object Copy (ms): Min: 0.0, Avg: 0.2, Max: 0.3, Diff: 0.3, Sum: 1.8]
      [Termination (ms): Min: 0.0, Avg: 0.2, Max: 0.3, Diff: 0.3, Sum: 2.2]
         [Termination Attempts: Min: 1, Avg: 1.0, Max: 1, Diff: 0, Sum: 10]
      [GC Worker Other (ms): Min: 0.0, Avg: 0.0, Max: 0.0, Diff: 0.0, Sum: 0.1]
      [GC Worker Total (ms): Min: 1.8, Avg: 1.9, Max: 2.0, Diff: 0.2, Sum: 18.5]
      [GC Worker End (ms): Min: 373487287.4, Avg: 373487287.4, Max: 373487287.4, Diff: 0.0]
   [Code Root Fixup: 0.0 ms]
   [Code Root Purge: 0.0 ms]
   [String Dedup Fixup: 2.5 ms, GC Workers: 10]
      [Queue Fixup (ms): Min: 0.0, Avg: 0.0, Max: 0.0, Diff: 0.0, Sum: 0.0]
      [Table Fixup (ms): Min: 2.1, Avg: 2.2, Max: 2.3, Diff: 0.2, Sum: 21.8]
   [Clear CT: 0.7 ms]
   [Other: 1.4 ms]
      [Choose CSet: 0.0 ms]
      [Ref Proc: 0.4 ms]
      [Ref Enq: 0.0 ms]
      [Redirty Cards: 0.8 ms]
      [Humongous Register: 0.0 ms]
      [Humongous Reclaim: 0.0 ms]
      [Free CSet: 0.0 ms]
   [Eden: 50176.0K(50176.0K)->0.0B(12288.0K) Survivors: 1024.0K->1024.0K Heap: 236.8M(267.0M)->187.7M(267.0M)]
 [Times: user=0.16 sys=0.00, real=0.01 secs] 
2020-12-17T19:11:20.721+0530: 373487.293: [GC concurrent-string-deduplication, 264.0B->264.0B(0.0B), avg 59.8%, 0.0000040 secs]
   [Last Exec: 0.0000040 secs, Idle: 300.3296736 secs, Blocked: 0/0.0000000 secs]
      [Inspected:               1]
         [Skipped:              0(  0.0%)]
         [Hashed:               1(100.0%)]
         [Known:                0(  0.0%)]
         [New:                  1(100.0%)    264.0B]
      [Deduplicated:            0(  0.0%)      0.0B(  0.0%)]
         [Young:                0(  0.0%)      0.0B(  0.0%)]
         [Old:                  0(  0.0%)      0.0B(  0.0%)]
   [Total Exec: 1492/0.8563352 secs, Idle: 1492/373485.9555255 secs, Blocked: 127/0.0900250 secs]
      [Inspected:         2894516]
         [Skipped:              0(  0.0%)]
         [Hashed:         1193192( 41.2%)]
         [Known:           184019(  6.4%)]
         [New:            2710497( 93.6%)    211.0M]
      [Deduplicated:      1898836( 70.1%)    126.2M( 59.8%)]
         [Young:           779098( 41.0%)  61288.8K( 47.4%)]
         [Old:            1119738( 59.0%)  67945.2K( 52.6%)]
   [Table]
      [Memory Usage: 8332.5K]
      [Size: 262144, Min: 1024, Max: 16777216]
      [Entries: 263433, Load: 100.5%, Cached: 4705, Added: 969859, Removed: 706426]
      [Resize Count: 8, Shrink Threshold: 174762(66.7%), Grow Threshold: 524288(200.0%)]
      [Rehash Count: 0, Rehash Threshold: 120, Hash Seed: 0x0]
      [Age Threshold: 3]
   [Queue]
      [Dropped: 0]
[GC concurrent-string-deduplication, deleted 0 entries, 0.0000009 secs]
2020-12-17T19:13:46.505+0530: 373633.076: [GC pause (G1 Evacuation Pause) (mixed), 0.0106723 secs]
   [Parallel Time: 4.5 ms, GC Workers: 10]
      [GC Worker Start (ms): Min: 373633076.3, Avg: 373633076.5, Max: 373633076.7, Diff: 0.4]
      [Ext Root Scanning (ms): Min: 0.8, Avg: 1.0, Max: 1.7, Diff: 0.9, Sum: 10.4]
      [Update RS (ms): Min: 0.4, Avg: 0.7, Max: 1.1, Diff: 0.6, Sum: 7.0]
         [Processed Buffers: Min: 1, Avg: 4.1, Max: 9, Diff: 8, Sum: 41]
      [Scan RS (ms): Min: 0.2, Avg: 0.5, Max: 1.4, Diff: 1.1, Sum: 5.3]
      [Code Root Scanning (ms): Min: 0.0, Avg: 0.1, Max: 1.3, Diff: 1.3, Sum: 1.3]
      [Object Copy (ms): Min: 0.0, Avg: 0.5, Max: 0.7, Diff: 0.7, Sum: 4.9]
      [Termination (ms): Min: 0.0, Avg: 0.8, Max: 0.9, Diff: 0.9, Sum: 7.5]
         [Termination Attempts: Min: 1, Avg: 15.1, Max: 33, Diff: 32, Sum: 151]
      [GC Worker Other (ms): Min: 0.0, Avg: 0.0, Max: 0.1, Diff: 0.1, Sum: 0.4]
      [GC Worker Total (ms): Min: 3.5, Avg: 3.7, Max: 3.9, Diff: 0.4, Sum: 36.8]
      [GC Worker End (ms): Min: 373633080.2, Avg: 373633080.2, Max: 373633080.2, Diff: 0.1]
   [Code Root Fixup: 0.1 ms]
   [Code Root Purge: 0.0 ms]
   [String Dedup Fixup: 3.5 ms, GC Workers: 10]
      [Queue Fixup (ms): Min: 0.0, Avg: 0.0, Max: 0.0, Diff: 0.0, Sum: 0.0]
      [Table Fixup (ms): Min: 2.9, Avg: 3.0, Max: 3.1, Diff: 0.2, Sum: 29.6]
   [Clear CT: 0.9 ms]
   [Other: 1.7 ms]
      [Choose CSet: 0.0 ms]
      [Ref Proc: 0.4 ms]
      [Ref Enq: 0.0 ms]
      [Redirty Cards: 0.9 ms]
      [Humongous Register: 0.0 ms]
      [Humongous Reclaim: 0.0 ms]
      [Free CSet: 0.1 ms]
   [Eden: 12288.0K(12288.0K)->0.0B(50176.0K) Survivors: 1024.0K->1024.0K Heap: 199.7M(267.0M)->187.2M(267.0M)]
 [Times: user=0.00 sys=0.00, real=0.01 secs] 
2020-12-17T19:13:46.516+0530: 373633.087: [GC concurrent-string-deduplication, 264.0B->264.0B(0.0B), avg 59.8%, 0.0000045 secs]
   [Last Exec: 0.0000045 secs, Idle: 145.7944005 secs, Blocked: 0/0.0000000 secs]
      [Inspected:               1]
         [Skipped:              0(  0.0%)]
         [Hashed:               1(100.0%)]
         [Known:                0(  0.0%)]
         [New:                  1(100.0%)    264.0B]
      [Deduplicated:            0(  0.0%)      0.0B(  0.0%)]
         [Young:                0(  0.0%)      0.0B(  0.0%)]
         [Old:                  0(  0.0%)      0.0B(  0.0%)]
   [Total Exec: 1493/0.8563397 secs, Idle: 1493/373631.7499260 secs, Blocked: 127/0.0900250 secs]
      [Inspected:         2894517]
         [Skipped:              0(  0.0%)]
         [Hashed:         1193193( 41.2%)]
         [Known:           184019(  6.4%)]
         [New:            2710498( 93.6%)    211.0M]
      [Deduplicated:      1898836( 70.1%)    126.2M( 59.8%)]
         [Young:           779098( 41.0%)  61288.8K( 47.4%)]
         [Old:            1119738( 59.0%)  67945.2K( 52.6%)]
   [Table]
      [Memory Usage: 8332.5K]
      [Size: 262144, Min: 1024, Max: 16777216]
      [Entries: 263429, Load: 100.5%, Cached: 4709, Added: 969860, Removed: 706431]
      [Resize Count: 8, Shrink Threshold: 174762(66.7%), Grow Threshold: 524288(200.0%)]
      [Rehash Count: 0, Rehash Threshold: 120, Hash Seed: 0x0]
      [Age Threshold: 3]
   [Queue]
      [Dropped: 0]
[GC concurrent-string-deduplication, deleted 0 entries, 0.0000008 secs]
2020-12-17T19:18:12.047+0530: 373898.619: [GC pause (G1 Evacuation Pause) (young), 0.0136578 secs]
   [Parallel Time: 3.6 ms, GC Workers: 10]
      [GC Worker Start (ms): Min: 373898618.6, Avg: 373898618.8, Max: 373898618.9, Diff: 0.2]
      [Ext Root Scanning (ms): Min: 0.6, Avg: 0.8, Max: 1.8, Diff: 1.2, Sum: 8.4]
      [Update RS (ms): Min: 0.5, Avg: 1.1, Max: 1.3, Diff: 0.8, Sum: 10.5]
         [Processed Buffers: Min: 2, Avg: 6.6, Max: 19, Diff: 17, Sum: 66]
      [Scan RS (ms): Min: 0.0, Avg: 0.0, Max: 0.0, Diff: 0.0, Sum: 0.0]
      [Code Root Scanning (ms): Min: 0.0, Avg: 0.0, Max: 0.0, Diff: 0.0, Sum: 0.0]
      [Object Copy (ms): Min: 0.0, Avg: 0.3, Max: 0.9, Diff: 0.9, Sum: 2.6]
      [Termination (ms): Min: 0.0, Avg: 0.6, Max: 0.7, Diff: 0.7, Sum: 6.4]
         [Termination Attempts: Min: 1, Avg: 1.2, Max: 2, Diff: 1, Sum: 12]
      [GC Worker Other (ms): Min: 0.0, Avg: 0.0, Max: 0.0, Diff: 0.0, Sum: 0.1]
      [GC Worker Total (ms): Min: 2.7, Avg: 2.8, Max: 2.9, Diff: 0.2, Sum: 28.1]
      [GC Worker End (ms): Min: 373898621.6, Avg: 373898621.6, Max: 373898621.6, Diff: 0.0]
   [Code Root Fixup: 0.0 ms]
   [Code Root Purge: 0.0 ms]
   [String Dedup Fixup: 2.6 ms, GC Workers: 10]
      [Queue Fixup (ms): Min: 0.0, Avg: 0.0, Max: 0.0, Diff: 0.0, Sum: 0.0]
      [Table Fixup (ms): Min: 1.9, Avg: 2.0, Max: 2.2, Diff: 0.3, Sum: 19.8]
   [Clear CT: 0.8 ms]
   [Other: 6.6 ms]
      [Choose CSet: 0.0 ms]
      [Ref Proc: 5.7 ms]
      [Ref Enq: 0.0 ms]
      [Redirty Cards: 0.7 ms]
      [Humongous Register: 0.0 ms]
      [Humongous Reclaim: 0.0 ms]
      [Free CSet: 0.0 ms]
   [Eden: 50176.0K(50176.0K)->0.0B(46080.0K) Survivors: 1024.0K->3072.0K Heap: 236.2M(267.0M)->190.0M(267.0M)]
 [Times: user=0.00 sys=0.00, real=0.01 secs] 
2020-12-17T19:18:12.061+0530: 373898.632: [GC concurrent-string-deduplication, 264.0B->264.0B(0.0B), avg 59.8%, 0.0000124 secs]
   [Last Exec: 0.0000124 secs, Idle: 265.5453546 secs, Blocked: 0/0.0000000 secs]
      [Inspected:              15]
         [Skipped:              0(  0.0%)]
         [Hashed:               1(  6.7%)]
         [Known:               14( 93.3%)]
         [New:                  1(  6.7%)    264.0B]
      [Deduplicated:            0(  0.0%)      0.0B(  0.0%)]
         [Young:                0(  0.0%)      0.0B(  0.0%)]
         [Old:                  0(  0.0%)      0.0B(  0.0%)]
   [Total Exec: 1494/0.8563521 secs, Idle: 1494/373897.2952806 secs, Blocked: 127/0.0900250 secs]
      [Inspected:         2894532]
         [Skipped:              0(  0.0%)]
         [Hashed:         1193194( 41.2%)]
         [Known:           184033(  6.4%)]
         [New:            2710499( 93.6%)    211.0M]
      [Deduplicated:      1898836( 70.1%)    126.2M( 59.8%)]
         [Young:           779098( 41.0%)  61288.8K( 47.4%)]
         [Old:            1119738( 59.0%)  67945.2K( 52.6%)]
   [Table]
      [Memory Usage: 8332.5K]
      [Size: 262144, Min: 1024, Max: 16777216]
      [Entries: 263425, Load: 100.5%, Cached: 4713, Added: 969866, Removed: 706441]
      [Resize Count: 8, Shrink Threshold: 174762(66.7%), Grow Threshold: 524288(200.0%)]
      [Rehash Count: 0, Rehash Threshold: 120, Hash Seed: 0x0]
      [Age Threshold: 3]
   [Queue]
      [Dropped: 0]
[GC concurrent-string-deduplication, deleted 0 entries, 0.0000010 secs]
2020-12-17T19:22:08.011+0530: 374134.582: [GC pause (G1 Evacuation Pause) (young) (initial-mark), 0.0094735 secs]
   [Parallel Time: 4.3 ms, GC Workers: 10]
      [GC Worker Start (ms): Min: 374134582.6, Avg: 374134582.9, Max: 374134583.1, Diff: 0.5]
      [Ext Root Scanning (ms): Min: 1.9, Avg: 2.2, Max: 2.5, Diff: 0.6, Sum: 21.6]
      [Update RS (ms): Min: 0.4, Avg: 0.6, Max: 1.0, Diff: 0.6, Sum: 6.2]
         [Processed Buffers: Min: 1, Avg: 5.0, Max: 9, Diff: 8, Sum: 50]
      [Scan RS (ms): Min: 0.0, Avg: 0.0, Max: 0.0, Diff: 0.0, Sum: 0.0]
      [Code Root Scanning (ms): Min: 0.0, Avg: 0.0, Max: 0.0, Diff: 0.0, Sum: 0.0]
      [Object Copy (ms): Min: 0.0, Avg: 0.3, Max: 0.5, Diff: 0.5, Sum: 2.5]
      [Termination (ms): Min: 0.0, Avg: 0.3, Max: 0.4, Diff: 0.4, Sum: 3.0]
         [Termination Attempts: Min: 1, Avg: 1.2, Max: 2, Diff: 1, Sum: 12]
      [GC Worker Other (ms): Min: 0.0, Avg: 0.0, Max: 0.1, Diff: 0.0, Sum: 0.3]
      [GC Worker Total (ms): Min: 3.1, Avg: 3.4, Max: 3.6, Diff: 0.5, Sum: 33.7]
      [GC Worker End (ms): Min: 374134586.2, Avg: 374134586.2, Max: 374134586.3, Diff: 0.0]
   [Code Root Fixup: 0.0 ms]
   [Code Root Purge: 0.0 ms]
   [String Dedup Fixup: 2.6 ms, GC Workers: 10]
      [Queue Fixup (ms): Min: 0.0, Avg: 0.0, Max: 0.0, Diff: 0.0, Sum: 0.0]
      [Table Fixup (ms): Min: 1.8, Avg: 1.9, Max: 2.1, Diff: 0.3, Sum: 19.3]
   [Clear CT: 0.8 ms]
   [Other: 1.8 ms]
      [Choose CSet: 0.0 ms]
      [Ref Proc: 0.7 ms]
      [Ref Enq: 0.0 ms]
      [Redirty Cards: 0.7 ms]
      [Humongous Register: 0.0 ms]
      [Humongous Reclaim: 0.0 ms]
      [Free CSet: 0.0 ms]
   [Eden: 46080.0K(46080.0K)->0.0B(50176.0K) Survivors: 3072.0K->1024.0K Heap: 235.0M(267.0M)->187.6M(267.0M)]
 [Times: user=0.16 sys=0.00, real=0.01 secs] 
2020-12-17T19:22:08.021+0530: 374134.592: [GC concurrent-root-region-scan-start]
2020-12-17T19:22:08.022+0530: 374134.593: [GC concurrent-root-region-scan-end, 0.0015959 secs]
2020-12-17T19:22:08.022+0530: 374134.593: [GC concurrent-mark-start]
2020-12-17T19:22:08.102+0530: 374134.673: [GC concurrent-mark-end, 0.0797836 secs]
2020-12-17T19:22:08.103+0530: 374134.674: [GC remark 2020-12-17T19:22:08.103+0530: 374134.674: [Finalize Marking, 0.0005849 secs] 2020-12-17T19:22:08.103+0530: 374134.674: [GC ref-proc, 0.0004902 secs] 2020-12-17T19:22:08.104+0530: 374134.675: [Unloading, 0.0209894 secs], 0.0231926 secs]
 [Times: user=0.30 sys=0.01, real=0.02 secs] 
2020-12-17T19:22:08.126+0530: 374134.697: [GC cleanup 188M->188M(267M), 0.0039780 secs]
 [Times: user=0.00 sys=0.00, real=0.00 secs] 
2020-12-17T19:31:02.502+0530: 374669.073: [GC pause (G1 Evacuation Pause) (young), 0.0115023 secs]
   [Parallel Time: 6.3 ms, GC Workers: 10]
      [GC Worker Start (ms): Min: 374669073.3, Avg: 374669074.0, Max: 374669074.5, Diff: 1.2]
      [Ext Root Scanning (ms): Min: 1.4, Avg: 2.5, Max: 5.4, Diff: 3.9, Sum: 24.8]
      [Update RS (ms): Min: 0.7, Avg: 2.0, Max: 2.4, Diff: 1.7, Sum: 20.0]
         [Processed Buffers: Min: 1, Avg: 5.7, Max: 14, Diff: 13, Sum: 57]
      [Scan RS (ms): Min: 0.0, Avg: 0.0, Max: 0.0, Diff: 0.0, Sum: 0.1]
      [Code Root Scanning (ms): Min: 0.0, Avg: 0.0, Max: 0.1, Diff: 0.1, Sum: 0.1]
      [Object Copy (ms): Min: 0.0, Avg: 0.7, Max: 1.2, Diff: 1.2, Sum: 7.0]
      [Termination (ms): Min: 0.0, Avg: 0.2, Max: 0.3, Diff: 0.3, Sum: 2.2]
         [Termination Attempts: Min: 1, Avg: 1.0, Max: 1, Diff: 0, Sum: 10]
      [GC Worker Other (ms): Min: 0.0, Avg: 0.0, Max: 0.0, Diff: 0.0, Sum: 0.3]
      [GC Worker Total (ms): Min: 5.0, Avg: 5.5, Max: 6.1, Diff: 1.2, Sum: 54.5]
      [GC Worker End (ms): Min: 374669079.4, Avg: 374669079.4, Max: 374669079.5, Diff: 0.0]
   [Code Root Fixup: 0.0 ms]
   [Code Root Purge: 0.0 ms]
   [String Dedup Fixup: 2.7 ms, GC Workers: 10]
      [Queue Fixup (ms): Min: 0.0, Avg: 0.0, Max: 0.0, Diff: 0.0, Sum: 0.0]
      [Table Fixup (ms): Min: 1.9, Avg: 2.0, Max: 2.1, Diff: 0.2, Sum: 20.1]
   [Clear CT: 0.8 ms]
   [Other: 1.7 ms]
      [Choose CSet: 0.0 ms]
      [Ref Proc: 0.3 ms]
      [Ref Enq: 0.0 ms]
      [Redirty Cards: 0.8 ms]
      [Humongous Register: 0.2 ms]
      [Humongous Reclaim: 0.0 ms]
      [Free CSet: 0.1 ms]
   [Eden: 50176.0K(50176.0K)->0.0B(12288.0K) Survivors: 1024.0K->1024.0K Heap: 236.6M(267.0M)->187.6M(267.0M)]
 [Times: user=0.00 sys=0.00, real=0.01 secs] 
2020-12-17T19:31:02.514+0530: 374669.084: [GC concurrent-string-deduplication, 6248.0B->4152.0B(2096.0B), avg 59.8%, 0.0000277 secs]
   [Last Exec: 0.0000277 secs, Idle: 770.4519700 secs, Blocked: 0/0.0000000 secs]
      [Inspected:             109]
         [Skipped:              0(  0.0%)]
         [Hashed:              95( 87.2%)]
         [Known:                5(  4.6%)]
         [New:                104( 95.4%)   6248.0B]
      [Deduplicated:           65( 62.5%)   2096.0B( 33.5%)]
         [Young:               65(100.0%)   2096.0B(100.0%)]
         [Old:                  0(  0.0%)      0.0B(  0.0%)]
   [Total Exec: 1495/0.8563798 secs, Idle: 1495/374667.7472506 secs, Blocked: 127/0.0900250 secs]
      [Inspected:         2894641]
         [Skipped:              0(  0.0%)]
         [Hashed:         1193289( 41.2%)]
         [Known:           184038(  6.4%)]
         [New:            2710603( 93.6%)    211.0M]
      [Deduplicated:      1898901( 70.1%)    126.2M( 59.8%)]
         [Young:           779163( 41.0%)  61290.8K( 47.4%)]
         [Old:            1119738( 59.0%)  67945.2K( 52.6%)]
   [Table]
      [Memory Usage: 8332.5K]
      [Size: 262144, Min: 1024, Max: 16777216]
      [Entries: 263448, Load: 100.5%, Cached: 4690, Added: 969929, Removed: 706481]
      [Resize Count: 8, Shrink Threshold: 174762(66.7%), Grow Threshold: 524288(200.0%)]
      [Rehash Count: 0, Rehash Threshold: 120, Hash Seed: 0x0]
      [Age Threshold: 3]
   [Queue]
      [Dropped: 0]
[GC concurrent-string-deduplication, deleted 0 entries, 0.0000009 secs]
2020-12-17T19:31:21.644+0530: 374688.215: [GC pause (G1 Evacuation Pause) (mixed), 0.0080214 secs]
   [Parallel Time: 3.4 ms, GC Workers: 10]
      [GC Worker Start (ms): Min: 374688214.8, Avg: 374688214.9, Max: 374688215.0, Diff: 0.3]
      [Ext Root Scanning (ms): Min: 0.6, Avg: 0.8, Max: 1.5, Diff: 0.9, Sum: 7.6]
      [Update RS (ms): Min: 0.0, Avg: 0.4, Max: 0.8, Diff: 0.8, Sum: 4.3]
         [Processed Buffers: Min: 0, Avg: 3.1, Max: 9, Diff: 9, Sum: 31]
      [Scan RS (ms): Min: 0.2, Avg: 0.5, Max: 0.7, Diff: 0.5, Sum: 4.8]
      [Code Root Scanning (ms): Min: 0.0, Avg: 0.1, Max: 0.9, Diff: 0.9, Sum: 0.9]
      [Object Copy (ms): Min: 0.1, Avg: 0.6, Max: 0.9, Diff: 0.8, Sum: 6.4]
      [Termination (ms): Min: 0.0, Avg: 0.1, Max: 0.2, Diff: 0.2, Sum: 1.4]
         [Termination Attempts: Min: 1, Avg: 4.1, Max: 7, Diff: 6, Sum: 41]
      [GC Worker Other (ms): Min: 0.0, Avg: 0.0, Max: 0.0, Diff: 0.0, Sum: 0.1]
      [GC Worker Total (ms): Min: 2.5, Avg: 2.6, Max: 2.7, Diff: 0.3, Sum: 25.5]
      [GC Worker End (ms): Min: 374688217.5, Avg: 374688217.5, Max: 374688217.5, Diff: 0.0]
   [Code Root Fixup: 0.0 ms]
   [Code Root Purge: 0.0 ms]
   [String Dedup Fixup: 2.5 ms, GC Workers: 10]
      [Queue Fixup (ms): Min: 0.0, Avg: 0.0, Max: 0.0, Diff: 0.0, Sum: 0.0]
      [Table Fixup (ms): Min: 1.7, Avg: 1.8, Max: 2.0, Diff: 0.2, Sum: 18.2]
   [Clear CT: 0.7 ms]
   [Other: 1.4 ms]
      [Choose CSet: 0.0 ms]
      [Ref Proc: 0.7 ms]
      [Ref Enq: 0.0 ms]
      [Redirty Cards: 0.6 ms]
      [Humongous Register: 0.0 ms]
      [Humongous Reclaim: 0.0 ms]
      [Free CSet: 0.0 ms]
   [Eden: 12288.0K(12288.0K)->0.0B(50176.0K) Survivors: 1024.0K->1024.0K Heap: 199.6M(267.0M)->187.4M(267.0M)]
 [Times: user=0.00 sys=0.00, real=0.01 secs] 
2020-12-17T19:31:21.652+0530: 374688.223: [GC concurrent-string-deduplication, 904.0B->752.0B(152.0B), avg 59.8%, 0.0000201 secs]
   [Last Exec: 0.0000201 secs, Idle: 19.1385284 secs, Blocked: 0/0.0000000 secs]
      [Inspected:              22]
         [Skipped:              0(  0.0%)]
         [Hashed:               3( 13.6%)]
         [Known:               14( 63.6%)]
         [New:                  8( 36.4%)    904.0B]
      [Deduplicated:            2( 25.0%)    152.0B( 16.8%)]
         [Young:                2(100.0%)    152.0B(100.0%)]
         [Old:                  0(  0.0%)      0.0B(  0.0%)]
   [Total Exec: 1496/0.8563999 secs, Idle: 1496/374686.8857790 secs, Blocked: 127/0.0900250 secs]
      [Inspected:         2894663]
         [Skipped:              0(  0.0%)]
         [Hashed:         1193292( 41.2%)]
         [Known:           184052(  6.4%)]
         [New:            2710611( 93.6%)    211.0M]
      [Deduplicated:      1898903( 70.1%)    126.2M( 59.8%)]
         [Young:           779165( 41.0%)  61291.0K( 47.4%)]
         [Old:            1119738( 59.0%)  67945.2K( 52.6%)]
   [Table]
      [Memory Usage: 8332.5K]
      [Size: 262144, Min: 1024, Max: 16777216]
      [Entries: 263454, Load: 100.5%, Cached: 4684, Added: 969935, Removed: 706481]
      [Resize Count: 8, Shrink Threshold: 174762(66.7%), Grow Threshold: 524288(200.0%)]
      [Rehash Count: 0, Rehash Threshold: 120, Hash Seed: 0x0]
      [Age Threshold: 3]
   [Queue]
      [Dropped: 0]
[GC concurrent-string-deduplication, deleted 0 entries, 0.0000009 secs]
2020-12-17T19:34:57.504+0530: 374904.075: [GC pause (G1 Evacuation Pause) (young), 0.0076924 secs]
   [Parallel Time: 3.1 ms, GC Workers: 10]
      [GC Worker Start (ms): Min: 374904075.6, Avg: 374904075.7, Max: 374904075.8, Diff: 0.2]
      [Ext Root Scanning (ms): Min: 0.7, Avg: 0.9, Max: 1.6, Diff: 1.0, Sum: 9.2]
      [Update RS (ms): Min: 0.7, Avg: 1.3, Max: 1.6, Diff: 0.9, Sum: 12.7]
         [Processed Buffers: Min: 3, Avg: 7.0, Max: 18, Diff: 15, Sum: 70]
      [Scan RS (ms): Min: 0.0, Avg: 0.0, Max: 0.0, Diff: 0.0, Sum: 0.0]
      [Code Root Scanning (ms): Min: 0.0, Avg: 0.0, Max: 0.0, Diff: 0.0, Sum: 0.0]
      [Object Copy (ms): Min: 0.0, Avg: 0.4, Max: 0.5, Diff: 0.5, Sum: 3.6]
      [Termination (ms): Min: 0.0, Avg: 0.1, Max: 0.1, Diff: 0.1, Sum: 0.9]
         [Termination Attempts: Min: 1, Avg: 5.0, Max: 9, Diff: 8, Sum: 50]
      [GC Worker Other (ms): Min: 0.0, Avg: 0.0, Max: 0.0, Diff: 0.0, Sum: 0.1]
      [GC Worker Total (ms): Min: 2.6, Avg: 2.7, Max: 2.8, Diff: 0.2, Sum: 26.6]
      [GC Worker End (ms): Min: 374904078.3, Avg: 374904078.3, Max: 374904078.3, Diff: 0.0]
   [Code Root Fixup: 0.0 ms]
   [Code Root Purge: 0.0 ms]
   [String Dedup Fixup: 2.4 ms, GC Workers: 10]
      [Queue Fixup (ms): Min: 0.0, Avg: 0.0, Max: 0.0, Diff: 0.0, Sum: 0.0]
      [Table Fixup (ms): Min: 2.0, Avg: 2.1, Max: 2.2, Diff: 0.2, Sum: 20.9]
   [Clear CT: 0.7 ms]
   [Other: 1.5 ms]
      [Choose CSet: 0.0 ms]
      [Ref Proc: 0.6 ms]
      [Ref Enq: 0.0 ms]
      [Redirty Cards: 0.8 ms]
      [Humongous Register: 0.0 ms]
      [Humongous Reclaim: 0.0 ms]
      [Free CSet: 0.0 ms]
   [Eden: 50176.0K(50176.0K)->0.0B(50176.0K) Survivors: 1024.0K->1024.0K Heap: 236.4M(267.0M)->188.1M(267.0M)]
 [Times: user=0.00 sys=0.00, real=0.01 secs] 
2020-12-17T19:34:57.512+0530: 374904.083: [GC concurrent-string-deduplication, 528.0B->528.0B(0.0B), avg 59.8%, 0.0000090 secs]
   [Last Exec: 0.0000090 secs, Idle: 215.8602654 secs, Blocked: 0/0.0000000 secs]
      [Inspected:              13]
         [Skipped:              0(  0.0%)]
         [Hashed:               2( 15.4%)]
         [Known:               11( 84.6%)]
         [New:                  2( 15.4%)    528.0B]
      [Deduplicated:            0(  0.0%)      0.0B(  0.0%)]
         [Young:                0(  0.0%)      0.0B(  0.0%)]
         [Old:                  0(  0.0%)      0.0B(  0.0%)]
   [Total Exec: 1497/0.8564089 secs, Idle: 1497/374902.7460444 secs, Blocked: 127/0.0900250 secs]
      [Inspected:         2894676]
         [Skipped:              0(  0.0%)]
         [Hashed:         1193294( 41.2%)]
         [Known:           184063(  6.4%)]
         [New:            2710613( 93.6%)    211.0M]
      [Deduplicated:      1898903( 70.1%)    126.2M( 59.8%)]
         [Young:           779165( 41.0%)  61291.0K( 47.4%)]
         [Old:            1119738( 59.0%)  67945.2K( 52.6%)]
   [Table]
      [Memory Usage: 8332.5K]
      [Size: 262144, Min: 1024, Max: 16777216]
      [Entries: 263593, Load: 100.6%, Cached: 4545, Added: 970077, Removed: 706484]
      [Resize Count: 8, Shrink Threshold: 174762(66.7%), Grow Threshold: 524288(200.0%)]
      [Rehash Count: 0, Rehash Threshold: 120, Hash Seed: 0x0]
      [Age Threshold: 3]
   [Queue]
      [Dropped: 0]
[GC concurrent-string-deduplication, deleted 0 entries, 0.0000006 secs]
2020-12-17T19:34:57.664+0530: 374904.234: [GC pause (G1 Humongous Allocation) (young) (initial-mark), 0.0074620 secs]
   [Parallel Time: 3.0 ms, GC Workers: 10]
      [GC Worker Start (ms): Min: 374904234.4, Avg: 374904234.4, Max: 374904234.5, Diff: 0.1]
      [Ext Root Scanning (ms): Min: 1.7, Avg: 1.8, Max: 2.1, Diff: 0.4, Sum: 18.4]
      [Update RS (ms): Min: 0.1, Avg: 0.2, Max: 0.4, Diff: 0.3, Sum: 2.3]
         [Processed Buffers: Min: 1, Avg: 2.6, Max: 7, Diff: 6, Sum: 26]
      [Scan RS (ms): Min: 0.0, Avg: 0.0, Max: 0.0, Diff: 0.0, Sum: 0.0]
      [Code Root Scanning (ms): Min: 0.0, Avg: 0.0, Max: 0.0, Diff: 0.0, Sum: 0.0]
      [Object Copy (ms): Min: 0.0, Avg: 0.2, Max: 0.4, Diff: 0.4, Sum: 2.4]
      [Termination (ms): Min: 0.0, Avg: 0.1, Max: 0.1, Diff: 0.1, Sum: 0.8]
         [Termination Attempts: Min: 1, Avg: 6.9, Max: 14, Diff: 13, Sum: 69]
      [GC Worker Other (ms): Min: 0.0, Avg: 0.0, Max: 0.0, Diff: 0.0, Sum: 0.1]
      [GC Worker Total (ms): Min: 2.3, Avg: 2.4, Max: 2.5, Diff: 0.1, Sum: 23.9]
      [GC Worker End (ms): Min: 374904236.8, Avg: 374904236.8, Max: 374904236.8, Diff: 0.0]
   [Code Root Fixup: 0.0 ms]
   [Code Root Purge: 0.0 ms]
   [String Dedup Fixup: 2.3 ms, GC Workers: 10]
      [Queue Fixup (ms): Min: 0.0, Avg: 0.0, Max: 0.0, Diff: 0.0, Sum: 0.0]
      [Table Fixup (ms): Min: 1.7, Avg: 1.8, Max: 2.0, Diff: 0.2, Sum: 17.9]
   [Clear CT: 0.9 ms]
   [Other: 1.2 ms]
      [Choose CSet: 0.0 ms]
      [Ref Proc: 0.3 ms]
      [Ref Enq: 0.0 ms]
      [Redirty Cards: 0.8 ms]
      [Humongous Register: 0.0 ms]
      [Humongous Reclaim: 0.0 ms]
      [Free CSet: 0.0 ms]
   [Eden: 16384.0K(50176.0K)->0.0B(50176.0K) Survivors: 1024.0K->1024.0K Heap: 204.0M(267.0M)->188.1M(267.0M)]
 [Times: user=0.00 sys=0.00, real=0.01 secs] 
2020-12-17T19:34:57.671+0530: 374904.242: [GC concurrent-root-region-scan-start]
2020-12-17T19:34:57.673+0530: 374904.244: [GC concurrent-root-region-scan-end, 0.0018016 secs]
2020-12-17T19:34:57.673+0530: 374904.244: [GC concurrent-mark-start]
2020-12-17T19:34:57.765+0530: 374904.335: [GC concurrent-mark-end, 0.0916624 secs]
2020-12-17T19:34:57.765+0530: 374904.336: [GC remark 2020-12-17T19:34:57.765+0530: 374904.336: [Finalize Marking, 0.0007190 secs] 2020-12-17T19:34:57.766+0530: 374904.337: [GC ref-proc, 0.0005204 secs] 2020-12-17T19:34:57.767+0530: 374904.337: [Unloading, 0.0246517 secs], 0.0269771 secs]
 [Times: user=0.22 sys=0.00, real=0.03 secs] 
2020-12-17T19:34:57.793+0530: 374904.363: [GC cleanup 194M->194M(267M), 0.0027951 secs]
 [Times: user=0.00 sys=0.00, real=0.00 secs] 
2020-12-17T19:34:59.932+0530: 374906.503: [GC pause (G1 Evacuation Pause) (young), 0.0107144 secs]
   [Parallel Time: 6.0 ms, GC Workers: 10]
      [GC Worker Start (ms): Min: 374906503.1, Avg: 374906503.3, Max: 374906503.5, Diff: 0.4]
      [Ext Root Scanning (ms): Min: 0.9, Avg: 1.1, Max: 1.4, Diff: 0.5, Sum: 11.1]
      [Update RS (ms): Min: 0.5, Avg: 0.6, Max: 1.0, Diff: 0.6, Sum: 6.1]
         [Processed Buffers: Min: 3, Avg: 5.4, Max: 11, Diff: 8, Sum: 54]
      [Scan RS (ms): Min: 0.0, Avg: 0.0, Max: 0.0, Diff: 0.0, Sum: 0.0]
      [Code Root Scanning (ms): Min: 0.0, Avg: 0.0, Max: 0.0, Diff: 0.0, Sum: 0.0]
      [Object Copy (ms): Min: 3.1, Avg: 3.5, Max: 3.6, Diff: 0.5, Sum: 34.9]
      [Termination (ms): Min: 0.0, Avg: 0.1, Max: 0.1, Diff: 0.1, Sum: 0.7]
         [Termination Attempts: Min: 1, Avg: 1.0, Max: 1, Diff: 0, Sum: 10]
      [GC Worker Other (ms): Min: 0.0, Avg: 0.0, Max: 0.0, Diff: 0.0, Sum: 0.1]
      [GC Worker Total (ms): Min: 5.1, Avg: 5.3, Max: 5.5, Diff: 0.4, Sum: 52.9]
      [GC Worker End (ms): Min: 374906508.6, Avg: 374906508.6, Max: 374906508.6, Diff: 0.0]
   [Code Root Fixup: 0.0 ms]
   [Code Root Purge: 0.0 ms]
   [String Dedup Fixup: 2.6 ms, GC Workers: 10]
      [Queue Fixup (ms): Min: 0.0, Avg: 0.0, Max: 0.0, Diff: 0.0, Sum: 0.0]
      [Table Fixup (ms): Min: 1.8, Avg: 1.9, Max: 2.1, Diff: 0.3, Sum: 19.1]
   [Clear CT: 0.8 ms]
   [Other: 1.4 ms]
      [Choose CSet: 0.0 ms]
      [Ref Proc: 0.4 ms]
      [Ref Enq: 0.0 ms]
      [Redirty Cards: 0.8 ms]
      [Humongous Register: 0.0 ms]
      [Humongous Reclaim: 0.0 ms]
      [Free CSet: 0.0 ms]
   [Eden: 50176.0K(50176.0K)->0.0B(8192.0K) Survivors: 1024.0K->5120.0K Heap: 238.1M(267.0M)->191.6M(267.0M)]
 [Times: user=0.03 sys=0.03, real=0.01 secs] 
2020-12-17T19:34:59.944+0530: 374906.514: [GC concurrent-string-deduplication, 4952.0B->1648.0B(3304.0B), avg 59.8%, 0.0001587 secs]
   [Last Exec: 0.0001587 secs, Idle: 2.4304690 secs, Blocked: 0/0.0000000 secs]
      [Inspected:             200]
         [Skipped:              0(  0.0%)]
         [Hashed:              13(  6.5%)]
         [Known:              164( 82.0%)]
         [New:                 36( 18.0%)   4952.0B]
      [Deduplicated:           28( 77.8%)   3304.0B( 66.7%)]
         [Young:               28(100.0%)   3304.0B(100.0%)]
         [Old:                  0(  0.0%)      0.0B(  0.0%)]
   [Total Exec: 1498/0.8565676 secs, Idle: 1498/374905.1765134 secs, Blocked: 127/0.0900250 secs]
      [Inspected:         2894876]
         [Skipped:              0(  0.0%)]
         [Hashed:         1193307( 41.2%)]
         [Known:           184227(  6.4%)]
         [New:            2710649( 93.6%)    211.0M]
      [Deduplicated:      1898931( 70.1%)    126.2M( 59.8%)]
         [Young:           779193( 41.0%)  61294.2K( 47.4%)]
         [Old:            1119738( 59.0%)  67945.2K( 52.6%)]
   [Table]
      [Memory Usage: 8332.5K]
      [Size: 262144, Min: 1024, Max: 16777216]
      [Entries: 263595, Load: 100.6%, Cached: 4543, Added: 970247, Removed: 706652]
      [Resize Count: 8, Shrink Threshold: 174762(66.7%), Grow Threshold: 524288(200.0%)]
      [Rehash Count: 0, Rehash Threshold: 120, Hash Seed: 0x0]
      [Age Threshold: 3]
   [Queue]
      [Dropped: 0]
[GC concurrent-string-deduplication, deleted 0 entries, 0.0000017 secs]
2020-12-17T19:35:02.443+0530: 374909.014: [GC pause (G1 Evacuation Pause) (mixed), 0.0092466 secs]
   [Parallel Time: 3.4 ms, GC Workers: 10]
      [GC Worker Start (ms): Min: 374909014.2, Avg: 374909014.4, Max: 374909014.4, Diff: 0.2]
      [Ext Root Scanning (ms): Min: 0.8, Avg: 1.0, Max: 2.2, Diff: 1.5, Sum: 10.3]
      [Update RS (ms): Min: 0.0, Avg: 0.5, Max: 0.6, Diff: 0.6, Sum: 4.5]
         [Processed Buffers: Min: 0, Avg: 3.9, Max: 9, Diff: 9, Sum: 39]
      [Scan RS (ms): Min: 0.1, Avg: 0.4, Max: 0.7, Diff: 0.6, Sum: 3.6]
      [Code Root Scanning (ms): Min: 0.0, Avg: 0.0, Max: 0.1, Diff: 0.1, Sum: 0.1]
      [Object Copy (ms): Min: 0.3, Avg: 0.7, Max: 1.1, Diff: 0.8, Sum: 6.7]
      [Termination (ms): Min: 0.0, Avg: 0.3, Max: 0.3, Diff: 0.3, Sum: 3.0]
         [Termination Attempts: Min: 1, Avg: 1.0, Max: 1, Diff: 0, Sum: 10]
      [GC Worker Other (ms): Min: 0.0, Avg: 0.0, Max: 0.0, Diff: 0.0, Sum: 0.1]
      [GC Worker Total (ms): Min: 2.8, Avg: 2.8, Max: 3.0, Diff: 0.2, Sum: 28.4]
      [GC Worker End (ms): Min: 374909017.2, Avg: 374909017.2, Max: 374909017.2, Diff: 0.0]
   [Code Root Fixup: 0.0 ms]
   [Code Root Purge: 0.0 ms]
   [String Dedup Fixup: 3.1 ms, GC Workers: 10]
      [Queue Fixup (ms): Min: 0.0, Avg: 0.0, Max: 0.0, Diff: 0.0, Sum: 0.0]
      [Table Fixup (ms): Min: 2.2, Avg: 2.5, Max: 2.6, Diff: 0.4, Sum: 24.7]
   [Clear CT: 0.8 ms]
   [Other: 1.9 ms]
      [Choose CSet: 0.0 ms]
      [Ref Proc: 0.9 ms]
      [Ref Enq: 0.0 ms]
      [Redirty Cards: 0.8 ms]
      [Humongous Register: 0.0 ms]
      [Humongous Reclaim: 0.0 ms]
      [Free CSet: 0.0 ms]
   [Eden: 8192.0K(8192.0K)->0.0B(48128.0K) Survivors: 5120.0K->2048.0K Heap: 200.6M(267.0M)->189.6M(267.0M)]
 [Times: user=0.02 sys=0.00, real=0.01 secs] 
2020-12-17T19:35:02.453+0530: 374909.024: [GC concurrent-string-deduplication, 19288.0B->14072.0B(5216.0B), avg 59.8%, 0.0000780 secs]
   [Last Exec: 0.0000780 secs, Idle: 2.5094701 secs, Blocked: 0/0.0000000 secs]
      [Inspected:             277]
         [Skipped:              0(  0.0%)]
         [Hashed:              75( 27.1%)]
         [Known:              171( 61.7%)]
         [New:                106( 38.3%)  19288.0B]
      [Deduplicated:           58( 54.7%)   5216.0B( 27.0%)]
         [Young:                0(  0.0%)      0.0B(  0.0%)]
         [Old:                 58(100.0%)   5216.0B(100.0%)]
   [Total Exec: 1499/0.8566456 secs, Idle: 1499/374907.6859835 secs, Blocked: 127/0.0900250 secs]
      [Inspected:         2895153]
         [Skipped:              0(  0.0%)]
         [Hashed:         1193382( 41.2%)]
         [Known:           184398(  6.4%)]
         [New:            2710755( 93.6%)    211.1M]
      [Deduplicated:      1898989( 70.1%)    126.2M( 59.8%)]
         [Young:           779193( 41.0%)  61294.2K( 47.4%)]
         [Old:            1119796( 59.0%)  67950.3K( 52.6%)]
   [Table]
      [Memory Usage: 8332.5K]
      [Size: 262144, Min: 1024, Max: 16777216]
      [Entries: 263652, Load: 100.6%, Cached: 4486, Added: 970304, Removed: 706652]
      [Resize Count: 8, Shrink Threshold: 174762(66.7%), Grow Threshold: 524288(200.0%)]
      [Rehash Count: 0, Rehash Threshold: 120, Hash Seed: 0x0]
      [Age Threshold: 3]
   [Queue]
      [Dropped: 0]
[GC concurrent-string-deduplication, deleted 0 entries, 0.0000007 secs]
2020-12-17T19:35:27.563+0530: 374934.134: [GC pause (G1 Evacuation Pause) (young), 0.0079941 secs]
   [Parallel Time: 3.4 ms, GC Workers: 10]
      [GC Worker Start (ms): Min: 374934134.0, Avg: 374934134.1, Max: 374934134.2, Diff: 0.2]
      [Ext Root Scanning (ms): Min: 0.7, Avg: 0.9, Max: 1.7, Diff: 1.0, Sum: 8.8]
      [Update RS (ms): Min: 0.7, Avg: 1.4, Max: 1.7, Diff: 1.0, Sum: 14.1]
         [Processed Buffers: Min: 2, Avg: 6.3, Max: 14, Diff: 12, Sum: 63]
      [Scan RS (ms): Min: 0.0, Avg: 0.0, Max: 0.0, Diff: 0.0, Sum: 0.0]
      [Code Root Scanning (ms): Min: 0.0, Avg: 0.0, Max: 0.0, Diff: 0.0, Sum: 0.0]
      [Object Copy (ms): Min: 0.1, Avg: 0.4, Max: 0.5, Diff: 0.3, Sum: 3.6]
      [Termination (ms): Min: 0.0, Avg: 0.0, Max: 0.1, Diff: 0.1, Sum: 0.5]
         [Termination Attempts: Min: 1, Avg: 1.5, Max: 2, Diff: 1, Sum: 15]
      [GC Worker Other (ms): Min: 0.0, Avg: 0.0, Max: 0.0, Diff: 0.0, Sum: 0.1]
      [GC Worker Total (ms): Min: 2.6, Avg: 2.7, Max: 2.8, Diff: 0.2, Sum: 27.2]
      [GC Worker End (ms): Min: 374934136.8, Avg: 374934136.8, Max: 374934136.8, Diff: 0.0]
   [Code Root Fixup: 0.0 ms]
   [Code Root Purge: 0.0 ms]
   [String Dedup Fixup: 2.7 ms, GC Workers: 10]
      [Queue Fixup (ms): Min: 0.0, Avg: 0.0, Max: 0.0, Diff: 0.0, Sum: 0.0]
      [Table Fixup (ms): Min: 2.0, Avg: 2.1, Max: 2.3, Diff: 0.2, Sum: 21.2]
   [Clear CT: 0.8 ms]
   [Other: 1.1 ms]
      [Choose CSet: 0.0 ms]
      [Ref Proc: 0.3 ms]
      [Ref Enq: 0.0 ms]
      [Redirty Cards: 0.6 ms]
      [Humongous Register: 0.0 ms]
      [Humongous Reclaim: 0.0 ms]
      [Free CSet: 0.0 ms]
   [Eden: 48128.0K(48128.0K)->0.0B(49152.0K) Survivors: 2048.0K->1024.0K Heap: 236.6M(267.0M)->188.5M(267.0M)]
 [Times: user=0.00 sys=0.00, real=0.01 secs] 
2020-12-17T19:36:28.530+0530: 374995.101: [GC pause (G1 Evacuation Pause) (young) (initial-mark), 0.0091017 secs]
   [Parallel Time: 4.1 ms, GC Workers: 10]
      [GC Worker Start (ms): Min: 374995101.0, Avg: 374995101.2, Max: 374995101.4, Diff: 0.4]
      [Ext Root Scanning (ms): Min: 1.8, Avg: 2.0, Max: 2.2, Diff: 0.4, Sum: 20.0]
      [Update RS (ms): Min: 0.4, Avg: 0.6, Max: 0.9, Diff: 0.5, Sum: 6.2]
         [Processed Buffers: Min: 2, Avg: 6.6, Max: 15, Diff: 13, Sum: 66]
      [Scan RS (ms): Min: 0.0, Avg: 0.0, Max: 0.0, Diff: 0.0, Sum: 0.0]
      [Code Root Scanning (ms): Min: 0.0, Avg: 0.0, Max: 0.0, Diff: 0.0, Sum: 0.0]
      [Object Copy (ms): Min: 0.2, Avg: 0.4, Max: 0.5, Diff: 0.3, Sum: 3.6]
      [Termination (ms): Min: 0.0, Avg: 0.1, Max: 0.1, Diff: 0.1, Sum: 0.7]
         [Termination Attempts: Min: 1, Avg: 5.5, Max: 10, Diff: 9, Sum: 55]
      [GC Worker Other (ms): Min: 0.0, Avg: 0.0, Max: 0.0, Diff: 0.0, Sum: 0.1]
      [GC Worker Total (ms): Min: 2.9, Avg: 3.1, Max: 3.3, Diff: 0.4, Sum: 30.6]
      [GC Worker End (ms): Min: 374995104.2, Avg: 374995104.2, Max: 374995104.2, Diff: 0.0]
   [Code Root Fixup: 0.0 ms]
   [Code Root Purge: 0.0 ms]
   [String Dedup Fixup: 2.2 ms, GC Workers: 10]
      [Queue Fixup (ms): Min: 0.0, Avg: 0.0, Max: 0.0, Diff: 0.0, Sum: 0.0]
      [Table Fixup (ms): Min: 1.8, Avg: 1.9, Max: 2.0, Diff: 0.2, Sum: 19.2]
   [Clear CT: 1.2 ms]
   [Other: 1.6 ms]
      [Choose CSet: 0.0 ms]
      [Ref Proc: 0.6 ms]
      [Ref Enq: 0.0 ms]
      [Redirty Cards: 0.8 ms]
      [Humongous Register: 0.0 ms]
      [Humongous Reclaim: 0.0 ms]
      [Free CSet: 0.0 ms]
   [Eden: 49152.0K(49152.0K)->0.0B(48128.0K) Survivors: 1024.0K->2048.0K Heap: 236.5M(267.0M)->189.0M(267.0M)]
 [Times: user=0.06 sys=0.00, real=0.01 secs] 
2020-12-17T19:36:28.539+0530: 374995.110: [GC concurrent-root-region-scan-start]
2020-12-17T19:36:28.539+0530: 374995.110: [GC concurrent-string-deduplication, 1136.0B->320.0B(816.0B), avg 59.8%, 0.0000150 secs]
   [Last Exec: 0.0000150 secs, Idle: 86.0864657 secs, Blocked: 0/0.0000000 secs]
      [Inspected:              17]
         [Skipped:              0(  0.0%)]
         [Hashed:               4( 23.5%)]
         [Known:                9( 52.9%)]
         [New:                  8( 47.1%)   1136.0B]
      [Deduplicated:            6( 75.0%)    816.0B( 71.8%)]
         [Young:                6(100.0%)    816.0B(100.0%)]
         [Old:                  0(  0.0%)      0.0B(  0.0%)]
   [Total Exec: 1500/0.8566606 secs, Idle: 1500/374993.7724492 secs, Blocked: 127/0.0900250 secs]
      [Inspected:         2895170]
         [Skipped:              0(  0.0%)]
         [Hashed:         1193386( 41.2%)]
         [Known:           184407(  6.4%)]
         [New:            2710763( 93.6%)    211.1M]
      [Deduplicated:      1898995( 70.1%)    126.2M( 59.8%)]
         [Young:           779199( 41.0%)  61295.0K( 47.4%)]
         [Old:            1119796( 59.0%)  67950.3K( 52.6%)]
   [Table]
      [Memory Usage: 8332.5K]
      [Size: 262144, Min: 1024, Max: 16777216]
      [Entries: 263810, Load: 100.6%, Cached: 4328, Added: 970462, Removed: 706652]
      [Resize Count: 8, Shrink Threshold: 174762(66.7%), Grow Threshold: 524288(200.0%)]
      [Rehash Count: 0, Rehash Threshold: 120, Hash Seed: 0x0]
      [Age Threshold: 3]
   [Queue]
      [Dropped: 0]
[GC concurrent-string-deduplication, deleted 0 entries, 0.0000006 secs]
2020-12-17T19:36:28.541+0530: 374995.112: [GC concurrent-root-region-scan-end, 0.0017222 secs]
2020-12-17T19:36:28.541+0530: 374995.112: [GC concurrent-mark-start]
2020-12-17T19:36:28.620+0530: 374995.191: [GC concurrent-mark-end, 0.0790210 secs]
2020-12-17T19:36:28.621+0530: 374995.192: [GC remark 2020-12-17T19:36:28.621+0530: 374995.192: [Finalize Marking, 0.0010103 secs] 2020-12-17T19:36:28.622+0530: 374995.193: [GC ref-proc, 0.0005043 secs] 2020-12-17T19:36:28.623+0530: 374995.194: [Unloading, 0.0210986 secs], 0.0236028 secs]
 [Times: user=0.16 sys=0.00, real=0.02 secs] 
2020-12-17T19:36:28.645+0530: 374995.216: [GC cleanup 189M->189M(267M), 0.0038973 secs]
 [Times: user=0.00 sys=0.00, real=0.00 secs] 
2020-12-17T19:36:34.647+0530: 375001.218: [GC pause (G1 Evacuation Pause) (young), 0.0072240 secs]
   [Parallel Time: 2.3 ms, GC Workers: 10]
      [GC Worker Start (ms): Min: 375001218.1, Avg: 375001218.2, Max: 375001218.3, Diff: 0.3]
      [Ext Root Scanning (ms): Min: 0.6, Avg: 0.8, Max: 1.7, Diff: 1.0, Sum: 8.4]
      [Update RS (ms): Min: 0.0, Avg: 0.4, Max: 0.5, Diff: 0.5, Sum: 3.7]
         [Processed Buffers: Min: 0, Avg: 4.4, Max: 11, Diff: 11, Sum: 44]
      [Scan RS (ms): Min: 0.0, Avg: 0.0, Max: 0.0, Diff: 0.0, Sum: 0.1]
      [Code Root Scanning (ms): Min: 0.0, Avg: 0.0, Max: 0.0, Diff: 0.0, Sum: 0.0]
      [Object Copy (ms): Min: 0.1, Avg: 0.4, Max: 0.5, Diff: 0.4, Sum: 4.2]
      [Termination (ms): Min: 0.0, Avg: 0.0, Max: 0.0, Diff: 0.0, Sum: 0.3]
         [Termination Attempts: Min: 1, Avg: 1.1, Max: 2, Diff: 1, Sum: 11]
      [GC Worker Other (ms): Min: 0.0, Avg: 0.0, Max: 0.0, Diff: 0.0, Sum: 0.1]
      [GC Worker Total (ms): Min: 1.6, Avg: 1.7, Max: 1.9, Diff: 0.3, Sum: 16.8]
      [GC Worker End (ms): Min: 375001219.9, Avg: 375001219.9, Max: 375001219.9, Diff: 0.0]
   [Code Root Fixup: 0.0 ms]
   [Code Root Purge: 0.0 ms]
   [String Dedup Fixup: 2.2 ms, GC Workers: 10]
      [Queue Fixup (ms): Min: 0.0, Avg: 0.0, Max: 0.0, Diff: 0.0, Sum: 0.0]
      [Table Fixup (ms): Min: 1.7, Avg: 1.8, Max: 2.0, Diff: 0.3, Sum: 18.0]
   [Clear CT: 1.1 ms]
   [Other: 1.6 ms]
      [Choose CSet: 0.0 ms]
      [Ref Proc: 0.9 ms]
      [Ref Enq: 0.0 ms]
      [Redirty Cards: 0.6 ms]
      [Humongous Register: 0.0 ms]
      [Humongous Reclaim: 0.0 ms]
      [Free CSet: 0.0 ms]
   [Eden: 48128.0K(48128.0K)->0.0B(11264.0K) Survivors: 2048.0K->2048.0K Heap: 236.0M(267.0M)->189.0M(267.0M)]
 [Times: user=0.00 sys=0.00, real=0.01 secs] 
2020-12-17T19:36:34.655+0530: 375001.226: [GC concurrent-string-deduplication, 132.4K->3552.0B(129.0K), avg 59.8%, 0.0002634 secs]
   [Last Exec: 0.0002634 secs, Idle: 6.1150649 secs, Blocked: 0/0.0000000 secs]
      [Inspected:            1801]
         [Skipped:              0(  0.0%)]
         [Hashed:            1604( 89.1%)]
         [Known:               29(  1.6%)]
         [New:               1772( 98.4%)    132.4K]
      [Deduplicated:         1736( 98.0%)    129.0K( 97.4%)]
         [Young:             1736(100.0%)    129.0K(100.0%)]
         [Old:                  0(  0.0%)      0.0B(  0.0%)]
   [Total Exec: 1501/0.8569240 secs, Idle: 1501/374999.8875141 secs, Blocked: 127/0.0900250 secs]
      [Inspected:         2896971]
         [Skipped:              0(  0.0%)]
         [Hashed:         1194990( 41.2%)]
         [Known:           184436(  6.4%)]
         [New:            2712535( 93.6%)    211.2M]
      [Deduplicated:      1900731( 70.1%)    126.3M( 59.8%)]
         [Young:           780935( 41.1%)  61423.9K( 47.5%)]
         [Old:            1119796( 58.9%)  67950.3K( 52.5%)]
   [Table]
      [Memory Usage: 8332.5K]
      [Size: 262144, Min: 1024, Max: 16777216]
      [Entries: 263545, Load: 100.5%, Cached: 4593, Added: 970667, Removed: 707122]
      [Resize Count: 8, Shrink Threshold: 174762(66.7%), Grow Threshold: 524288(200.0%)]
      [Rehash Count: 0, Rehash Threshold: 120, Hash Seed: 0x0]
      [Age Threshold: 3]
   [Queue]
      [Dropped: 0]
[GC concurrent-string-deduplication, deleted 0 entries, 0.0000006 secs]
2020-12-17T19:36:34.776+0530: 375001.347: [GC pause (G1 Evacuation Pause) (mixed), 0.0167691 secs]
   [Parallel Time: 11.1 ms, GC Workers: 10]
      [GC Worker Start (ms): Min: 375001347.0, Avg: 375001347.1, Max: 375001347.2, Diff: 0.2]
      [Ext Root Scanning (ms): Min: 0.7, Avg: 1.5, Max: 7.1, Diff: 6.4, Sum: 14.9]
      [Update RS (ms): Min: 0.0, Avg: 0.3, Max: 1.3, Diff: 1.3, Sum: 3.3]
         [Processed Buffers: Min: 0, Avg: 1.8, Max: 7, Diff: 7, Sum: 18]
      [Scan RS (ms): Min: 0.0, Avg: 1.2, Max: 2.0, Diff: 2.0, Sum: 12.1]
      [Code Root Scanning (ms): Min: 0.0, Avg: 0.1, Max: 0.7, Diff: 0.7, Sum: 1.2]
      [Object Copy (ms): Min: 3.4, Avg: 7.3, Max: 7.9, Diff: 4.5, Sum: 73.0]
      [Termination (ms): Min: 0.0, Avg: 0.0, Max: 0.1, Diff: 0.1, Sum: 0.3]
         [Termination Attempts: Min: 1, Avg: 3.0, Max: 5, Diff: 4, Sum: 30]
      [GC Worker Other (ms): Min: 0.0, Avg: 0.0, Max: 0.0, Diff: 0.0, Sum: 0.1]
      [GC Worker Total (ms): Min: 10.4, Avg: 10.5, Max: 10.6, Diff: 0.2, Sum: 104.9]
      [GC Worker End (ms): Min: 375001357.6, Avg: 375001357.6, Max: 375001357.6, Diff: 0.0]
   [Code Root Fixup: 0.0 ms]
   [Code Root Purge: 0.0 ms]
   [String Dedup Fixup: 3.0 ms, GC Workers: 10]
      [Queue Fixup (ms): Min: 0.0, Avg: 0.0, Max: 0.0, Diff: 0.0, Sum: 0.0]
      [Table Fixup (ms): Min: 2.7, Avg: 2.8, Max: 2.9, Diff: 0.2, Sum: 28.3]
   [Clear CT: 1.0 ms]
   [Other: 1.7 ms]
      [Choose CSet: 0.0 ms]
      [Ref Proc: 0.5 ms]
      [Ref Enq: 0.0 ms]
      [Redirty Cards: 0.6 ms]
      [Humongous Register: 0.0 ms]
      [Humongous Reclaim: 0.0 ms]
      [Free CSet: 0.5 ms]
   [Eden: 11264.0K(11264.0K)->0.0B(49152.0K) Survivors: 2048.0K->2048.0K Heap: 200.0M(267.0M)->188.0M(267.0M)]
 [Times: user=0.06 sys=0.06, real=0.02 secs] 
2020-12-17T19:36:34.793+0530: 375001.364: [GC concurrent-string-deduplication, 39032.0B->18568.0B(20464.0B), avg 59.8%, 0.0001526 secs]
   [Last Exec: 0.0001526 secs, Idle: 0.1381261 secs, Blocked: 0/0.0000000 secs]
      [Inspected:             506]
         [Skipped:              0(  0.0%)]
         [Hashed:             236( 46.6%)]
         [Known:              159( 31.4%)]
         [New:                347( 68.6%)  39032.0B]
      [Deduplicated:          287( 82.7%)  20464.0B( 52.4%)]
         [Young:              287(100.0%)  20464.0B(100.0%)]
         [Old:                  0(  0.0%)      0.0B(  0.0%)]
   [Total Exec: 1502/0.8570766 secs, Idle: 1502/375000.0256402 secs, Blocked: 127/0.0900250 secs]
      [Inspected:         2897477]
         [Skipped:              0(  0.0%)]
         [Hashed:         1195226( 41.3%)]
         [Known:           184595(  6.4%)]
         [New:            2712882( 93.6%)    211.2M]
      [Deduplicated:      1901018( 70.1%)    126.4M( 59.8%)]
         [Young:           781222( 41.1%)  61443.9K( 47.5%)]
         [Old:            1119796( 58.9%)  67950.3K( 52.5%)]
   [Table]
      [Memory Usage: 8332.5K]
      [Size: 262144, Min: 1024, Max: 16777216]
      [Entries: 263686, Load: 100.6%, Cached: 4452, Added: 970809, Removed: 707123]
      [Resize Count: 8, Shrink Threshold: 174762(66.7%), Grow Threshold: 524288(200.0%)]
      [Rehash Count: 0, Rehash Threshold: 120, Hash Seed: 0x0]
      [Age Threshold: 3]
   [Queue]
      [Dropped: 0]
[GC concurrent-string-deduplication, deleted 0 entries, 0.0000006 secs]
2020-12-17T19:41:22.058+0530: 375288.629: [GC pause (G1 Evacuation Pause) (young), 0.0110553 secs]
   [Parallel Time: 5.9 ms, GC Workers: 10]
      [GC Worker Start (ms): Min: 375288628.9, Avg: 375288629.1, Max: 375288629.2, Diff: 0.3]
      [Ext Root Scanning (ms): Min: 0.5, Avg: 0.8, Max: 1.9, Diff: 1.4, Sum: 7.7]
      [Update RS (ms): Min: 3.3, Avg: 4.0, Max: 4.3, Diff: 1.0, Sum: 39.7]
         [Processed Buffers: Min: 6, Avg: 10.9, Max: 23, Diff: 17, Sum: 109]
      [Scan RS (ms): Min: 0.0, Avg: 0.0, Max: 0.0, Diff: 0.0, Sum: 0.0]
      [Code Root Scanning (ms): Min: 0.0, Avg: 0.0, Max: 0.0, Diff: 0.0, Sum: 0.0]
      [Object Copy (ms): Min: 0.1, Avg: 0.4, Max: 0.5, Diff: 0.4, Sum: 4.1]
      [Termination (ms): Min: 0.0, Avg: 0.0, Max: 0.0, Diff: 0.0, Sum: 0.0]
         [Termination Attempts: Min: 1, Avg: 1.0, Max: 1, Diff: 0, Sum: 10]
      [GC Worker Other (ms): Min: 0.0, Avg: 0.0, Max: 0.0, Diff: 0.0, Sum: 0.2]
      [GC Worker Total (ms): Min: 5.0, Avg: 5.2, Max: 5.4, Diff: 0.3, Sum: 51.8]
      [GC Worker End (ms): Min: 375288634.3, Avg: 375288634.3, Max: 375288634.3, Diff: 0.0]
   [Code Root Fixup: 0.0 ms]
   [Code Root Purge: 0.0 ms]
   [String Dedup Fixup: 3.1 ms, GC Workers: 10]
      [Queue Fixup (ms): Min: 0.0, Avg: 0.0, Max: 0.0, Diff: 0.0, Sum: 0.0]
      [Table Fixup (ms): Min: 2.3, Avg: 2.4, Max: 2.6, Diff: 0.3, Sum: 23.9]
   [Clear CT: 0.8 ms]
   [Other: 1.3 ms]
      [Choose CSet: 0.0 ms]
      [Ref Proc: 0.5 ms]
      [Ref Enq: 0.0 ms]
      [Redirty Cards: 0.6 ms]
      [Humongous Register: 0.0 ms]
      [Humongous Reclaim: 0.0 ms]
      [Free CSet: 0.0 ms]
   [Eden: 49152.0K(49152.0K)->0.0B(49152.0K) Survivors: 2048.0K->2048.0K Heap: 236.0M(267.0M)->187.7M(267.0M)]
 [Times: user=0.06 sys=0.01, real=0.01 secs] 
2020-12-17T19:41:22.069+0530: 375288.640: [GC concurrent-string-deduplication, 31064.0B->11008.0B(20056.0B), avg 59.8%, 0.0001483 secs]
   [Last Exec: 0.0001483 secs, Idle: 287.2760414 secs, Blocked: 0/0.0000000 secs]
      [Inspected:             526]
         [Skipped:              0(  0.0%)]
         [Hashed:             194( 36.9%)]
         [Known:              197( 37.5%)]
         [New:                329( 62.5%)  31064.0B]
      [Deduplicated:          321( 97.6%)  20056.0B( 64.6%)]
         [Young:              321(100.0%)  20056.0B(100.0%)]
         [Old:                  0(  0.0%)      0.0B(  0.0%)]
   [Total Exec: 1503/0.8572249 secs, Idle: 1503/375287.3016816 secs, Blocked: 127/0.0900250 secs]
      [Inspected:         2898003]
         [Skipped:              0(  0.0%)]
         [Hashed:         1195420( 41.2%)]
         [Known:           184792(  6.4%)]
         [New:            2713211( 93.6%)    211.3M]
      [Deduplicated:      1901339( 70.1%)    126.4M( 59.8%)]
         [Young:           781543( 41.1%)  61463.5K( 47.5%)]
         [Old:            1119796( 58.9%)  67950.3K( 52.5%)]
   [Table]
      [Memory Usage: 8332.5K]
      [Size: 262144, Min: 1024, Max: 16777216]
      [Entries: 263881, Load: 100.7%, Cached: 4257, Added: 971005, Removed: 707124]
      [Resize Count: 8, Shrink Threshold: 174762(66.7%), Grow Threshold: 524288(200.0%)]
      [Rehash Count: 0, Rehash Threshold: 120, Hash Seed: 0x0]
      [Age Threshold: 3]
   [Queue]
      [Dropped: 0]
[GC concurrent-string-deduplication, deleted 0 entries, 0.0000009 secs]
2020-12-17T19:46:22.389+0530: 375588.960: [GC pause (G1 Evacuation Pause) (young) (initial-mark), 0.0086276 secs]
   [Parallel Time: 3.8 ms, GC Workers: 10]
      [GC Worker Start (ms): Min: 375588960.6, Avg: 375588960.8, Max: 375588960.9, Diff: 0.3]
      [Ext Root Scanning (ms): Min: 1.7, Avg: 2.0, Max: 2.3, Diff: 0.5, Sum: 19.7]
      [Update RS (ms): Min: 0.5, Avg: 0.6, Max: 0.9, Diff: 0.4, Sum: 6.2]
         [Processed Buffers: Min: 2, Avg: 5.6, Max: 14, Diff: 12, Sum: 56]
      [Scan RS (ms): Min: 0.0, Avg: 0.0, Max: 0.0, Diff: 0.0, Sum: 0.0]
      [Code Root Scanning (ms): Min: 0.0, Avg: 0.0, Max: 0.0, Diff: 0.0, Sum: 0.0]
      [Object Copy (ms): Min: 0.3, Avg: 0.5, Max: 0.6, Diff: 0.3, Sum: 4.7]
      [Termination (ms): Min: 0.0, Avg: 0.0, Max: 0.0, Diff: 0.0, Sum: 0.0]
         [Termination Attempts: Min: 1, Avg: 1.4, Max: 3, Diff: 2, Sum: 14]
      [GC Worker Other (ms): Min: 0.0, Avg: 0.0, Max: 0.1, Diff: 0.1, Sum: 0.3]
      [GC Worker Total (ms): Min: 3.0, Avg: 3.1, Max: 3.3, Diff: 0.3, Sum: 30.9]
      [GC Worker End (ms): Min: 375588963.9, Avg: 375588963.9, Max: 375588964.0, Diff: 0.1]
   [Code Root Fixup: 0.0 ms]
   [Code Root Purge: 0.0 ms]
   [String Dedup Fixup: 2.4 ms, GC Workers: 10]
      [Queue Fixup (ms): Min: 0.0, Avg: 0.0, Max: 0.0, Diff: 0.0, Sum: 0.0]
      [Table Fixup (ms): Min: 1.7, Avg: 1.8, Max: 2.0, Diff: 0.3, Sum: 17.8]
   [Clear CT: 0.9 ms]
   [Other: 1.5 ms]
      [Choose CSet: 0.0 ms]
      [Ref Proc: 0.7 ms]
      [Ref Enq: 0.0 ms]
      [Redirty Cards: 0.6 ms]
      [Humongous Register: 0.0 ms]
      [Humongous Reclaim: 0.0 ms]
      [Free CSet: 0.0 ms]
   [Eden: 49152.0K(49152.0K)->0.0B(49152.0K) Survivors: 2048.0K->2048.0K Heap: 235.7M(267.0M)->187.8M(267.0M)]
 [Times: user=0.16 sys=0.00, real=0.01 secs] 
2020-12-17T19:46:22.398+0530: 375588.969: [GC concurrent-root-region-scan-start]
2020-12-17T19:46:22.398+0530: 375588.969: [GC concurrent-string-deduplication, 6240.0B->1744.0B(4496.0B), avg 59.8%, 0.0001554 secs]
   [Last Exec: 0.0001554 secs, Idle: 300.3290931 secs, Blocked: 0/0.0000000 secs]
      [Inspected:             224]
         [Skipped:              0(  0.0%)]
         [Hashed:              69( 30.8%)]
         [Known:               97( 43.3%)]
         [New:                127( 56.7%)   6240.0B]
      [Deduplicated:          102( 80.3%)   4496.0B( 72.1%)]
         [Young:              102(100.0%)   4496.0B(100.0%)]
         [Old:                  0(  0.0%)      0.0B(  0.0%)]
   [Total Exec: 1504/0.8573803 secs, Idle: 1504/375587.6307747 secs, Blocked: 127/0.0900250 secs]
      [Inspected:         2898227]
         [Skipped:              0(  0.0%)]
         [Hashed:         1195489( 41.2%)]
         [Known:           184889(  6.4%)]
         [New:            2713338( 93.6%)    211.3M]
      [Deduplicated:      1901441( 70.1%)    126.4M( 59.8%)]
         [Young:           781645( 41.1%)  61467.9K( 47.5%)]
         [Old:            1119796( 58.9%)  67950.3K( 52.5%)]
   [Table]
      [Memory Usage: 8332.5K]
      [Size: 262144, Min: 1024, Max: 16777216]
      [Entries: 263909, Load: 100.7%, Cached: 4229, Added: 971033, Removed: 707124]
      [Resize Count: 8, Shrink Threshold: 174762(66.7%), Grow Threshold: 524288(200.0%)]
      [Rehash Count: 0, Rehash Threshold: 120, Hash Seed: 0x0]
      [Age Threshold: 3]
   [Queue]
      [Dropped: 0]
[GC concurrent-string-deduplication, deleted 0 entries, 0.0000008 secs]
2020-12-17T19:46:22.400+0530: 375588.971: [GC concurrent-root-region-scan-end, 0.0021762 secs]
2020-12-17T19:46:22.400+0530: 375588.971: [GC concurrent-mark-start]
2020-12-17T19:46:22.480+0530: 375589.052: [GC concurrent-mark-end, 0.0802939 secs]
2020-12-17T19:46:22.481+0530: 375589.052: [GC remark 2020-12-17T19:46:22.481+0530: 375589.052: [Finalize Marking, 0.0009141 secs] 2020-12-17T19:46:22.482+0530: 375589.053: [GC ref-proc, 0.0004987 secs] 2020-12-17T19:46:22.483+0530: 375589.054: [Unloading, 0.0213242 secs], 0.0235111 secs]
 [Times: user=0.31 sys=0.00, real=0.02 secs] 
2020-12-17T19:46:22.505+0530: 375589.077: [GC cleanup 204M->204M(267M), 0.0040778 secs]
 [Times: user=0.00 sys=0.00, real=0.00 secs] 
2020-12-17T19:51:22.661+0530: 375889.231: [GC pause (G1 Evacuation Pause) (young), 0.0090155 secs]
   [Parallel Time: 3.2 ms, GC Workers: 10]
      [GC Worker Start (ms): Min: 375889231.5, Avg: 375889231.7, Max: 375889231.8, Diff: 0.3]
      [Ext Root Scanning (ms): Min: 0.8, Avg: 1.0, Max: 2.0, Diff: 1.2, Sum: 10.1]
      [Update RS (ms): Min: 0.5, Avg: 0.9, Max: 1.3, Diff: 0.9, Sum: 9.3]
         [Processed Buffers: Min: 2, Avg: 5.8, Max: 14, Diff: 12, Sum: 58]
      [Scan RS (ms): Min: 0.0, Avg: 0.0, Max: 0.0, Diff: 0.0, Sum: 0.1]
      [Code Root Scanning (ms): Min: 0.0, Avg: 0.0, Max: 0.0, Diff: 0.0, Sum: 0.0]
      [Object Copy (ms): Min: 0.1, Avg: 0.5, Max: 0.6, Diff: 0.5, Sum: 4.7]
      [Termination (ms): Min: 0.0, Avg: 0.0, Max: 0.0, Diff: 0.0, Sum: 0.0]
         [Termination Attempts: Min: 1, Avg: 1.0, Max: 1, Diff: 0, Sum: 10]
      [GC Worker Other (ms): Min: 0.0, Avg: 0.0, Max: 0.1, Diff: 0.1, Sum: 0.3]
      [GC Worker Total (ms): Min: 2.3, Avg: 2.4, Max: 2.6, Diff: 0.3, Sum: 24.5]
      [GC Worker End (ms): Min: 375889234.1, Avg: 375889234.2, Max: 375889234.2, Diff: 0.1]
   [Code Root Fixup: 0.0 ms]
   [Code Root Purge: 0.0 ms]
   [String Dedup Fixup: 3.1 ms, GC Workers: 10]
      [Queue Fixup (ms): Min: 0.0, Avg: 0.0, Max: 0.0, Diff: 0.0, Sum: 0.0]
      [Table Fixup (ms): Min: 2.6, Avg: 2.7, Max: 2.8, Diff: 0.2, Sum: 26.6]
   [Clear CT: 1.0 ms]
   [Other: 1.7 ms]
      [Choose CSet: 0.0 ms]
      [Ref Proc: 0.6 ms]
      [Ref Enq: 0.0 ms]
      [Redirty Cards: 0.9 ms]
      [Humongous Register: 0.0 ms]
      [Humongous Reclaim: 0.0 ms]
      [Free CSet: 0.0 ms]
   [Eden: 49152.0K(49152.0K)->0.0B(11264.0K) Survivors: 2048.0K->2048.0K Heap: 235.8M(267.0M)->188.0M(267.0M)]
 [Times: user=0.00 sys=0.00, real=0.01 secs] 
2020-12-17T19:51:22.670+0530: 375889.241: [GC concurrent-string-deduplication, 10208.0B->2856.0B(7352.0B), avg 59.8%, 0.0001199 secs]
   [Last Exec: 0.0001199 secs, Idle: 300.2710478 secs, Blocked: 0/0.0000000 secs]
      [Inspected:             421]
         [Skipped:              0(  0.0%)]
         [Hashed:             120( 28.5%)]
         [Known:              212( 50.4%)]
         [New:                209( 49.6%)  10208.0B]
      [Deduplicated:          173( 82.8%)   7352.0B( 72.0%)]
         [Young:              173(100.0%)   7352.0B(100.0%)]
         [Old:                  0(  0.0%)      0.0B(  0.0%)]
   [Total Exec: 1505/0.8575002 secs, Idle: 1505/375887.9018225 secs, Blocked: 127/0.0900250 secs]
      [Inspected:         2898648]
         [Skipped:              0(  0.0%)]
         [Hashed:         1195609( 41.2%)]
         [Known:           185101(  6.4%)]
         [New:            2713547( 93.6%)    211.3M]
      [Deduplicated:      1901614( 70.1%)    126.4M( 59.8%)]
         [Young:           781818( 41.1%)  61475.1K( 47.5%)]
         [Old:            1119796( 58.9%)  67950.3K( 52.5%)]
   [Table]
      [Memory Usage: 8332.5K]
      [Size: 262144, Min: 1024, Max: 16777216]
      [Entries: 263927, Load: 100.7%, Cached: 4211, Added: 971089, Removed: 707162]
      [Resize Count: 8, Shrink Threshold: 174762(66.7%), Grow Threshold: 524288(200.0%)]
      [Rehash Count: 0, Rehash Threshold: 120, Hash Seed: 0x0]
      [Age Threshold: 3]
   [Queue]
      [Dropped: 0]
[GC concurrent-string-deduplication, deleted 0 entries, 0.0000007 secs]
2020-12-17T19:51:22.689+0530: 375889.260: [GC pause (G1 Evacuation Pause) (mixed), 0.0101344 secs]
   [Parallel Time: 5.3 ms, GC Workers: 10]
      [GC Worker Start (ms): Min: 375889260.0, Avg: 375889260.1, Max: 375889260.2, Diff: 0.2]
      [Ext Root Scanning (ms): Min: 0.6, Avg: 0.7, Max: 1.4, Diff: 0.9, Sum: 7.4]
      [Update RS (ms): Min: 0.0, Avg: 0.3, Max: 0.5, Diff: 0.5, Sum: 3.0]
         [Processed Buffers: Min: 0, Avg: 1.3, Max: 3, Diff: 3, Sum: 13]
      [Scan RS (ms): Min: 0.0, Avg: 0.1, Max: 0.2, Diff: 0.2, Sum: 1.3]
      [Code Root Scanning (ms): Min: 0.0, Avg: 0.0, Max: 0.0, Diff: 0.0, Sum: 0.0]
      [Object Copy (ms): Min: 3.6, Avg: 3.7, Max: 3.9, Diff: 0.3, Sum: 37.4]
      [Termination (ms): Min: 0.0, Avg: 0.1, Max: 0.2, Diff: 0.2, Sum: 1.4]
         [Termination Attempts: Min: 1, Avg: 1.0, Max: 1, Diff: 0, Sum: 10]
      [GC Worker Other (ms): Min: 0.0, Avg: 0.0, Max: 0.0, Diff: 0.0, Sum: 0.1]
      [GC Worker Total (ms): Min: 5.0, Avg: 5.1, Max: 5.2, Diff: 0.2, Sum: 50.6]
      [GC Worker End (ms): Min: 375889265.2, Avg: 375889265.2, Max: 375889265.2, Diff: 0.0]
   [Code Root Fixup: 0.0 ms]
   [Code Root Purge: 0.0 ms]
   [String Dedup Fixup: 2.5 ms, GC Workers: 10]
      [Queue Fixup (ms): Min: 0.0, Avg: 0.0, Max: 0.0, Diff: 0.0, Sum: 0.0]
      [Table Fixup (ms): Min: 1.8, Avg: 1.9, Max: 2.1, Diff: 0.3, Sum: 19.1]
   [Clear CT: 0.7 ms]
   [Other: 1.6 ms]
      [Choose CSet: 0.0 ms]
      [Ref Proc: 0.7 ms]
      [Ref Enq: 0.0 ms]
      [Redirty Cards: 0.7 ms]
      [Humongous Register: 0.0 ms]
      [Humongous Reclaim: 0.0 ms]
      [Free CSet: 0.0 ms]
   [Eden: 11264.0K(11264.0K)->0.0B(49152.0K) Survivors: 2048.0K->2048.0K Heap: 199.0M(267.0M)->187.6M(267.0M)]
 [Times: user=0.00 sys=0.00, real=0.01 secs] 
2020-12-17T19:51:22.699+0530: 375889.270: [GC concurrent-string-deduplication, 264.0B->264.0B(0.0B), avg 59.8%, 0.0000042 secs]
   [Last Exec: 0.0000042 secs, Idle: 0.0294657 secs, Blocked: 0/0.0000000 secs]
      [Inspected:               4]
         [Skipped:              0(  0.0%)]
         [Hashed:               1( 25.0%)]
         [Known:                3( 75.0%)]
         [New:                  1( 25.0%)    264.0B]
      [Deduplicated:            0(  0.0%)      0.0B(  0.0%)]
         [Young:                0(  0.0%)      0.0B(  0.0%)]
         [Old:                  0(  0.0%)      0.0B(  0.0%)]
   [Total Exec: 1506/0.8575044 secs, Idle: 1506/375887.9312882 secs, Blocked: 127/0.0900250 secs]
      [Inspected:         2898652]
         [Skipped:              0(  0.0%)]
         [Hashed:         1195610( 41.2%)]
         [Known:           185104(  6.4%)]
         [New:            2713548( 93.6%)    211.3M]
      [Deduplicated:      1901614( 70.1%)    126.4M( 59.8%)]
         [Young:           781818( 41.1%)  61475.1K( 47.5%)]
         [Old:            1119796( 58.9%)  67950.3K( 52.5%)]
   [Table]
      [Memory Usage: 8332.5K]
      [Size: 262144, Min: 1024, Max: 16777216]
      [Entries: 263911, Load: 100.7%, Cached: 4227, Added: 971090, Removed: 707179]
      [Resize Count: 8, Shrink Threshold: 174762(66.7%), Grow Threshold: 524288(200.0%)]
      [Rehash Count: 0, Rehash Threshold: 120, Hash Seed: 0x0]
      [Age Threshold: 3]
   [Queue]
      [Dropped: 0]
[GC concurrent-string-deduplication, deleted 0 entries, 0.0000006 secs]
2020-12-17T19:56:57.878+0530: 376224.449: [GC pause (G1 Evacuation Pause) (young), 0.0078609 secs]
   [Parallel Time: 2.9 ms, GC Workers: 10]
      [GC Worker Start (ms): Min: 376224449.1, Avg: 376224449.4, Max: 376224449.6, Diff: 0.5]
      [Ext Root Scanning (ms): Min: 0.4, Avg: 0.8, Max: 2.0, Diff: 1.6, Sum: 8.1]
      [Update RS (ms): Min: 0.4, Avg: 1.2, Max: 1.5, Diff: 1.1, Sum: 11.6]
         [Processed Buffers: Min: 2, Avg: 6.4, Max: 21, Diff: 19, Sum: 64]
      [Scan RS (ms): Min: 0.0, Avg: 0.0, Max: 0.0, Diff: 0.0, Sum: 0.0]
      [Code Root Scanning (ms): Min: 0.0, Avg: 0.0, Max: 0.0, Diff: 0.0, Sum: 0.1]
      [Object Copy (ms): Min: 0.1, Avg: 0.3, Max: 0.4, Diff: 0.3, Sum: 2.8]
      [Termination (ms): Min: 0.0, Avg: 0.1, Max: 0.1, Diff: 0.1, Sum: 0.6]
         [Termination Attempts: Min: 1, Avg: 1.6, Max: 3, Diff: 2, Sum: 16]
      [GC Worker Other (ms): Min: 0.0, Avg: 0.0, Max: 0.0, Diff: 0.0, Sum: 0.1]
      [GC Worker Total (ms): Min: 2.1, Avg: 2.3, Max: 2.6, Diff: 0.5, Sum: 23.4]
      [GC Worker End (ms): Min: 376224451.7, Avg: 376224451.7, Max: 376224451.7, Diff: 0.0]
   [Code Root Fixup: 0.0 ms]
   [Code Root Purge: 0.0 ms]
   [String Dedup Fixup: 2.6 ms, GC Workers: 10]
      [Queue Fixup (ms): Min: 0.0, Avg: 0.0, Max: 0.0, Diff: 0.0, Sum: 0.0]
      [Table Fixup (ms): Min: 1.9, Avg: 2.0, Max: 2.2, Diff: 0.3, Sum: 19.8]
   [Clear CT: 0.8 ms]
   [Other: 1.5 ms]
      [Choose CSet: 0.0 ms]
      [Ref Proc: 0.6 ms]
      [Ref Enq: 0.0 ms]
      [Redirty Cards: 0.7 ms]
      [Humongous Register: 0.0 ms]
      [Humongous Reclaim: 0.0 ms]
      [Free CSet: 0.0 ms]
   [Eden: 49152.0K(49152.0K)->0.0B(51200.0K) Survivors: 2048.0K->1024.0K Heap: 235.6M(267.0M)->187.2M(267.0M)]
 [Times: user=0.00 sys=0.00, real=0.01 secs] 
2020-12-17T19:56:57.886+0530: 376224.457: [GC concurrent-string-deduplication, 2056.0B->1904.0B(152.0B), avg 59.8%, 0.0000140 secs]
   [Last Exec: 0.0000140 secs, Idle: 335.1867441 secs, Blocked: 0/0.0000000 secs]
      [Inspected:              30]
         [Skipped:              0(  0.0%)]
         [Hashed:               7( 23.3%)]
         [Known:               21( 70.0%)]
         [New:                  9( 30.0%)   2056.0B]
      [Deduplicated:            2( 22.2%)    152.0B(  7.4%)]
         [Young:                2(100.0%)    152.0B(100.0%)]
         [Old:                  0(  0.0%)      0.0B(  0.0%)]
   [Total Exec: 1507/0.8575184 secs, Idle: 1507/376223.1180323 secs, Blocked: 127/0.0900250 secs]
      [Inspected:         2898682]
         [Skipped:              0(  0.0%)]
         [Hashed:         1195617( 41.2%)]
         [Known:           185125(  6.4%)]
         [New:            2713557( 93.6%)    211.3M]
      [Deduplicated:      1901616( 70.1%)    126.4M( 59.8%)]
         [Young:           781820( 41.1%)  61475.2K( 47.5%)]
         [Old:            1119796( 58.9%)  67950.3K( 52.5%)]
   [Table]
      [Memory Usage: 8332.5K]
      [Size: 262144, Min: 1024, Max: 16777216]
      [Entries: 263919, Load: 100.7%, Cached: 4219, Added: 971098, Removed: 707179]
      [Resize Count: 8, Shrink Threshold: 174762(66.7%), Grow Threshold: 524288(200.0%)]
      [Rehash Count: 0, Rehash Threshold: 120, Hash Seed: 0x0]
      [Age Threshold: 3]
   [Queue]
      [Dropped: 0]
[GC concurrent-string-deduplication, deleted 0 entries, 0.0000009 secs]
2020-12-17T20:05:19.470+0530: 376726.041: [GC pause (G1 Evacuation Pause) (young) (initial-mark), 0.0127215 secs]
   [Parallel Time: 7.7 ms, GC Workers: 10]
      [GC Worker Start (ms): Min: 376726041.7, Avg: 376726042.5, Max: 376726043.2, Diff: 1.5]
      [Ext Root Scanning (ms): Min: 4.1, Avg: 5.0, Max: 6.0, Diff: 2.0, Sum: 50.0]
      [Update RS (ms): Min: 0.5, Avg: 0.7, Max: 0.9, Diff: 0.4, Sum: 6.7]
         [Processed Buffers: Min: 2, Avg: 6.0, Max: 19, Diff: 17, Sum: 60]
      [Scan RS (ms): Min: 0.0, Avg: 0.0, Max: 0.0, Diff: 0.0, Sum: 0.0]
      [Code Root Scanning (ms): Min: 0.0, Avg: 0.0, Max: 0.0, Diff: 0.0, Sum: 0.0]
      [Object Copy (ms): Min: 0.2, Avg: 0.6, Max: 1.0, Diff: 0.8, Sum: 6.0]
      [Termination (ms): Min: 0.0, Avg: 0.0, Max: 0.0, Diff: 0.0, Sum: 0.1]
         [Termination Attempts: Min: 1, Avg: 1.0, Max: 1, Diff: 0, Sum: 10]
      [GC Worker Other (ms): Min: 0.0, Avg: 0.0, Max: 0.1, Diff: 0.0, Sum: 0.3]
      [GC Worker Total (ms): Min: 5.6, Avg: 6.3, Max: 7.1, Diff: 1.5, Sum: 63.2]
      [GC Worker End (ms): Min: 376726048.8, Avg: 376726048.8, Max: 376726048.8, Diff: 0.0]
   [Code Root Fixup: 0.0 ms]
   [Code Root Purge: 0.0 ms]
   [String Dedup Fixup: 2.6 ms, GC Workers: 10]
      [Queue Fixup (ms): Min: 0.0, Avg: 0.0, Max: 0.0, Diff: 0.0, Sum: 0.0]
      [Table Fixup (ms): Min: 1.8, Avg: 1.9, Max: 2.1, Diff: 0.3, Sum: 19.4]
   [Clear CT: 0.8 ms]
   [Other: 1.7 ms]
      [Choose CSet: 0.0 ms]
      [Ref Proc: 0.4 ms]
      [Ref Enq: 0.0 ms]
      [Redirty Cards: 0.7 ms]
      [Humongous Register: 0.0 ms]
      [Humongous Reclaim: 0.0 ms]
      [Free CSet: 0.0 ms]
   [Eden: 51200.0K(51200.0K)->0.0B(49152.0K) Survivors: 1024.0K->2048.0K Heap: 237.2M(267.0M)->187.3M(267.0M)]
 [Times: user=0.00 sys=0.00, real=0.01 secs] 
2020-12-17T20:05:19.483+0530: 376726.054: [GC concurrent-root-region-scan-start]
2020-12-17T20:05:19.486+0530: 376726.056: [GC concurrent-root-region-scan-end, 0.0022889 secs]
2020-12-17T20:05:19.486+0530: 376726.056: [GC concurrent-mark-start]
2020-12-17T20:05:19.563+0530: 376726.134: [GC concurrent-mark-end, 0.0777335 secs]
2020-12-17T20:05:19.564+0530: 376726.134: [GC remark 2020-12-17T20:05:19.564+0530: 376726.134: [Finalize Marking, 0.0007396 secs] 2020-12-17T20:05:19.565+0530: 376726.135: [GC ref-proc, 0.0004794 secs] 2020-12-17T20:05:19.565+0530: 376726.136: [Unloading, 0.0239288 secs], 0.0261033 secs]
 [Times: user=0.16 sys=0.00, real=0.03 secs] 
2020-12-17T20:05:19.591+0530: 376726.161: [GC cleanup 187M->187M(267M), 0.0032006 secs]
 [Times: user=0.00 sys=0.00, real=0.00 secs] 
2020-12-17T20:11:23.629+0530: 377090.200: [GC pause (G1 Evacuation Pause) (young), 0.0073809 secs]
   [Parallel Time: 2.8 ms, GC Workers: 10]
      [GC Worker Start (ms): Min: 377090199.8, Avg: 377090200.0, Max: 377090200.2, Diff: 0.4]
      [Ext Root Scanning (ms): Min: 0.6, Avg: 0.8, Max: 2.0, Diff: 1.4, Sum: 8.0]
      [Update RS (ms): Min: 0.0, Avg: 0.7, Max: 1.0, Diff: 1.0, Sum: 6.8]
         [Processed Buffers: Min: 0, Avg: 6.0, Max: 17, Diff: 17, Sum: 60]
      [Scan RS (ms): Min: 0.0, Avg: 0.0, Max: 0.0, Diff: 0.0, Sum: 0.0]
      [Code Root Scanning (ms): Min: 0.0, Avg: 0.0, Max: 0.0, Diff: 0.0, Sum: 0.0]
      [Object Copy (ms): Min: 0.1, Avg: 0.3, Max: 0.4, Diff: 0.3, Sum: 2.9]
      [Termination (ms): Min: 0.0, Avg: 0.1, Max: 0.1, Diff: 0.1, Sum: 0.5]
         [Termination Attempts: Min: 1, Avg: 2.0, Max: 3, Diff: 2, Sum: 20]
      [GC Worker Other (ms): Min: 0.0, Avg: 0.0, Max: 0.0, Diff: 0.0, Sum: 0.1]
      [GC Worker Total (ms): Min: 1.7, Avg: 1.8, Max: 2.1, Diff: 0.4, Sum: 18.4]
      [GC Worker End (ms): Min: 377090201.9, Avg: 377090201.9, Max: 377090201.9, Diff: 0.0]
   [Code Root Fixup: 0.0 ms]
   [Code Root Purge: 0.0 ms]
   [String Dedup Fixup: 2.5 ms, GC Workers: 10]
      [Queue Fixup (ms): Min: 0.0, Avg: 0.0, Max: 0.0, Diff: 0.0, Sum: 0.0]
      [Table Fixup (ms): Min: 1.8, Avg: 1.8, Max: 2.0, Diff: 0.2, Sum: 18.4]
   [Clear CT: 0.8 ms]
   [Other: 1.2 ms]
      [Choose CSet: 0.0 ms]
      [Ref Proc: 0.4 ms]
      [Ref Enq: 0.0 ms]
      [Redirty Cards: 0.7 ms]
      [Humongous Register: 0.0 ms]
      [Humongous Reclaim: 0.0 ms]
      [Free CSet: 0.0 ms]
   [Eden: 49152.0K(49152.0K)->0.0B(49152.0K) Survivors: 2048.0K->2048.0K Heap: 235.3M(267.0M)->187.3M(267.0M)]
 [Times: user=0.00 sys=0.00, real=0.01 secs] 
2020-12-17T20:11:23.636+0530: 377090.207: [GC concurrent-string-deduplication, 264.0B->264.0B(0.0B), avg 59.8%, 0.0000034 secs]
   [Last Exec: 0.0000034 secs, Idle: 865.7502298 secs, Blocked: 0/0.0000000 secs]
      [Inspected:               2]
         [Skipped:              0(  0.0%)]
         [Hashed:               1( 50.0%)]
         [Known:                1( 50.0%)]
         [New:                  1( 50.0%)    264.0B]
      [Deduplicated:            0(  0.0%)      0.0B(  0.0%)]
         [Young:                0(  0.0%)      0.0B(  0.0%)]
         [Old:                  0(  0.0%)      0.0B(  0.0%)]
   [Total Exec: 1508/0.8575218 secs, Idle: 1508/377088.8682621 secs, Blocked: 127/0.0900250 secs]
      [Inspected:         2898684]
         [Skipped:              0(  0.0%)]
         [Hashed:         1195618( 41.2%)]
         [Known:           185126(  6.4%)]
         [New:            2713558( 93.6%)    211.3M]
      [Deduplicated:      1901616( 70.1%)    126.4M( 59.8%)]
         [Young:           781820( 41.1%)  61475.2K( 47.5%)]
         [Old:            1119796( 58.9%)  67950.3K( 52.5%)]
   [Table]
      [Memory Usage: 8332.5K]
      [Size: 262144, Min: 1024, Max: 16777216]
      [Entries: 263867, Load: 100.7%, Cached: 4271, Added: 971099, Removed: 707232]
      [Resize Count: 8, Shrink Threshold: 174762(66.7%), Grow Threshold: 524288(200.0%)]
      [Rehash Count: 0, Rehash Threshold: 120, Hash Seed: 0x0]
      [Age Threshold: 3]
   [Queue]
      [Dropped: 0]
[GC concurrent-string-deduplication, deleted 0 entries, 0.0000009 secs]
2020-12-17T20:16:23.925+0530: 377390.496: [GC pause (G1 Evacuation Pause) (young), 0.0067973 secs]
   [Parallel Time: 2.1 ms, GC Workers: 10]
      [GC Worker Start (ms): Min: 377390495.7, Avg: 377390495.8, Max: 377390495.9, Diff: 0.2]
      [Ext Root Scanning (ms): Min: 0.6, Avg: 0.8, Max: 2.0, Diff: 1.4, Sum: 8.3]
      [Update RS (ms): Min: 0.0, Avg: 0.6, Max: 0.9, Diff: 0.9, Sum: 6.3]
         [Processed Buffers: Min: 0, Avg: 5.1, Max: 14, Diff: 14, Sum: 51]
      [Scan RS (ms): Min: 0.0, Avg: 0.0, Max: 0.0, Diff: 0.0, Sum: 0.0]
      [Code Root Scanning (ms): Min: 0.0, Avg: 0.0, Max: 0.0, Diff: 0.0, Sum: 0.0]
      [Object Copy (ms): Min: 0.0, Avg: 0.3, Max: 0.5, Diff: 0.5, Sum: 3.4]
      [Termination (ms): Min: 0.0, Avg: 0.1, Max: 0.1, Diff: 0.1, Sum: 0.8]
         [Termination Attempts: Min: 1, Avg: 1.0, Max: 1, Diff: 0, Sum: 10]
      [GC Worker Other (ms): Min: 0.0, Avg: 0.0, Max: 0.0, Diff: 0.0, Sum: 0.1]
      [GC Worker Total (ms): Min: 1.8, Avg: 1.9, Max: 2.0, Diff: 0.2, Sum: 19.0]
      [GC Worker End (ms): Min: 377390497.7, Avg: 377390497.7, Max: 377390497.7, Diff: 0.0]
   [Code Root Fixup: 0.0 ms]
   [Code Root Purge: 0.0 ms]
   [String Dedup Fixup: 2.9 ms, GC Workers: 10]
      [Queue Fixup (ms): Min: 0.0, Avg: 0.0, Max: 0.0, Diff: 0.0, Sum: 0.0]
      [Table Fixup (ms): Min: 2.2, Avg: 2.3, Max: 2.4, Diff: 0.2, Sum: 23.3]
   [Clear CT: 0.7 ms]
   [Other: 1.1 ms]
      [Choose CSet: 0.0 ms]
      [Ref Proc: 0.3 ms]
      [Ref Enq: 0.0 ms]
      [Redirty Cards: 0.6 ms]
      [Humongous Register: 0.0 ms]
      [Humongous Reclaim: 0.0 ms]
      [Free CSet: 0.1 ms]
   [Eden: 49152.0K(49152.0K)->0.0B(49152.0K) Survivors: 2048.0K->2048.0K Heap: 235.3M(267.0M)->187.3M(267.0M)]
 [Times: user=0.00 sys=0.00, real=0.01 secs] 
2020-12-17T20:16:23.932+0530: 377390.503: [GC concurrent-string-deduplication, 528.0B->528.0B(0.0B), avg 59.8%, 0.0000038 secs]
   [Last Exec: 0.0000038 secs, Idle: 300.2952649 secs, Blocked: 0/0.0000000 secs]
      [Inspected:               2]
         [Skipped:              0(  0.0%)]
         [Hashed:               2(100.0%)]
         [Known:                0(  0.0%)]
         [New:                  2(100.0%)    528.0B]
      [Deduplicated:            0(  0.0%)      0.0B(  0.0%)]
         [Young:                0(  0.0%)      0.0B(  0.0%)]
         [Old:                  0(  0.0%)      0.0B(  0.0%)]
   [Total Exec: 1509/0.8575256 secs, Idle: 1509/377389.1635270 secs, Blocked: 127/0.0900250 secs]
      [Inspected:         2898686]
         [Skipped:              0(  0.0%)]
         [Hashed:         1195620( 41.2%)]
         [Known:           185126(  6.4%)]
         [New:            2713560( 93.6%)    211.3M]
      [Deduplicated:      1901616( 70.1%)    126.4M( 59.8%)]
         [Young:           781820( 41.1%)  61475.2K( 47.5%)]
         [Old:            1119796( 58.9%)  67950.3K( 52.5%)]
   [Table]
      [Memory Usage: 8332.5K]
      [Size: 262144, Min: 1024, Max: 16777216]
      [Entries: 263869, Load: 100.7%, Cached: 4269, Added: 971101, Removed: 707232]
      [Resize Count: 8, Shrink Threshold: 174762(66.7%), Grow Threshold: 524288(200.0%)]
      [Rehash Count: 0, Rehash Threshold: 120, Hash Seed: 0x0]
      [Age Threshold: 3]
   [Queue]
      [Dropped: 0]
[GC concurrent-string-deduplication, deleted 0 entries, 0.0000009 secs]
2020-12-17T20:21:27.244+0530: 377693.814: [GC pause (G1 Evacuation Pause) (young) (initial-mark), 0.0102078 secs]
   [Parallel Time: 3.5 ms, GC Workers: 10]
      [GC Worker Start (ms): Min: 377693814.6, Avg: 377693814.7, Max: 377693814.8, Diff: 0.3]
      [Ext Root Scanning (ms): Min: 1.5, Avg: 1.7, Max: 1.9, Diff: 0.4, Sum: 16.7]
      [Update RS (ms): Min: 0.5, Avg: 0.7, Max: 0.9, Diff: 0.4, Sum: 7.1]
         [Processed Buffers: Min: 2, Avg: 6.2, Max: 14, Diff: 12, Sum: 62]
      [Scan RS (ms): Min: 0.0, Avg: 0.0, Max: 0.0, Diff: 0.0, Sum: 0.0]
      [Code Root Scanning (ms): Min: 0.0, Avg: 0.0, Max: 0.0, Diff: 0.0, Sum: 0.1]
      [Object Copy (ms): Min: 0.2, Avg: 0.3, Max: 0.5, Diff: 0.3, Sum: 3.3]
      [Termination (ms): Min: 0.0, Avg: 0.0, Max: 0.0, Diff: 0.0, Sum: 0.0]
         [Termination Attempts: Min: 1, Avg: 1.0, Max: 1, Diff: 0, Sum: 10]
      [GC Worker Other (ms): Min: 0.0, Avg: 0.0, Max: 0.1, Diff: 0.1, Sum: 0.3]
      [GC Worker Total (ms): Min: 2.6, Avg: 2.8, Max: 2.9, Diff: 0.3, Sum: 27.6]
      [GC Worker End (ms): Min: 377693817.5, Avg: 377693817.5, Max: 377693817.6, Diff: 0.1]
   [Code Root Fixup: 0.0 ms]
   [Code Root Purge: 0.0 ms]
   [String Dedup Fixup: 2.9 ms, GC Workers: 10]
      [Queue Fixup (ms): Min: 0.0, Avg: 0.0, Max: 0.0, Diff: 0.0, Sum: 0.0]
      [Table Fixup (ms): Min: 2.2, Avg: 2.3, Max: 2.5, Diff: 0.2, Sum: 23.4]
   [Clear CT: 0.8 ms]
   [Other: 3.0 ms]
      [Choose CSet: 0.0 ms]
      [Ref Proc: 2.1 ms]
      [Ref Enq: 0.0 ms]
      [Redirty Cards: 0.7 ms]
      [Humongous Register: 0.0 ms]
      [Humongous Reclaim: 0.0 ms]
      [Free CSet: 0.0 ms]
   [Eden: 49152.0K(49152.0K)->0.0B(45056.0K) Survivors: 2048.0K->4096.0K Heap: 235.3M(267.0M)->189.6M(267.0M)]
 [Times: user=0.05 sys=0.00, real=0.01 secs] 
2020-12-17T20:21:27.254+0530: 377693.825: [GC concurrent-string-deduplication, 264.0B->264.0B(0.0B), avg 59.8%, 0.0000032 secs]
   [Last Exec: 0.0000032 secs, Idle: 303.3221312 secs, Blocked: 0/0.0000000 secs]
      [Inspected:               1]
         [Skipped:              0(  0.0%)]
         [Hashed:               1(100.0%)]
         [Known:                0(  0.0%)]
         [New:                  1(100.0%)    264.0B]
      [Deduplicated:            0(  0.0%)      0.0B(  0.0%)]
         [Young:                0(  0.0%)      0.0B(  0.0%)]
         [Old:                  0(  0.0%)      0.0B(  0.0%)]
2020-12-17T20:21:27.254+0530:    [Total Exec: 1510/0.8575288 secs, Idle: 1510/377692.4856582 secs, Blocked: 127/0.0900250 secs]
377693.825: [GC concurrent-root-region-scan-start]
      [Inspected:         2898687]
         [Skipped:              0(  0.0%)]
         [Hashed:         1195621( 41.2%)]
         [Known:           185126(  6.4%)]
         [New:            2713561( 93.6%)    211.3M]
      [Deduplicated:      1901616( 70.1%)    126.4M( 59.8%)]
         [Young:           781820( 41.1%)  61475.2K( 47.5%)]
         [Old:            1119796( 58.9%)  67950.3K( 52.5%)]
   [Table]
      [Memory Usage: 8332.5K]
      [Size: 262144, Min: 1024, Max: 16777216]
      [Entries: 263865, Load: 100.7%, Cached: 4273, Added: 971113, Removed: 707248]
      [Resize Count: 8, Shrink Threshold: 174762(66.7%), Grow Threshold: 524288(200.0%)]
      [Rehash Count: 0, Rehash Threshold: 120, Hash Seed: 0x0]
      [Age Threshold: 3]
   [Queue]
      [Dropped: 0]
[GC concurrent-string-deduplication, deleted 0 entries, 0.0000007 secs]
2020-12-17T20:21:27.256+0530: 377693.827: [GC concurrent-root-region-scan-end, 0.0018961 secs]
2020-12-17T20:21:27.256+0530: 377693.827: [GC concurrent-mark-start]
2020-12-17T20:21:27.341+0530: 377693.912: [GC concurrent-mark-end, 0.0851139 secs]
2020-12-17T20:21:27.341+0530: 377693.912: [GC remark 2020-12-17T20:21:27.341+0530: 377693.912: [Finalize Marking, 0.0005907 secs] 2020-12-17T20:21:27.342+0530: 377693.913: [GC ref-proc, 0.0006016 secs] 2020-12-17T20:21:27.342+0530: 377693.914: [Unloading, 0.0223839 secs], 0.0246828 secs]
 [Times: user=0.17 sys=0.00, real=0.02 secs] 
2020-12-17T20:21:27.366+0530: 377693.938: [GC cleanup 210M->210M(267M), 0.0041957 secs]
 [Times: user=0.00 sys=0.00, real=0.01 secs] 
2020-12-17T20:26:27.513+0530: 377994.084: [GC pause (G1 Evacuation Pause) (young), 0.0079679 secs]
   [Parallel Time: 2.7 ms, GC Workers: 10]
      [GC Worker Start (ms): Min: 377994084.5, Avg: 377994084.7, Max: 377994084.8, Diff: 0.3]
      [Ext Root Scanning (ms): Min: 0.6, Avg: 0.9, Max: 2.2, Diff: 1.6, Sum: 9.3]
      [Update RS (ms): Min: 0.0, Avg: 0.7, Max: 1.0, Diff: 1.0, Sum: 7.3]
         [Processed Buffers: Min: 0, Avg: 5.7, Max: 21, Diff: 21, Sum: 57]
      [Scan RS (ms): Min: 0.0, Avg: 0.0, Max: 0.0, Diff: 0.0, Sum: 0.0]
      [Code Root Scanning (ms): Min: 0.0, Avg: 0.0, Max: 0.1, Diff: 0.1, Sum: 0.1]
      [Object Copy (ms): Min: 0.0, Avg: 0.3, Max: 0.5, Diff: 0.5, Sum: 3.1]
      [Termination (ms): Min: 0.0, Avg: 0.1, Max: 0.1, Diff: 0.1, Sum: 0.8]
         [Termination Attempts: Min: 1, Avg: 1.0, Max: 1, Diff: 0, Sum: 10]
      [GC Worker Other (ms): Min: 0.0, Avg: 0.0, Max: 0.0, Diff: 0.0, Sum: 0.2]
      [GC Worker Total (ms): Min: 1.9, Avg: 2.1, Max: 2.3, Diff: 0.3, Sum: 20.8]
      [GC Worker End (ms): Min: 377994086.8, Avg: 377994086.8, Max: 377994086.8, Diff: 0.0]
   [Code Root Fixup: 0.0 ms]
   [Code Root Purge: 0.0 ms]
   [String Dedup Fixup: 2.6 ms, GC Workers: 10]
      [Queue Fixup (ms): Min: 0.0, Avg: 0.0, Max: 0.0, Diff: 0.0, Sum: 0.0]
      [Table Fixup (ms): Min: 2.0, Avg: 2.1, Max: 2.3, Diff: 0.3, Sum: 21.3]
   [Clear CT: 0.9 ms]
   [Other: 1.6 ms]
      [Choose CSet: 0.0 ms]
      [Ref Proc: 0.7 ms]
      [Ref Enq: 0.0 ms]
      [Redirty Cards: 0.8 ms]
      [Humongous Register: 0.0 ms]
      [Humongous Reclaim: 0.0 ms]
      [Free CSet: 0.0 ms]
   [Eden: 45056.0K(45056.0K)->0.0B(11264.0K) Survivors: 4096.0K->2048.0K Heap: 233.6M(267.0M)->187.6M(267.0M)]
 [Times: user=0.16 sys=0.00, real=0.01 secs] 
2020-12-17T20:26:27.521+0530: 377994.093: [GC concurrent-string-deduplication, 264.0B->264.0B(0.0B), avg 59.8%, 0.0000034 secs]
   [Last Exec: 0.0000034 secs, Idle: 300.2677716 secs, Blocked: 0/0.0000000 secs]
      [Inspected:               1]
         [Skipped:              0(  0.0%)]
         [Hashed:               1(100.0%)]
         [Known:                0(  0.0%)]
         [New:                  1(100.0%)    264.0B]
      [Deduplicated:            0(  0.0%)      0.0B(  0.0%)]
         [Young:                0(  0.0%)      0.0B(  0.0%)]
         [Old:                  0(  0.0%)      0.0B(  0.0%)]
   [Total Exec: 1511/0.8575322 secs, Idle: 1511/377992.7534298 secs, Blocked: 127/0.0900250 secs]
      [Inspected:         2898688]
         [Skipped:              0(  0.0%)]
         [Hashed:         1195622( 41.2%)]
         [Known:           185126(  6.4%)]
         [New:            2713562( 93.6%)    211.3M]
      [Deduplicated:      1901616( 70.1%)    126.4M( 59.8%)]
         [Young:           781820( 41.1%)  61475.2K( 47.5%)]
         [Old:            1119796( 58.9%)  67950.3K( 52.5%)]
   [Table]
      [Memory Usage: 8332.5K]
      [Size: 262144, Min: 1024, Max: 16777216]
      [Entries: 263778, Load: 100.6%, Cached: 4360, Added: 971114, Removed: 707336]
      [Resize Count: 8, Shrink Threshold: 174762(66.7%), Grow Threshold: 524288(200.0%)]
      [Rehash Count: 0, Rehash Threshold: 120, Hash Seed: 0x0]
      [Age Threshold: 3]
   [Queue]
      [Dropped: 0]
[GC concurrent-string-deduplication, deleted 0 entries, 0.0000008 secs]
2020-12-17T20:26:27.539+0530: 377994.110: [GC pause (G1 Evacuation Pause) (mixed), 0.0070028 secs]
   [Parallel Time: 2.6 ms, GC Workers: 10]
      [GC Worker Start (ms): Min: 377994110.0, Avg: 377994110.2, Max: 377994110.3, Diff: 0.3]
      [Ext Root Scanning (ms): Min: 0.6, Avg: 0.8, Max: 1.5, Diff: 1.0, Sum: 7.7]
      [Update RS (ms): Min: 0.0, Avg: 0.3, Max: 0.4, Diff: 0.4, Sum: 2.6]
         [Processed Buffers: Min: 0, Avg: 1.4, Max: 4, Diff: 4, Sum: 14]
      [Scan RS (ms): Min: 0.0, Avg: 0.1, Max: 0.3, Diff: 0.3, Sum: 1.2]
      [Code Root Scanning (ms): Min: 0.0, Avg: 0.0, Max: 0.0, Diff: 0.0, Sum: 0.0]
      [Object Copy (ms): Min: 0.2, Avg: 0.5, Max: 0.6, Diff: 0.3, Sum: 4.6]
      [Termination (ms): Min: 0.0, Avg: 0.0, Max: 0.0, Diff: 0.0, Sum: 0.2]
         [Termination Attempts: Min: 1, Avg: 1.0, Max: 1, Diff: 0, Sum: 10]
      [GC Worker Other (ms): Min: 0.0, Avg: 0.0, Max: 0.0, Diff: 0.0, Sum: 0.1]
      [GC Worker Total (ms): Min: 1.5, Avg: 1.7, Max: 1.8, Diff: 0.3, Sum: 16.6]
      [GC Worker End (ms): Min: 377994111.8, Avg: 377994111.8, Max: 377994111.8, Diff: 0.0]
   [Code Root Fixup: 0.0 ms]
   [Code Root Purge: 0.0 ms]
   [String Dedup Fixup: 2.4 ms, GC Workers: 10]
      [Queue Fixup (ms): Min: 0.0, Avg: 0.0, Max: 0.0, Diff: 0.0, Sum: 0.0]
      [Table Fixup (ms): Min: 1.7, Avg: 1.8, Max: 2.0, Diff: 0.3, Sum: 18.1]
   [Clear CT: 0.8 ms]
   [Other: 1.2 ms]
      [Choose CSet: 0.0 ms]
      [Ref Proc: 0.4 ms]
      [Ref Enq: 0.0 ms]
      [Redirty Cards: 0.7 ms]
      [Humongous Register: 0.0 ms]
      [Humongous Reclaim: 0.0 ms]
      [Free CSet: 0.0 ms]
   [Eden: 11264.0K(11264.0K)->0.0B(49152.0K) Survivors: 2048.0K->2048.0K Heap: 198.6M(267.0M)->187.4M(267.0M)]
 [Times: user=0.00 sys=0.00, real=0.01 secs] 
2020-12-17T20:26:27.546+0530: 377994.117: [GC concurrent-string-deduplication, 7144.0B->4888.0B(2256.0B), avg 59.8%, 0.0000302 secs]
   [Last Exec: 0.0000302 secs, Idle: 0.0244683 secs, Blocked: 0/0.0000000 secs]
      [Inspected:             115]
         [Skipped:              0(  0.0%)]
         [Hashed:              94( 81.7%)]
         [Known:               11(  9.6%)]
         [New:                104( 90.4%)   7144.0B]
      [Deduplicated:           60( 57.7%)   2256.0B( 31.6%)]
         [Young:               60(100.0%)   2256.0B(100.0%)]
         [Old:                  0(  0.0%)      0.0B(  0.0%)]
   [Total Exec: 1512/0.8575624 secs, Idle: 1512/377992.7778981 secs, Blocked: 127/0.0900250 secs]
      [Inspected:         2898803]
         [Skipped:              0(  0.0%)]
         [Hashed:         1195716( 41.2%)]
         [Known:           185137(  6.4%)]
         [New:            2713666( 93.6%)    211.3M]
      [Deduplicated:      1901676( 70.1%)    126.4M( 59.8%)]
         [Young:           781880( 41.1%)  61477.4K( 47.5%)]
         [Old:            1119796( 58.9%)  67950.3K( 52.5%)]
   [Table]
      [Memory Usage: 8332.5K]
      [Size: 262144, Min: 1024, Max: 16777216]
      [Entries: 263821, Load: 100.6%, Cached: 4317, Added: 971158, Removed: 707337]
      [Resize Count: 8, Shrink Threshold: 174762(66.7%), Grow Threshold: 524288(200.0%)]
      [Rehash Count: 0, Rehash Threshold: 120, Hash Seed: 0x0]
      [Age Threshold: 3]
   [Queue]
      [Dropped: 0]
[GC concurrent-string-deduplication, deleted 0 entries, 0.0000010 secs]
2020-12-17T20:31:27.870+0530: 378294.440: [GC pause (G1 Evacuation Pause) (young), 0.0086861 secs]
   [Parallel Time: 3.0 ms, GC Workers: 10]
      [GC Worker Start (ms): Min: 378294440.6, Avg: 378294440.7, Max: 378294440.9, Diff: 0.3]
      [Ext Root Scanning (ms): Min: 0.6, Avg: 0.8, Max: 1.7, Diff: 1.2, Sum: 8.4]
      [Update RS (ms): Min: 0.3, Avg: 1.0, Max: 1.4, Diff: 1.0, Sum: 10.1]
         [Processed Buffers: Min: 1, Avg: 5.3, Max: 15, Diff: 14, Sum: 53]
      [Scan RS (ms): Min: 0.0, Avg: 0.0, Max: 0.0, Diff: 0.0, Sum: 0.0]
      [Code Root Scanning (ms): Min: 0.0, Avg: 0.0, Max: 0.0, Diff: 0.0, Sum: 0.0]
      [Object Copy (ms): Min: 0.1, Avg: 0.3, Max: 0.4, Diff: 0.3, Sum: 3.1]
      [Termination (ms): Min: 0.0, Avg: 0.1, Max: 0.1, Diff: 0.1, Sum: 0.7]
         [Termination Attempts: Min: 1, Avg: 1.0, Max: 1, Diff: 0, Sum: 10]
      [GC Worker Other (ms): Min: 0.0, Avg: 0.0, Max: 0.0, Diff: 0.0, Sum: 0.1]
      [GC Worker Total (ms): Min: 2.1, Avg: 2.3, Max: 2.4, Diff: 0.3, Sum: 22.5]
      [GC Worker End (ms): Min: 378294443.0, Avg: 378294443.0, Max: 378294443.0, Diff: 0.0]
   [Code Root Fixup: 0.0 ms]
   [Code Root Purge: 0.0 ms]
   [String Dedup Fixup: 2.9 ms, GC Workers: 10]
      [Queue Fixup (ms): Min: 0.0, Avg: 0.0, Max: 0.0, Diff: 0.0, Sum: 0.0]
      [Table Fixup (ms): Min: 2.0, Avg: 2.1, Max: 2.3, Diff: 0.3, Sum: 21.2]
   [Clear CT: 0.8 ms]
   [Other: 2.0 ms]
      [Choose CSet: 0.0 ms]
      [Ref Proc: 1.0 ms]
      [Ref Enq: 0.0 ms]
      [Redirty Cards: 0.8 ms]
      [Humongous Register: 0.0 ms]
      [Humongous Reclaim: 0.0 ms]
      [Free CSet: 0.1 ms]
   [Eden: 49152.0K(49152.0K)->0.0B(49152.0K) Survivors: 2048.0K->2048.0K Heap: 235.4M(267.0M)->187.5M(267.0M)]
 [Times: user=0.16 sys=0.00, real=0.01 secs] 
2020-12-17T20:31:27.879+0530: 378294.449: [GC concurrent-string-deduplication, 264.0B->264.0B(0.0B), avg 59.8%, 0.0000037 secs]
   [Last Exec: 0.0000037 secs, Idle: 300.3321880 secs, Blocked: 0/0.0000000 secs]
      [Inspected:               1]
         [Skipped:              0(  0.0%)]
         [Hashed:               1(100.0%)]
         [Known:                0(  0.0%)]
         [New:                  1(100.0%)    264.0B]
      [Deduplicated:            0(  0.0%)      0.0B(  0.0%)]
         [Young:                0(  0.0%)      0.0B(  0.0%)]
         [Old:                  0(  0.0%)      0.0B(  0.0%)]
   [Total Exec: 1513/0.8575661 secs, Idle: 1513/378293.1100861 secs, Blocked: 127/0.0900250 secs]
      [Inspected:         2898804]
         [Skipped:              0(  0.0%)]
         [Hashed:         1195717( 41.2%)]
         [Known:           185137(  6.4%)]
         [New:            2713667( 93.6%)    211.3M]
      [Deduplicated:      1901676( 70.1%)    126.4M( 59.8%)]
         [Young:           781880( 41.1%)  61477.4K( 47.5%)]
         [Old:            1119796( 58.9%)  67950.3K( 52.5%)]
   [Table]
      [Memory Usage: 8332.5K]
      [Size: 262144, Min: 1024, Max: 16777216]
      [Entries: 263822, Load: 100.6%, Cached: 4316, Added: 971159, Removed: 707337]
      [Resize Count: 8, Shrink Threshold: 174762(66.7%), Grow Threshold: 524288(200.0%)]
      [Rehash Count: 0, Rehash Threshold: 120, Hash Seed: 0x0]
      [Age Threshold: 3]
   [Queue]
      [Dropped: 0]
[GC concurrent-string-deduplication, deleted 0 entries, 0.0000006 secs]
2020-12-17T20:37:42.140+0530: 378668.711: [GC pause (G1 Evacuation Pause) (young) (initial-mark), 0.0087626 secs]
   [Parallel Time: 3.7 ms, GC Workers: 10]
      [GC Worker Start (ms): Min: 378668710.9, Avg: 378668711.1, Max: 378668711.3, Diff: 0.5]
      [Ext Root Scanning (ms): Min: 1.5, Avg: 1.8, Max: 2.0, Diff: 0.5, Sum: 17.6]
      [Update RS (ms): Min: 0.6, Avg: 0.7, Max: 1.1, Diff: 0.5, Sum: 7.2]
         [Processed Buffers: Min: 2, Avg: 5.5, Max: 18, Diff: 16, Sum: 55]
      [Scan RS (ms): Min: 0.0, Avg: 0.0, Max: 0.0, Diff: 0.0, Sum: 0.1]
      [Code Root Scanning (ms): Min: 0.0, Avg: 0.0, Max: 0.1, Diff: 0.1, Sum: 0.1]
      [Object Copy (ms): Min: 0.2, Avg: 0.3, Max: 0.4, Diff: 0.2, Sum: 3.2]
      [Termination (ms): Min: 0.0, Avg: 0.1, Max: 0.1, Diff: 0.1, Sum: 0.8]
         [Termination Attempts: Min: 1, Avg: 1.5, Max: 2, Diff: 1, Sum: 15]
      [GC Worker Other (ms): Min: 0.0, Avg: 0.0, Max: 0.0, Diff: 0.0, Sum: 0.1]
      [GC Worker Total (ms): Min: 2.7, Avg: 2.9, Max: 3.2, Diff: 0.5, Sum: 29.1]
      [GC Worker End (ms): Min: 378668714.0, Avg: 378668714.0, Max: 378668714.1, Diff: 0.0]
   [Code Root Fixup: 0.0 ms]
   [Code Root Purge: 0.0 ms]
   [String Dedup Fixup: 2.9 ms, GC Workers: 10]
      [Queue Fixup (ms): Min: 0.0, Avg: 0.0, Max: 0.0, Diff: 0.0, Sum: 0.0]
      [Table Fixup (ms): Min: 2.6, Avg: 2.7, Max: 2.7, Diff: 0.1, Sum: 26.7]
   [Clear CT: 1.1 ms]
   [Other: 1.1 ms]
      [Choose CSet: 0.0 ms]
      [Ref Proc: 0.2 ms]
      [Ref Enq: 0.0 ms]
      [Redirty Cards: 0.7 ms]
      [Humongous Register: 0.0 ms]
      [Humongous Reclaim: 0.0 ms]
      [Free CSet: 0.0 ms]
   [Eden: 49152.0K(49152.0K)->0.0B(51200.0K) Survivors: 2048.0K->1024.0K Heap: 235.5M(267.0M)->187.3M(267.0M)]
 [Times: user=0.13 sys=0.02, real=0.01 secs] 
2020-12-17T20:37:42.149+0530: 378668.720: [GC concurrent-root-region-scan-start]
2020-12-17T20:37:42.151+0530: 378668.722: [GC concurrent-root-region-scan-end, 0.0023573 secs]
2020-12-17T20:37:42.151+0530: 378668.722: [GC concurrent-mark-start]
2020-12-17T20:37:42.232+0530: 378668.802: [GC concurrent-mark-end, 0.0805219 secs]
2020-12-17T20:37:42.232+0530: 378668.803: [GC remark 2020-12-17T20:37:42.232+0530: 378668.803: [Finalize Marking, 0.0007809 secs] 2020-12-17T20:37:42.233+0530: 378668.804: [GC ref-proc, 0.0004526 secs] 2020-12-17T20:37:42.233+0530: 378668.804: [Unloading, 0.0213852 secs], 0.0235979 secs]
 [Times: user=0.17 sys=0.00, real=0.02 secs] 
2020-12-17T20:37:42.256+0530: 378668.827: [GC cleanup 187M->187M(267M), 0.0039086 secs]
 [Times: user=0.00 sys=0.00, real=0.00 secs] 
2020-12-17T20:46:28.436+0530: 379195.007: [GC pause (G1 Evacuation Pause) (young), 0.0075842 secs]
   [Parallel Time: 2.6 ms, GC Workers: 10]
      [GC Worker Start (ms): Min: 379195006.9, Avg: 379195007.2, Max: 379195007.4, Diff: 0.5]
      [Ext Root Scanning (ms): Min: 0.4, Avg: 0.8, Max: 1.9, Diff: 1.5, Sum: 7.6]
      [Update RS (ms): Min: 0.0, Avg: 0.6, Max: 1.0, Diff: 1.0, Sum: 6.3]
         [Processed Buffers: Min: 0, Avg: 6.3, Max: 16, Diff: 16, Sum: 63]
      [Scan RS (ms): Min: 0.0, Avg: 0.0, Max: 0.0, Diff: 0.0, Sum: 0.0]
      [Code Root Scanning (ms): Min: 0.0, Avg: 0.0, Max: 0.0, Diff: 0.0, Sum: 0.0]
      [Object Copy (ms): Min: 0.0, Avg: 0.2, Max: 0.4, Diff: 0.4, Sum: 2.4]
      [Termination (ms): Min: 0.0, Avg: 0.1, Max: 0.1, Diff: 0.1, Sum: 1.0]
         [Termination Attempts: Min: 1, Avg: 1.2, Max: 2, Diff: 1, Sum: 12]
      [GC Worker Other (ms): Min: 0.0, Avg: 0.0, Max: 0.0, Diff: 0.0, Sum: 0.1]
      [GC Worker Total (ms): Min: 1.5, Avg: 1.7, Max: 2.1, Diff: 0.5, Sum: 17.4]
      [GC Worker End (ms): Min: 379195008.9, Avg: 379195008.9, Max: 379195008.9, Diff: 0.0]
   [Code Root Fixup: 0.0 ms]
   [Code Root Purge: 0.0 ms]
   [String Dedup Fixup: 2.5 ms, GC Workers: 10]
      [Queue Fixup (ms): Min: 0.0, Avg: 0.0, Max: 0.0, Diff: 0.0, Sum: 0.0]
      [Table Fixup (ms): Min: 1.9, Avg: 1.9, Max: 2.0, Diff: 0.2, Sum: 19.3]
   [Clear CT: 0.8 ms]
   [Other: 1.6 ms]
      [Choose CSet: 0.0 ms]
      [Ref Proc: 0.7 ms]
      [Ref Enq: 0.0 ms]
      [Redirty Cards: 0.7 ms]
      [Humongous Register: 0.0 ms]
      [Humongous Reclaim: 0.0 ms]
      [Free CSet: 0.1 ms]
   [Eden: 51200.0K(51200.0K)->0.0B(51200.0K) Survivors: 1024.0K->1024.0K Heap: 237.3M(267.0M)->187.0M(267.0M)]
 [Times: user=0.16 sys=0.00, real=0.01 secs] 
2020-12-17T20:46:28.444+0530: 379195.015: [GC concurrent-string-deduplication, 264.0B->264.0B(0.0B), avg 59.8%, 0.0000026 secs]
   [Last Exec: 0.0000026 secs, Idle: 900.5651023 secs, Blocked: 0/0.0000000 secs]
      [Inspected:               1]
         [Skipped:              0(  0.0%)]
         [Hashed:               1(100.0%)]
         [Known:                0(  0.0%)]
         [New:                  1(100.0%)    264.0B]
      [Deduplicated:            0(  0.0%)      0.0B(  0.0%)]
         [Young:                0(  0.0%)      0.0B(  0.0%)]
         [Old:                  0(  0.0%)      0.0B(  0.0%)]
   [Total Exec: 1514/0.8575687 secs, Idle: 1514/379193.6751884 secs, Blocked: 127/0.0900250 secs]
      [Inspected:         2898805]
         [Skipped:              0(  0.0%)]
         [Hashed:         1195718( 41.2%)]
         [Known:           185137(  6.4%)]
         [New:            2713668( 93.6%)    211.3M]
      [Deduplicated:      1901676( 70.1%)    126.4M( 59.8%)]
         [Young:           781880( 41.1%)  61477.4K( 47.5%)]
         [Old:            1119796( 58.9%)  67950.3K( 52.5%)]
   [Table]
      [Memory Usage: 8332.5K]
      [Size: 262144, Min: 1024, Max: 16777216]
      [Entries: 263783, Load: 100.6%, Cached: 4355, Added: 971160, Removed: 707377]
      [Resize Count: 8, Shrink Threshold: 174762(66.7%), Grow Threshold: 524288(200.0%)]
      [Rehash Count: 0, Rehash Threshold: 120, Hash Seed: 0x0]
      [Age Threshold: 3]
   [Queue]
      [Dropped: 0]
[GC concurrent-string-deduplication, deleted 0 entries, 0.0000011 secs]
2020-12-17T20:51:28.745+0530: 379495.316: [GC pause (G1 Evacuation Pause) (young), 0.0071312 secs]
   [Parallel Time: 2.1 ms, GC Workers: 10]
      [GC Worker Start (ms): Min: 379495316.1, Avg: 379495316.3, Max: 379495316.3, Diff: 0.2]
      [Ext Root Scanning (ms): Min: 0.5, Avg: 0.6, Max: 1.3, Diff: 0.9, Sum: 6.4]
      [Update RS (ms): Min: 0.0, Avg: 0.6, Max: 0.8, Diff: 0.8, Sum: 5.6]
         [Processed Buffers: Min: 0, Avg: 5.3, Max: 15, Diff: 15, Sum: 53]
      [Scan RS (ms): Min: 0.0, Avg: 0.0, Max: 0.0, Diff: 0.0, Sum: 0.0]
      [Code Root Scanning (ms): Min: 0.0, Avg: 0.0, Max: 0.0, Diff: 0.0, Sum: 0.0]
      [Object Copy (ms): Min: 0.0, Avg: 0.2, Max: 0.3, Diff: 0.3, Sum: 2.3]
      [Termination (ms): Min: 0.0, Avg: 0.0, Max: 0.1, Diff: 0.1, Sum: 0.5]
         [Termination Attempts: Min: 1, Avg: 1.0, Max: 1, Diff: 0, Sum: 10]
      [GC Worker Other (ms): Min: 0.0, Avg: 0.0, Max: 0.0, Diff: 0.0, Sum: 0.1]
      [GC Worker Total (ms): Min: 1.4, Avg: 1.5, Max: 1.6, Diff: 0.2, Sum: 14.9]
      [GC Worker End (ms): Min: 379495317.7, Avg: 379495317.7, Max: 379495317.8, Diff: 0.0]
   [Code Root Fixup: 0.0 ms]
   [Code Root Purge: 0.0 ms]
   [String Dedup Fixup: 2.5 ms, GC Workers: 10]
      [Queue Fixup (ms): Min: 0.0, Avg: 0.0, Max: 0.0, Diff: 0.0, Sum: 0.0]
      [Table Fixup (ms): Min: 1.7, Avg: 1.8, Max: 1.9, Diff: 0.3, Sum: 17.9]
   [Clear CT: 0.7 ms]
   [Other: 1.9 ms]
      [Choose CSet: 0.0 ms]
      [Ref Proc: 0.8 ms]
      [Ref Enq: 0.0 ms]
      [Redirty Cards: 0.9 ms]
      [Humongous Register: 0.0 ms]
      [Humongous Reclaim: 0.0 ms]
      [Free CSet: 0.0 ms]
   [Eden: 51200.0K(51200.0K)->0.0B(49152.0K) Survivors: 1024.0K->2048.0K Heap: 237.0M(267.0M)->187.7M(267.0M)]
 [Times: user=0.14 sys=0.00, real=0.01 secs] 
2020-12-17T20:51:28.753+0530: 379495.323: [GC concurrent-string-deduplication, 264.0B->264.0B(0.0B), avg 59.8%, 0.0000032 secs]
   [Last Exec: 0.0000032 secs, Idle: 300.3087535 secs, Blocked: 0/0.0000000 secs]
      [Inspected:               1]
         [Skipped:              0(  0.0%)]
         [Hashed:               1(100.0%)]
         [Known:                0(  0.0%)]
         [New:                  1(100.0%)    264.0B]
      [Deduplicated:            0(  0.0%)      0.0B(  0.0%)]
         [Young:                0(  0.0%)      0.0B(  0.0%)]
         [Old:                  0(  0.0%)      0.0B(  0.0%)]
   [Total Exec: 1515/0.8575719 secs, Idle: 1515/379493.9839419 secs, Blocked: 127/0.0900250 secs]
      [Inspected:         2898806]
         [Skipped:              0(  0.0%)]
         [Hashed:         1195719( 41.2%)]
         [Known:           185137(  6.4%)]
         [New:            2713669( 93.6%)    211.3M]
      [Deduplicated:      1901676( 70.1%)    126.4M( 59.8%)]
         [Young:           781880( 41.1%)  61477.4K( 47.5%)]
         [Old:            1119796( 58.9%)  67950.3K( 52.5%)]
   [Table]
      [Memory Usage: 8332.5K]
      [Size: 262144, Min: 1024, Max: 16777216]
      [Entries: 263784, Load: 100.6%, Cached: 4354, Added: 971161, Removed: 707377]
      [Resize Count: 8, Shrink Threshold: 174762(66.7%), Grow Threshold: 524288(200.0%)]
      [Rehash Count: 0, Rehash Threshold: 120, Hash Seed: 0x0]
      [Age Threshold: 3]
   [Queue]
      [Dropped: 0]
[GC concurrent-string-deduplication, deleted 0 entries, 0.0000006 secs]
2020-12-17T20:56:29.011+0530: 379795.582: [GC pause (G1 Evacuation Pause) (young) (initial-mark), 0.0079194 secs]
   [Parallel Time: 3.2 ms, GC Workers: 10]
      [GC Worker Start (ms): Min: 379795582.0, Avg: 379795582.2, Max: 379795582.4, Diff: 0.3]
      [Ext Root Scanning (ms): Min: 1.5, Avg: 1.7, Max: 2.0, Diff: 0.5, Sum: 16.9]
      [Update RS (ms): Min: 0.4, Avg: 0.6, Max: 0.7, Diff: 0.3, Sum: 5.7]
         [Processed Buffers: Min: 2, Avg: 5.8, Max: 12, Diff: 10, Sum: 58]
      [Scan RS (ms): Min: 0.0, Avg: 0.0, Max: 0.0, Diff: 0.0, Sum: 0.0]
      [Code Root Scanning (ms): Min: 0.0, Avg: 0.0, Max: 0.0, Diff: 0.0, Sum: 0.0]
      [Object Copy (ms): Min: 0.0, Avg: 0.3, Max: 0.4, Diff: 0.4, Sum: 2.6]
      [Termination (ms): Min: 0.0, Avg: 0.0, Max: 0.0, Diff: 0.0, Sum: 0.1]
         [Termination Attempts: Min: 1, Avg: 1.0, Max: 1, Diff: 0, Sum: 10]
      [GC Worker Other (ms): Min: 0.0, Avg: 0.0, Max: 0.0, Diff: 0.0, Sum: 0.1]
      [GC Worker Total (ms): Min: 2.4, Avg: 2.5, Max: 2.7, Diff: 0.3, Sum: 25.5]
      [GC Worker End (ms): Min: 379795584.8, Avg: 379795584.8, Max: 379795584.8, Diff: 0.0]
   [Code Root Fixup: 0.0 ms]
   [Code Root Purge: 0.0 ms]
   [String Dedup Fixup: 2.1 ms, GC Workers: 10]
      [Queue Fixup (ms): Min: 0.0, Avg: 0.0, Max: 0.0, Diff: 0.0, Sum: 0.0]
      [Table Fixup (ms): Min: 1.6, Avg: 1.7, Max: 1.9, Diff: 0.3, Sum: 17.2]
   [Clear CT: 0.9 ms]
   [Other: 1.6 ms]
      [Choose CSet: 0.0 ms]
      [Ref Proc: 0.9 ms]
      [Ref Enq: 0.0 ms]
      [Redirty Cards: 0.6 ms]
      [Humongous Register: 0.0 ms]
      [Humongous Reclaim: 0.0 ms]
      [Free CSet: 0.0 ms]
   [Eden: 49152.0K(49152.0K)->0.0B(50176.0K) Survivors: 2048.0K->1024.0K Heap: 235.7M(267.0M)->187.1M(267.0M)]
 [Times: user=0.16 sys=0.00, real=0.01 secs] 
2020-12-17T20:56:29.019+0530: 379795.590: [GC concurrent-string-deduplication, 528.0B->528.0B(0.0B), avg 59.8%, 0.0000038 secs]
   [Last Exec: 0.0000038 secs, Idle: 300.2666093 secs, Blocked: 0/0.0000000 secs]
      [Inspected:               2]
         [Skipped:              0(  0.0%)]
         [Hashed:               2(100.0%)]
         [Known:                0(  0.0%)]
         [New:                  2(100.0%)    528.0B]
      [Deduplicated:            0(  0.0%)      0.0B(  0.0%)]
         [Young:                0(  0.0%)      0.0B(  0.0%)]
         [Old:                  0(  0.0%)      0.0B(  0.0%)]
   [Total Exec: 1516/0.8575757 secs, Idle: 1516/379794.2505512 secs, Blocked: 127/0.0900250 secs]
      [Inspected:         2898808]
         [Skipped:              0(  0.0%)]
         [Hashed:         1195721( 41.2%)]
         [Known:           185137(  6.4%)]
         [New:            2713671( 93.6%)    211.3M]
      [Deduplicated:      1901676( 70.1%)    126.4M( 59.8%)]
         [Young:           781880( 41.1%)  61477.4K( 47.5%)]
         [Old:            1119796( 58.9%)  67950.3K( 52.5%)]
   [Table]
      [Memory Usage: 8332.5K]
      [Size: 262144, Min: 1024, Max: 16777216]
      [Entries: 263786, Load: 100.6%, Cached: 4352, Added: 971163, Removed: 707377]
      [Resize Count: 8, Shrink Threshold: 174762(66.7%), Grow Threshold: 524288(200.0%)]
      [Rehash Count: 0, Rehash Threshold: 120, Hash Seed: 0x0]
      [Age Threshold: 3]
   [Queue]
      [Dropped: 0]
[GC concurrent-string-deduplication, deleted 0 entries, 0.0000006 secs]
2020-12-17T20:56:29.019+0530: 379795.590: [GC concurrent-root-region-scan-start]
2020-12-17T20:56:29.021+0530: 379795.592: [GC concurrent-root-region-scan-end, 0.0016967 secs]
2020-12-17T20:56:29.021+0530: 379795.592: [GC concurrent-mark-start]
2020-12-17T20:56:29.102+0530: 379795.673: [GC concurrent-mark-end, 0.0811152 secs]
2020-12-17T20:56:29.102+0530: 379795.673: [GC remark 2020-12-17T20:56:29.102+0530: 379795.673: [Finalize Marking, 0.0005320 secs] 2020-12-17T20:56:29.103+0530: 379795.674: [GC ref-proc, 0.0005223 secs] 2020-12-17T20:56:29.103+0530: 379795.674: [Unloading, 0.0204089 secs], 0.0223895 secs]
 [Times: user=0.16 sys=0.00, real=0.02 secs] 
2020-12-17T20:56:29.125+0530: 379795.697: [GC cleanup 203M->203M(267M), 0.0038987 secs]
 [Times: user=0.00 sys=0.00, real=0.00 secs] 
2020-12-17T21:01:29.281+0530: 380095.852: [GC pause (G1 Evacuation Pause) (young), 0.0075581 secs]
   [Parallel Time: 2.6 ms, GC Workers: 10]
      [GC Worker Start (ms): Min: 380095852.2, Avg: 380095852.4, Max: 380095852.6, Diff: 0.4]
      [Ext Root Scanning (ms): Min: 0.5, Avg: 0.7, Max: 1.4, Diff: 1.0, Sum: 7.1]
      [Update RS (ms): Min: 0.3, Avg: 0.7, Max: 1.0, Diff: 0.7, Sum: 6.8]
         [Processed Buffers: Min: 1, Avg: 5.3, Max: 12, Diff: 11, Sum: 53]
      [Scan RS (ms): Min: 0.0, Avg: 0.0, Max: 0.0, Diff: 0.0, Sum: 0.0]
      [Code Root Scanning (ms): Min: 0.0, Avg: 0.0, Max: 0.0, Diff: 0.0, Sum: 0.0]
      [Object Copy (ms): Min: 0.0, Avg: 0.2, Max: 0.3, Diff: 0.3, Sum: 1.8]
      [Termination (ms): Min: 0.0, Avg: 0.2, Max: 0.2, Diff: 0.2, Sum: 1.8]
         [Termination Attempts: Min: 1, Avg: 1.1, Max: 2, Diff: 1, Sum: 11]
      [GC Worker Other (ms): Min: 0.0, Avg: 0.0, Max: 0.0, Diff: 0.0, Sum: 0.1]
      [GC Worker Total (ms): Min: 1.6, Avg: 1.8, Max: 2.0, Diff: 0.4, Sum: 17.6]
      [GC Worker End (ms): Min: 380095854.2, Avg: 380095854.2, Max: 380095854.2, Diff: 0.0]
   [Code Root Fixup: 0.0 ms]
   [Code Root Purge: 0.0 ms]
   [String Dedup Fixup: 2.4 ms, GC Workers: 10]
      [Queue Fixup (ms): Min: 0.0, Avg: 0.0, Max: 0.0, Diff: 0.0, Sum: 0.0]
      [Table Fixup (ms): Min: 1.7, Avg: 1.7, Max: 1.9, Diff: 0.2, Sum: 17.4]
   [Clear CT: 0.8 ms]
   [Other: 1.8 ms]
      [Choose CSet: 0.0 ms]
      [Ref Proc: 0.8 ms]
      [Ref Enq: 0.0 ms]
      [Redirty Cards: 0.7 ms]
      [Humongous Register: 0.0 ms]
      [Humongous Reclaim: 0.0 ms]
      [Free CSet: 0.1 ms]
   [Eden: 50176.0K(50176.0K)->0.0B(12288.0K) Survivors: 1024.0K->1024.0K Heap: 236.1M(267.0M)->187.1M(267.0M)]
 [Times: user=0.00 sys=0.00, real=0.01 secs] 
2020-12-17T21:01:29.289+0530: 380095.860: [GC concurrent-string-deduplication, 2032.0B->1320.0B(712.0B), avg 59.8%, 0.0000136 secs]
   [Last Exec: 0.0000136 secs, Idle: 300.2697820 secs, Blocked: 0/0.0000000 secs]
      [Inspected:              30]
         [Skipped:              0(  0.0%)]
         [Hashed:              25( 83.3%)]
         [Known:                0(  0.0%)]
         [New:                 30(100.0%)   2032.0B]
      [Deduplicated:           19( 63.3%)    712.0B( 35.0%)]
         [Young:               19(100.0%)    712.0B(100.0%)]
         [Old:                  0(  0.0%)      0.0B(  0.0%)]
   [Total Exec: 1517/0.8575893 secs, Idle: 1517/380094.5203332 secs, Blocked: 127/0.0900250 secs]
      [Inspected:         2898838]
         [Skipped:              0(  0.0%)]
         [Hashed:         1195746( 41.2%)]
         [Known:           185137(  6.4%)]
         [New:            2713701( 93.6%)    211.3M]
      [Deduplicated:      1901695( 70.1%)    126.4M( 59.8%)]
         [Young:           781899( 41.1%)  61478.1K( 47.5%)]
         [Old:            1119796( 58.9%)  67950.3K( 52.5%)]
   [Table]
      [Memory Usage: 8332.5K]
      [Size: 262144, Min: 1024, Max: 16777216]
      [Entries: 263576, Load: 100.5%, Cached: 4562, Added: 971185, Removed: 707609]
      [Resize Count: 8, Shrink Threshold: 174762(66.7%), Grow Threshold: 524288(200.0%)]
      [Rehash Count: 0, Rehash Threshold: 120, Hash Seed: 0x0]
      [Age Threshold: 3]
   [Queue]
      [Dropped: 0]
[GC concurrent-string-deduplication, deleted 0 entries, 0.0000006 secs]
2020-12-17T21:02:00.703+0530: 380127.274: [GC pause (G1 Evacuation Pause) (mixed), 0.0065766 secs]
   [Parallel Time: 1.9 ms, GC Workers: 10]
      [GC Worker Start (ms): Min: 380127274.5, Avg: 380127274.7, Max: 380127274.8, Diff: 0.3]
      [Ext Root Scanning (ms): Min: 0.5, Avg: 0.7, Max: 1.5, Diff: 1.0, Sum: 7.2]
      [Update RS (ms): Min: 0.0, Avg: 0.4, Max: 0.7, Diff: 0.7, Sum: 4.0]
         [Processed Buffers: Min: 0, Avg: 3.5, Max: 11, Diff: 11, Sum: 35]
      [Scan RS (ms): Min: 0.0, Avg: 0.1, Max: 0.2, Diff: 0.2, Sum: 1.2]
      [Code Root Scanning (ms): Min: 0.0, Avg: 0.0, Max: 0.0, Diff: 0.0, Sum: 0.0]
      [Object Copy (ms): Min: 0.2, Avg: 0.4, Max: 0.5, Diff: 0.2, Sum: 3.7]
      [Termination (ms): Min: 0.0, Avg: 0.0, Max: 0.0, Diff: 0.0, Sum: 0.4]
         [Termination Attempts: Min: 1, Avg: 1.5, Max: 2, Diff: 1, Sum: 15]
      [GC Worker Other (ms): Min: 0.0, Avg: 0.0, Max: 0.0, Diff: 0.0, Sum: 0.1]
      [GC Worker Total (ms): Min: 1.5, Avg: 1.7, Max: 1.8, Diff: 0.3, Sum: 16.5]
      [GC Worker End (ms): Min: 380127276.3, Avg: 380127276.3, Max: 380127276.3, Diff: 0.0]
   [Code Root Fixup: 0.0 ms]
   [Code Root Purge: 0.0 ms]
   [String Dedup Fixup: 2.5 ms, GC Workers: 10]
      [Queue Fixup (ms): Min: 0.0, Avg: 0.0, Max: 0.0, Diff: 0.0, Sum: 0.0]
      [Table Fixup (ms): Min: 1.7, Avg: 1.8, Max: 2.0, Diff: 0.3, Sum: 18.1]
   [Clear CT: 0.8 ms]
   [Other: 1.4 ms]
      [Choose CSet: 0.0 ms]
      [Ref Proc: 0.6 ms]
      [Ref Enq: 0.0 ms]
      [Redirty Cards: 0.6 ms]
      [Humongous Register: 0.0 ms]
      [Humongous Reclaim: 0.0 ms]
      [Free CSet: 0.0 ms]
   [Eden: 12288.0K(12288.0K)->0.0B(51200.0K) Survivors: 1024.0K->1024.0K Heap: 199.1M(267.0M)->186.9M(267.0M)]
 [Times: user=0.00 sys=0.00, real=0.01 secs] 
2020-12-17T21:02:00.710+0530: 380127.281: [GC concurrent-string-deduplication, 264.0B->264.0B(0.0B), avg 59.8%, 0.0000032 secs]
   [Last Exec: 0.0000032 secs, Idle: 31.4213064 secs, Blocked: 0/0.0000000 secs]
      [Inspected:               1]
         [Skipped:              0(  0.0%)]
         [Hashed:               1(100.0%)]
         [Known:                0(  0.0%)]
         [New:                  1(100.0%)    264.0B]
      [Deduplicated:            0(  0.0%)      0.0B(  0.0%)]
         [Young:                0(  0.0%)      0.0B(  0.0%)]
         [Old:                  0(  0.0%)      0.0B(  0.0%)]
   [Total Exec: 1518/0.8575925 secs, Idle: 1518/380125.9416396 secs, Blocked: 127/0.0900250 secs]
      [Inspected:         2898839]
         [Skipped:              0(  0.0%)]
         [Hashed:         1195747( 41.2%)]
         [Known:           185137(  6.4%)]
         [New:            2713702( 93.6%)    211.3M]
      [Deduplicated:      1901695( 70.1%)    126.4M( 59.8%)]
         [Young:           781899( 41.1%)  61478.1K( 47.5%)]
         [Old:            1119796( 58.9%)  67950.3K( 52.5%)]
   [Table]
      [Memory Usage: 8332.5K]
      [Size: 262144, Min: 1024, Max: 16777216]
      [Entries: 263577, Load: 100.5%, Cached: 4561, Added: 971186, Removed: 707609]
      [Resize Count: 8, Shrink Threshold: 174762(66.7%), Grow Threshold: 524288(200.0%)]
      [Rehash Count: 0, Rehash Threshold: 120, Hash Seed: 0x0]
      [Age Threshold: 3]
   [Queue]
      [Dropped: 0]
[GC concurrent-string-deduplication, deleted 0 entries, 0.0000005 secs]
2020-12-17T21:10:54.916+0530: 380661.488: [GC pause (G1 Evacuation Pause) (young), 0.0121980 secs]
   [Parallel Time: 6.7 ms, GC Workers: 10]
      [GC Worker Start (ms): Min: 380661488.0, Avg: 380661488.8, Max: 380661489.4, Diff: 1.4]
      [Ext Root Scanning (ms): Min: 1.2, Avg: 1.9, Max: 2.9, Diff: 1.7, Sum: 18.7]
      [Update RS (ms): Min: 2.5, Avg: 2.8, Max: 3.0, Diff: 0.5, Sum: 27.7]
         [Processed Buffers: Min: 2, Avg: 6.1, Max: 16, Diff: 14, Sum: 61]
      [Scan RS (ms): Min: 0.0, Avg: 0.0, Max: 0.0, Diff: 0.0, Sum: 0.1]
      [Code Root Scanning (ms): Min: 0.0, Avg: 0.0, Max: 0.1, Diff: 0.1, Sum: 0.1]
      [Object Copy (ms): Min: 0.2, Avg: 0.4, Max: 0.4, Diff: 0.2, Sum: 3.6]
      [Termination (ms): Min: 0.0, Avg: 0.1, Max: 0.2, Diff: 0.2, Sum: 1.4]
         [Termination Attempts: Min: 1, Avg: 4.1, Max: 10, Diff: 9, Sum: 41]
      [GC Worker Other (ms): Min: 0.0, Avg: 0.0, Max: 0.0, Diff: 0.0, Sum: 0.2]
      [GC Worker Total (ms): Min: 4.6, Avg: 5.2, Max: 6.0, Diff: 1.4, Sum: 51.7]
      [GC Worker End (ms): Min: 380661494.0, Avg: 380661494.0, Max: 380661494.0, Diff: 0.0]
   [Code Root Fixup: 0.0 ms]
   [Code Root Purge: 0.0 ms]
   [String Dedup Fixup: 2.9 ms, GC Workers: 10]
      [Queue Fixup (ms): Min: 0.0, Avg: 0.0, Max: 0.0, Diff: 0.0, Sum: 0.0]
      [Table Fixup (ms): Min: 2.2, Avg: 2.3, Max: 2.5, Diff: 0.3, Sum: 22.9]
   [Clear CT: 0.8 ms]
   [Other: 1.8 ms]
      [Choose CSet: 0.0 ms]
      [Ref Proc: 0.8 ms]
      [Ref Enq: 0.0 ms]
      [Redirty Cards: 0.6 ms]
      [Humongous Register: 0.0 ms]
      [Humongous Reclaim: 0.0 ms]
      [Free CSet: 0.0 ms]
   [Eden: 51200.0K(51200.0K)->0.0B(51200.0K) Survivors: 1024.0K->1024.0K Heap: 236.9M(267.0M)->186.8M(267.0M)]
 [Times: user=0.16 sys=0.00, real=0.01 secs] 
2020-12-17T21:10:54.929+0530: 380661.500: [GC concurrent-string-deduplication, 264.0B->264.0B(0.0B), avg 59.8%, 0.0000107 secs]
   [Last Exec: 0.0000107 secs, Idle: 534.2187883 secs, Blocked: 0/0.0000000 secs]
      [Inspected:              12]
         [Skipped:              0(  0.0%)]
         [Hashed:               1(  8.3%)]
         [Known:               11( 91.7%)]
         [New:                  1(  8.3%)    264.0B]
      [Deduplicated:            0(  0.0%)      0.0B(  0.0%)]
         [Young:                0(  0.0%)      0.0B(  0.0%)]
         [Old:                  0(  0.0%)      0.0B(  0.0%)]
   [Total Exec: 1519/0.8576032 secs, Idle: 1519/380660.1604279 secs, Blocked: 127/0.0900250 secs]
      [Inspected:         2898851]
         [Skipped:              0(  0.0%)]
         [Hashed:         1195748( 41.2%)]
         [Known:           185148(  6.4%)]
         [New:            2713703( 93.6%)    211.3M]
      [Deduplicated:      1901695( 70.1%)    126.4M( 59.8%)]
         [Young:           781899( 41.1%)  61478.1K( 47.5%)]
         [Old:            1119796( 58.9%)  67950.3K( 52.5%)]
   [Table]
      [Memory Usage: 8332.5K]
      [Size: 262144, Min: 1024, Max: 16777216]
      [Entries: 263578, Load: 100.5%, Cached: 4560, Added: 971187, Removed: 707609]
      [Resize Count: 8, Shrink Threshold: 174762(66.7%), Grow Threshold: 524288(200.0%)]
      [Rehash Count: 0, Rehash Threshold: 120, Hash Seed: 0x0]
      [Age Threshold: 3]
   [Queue]
      [Dropped: 0]
[GC concurrent-string-deduplication, deleted 0 entries, 0.0000006 secs]
2020-12-17T21:16:29.956+0530: 380996.527: [GC pause (G1 Evacuation Pause) (young) (initial-mark), 0.0079613 secs]
   [Parallel Time: 3.6 ms, GC Workers: 10]
      [GC Worker Start (ms): Min: 380996527.4, Avg: 380996527.6, Max: 380996527.9, Diff: 0.5]
      [Ext Root Scanning (ms): Min: 1.7, Avg: 2.1, Max: 2.5, Diff: 0.7, Sum: 21.2]
      [Update RS (ms): Min: 0.2, Avg: 0.4, Max: 0.8, Diff: 0.5, Sum: 4.0]
         [Processed Buffers: Min: 1, Avg: 4.9, Max: 14, Diff: 13, Sum: 49]
      [Scan RS (ms): Min: 0.0, Avg: 0.0, Max: 0.0, Diff: 0.0, Sum: 0.0]
      [Code Root Scanning (ms): Min: 0.0, Avg: 0.0, Max: 0.0, Diff: 0.0, Sum: 0.0]
      [Object Copy (ms): Min: 0.1, Avg: 0.2, Max: 0.3, Diff: 0.2, Sum: 2.1]
      [Termination (ms): Min: 0.0, Avg: 0.2, Max: 0.2, Diff: 0.2, Sum: 1.7]
         [Termination Attempts: Min: 1, Avg: 1.6, Max: 2, Diff: 1, Sum: 16]
      [GC Worker Other (ms): Min: 0.0, Avg: 0.0, Max: 0.0, Diff: 0.0, Sum: 0.1]
      [GC Worker Total (ms): Min: 2.7, Avg: 2.9, Max: 3.1, Diff: 0.5, Sum: 29.2]
      [GC Worker End (ms): Min: 380996530.5, Avg: 380996530.5, Max: 380996530.5, Diff: 0.0]
   [Code Root Fixup: 0.0 ms]
   [Code Root Purge: 0.0 ms]
   [String Dedup Fixup: 2.4 ms, GC Workers: 10]
      [Queue Fixup (ms): Min: 0.0, Avg: 0.0, Max: 0.0, Diff: 0.0, Sum: 0.0]
      [Table Fixup (ms): Min: 1.8, Avg: 1.9, Max: 2.0, Diff: 0.2, Sum: 18.6]
   [Clear CT: 0.8 ms]
   [Other: 1.1 ms]
      [Choose CSet: 0.0 ms]
      [Ref Proc: 0.4 ms]
      [Ref Enq: 0.0 ms]
      [Redirty Cards: 0.6 ms]
      [Humongous Register: 0.0 ms]
      [Humongous Reclaim: 0.0 ms]
      [Free CSet: 0.0 ms]
   [Eden: 51200.0K(51200.0K)->0.0B(50176.0K) Survivors: 1024.0K->1024.0K Heap: 236.8M(267.0M)->186.9M(267.0M)]
 [Times: user=0.00 sys=0.00, real=0.01 secs] 
2020-12-17T21:16:29.964+0530: 380996.535: [GC concurrent-root-region-scan-start]
2020-12-17T21:16:29.967+0530: 380996.537: [GC concurrent-root-region-scan-end, 0.0016054 secs]
2020-12-17T21:16:29.967+0530: 380996.537: [GC concurrent-mark-start]
2020-12-17T21:16:30.049+0530: 380996.619: [GC concurrent-mark-end, 0.0820893 secs]
2020-12-17T21:16:30.049+0530: 380996.620: [GC remark 2020-12-17T21:16:30.049+0530: 380996.620: [Finalize Marking, 0.0009254 secs] 2020-12-17T21:16:30.050+0530: 380996.621: [GC ref-proc, 0.0005268 secs] 2020-12-17T21:16:30.051+0530: 380996.621: [Unloading, 0.0198025 secs], 0.0218800 secs]
 [Times: user=0.16 sys=0.00, real=0.02 secs] 
2020-12-17T21:16:30.071+0530: 380996.642: [GC cleanup 203M->203M(267M), 0.0031150 secs]
 [Times: user=0.00 sys=0.00, real=0.00 secs] 
2020-12-17T21:21:06.004+0530: 381272.575: [GC pause (G1 Evacuation Pause) (young), 0.0120022 secs]
   [Parallel Time: 2.8 ms, GC Workers: 10]
      [GC Worker Start (ms): Min: 381272575.5, Avg: 381272575.8, Max: 381272576.0, Diff: 0.5]
      [Ext Root Scanning (ms): Min: 1.0, Avg: 1.2, Max: 1.9, Diff: 0.9, Sum: 12.3]
      [Update RS (ms): Min: 0.5, Avg: 0.6, Max: 0.8, Diff: 0.2, Sum: 5.7]
         [Processed Buffers: Min: 2, Avg: 6.2, Max: 10, Diff: 8, Sum: 62]
      [Scan RS (ms): Min: 0.0, Avg: 0.0, Max: 0.0, Diff: 0.0, Sum: 0.0]
      [Code Root Scanning (ms): Min: 0.0, Avg: 0.0, Max: 0.0, Diff: 0.0, Sum: 0.0]
      [Object Copy (ms): Min: 0.0, Avg: 0.2, Max: 0.3, Diff: 0.3, Sum: 2.1]
      [Termination (ms): Min: 0.0, Avg: 0.2, Max: 0.2, Diff: 0.2, Sum: 1.8]
         [Termination Attempts: Min: 1, Avg: 1.0, Max: 1, Diff: 0, Sum: 10]
      [GC Worker Other (ms): Min: 0.0, Avg: 0.0, Max: 0.0, Diff: 0.0, Sum: 0.2]
      [GC Worker Total (ms): Min: 2.0, Avg: 2.2, Max: 2.5, Diff: 0.4, Sum: 22.1]
      [GC Worker End (ms): Min: 381272578.0, Avg: 381272578.0, Max: 381272578.0, Diff: 0.0]
   [Code Root Fixup: 0.0 ms]
   [Code Root Purge: 0.0 ms]
   [String Dedup Fixup: 2.8 ms, GC Workers: 10]
      [Queue Fixup (ms): Min: 0.0, Avg: 0.0, Max: 0.0, Diff: 0.0, Sum: 0.0]
      [Table Fixup (ms): Min: 2.4, Avg: 2.5, Max: 2.5, Diff: 0.1, Sum: 24.8]
   [Clear CT: 0.9 ms]
   [Other: 5.5 ms]
      [Choose CSet: 0.0 ms]
      [Ref Proc: 4.5 ms]
      [Ref Enq: 0.0 ms]
      [Redirty Cards: 0.6 ms]
      [Humongous Register: 0.0 ms]
      [Humongous Reclaim: 0.0 ms]
      [Free CSet: 0.0 ms]
   [Eden: 50176.0K(50176.0K)->0.0B(44032.0K) Survivors: 1024.0K->4096.0K Heap: 235.9M(267.0M)->189.9M(267.0M)]
 [Times: user=0.00 sys=0.00, real=0.01 secs] 
2020-12-17T21:21:06.017+0530: 381272.588: [GC concurrent-string-deduplication, 528.0B->528.0B(0.0B), avg 59.8%, 0.0000063 secs]
   [Last Exec: 0.0000063 secs, Idle: 611.0875377 secs, Blocked: 0/0.0000000 secs]
      [Inspected:               2]
         [Skipped:              0(  0.0%)]
         [Hashed:               2(100.0%)]
         [Known:                0(  0.0%)]
         [New:                  2(100.0%)    528.0B]
      [Deduplicated:            0(  0.0%)      0.0B(  0.0%)]
         [Young:                0(  0.0%)      0.0B(  0.0%)]
         [Old:                  0(  0.0%)      0.0B(  0.0%)]
   [Total Exec: 1520/0.8576095 secs, Idle: 1520/381271.2479656 secs, Blocked: 127/0.0900250 secs]
      [Inspected:         2898853]
         [Skipped:              0(  0.0%)]
         [Hashed:         1195750( 41.2%)]
         [Known:           185148(  6.4%)]
         [New:            2713705( 93.6%)    211.3M]
      [Deduplicated:      1901695( 70.1%)    126.4M( 59.8%)]
         [Young:           781899( 41.1%)  61478.1K( 47.5%)]
         [Old:            1119796( 58.9%)  67950.3K( 52.5%)]
   [Table]
      [Memory Usage: 8332.5K]
      [Size: 262144, Min: 1024, Max: 16777216]
      [Entries: 263523, Load: 100.5%, Cached: 4615, Added: 971257, Removed: 707734]
      [Resize Count: 8, Shrink Threshold: 174762(66.7%), Grow Threshold: 524288(200.0%)]
      [Rehash Count: 0, Rehash Threshold: 120, Hash Seed: 0x0]
      [Age Threshold: 3]
   [Queue]
      [Dropped: 0]
[GC concurrent-string-deduplication, deleted 0 entries, 0.0000014 secs]
2020-12-17T21:22:31.852+0530: 381358.423: [GC pause (G1 Evacuation Pause) (young), 0.0078892 secs]
   [Parallel Time: 2.8 ms, GC Workers: 10]
      [GC Worker Start (ms): Min: 381358422.8, Avg: 381358423.0, Max: 381358423.3, Diff: 0.5]
      [Ext Root Scanning (ms): Min: 0.6, Avg: 0.8, Max: 1.5, Diff: 1.0, Sum: 8.2]
      [Update RS (ms): Min: 0.5, Avg: 0.7, Max: 1.1, Diff: 0.6, Sum: 6.5]
         [Processed Buffers: Min: 2, Avg: 4.2, Max: 9, Diff: 7, Sum: 42]
      [Scan RS (ms): Min: 0.0, Avg: 0.0, Max: 0.0, Diff: 0.0, Sum: 0.1]
      [Code Root Scanning (ms): Min: 0.0, Avg: 0.0, Max: 0.0, Diff: 0.0, Sum: 0.0]
      [Object Copy (ms): Min: 0.0, Avg: 0.3, Max: 0.4, Diff: 0.4, Sum: 2.8]
      [Termination (ms): Min: 0.0, Avg: 0.3, Max: 0.4, Diff: 0.4, Sum: 2.7]
         [Termination Attempts: Min: 1, Avg: 16.0, Max: 32, Diff: 31, Sum: 160]
      [GC Worker Other (ms): Min: 0.0, Avg: 0.0, Max: 0.0, Diff: 0.0, Sum: 0.2]
      [GC Worker Total (ms): Min: 1.8, Avg: 2.0, Max: 2.3, Diff: 0.4, Sum: 20.5]
      [GC Worker End (ms): Min: 381358425.1, Avg: 381358425.1, Max: 381358425.1, Diff: 0.0]
   [Code Root Fixup: 0.0 ms]
   [Code Root Purge: 0.0 ms]
   [String Dedup Fixup: 2.1 ms, GC Workers: 10]
      [Queue Fixup (ms): Min: 0.0, Avg: 0.0, Max: 0.0, Diff: 0.0, Sum: 0.0]
      [Table Fixup (ms): Min: 1.8, Avg: 1.9, Max: 2.1, Diff: 0.3, Sum: 19.0]
   [Clear CT: 1.3 ms]
   [Other: 1.6 ms]
      [Choose CSet: 0.0 ms]
      [Ref Proc: 0.7 ms]
      [Ref Enq: 0.0 ms]
      [Redirty Cards: 0.7 ms]
      [Humongous Register: 0.0 ms]
      [Humongous Reclaim: 0.0 ms]
      [Free CSet: 0.0 ms]
   [Eden: 44032.0K(44032.0K)->0.0B(50176.0K) Survivors: 4096.0K->1024.0K Heap: 232.9M(267.0M)->187.4M(267.0M)]
 [Times: user=0.00 sys=0.00, real=0.01 secs] 
2020-12-17T21:22:31.860+0530: 381358.431: [GC concurrent-string-deduplication, 264.0B->264.0B(0.0B), avg 59.8%, 0.0000029 secs]
   [Last Exec: 0.0000029 secs, Idle: 85.8430808 secs, Blocked: 0/0.0000000 secs]
      [Inspected:               1]
         [Skipped:              0(  0.0%)]
         [Hashed:               1(100.0%)]
         [Known:                0(  0.0%)]
         [New:                  1(100.0%)    264.0B]
      [Deduplicated:            0(  0.0%)      0.0B(  0.0%)]
         [Young:                0(  0.0%)      0.0B(  0.0%)]
         [Old:                  0(  0.0%)      0.0B(  0.0%)]
   [Total Exec: 1521/0.8576124 secs, Idle: 1521/381357.0910464 secs, Blocked: 127/0.0900250 secs]
      [Inspected:         2898854]
         [Skipped:              0(  0.0%)]
         [Hashed:         1195751( 41.2%)]
         [Known:           185148(  6.4%)]
         [New:            2713706( 93.6%)    211.3M]
      [Deduplicated:      1901695( 70.1%)    126.4M( 59.8%)]
         [Young:           781899( 41.1%)  61478.1K( 47.5%)]
         [Old:            1119796( 58.9%)  67950.3K( 52.5%)]
   [Table]
      [Memory Usage: 8332.5K]
      [Size: 262144, Min: 1024, Max: 16777216]
      [Entries: 263638, Load: 100.6%, Cached: 4500, Added: 971372, Removed: 707734]
      [Resize Count: 8, Shrink Threshold: 174762(66.7%), Grow Threshold: 524288(200.0%)]
      [Rehash Count: 0, Rehash Threshold: 120, Hash Seed: 0x0]
      [Age Threshold: 3]
   [Queue]
      [Dropped: 0]
[GC concurrent-string-deduplication, deleted 0 entries, 0.0000006 secs]
2020-12-17T21:31:30.517+0530: 381897.088: [GC pause (G1 Evacuation Pause) (young) (initial-mark), 0.0093906 secs]
   [Parallel Time: 4.0 ms, GC Workers: 10]
      [GC Worker Start (ms): Min: 381897088.6, Avg: 381897088.9, Max: 381897089.1, Diff: 0.4]
      [Ext Root Scanning (ms): Min: 1.8, Avg: 2.0, Max: 2.3, Diff: 0.5, Sum: 20.2]
      [Update RS (ms): Min: 0.4, Avg: 0.6, Max: 0.8, Diff: 0.5, Sum: 5.9]
         [Processed Buffers: Min: 2, Avg: 6.1, Max: 12, Diff: 10, Sum: 61]
      [Scan RS (ms): Min: 0.0, Avg: 0.0, Max: 0.0, Diff: 0.0, Sum: 0.0]
      [Code Root Scanning (ms): Min: 0.0, Avg: 0.0, Max: 0.0, Diff: 0.0, Sum: 0.0]
      [Object Copy (ms): Min: 0.1, Avg: 0.2, Max: 0.4, Diff: 0.3, Sum: 2.3]
      [Termination (ms): Min: 0.0, Avg: 0.2, Max: 0.3, Diff: 0.3, Sum: 2.2]
         [Termination Attempts: Min: 1, Avg: 1.0, Max: 1, Diff: 0, Sum: 10]
      [GC Worker Other (ms): Min: 0.0, Avg: 0.0, Max: 0.0, Diff: 0.0, Sum: 0.1]
      [GC Worker Total (ms): Min: 2.9, Avg: 3.1, Max: 3.4, Diff: 0.4, Sum: 30.7]
      [GC Worker End (ms): Min: 381897092.0, Avg: 381897092.0, Max: 381897092.0, Diff: 0.0]
   [Code Root Fixup: 0.0 ms]
   [Code Root Purge: 0.0 ms]
   [String Dedup Fixup: 2.8 ms, GC Workers: 10]
      [Queue Fixup (ms): Min: 0.0, Avg: 0.0, Max: 0.0, Diff: 0.0, Sum: 0.0]
      [Table Fixup (ms): Min: 2.0, Avg: 2.1, Max: 2.3, Diff: 0.3, Sum: 20.7]
   [Clear CT: 0.8 ms]
   [Other: 1.7 ms]
      [Choose CSet: 0.0 ms]
      [Ref Proc: 0.7 ms]
      [Ref Enq: 0.0 ms]
      [Redirty Cards: 0.8 ms]
      [Humongous Register: 0.0 ms]
      [Humongous Reclaim: 0.0 ms]
      [Free CSet: 0.0 ms]
   [Eden: 50176.0K(50176.0K)->0.0B(50176.0K) Survivors: 1024.0K->1024.0K Heap: 236.4M(267.0M)->187.3M(267.0M)]
 [Times: user=0.00 sys=0.00, real=0.01 secs] 
2020-12-17T21:31:30.527+0530: 381897.098: [GC concurrent-root-region-scan-start]
2020-12-17T21:31:30.527+0530: 381897.098: [GC concurrent-string-deduplication, 10016.0B->7512.0B(2504.0B), avg 59.8%, 0.0000797 secs]
   [Last Exec: 0.0000797 secs, Idle: 538.6672429 secs, Blocked: 0/0.0000000 secs]
      [Inspected:             199]
         [Skipped:              0(  0.0%)]
         [Hashed:             118( 59.3%)]
         [Known:               69( 34.7%)]
         [New:                130( 65.3%)  10016.0B]
      [Deduplicated:           75( 57.7%)   2504.0B( 25.0%)]
         [Young:               75(100.0%)   2504.0B(100.0%)]
         [Old:                  0(  0.0%)      0.0B(  0.0%)]
   [Total Exec: 1522/0.8576921 secs, Idle: 1522/381895.7582893 secs, Blocked: 127/0.0900250 secs]
      [Inspected:         2899053]
         [Skipped:              0(  0.0%)]
         [Hashed:         1195869( 41.3%)]
         [Known:           185217(  6.4%)]
         [New:            2713836( 93.6%)    211.3M]
      [Deduplicated:      1901770( 70.1%)    126.4M( 59.8%)]
         [Young:           781974( 41.1%)  61480.6K( 47.5%)]
         [Old:            1119796( 58.9%)  67950.3K( 52.5%)]
   [Table]
      [Memory Usage: 8332.5K]
      [Size: 262144, Min: 1024, Max: 16777216]
      [Entries: 263693, Load: 100.6%, Cached: 4445, Added: 971427, Removed: 707734]
      [Resize Count: 8, Shrink Threshold: 174762(66.7%), Grow Threshold: 524288(200.0%)]
      [Rehash Count: 0, Rehash Threshold: 120, Hash Seed: 0x0]
      [Age Threshold: 3]
   [Queue]
      [Dropped: 0]
[GC concurrent-string-deduplication, deleted 0 entries, 0.0000009 secs]
2020-12-17T21:31:30.528+0530: 381897.100: [GC concurrent-root-region-scan-end, 0.0017269 secs]
2020-12-17T21:31:30.529+0530: 381897.100: [GC concurrent-mark-start]
2020-12-17T21:31:30.621+0530: 381897.192: [GC concurrent-mark-end, 0.0925002 secs]
2020-12-17T21:31:30.621+0530: 381897.193: [GC remark 2020-12-17T21:31:30.621+0530: 381897.193: [Finalize Marking, 0.0004477 secs] 2020-12-17T21:31:30.622+0530: 381897.193: [GC ref-proc, 0.0005426 secs] 2020-12-17T21:31:30.622+0530: 381897.194: [Unloading, 0.0233406 secs], 0.0251701 secs]
 [Times: user=0.28 sys=0.03, real=0.03 secs] 
2020-12-17T21:31:30.647+0530: 381897.218: [GC cleanup 190M->190M(267M), 0.0022901 secs]
 [Times: user=0.00 sys=0.00, real=0.00 secs] 
2020-12-17T21:33:41.292+0530: 382027.862: [GC pause (G1 Evacuation Pause) (young), 0.0100149 secs]
   [Parallel Time: 3.0 ms, GC Workers: 10]
      [GC Worker Start (ms): Min: 382027862.5, Avg: 382027862.7, Max: 382027862.8, Diff: 0.2]
      [Ext Root Scanning (ms): Min: 0.8, Avg: 1.0, Max: 2.2, Diff: 1.4, Sum: 9.8]
      [Update RS (ms): Min: 0.0, Avg: 0.8, Max: 1.2, Diff: 1.2, Sum: 8.1]
         [Processed Buffers: Min: 0, Avg: 5.7, Max: 15, Diff: 15, Sum: 57]
      [Scan RS (ms): Min: 0.0, Avg: 0.0, Max: 0.0, Diff: 0.0, Sum: 0.1]
      [Code Root Scanning (ms): Min: 0.0, Avg: 0.0, Max: 0.0, Diff: 0.0, Sum: 0.0]
      [Object Copy (ms): Min: 0.0, Avg: 0.3, Max: 0.5, Diff: 0.5, Sum: 2.8]
      [Termination (ms): Min: 0.0, Avg: 0.1, Max: 0.2, Diff: 0.2, Sum: 1.3]
         [Termination Attempts: Min: 1, Avg: 5.9, Max: 11, Diff: 10, Sum: 59]
      [GC Worker Other (ms): Min: 0.0, Avg: 0.0, Max: 0.0, Diff: 0.0, Sum: 0.1]
      [GC Worker Total (ms): Min: 2.1, Avg: 2.2, Max: 2.4, Diff: 0.2, Sum: 22.3]
      [GC Worker End (ms): Min: 382027864.9, Avg: 382027864.9, Max: 382027864.9, Diff: 0.0]
   [Code Root Fixup: 0.0 ms]
   [Code Root Purge: 0.0 ms]
   [String Dedup Fixup: 4.5 ms, GC Workers: 10]
      [Queue Fixup (ms): Min: 0.0, Avg: 0.0, Max: 0.0, Diff: 0.0, Sum: 0.0]
      [Table Fixup (ms): Min: 4.0, Avg: 4.1, Max: 4.3, Diff: 0.3, Sum: 41.4]
   [Clear CT: 0.9 ms]
   [Other: 1.6 ms]
      [Choose CSet: 0.0 ms]
      [Ref Proc: 0.6 ms]
      [Ref Enq: 0.0 ms]
      [Redirty Cards: 0.8 ms]
      [Humongous Register: 0.0 ms]
      [Humongous Reclaim: 0.0 ms]
      [Free CSet: 0.1 ms]
   [Eden: 50176.0K(50176.0K)->0.0B(50176.0K) Survivors: 1024.0K->1024.0K Heap: 236.3M(267.0M)->187.6M(267.0M)]
 [Times: user=0.16 sys=0.00, real=0.01 secs] 
2020-12-17T21:33:41.302+0530: 382027.873: [GC concurrent-string-deduplication, 7424.0B->4824.0B(2600.0B), avg 59.8%, 0.0000903 secs]
   [Last Exec: 0.0000903 secs, Idle: 130.7743871 secs, Blocked: 0/0.0000000 secs]
      [Inspected:             202]
         [Skipped:              0(  0.0%)]
         [Hashed:              29( 14.4%)]
         [Known:              126( 62.4%)]
         [New:                 76( 37.6%)   7424.0B]
      [Deduplicated:           43( 56.6%)   2600.0B( 35.0%)]
         [Young:               43(100.0%)   2600.0B(100.0%)]
         [Old:                  0(  0.0%)      0.0B(  0.0%)]
   [Total Exec: 1523/0.8577824 secs, Idle: 1523/382026.5326764 secs, Blocked: 127/0.0900250 secs]
      [Inspected:         2899255]
         [Skipped:              0(  0.0%)]
         [Hashed:         1195898( 41.2%)]
         [Known:           185343(  6.4%)]
         [New:            2713912( 93.6%)    211.3M]
      [Deduplicated:      1901813( 70.1%)    126.4M( 59.8%)]
         [Young:           782017( 41.1%)  61483.1K( 47.5%)]
         [Old:            1119796( 58.9%)  67950.3K( 52.5%)]
   [Table]
      [Memory Usage: 8332.5K]
      [Size: 262144, Min: 1024, Max: 16777216]
      [Entries: 263826, Load: 100.6%, Cached: 4312, Added: 971571, Removed: 707745]
      [Resize Count: 8, Shrink Threshold: 174762(66.7%), Grow Threshold: 524288(200.0%)]
      [Rehash Count: 0, Rehash Threshold: 120, Hash Seed: 0x0]
      [Age Threshold: 3]
   [Queue]
      [Dropped: 0]
[GC concurrent-string-deduplication, deleted 0 entries, 0.0000035 secs]
2020-12-17T21:33:41.668+0530: 382028.239: [GC pause (G1 Humongous Allocation) (young) (initial-mark), 0.0070581 secs]
   [Parallel Time: 2.8 ms, GC Workers: 10]
      [GC Worker Start (ms): Min: 382028239.5, Avg: 382028239.6, Max: 382028239.7, Diff: 0.2]
      [Ext Root Scanning (ms): Min: 1.5, Avg: 1.6, Max: 1.9, Diff: 0.4, Sum: 16.3]
      [Update RS (ms): Min: 0.1, Avg: 0.3, Max: 0.6, Diff: 0.5, Sum: 2.7]
         [Processed Buffers: Min: 1, Avg: 2.3, Max: 7, Diff: 6, Sum: 23]
      [Scan RS (ms): Min: 0.0, Avg: 0.0, Max: 0.0, Diff: 0.0, Sum: 0.0]
      [Code Root Scanning (ms): Min: 0.0, Avg: 0.0, Max: 0.0, Diff: 0.0, Sum: 0.0]
      [Object Copy (ms): Min: 0.2, Avg: 0.3, Max: 0.4, Diff: 0.2, Sum: 2.6]
      [Termination (ms): Min: 0.0, Avg: 0.2, Max: 0.2, Diff: 0.2, Sum: 1.5]
         [Termination Attempts: Min: 1, Avg: 16.5, Max: 29, Diff: 28, Sum: 165]
      [GC Worker Other (ms): Min: 0.0, Avg: 0.0, Max: 0.0, Diff: 0.0, Sum: 0.1]
      [GC Worker Total (ms): Min: 2.2, Avg: 2.3, Max: 2.5, Diff: 0.2, Sum: 23.2]
      [GC Worker End (ms): Min: 382028242.0, Avg: 382028242.0, Max: 382028242.0, Diff: 0.0]
   [Code Root Fixup: 0.0 ms]
   [Code Root Purge: 0.0 ms]
   [String Dedup Fixup: 2.3 ms, GC Workers: 10]
      [Queue Fixup (ms): Min: 0.0, Avg: 0.0, Max: 0.0, Diff: 0.0, Sum: 0.0]
      [Table Fixup (ms): Min: 2.0, Avg: 2.0, Max: 2.2, Diff: 0.2, Sum: 20.5]
   [Clear CT: 0.5 ms]
   [Other: 1.4 ms]
      [Choose CSet: 0.0 ms]
      [Ref Proc: 0.6 ms]
      [Ref Enq: 0.0 ms]
      [Redirty Cards: 0.6 ms]
      [Humongous Register: 0.0 ms]
      [Humongous Reclaim: 0.0 ms]
      [Free CSet: 0.0 ms]
   [Eden: 23552.0K(50176.0K)->0.0B(50176.0K) Survivors: 1024.0K->1024.0K Heap: 210.4M(267.0M)->187.5M(267.0M)]
 [Times: user=0.14 sys=0.00, real=0.01 secs] 
2020-12-17T21:33:41.676+0530: 382028.247: [GC concurrent-root-region-scan-start]
2020-12-17T21:33:41.676+0530: 382028.247: [GC concurrent-string-deduplication, 656.0B->528.0B(128.0B), avg 59.8%, 0.0000087 secs]
   [Last Exec: 0.0000087 secs, Idle: 0.3739160 secs, Blocked: 0/0.0000000 secs]
      [Inspected:               3]
         [Skipped:              0(  0.0%)]
         [Hashed:               2( 66.7%)]
         [Known:                0(  0.0%)]
         [New:                  3(100.0%)    656.0B]
      [Deduplicated:            1( 33.3%)    128.0B( 19.5%)]
         [Young:                1(100.0%)    128.0B(100.0%)]
         [Old:                  0(  0.0%)      0.0B(  0.0%)]
   [Total Exec: 1524/0.8577911 secs, Idle: 1524/382026.9065924 secs, Blocked: 127/0.0900250 secs]
      [Inspected:         2899258]
         [Skipped:              0(  0.0%)]
         [Hashed:         1195900( 41.2%)]
         [Known:           185343(  6.4%)]
         [New:            2713915( 93.6%)    211.3M]
      [Deduplicated:      1901814( 70.1%)    126.4M( 59.8%)]
         [Young:           782018( 41.1%)  61483.2K( 47.5%)]
         [Old:            1119796( 58.9%)  67950.3K( 52.5%)]
   [Table]
      [Memory Usage: 8332.5K]
      [Size: 262144, Min: 1024, Max: 16777216]
      [Entries: 263886, Load: 100.7%, Cached: 4252, Added: 971631, Removed: 707745]
      [Resize Count: 8, Shrink Threshold: 174762(66.7%), Grow Threshold: 524288(200.0%)]
      [Rehash Count: 0, Rehash Threshold: 120, Hash Seed: 0x0]
      [Age Threshold: 3]
   [Queue]
      [Dropped: 0]
[GC concurrent-string-deduplication, deleted 0 entries, 0.0000011 secs]
2020-12-17T21:33:41.678+0530: 382028.249: [GC concurrent-root-region-scan-end, 0.0022300 secs]
2020-12-17T21:33:41.678+0530: 382028.249: [GC concurrent-mark-start]
2020-12-17T21:33:41.766+0530: 382028.337: [GC concurrent-mark-end, 0.0881143 secs]
2020-12-17T21:33:41.766+0530: 382028.337: [GC remark 2020-12-17T21:33:41.766+0530: 382028.337: [Finalize Marking, 0.0004708 secs] 2020-12-17T21:33:41.767+0530: 382028.338: [GC ref-proc, 0.0007363 secs] 2020-12-17T21:33:41.768+0530: 382028.339: [Unloading, 0.0247473 secs], 0.0268496 secs]
 [Times: user=0.14 sys=0.00, real=0.03 secs] 
2020-12-17T21:33:41.794+0530: 382028.365: [GC cleanup 194M->194M(267M), 0.0022423 secs]
 [Times: user=0.00 sys=0.00, real=0.00 secs] 
2020-12-17T21:33:43.701+0530: 382030.271: [GC pause (G1 Evacuation Pause) (young), 0.0102396 secs]
   [Parallel Time: 5.3 ms, GC Workers: 10]
      [GC Worker Start (ms): Min: 382030271.3, Avg: 382030271.5, Max: 382030271.7, Diff: 0.3]
      [Ext Root Scanning (ms): Min: 0.6, Avg: 0.9, Max: 1.7, Diff: 1.1, Sum: 8.7]
      [Update RS (ms): Min: 0.0, Avg: 0.6, Max: 2.0, Diff: 2.0, Sum: 6.1]
         [Processed Buffers: Min: 0, Avg: 4.7, Max: 10, Diff: 10, Sum: 47]
      [Scan RS (ms): Min: 0.0, Avg: 0.0, Max: 0.0, Diff: 0.0, Sum: 0.1]
      [Code Root Scanning (ms): Min: 0.0, Avg: 0.0, Max: 0.0, Diff: 0.0, Sum: 0.0]
      [Object Copy (ms): Min: 2.0, Avg: 3.3, Max: 3.7, Diff: 1.7, Sum: 33.4]
      [Termination (ms): Min: 0.0, Avg: 0.0, Max: 0.0, Diff: 0.0, Sum: 0.0]
         [Termination Attempts: Min: 1, Avg: 1.3, Max: 2, Diff: 1, Sum: 13]
      [GC Worker Other (ms): Min: 0.0, Avg: 0.0, Max: 0.1, Diff: 0.1, Sum: 0.2]
      [GC Worker Total (ms): Min: 4.7, Avg: 4.8, Max: 5.1, Diff: 0.4, Sum: 48.5]
      [GC Worker End (ms): Min: 382030276.4, Avg: 382030276.4, Max: 382030276.4, Diff: 0.1]
   [Code Root Fixup: 0.0 ms]
   [Code Root Purge: 0.0 ms]
   [String Dedup Fixup: 2.6 ms, GC Workers: 10]
      [Queue Fixup (ms): Min: 0.0, Avg: 0.0, Max: 0.0, Diff: 0.0, Sum: 0.0]
      [Table Fixup (ms): Min: 1.9, Avg: 2.0, Max: 2.2, Diff: 0.3, Sum: 19.8]
   [Clear CT: 0.8 ms]
   [Other: 1.4 ms]
      [Choose CSet: 0.0 ms]
      [Ref Proc: 0.5 ms]
      [Ref Enq: 0.0 ms]
      [Redirty Cards: 0.8 ms]
      [Humongous Register: 0.0 ms]
      [Humongous Reclaim: 0.0 ms]
      [Free CSet: 0.0 ms]
   [Eden: 50176.0K(50176.0K)->0.0B(8192.0K) Survivors: 1024.0K->5120.0K Heap: 237.5M(267.0M)->191.1M(267.0M)]
 [Times: user=0.13 sys=0.00, real=0.01 secs] 
2020-12-17T21:33:43.711+0530: 382030.282: [GC concurrent-string-deduplication, 1240.0B->312.0B(928.0B), avg 59.8%, 0.0000372 secs]
   [Last Exec: 0.0000372 secs, Idle: 2.0349265 secs, Blocked: 0/0.0000000 secs]
      [Inspected:             141]
         [Skipped:              0(  0.0%)]
         [Hashed:               5(  3.5%)]
         [Known:              124( 87.9%)]
         [New:                 17( 12.1%)   1240.0B]
      [Deduplicated:           15( 88.2%)    928.0B( 74.8%)]
         [Young:               15(100.0%)    928.0B(100.0%)]
         [Old:                  0(  0.0%)      0.0B(  0.0%)]
   [Total Exec: 1525/0.8578283 secs, Idle: 1525/382028.9415189 secs, Blocked: 127/0.0900250 secs]
      [Inspected:         2899399]
         [Skipped:              0(  0.0%)]
         [Hashed:         1195905( 41.2%)]
         [Known:           185467(  6.4%)]
         [New:            2713932( 93.6%)    211.3M]
      [Deduplicated:      1901829( 70.1%)    126.4M( 59.8%)]
         [Young:           782033( 41.1%)  61484.1K( 47.5%)]
         [Old:            1119796( 58.9%)  67950.3K( 52.5%)]
   [Table]
      [Memory Usage: 8332.5K]
      [Size: 262144, Min: 1024, Max: 16777216]
      [Entries: 263938, Load: 100.7%, Cached: 4200, Added: 971755, Removed: 707817]
      [Resize Count: 8, Shrink Threshold: 174762(66.7%), Grow Threshold: 524288(200.0%)]
      [Rehash Count: 0, Rehash Threshold: 120, Hash Seed: 0x0]
      [Age Threshold: 3]
   [Queue]
      [Dropped: 0]
[GC concurrent-string-deduplication, deleted 0 entries, 0.0000006 secs]
2020-12-17T21:33:54.743+0530: 382041.313: [GC pause (G1 Evacuation Pause) (mixed), 0.0091583 secs]
   [Parallel Time: 3.8 ms, GC Workers: 10]
      [GC Worker Start (ms): Min: 382041313.2, Avg: 382041313.3, Max: 382041313.4, Diff: 0.2]
      [Ext Root Scanning (ms): Min: 0.6, Avg: 0.8, Max: 1.8, Diff: 1.2, Sum: 8.0]
      [Update RS (ms): Min: 0.0, Avg: 0.7, Max: 1.0, Diff: 1.0, Sum: 6.8]
         [Processed Buffers: Min: 0, Avg: 5.2, Max: 13, Diff: 13, Sum: 52]
      [Scan RS (ms): Min: 0.0, Avg: 0.3, Max: 0.4, Diff: 0.3, Sum: 2.6]
      [Code Root Scanning (ms): Min: 0.0, Avg: 0.0, Max: 0.0, Diff: 0.0, Sum: 0.0]
      [Object Copy (ms): Min: 1.2, Avg: 1.3, Max: 1.4, Diff: 0.2, Sum: 13.0]
      [Termination (ms): Min: 0.0, Avg: 0.1, Max: 0.1, Diff: 0.1, Sum: 0.6]
         [Termination Attempts: Min: 1, Avg: 1.3, Max: 3, Diff: 2, Sum: 13]
      [GC Worker Other (ms): Min: 0.0, Avg: 0.0, Max: 0.0, Diff: 0.0, Sum: 0.1]
      [GC Worker Total (ms): Min: 3.0, Avg: 3.1, Max: 3.2, Diff: 0.2, Sum: 31.2]
      [GC Worker End (ms): Min: 382041316.4, Avg: 382041316.4, Max: 382041316.4, Diff: 0.0]
   [Code Root Fixup: 0.0 ms]
   [Code Root Purge: 0.0 ms]
   [String Dedup Fixup: 3.0 ms, GC Workers: 10]
      [Queue Fixup (ms): Min: 0.0, Avg: 0.0, Max: 0.0, Diff: 0.0, Sum: 0.0]
      [Table Fixup (ms): Min: 2.3, Avg: 2.4, Max: 2.6, Diff: 0.3, Sum: 24.3]
   [Clear CT: 0.6 ms]
   [Other: 1.7 ms]
      [Choose CSet: 0.0 ms]
      [Ref Proc: 0.8 ms]
      [Ref Enq: 0.0 ms]
      [Redirty Cards: 0.6 ms]
      [Humongous Register: 0.0 ms]
      [Humongous Reclaim: 0.0 ms]
      [Free CSet: 0.1 ms]
   [Eden: 8192.0K(8192.0K)->0.0B(48128.0K) Survivors: 5120.0K->2048.0K Heap: 200.1M(267.0M)->189.2M(267.0M)]
 [Times: user=0.16 sys=0.00, real=0.01 secs] 
2020-12-17T21:33:54.752+0530: 382041.323: [GC concurrent-string-deduplication, 19792.0B->12648.0B(7144.0B), avg 59.8%, 0.0001934 secs]
   [Last Exec: 0.0001934 secs, Idle: 11.0407411 secs, Blocked: 0/0.0000000 secs]
      [Inspected:             307]
         [Skipped:              0(  0.0%)]
         [Hashed:              70( 22.8%)]
         [Known:              200( 65.1%)]
         [New:                107( 34.9%)  19792.0B]
      [Deduplicated:           66( 61.7%)   7144.0B( 36.1%)]
         [Young:                0(  0.0%)      0.0B(  0.0%)]
         [Old:                 66(100.0%)   7144.0B(100.0%)]
   [Total Exec: 1526/0.8580217 secs, Idle: 1526/382039.9822600 secs, Blocked: 127/0.0900250 secs]
      [Inspected:         2899706]
         [Skipped:              0(  0.0%)]
         [Hashed:         1195975( 41.2%)]
         [Known:           185667(  6.4%)]
         [New:            2714039( 93.6%)    211.3M]
      [Deduplicated:      1901895( 70.1%)    126.4M( 59.8%)]
         [Young:           782033( 41.1%)  61484.1K( 47.5%)]
         [Old:            1119862( 58.9%)  67957.2K( 52.5%)]
   [Table]
      [Memory Usage: 8332.5K]
      [Size: 262144, Min: 1024, Max: 16777216]
      [Entries: 264000, Load: 100.7%, Cached: 4138, Added: 971817, Removed: 707817]
      [Resize Count: 8, Shrink Threshold: 174762(66.7%), Grow Threshold: 524288(200.0%)]
      [Rehash Count: 0, Rehash Threshold: 120, Hash Seed: 0x0]
      [Age Threshold: 3]
   [Queue]
      [Dropped: 0]
[GC concurrent-string-deduplication, deleted 0 entries, 0.0000007 secs]
2020-12-17T21:35:15.663+0530: 382122.234: [GC pause (G1 Humongous Allocation) (young) (initial-mark), 0.0113024 secs]
   [Parallel Time: 4.3 ms, GC Workers: 10]
      [GC Worker Start (ms): Min: 382122233.9, Avg: 382122233.9, Max: 382122234.0, Diff: 0.1]
      [Ext Root Scanning (ms): Min: 1.6, Avg: 1.7, Max: 1.9, Diff: 0.3, Sum: 16.9]
      [Update RS (ms): Min: 1.8, Avg: 1.9, Max: 2.1, Diff: 0.4, Sum: 19.3]
         [Processed Buffers: Min: 3, Avg: 6.3, Max: 13, Diff: 10, Sum: 63]
      [Scan RS (ms): Min: 0.0, Avg: 0.0, Max: 0.0, Diff: 0.0, Sum: 0.0]
      [Code Root Scanning (ms): Min: 0.0, Avg: 0.0, Max: 0.0, Diff: 0.0, Sum: 0.0]
      [Object Copy (ms): Min: 0.0, Avg: 0.2, Max: 0.3, Diff: 0.3, Sum: 1.7]
      [Termination (ms): Min: 0.0, Avg: 0.1, Max: 0.2, Diff: 0.2, Sum: 1.2]
         [Termination Attempts: Min: 1, Avg: 5.5, Max: 13, Diff: 12, Sum: 55]
      [GC Worker Other (ms): Min: 0.0, Avg: 0.0, Max: 0.1, Diff: 0.1, Sum: 0.4]
      [GC Worker Total (ms): Min: 3.9, Avg: 4.0, Max: 4.1, Diff: 0.2, Sum: 39.6]
      [GC Worker End (ms): Min: 382122237.9, Avg: 382122237.9, Max: 382122238.0, Diff: 0.1]
   [Code Root Fixup: 0.0 ms]
   [Code Root Purge: 0.0 ms]
   [String Dedup Fixup: 4.1 ms, GC Workers: 10]
      [Queue Fixup (ms): Min: 0.0, Avg: 0.0, Max: 0.0, Diff: 0.0, Sum: 0.0]
      [Table Fixup (ms): Min: 3.8, Avg: 3.9, Max: 4.0, Diff: 0.2, Sum: 39.4]
   [Clear CT: 1.3 ms]
   [Other: 1.7 ms]
      [Choose CSet: 0.0 ms]
      [Ref Proc: 0.8 ms]
      [Ref Enq: 0.0 ms]
      [Redirty Cards: 0.7 ms]
      [Humongous Register: 0.0 ms]
      [Humongous Reclaim: 0.0 ms]
      [Free CSet: 0.0 ms]
   [Eden: 33792.0K(48128.0K)->0.0B(49152.0K) Survivors: 2048.0K->1024.0K Heap: 222.0M(267.0M)->188.1M(267.0M)]
 [Times: user=0.14 sys=0.00, real=0.01 secs] 
2020-12-17T21:35:15.675+0530: 382122.245: [GC concurrent-root-region-scan-start]
2020-12-17T21:35:15.676+0530: 382122.247: [GC concurrent-root-region-scan-end, 0.0016112 secs]
2020-12-17T21:35:15.676+0530: 382122.247: [GC concurrent-mark-start]
2020-12-17T21:35:15.777+0530: 382122.347: [GC concurrent-mark-end, 0.1006264 secs]
2020-12-17T21:35:15.778+0530: 382122.348: [GC remark 2020-12-17T21:35:15.778+0530: 382122.348: [Finalize Marking, 0.0004294 secs] 2020-12-17T21:35:15.778+0530: 382122.348: [GC ref-proc, 0.0006639 secs] 2020-12-17T21:35:15.779+0530: 382122.349: [Unloading, 0.0318806 secs], 0.0340583 secs]
 [Times: user=0.31 sys=0.00, real=0.03 secs] 
2020-12-17T21:35:15.812+0530: 382122.383: [GC cleanup 190M->190M(267M), 0.0030314 secs]
 [Times: user=0.00 sys=0.00, real=0.00 secs] 
2020-12-17T21:38:06.324+0530: 382292.895: [GC pause (G1 Evacuation Pause) (young), 0.0089906 secs]
   [Parallel Time: 4.2 ms, GC Workers: 10]
      [GC Worker Start (ms): Min: 382292895.5, Avg: 382292895.7, Max: 382292895.9, Diff: 0.3]
      [Ext Root Scanning (ms): Min: 0.9, Avg: 1.2, Max: 3.0, Diff: 2.0, Sum: 12.4]
      [Update RS (ms): Min: 0.0, Avg: 1.1, Max: 1.6, Diff: 1.6, Sum: 10.7]
         [Processed Buffers: Min: 0, Avg: 7.4, Max: 15, Diff: 15, Sum: 74]
      [Scan RS (ms): Min: 0.0, Avg: 0.0, Max: 0.0, Diff: 0.0, Sum: 0.1]
      [Code Root Scanning (ms): Min: 0.0, Avg: 0.0, Max: 0.1, Diff: 0.1, Sum: 0.1]
      [Object Copy (ms): Min: 0.0, Avg: 0.3, Max: 0.5, Diff: 0.5, Sum: 3.1]
      [Termination (ms): Min: 0.0, Avg: 0.3, Max: 0.3, Diff: 0.3, Sum: 2.7]
         [Termination Attempts: Min: 1, Avg: 2.9, Max: 5, Diff: 4, Sum: 29]
      [GC Worker Other (ms): Min: 0.0, Avg: 0.0, Max: 0.0, Diff: 0.0, Sum: 0.2]
      [GC Worker Total (ms): Min: 2.8, Avg: 2.9, Max: 3.1, Diff: 0.3, Sum: 29.2]
      [GC Worker End (ms): Min: 382292898.6, Avg: 382292898.7, Max: 382292898.7, Diff: 0.0]
   [Code Root Fixup: 0.0 ms]
   [Code Root Purge: 0.0 ms]
   [String Dedup Fixup: 2.5 ms, GC Workers: 10]
      [Queue Fixup (ms): Min: 0.0, Avg: 0.0, Max: 0.0, Diff: 0.0, Sum: 0.0]
      [Table Fixup (ms): Min: 1.6, Avg: 1.8, Max: 2.0, Diff: 0.4, Sum: 18.3]
   [Clear CT: 0.8 ms]
   [Other: 1.5 ms]
      [Choose CSet: 0.0 ms]
      [Ref Proc: 0.6 ms]
      [Ref Enq: 0.0 ms]
      [Redirty Cards: 0.6 ms]
      [Humongous Register: 0.0 ms]
      [Humongous Reclaim: 0.0 ms]
      [Free CSet: 0.0 ms]
   [Eden: 49152.0K(49152.0K)->0.0B(12288.0K) Survivors: 1024.0K->1024.0K Heap: 237.1M(267.0M)->187.6M(267.0M)]
 [Times: user=0.16 sys=0.00, real=0.01 secs] 
2020-12-17T21:38:06.334+0530: 382292.904: [GC concurrent-string-deduplication, 80.0B->0.0B(80.0B), avg 59.8%, 0.0000097 secs]
   [Last Exec: 0.0000097 secs, Idle: 251.5817592 secs, Blocked: 0/0.0000000 secs]
      [Inspected:              23]
         [Skipped:              0(  0.0%)]
         [Hashed:               1(  4.3%)]
         [Known:               22( 95.7%)]
         [New:                  1(  4.3%)     80.0B]
      [Deduplicated:            1(100.0%)     80.0B(100.0%)]
         [Young:                1(100.0%)     80.0B(100.0%)]
         [Old:                  0(  0.0%)      0.0B(  0.0%)]
   [Total Exec: 1527/0.8580314 secs, Idle: 1527/382291.5640192 secs, Blocked: 127/0.0900250 secs]
      [Inspected:         2899729]
         [Skipped:              0(  0.0%)]
         [Hashed:         1195976( 41.2%)]
         [Known:           185689(  6.4%)]
         [New:            2714040( 93.6%)    211.3M]
      [Deduplicated:      1901896( 70.1%)    126.4M( 59.8%)]
         [Young:           782034( 41.1%)  61484.2K( 47.5%)]
         [Old:            1119862( 58.9%)  67957.2K( 52.5%)]
   [Table]
      [Memory Usage: 8332.5K]
      [Size: 262144, Min: 1024, Max: 16777216]
      [Entries: 263872, Load: 100.7%, Cached: 4266, Added: 971962, Removed: 708090]
      [Resize Count: 8, Shrink Threshold: 174762(66.7%), Grow Threshold: 524288(200.0%)]
      [Rehash Count: 0, Rehash Threshold: 120, Hash Seed: 0x0]
      [Age Threshold: 3]
   [Queue]
      [Dropped: 0]
[GC concurrent-string-deduplication, deleted 0 entries, 0.0000009 secs]
2020-12-17T21:41:32.827+0530: 382499.397: [GC pause (G1 Evacuation Pause) (mixed), 0.0085255 secs]
   [Parallel Time: 3.4 ms, GC Workers: 10]
      [GC Worker Start (ms): Min: 382499397.4, Avg: 382499397.6, Max: 382499397.7, Diff: 0.3]
      [Ext Root Scanning (ms): Min: 0.7, Avg: 0.9, Max: 1.6, Diff: 1.0, Sum: 8.6]
      [Update RS (ms): Min: 0.0, Avg: 0.5, Max: 1.0, Diff: 1.0, Sum: 5.3]
         [Processed Buffers: Min: 0, Avg: 4.9, Max: 8, Diff: 8, Sum: 49]
      [Scan RS (ms): Min: 0.0, Avg: 0.1, Max: 0.2, Diff: 0.2, Sum: 1.3]
      [Code Root Scanning (ms): Min: 0.0, Avg: 0.0, Max: 0.0, Diff: 0.0, Sum: 0.0]
      [Object Copy (ms): Min: 0.8, Avg: 1.0, Max: 1.2, Diff: 0.4, Sum: 10.2]
      [Termination (ms): Min: 0.0, Avg: 0.0, Max: 0.0, Diff: 0.0, Sum: 0.0]
         [Termination Attempts: Min: 1, Avg: 3.5, Max: 5, Diff: 4, Sum: 35]
      [GC Worker Other (ms): Min: 0.0, Avg: 0.0, Max: 0.0, Diff: 0.0, Sum: 0.1]
      [GC Worker Total (ms): Min: 2.4, Avg: 2.6, Max: 2.8, Diff: 0.3, Sum: 25.6]
      [GC Worker End (ms): Min: 382499400.2, Avg: 382499400.2, Max: 382499400.2, Diff: 0.0]
   [Code Root Fixup: 0.0 ms]
   [Code Root Purge: 0.0 ms]
   [String Dedup Fixup: 2.4 ms, GC Workers: 10]
      [Queue Fixup (ms): Min: 0.0, Avg: 0.0, Max: 0.0, Diff: 0.0, Sum: 0.0]
      [Table Fixup (ms): Min: 1.9, Avg: 2.0, Max: 2.1, Diff: 0.2, Sum: 19.9]
   [Clear CT: 0.9 ms]
   [Other: 1.8 ms]
      [Choose CSet: 0.0 ms]
      [Ref Proc: 0.9 ms]
      [Ref Enq: 0.0 ms]
      [Redirty Cards: 0.7 ms]
      [Humongous Register: 0.0 ms]
      [Humongous Reclaim: 0.0 ms]
      [Free CSet: 0.0 ms]
   [Eden: 12288.0K(12288.0K)->0.0B(50176.0K) Survivors: 1024.0K->1024.0K Heap: 199.6M(267.0M)->187.3M(267.0M)]
 [Times: user=0.16 sys=0.00, real=0.01 secs] 
2020-12-17T21:41:32.835+0530: 382499.406: [GC concurrent-string-deduplication, 3392.0B->2904.0B(488.0B), avg 59.8%, 0.0000174 secs]
   [Last Exec: 0.0000174 secs, Idle: 206.5014530 secs, Blocked: 0/0.0000000 secs]
      [Inspected:              33]
         [Skipped:              0(  0.0%)]
         [Hashed:              14( 42.4%)]
         [Known:                9( 27.3%)]
         [New:                 24( 72.7%)   3392.0B]
      [Deduplicated:           14( 58.3%)    488.0B( 14.4%)]
         [Young:               14(100.0%)    488.0B(100.0%)]
         [Old:                  0(  0.0%)      0.0B(  0.0%)]
   [Total Exec: 1528/0.8580488 secs, Idle: 1528/382498.0654722 secs, Blocked: 127/0.0900250 secs]
      [Inspected:         2899762]
         [Skipped:              0(  0.0%)]
         [Hashed:         1195990( 41.2%)]
         [Known:           185698(  6.4%)]
         [New:            2714064( 93.6%)    211.3M]
      [Deduplicated:      1901910( 70.1%)    126.4M( 59.8%)]
         [Young:           782048( 41.1%)  61484.7K( 47.5%)]
         [Old:            1119862( 58.9%)  67957.2K( 52.5%)]
   [Table]
      [Memory Usage: 8332.5K]
      [Size: 262144, Min: 1024, Max: 16777216]
      [Entries: 263891, Load: 100.7%, Cached: 4247, Added: 971981, Removed: 708090]
      [Resize Count: 8, Shrink Threshold: 174762(66.7%), Grow Threshold: 524288(200.0%)]
      [Rehash Count: 0, Rehash Threshold: 120, Hash Seed: 0x0]
      [Age Threshold: 3]
   [Queue]
      [Dropped: 0]
[GC concurrent-string-deduplication, deleted 0 entries, 0.0000008 secs]
2020-12-17T21:46:33.072+0530: 382799.643: [GC pause (G1 Evacuation Pause) (young), 0.0077226 secs]
   [Parallel Time: 2.6 ms, GC Workers: 10]
      [GC Worker Start (ms): Min: 382799643.2, Avg: 382799643.4, Max: 382799643.6, Diff: 0.5]
      [Ext Root Scanning (ms): Min: 0.5, Avg: 0.8, Max: 2.0, Diff: 1.6, Sum: 7.9]
      [Update RS (ms): Min: 0.4, Avg: 1.1, Max: 1.5, Diff: 1.2, Sum: 11.1]
         [Processed Buffers: Min: 1, Avg: 6.0, Max: 17, Diff: 16, Sum: 60]
      [Scan RS (ms): Min: 0.0, Avg: 0.0, Max: 0.0, Diff: 0.0, Sum: 0.1]
      [Code Root Scanning (ms): Min: 0.0, Avg: 0.0, Max: 0.0, Diff: 0.0, Sum: 0.0]
      [Object Copy (ms): Min: 0.0, Avg: 0.2, Max: 0.4, Diff: 0.3, Sum: 2.0]
      [Termination (ms): Min: 0.0, Avg: 0.2, Max: 0.2, Diff: 0.2, Sum: 1.6]
         [Termination Attempts: Min: 1, Avg: 7.8, Max: 13, Diff: 12, Sum: 78]
      [GC Worker Other (ms): Min: 0.0, Avg: 0.0, Max: 0.0, Diff: 0.0, Sum: 0.1]
      [GC Worker Total (ms): Min: 2.1, Avg: 2.3, Max: 2.5, Diff: 0.5, Sum: 22.8]
      [GC Worker End (ms): Min: 382799645.7, Avg: 382799645.7, Max: 382799645.7, Diff: 0.0]
   [Code Root Fixup: 0.0 ms]
   [Code Root Purge: 0.0 ms]
   [String Dedup Fixup: 2.5 ms, GC Workers: 10]
      [Queue Fixup (ms): Min: 0.0, Avg: 0.0, Max: 0.0, Diff: 0.0, Sum: 0.0]
      [Table Fixup (ms): Min: 1.9, Avg: 2.0, Max: 2.1, Diff: 0.3, Sum: 19.8]
   [Clear CT: 0.9 ms]
   [Other: 1.7 ms]
      [Choose CSet: 0.0 ms]
      [Ref Proc: 0.8 ms]
      [Ref Enq: 0.0 ms]
      [Redirty Cards: 0.7 ms]
      [Humongous Register: 0.0 ms]
      [Humongous Reclaim: 0.0 ms]
      [Free CSet: 0.0 ms]
   [Eden: 50176.0K(50176.0K)->0.0B(50176.0K) Survivors: 1024.0K->1024.0K Heap: 236.3M(267.0M)->187.4M(267.0M)]
 [Times: user=0.16 sys=0.00, real=0.01 secs] 
2020-12-17T21:46:33.080+0530: 382799.651: [GC concurrent-string-deduplication, 2608.0B->2000.0B(608.0B), avg 59.8%, 0.0000438 secs]
   [Last Exec: 0.0000438 secs, Idle: 300.2449778 secs, Blocked: 0/0.0000000 secs]
      [Inspected:             190]
         [Skipped:              0(  0.0%)]
         [Hashed:              20( 10.5%)]
         [Known:              156( 82.1%)]
         [New:                 34( 17.9%)   2608.0B]
      [Deduplicated:           11( 32.4%)    608.0B( 23.3%)]
         [Young:               11(100.0%)    608.0B(100.0%)]
         [Old:                  0(  0.0%)      0.0B(  0.0%)]
   [Total Exec: 1529/0.8580926 secs, Idle: 1529/382798.3104500 secs, Blocked: 127/0.0900250 secs]
      [Inspected:         2899952]
         [Skipped:              0(  0.0%)]
         [Hashed:         1196010( 41.2%)]
         [Known:           185854(  6.4%)]
         [New:            2714098( 93.6%)    211.3M]
      [Deduplicated:      1901921( 70.1%)    126.4M( 59.8%)]
         [Young:           782059( 41.1%)  61485.3K( 47.5%)]
         [Old:            1119862( 58.9%)  67957.2K( 52.5%)]
   [Table]
      [Memory Usage: 8332.5K]
      [Size: 262144, Min: 1024, Max: 16777216]
      [Entries: 263939, Load: 100.7%, Cached: 4199, Added: 972029, Removed: 708090]
      [Resize Count: 8, Shrink Threshold: 174762(66.7%), Grow Threshold: 524288(200.0%)]
      [Rehash Count: 0, Rehash Threshold: 120, Hash Seed: 0x0]
      [Age Threshold: 3]
   [Queue]
      [Dropped: 0]
[GC concurrent-string-deduplication, deleted 0 entries, 0.0000009 secs]
2020-12-17T21:49:52.183+0530: 382998.754: [GC pause (G1 Evacuation Pause) (young) (initial-mark), 0.0077672 secs]
   [Parallel Time: 3.7 ms, GC Workers: 10]
      [GC Worker Start (ms): Min: 382998754.5, Avg: 382998754.5, Max: 382998754.6, Diff: 0.2]
      [Ext Root Scanning (ms): Min: 2.2, Avg: 2.4, Max: 2.8, Diff: 0.6, Sum: 24.3]
      [Update RS (ms): Min: 0.3, Avg: 0.6, Max: 0.9, Diff: 0.6, Sum: 6.3]
         [Processed Buffers: Min: 1, Avg: 6.5, Max: 14, Diff: 13, Sum: 65]
      [Scan RS (ms): Min: 0.0, Avg: 0.0, Max: 0.0, Diff: 0.0, Sum: 0.0]
      [Code Root Scanning (ms): Min: 0.0, Avg: 0.0, Max: 0.0, Diff: 0.0, Sum: 0.0]
      [Object Copy (ms): Min: 0.1, Avg: 0.2, Max: 0.4, Diff: 0.3, Sum: 2.4]
      [Termination (ms): Min: 0.0, Avg: 0.1, Max: 0.2, Diff: 0.2, Sum: 1.3]
         [Termination Attempts: Min: 1, Avg: 5.2, Max: 11, Diff: 10, Sum: 52]
      [GC Worker Other (ms): Min: 0.0, Avg: 0.0, Max: 0.0, Diff: 0.0, Sum: 0.1]
      [GC Worker Total (ms): Min: 3.4, Avg: 3.4, Max: 3.5, Diff: 0.2, Sum: 34.5]
      [GC Worker End (ms): Min: 382998758.0, Avg: 382998758.0, Max: 382998758.0, Diff: 0.0]
   [Code Root Fixup: 0.0 ms]
   [Code Root Purge: 0.0 ms]
   [String Dedup Fixup: 2.5 ms, GC Workers: 10]
      [Queue Fixup (ms): Min: 0.0, Avg: 0.0, Max: 0.0, Diff: 0.0, Sum: 0.0]
      [Table Fixup (ms): Min: 2.2, Avg: 2.3, Max: 2.3, Diff: 0.1, Sum: 22.5]
   [Clear CT: 0.4 ms]
   [Other: 1.2 ms]
      [Choose CSet: 0.0 ms]
      [Ref Proc: 0.2 ms]
      [Ref Enq: 0.0 ms]
      [Redirty Cards: 0.3 ms]
      [Humongous Register: 0.0 ms]
      [Humongous Reclaim: 0.0 ms]
      [Free CSet: 0.2 ms]
   [Eden: 50176.0K(50176.0K)->0.0B(50176.0K) Survivors: 1024.0K->1024.0K Heap: 236.4M(267.0M)->187.4M(267.0M)]
 [Times: user=0.08 sys=0.02, real=0.01 secs] 
2020-12-17T21:49:52.191+0530: 2020-12-17T21:49:52.191+0530: 382998.762: [GC concurrent-root-region-scan-start]
382998.762: [GC concurrent-string-deduplication, 264.0B->264.0B(0.0B), avg 59.8%, 0.0000106 secs]
   [Last Exec: 0.0000106 secs, Idle: 199.1111321 secs, Blocked: 0/0.0000000 secs]
      [Inspected:              10]
         [Skipped:              0(  0.0%)]
         [Hashed:               1( 10.0%)]
         [Known:                9( 90.0%)]
         [New:                  1( 10.0%)    264.0B]
      [Deduplicated:            0(  0.0%)      0.0B(  0.0%)]
         [Young:                0(  0.0%)      0.0B(  0.0%)]
         [Old:                  0(  0.0%)      0.0B(  0.0%)]
   [Total Exec: 1530/0.8581032 secs, Idle: 1530/382997.4215821 secs, Blocked: 127/0.0900250 secs]
      [Inspected:         2899962]
         [Skipped:              0(  0.0%)]
         [Hashed:         1196011( 41.2%)]
         [Known:           185863(  6.4%)]
         [New:            2714099( 93.6%)    211.3M]
      [Deduplicated:      1901921( 70.1%)    126.4M( 59.8%)]
         [Young:           782059( 41.1%)  61485.3K( 47.5%)]
         [Old:            1119862( 58.9%)  67957.2K( 52.5%)]
   [Table]
      [Memory Usage: 8332.5K]
      [Size: 262144, Min: 1024, Max: 16777216]
      [Entries: 263982, Load: 100.7%, Cached: 4156, Added: 972080, Removed: 708098]
      [Resize Count: 8, Shrink Threshold: 174762(66.7%), Grow Threshold: 524288(200.0%)]
      [Rehash Count: 0, Rehash Threshold: 120, Hash Seed: 0x0]
      [Age Threshold: 3]
   [Queue]
      [Dropped: 0]
[GC concurrent-string-deduplication, deleted 0 entries, 0.0000010 secs]
2020-12-17T21:49:52.195+0530: 382998.766: [GC concurrent-root-region-scan-end, 0.0039191 secs]
2020-12-17T21:49:52.195+0530: 382998.766: [GC concurrent-mark-start]
2020-12-17T21:49:52.298+0530: 382998.868: [GC concurrent-mark-end, 0.1023336 secs]
2020-12-17T21:49:52.298+0530: 382998.869: [GC remark 2020-12-17T21:49:52.298+0530: 382998.869: [Finalize Marking, 0.0006679 secs] 2020-12-17T21:49:52.299+0530: 382998.870: [GC ref-proc, 0.0005264 secs] 2020-12-17T21:49:52.299+0530: 382998.870: [Unloading, 0.0231589 secs], 0.0252278 secs]
 [Times: user=0.14 sys=0.02, real=0.02 secs] 
2020-12-17T21:49:52.324+0530: 382998.895: [GC cleanup 202M->202M(267M), 0.0021393 secs]
 [Times: user=0.00 sys=0.00, real=0.00 secs] 
2020-12-17T21:49:59.579+0530: 383006.150: [GC pause (G1 Evacuation Pause) (young), 0.0065452 secs]
   [Parallel Time: 2.1 ms, GC Workers: 10]
      [GC Worker Start (ms): Min: 383006149.7, Avg: 383006149.8, Max: 383006149.9, Diff: 0.2]
      [Ext Root Scanning (ms): Min: 0.7, Avg: 0.9, Max: 1.6, Diff: 0.9, Sum: 8.6]
      [Update RS (ms): Min: 0.4, Avg: 0.6, Max: 0.7, Diff: 0.3, Sum: 6.3]
         [Processed Buffers: Min: 3, Avg: 5.3, Max: 11, Diff: 8, Sum: 53]
      [Scan RS (ms): Min: 0.0, Avg: 0.0, Max: 0.0, Diff: 0.0, Sum: 0.1]
      [Code Root Scanning (ms): Min: 0.0, Avg: 0.0, Max: 0.0, Diff: 0.0, Sum: 0.0]
      [Object Copy (ms): Min: 0.0, Avg: 0.2, Max: 0.3, Diff: 0.3, Sum: 2.4]
      [Termination (ms): Min: 0.0, Avg: 0.1, Max: 0.2, Diff: 0.2, Sum: 1.4]
         [Termination Attempts: Min: 1, Avg: 1.1, Max: 2, Diff: 1, Sum: 11]
      [GC Worker Other (ms): Min: 0.0, Avg: 0.0, Max: 0.0, Diff: 0.0, Sum: 0.1]
      [GC Worker Total (ms): Min: 1.8, Avg: 1.9, Max: 2.0, Diff: 0.2, Sum: 19.0]
      [GC Worker End (ms): Min: 383006151.7, Avg: 383006151.7, Max: 383006151.7, Diff: 0.0]
   [Code Root Fixup: 0.0 ms]
   [Code Root Purge: 0.0 ms]
   [String Dedup Fixup: 3.1 ms, GC Workers: 10]
      [Queue Fixup (ms): Min: 0.0, Avg: 0.0, Max: 0.0, Diff: 0.0, Sum: 0.0]
      [Table Fixup (ms): Min: 2.6, Avg: 2.8, Max: 3.0, Diff: 0.4, Sum: 28.5]
   [Clear CT: 0.2 ms]
   [Other: 1.2 ms]
      [Choose CSet: 0.0 ms]
      [Ref Proc: 0.6 ms]
      [Ref Enq: 0.0 ms]
      [Redirty Cards: 0.3 ms]
      [Humongous Register: 0.0 ms]
      [Humongous Reclaim: 0.0 ms]
      [Free CSet: 0.1 ms]
   [Eden: 50176.0K(50176.0K)->0.0B(12288.0K) Survivors: 1024.0K->1024.0K Heap: 237.4M(267.0M)->187.5M(267.0M)]
 [Times: user=0.00 sys=0.00, real=0.01 secs] 
2020-12-17T21:49:59.586+0530: 383006.156: [GC concurrent-string-deduplication, 11584.0B->5776.0B(5808.0B), avg 59.8%, 0.0000787 secs]
   [Last Exec: 0.0000787 secs, Idle: 7.3940721 secs, Blocked: 0/0.0000000 secs]
      [Inspected:             107]
         [Skipped:              0(  0.0%)]
         [Hashed:              60( 56.1%)]
         [Known:               30( 28.0%)]
         [New:                 77( 72.0%)  11584.0B]
      [Deduplicated:           41( 53.2%)   5808.0B( 50.1%)]
         [Young:               41(100.0%)   5808.0B(100.0%)]
         [Old:                  0(  0.0%)      0.0B(  0.0%)]
   [Total Exec: 1531/0.8581819 secs, Idle: 1531/383004.8156542 secs, Blocked: 127/0.0900250 secs]
      [Inspected:         2900069]
         [Skipped:              0(  0.0%)]
         [Hashed:         1196071( 41.2%)]
         [Known:           185893(  6.4%)]
         [New:            2714176( 93.6%)    211.3M]
      [Deduplicated:      1901962( 70.1%)    126.4M( 59.8%)]
         [Young:           782100( 41.1%)  61491.0K( 47.5%)]
         [Old:            1119862( 58.9%)  67957.2K( 52.5%)]
   [Table]
      [Memory Usage: 8332.5K]
      [Size: 262144, Min: 1024, Max: 16777216]
      [Entries: 264006, Load: 100.7%, Cached: 4132, Added: 972182, Removed: 708176]
      [Resize Count: 8, Shrink Threshold: 174762(66.7%), Grow Threshold: 524288(200.0%)]
      [Rehash Count: 0, Rehash Threshold: 120, Hash Seed: 0x0]
      [Age Threshold: 3]
   [Queue]
      [Dropped: 0]
[GC concurrent-string-deduplication, deleted 0 entries, 0.0000008 secs]
2020-12-17T21:50:20.447+0530: 383027.018: [GC pause (G1 Evacuation Pause) (mixed), 0.0073748 secs]
   [Parallel Time: 2.4 ms, GC Workers: 10]
      [GC Worker Start (ms): Min: 383027018.2, Avg: 383027018.3, Max: 383027018.4, Diff: 0.2]
      [Ext Root Scanning (ms): Min: 0.7, Avg: 0.9, Max: 1.5, Diff: 0.9, Sum: 8.8]
      [Update RS (ms): Min: 0.0, Avg: 0.5, Max: 0.9, Diff: 0.9, Sum: 5.5]
         [Processed Buffers: Min: 2, Avg: 4.1, Max: 7, Diff: 5, Sum: 41]
      [Scan RS (ms): Min: 0.0, Avg: 0.2, Max: 0.7, Diff: 0.7, Sum: 2.0]
      [Code Root Scanning (ms): Min: 0.0, Avg: 0.0, Max: 0.0, Diff: 0.0, Sum: 0.1]
      [Object Copy (ms): Min: 0.2, Avg: 0.6, Max: 0.7, Diff: 0.6, Sum: 5.8]
      [Termination (ms): Min: 0.0, Avg: 0.0, Max: 0.0, Diff: 0.0, Sum: 0.0]
         [Termination Attempts: Min: 1, Avg: 2.2, Max: 4, Diff: 3, Sum: 22]
      [GC Worker Other (ms): Min: 0.0, Avg: 0.0, Max: 0.0, Diff: 0.0, Sum: 0.1]
      [GC Worker Total (ms): Min: 2.1, Avg: 2.2, Max: 2.4, Diff: 0.2, Sum: 22.3]
      [GC Worker End (ms): Min: 383027020.5, Avg: 383027020.5, Max: 383027020.5, Diff: 0.0]
   [Code Root Fixup: 0.0 ms]
   [Code Root Purge: 0.0 ms]
   [String Dedup Fixup: 2.8 ms, GC Workers: 10]
      [Queue Fixup (ms): Min: 0.0, Avg: 0.0, Max: 0.0, Diff: 0.0, Sum: 0.0]
      [Table Fixup (ms): Min: 2.0, Avg: 2.1, Max: 2.2, Diff: 0.2, Sum: 21.2]
   [Clear CT: 0.8 ms]
   [Other: 1.3 ms]
      [Choose CSet: 0.0 ms]
      [Ref Proc: 0.4 ms]
      [Ref Enq: 0.0 ms]
      [Redirty Cards: 0.8 ms]
      [Humongous Register: 0.0 ms]
      [Humongous Reclaim: 0.0 ms]
      [Free CSet: 0.0 ms]
   [Eden: 12288.0K(12288.0K)->0.0B(50176.0K) Survivors: 1024.0K->1024.0K Heap: 200.6M(267.0M)->187.6M(267.0M)]
 [Times: user=0.00 sys=0.00, real=0.01 secs] 
2020-12-17T21:50:20.455+0530: 383027.026: [GC concurrent-string-deduplication, 5800.0B->4888.0B(912.0B), avg 59.8%, 0.0000297 secs]
   [Last Exec: 0.0000297 secs, Idle: 20.8690984 secs, Blocked: 0/0.0000000 secs]
      [Inspected:              95]
         [Skipped:              0(  0.0%)]
         [Hashed:              22( 23.2%)]
         [Known:               61( 64.2%)]
         [New:                 34( 35.8%)   5800.0B]
      [Deduplicated:           20( 58.8%)    912.0B( 15.7%)]
         [Young:               20(100.0%)    912.0B(100.0%)]
         [Old:                  0(  0.0%)      0.0B(  0.0%)]
   [Total Exec: 1532/0.8582116 secs, Idle: 1532/383025.6847526 secs, Blocked: 127/0.0900250 secs]
      [Inspected:         2900164]
         [Skipped:              0(  0.0%)]
         [Hashed:         1196093( 41.2%)]
         [Known:           185954(  6.4%)]
         [New:            2714210( 93.6%)    211.3M]
      [Deduplicated:      1901982( 70.1%)    126.4M( 59.8%)]
         [Young:           782120( 41.1%)  61491.9K( 47.5%)]
         [Old:            1119862( 58.9%)  67957.2K( 52.5%)]
   [Table]
      [Memory Usage: 8332.5K]
      [Size: 262144, Min: 1024, Max: 16777216]
      [Entries: 264064, Load: 100.7%, Cached: 4074, Added: 972244, Removed: 708180]
      [Resize Count: 8, Shrink Threshold: 174762(66.7%), Grow Threshold: 524288(200.0%)]
      [Rehash Count: 0, Rehash Threshold: 120, Hash Seed: 0x0]
      [Age Threshold: 3]
   [Queue]
      [Dropped: 0]
[GC concurrent-string-deduplication, deleted 0 entries, 0.0000009 secs]
2020-12-17T21:50:26.745+0530: 383033.316: [GC pause (G1 Evacuation Pause) (young), 0.0078172 secs]
   [Parallel Time: 2.8 ms, GC Workers: 10]
      [GC Worker Start (ms): Min: 383033315.6, Avg: 383033315.8, Max: 383033315.9, Diff: 0.3]
      [Ext Root Scanning (ms): Min: 0.5, Avg: 0.8, Max: 1.5, Diff: 1.0, Sum: 7.5]
      [Update RS (ms): Min: 0.4, Avg: 0.9, Max: 1.2, Diff: 0.8, Sum: 9.4]
         [Processed Buffers: Min: 2, Avg: 5.3, Max: 9, Diff: 7, Sum: 53]
      [Scan RS (ms): Min: 0.0, Avg: 0.0, Max: 0.0, Diff: 0.0, Sum: 0.0]
      [Code Root Scanning (ms): Min: 0.0, Avg: 0.0, Max: 0.1, Diff: 0.1, Sum: 0.1]
      [Object Copy (ms): Min: 0.1, Avg: 0.3, Max: 0.4, Diff: 0.3, Sum: 2.8]
      [Termination (ms): Min: 0.0, Avg: 0.1, Max: 0.1, Diff: 0.1, Sum: 0.7]
         [Termination Attempts: Min: 1, Avg: 1.1, Max: 2, Diff: 1, Sum: 11]
      [GC Worker Other (ms): Min: 0.0, Avg: 0.0, Max: 0.1, Diff: 0.1, Sum: 0.2]
      [GC Worker Total (ms): Min: 2.0, Avg: 2.1, Max: 2.2, Diff: 0.3, Sum: 20.7]
      [GC Worker End (ms): Min: 383033317.8, Avg: 383033317.8, Max: 383033317.8, Diff: 0.0]
   [Code Root Fixup: 0.0 ms]
   [Code Root Purge: 0.0 ms]
   [String Dedup Fixup: 2.6 ms, GC Workers: 10]
      [Queue Fixup (ms): Min: 0.0, Avg: 0.0, Max: 0.0, Diff: 0.0, Sum: 0.0]
      [Table Fixup (ms): Min: 1.8, Avg: 1.9, Max: 2.0, Diff: 0.2, Sum: 19.1]
   [Clear CT: 0.8 ms]
   [Other: 1.7 ms]
      [Choose CSet: 0.0 ms]
      [Ref Proc: 0.7 ms]
      [Ref Enq: 0.0 ms]
      [Redirty Cards: 0.8 ms]
      [Humongous Register: 0.0 ms]
      [Humongous Reclaim: 0.0 ms]
      [Free CSet: 0.0 ms]
   [Eden: 50176.0K(50176.0K)->0.0B(50176.0K) Survivors: 1024.0K->1024.0K Heap: 236.6M(267.0M)->187.7M(267.0M)]
 [Times: user=0.16 sys=0.00, real=0.01 secs] 
2020-12-17T21:50:26.753+0530: 383033.324: [GC concurrent-string-deduplication, 11096.0B->624.0B(10472.0B), avg 59.8%, 0.0000607 secs]
   [Last Exec: 0.0000607 secs, Idle: 6.2978627 secs, Blocked: 0/0.0000000 secs]
      [Inspected:             194]
         [Skipped:              0(  0.0%)]
         [Hashed:              59( 30.4%)]
         [Known:               72( 37.1%)]
         [New:                122( 62.9%)  11096.0B]
      [Deduplicated:          114( 93.4%)  10472.0B( 94.4%)]
         [Young:              114(100.0%)  10472.0B(100.0%)]
         [Old:                  0(  0.0%)      0.0B(  0.0%)]
   [Total Exec: 1533/0.8582723 secs, Idle: 1533/383031.9826153 secs, Blocked: 127/0.0900250 secs]
      [Inspected:         2900358]
         [Skipped:              0(  0.0%)]
         [Hashed:         1196152( 41.2%)]
         [Known:           186026(  6.4%)]
         [New:            2714332( 93.6%)    211.4M]
      [Deduplicated:      1902096( 70.1%)    126.4M( 59.8%)]
         [Young:           782234( 41.1%)  61502.1K( 47.5%)]
         [Old:            1119862( 58.9%)  67957.2K( 52.5%)]
   [Table]
      [Memory Usage: 8332.5K]
      [Size: 262144, Min: 1024, Max: 16777216]
      [Entries: 264085, Load: 100.7%, Cached: 4053, Added: 972271, Removed: 708186]
      [Resize Count: 8, Shrink Threshold: 174762(66.7%), Grow Threshold: 524288(200.0%)]
      [Rehash Count: 0, Rehash Threshold: 120, Hash Seed: 0x0]
      [Age Threshold: 3]
   [Queue]
      [Dropped: 0]
[GC concurrent-string-deduplication, deleted 0 entries, 0.0000006 secs]
2020-12-17T21:56:33.540+0530: 383400.111: [GC pause (G1 Evacuation Pause) (young) (initial-mark), 0.0085621 secs]
   [Parallel Time: 4.2 ms, GC Workers: 10]
      [GC Worker Start (ms): Min: 383400111.4, Avg: 383400111.5, Max: 383400111.6, Diff: 0.3]
      [Ext Root Scanning (ms): Min: 1.9, Avg: 2.2, Max: 2.5, Diff: 0.6, Sum: 22.0]
      [Update RS (ms): Min: 0.5, Avg: 0.6, Max: 0.9, Diff: 0.4, Sum: 6.5]
         [Processed Buffers: Min: 2, Avg: 6.2, Max: 17, Diff: 15, Sum: 62]
      [Scan RS (ms): Min: 0.0, Avg: 0.0, Max: 0.0, Diff: 0.0, Sum: 0.0]
      [Code Root Scanning (ms): Min: 0.0, Avg: 0.0, Max: 0.1, Diff: 0.1, Sum: 0.1]
      [Object Copy (ms): Min: 0.1, Avg: 0.3, Max: 0.5, Diff: 0.4, Sum: 3.4]
      [Termination (ms): Min: 0.0, Avg: 0.1, Max: 0.2, Diff: 0.2, Sum: 1.4]
         [Termination Attempts: Min: 1, Avg: 1.4, Max: 2, Diff: 1, Sum: 14]
      [GC Worker Other (ms): Min: 0.0, Avg: 0.0, Max: 0.0, Diff: 0.0, Sum: 0.2]
      [GC Worker Total (ms): Min: 3.3, Avg: 3.4, Max: 3.5, Diff: 0.3, Sum: 33.6]
      [GC Worker End (ms): Min: 383400114.9, Avg: 383400114.9, Max: 383400114.9, Diff: 0.0]
   [Code Root Fixup: 0.0 ms]
   [Code Root Purge: 0.0 ms]
   [String Dedup Fixup: 2.5 ms, GC Workers: 10]
      [Queue Fixup (ms): Min: 0.0, Avg: 0.0, Max: 0.0, Diff: 0.0, Sum: 0.0]
      [Table Fixup (ms): Min: 1.8, Avg: 1.9, Max: 2.1, Diff: 0.2, Sum: 19.2]
   [Clear CT: 0.6 ms]
   [Other: 1.2 ms]
      [Choose CSet: 0.0 ms]
      [Ref Proc: 0.3 ms]
      [Ref Enq: 0.0 ms]
      [Redirty Cards: 0.6 ms]
      [Humongous Register: 0.0 ms]
      [Humongous Reclaim: 0.0 ms]
      [Free CSet: 0.0 ms]
   [Eden: 50176.0K(50176.0K)->0.0B(50176.0K) Survivors: 1024.0K->1024.0K Heap: 236.7M(267.0M)->187.7M(267.0M)]
 [Times: user=0.16 sys=0.00, real=0.01 secs] 
2020-12-17T21:56:33.549+0530: 383400.120: [GC concurrent-root-region-scan-start]
2020-12-17T21:56:33.549+0530: 383400.120: [GC concurrent-string-deduplication, 2528.0B->1128.0B(1400.0B), avg 59.8%, 0.0000539 secs]
   [Last Exec: 0.0000539 secs, Idle: 366.7962732 secs, Blocked: 0/0.0000000 secs]
      [Inspected:              88]
         [Skipped:              0(  0.0%)]
         [Hashed:              19( 21.6%)]
         [Known:               51( 58.0%)]
         [New:                 37( 42.0%)   2528.0B]
      [Deduplicated:           27( 73.0%)   1400.0B( 55.4%)]
         [Young:               27(100.0%)   1400.0B(100.0%)]
         [Old:                  0(  0.0%)      0.0B(  0.0%)]
   [Total Exec: 1534/0.8583262 secs, Idle: 1534/383398.7788885 secs, Blocked: 127/0.0900250 secs]
      [Inspected:         2900446]
         [Skipped:              0(  0.0%)]
         [Hashed:         1196171( 41.2%)]
         [Known:           186077(  6.4%)]
         [New:            2714369( 93.6%)    211.4M]
      [Deduplicated:      1902123( 70.1%)    126.4M( 59.8%)]
         [Young:           782261( 41.1%)  61503.5K( 47.5%)]
         [Old:            1119862( 58.9%)  67957.2K( 52.5%)]
   [Table]
      [Memory Usage: 8332.5K]
      [Size: 262144, Min: 1024, Max: 16777216]
      [Entries: 264095, Load: 100.7%, Cached: 4043, Added: 972281, Removed: 708186]
      [Resize Count: 8, Shrink Threshold: 174762(66.7%), Grow Threshold: 524288(200.0%)]
      [Rehash Count: 0, Rehash Threshold: 120, Hash Seed: 0x0]
      [Age Threshold: 3]
   [Queue]
      [Dropped: 0]
[GC concurrent-string-deduplication, deleted 0 entries, 0.0000014 secs]
2020-12-17T21:56:33.551+0530: 383400.122: [GC concurrent-root-region-scan-end, 0.0023268 secs]
2020-12-17T21:56:33.551+0530: 383400.122: [GC concurrent-mark-start]
2020-12-17T21:56:33.647+0530: 383400.218: [GC concurrent-mark-end, 0.0958461 secs]
2020-12-17T21:56:33.648+0530: 383400.219: [GC remark 2020-12-17T21:56:33.648+0530: 383400.219: [Finalize Marking, 0.0007049 secs] 2020-12-17T21:56:33.648+0530: 383400.219: [GC ref-proc, 0.0004901 secs] 2020-12-17T21:56:33.649+0530: 383400.220: [Unloading, 0.0234793 secs], 0.0253586 secs]
 [Times: user=0.31 sys=0.00, real=0.03 secs] 
2020-12-17T21:56:33.673+0530: 383400.244: [GC cleanup 208M->208M(267M), 0.0036717 secs]
 [Times: user=0.00 sys=0.00, real=0.00 secs] 
2020-12-17T22:01:33.839+0530: 383700.410: [GC pause (G1 Evacuation Pause) (young), 0.0069148 secs]
   [Parallel Time: 2.2 ms, GC Workers: 10]
      [GC Worker Start (ms): Min: 383700409.7, Avg: 383700409.9, Max: 383700410.1, Diff: 0.4]
      [Ext Root Scanning (ms): Min: 0.6, Avg: 0.8, Max: 2.1, Diff: 1.6, Sum: 8.4]
      [Update RS (ms): Min: 0.0, Avg: 0.7, Max: 1.1, Diff: 1.1, Sum: 6.7]
         [Processed Buffers: Min: 0, Avg: 5.6, Max: 13, Diff: 13, Sum: 56]
      [Scan RS (ms): Min: 0.0, Avg: 0.0, Max: 0.0, Diff: 0.0, Sum: 0.1]
      [Code Root Scanning (ms): Min: 0.0, Avg: 0.0, Max: 0.1, Diff: 0.1, Sum: 0.1]
      [Object Copy (ms): Min: 0.0, Avg: 0.3, Max: 0.4, Diff: 0.4, Sum: 2.7]
      [Termination (ms): Min: 0.0, Avg: 0.1, Max: 0.2, Diff: 0.2, Sum: 1.2]
         [Termination Attempts: Min: 1, Avg: 1.0, Max: 1, Diff: 0, Sum: 10]
      [GC Worker Other (ms): Min: 0.0, Avg: 0.0, Max: 0.0, Diff: 0.0, Sum: 0.1]
      [GC Worker Total (ms): Min: 1.8, Avg: 1.9, Max: 2.1, Diff: 0.3, Sum: 19.3]
      [GC Worker End (ms): Min: 383700411.8, Avg: 383700411.9, Max: 383700411.9, Diff: 0.0]
   [Code Root Fixup: 0.0 ms]
   [Code Root Purge: 0.0 ms]
   [String Dedup Fixup: 2.6 ms, GC Workers: 10]
      [Queue Fixup (ms): Min: 0.0, Avg: 0.0, Max: 0.0, Diff: 0.0, Sum: 0.0]
      [Table Fixup (ms): Min: 2.0, Avg: 2.1, Max: 2.2, Diff: 0.2, Sum: 20.6]
   [Clear CT: 0.8 ms]
   [Other: 1.3 ms]
      [Choose CSet: 0.0 ms]
      [Ref Proc: 0.5 ms]
      [Ref Enq: 0.0 ms]
      [Redirty Cards: 0.7 ms]
      [Humongous Register: 0.0 ms]
      [Humongous Reclaim: 0.0 ms]
      [Free CSet: 0.0 ms]
   [Eden: 50176.0K(50176.0K)->0.0B(11264.0K) Survivors: 1024.0K->2048.0K Heap: 236.7M(267.0M)->187.8M(267.0M)]
 [Times: user=0.16 sys=0.00, real=0.01 secs] 
2020-12-17T22:01:33.846+0530: 383700.417: [GC concurrent-string-deduplication, 43000.0B->23904.0B(19096.0B), avg 59.8%, 0.0001200 secs]
   [Last Exec: 0.0001200 secs, Idle: 300.2966555 secs, Blocked: 0/0.0000000 secs]
      [Inspected:             456]
         [Skipped:              0(  0.0%)]
         [Hashed:             329( 72.1%)]
         [Known:               19(  4.2%)]
         [New:                437( 95.8%)  43000.0B]
      [Deduplicated:          405( 92.7%)  19096.0B( 44.4%)]
         [Young:              405(100.0%)  19096.0B(100.0%)]
         [Old:                  0(  0.0%)      0.0B(  0.0%)]
   [Total Exec: 1535/0.8584462 secs, Idle: 1535/383699.0755440 secs, Blocked: 127/0.0900250 secs]
      [Inspected:         2900902]
         [Skipped:              0(  0.0%)]
         [Hashed:         1196500( 41.2%)]
         [Known:           186096(  6.4%)]
         [New:            2714806( 93.6%)    211.4M]
      [Deduplicated:      1902528( 70.1%)    126.4M( 59.8%)]
         [Young:           782666( 41.1%)  61522.1K( 47.5%)]
         [Old:            1119862( 58.9%)  67957.2K( 52.5%)]
   [Table]
      [Memory Usage: 8332.5K]
      [Size: 262144, Min: 1024, Max: 16777216]
      [Entries: 264040, Load: 100.7%, Cached: 4098, Added: 972313, Removed: 708273]
      [Resize Count: 8, Shrink Threshold: 174762(66.7%), Grow Threshold: 524288(200.0%)]
      [Rehash Count: 0, Rehash Threshold: 120, Hash Seed: 0x0]
      [Age Threshold: 3]
   [Queue]
      [Dropped: 0]
[GC concurrent-string-deduplication, deleted 0 entries, 0.0000008 secs]
2020-12-17T22:01:33.903+0530: 383700.473: [GC pause (G1 Evacuation Pause) (mixed), 0.0077472 secs]
   [Parallel Time: 2.9 ms, GC Workers: 10]
      [GC Worker Start (ms): Min: 383700473.6, Avg: 383700473.8, Max: 383700473.9, Diff: 0.3]
      [Ext Root Scanning (ms): Min: 0.6, Avg: 0.8, Max: 1.8, Diff: 1.2, Sum: 8.2]
      [Update RS (ms): Min: 0.0, Avg: 0.2, Max: 0.3, Diff: 0.3, Sum: 2.0]
         [Processed Buffers: Min: 0, Avg: 1.1, Max: 2, Diff: 2, Sum: 11]
      [Scan RS (ms): Min: 0.0, Avg: 0.1, Max: 0.3, Diff: 0.3, Sum: 1.4]
      [Code Root Scanning (ms): Min: 0.0, Avg: 0.0, Max: 0.1, Diff: 0.1, Sum: 0.1]
      [Object Copy (ms): Min: 0.1, Avg: 0.6, Max: 1.0, Diff: 0.9, Sum: 6.0]
      [Termination (ms): Min: 0.0, Avg: 0.4, Max: 0.4, Diff: 0.4, Sum: 4.0]
         [Termination Attempts: Min: 1, Avg: 8.5, Max: 15, Diff: 14, Sum: 85]
      [GC Worker Other (ms): Min: 0.0, Avg: 0.0, Max: 0.0, Diff: 0.0, Sum: 0.1]
      [GC Worker Total (ms): Min: 2.1, Avg: 2.2, Max: 2.4, Diff: 0.3, Sum: 21.7]
      [GC Worker End (ms): Min: 383700475.9, Avg: 383700475.9, Max: 383700475.9, Diff: 0.0]
   [Code Root Fixup: 0.0 ms]
   [Code Root Purge: 0.0 ms]
   [String Dedup Fixup: 2.5 ms, GC Workers: 10]
      [Queue Fixup (ms): Min: 0.0, Avg: 0.0, Max: 0.0, Diff: 0.0, Sum: 0.0]
      [Table Fixup (ms): Min: 1.8, Avg: 1.9, Max: 2.0, Diff: 0.2, Sum: 18.7]
   [Clear CT: 0.8 ms]
   [Other: 1.5 ms]
      [Choose CSet: 0.0 ms]
      [Ref Proc: 0.6 ms]
      [Ref Enq: 0.0 ms]
      [Redirty Cards: 0.8 ms]
      [Humongous Register: 0.0 ms]
      [Humongous Reclaim: 0.0 ms]
      [Free CSet: 0.0 ms]
   [Eden: 11264.0K(11264.0K)->0.0B(51200.0K) Survivors: 2048.0K->1024.0K Heap: 198.8M(267.0M)->187.4M(267.0M)]
 [Times: user=0.06 sys=0.00, real=0.01 secs] 
2020-12-17T22:01:33.910+0530: 383700.481: [GC concurrent-string-deduplication, 264.0B->264.0B(0.0B), avg 59.8%, 0.0000037 secs]
   [Last Exec: 0.0000037 secs, Idle: 0.0646280 secs, Blocked: 0/0.0000000 secs]
      [Inspected:               1]
         [Skipped:              0(  0.0%)]
         [Hashed:               1(100.0%)]
         [Known:                0(  0.0%)]
         [New:                  1(100.0%)    264.0B]
      [Deduplicated:            0(  0.0%)      0.0B(  0.0%)]
         [Young:                0(  0.0%)      0.0B(  0.0%)]
         [Old:                  0(  0.0%)      0.0B(  0.0%)]
   [Total Exec: 1536/0.8584499 secs, Idle: 1536/383699.1401720 secs, Blocked: 127/0.0900250 secs]
      [Inspected:         2900903]
         [Skipped:              0(  0.0%)]
         [Hashed:         1196501( 41.2%)]
         [Known:           186096(  6.4%)]
         [New:            2714807( 93.6%)    211.4M]
      [Deduplicated:      1902528( 70.1%)    126.4M( 59.8%)]
         [Young:           782666( 41.1%)  61522.1K( 47.5%)]
         [Old:            1119862( 58.9%)  67957.2K( 52.5%)]
   [Table]
      [Memory Usage: 8332.5K]
      [Size: 262144, Min: 1024, Max: 16777216]
      [Entries: 264032, Load: 100.7%, Cached: 4106, Added: 972314, Removed: 708282]
      [Resize Count: 8, Shrink Threshold: 174762(66.7%), Grow Threshold: 524288(200.0%)]
      [Rehash Count: 0, Rehash Threshold: 120, Hash Seed: 0x0]
      [Age Threshold: 3]
   [Queue]
      [Dropped: 0]
[GC concurrent-string-deduplication, deleted 0 entries, 0.0000007 secs]
2020-12-17T22:01:52.535+0530: 383719.106: [GC pause (G1 Humongous Allocation) (young) (initial-mark), 0.0092085 secs]
   [Parallel Time: 4.0 ms, GC Workers: 10]
      [GC Worker Start (ms): Min: 383719106.5, Avg: 383719106.6, Max: 383719106.6, Diff: 0.1]
      [Ext Root Scanning (ms): Min: 1.9, Avg: 2.0, Max: 2.2, Diff: 0.3, Sum: 19.7]
      [Update RS (ms): Min: 1.0, Avg: 1.2, Max: 1.6, Diff: 0.5, Sum: 11.8]
         [Processed Buffers: Min: 1, Avg: 5.5, Max: 12, Diff: 11, Sum: 55]
      [Scan RS (ms): Min: 0.0, Avg: 0.0, Max: 0.0, Diff: 0.0, Sum: 0.0]
      [Code Root Scanning (ms): Min: 0.0, Avg: 0.0, Max: 0.1, Diff: 0.1, Sum: 0.1]
      [Object Copy (ms): Min: 0.1, Avg: 0.4, Max: 0.6, Diff: 0.5, Sum: 4.2]
      [Termination (ms): Min: 0.0, Avg: 0.1, Max: 0.1, Diff: 0.1, Sum: 1.2]
         [Termination Attempts: Min: 1, Avg: 2.3, Max: 4, Diff: 3, Sum: 23]
      [GC Worker Other (ms): Min: 0.0, Avg: 0.0, Max: 0.0, Diff: 0.0, Sum: 0.1]
      [GC Worker Total (ms): Min: 3.6, Avg: 3.7, Max: 3.8, Diff: 0.1, Sum: 37.1]
      [GC Worker End (ms): Min: 383719110.3, Avg: 383719110.3, Max: 383719110.3, Diff: 0.0]
   [Code Root Fixup: 0.0 ms]
   [Code Root Purge: 0.0 ms]
   [String Dedup Fixup: 2.7 ms, GC Workers: 10]
      [Queue Fixup (ms): Min: 0.0, Avg: 0.0, Max: 0.0, Diff: 0.0, Sum: 0.0]
      [Table Fixup (ms): Min: 2.1, Avg: 2.5, Max: 2.7, Diff: 0.6, Sum: 25.0]
   [Clear CT: 0.9 ms]
   [Other: 1.6 ms]
      [Choose CSet: 0.0 ms]
      [Ref Proc: 0.6 ms]
      [Ref Enq: 0.0 ms]
      [Redirty Cards: 0.8 ms]
      [Humongous Register: 0.0 ms]
      [Humongous Reclaim: 0.0 ms]
      [Free CSet: 0.0 ms]
   [Eden: 44032.0K(51200.0K)->0.0B(49152.0K) Survivors: 1024.0K->2048.0K Heap: 229.6M(267.0M)->187.6M(267.0M)]
 [Times: user=0.00 sys=0.00, real=0.01 secs] 
2020-12-17T22:01:52.545+0530: 383719.116: [GC concurrent-root-region-scan-start]
2020-12-17T22:01:52.545+0530: 383719.116: [GC concurrent-string-deduplication, 392.0B->264.0B(128.0B), avg 59.8%, 0.0000055 secs]
   [Last Exec: 0.0000055 secs, Idle: 18.6342384 secs, Blocked: 0/0.0000000 secs]
      [Inspected:               2]
         [Skipped:              0(  0.0%)]
         [Hashed:               1( 50.0%)]
         [Known:                0(  0.0%)]
         [New:                  2(100.0%)    392.0B]
      [Deduplicated:            1( 50.0%)    128.0B( 32.7%)]
         [Young:                1(100.0%)    128.0B(100.0%)]
         [Old:                  0(  0.0%)      0.0B(  0.0%)]
   [Total Exec: 1537/0.8584554 secs, Idle: 1537/383717.7744104 secs, Blocked: 127/0.0900250 secs]
      [Inspected:         2900905]
         [Skipped:              0(  0.0%)]
         [Hashed:         1196502( 41.2%)]
         [Known:           186096(  6.4%)]
         [New:            2714809( 93.6%)    211.4M]
      [Deduplicated:      1902529( 70.1%)    126.4M( 59.8%)]
         [Young:           782667( 41.1%)  61522.2K( 47.5%)]
         [Old:            1119862( 58.9%)  67957.2K( 52.5%)]
   [Table]
      [Memory Usage: 8332.5K]
      [Size: 262144, Min: 1024, Max: 16777216]
      [Entries: 264099, Load: 100.7%, Cached: 4039, Added: 972398, Removed: 708299]
      [Resize Count: 8, Shrink Threshold: 174762(66.7%), Grow Threshold: 524288(200.0%)]
      [Rehash Count: 0, Rehash Threshold: 120, Hash Seed: 0x0]
      [Age Threshold: 3]
   [Queue]
      [Dropped: 0]
[GC concurrent-string-deduplication, deleted 0 entries, 0.0000012 secs]
2020-12-17T22:01:52.547+0530: 383719.118: [GC concurrent-root-region-scan-end, 0.0027098 secs]
2020-12-17T22:01:52.547+0530: 383719.118: [GC concurrent-mark-start]
2020-12-17T22:01:52.648+0530: 383719.219: [GC concurrent-mark-end, 0.1003077 secs]
2020-12-17T22:01:52.648+0530: 383719.219: [GC remark 2020-12-17T22:01:52.648+0530: 383719.219: [Finalize Marking, 0.0007783 secs] 2020-12-17T22:01:52.649+0530: 383719.220: [GC ref-proc, 0.0005574 secs] 2020-12-17T22:01:52.650+0530: 383719.221: [Unloading, 0.0277519 secs], 0.0300215 secs]
 [Times: user=0.31 sys=0.00, real=0.03 secs] 
2020-12-17T22:01:52.679+0530: 383719.251: [GC cleanup 190M->190M(267M), 0.0029711 secs]
 [Times: user=0.00 sys=0.00, real=0.00 secs] 
2020-12-17T22:02:06.286+0530: 383732.857: [GC pause (G1 Evacuation Pause) (young), 0.0086748 secs]
   [Parallel Time: 3.7 ms, GC Workers: 10]
      [GC Worker Start (ms): Min: 383732857.1, Avg: 383732857.2, Max: 383732857.3, Diff: 0.3]
      [Ext Root Scanning (ms): Min: 0.6, Avg: 1.0, Max: 3.0, Diff: 2.4, Sum: 10.3]
      [Update RS (ms): Min: 0.0, Avg: 0.7, Max: 1.0, Diff: 1.0, Sum: 6.6]
         [Processed Buffers: Min: 0, Avg: 5.5, Max: 13, Diff: 13, Sum: 55]
      [Scan RS (ms): Min: 0.0, Avg: 0.0, Max: 0.0, Diff: 0.0, Sum: 0.1]
      [Code Root Scanning (ms): Min: 0.0, Avg: 0.0, Max: 0.1, Diff: 0.1, Sum: 0.1]
      [Object Copy (ms): Min: 0.1, Avg: 0.7, Max: 1.0, Diff: 0.9, Sum: 7.4]
      [Termination (ms): Min: 0.0, Avg: 0.6, Max: 0.7, Diff: 0.7, Sum: 5.9]
         [Termination Attempts: Min: 1, Avg: 3.3, Max: 5, Diff: 4, Sum: 33]
      [GC Worker Other (ms): Min: 0.0, Avg: 0.0, Max: 0.0, Diff: 0.0, Sum: 0.2]
      [GC Worker Total (ms): Min: 2.9, Avg: 3.0, Max: 3.2, Diff: 0.3, Sum: 30.4]
      [GC Worker End (ms): Min: 383732860.3, Avg: 383732860.3, Max: 383732860.3, Diff: 0.0]
   [Code Root Fixup: 0.0 ms]
   [Code Root Purge: 0.0 ms]
   [String Dedup Fixup: 2.6 ms, GC Workers: 10]
      [Queue Fixup (ms): Min: 0.0, Avg: 0.0, Max: 0.0, Diff: 0.0, Sum: 0.0]
      [Table Fixup (ms): Min: 1.8, Avg: 1.9, Max: 2.1, Diff: 0.3, Sum: 19.3]
   [Clear CT: 0.6 ms]
   [Other: 1.7 ms]
      [Choose CSet: 0.0 ms]
      [Ref Proc: 0.7 ms]
      [Ref Enq: 0.0 ms]
      [Redirty Cards: 0.9 ms]
      [Humongous Register: 0.0 ms]
      [Humongous Reclaim: 0.0 ms]
      [Free CSet: 0.0 ms]
   [Eden: 49152.0K(49152.0K)->0.0B(47104.0K) Survivors: 2048.0K->3072.0K Heap: 236.6M(267.0M)->188.8M(267.0M)]
 [Times: user=0.00 sys=0.00, real=0.01 secs] 
2020-12-17T22:02:06.295+0530: 383732.866: [GC concurrent-string-deduplication, 144.0B->0.0B(144.0B), avg 59.8%, 0.0000135 secs]
   [Last Exec: 0.0000135 secs, Idle: 13.7501361 secs, Blocked: 0/0.0000000 secs]
      [Inspected:               3]
         [Skipped:              0(  0.0%)]
         [Hashed:               0(  0.0%)]
         [Known:                0(  0.0%)]
         [New:                  3(100.0%)    144.0B]
      [Deduplicated:            3(100.0%)    144.0B(100.0%)]
         [Young:                3(100.0%)    144.0B(100.0%)]
         [Old:                  0(  0.0%)      0.0B(  0.0%)]
   [Total Exec: 1538/0.8584689 secs, Idle: 1538/383731.5245465 secs, Blocked: 127/0.0900250 secs]
      [Inspected:         2900908]
         [Skipped:              0(  0.0%)]
         [Hashed:         1196502( 41.2%)]
         [Known:           186096(  6.4%)]
         [New:            2714812( 93.6%)    211.4M]
      [Deduplicated:      1902532( 70.1%)    126.4M( 59.8%)]
         [Young:           782670( 41.1%)  61522.4K( 47.5%)]
         [Old:            1119862( 58.9%)  67957.2K( 52.5%)]
   [Table]
      [Memory Usage: 8332.5K]
      [Size: 262144, Min: 1024, Max: 16777216]
      [Entries: 265099, Load: 101.1%, Cached: 3039, Added: 973422, Removed: 708323]
      [Resize Count: 8, Shrink Threshold: 174762(66.7%), Grow Threshold: 524288(200.0%)]
      [Rehash Count: 0, Rehash Threshold: 120, Hash Seed: 0x0]
      [Age Threshold: 3]
   [Queue]
      [Dropped: 0]
[GC concurrent-string-deduplication, deleted 0 entries, 0.0000034 secs]
2020-12-17T22:03:13.525+0530: 383800.096: [GC pause (G1 Evacuation Pause) (young), 0.0091116 secs]
   [Parallel Time: 4.4 ms, GC Workers: 10]
      [GC Worker Start (ms): Min: 383800096.2, Avg: 383800096.4, Max: 383800096.5, Diff: 0.3]
      [Ext Root Scanning (ms): Min: 0.5, Avg: 1.1, Max: 3.9, Diff: 3.4, Sum: 10.9]
      [Update RS (ms): Min: 0.0, Avg: 0.7, Max: 1.2, Diff: 1.2, Sum: 6.9]
         [Processed Buffers: Min: 0, Avg: 5.3, Max: 12, Diff: 12, Sum: 53]
      [Scan RS (ms): Min: 0.0, Avg: 0.0, Max: 0.0, Diff: 0.0, Sum: 0.1]
      [Code Root Scanning (ms): Min: 0.0, Avg: 0.0, Max: 0.1, Diff: 0.1, Sum: 0.1]
      [Object Copy (ms): Min: 0.0, Avg: 0.8, Max: 1.1, Diff: 1.1, Sum: 8.4]
      [Termination (ms): Min: 0.0, Avg: 1.2, Max: 1.4, Diff: 1.4, Sum: 11.5]
         [Termination Attempts: Min: 1, Avg: 2.1, Max: 4, Diff: 3, Sum: 21]
      [GC Worker Other (ms): Min: 0.0, Avg: 0.0, Max: 0.0, Diff: 0.0, Sum: 0.1]
      [GC Worker Total (ms): Min: 3.7, Avg: 3.8, Max: 3.9, Diff: 0.3, Sum: 38.0]
      [GC Worker End (ms): Min: 383800100.2, Avg: 383800100.2, Max: 383800100.3, Diff: 0.1]
   [Code Root Fixup: 0.0 ms]
   [Code Root Purge: 0.0 ms]
   [String Dedup Fixup: 2.5 ms, GC Workers: 10]
      [Queue Fixup (ms): Min: 0.0, Avg: 0.0, Max: 0.0, Diff: 0.0, Sum: 0.0]
      [Table Fixup (ms): Min: 1.8, Avg: 1.9, Max: 2.1, Diff: 0.3, Sum: 19.5]
   [Clear CT: 0.8 ms]
   [Other: 1.4 ms]
      [Choose CSet: 0.0 ms]
      [Ref Proc: 0.4 ms]
      [Ref Enq: 0.0 ms]
      [Redirty Cards: 0.8 ms]
      [Humongous Register: 0.0 ms]
      [Humongous Reclaim: 0.0 ms]
      [Free CSet: 0.0 ms]
   [Eden: 47104.0K(47104.0K)->0.0B(45056.0K) Survivors: 3072.0K->4096.0K Heap: 234.8M(267.0M)->189.6M(267.0M)]
 [Times: user=0.16 sys=0.00, real=0.01 secs] 
2020-12-17T22:03:13.535+0530: 383800.106: [GC concurrent-string-deduplication, 50248.0B->9088.0B(41160.0B), avg 59.8%, 0.0003610 secs]
   [Last Exec: 0.0003610 secs, Idle: 67.2393869 secs, Blocked: 1/0.0006609 secs]
      [Inspected:             865]
         [Skipped:              0(  0.0%)]
         [Hashed:             288( 33.3%)]
         [Known:               95( 11.0%)]
         [New:                770( 89.0%)  50248.0B]
      [Deduplicated:          723( 93.9%)  41160.0B( 81.9%)]
         [Young:              723(100.0%)  41160.0B(100.0%)]
         [Old:                  0(  0.0%)      0.0B(  0.0%)]
   [Total Exec: 1539/0.8588299 secs, Idle: 1539/383798.7639334 secs, Blocked: 128/0.0906859 secs]
      [Inspected:         2901773]
         [Skipped:              0(  0.0%)]
         [Hashed:         1196790( 41.2%)]
         [Known:           186191(  6.4%)]
         [New:            2715582( 93.6%)    211.5M]
      [Deduplicated:      1903255( 70.1%)    126.5M( 59.8%)]
         [Young:           783393( 41.2%)  61562.6K( 47.5%)]
         [Old:            1119862( 58.8%)  67957.2K( 52.5%)]
   [Table]
      [Memory Usage: 8332.5K]
      [Size: 262144, Min: 1024, Max: 16777216]
      [Entries: 265152, Load: 101.1%, Cached: 2986, Added: 973475, Removed: 708323]
      [Resize Count: 8, Shrink Threshold: 174762(66.7%), Grow Threshold: 524288(200.0%)]
      [Rehash Count: 0, Rehash Threshold: 120, Hash Seed: 0x0]
      [Age Threshold: 3]
   [Queue]
      [Dropped: 0]
[GC concurrent-string-deduplication, deleted 0 entries, 0.0000007 secs]
2020-12-17T22:06:34.004+0530: 384000.575: [GC pause (G1 Evacuation Pause) (young) (initial-mark), 0.0093294 secs]
   [Parallel Time: 4.0 ms, GC Workers: 10]
      [GC Worker Start (ms): Min: 384000575.3, Avg: 384000575.5, Max: 384000575.6, Diff: 0.2]
      [Ext Root Scanning (ms): Min: 1.1, Avg: 1.7, Max: 2.0, Diff: 0.9, Sum: 16.9]
      [Update RS (ms): Min: 0.5, Avg: 0.7, Max: 0.9, Diff: 0.4, Sum: 6.8]
         [Processed Buffers: Min: 2, Avg: 5.1, Max: 14, Diff: 12, Sum: 51]
      [Scan RS (ms): Min: 0.0, Avg: 0.0, Max: 0.0, Diff: 0.0, Sum: 0.1]
      [Code Root Scanning (ms): Min: 0.0, Avg: 0.0, Max: 0.1, Diff: 0.1, Sum: 0.1]
      [Object Copy (ms): Min: 0.5, Avg: 0.7, Max: 1.2, Diff: 0.7, Sum: 7.4]
      [Termination (ms): Min: 0.0, Avg: 0.0, Max: 0.1, Diff: 0.1, Sum: 0.4]
         [Termination Attempts: Min: 1, Avg: 1.4, Max: 2, Diff: 1, Sum: 14]
      [GC Worker Other (ms): Min: 0.0, Avg: 0.0, Max: 0.0, Diff: 0.0, Sum: 0.2]
      [GC Worker Total (ms): Min: 3.1, Avg: 3.2, Max: 3.4, Diff: 0.3, Sum: 31.8]
      [GC Worker End (ms): Min: 384000578.7, Avg: 384000578.7, Max: 384000578.7, Diff: 0.0]
   [Code Root Fixup: 0.0 ms]
   [Code Root Purge: 0.0 ms]
   [String Dedup Fixup: 2.4 ms, GC Workers: 10]
      [Queue Fixup (ms): Min: 0.0, Avg: 0.0, Max: 0.0, Diff: 0.0, Sum: 0.0]
      [Table Fixup (ms): Min: 2.1, Avg: 2.2, Max: 2.3, Diff: 0.2, Sum: 21.7]
   [Clear CT: 1.1 ms]
   [Other: 1.8 ms]
      [Choose CSet: 0.0 ms]
      [Ref Proc: 0.8 ms]
      [Ref Enq: 0.0 ms]
      [Redirty Cards: 0.8 ms]
      [Humongous Register: 0.0 ms]
      [Humongous Reclaim: 0.0 ms]
      [Free CSet: 0.0 ms]
   [Eden: 45056.0K(45056.0K)->0.0B(47104.0K) Survivors: 4096.0K->3072.0K Heap: 233.6M(267.0M)->189.3M(267.0M)]
 [Times: user=0.00 sys=0.00, real=0.01 secs] 
2020-12-17T22:06:34.014+0530: 384000.585: [GC concurrent-root-region-scan-start]
2020-12-17T22:06:34.016+0530: 384000.587: [GC concurrent-string-deduplication, 73688.0B->22984.0B(50704.0B), avg 59.8%, 0.0006040 secs]
   [Last Exec: 0.0006040 secs, Idle: 200.4781971 secs, Blocked: 2/0.0018669 secs]
      [Inspected:            1411]
         [Skipped:              0(  0.0%)]
         [Hashed:             282( 20.0%)]
         [Known:             1038( 73.6%)]
         [New:                373( 26.4%)  73688.0B]
      [Deduplicated:          209( 56.0%)  50704.0B( 68.8%)]
         [Young:              209(100.0%)  50704.0B(100.0%)]
         [Old:                  0(  0.0%)      0.0B(  0.0%)]
   [Total Exec: 1540/0.8594339 secs, Idle: 1540/383999.2421305 secs, Blocked: 130/0.0925528 secs]
      [Inspected:         2903184]
         [Skipped:              0(  0.0%)]
         [Hashed:         1197072( 41.2%)]
         [Known:           187229(  6.4%)]
         [New:            2715955( 93.6%)    211.5M]
      [Deduplicated:      1903464( 70.1%)    126.5M( 59.8%)]
         [Young:           783602( 41.2%)  61612.1K( 47.6%)]
         [Old:            1119862( 58.8%)  67957.2K( 52.4%)]
   [Table]
      [Memory Usage: 8332.5K]
      [Size: 262144, Min: 1024, Max: 16777216]
      [Entries: 265317, Load: 101.2%, Cached: 2821, Added: 973640, Removed: 708323]
      [Resize Count: 8, Shrink Threshold: 174762(66.7%), Grow Threshold: 524288(200.0%)]
      [Rehash Count: 0, Rehash Threshold: 120, Hash Seed: 0x0]
      [Age Threshold: 3]
   [Queue]
      [Dropped: 0]
[GC concurrent-string-deduplication, deleted 0 entries, 0.0000008 secs]
2020-12-17T22:06:34.017+0530: 384000.588: [GC concurrent-root-region-scan-end, 0.0031845 secs]
2020-12-17T22:06:34.017+0530: 384000.588: [GC concurrent-mark-start]
2020-12-17T22:06:34.107+0530: 384000.678: [GC concurrent-mark-end, 0.0897595 secs]
2020-12-17T22:06:34.107+0530: 384000.678: [GC remark 2020-12-17T22:06:34.107+0530: 384000.678: [Finalize Marking, 0.0005719 secs] 2020-12-17T22:06:34.108+0530: 384000.679: [GC ref-proc, 0.0004928 secs] 2020-12-17T22:06:34.108+0530: 384000.679: [Unloading, 0.0239359 secs], 0.0261545 secs]
 [Times: user=0.16 sys=0.00, real=0.03 secs] 
2020-12-17T22:06:34.135+0530: 384000.706: [GC cleanup 203M->203M(267M), 0.0046132 secs]
 [Times: user=0.00 sys=0.00, real=0.00 secs] 
2020-12-17T22:11:34.227+0530: 384300.799: [GC pause (G1 Evacuation Pause) (young), 0.0081025 secs]
   [Parallel Time: 3.3 ms, GC Workers: 10]
      [GC Worker Start (ms): Min: 384300798.8, Avg: 384300799.0, Max: 384300799.1, Diff: 0.3]
      [Ext Root Scanning (ms): Min: 0.6, Avg: 0.9, Max: 2.6, Diff: 2.0, Sum: 8.7]
      [Update RS (ms): Min: 0.0, Avg: 0.8, Max: 1.3, Diff: 1.3, Sum: 8.3]
         [Processed Buffers: Min: 0, Avg: 6.0, Max: 13, Diff: 13, Sum: 60]
      [Scan RS (ms): Min: 0.0, Avg: 0.0, Max: 0.0, Diff: 0.0, Sum: 0.1]
      [Code Root Scanning (ms): Min: 0.0, Avg: 0.0, Max: 0.1, Diff: 0.1, Sum: 0.1]
      [Object Copy (ms): Min: 0.1, Avg: 0.8, Max: 1.2, Diff: 1.1, Sum: 8.1]
      [Termination (ms): Min: 0.0, Avg: 0.1, Max: 0.2, Diff: 0.2, Sum: 1.5]
         [Termination Attempts: Min: 1, Avg: 1.7, Max: 2, Diff: 1, Sum: 17]
      [GC Worker Other (ms): Min: 0.0, Avg: 0.0, Max: 0.0, Diff: 0.0, Sum: 0.2]
      [GC Worker Total (ms): Min: 2.6, Avg: 2.7, Max: 2.8, Diff: 0.3, Sum: 26.9]
      [GC Worker End (ms): Min: 384300801.7, Avg: 384300801.7, Max: 384300801.7, Diff: 0.0]
   [Code Root Fixup: 0.0 ms]
   [Code Root Purge: 0.0 ms]
   [String Dedup Fixup: 2.7 ms, GC Workers: 10]
      [Queue Fixup (ms): Min: 0.0, Avg: 0.0, Max: 0.0, Diff: 0.0, Sum: 0.0]
      [Table Fixup (ms): Min: 2.0, Avg: 2.1, Max: 2.2, Diff: 0.2, Sum: 20.9]
   [Clear CT: 0.8 ms]
   [Other: 1.4 ms]
      [Choose CSet: 0.0 ms]
      [Ref Proc: 0.3 ms]
      [Ref Enq: 0.0 ms]
      [Redirty Cards: 0.8 ms]
      [Humongous Register: 0.0 ms]
      [Humongous Reclaim: 0.0 ms]
      [Free CSet: 0.0 ms]
   [Eden: 47104.0K(47104.0K)->0.0B(9216.0K) Survivors: 3072.0K->4096.0K Heap: 235.3M(267.0M)->189.7M(267.0M)]
 [Times: user=0.02 sys=0.02, real=0.01 secs] 
2020-12-17T22:11:34.236+0530: 384300.807: [GC concurrent-string-deduplication, 3456.0B->2480.0B(976.0B), avg 59.8%, 0.0000435 secs]
   [Last Exec: 0.0000435 secs, Idle: 300.2198707 secs, Blocked: 0/0.0000000 secs]
      [Inspected:              46]
         [Skipped:              0(  0.0%)]
         [Hashed:              27( 58.7%)]
         [Known:                7( 15.2%)]
         [New:                 39( 84.8%)   3456.0B]
      [Deduplicated:           19( 48.7%)    976.0B( 28.2%)]
         [Young:               19(100.0%)    976.0B(100.0%)]
         [Old:                  0(  0.0%)      0.0B(  0.0%)]
   [Total Exec: 1541/0.8594774 secs, Idle: 1541/384299.4620012 secs, Blocked: 130/0.0925528 secs]
      [Inspected:         2903230]
         [Skipped:              0(  0.0%)]
         [Hashed:         1197099( 41.2%)]
         [Known:           187236(  6.4%)]
         [New:            2715994( 93.6%)    211.5M]
      [Deduplicated:      1903483( 70.1%)    126.5M( 59.8%)]
         [Young:           783621( 41.2%)  61613.0K( 47.6%)]
         [Old:            1119862( 58.8%)  67957.2K( 52.4%)]
   [Table]
      [Memory Usage: 8332.5K]
      [Size: 262144, Min: 1024, Max: 16777216]
      [Entries: 265267, Load: 101.2%, Cached: 2871, Added: 973671, Removed: 708404]
      [Resize Count: 8, Shrink Threshold: 174762(66.7%), Grow Threshold: 524288(200.0%)]
      [Rehash Count: 0, Rehash Threshold: 120, Hash Seed: 0x0]
      [Age Threshold: 3]
   [Queue]
      [Dropped: 0]
[GC concurrent-string-deduplication, deleted 0 entries, 0.0000009 secs]
2020-12-17T22:11:34.279+0530: 384300.851: [GC pause (G1 Evacuation Pause) (mixed), 0.0106601 secs]
   [Parallel Time: 5.8 ms, GC Workers: 10]
      [GC Worker Start (ms): Min: 384300850.7, Avg: 384300850.8, Max: 384300850.9, Diff: 0.2]
      [Ext Root Scanning (ms): Min: 0.7, Avg: 1.0, Max: 2.8, Diff: 2.1, Sum: 10.2]
      [Update RS (ms): Min: 0.0, Avg: 0.3, Max: 0.5, Diff: 0.5, Sum: 2.7]
         [Processed Buffers: Min: 0, Avg: 1.3, Max: 3, Diff: 3, Sum: 13]
      [Scan RS (ms): Min: 0.0, Avg: 0.3, Max: 0.7, Diff: 0.7, Sum: 3.1]
      [Code Root Scanning (ms): Min: 0.0, Avg: 0.0, Max: 0.1, Diff: 0.1, Sum: 0.1]
      [Object Copy (ms): Min: 0.3, Avg: 1.8, Max: 3.6, Diff: 3.3, Sum: 18.4]
      [Termination (ms): Min: 0.0, Avg: 1.7, Max: 2.1, Diff: 2.1, Sum: 17.3]
         [Termination Attempts: Min: 1, Avg: 1.0, Max: 1, Diff: 0, Sum: 10]
      [GC Worker Other (ms): Min: 0.0, Avg: 0.0, Max: 0.0, Diff: 0.0, Sum: 0.1]
      [GC Worker Total (ms): Min: 5.1, Avg: 5.2, Max: 5.3, Diff: 0.2, Sum: 52.0]
      [GC Worker End (ms): Min: 384300856.0, Avg: 384300856.0, Max: 384300856.0, Diff: 0.0]
   [Code Root Fixup: 0.0 ms]
   [Code Root Purge: 0.0 ms]
   [String Dedup Fixup: 2.7 ms, GC Workers: 10]
      [Queue Fixup (ms): Min: 0.0, Avg: 0.0, Max: 0.0, Diff: 0.0, Sum: 0.0]
      [Table Fixup (ms): Min: 2.0, Avg: 2.1, Max: 2.3, Diff: 0.3, Sum: 20.9]
   [Clear CT: 0.7 ms]
   [Other: 1.5 ms]
      [Choose CSet: 0.0 ms]
      [Ref Proc: 0.6 ms]
      [Ref Enq: 0.0 ms]
      [Redirty Cards: 0.7 ms]
      [Humongous Register: 0.0 ms]
      [Humongous Reclaim: 0.0 ms]
      [Free CSet: 0.1 ms]
   [Eden: 9216.0K(9216.0K)->0.0B(47104.0K) Survivors: 4096.0K->2048.0K Heap: 198.7M(267.0M)->189.6M(267.0M)]
 [Times: user=0.14 sys=0.00, real=0.01 secs] 
2020-12-17T22:11:34.290+0530: 384300.861: [GC concurrent-string-deduplication, 12112.0B->3384.0B(8728.0B), avg 59.8%, 0.0000715 secs]
   [Last Exec: 0.0000715 secs, Idle: 0.0542917 secs, Blocked: 0/0.0000000 secs]
      [Inspected:             160]
         [Skipped:              0(  0.0%)]
         [Hashed:              87( 54.4%)]
         [Known:                1(  0.6%)]
         [New:                159( 99.4%)  12112.0B]
      [Deduplicated:          134( 84.3%)   8728.0B( 72.1%)]
         [Young:              134(100.0%)   8728.0B(100.0%)]
         [Old:                  0(  0.0%)      0.0B(  0.0%)]
   [Total Exec: 1542/0.8595489 secs, Idle: 1542/384299.5162929 secs, Blocked: 130/0.0925528 secs]
      [Inspected:         2903390]
         [Skipped:              0(  0.0%)]
         [Hashed:         1197186( 41.2%)]
         [Known:           187237(  6.4%)]
         [New:            2716153( 93.6%)    211.5M]
      [Deduplicated:      1903617( 70.1%)    126.5M( 59.8%)]
         [Young:           783755( 41.2%)  61621.6K( 47.6%)]
         [Old:            1119862( 58.8%)  67957.2K( 52.4%)]
   [Table]
      [Memory Usage: 8332.5K]
      [Size: 262144, Min: 1024, Max: 16777216]
      [Entries: 265292, Load: 101.2%, Cached: 2846, Added: 973696, Removed: 708404]
      [Resize Count: 8, Shrink Threshold: 174762(66.7%), Grow Threshold: 524288(200.0%)]
      [Rehash Count: 0, Rehash Threshold: 120, Hash Seed: 0x0]
      [Age Threshold: 3]
   [Queue]
      [Dropped: 0]
[GC concurrent-string-deduplication, deleted 0 entries, 0.0000007 secs]
2020-12-17T22:17:02.076+0530: 384628.646: [GC pause (G1 Evacuation Pause) (young), 0.0087596 secs]
   [Parallel Time: 3.6 ms, GC Workers: 10]
      [GC Worker Start (ms): Min: 384628646.1, Avg: 384628646.4, Max: 384628646.7, Diff: 0.5]
      [Ext Root Scanning (ms): Min: 0.4, Avg: 0.8, Max: 2.0, Diff: 1.5, Sum: 7.6]
      [Update RS (ms): Min: 0.9, Avg: 1.7, Max: 2.0, Diff: 1.1, Sum: 17.4]
         [Processed Buffers: Min: 2, Avg: 6.7, Max: 14, Diff: 12, Sum: 67]
      [Scan RS (ms): Min: 0.0, Avg: 0.0, Max: 0.0, Diff: 0.0, Sum: 0.0]
      [Code Root Scanning (ms): Min: 0.0, Avg: 0.0, Max: 0.0, Diff: 0.0, Sum: 0.0]
      [Object Copy (ms): Min: 0.1, Avg: 0.2, Max: 0.3, Diff: 0.2, Sum: 1.6]
      [Termination (ms): Min: 0.0, Avg: 0.1, Max: 0.1, Diff: 0.1, Sum: 0.7]
         [Termination Attempts: Min: 1, Avg: 1.1, Max: 2, Diff: 1, Sum: 11]
      [GC Worker Other (ms): Min: 0.0, Avg: 0.0, Max: 0.0, Diff: 0.0, Sum: 0.1]
      [GC Worker Total (ms): Min: 2.5, Avg: 2.7, Max: 3.0, Diff: 0.5, Sum: 27.4]
      [GC Worker End (ms): Min: 384628649.2, Avg: 384628649.2, Max: 384628649.2, Diff: 0.0]
   [Code Root Fixup: 0.0 ms]
   [Code Root Purge: 0.0 ms]
   [String Dedup Fixup: 2.8 ms, GC Workers: 10]
      [Queue Fixup (ms): Min: 0.0, Avg: 0.0, Max: 0.0, Diff: 0.0, Sum: 0.0]
      [Table Fixup (ms): Min: 2.0, Avg: 2.1, Max: 2.2, Diff: 0.3, Sum: 20.6]
   [Clear CT: 0.8 ms]
   [Other: 1.6 ms]
      [Choose CSet: 0.0 ms]
      [Ref Proc: 1.1 ms]
      [Ref Enq: 0.0 ms]
      [Redirty Cards: 0.3 ms]
      [Humongous Register: 0.0 ms]
      [Humongous Reclaim: 0.0 ms]
      [Free CSet: 0.1 ms]
   [Eden: 47104.0K(47104.0K)->0.0B(49152.0K) Survivors: 2048.0K->1024.0K Heap: 235.6M(267.0M)->188.5M(267.0M)]
 [Times: user=0.16 sys=0.00, real=0.01 secs] 
2020-12-17T22:17:02.084+0530: 384628.655: [GC concurrent-string-deduplication, 416.0B->416.0B(0.0B), avg 59.8%, 0.0000106 secs]
   [Last Exec: 0.0000106 secs, Idle: 327.7933889 secs, Blocked: 0/0.0000000 secs]
      [Inspected:              16]
         [Skipped:              0(  0.0%)]
         [Hashed:               1(  6.3%)]
         [Known:               12( 75.0%)]
         [New:                  4( 25.0%)    416.0B]
      [Deduplicated:            0(  0.0%)      0.0B(  0.0%)]
         [Young:                0(  0.0%)      0.0B(  0.0%)]
         [Old:                  0(  0.0%)      0.0B(  0.0%)]
   [Total Exec: 1543/0.8595595 secs, Idle: 1543/384627.3096818 secs, Blocked: 130/0.0925528 secs]
      [Inspected:         2903406]
         [Skipped:              0(  0.0%)]
         [Hashed:         1197187( 41.2%)]
         [Known:           187249(  6.4%)]
         [New:            2716157( 93.6%)    211.5M]
      [Deduplicated:      1903617( 70.1%)    126.5M( 59.8%)]
         [Young:           783755( 41.2%)  61621.6K( 47.6%)]
         [Old:            1119862( 58.8%)  67957.2K( 52.4%)]
   [Table]
      [Memory Usage: 8332.5K]
      [Size: 262144, Min: 1024, Max: 16777216]
      [Entries: 265296, Load: 101.2%, Cached: 2842, Added: 973700, Removed: 708404]
      [Resize Count: 8, Shrink Threshold: 174762(66.7%), Grow Threshold: 524288(200.0%)]
      [Rehash Count: 0, Rehash Threshold: 120, Hash Seed: 0x0]
      [Age Threshold: 3]
   [Queue]
      [Dropped: 0]
[GC concurrent-string-deduplication, deleted 0 entries, 0.0000009 secs]
2020-12-17T22:21:34.547+0530: 384901.117: [GC pause (G1 Evacuation Pause) (young) (initial-mark), 0.0105010 secs]
   [Parallel Time: 3.5 ms, GC Workers: 10]
      [GC Worker Start (ms): Min: 384901117.6, Avg: 384901117.8, Max: 384901117.9, Diff: 0.3]
      [Ext Root Scanning (ms): Min: 1.7, Avg: 1.9, Max: 2.2, Diff: 0.5, Sum: 18.8]
      [Update RS (ms): Min: 0.3, Avg: 0.5, Max: 0.9, Diff: 0.6, Sum: 5.5]
         [Processed Buffers: Min: 2, Avg: 5.7, Max: 14, Diff: 12, Sum: 57]
      [Scan RS (ms): Min: 0.0, Avg: 0.0, Max: 0.0, Diff: 0.0, Sum: 0.0]
      [Code Root Scanning (ms): Min: 0.0, Avg: 0.0, Max: 0.0, Diff: 0.0, Sum: 0.0]
      [Object Copy (ms): Min: 0.0, Avg: 0.3, Max: 0.4, Diff: 0.4, Sum: 2.6]
      [Termination (ms): Min: 0.0, Avg: 0.2, Max: 0.2, Diff: 0.2, Sum: 1.5]
         [Termination Attempts: Min: 1, Avg: 1.0, Max: 1, Diff: 0, Sum: 10]
      [GC Worker Other (ms): Min: 0.0, Avg: 0.0, Max: 0.0, Diff: 0.0, Sum: 0.1]
      [GC Worker Total (ms): Min: 2.7, Avg: 2.9, Max: 3.0, Diff: 0.3, Sum: 28.5]
      [GC Worker End (ms): Min: 384901120.6, Avg: 384901120.6, Max: 384901120.6, Diff: 0.0]
   [Code Root Fixup: 0.0 ms]
   [Code Root Purge: 0.0 ms]
   [String Dedup Fixup: 3.0 ms, GC Workers: 10]
      [Queue Fixup (ms): Min: 0.0, Avg: 0.0, Max: 0.0, Diff: 0.0, Sum: 0.0]
      [Table Fixup (ms): Min: 2.2, Avg: 2.3, Max: 2.4, Diff: 0.2, Sum: 22.9]
   [Clear CT: 0.7 ms]
   [Other: 3.3 ms]
      [Choose CSet: 0.0 ms]
      [Ref Proc: 2.3 ms]
      [Ref Enq: 0.0 ms]
      [Redirty Cards: 0.8 ms]
      [Humongous Register: 0.0 ms]
      [Humongous Reclaim: 0.0 ms]
      [Free CSet: 0.0 ms]
   [Eden: 49152.0K(49152.0K)->0.0B(45056.0K) Survivors: 1024.0K->3072.0K Heap: 236.5M(267.0M)->190.7M(267.0M)]
 [Times: user=0.00 sys=0.00, real=0.01 secs] 
2020-12-17T22:21:34.558+0530: 384901.128: [GC concurrent-root-region-scan-start]
2020-12-17T22:21:34.560+0530: 384901.130: [GC concurrent-root-region-scan-end, 0.0022247 secs]
2020-12-17T22:21:34.560+0530: 384901.130: [GC concurrent-mark-start]
2020-12-17T22:21:34.644+0530: 384901.215: [GC concurrent-mark-end, 0.0845514 secs]
2020-12-17T22:21:34.645+0530: 384901.215: [GC remark 2020-12-17T22:21:34.645+0530: 384901.215: [Finalize Marking, 0.0006267 secs] 2020-12-17T22:21:34.646+0530: 384901.216: [GC ref-proc, 0.0005662 secs] 2020-12-17T22:21:34.646+0530: 384901.217: [Unloading, 0.0221815 secs], 0.0244014 secs]
 [Times: user=0.16 sys=0.00, real=0.02 secs] 
2020-12-17T22:21:34.670+0530: 384901.240: [GC cleanup 194M->194M(267M), 0.0040084 secs]
 [Times: user=0.02 sys=0.00, real=0.00 secs] 
2020-12-17T22:26:34.739+0530: 385201.310: [GC pause (G1 Evacuation Pause) (young), 0.0080022 secs]
   [Parallel Time: 3.1 ms, GC Workers: 10]
      [GC Worker Start (ms): Min: 385201310.2, Avg: 385201310.5, Max: 385201310.7, Diff: 0.4]
      [Ext Root Scanning (ms): Min: 0.8, Avg: 1.0, Max: 1.9, Diff: 1.1, Sum: 10.0]
      [Update RS (ms): Min: 0.0, Avg: 0.7, Max: 1.0, Diff: 1.0, Sum: 6.6]
         [Processed Buffers: Min: 2, Avg: 5.2, Max: 13, Diff: 11, Sum: 52]
      [Scan RS (ms): Min: 0.0, Avg: 0.0, Max: 0.0, Diff: 0.0, Sum: 0.0]
      [Code Root Scanning (ms): Min: 0.0, Avg: 0.0, Max: 0.0, Diff: 0.0, Sum: 0.0]
      [Object Copy (ms): Min: 0.1, Avg: 0.2, Max: 0.3, Diff: 0.2, Sum: 2.2]
      [Termination (ms): Min: 0.0, Avg: 0.2, Max: 0.2, Diff: 0.2, Sum: 1.9]
         [Termination Attempts: Min: 1, Avg: 1.0, Max: 1, Diff: 0, Sum: 10]
      [GC Worker Other (ms): Min: 0.0, Avg: 0.0, Max: 0.0, Diff: 0.0, Sum: 0.2]
      [GC Worker Total (ms): Min: 1.9, Avg: 2.1, Max: 2.4, Diff: 0.4, Sum: 20.8]
      [GC Worker End (ms): Min: 385201312.6, Avg: 385201312.6, Max: 385201312.6, Diff: 0.0]
   [Code Root Fixup: 0.0 ms]
   [Code Root Purge: 0.0 ms]
   [String Dedup Fixup: 2.6 ms, GC Workers: 10]
      [Queue Fixup (ms): Min: 0.0, Avg: 0.0, Max: 0.0, Diff: 0.0, Sum: 0.0]
      [Table Fixup (ms): Min: 1.8, Avg: 1.9, Max: 2.1, Diff: 0.3, Sum: 19.2]
   [Clear CT: 0.8 ms]
   [Other: 1.5 ms]
      [Choose CSet: 0.0 ms]
      [Ref Proc: 0.4 ms]
      [Ref Enq: 0.0 ms]
      [Redirty Cards: 0.9 ms]
      [Humongous Register: 0.0 ms]
      [Humongous Reclaim: 0.0 ms]
      [Free CSet: 0.0 ms]
   [Eden: 45056.0K(45056.0K)->0.0B(12288.0K) Survivors: 3072.0K->1024.0K Heap: 234.7M(267.0M)->188.6M(267.0M)]
 [Times: user=0.00 sys=0.00, real=0.01 secs] 
2020-12-17T22:26:34.747+0530: 385201.318: [GC concurrent-string-deduplication, 264.0B->264.0B(0.0B), avg 59.8%, 0.0000043 secs]
   [Last Exec: 0.0000043 secs, Idle: 572.6632436 secs, Blocked: 0/0.0000000 secs]
      [Inspected:               1]
         [Skipped:              0(  0.0%)]
         [Hashed:               1(100.0%)]
         [Known:                0(  0.0%)]
         [New:                  1(100.0%)    264.0B]
      [Deduplicated:            0(  0.0%)      0.0B(  0.0%)]
         [Young:                0(  0.0%)      0.0B(  0.0%)]
         [Old:                  0(  0.0%)      0.0B(  0.0%)]
   [Total Exec: 1544/0.8595638 secs, Idle: 1544/385199.9729254 secs, Blocked: 130/0.0925528 secs]
      [Inspected:         2903407]
         [Skipped:              0(  0.0%)]
         [Hashed:         1197188( 41.2%)]
         [Known:           187249(  6.4%)]
         [New:            2716158( 93.6%)    211.5M]
      [Deduplicated:      1903617( 70.1%)    126.5M( 59.8%)]
         [Young:           783755( 41.2%)  61621.6K( 47.6%)]
         [Old:            1119862( 58.8%)  67957.2K( 52.4%)]
   [Table]
      [Memory Usage: 8332.5K]
      [Size: 262144, Min: 1024, Max: 16777216]
      [Entries: 264930, Load: 101.1%, Cached: 3208, Added: 973772, Removed: 708842]
      [Resize Count: 8, Shrink Threshold: 174762(66.7%), Grow Threshold: 524288(200.0%)]
      [Rehash Count: 0, Rehash Threshold: 120, Hash Seed: 0x0]
      [Age Threshold: 3]
   [Queue]
      [Dropped: 0]
[GC concurrent-string-deduplication, deleted 0 entries, 0.0000009 secs]
2020-12-17T22:29:39.903+0530: 385386.474: [GC pause (G1 Evacuation Pause) (mixed), 0.0136528 secs]
   [Parallel Time: 8.4 ms, GC Workers: 10]
      [GC Worker Start (ms): Min: 385386474.2, Avg: 385386474.4, Max: 385386474.5, Diff: 0.3]
      [Ext Root Scanning (ms): Min: 0.7, Avg: 0.9, Max: 2.2, Diff: 1.5, Sum: 8.8]
      [Update RS (ms): Min: 0.0, Avg: 0.5, Max: 0.8, Diff: 0.8, Sum: 5.5]
         [Processed Buffers: Min: 0, Avg: 4.7, Max: 11, Diff: 11, Sum: 47]
      [Scan RS (ms): Min: 0.5, Avg: 2.1, Max: 3.8, Diff: 3.4, Sum: 20.5]
      [Code Root Scanning (ms): Min: 0.0, Avg: 0.0, Max: 0.0, Diff: 0.0, Sum: 0.0]
      [Object Copy (ms): Min: 2.1, Avg: 3.9, Max: 5.1, Diff: 3.0, Sum: 38.8]
      [Termination (ms): Min: 0.0, Avg: 0.2, Max: 0.2, Diff: 0.2, Sum: 1.9]
         [Termination Attempts: Min: 1, Avg: 5.4, Max: 13, Diff: 12, Sum: 54]
      [GC Worker Other (ms): Min: 0.0, Avg: 0.0, Max: 0.0, Diff: 0.0, Sum: 0.1]
      [GC Worker Total (ms): Min: 7.4, Avg: 7.6, Max: 7.8, Diff: 0.3, Sum: 75.7]
      [GC Worker End (ms): Min: 385386481.9, Avg: 385386481.9, Max: 385386482.0, Diff: 0.0]
   [Code Root Fixup: 0.0 ms]
   [Code Root Purge: 0.0 ms]
   [String Dedup Fixup: 2.9 ms, GC Workers: 10]
      [Queue Fixup (ms): Min: 0.0, Avg: 0.0, Max: 0.0, Diff: 0.0, Sum: 0.0]
      [Table Fixup (ms): Min: 2.0, Avg: 2.2, Max: 2.3, Diff: 0.3, Sum: 21.6]
   [Clear CT: 0.8 ms]
   [Other: 1.6 ms]
      [Choose CSet: 0.0 ms]
      [Ref Proc: 0.5 ms]
      [Ref Enq: 0.0 ms]
      [Redirty Cards: 0.8 ms]
      [Humongous Register: 0.0 ms]
      [Humongous Reclaim: 0.0 ms]
      [Free CSet: 0.1 ms]
   [Eden: 12288.0K(12288.0K)->0.0B(50176.0K) Survivors: 1024.0K->1024.0K Heap: 200.6M(267.0M)->188.1M(267.0M)]
 [Times: user=0.06 sys=0.00, real=0.01 secs] 
2020-12-17T22:29:39.917+0530: 385386.488: [GC concurrent-string-deduplication, 9568.0B->7328.0B(2240.0B), avg 59.8%, 0.0000490 secs]
   [Last Exec: 0.0000490 secs, Idle: 185.1695989 secs, Blocked: 0/0.0000000 secs]
      [Inspected:             143]
         [Skipped:              0(  0.0%)]
         [Hashed:              97( 67.8%)]
         [Known:               33( 23.1%)]
         [New:                110( 76.9%)   9568.0B]
      [Deduplicated:           61( 55.5%)   2240.0B( 23.4%)]
         [Young:               61(100.0%)   2240.0B(100.0%)]
         [Old:                  0(  0.0%)      0.0B(  0.0%)]
   [Total Exec: 1545/0.8596128 secs, Idle: 1545/385385.1425243 secs, Blocked: 130/0.0925528 secs]
      [Inspected:         2903550]
         [Skipped:              0(  0.0%)]
         [Hashed:         1197285( 41.2%)]
         [Known:           187282(  6.5%)]
         [New:            2716268( 93.5%)    211.5M]
      [Deduplicated:      1903678( 70.1%)    126.5M( 59.8%)]
         [Young:           783816( 41.2%)  61623.7K( 47.6%)]
         [Old:            1119862( 58.8%)  67957.2K( 52.4%)]
   [Table]
      [Memory Usage: 8332.5K]
      [Size: 262144, Min: 1024, Max: 16777216]
      [Entries: 264984, Load: 101.1%, Cached: 3154, Added: 973826, Removed: 708842]
      [Resize Count: 8, Shrink Threshold: 174762(66.7%), Grow Threshold: 524288(200.0%)]
      [Rehash Count: 0, Rehash Threshold: 120, Hash Seed: 0x0]
      [Age Threshold: 3]
   [Queue]
      [Dropped: 0]
[GC concurrent-string-deduplication, deleted 0 entries, 0.0000012 secs]
2020-12-17T22:36:35.021+0530: 385801.592: [GC pause (G1 Evacuation Pause) (young), 0.0122725 secs]
   [Parallel Time: 7.2 ms, GC Workers: 10]
      [GC Worker Start (ms): Min: 385801592.0, Avg: 385801592.1, Max: 385801592.2, Diff: 0.2]
      [Ext Root Scanning (ms): Min: 0.7, Avg: 1.0, Max: 2.7, Diff: 1.9, Sum: 10.3]
      [Update RS (ms): Min: 4.1, Avg: 5.6, Max: 5.9, Diff: 1.8, Sum: 56.0]
         [Processed Buffers: Min: 3, Avg: 7.3, Max: 22, Diff: 19, Sum: 73]
      [Scan RS (ms): Min: 0.0, Avg: 0.0, Max: 0.0, Diff: 0.0, Sum: 0.1]
      [Code Root Scanning (ms): Min: 0.0, Avg: 0.0, Max: 0.0, Diff: 0.0, Sum: 0.0]
      [Object Copy (ms): Min: 0.0, Avg: 0.3, Max: 0.4, Diff: 0.3, Sum: 2.5]
      [Termination (ms): Min: 0.0, Avg: 0.1, Max: 0.1, Diff: 0.1, Sum: 0.7]
         [Termination Attempts: Min: 1, Avg: 1.0, Max: 1, Diff: 0, Sum: 10]
      [GC Worker Other (ms): Min: 0.0, Avg: 0.0, Max: 0.0, Diff: 0.0, Sum: 0.1]
      [GC Worker Total (ms): Min: 6.9, Avg: 7.0, Max: 7.1, Diff: 0.2, Sum: 69.7]
      [GC Worker End (ms): Min: 385801599.1, Avg: 385801599.1, Max: 385801599.1, Diff: 0.0]
   [Code Root Fixup: 0.0 ms]
   [Code Root Purge: 0.0 ms]
   [String Dedup Fixup: 2.6 ms, GC Workers: 10]
      [Queue Fixup (ms): Min: 0.0, Avg: 0.0, Max: 0.0, Diff: 0.0, Sum: 0.0]
      [Table Fixup (ms): Min: 1.8, Avg: 1.9, Max: 2.0, Diff: 0.2, Sum: 19.3]
   [Clear CT: 0.9 ms]
   [Other: 1.7 ms]
      [Choose CSet: 0.0 ms]
      [Ref Proc: 0.8 ms]
      [Ref Enq: 0.0 ms]
      [Redirty Cards: 0.6 ms]
      [Humongous Register: 0.0 ms]
      [Humongous Reclaim: 0.0 ms]
      [Free CSet: 0.0 ms]
   [Eden: 50176.0K(50176.0K)->0.0B(50176.0K) Survivors: 1024.0K->1024.0K Heap: 237.1M(267.0M)->188.1M(267.0M)]
 [Times: user=0.09 sys=0.02, real=0.01 secs] 
2020-12-17T22:36:35.034+0530: 385801.604: [GC concurrent-string-deduplication, 264.0B->264.0B(0.0B), avg 59.8%, 0.0000154 secs]
   [Last Exec: 0.0000154 secs, Idle: 415.1162781 secs, Blocked: 0/0.0000000 secs]
      [Inspected:              42]
         [Skipped:              0(  0.0%)]
         [Hashed:               1(  2.4%)]
         [Known:               41( 97.6%)]
         [New:                  1(  2.4%)    264.0B]
      [Deduplicated:            0(  0.0%)      0.0B(  0.0%)]
         [Young:                0(  0.0%)      0.0B(  0.0%)]
         [Old:                  0(  0.0%)      0.0B(  0.0%)]
   [Total Exec: 1546/0.8596282 secs, Idle: 1546/385800.2588024 secs, Blocked: 130/0.0925528 secs]
      [Inspected:         2903592]
         [Skipped:              0(  0.0%)]
         [Hashed:         1197286( 41.2%)]
         [Known:           187323(  6.5%)]
         [New:            2716269( 93.5%)    211.5M]
      [Deduplicated:      1903678( 70.1%)    126.5M( 59.8%)]
         [Young:           783816( 41.2%)  61623.7K( 47.6%)]
         [Old:            1119862( 58.8%)  67957.2K( 52.4%)]
   [Table]
      [Memory Usage: 8332.5K]
      [Size: 262144, Min: 1024, Max: 16777216]
      [Entries: 264985, Load: 101.1%, Cached: 3153, Added: 973827, Removed: 708842]
      [Resize Count: 8, Shrink Threshold: 174762(66.7%), Grow Threshold: 524288(200.0%)]
      [Rehash Count: 0, Rehash Threshold: 120, Hash Seed: 0x0]
      [Age Threshold: 3]
   [Queue]
      [Dropped: 0]
[GC concurrent-string-deduplication, deleted 0 entries, 0.0000008 secs]
2020-12-17T22:41:35.202+0530: 386101.773: [GC pause (G1 Evacuation Pause) (young) (initial-mark), 0.0082304 secs]
   [Parallel Time: 3.6 ms, GC Workers: 10]
      [GC Worker Start (ms): Min: 386101773.7, Avg: 386101774.0, Max: 386101774.1, Diff: 0.4]
      [Ext Root Scanning (ms): Min: 1.6, Avg: 1.8, Max: 2.1, Diff: 0.6, Sum: 17.5]
      [Update RS (ms): Min: 0.3, Avg: 0.5, Max: 1.1, Diff: 0.8, Sum: 5.3]
         [Processed Buffers: Min: 1, Avg: 5.7, Max: 15, Diff: 14, Sum: 57]
      [Scan RS (ms): Min: 0.0, Avg: 0.0, Max: 0.0, Diff: 0.0, Sum: 0.0]
      [Code Root Scanning (ms): Min: 0.0, Avg: 0.0, Max: 0.0, Diff: 0.0, Sum: 0.0]
      [Object Copy (ms): Min: 0.1, Avg: 0.3, Max: 0.4, Diff: 0.3, Sum: 2.9]
      [Termination (ms): Min: 0.0, Avg: 0.3, Max: 0.4, Diff: 0.4, Sum: 3.2]
         [Termination Attempts: Min: 1, Avg: 1.0, Max: 1, Diff: 0, Sum: 10]
      [GC Worker Other (ms): Min: 0.0, Avg: 0.0, Max: 0.0, Diff: 0.0, Sum: 0.1]
      [GC Worker Total (ms): Min: 2.8, Avg: 2.9, Max: 3.2, Diff: 0.4, Sum: 29.1]
      [GC Worker End (ms): Min: 386101776.9, Avg: 386101776.9, Max: 386101776.9, Diff: 0.0]
   [Code Root Fixup: 0.0 ms]
   [Code Root Purge: 0.0 ms]
   [String Dedup Fixup: 2.7 ms, GC Workers: 10]
      [Queue Fixup (ms): Min: 0.0, Avg: 0.0, Max: 0.0, Diff: 0.0, Sum: 0.0]
      [Table Fixup (ms): Min: 1.9, Avg: 2.0, Max: 2.1, Diff: 0.3, Sum: 19.6]
   [Clear CT: 0.8 ms]
   [Other: 1.1 ms]
      [Choose CSet: 0.0 ms]
      [Ref Proc: 0.2 ms]
      [Ref Enq: 0.0 ms]
      [Redirty Cards: 0.7 ms]
      [Humongous Register: 0.0 ms]
      [Humongous Reclaim: 0.0 ms]
      [Free CSet: 0.0 ms]
   [Eden: 50176.0K(50176.0K)->0.0B(50176.0K) Survivors: 1024.0K->1024.0K Heap: 237.1M(267.0M)->188.2M(267.0M)]
 [Times: user=0.02 sys=0.00, real=0.01 secs] 
2020-12-17T22:41:35.211+0530: 386101.782: [GC concurrent-string-deduplication, 264.0B->264.0B(0.0B), avg 59.8%, 0.0000058 secs]
   [Last Exec: 0.0000058 secs, Idle: 300.1775575 secs, Blocked: 0/0.0000000 secs]
      [Inspected:               6]
         [Skipped:              0(  0.0%)]
         [Hashed:               1( 16.7%)]
         [Known:                5( 83.3%)]
         [New:                  1( 16.7%)    264.0B]
      [Deduplicated:            0(  0.0%)      0.0B(  0.0%)]
         [Young:                0(  0.0%)      0.0B(  0.0%)]
         [Old:                  0(  0.0%)      0.0B(  0.0%)]
   [Total Exec: 1547/0.8596340 secs, Idle: 1547/386100.4363599 secs, Blocked: 130/0.0925528 secs]
      [Inspected:         2903598]
         [Skipped:              0(  0.0%)]
         [Hashed:         1197287( 41.2%)]
         [Known:           187328(  6.5%)]
         [New:            2716270( 93.5%)    211.5M]
      [Deduplicated:      1903678( 70.1%)    126.5M( 59.8%)]
         [Young:           783816( 41.2%)  61623.7K( 47.6%)]
         [Old:            1119862( 58.8%)  67957.2K( 52.4%)]
   [Table]
      [Memory Usage: 8332.5K]
      [Size: 262144, Min: 1024, Max: 16777216]
      [Entries: 264986, Load: 101.1%, Cached: 3152, Added: 973828, Removed: 708842]
      [Resize Count: 8, Shrink Threshold: 174762(66.7%), Grow Threshold: 524288(200.0%)]
      [Rehash Count: 0, Rehash Threshold: 120, Hash Seed: 0x0]
      [Age Threshold: 3]
   [Queue]
      [Dropped: 0]
[GC concurrent-string-deduplication, deleted 0 entries, 0.0000015 secs]
2020-12-17T22:41:35.212+0530: 386101.782: [GC concurrent-root-region-scan-start]
2020-12-17T22:41:35.214+0530: 386101.784: [GC concurrent-root-region-scan-end, 0.0022021 secs]
2020-12-17T22:41:35.214+0530: 386101.784: [GC concurrent-mark-start]
2020-12-17T22:41:35.301+0530: 386101.872: [GC concurrent-mark-end, 0.0874523 secs]
2020-12-17T22:41:35.302+0530: 386101.872: [GC remark 2020-12-17T22:41:35.302+0530: 386101.872: [Finalize Marking, 0.0004395 secs] 2020-12-17T22:41:35.302+0530: 386101.873: [GC ref-proc, 0.0006174 secs] 2020-12-17T22:41:35.303+0530: 386101.873: [Unloading, 0.0241070 secs], 0.0260108 secs]
 [Times: user=0.16 sys=0.00, real=0.03 secs] 
2020-12-17T22:41:35.328+0530: 386101.899: [GC cleanup 202M->202M(267M), 0.0026079 secs]
 [Times: user=0.00 sys=0.00, real=0.00 secs] 
2020-12-17T22:46:35.435+0530: 386402.007: [GC pause (G1 Evacuation Pause) (young), 0.0069110 secs]
   [Parallel Time: 2.2 ms, GC Workers: 10]
      [GC Worker Start (ms): Min: 386402006.7, Avg: 386402006.9, Max: 386402007.0, Diff: 0.4]
      [Ext Root Scanning (ms): Min: 0.5, Avg: 0.7, Max: 1.4, Diff: 0.9, Sum: 7.3]
      [Update RS (ms): Min: 0.2, Avg: 0.6, Max: 0.8, Diff: 0.6, Sum: 5.7]
         [Processed Buffers: Min: 2, Avg: 5.3, Max: 13, Diff: 11, Sum: 53]
      [Scan RS (ms): Min: 0.0, Avg: 0.0, Max: 0.0, Diff: 0.0, Sum: 0.0]
      [Code Root Scanning (ms): Min: 0.0, Avg: 0.0, Max: 0.0, Diff: 0.0, Sum: 0.0]
      [Object Copy (ms): Min: 0.0, Avg: 0.2, Max: 0.3, Diff: 0.3, Sum: 1.9]
      [Termination (ms): Min: 0.0, Avg: 0.1, Max: 0.1, Diff: 0.1, Sum: 0.5]
         [Termination Attempts: Min: 1, Avg: 1.5, Max: 3, Diff: 2, Sum: 15]
      [GC Worker Other (ms): Min: 0.0, Avg: 0.0, Max: 0.0, Diff: 0.0, Sum: 0.2]
      [GC Worker Total (ms): Min: 1.4, Avg: 1.6, Max: 1.8, Diff: 0.4, Sum: 15.6]
      [GC Worker End (ms): Min: 386402008.4, Avg: 386402008.4, Max: 386402008.5, Diff: 0.0]
   [Code Root Fixup: 0.0 ms]
   [Code Root Purge: 0.0 ms]
   [String Dedup Fixup: 2.4 ms, GC Workers: 10]
      [Queue Fixup (ms): Min: 0.0, Avg: 0.0, Max: 0.0, Diff: 0.0, Sum: 0.0]
      [Table Fixup (ms): Min: 1.7, Avg: 1.8, Max: 1.9, Diff: 0.2, Sum: 18.1]
   [Clear CT: 0.8 ms]
   [Other: 1.6 ms]
      [Choose CSet: 0.0 ms]
      [Ref Proc: 0.7 ms]
      [Ref Enq: 0.0 ms]
      [Redirty Cards: 0.7 ms]
      [Humongous Register: 0.0 ms]
      [Humongous Reclaim: 0.0 ms]
      [Free CSet: 0.0 ms]
   [Eden: 50176.0K(50176.0K)->0.0B(12288.0K) Survivors: 1024.0K->1024.0K Heap: 237.2M(267.0M)->188.0M(267.0M)]
 [Times: user=0.16 sys=0.00, real=0.01 secs] 
2020-12-17T22:46:35.443+0530: 386402.014: [GC concurrent-string-deduplication, 264.0B->264.0B(0.0B), avg 59.8%, 0.0000031 secs]
   [Last Exec: 0.0000031 secs, Idle: 300.2317199 secs, Blocked: 0/0.0000000 secs]
      [Inspected:               1]
         [Skipped:              0(  0.0%)]
         [Hashed:               1(100.0%)]
         [Known:                0(  0.0%)]
         [New:                  1(100.0%)    264.0B]
      [Deduplicated:            0(  0.0%)      0.0B(  0.0%)]
         [Young:                0(  0.0%)      0.0B(  0.0%)]
         [Old:                  0(  0.0%)      0.0B(  0.0%)]
   [Total Exec: 1548/0.8596371 secs, Idle: 1548/386400.6680798 secs, Blocked: 130/0.0925528 secs]
      [Inspected:         2903599]
         [Skipped:              0(  0.0%)]
         [Hashed:         1197288( 41.2%)]
         [Known:           187328(  6.5%)]
         [New:            2716271( 93.5%)    211.5M]
      [Deduplicated:      1903678( 70.1%)    126.5M( 59.8%)]
         [Young:           783816( 41.2%)  61623.7K( 47.6%)]
         [Old:            1119862( 58.8%)  67957.2K( 52.4%)]
   [Table]
      [Memory Usage: 8332.5K]
      [Size: 262144, Min: 1024, Max: 16777216]
      [Entries: 264052, Load: 100.7%, Cached: 4086, Added: 973835, Removed: 709783]
      [Resize Count: 8, Shrink Threshold: 174762(66.7%), Grow Threshold: 524288(200.0%)]
      [Rehash Count: 0, Rehash Threshold: 120, Hash Seed: 0x0]
      [Age Threshold: 3]
   [Queue]
      [Dropped: 0]
[GC concurrent-string-deduplication, deleted 0 entries, 0.0000007 secs]
2020-12-17T22:47:48.431+0530: 386475.002: [GC pause (G1 Evacuation Pause) (mixed), 0.0073630 secs]
   [Parallel Time: 2.5 ms, GC Workers: 10]
      [GC Worker Start (ms): Min: 386475001.8, Avg: 386475002.0, Max: 386475002.1, Diff: 0.3]
      [Ext Root Scanning (ms): Min: 0.6, Avg: 0.8, Max: 1.5, Diff: 0.9, Sum: 7.7]
      [Update RS (ms): Min: 0.0, Avg: 0.5, Max: 0.9, Diff: 0.9, Sum: 5.5]
         [Processed Buffers: Min: 0, Avg: 4.1, Max: 9, Diff: 9, Sum: 41]
      [Scan RS (ms): Min: 0.0, Avg: 0.1, Max: 0.2, Diff: 0.2, Sum: 1.2]
      [Code Root Scanning (ms): Min: 0.0, Avg: 0.0, Max: 0.0, Diff: 0.0, Sum: 0.0]
      [Object Copy (ms): Min: 0.2, Avg: 0.3, Max: 0.4, Diff: 0.2, Sum: 3.3]
      [Termination (ms): Min: 0.0, Avg: 0.0, Max: 0.1, Diff: 0.1, Sum: 0.4]
         [Termination Attempts: Min: 1, Avg: 1.1, Max: 2, Diff: 1, Sum: 11]
      [GC Worker Other (ms): Min: 0.0, Avg: 0.0, Max: 0.0, Diff: 0.0, Sum: 0.1]
      [GC Worker Total (ms): Min: 1.7, Avg: 1.8, Max: 2.0, Diff: 0.3, Sum: 18.2]
      [GC Worker End (ms): Min: 386475003.8, Avg: 386475003.8, Max: 386475003.8, Diff: 0.0]
   [Code Root Fixup: 0.0 ms]
   [Code Root Purge: 0.0 ms]
   [String Dedup Fixup: 2.4 ms, GC Workers: 10]
      [Queue Fixup (ms): Min: 0.0, Avg: 0.0, Max: 0.0, Diff: 0.0, Sum: 0.0]
      [Table Fixup (ms): Min: 1.7, Avg: 1.8, Max: 2.0, Diff: 0.3, Sum: 18.1]
   [Clear CT: 0.8 ms]
   [Other: 1.6 ms]
      [Choose CSet: 0.0 ms]
      [Ref Proc: 0.7 ms]
      [Ref Enq: 0.0 ms]
      [Redirty Cards: 0.7 ms]
      [Humongous Register: 0.0 ms]
      [Humongous Reclaim: 0.0 ms]
      [Free CSet: 0.0 ms]
   [Eden: 12288.0K(12288.0K)->0.0B(50176.0K) Survivors: 1024.0K->1024.0K Heap: 200.0M(267.0M)->187.9M(267.0M)]
 [Times: user=0.00 sys=0.00, real=0.01 secs] 
2020-12-17T22:47:48.438+0530: 386475.009: [GC concurrent-string-deduplication, 264.0B->264.0B(0.0B), avg 59.8%, 0.0000033 secs]
   [Last Exec: 0.0000033 secs, Idle: 72.9955488 secs, Blocked: 0/0.0000000 secs]
      [Inspected:               1]
         [Skipped:              0(  0.0%)]
         [Hashed:               1(100.0%)]
         [Known:                0(  0.0%)]
         [New:                  1(100.0%)    264.0B]
      [Deduplicated:            0(  0.0%)      0.0B(  0.0%)]
         [Young:                0(  0.0%)      0.0B(  0.0%)]
         [Old:                  0(  0.0%)      0.0B(  0.0%)]
   [Total Exec: 1549/0.8596404 secs, Idle: 1549/386473.6636286 secs, Blocked: 130/0.0925528 secs]
      [Inspected:         2903600]
         [Skipped:              0(  0.0%)]
         [Hashed:         1197289( 41.2%)]
         [Known:           187328(  6.5%)]
         [New:            2716272( 93.5%)    211.5M]
      [Deduplicated:      1903678( 70.1%)    126.5M( 59.8%)]
         [Young:           783816( 41.2%)  61623.7K( 47.6%)]
         [Old:            1119862( 58.8%)  67957.2K( 52.4%)]
   [Table]
      [Memory Usage: 8332.5K]
      [Size: 262144, Min: 1024, Max: 16777216]
      [Entries: 264050, Load: 100.7%, Cached: 4088, Added: 973836, Removed: 709786]
      [Resize Count: 8, Shrink Threshold: 174762(66.7%), Grow Threshold: 524288(200.0%)]
      [Rehash Count: 0, Rehash Threshold: 120, Hash Seed: 0x0]
      [Age Threshold: 3]
   [Queue]
      [Dropped: 0]
[GC concurrent-string-deduplication, deleted 0 entries, 0.0000006 secs]
2020-12-17T22:52:55.152+0530: 386781.723: [GC pause (G1 Evacuation Pause) (young), 0.0096779 secs]
   [Parallel Time: 3.5 ms, GC Workers: 10]
      [GC Worker Start (ms): Min: 386781723.3, Avg: 386781723.5, Max: 386781723.6, Diff: 0.3]
      [Ext Root Scanning (ms): Min: 0.8, Avg: 1.1, Max: 2.8, Diff: 2.1, Sum: 11.1]
      [Update RS (ms): Min: 0.0, Avg: 1.3, Max: 1.8, Diff: 1.8, Sum: 13.4]
         [Processed Buffers: Min: 0, Avg: 5.7, Max: 11, Diff: 11, Sum: 57]
      [Scan RS (ms): Min: 0.0, Avg: 0.0, Max: 0.0, Diff: 0.0, Sum: 0.0]
      [Code Root Scanning (ms): Min: 0.0, Avg: 0.0, Max: 0.0, Diff: 0.0, Sum: 0.0]
      [Object Copy (ms): Min: 0.0, Avg: 0.2, Max: 0.4, Diff: 0.4, Sum: 2.4]
      [Termination (ms): Min: 0.0, Avg: 0.2, Max: 0.3, Diff: 0.3, Sum: 2.2]
         [Termination Attempts: Min: 1, Avg: 1.0, Max: 1, Diff: 0, Sum: 10]
      [GC Worker Other (ms): Min: 0.0, Avg: 0.0, Max: 0.0, Diff: 0.0, Sum: 0.2]
      [GC Worker Total (ms): Min: 2.8, Avg: 2.9, Max: 3.1, Diff: 0.3, Sum: 29.3]
      [GC Worker End (ms): Min: 386781726.4, Avg: 386781726.4, Max: 386781726.5, Diff: 0.0]
   [Code Root Fixup: 0.0 ms]
   [Code Root Purge: 0.0 ms]
   [String Dedup Fixup: 2.8 ms, GC Workers: 10]
      [Queue Fixup (ms): Min: 0.0, Avg: 0.0, Max: 0.0, Diff: 0.0, Sum: 0.0]
      [Table Fixup (ms): Min: 2.3, Avg: 2.5, Max: 2.6, Diff: 0.3, Sum: 24.5]
   [Clear CT: 0.6 ms]
   [Other: 2.7 ms]
      [Choose CSet: 0.0 ms]
      [Ref Proc: 1.6 ms]
      [Ref Enq: 0.0 ms]
      [Redirty Cards: 0.9 ms]
      [Humongous Register: 0.0 ms]
      [Humongous Reclaim: 0.0 ms]
      [Free CSet: 0.1 ms]
   [Eden: 50176.0K(50176.0K)->0.0B(48128.0K) Survivors: 1024.0K->2048.0K Heap: 236.9M(267.0M)->188.5M(267.0M)]
 [Times: user=0.00 sys=0.00, real=0.01 secs] 
2020-12-17T22:52:55.162+0530: 386781.733: [GC concurrent-string-deduplication, 264.0B->264.0B(0.0B), avg 59.8%, 0.0000080 secs]
   [Last Exec: 0.0000080 secs, Idle: 306.7237706 secs, Blocked: 0/0.0000000 secs]
      [Inspected:               7]
         [Skipped:              0(  0.0%)]
         [Hashed:               1( 14.3%)]
         [Known:                6( 85.7%)]
         [New:                  1( 14.3%)    264.0B]
      [Deduplicated:            0(  0.0%)      0.0B(  0.0%)]
         [Young:                0(  0.0%)      0.0B(  0.0%)]
         [Old:                  0(  0.0%)      0.0B(  0.0%)]
   [Total Exec: 1550/0.8596484 secs, Idle: 1550/386780.3873992 secs, Blocked: 130/0.0925528 secs]
      [Inspected:         2903607]
         [Skipped:              0(  0.0%)]
         [Hashed:         1197290( 41.2%)]
         [Known:           187334(  6.5%)]
         [New:            2716273( 93.5%)    211.5M]
      [Deduplicated:      1903678( 70.1%)    126.5M( 59.8%)]
         [Young:           783816( 41.2%)  61623.7K( 47.6%)]
         [Old:            1119862( 58.8%)  67957.2K( 52.4%)]
   [Table]
      [Memory Usage: 8332.5K]
      [Size: 262144, Min: 1024, Max: 16777216]
      [Entries: 264075, Load: 100.7%, Cached: 4063, Added: 973861, Removed: 709786]
      [Resize Count: 8, Shrink Threshold: 174762(66.7%), Grow Threshold: 524288(200.0%)]
      [Rehash Count: 0, Rehash Threshold: 120, Hash Seed: 0x0]
      [Age Threshold: 3]
   [Queue]
      [Dropped: 0]
[GC concurrent-string-deduplication, deleted 0 entries, 0.0000009 secs]
2020-12-17T23:00:55.493+0530: 387262.064: [GC pause (G1 Evacuation Pause) (young) (initial-mark), 0.0116825 secs]
   [Parallel Time: 7.0 ms, GC Workers: 10]
      [GC Worker Start (ms): Min: 387262064.7, Avg: 387262065.0, Max: 387262065.2, Diff: 0.5]
      [Ext Root Scanning (ms): Min: 4.2, Avg: 4.7, Max: 5.5, Diff: 1.3, Sum: 46.8]
      [Update RS (ms): Min: 0.3, Avg: 0.6, Max: 0.8, Diff: 0.5, Sum: 5.6]
         [Processed Buffers: Min: 1, Avg: 5.7, Max: 16, Diff: 15, Sum: 57]
      [Scan RS (ms): Min: 0.0, Avg: 0.0, Max: 0.0, Diff: 0.0, Sum: 0.0]
      [Code Root Scanning (ms): Min: 0.0, Avg: 0.0, Max: 0.0, Diff: 0.0, Sum: 0.0]
      [Object Copy (ms): Min: 0.1, Avg: 0.6, Max: 0.8, Diff: 0.7, Sum: 5.6]
      [Termination (ms): Min: 0.0, Avg: 0.2, Max: 0.2, Diff: 0.2, Sum: 1.5]
         [Termination Attempts: Min: 1, Avg: 1.0, Max: 1, Diff: 0, Sum: 10]
      [GC Worker Other (ms): Min: 0.0, Avg: 0.0, Max: 0.0, Diff: 0.0, Sum: 0.2]
      [GC Worker Total (ms): Min: 5.7, Avg: 6.0, Max: 6.3, Diff: 0.5, Sum: 59.8]
      [GC Worker End (ms): Min: 387262071.0, Avg: 387262071.0, Max: 387262071.0, Diff: 0.0]
   [Code Root Fixup: 0.0 ms]
   [Code Root Purge: 0.0 ms]
   [String Dedup Fixup: 2.4 ms, GC Workers: 10]
      [Queue Fixup (ms): Min: 0.0, Avg: 0.0, Max: 0.0, Diff: 0.0, Sum: 0.0]
      [Table Fixup (ms): Min: 1.7, Avg: 1.8, Max: 2.0, Diff: 0.3, Sum: 18.5]
   [Clear CT: 1.0 ms]
   [Other: 1.4 ms]
      [Choose CSet: 0.0 ms]
      [Ref Proc: 0.3 ms]
      [Ref Enq: 0.0 ms]
      [Redirty Cards: 0.7 ms]
      [Humongous Register: 0.0 ms]
      [Humongous Reclaim: 0.0 ms]
      [Free CSet: 0.0 ms]
   [Eden: 48128.0K(48128.0K)->0.0B(50176.0K) Survivors: 2048.0K->1024.0K Heap: 235.5M(267.0M)->187.9M(267.0M)]
 [Times: user=0.14 sys=0.02, real=0.01 secs] 
2020-12-17T23:00:55.505+0530: 387262.076: [GC concurrent-root-region-scan-start]
2020-12-17T23:00:55.507+0530: 387262.078: [GC concurrent-root-region-scan-end, 0.0018302 secs]
2020-12-17T23:00:55.507+0530: 387262.078: [GC concurrent-mark-start]
2020-12-17T23:00:55.590+0530: 387262.161: [GC concurrent-mark-end, 0.0831414 secs]
2020-12-17T23:00:55.591+0530: 387262.162: [GC remark 2020-12-17T23:00:55.591+0530: 387262.162: [Finalize Marking, 0.0008376 secs] 2020-12-17T23:00:55.592+0530: 387262.162: [GC ref-proc, 0.0005389 secs] 2020-12-17T23:00:55.592+0530: 387262.163: [Unloading, 0.0220055 secs], 0.0242846 secs]
 [Times: user=0.31 sys=0.00, real=0.02 secs] 
2020-12-17T23:00:55.616+0530: 387262.186: [GC cleanup 188M->188M(267M), 0.0024725 secs]
 [Times: user=0.00 sys=0.00, real=0.00 secs] 
2020-12-17T23:06:36.394+0530: 387602.965: [GC pause (G1 Evacuation Pause) (young), 0.0077749 secs]
   [Parallel Time: 2.6 ms, GC Workers: 10]
      [GC Worker Start (ms): Min: 387602965.2, Avg: 387602965.4, Max: 387602965.5, Diff: 0.3]
      [Ext Root Scanning (ms): Min: 0.5, Avg: 0.7, Max: 1.4, Diff: 0.9, Sum: 6.9]
      [Update RS (ms): Min: 0.0, Avg: 0.5, Max: 0.8, Diff: 0.8, Sum: 5.0]
         [Processed Buffers: Min: 0, Avg: 5.4, Max: 16, Diff: 16, Sum: 54]
      [Scan RS (ms): Min: 0.0, Avg: 0.0, Max: 0.0, Diff: 0.0, Sum: 0.0]
      [Code Root Scanning (ms): Min: 0.0, Avg: 0.0, Max: 0.0, Diff: 0.0, Sum: 0.0]
      [Object Copy (ms): Min: 0.0, Avg: 0.2, Max: 0.3, Diff: 0.3, Sum: 2.1]
      [Termination (ms): Min: 0.0, Avg: 0.2, Max: 0.2, Diff: 0.2, Sum: 1.5]
         [Termination Attempts: Min: 1, Avg: 1.4, Max: 3, Diff: 2, Sum: 14]
      [GC Worker Other (ms): Min: 0.0, Avg: 0.0, Max: 0.0, Diff: 0.0, Sum: 0.1]
      [GC Worker Total (ms): Min: 1.5, Avg: 1.6, Max: 1.8, Diff: 0.3, Sum: 15.6]
      [GC Worker End (ms): Min: 387602966.9, Avg: 387602966.9, Max: 387602967.0, Diff: 0.0]
   [Code Root Fixup: 0.0 ms]
   [Code Root Purge: 0.0 ms]
   [String Dedup Fixup: 2.6 ms, GC Workers: 10]
      [Queue Fixup (ms): Min: 0.0, Avg: 0.0, Max: 0.0, Diff: 0.0, Sum: 0.0]
      [Table Fixup (ms): Min: 2.0, Avg: 2.1, Max: 2.2, Diff: 0.2, Sum: 20.6]
   [Clear CT: 0.9 ms]
   [Other: 1.6 ms]
      [Choose CSet: 0.0 ms]
      [Ref Proc: 0.7 ms]
      [Ref Enq: 0.0 ms]
      [Redirty Cards: 0.8 ms]
      [Humongous Register: 0.0 ms]
      [Humongous Reclaim: 0.0 ms]
      [Free CSet: 0.1 ms]
   [Eden: 50176.0K(50176.0K)->0.0B(12288.0K) Survivors: 1024.0K->1024.0K Heap: 236.9M(267.0M)->188.0M(267.0M)]
 [Times: user=0.00 sys=0.00, real=0.01 secs] 
2020-12-17T23:06:36.402+0530: 387602.973: [GC concurrent-string-deduplication, 2032.0B->1320.0B(712.0B), avg 59.8%, 0.0000212 secs]
   [Last Exec: 0.0000212 secs, Idle: 821.2398699 secs, Blocked: 0/0.0000000 secs]
      [Inspected:              55]
         [Skipped:              0(  0.0%)]
         [Hashed:              25( 45.5%)]
         [Known:               25( 45.5%)]
         [New:                 30( 54.5%)   2032.0B]
      [Deduplicated:           19( 63.3%)    712.0B( 35.0%)]
         [Young:               19(100.0%)    712.0B(100.0%)]
         [Old:                  0(  0.0%)      0.0B(  0.0%)]
   [Total Exec: 1551/0.8596696 secs, Idle: 1551/387601.6272691 secs, Blocked: 130/0.0925528 secs]
      [Inspected:         2903662]
         [Skipped:              0(  0.0%)]
         [Hashed:         1197315( 41.2%)]
         [Known:           187359(  6.5%)]
         [New:            2716303( 93.5%)    211.5M]
      [Deduplicated:      1903697( 70.1%)    126.5M( 59.8%)]
         [Young:           783835( 41.2%)  61624.4K( 47.6%)]
         [Old:            1119862( 58.8%)  67957.2K( 52.4%)]
   [Table]
      [Memory Usage: 8332.5K]
      [Size: 262144, Min: 1024, Max: 16777216]
      [Entries: 263820, Load: 100.6%, Cached: 4318, Added: 973892, Removed: 710072]
      [Resize Count: 8, Shrink Threshold: 174762(66.7%), Grow Threshold: 524288(200.0%)]
      [Rehash Count: 0, Rehash Threshold: 120, Hash Seed: 0x0]
      [Age Threshold: 3]
   [Queue]
      [Dropped: 0]
[GC concurrent-string-deduplication, deleted 0 entries, 0.0000006 secs]
2020-12-17T23:06:36.418+0530: 387602.989: [GC pause (G1 Evacuation Pause) (mixed), 0.0067798 secs]
   [Parallel Time: 2.1 ms, GC Workers: 10]
      [GC Worker Start (ms): Min: 387602989.4, Avg: 387602989.5, Max: 387602989.6, Diff: 0.2]
      [Ext Root Scanning (ms): Min: 0.6, Avg: 0.8, Max: 1.7, Diff: 1.1, Sum: 7.8]
      [Update RS (ms): Min: 0.0, Avg: 0.1, Max: 0.3, Diff: 0.3, Sum: 1.4]
         [Processed Buffers: Min: 0, Avg: 1.2, Max: 3, Diff: 3, Sum: 12]
      [Scan RS (ms): Min: 0.0, Avg: 0.1, Max: 0.2, Diff: 0.2, Sum: 0.8]
      [Code Root Scanning (ms): Min: 0.0, Avg: 0.0, Max: 0.0, Diff: 0.0, Sum: 0.0]
      [Object Copy (ms): Min: 0.0, Avg: 0.5, Max: 0.7, Diff: 0.7, Sum: 5.5]
      [Termination (ms): Min: 0.0, Avg: 0.0, Max: 0.0, Diff: 0.0, Sum: 0.3]
         [Termination Attempts: Min: 1, Avg: 1.3, Max: 2, Diff: 1, Sum: 13]
      [GC Worker Other (ms): Min: 0.0, Avg: 0.0, Max: 0.0, Diff: 0.0, Sum: 0.1]
      [GC Worker Total (ms): Min: 1.5, Avg: 1.6, Max: 1.7, Diff: 0.2, Sum: 15.7]
      [GC Worker End (ms): Min: 387602991.1, Avg: 387602991.1, Max: 387602991.1, Diff: 0.0]
   [Code Root Fixup: 0.0 ms]
   [Code Root Purge: 0.0 ms]
   [String Dedup Fixup: 2.4 ms, GC Workers: 10]
      [Queue Fixup (ms): Min: 0.0, Avg: 0.0, Max: 0.0, Diff: 0.0, Sum: 0.0]
      [Table Fixup (ms): Min: 1.8, Avg: 1.8, Max: 2.0, Diff: 0.2, Sum: 18.5]
   [Clear CT: 0.8 ms]
   [Other: 1.5 ms]
      [Choose CSet: 0.0 ms]
      [Ref Proc: 0.6 ms]
      [Ref Enq: 0.0 ms]
      [Redirty Cards: 0.8 ms]
      [Humongous Register: 0.0 ms]
      [Humongous Reclaim: 0.0 ms]
      [Free CSet: 0.0 ms]
   [Eden: 12288.0K(12288.0K)->0.0B(50176.0K) Survivors: 1024.0K->1024.0K Heap: 200.0M(267.0M)->187.5M(267.0M)]
 [Times: user=0.06 sys=0.02, real=0.01 secs] 
2020-12-17T23:06:36.426+0530: 387602.996: [GC concurrent-string-deduplication, 528.0B->528.0B(0.0B), avg 59.8%, 0.0000034 secs]
   [Last Exec: 0.0000034 secs, Idle: 0.0232154 secs, Blocked: 0/0.0000000 secs]
      [Inspected:               2]
         [Skipped:              0(  0.0%)]
         [Hashed:               2(100.0%)]
         [Known:                0(  0.0%)]
         [New:                  2(100.0%)    528.0B]
      [Deduplicated:            0(  0.0%)      0.0B(  0.0%)]
         [Young:                0(  0.0%)      0.0B(  0.0%)]
         [Old:                  0(  0.0%)      0.0B(  0.0%)]
   [Total Exec: 1552/0.8596730 secs, Idle: 1552/387601.6504845 secs, Blocked: 130/0.0925528 secs]
      [Inspected:         2903664]
         [Skipped:              0(  0.0%)]
         [Hashed:         1197317( 41.2%)]
         [Known:           187359(  6.5%)]
         [New:            2716305( 93.5%)    211.5M]
      [Deduplicated:      1903697( 70.1%)    126.5M( 59.8%)]
         [Young:           783835( 41.2%)  61624.4K( 47.6%)]
         [Old:            1119862( 58.8%)  67957.2K( 52.4%)]
   [Table]
      [Memory Usage: 8332.5K]
      [Size: 262144, Min: 1024, Max: 16777216]
      [Entries: 263822, Load: 100.6%, Cached: 4316, Added: 973894, Removed: 710072]
      [Resize Count: 8, Shrink Threshold: 174762(66.7%), Grow Threshold: 524288(200.0%)]
      [Rehash Count: 0, Rehash Threshold: 120, Hash Seed: 0x0]
      [Age Threshold: 3]
   [Queue]
      [Dropped: 0]
[GC concurrent-string-deduplication, deleted 0 entries, 0.0000006 secs]
2020-12-17T23:11:36.739+0530: 387903.310: [GC pause (G1 Evacuation Pause) (young), 0.0069675 secs]
   [Parallel Time: 2.2 ms, GC Workers: 10]
      [GC Worker Start (ms): Min: 387903310.3, Avg: 387903310.6, Max: 387903310.8, Diff: 0.5]
      [Ext Root Scanning (ms): Min: 0.4, Avg: 0.7, Max: 1.4, Diff: 1.0, Sum: 6.9]
      [Update RS (ms): Min: 0.4, Avg: 0.9, Max: 1.1, Diff: 0.6, Sum: 8.8]
         [Processed Buffers: Min: 1, Avg: 5.7, Max: 14, Diff: 13, Sum: 57]
      [Scan RS (ms): Min: 0.0, Avg: 0.0, Max: 0.0, Diff: 0.0, Sum: 0.1]
      [Code Root Scanning (ms): Min: 0.0, Avg: 0.0, Max: 0.0, Diff: 0.0, Sum: 0.0]
      [Object Copy (ms): Min: 0.0, Avg: 0.2, Max: 0.3, Diff: 0.3, Sum: 1.5]
      [Termination (ms): Min: 0.0, Avg: 0.1, Max: 0.2, Diff: 0.2, Sum: 1.0]
         [Termination Attempts: Min: 1, Avg: 1.8, Max: 4, Diff: 3, Sum: 18]
      [GC Worker Other (ms): Min: 0.0, Avg: 0.0, Max: 0.0, Diff: 0.0, Sum: 0.1]
      [GC Worker Total (ms): Min: 1.6, Avg: 1.8, Max: 2.2, Diff: 0.5, Sum: 18.4]
      [GC Worker End (ms): Min: 387903312.4, Avg: 387903312.4, Max: 387903312.4, Diff: 0.0]
   [Code Root Fixup: 0.0 ms]
   [Code Root Purge: 0.0 ms]
   [String Dedup Fixup: 2.5 ms, GC Workers: 10]
      [Queue Fixup (ms): Min: 0.0, Avg: 0.0, Max: 0.0, Diff: 0.0, Sum: 0.0]
      [Table Fixup (ms): Min: 1.6, Avg: 1.7, Max: 1.9, Diff: 0.2, Sum: 17.2]
   [Clear CT: 0.9 ms]
   [Other: 1.4 ms]
      [Choose CSet: 0.0 ms]
      [Ref Proc: 0.4 ms]
      [Ref Enq: 0.0 ms]
      [Redirty Cards: 0.8 ms]
      [Humongous Register: 0.0 ms]
      [Humongous Reclaim: 0.0 ms]
      [Free CSet: 0.0 ms]
   [Eden: 50176.0K(50176.0K)->0.0B(50176.0K) Survivors: 1024.0K->1024.0K Heap: 236.5M(267.0M)->187.4M(267.0M)]
 [Times: user=0.00 sys=0.00, real=0.01 secs] 
2020-12-17T23:11:36.747+0530: 387903.317: [GC concurrent-string-deduplication, 264.0B->264.0B(0.0B), avg 59.8%, 0.0000093 secs]
   [Last Exec: 0.0000093 secs, Idle: 300.3210024 secs, Blocked: 0/0.0000000 secs]
      [Inspected:              21]
         [Skipped:              0(  0.0%)]
         [Hashed:               1(  4.8%)]
         [Known:               20( 95.2%)]
         [New:                  1(  4.8%)    264.0B]
      [Deduplicated:            0(  0.0%)      0.0B(  0.0%)]
         [Young:                0(  0.0%)      0.0B(  0.0%)]
         [Old:                  0(  0.0%)      0.0B(  0.0%)]
   [Total Exec: 1553/0.8596823 secs, Idle: 1553/387901.9714869 secs, Blocked: 130/0.0925528 secs]
      [Inspected:         2903685]
         [Skipped:              0(  0.0%)]
         [Hashed:         1197318( 41.2%)]
         [Known:           187379(  6.5%)]
         [New:            2716306( 93.5%)    211.5M]
      [Deduplicated:      1903697( 70.1%)    126.5M( 59.8%)]
         [Young:           783835( 41.2%)  61624.4K( 47.6%)]
         [Old:            1119862( 58.8%)  67957.2K( 52.4%)]
   [Table]
      [Memory Usage: 8332.5K]
      [Size: 262144, Min: 1024, Max: 16777216]
      [Entries: 263820, Load: 100.6%, Cached: 4318, Added: 973896, Removed: 710076]
      [Resize Count: 8, Shrink Threshold: 174762(66.7%), Grow Threshold: 524288(200.0%)]
      [Rehash Count: 0, Rehash Threshold: 120, Hash Seed: 0x0]
      [Age Threshold: 3]
   [Queue]
      [Dropped: 0]
[GC concurrent-string-deduplication, deleted 0 entries, 0.0000007 secs]
2020-12-17T23:18:12.019+0530: 388298.589: [GC pause (G1 Evacuation Pause) (young) (initial-mark), 0.0181862 secs]
   [Parallel Time: 10.3 ms, GC Workers: 10]
      [GC Worker Start (ms): Min: 388298589.7, Avg: 388298590.4, Max: 388298591.0, Diff: 1.3]
      [Ext Root Scanning (ms): Min: 5.2, Avg: 6.0, Max: 6.7, Diff: 1.5, Sum: 59.8]
      [Update RS (ms): Min: 1.3, Avg: 1.7, Max: 2.4, Diff: 1.1, Sum: 16.5]
         [Processed Buffers: Min: 1, Avg: 5.5, Max: 22, Diff: 21, Sum: 55]
      [Scan RS (ms): Min: 0.0, Avg: 0.0, Max: 0.0, Diff: 0.0, Sum: 0.1]
      [Code Root Scanning (ms): Min: 0.0, Avg: 0.0, Max: 0.0, Diff: 0.0, Sum: 0.0]
      [Object Copy (ms): Min: 0.0, Avg: 0.6, Max: 0.9, Diff: 0.9, Sum: 6.3]
      [Termination (ms): Min: 0.0, Avg: 0.2, Max: 0.3, Diff: 0.3, Sum: 2.0]
         [Termination Attempts: Min: 1, Avg: 1.1, Max: 2, Diff: 1, Sum: 11]
      [GC Worker Other (ms): Min: 0.0, Avg: 0.0, Max: 0.1, Diff: 0.0, Sum: 0.4]
      [GC Worker Total (ms): Min: 7.9, Avg: 8.5, Max: 9.2, Diff: 1.3, Sum: 85.2]
      [GC Worker End (ms): Min: 388298598.9, Avg: 388298598.9, Max: 388298598.9, Diff: 0.1]
   [Code Root Fixup: 0.0 ms]
   [Code Root Purge: 0.0 ms]
   [String Dedup Fixup: 3.8 ms, GC Workers: 10]
      [Queue Fixup (ms): Min: 0.0, Avg: 0.0, Max: 0.0, Diff: 0.0, Sum: 0.0]
      [Table Fixup (ms): Min: 2.5, Avg: 2.7, Max: 3.0, Diff: 0.4, Sum: 27.1]
   [Clear CT: 1.3 ms]
   [Other: 2.7 ms]
      [Choose CSet: 0.0 ms]
      [Ref Proc: 1.3 ms]
      [Ref Enq: 0.0 ms]
      [Redirty Cards: 1.1 ms]
      [Humongous Register: 0.0 ms]
      [Humongous Reclaim: 0.0 ms]
      [Free CSet: 0.0 ms]
   [Eden: 50176.0K(50176.0K)->0.0B(50176.0K) Survivors: 1024.0K->1024.0K Heap: 236.4M(267.0M)->187.4M(267.0M)]
 [Times: user=0.16 sys=0.00, real=0.02 secs] 
2020-12-17T23:18:12.037+0530: 388298.608: [GC concurrent-root-region-scan-start]
2020-12-17T23:18:12.040+0530: 388298.611: [GC concurrent-root-region-scan-end, 0.0031058 secs]
2020-12-17T23:18:12.040+0530: 388298.611: [GC concurrent-mark-start]
2020-12-17T23:18:12.144+0530: 388298.715: [GC concurrent-mark-end, 0.1040228 secs]
2020-12-17T23:18:12.144+0530: 388298.715: [GC remark 2020-12-17T23:18:12.144+0530: 388298.715: [Finalize Marking, 0.0006438 secs] 2020-12-17T23:18:12.145+0530: 388298.716: [GC ref-proc, 0.0006276 secs] 2020-12-17T23:18:12.146+0530: 388298.717: [Unloading, 0.0222274 secs], 0.0246165 secs]
 [Times: user=0.16 sys=0.00, real=0.02 secs] 
2020-12-17T23:18:12.169+0530: 388298.741: [GC cleanup 201M->201M(267M), 0.0039827 secs]
 [Times: user=0.06 sys=0.00, real=0.01 secs] 
2020-12-17T23:21:57.469+0530: 388524.039: [GC pause (G1 Evacuation Pause) (young), 0.0098962 secs]
   [Parallel Time: 2.5 ms, GC Workers: 10]
      [GC Worker Start (ms): Min: 388524039.3, Avg: 388524039.5, Max: 388524039.6, Diff: 0.3]
      [Ext Root Scanning (ms): Min: 0.5, Avg: 0.8, Max: 1.7, Diff: 1.2, Sum: 7.5]
      [Update RS (ms): Min: 0.0, Avg: 0.5, Max: 0.8, Diff: 0.8, Sum: 5.0]
         [Processed Buffers: Min: 0, Avg: 5.6, Max: 20, Diff: 20, Sum: 56]
      [Scan RS (ms): Min: 0.0, Avg: 0.0, Max: 0.0, Diff: 0.0, Sum: 0.1]
      [Code Root Scanning (ms): Min: 0.0, Avg: 0.0, Max: 0.0, Diff: 0.0, Sum: 0.0]
      [Object Copy (ms): Min: 0.0, Avg: 0.2, Max: 0.3, Diff: 0.3, Sum: 1.7]
      [Termination (ms): Min: 0.0, Avg: 0.2, Max: 0.3, Diff: 0.3, Sum: 2.2]
         [Termination Attempts: Min: 1, Avg: 1.1, Max: 2, Diff: 1, Sum: 11]
      [GC Worker Other (ms): Min: 0.0, Avg: 0.0, Max: 0.0, Diff: 0.0, Sum: 0.1]
      [GC Worker Total (ms): Min: 1.6, Avg: 1.7, Max: 1.9, Diff: 0.3, Sum: 16.6]
      [GC Worker End (ms): Min: 388524041.2, Avg: 388524041.2, Max: 388524041.2, Diff: 0.0]
   [Code Root Fixup: 0.0 ms]
   [Code Root Purge: 0.0 ms]
   [String Dedup Fixup: 2.1 ms, GC Workers: 10]
      [Queue Fixup (ms): Min: 0.0, Avg: 0.0, Max: 0.0, Diff: 0.0, Sum: 0.0]
      [Table Fixup (ms): Min: 1.7, Avg: 1.8, Max: 2.0, Diff: 0.3, Sum: 18.0]
   [Clear CT: 1.0 ms]
   [Other: 4.2 ms]
      [Choose CSet: 0.0 ms]
      [Ref Proc: 3.6 ms]
      [Ref Enq: 0.0 ms]
      [Redirty Cards: 0.4 ms]
      [Humongous Register: 0.0 ms]
      [Humongous Reclaim: 0.0 ms]
      [Free CSet: 0.1 ms]
   [Eden: 50176.0K(50176.0K)->0.0B(46080.0K) Survivors: 1024.0K->3072.0K Heap: 236.4M(267.0M)->189.9M(267.0M)]
 [Times: user=0.00 sys=0.00, real=0.01 secs] 
2020-12-17T23:21:57.478+0530: 388524.049: [GC concurrent-string-deduplication, 416.0B->416.0B(0.0B), avg 59.8%, 0.0000057 secs]
   [Last Exec: 0.0000057 secs, Idle: 620.7319113 secs, Blocked: 0/0.0000000 secs]
      [Inspected:               6]
         [Skipped:              0(  0.0%)]
         [Hashed:               1( 16.7%)]
         [Known:                2( 33.3%)]
         [New:                  4( 66.7%)    416.0B]
      [Deduplicated:            0(  0.0%)      0.0B(  0.0%)]
         [Young:                0(  0.0%)      0.0B(  0.0%)]
         [Old:                  0(  0.0%)      0.0B(  0.0%)]
   [Total Exec: 1554/0.8596880 secs, Idle: 1554/388522.7033982 secs, Blocked: 130/0.0925528 secs]
      [Inspected:         2903691]
         [Skipped:              0(  0.0%)]
         [Hashed:         1197319( 41.2%)]
         [Known:           187381(  6.5%)]
         [New:            2716310( 93.5%)    211.6M]
      [Deduplicated:      1903697( 70.1%)    126.5M( 59.8%)]
         [Young:           783835( 41.2%)  61624.4K( 47.6%)]
         [Old:            1119862( 58.8%)  67957.2K( 52.4%)]
   [Table]
      [Memory Usage: 8332.5K]
      [Size: 262144, Min: 1024, Max: 16777216]
      [Entries: 263810, Load: 100.6%, Cached: 4328, Added: 973900, Removed: 710090]
      [Resize Count: 8, Shrink Threshold: 174762(66.7%), Grow Threshold: 524288(200.0%)]
      [Rehash Count: 0, Rehash Threshold: 120, Hash Seed: 0x0]
      [Age Threshold: 3]
   [Queue]
      [Dropped: 0]
[GC concurrent-string-deduplication, deleted 0 entries, 0.0000006 secs]
2020-12-17T23:27:31.373+0530: 388857.944: [GC pause (G1 Evacuation Pause) (young), 0.0099545 secs]
   [Parallel Time: 5.5 ms, GC Workers: 10]
      [GC Worker Start (ms): Min: 388857944.6, Avg: 388857944.9, Max: 388857945.2, Diff: 0.7]
      [Ext Root Scanning (ms): Min: 3.9, Avg: 4.3, Max: 4.6, Diff: 0.7, Sum: 43.3]
      [Update RS (ms): Min: 0.2, Avg: 0.4, Max: 0.7, Diff: 0.5, Sum: 4.3]
         [Processed Buffers: Min: 2, Avg: 5.4, Max: 16, Diff: 14, Sum: 54]
      [Scan RS (ms): Min: 0.0, Avg: 0.0, Max: 0.0, Diff: 0.0, Sum: 0.0]
      [Code Root Scanning (ms): Min: 0.0, Avg: 0.0, Max: 0.0, Diff: 0.0, Sum: 0.0]
      [Object Copy (ms): Min: 0.1, Avg: 0.2, Max: 0.3, Diff: 0.1, Sum: 1.7]
      [Termination (ms): Min: 0.0, Avg: 0.2, Max: 0.2, Diff: 0.2, Sum: 1.9]
         [Termination Attempts: Min: 1, Avg: 1.0, Max: 1, Diff: 0, Sum: 10]
      [GC Worker Other (ms): Min: 0.0, Avg: 0.0, Max: 0.0, Diff: 0.0, Sum: 0.1]
      [GC Worker Total (ms): Min: 4.8, Avg: 5.1, Max: 5.4, Diff: 0.7, Sum: 51.2]
      [GC Worker End (ms): Min: 388857950.0, Avg: 388857950.0, Max: 388857950.0, Diff: 0.0]
   [Code Root Fixup: 0.0 ms]
   [Code Root Purge: 0.0 ms]
   [String Dedup Fixup: 2.3 ms, GC Workers: 10]
      [Queue Fixup (ms): Min: 0.0, Avg: 0.0, Max: 0.0, Diff: 0.0, Sum: 0.0]
      [Table Fixup (ms): Min: 1.6, Avg: 1.7, Max: 1.9, Diff: 0.3, Sum: 17.3]
   [Clear CT: 0.8 ms]
   [Other: 1.3 ms]
      [Choose CSet: 0.0 ms]
      [Ref Proc: 0.4 ms]
      [Ref Enq: 0.0 ms]
      [Redirty Cards: 0.7 ms]
      [Humongous Register: 0.0 ms]
      [Humongous Reclaim: 0.0 ms]
      [Free CSet: 0.0 ms]
   [Eden: 46080.0K(46080.0K)->0.0B(50176.0K) Survivors: 3072.0K->1024.0K Heap: 234.9M(267.0M)->187.6M(267.0M)]
 [Times: user=0.01 sys=0.00, real=0.01 secs] 
2020-12-17T23:27:31.383+0530: 388857.955: [GC concurrent-string-deduplication, 1392.0B->816.0B(576.0B), avg 59.8%, 0.0000097 secs]
   [Last Exec: 0.0000097 secs, Idle: 333.9052592 secs, Blocked: 0/0.0000000 secs]
      [Inspected:              25]
         [Skipped:              0(  0.0%)]
         [Hashed:              22( 88.0%)]
         [Known:                0(  0.0%)]
         [New:                 25(100.0%)   1392.0B]
      [Deduplicated:           18( 72.0%)    576.0B( 41.4%)]
         [Young:               18(100.0%)    576.0B(100.0%)]
         [Old:                  0(  0.0%)      0.0B(  0.0%)]
   [Total Exec: 1555/0.8596977 secs, Idle: 1555/388856.6086574 secs, Blocked: 130/0.0925528 secs]
      [Inspected:         2903716]
         [Skipped:              0(  0.0%)]
         [Hashed:         1197341( 41.2%)]
         [Known:           187381(  6.5%)]
         [New:            2716335( 93.5%)    211.6M]
      [Deduplicated:      1903715( 70.1%)    126.5M( 59.8%)]
         [Young:           783853( 41.2%)  61625.0K( 47.6%)]
         [Old:            1119862( 58.8%)  67957.2K( 52.4%)]
   [Table]
      [Memory Usage: 8332.5K]
      [Size: 262144, Min: 1024, Max: 16777216]
      [Entries: 263817, Load: 100.6%, Cached: 4321, Added: 973907, Removed: 710090]
      [Resize Count: 8, Shrink Threshold: 174762(66.7%), Grow Threshold: 524288(200.0%)]
      [Rehash Count: 0, Rehash Threshold: 120, Hash Seed: 0x0]
      [Age Threshold: 3]
   [Queue]
      [Dropped: 0]
[GC concurrent-string-deduplication, deleted 0 entries, 0.0000006 secs]
2020-12-17T23:36:29.813+0530: 389396.385: [GC pause (G1 Evacuation Pause) (young) (initial-mark), 0.0088521 secs]
   [Parallel Time: 3.9 ms, GC Workers: 10]
      [GC Worker Start (ms): Min: 389396384.8, Avg: 389396385.1, Max: 389396385.3, Diff: 0.5]
      [Ext Root Scanning (ms): Min: 1.5, Avg: 1.9, Max: 2.2, Diff: 0.7, Sum: 18.9]
      [Update RS (ms): Min: 0.4, Avg: 0.6, Max: 0.8, Diff: 0.4, Sum: 5.5]
         [Processed Buffers: Min: 1, Avg: 5.6, Max: 14, Diff: 13, Sum: 56]
      [Scan RS (ms): Min: 0.0, Avg: 0.0, Max: 0.0, Diff: 0.0, Sum: 0.1]
      [Code Root Scanning (ms): Min: 0.0, Avg: 0.0, Max: 0.0, Diff: 0.0, Sum: 0.0]
      [Object Copy (ms): Min: 0.2, Avg: 0.3, Max: 0.3, Diff: 0.2, Sum: 2.6]
      [Termination (ms): Min: 0.0, Avg: 0.2, Max: 0.3, Diff: 0.3, Sum: 2.4]
         [Termination Attempts: Min: 1, Avg: 1.1, Max: 2, Diff: 1, Sum: 11]
      [GC Worker Other (ms): Min: 0.0, Avg: 0.0, Max: 0.0, Diff: 0.0, Sum: 0.1]
      [GC Worker Total (ms): Min: 2.8, Avg: 3.0, Max: 3.3, Diff: 0.5, Sum: 29.6]
      [GC Worker End (ms): Min: 389396388.1, Avg: 389396388.1, Max: 389396388.1, Diff: 0.0]
   [Code Root Fixup: 0.0 ms]
   [Code Root Purge: 0.0 ms]
   [String Dedup Fixup: 2.2 ms, GC Workers: 10]
      [Queue Fixup (ms): Min: 0.0, Avg: 0.0, Max: 0.0, Diff: 0.0, Sum: 0.0]
      [Table Fixup (ms): Min: 1.9, Avg: 2.0, Max: 2.1, Diff: 0.2, Sum: 19.8]
   [Clear CT: 1.3 ms]
   [Other: 1.4 ms]
      [Choose CSet: 0.0 ms]
      [Ref Proc: 0.3 ms]
      [Ref Enq: 0.0 ms]
      [Redirty Cards: 0.8 ms]
      [Humongous Register: 0.0 ms]
      [Humongous Reclaim: 0.0 ms]
      [Free CSet: 0.1 ms]
   [Eden: 50176.0K(50176.0K)->0.0B(50176.0K) Survivors: 1024.0K->1024.0K Heap: 236.6M(267.0M)->187.6M(267.0M)]
 [Times: user=0.00 sys=0.00, real=0.01 secs] 
2020-12-17T23:36:29.823+0530: 389396.394: [GC concurrent-root-region-scan-start]
2020-12-17T23:36:29.823+0530: 389396.394: [GC concurrent-string-deduplication, 6192.0B->4776.0B(1416.0B), avg 59.8%, 0.0000589 secs]
   [Last Exec: 0.0000589 secs, Idle: 538.4390603 secs, Blocked: 0/0.0000000 secs]
      [Inspected:              76]
         [Skipped:              0(  0.0%)]
         [Hashed:              69( 90.8%)]
         [Known:                0(  0.0%)]
         [New:                 76(100.0%)   6192.0B]
      [Deduplicated:           41( 53.9%)   1416.0B( 22.9%)]
         [Young:               41(100.0%)   1416.0B(100.0%)]
         [Old:                  0(  0.0%)      0.0B(  0.0%)]
   [Total Exec: 1556/0.8597566 secs, Idle: 1556/389395.0477177 secs, Blocked: 130/0.0925528 secs]
      [Inspected:         2903792]
         [Skipped:              0(  0.0%)]
         [Hashed:         1197410( 41.2%)]
         [Known:           187381(  6.5%)]
         [New:            2716411( 93.5%)    211.6M]
      [Deduplicated:      1903756( 70.1%)    126.5M( 59.8%)]
         [Young:           783894( 41.2%)  61626.4K( 47.6%)]
         [Old:            1119862( 58.8%)  67957.2K( 52.4%)]
   [Table]
      [Memory Usage: 8332.5K]
      [Size: 262144, Min: 1024, Max: 16777216]
      [Entries: 263852, Load: 100.7%, Cached: 4286, Added: 973942, Removed: 710090]
      [Resize Count: 8, Shrink Threshold: 174762(66.7%), Grow Threshold: 524288(200.0%)]
      [Rehash Count: 0, Rehash Threshold: 120, Hash Seed: 0x0]
      [Age Threshold: 3]
   [Queue]
      [Dropped: 0]
[GC concurrent-string-deduplication, deleted 0 entries, 0.0000006 secs]
2020-12-17T23:36:29.824+0530: 389396.395: [GC concurrent-root-region-scan-end, 0.0017619 secs]
2020-12-17T23:36:29.824+0530: 389396.395: [GC concurrent-mark-start]
2020-12-17T23:36:29.904+0530: 389396.475: [GC concurrent-mark-end, 0.0797745 secs]
2020-12-17T23:36:29.905+0530: 389396.476: [GC remark 2020-12-17T23:36:29.905+0530: 389396.476: [Finalize Marking, 0.0003968 secs] 2020-12-17T23:36:29.905+0530: 389396.476: [GC ref-proc, 0.0005463 secs] 2020-12-17T23:36:29.906+0530: 389396.477: [Unloading, 0.0220076 secs], 0.0238894 secs]
 [Times: user=0.16 sys=0.02, real=0.02 secs] 
2020-12-17T23:36:29.929+0530: 389396.500: [GC cleanup 187M->187M(267M), 0.0027881 secs]
 [Times: user=0.00 sys=0.00, real=0.00 secs] 
2020-12-17T23:41:38.323+0530: 389704.894: [GC pause (G1 Evacuation Pause) (young), 0.0070171 secs]
   [Parallel Time: 2.3 ms, GC Workers: 10]
      [GC Worker Start (ms): Min: 389704894.6, Avg: 389704894.9, Max: 389704895.2, Diff: 0.6]
      [Ext Root Scanning (ms): Min: 0.5, Avg: 0.8, Max: 1.5, Diff: 1.1, Sum: 8.0]
      [Update RS (ms): Min: 0.3, Avg: 0.6, Max: 1.0, Diff: 0.7, Sum: 6.2]
         [Processed Buffers: Min: 1, Avg: 5.9, Max: 12, Diff: 11, Sum: 59]
      [Scan RS (ms): Min: 0.0, Avg: 0.0, Max: 0.0, Diff: 0.0, Sum: 0.0]
      [Code Root Scanning (ms): Min: 0.0, Avg: 0.0, Max: 0.0, Diff: 0.0, Sum: 0.0]
      [Object Copy (ms): Min: 0.0, Avg: 0.2, Max: 0.3, Diff: 0.3, Sum: 1.7]
      [Termination (ms): Min: 0.0, Avg: 0.2, Max: 0.3, Diff: 0.3, Sum: 2.3]
         [Termination Attempts: Min: 1, Avg: 1.0, Max: 1, Diff: 0, Sum: 10]
      [GC Worker Other (ms): Min: 0.0, Avg: 0.0, Max: 0.0, Diff: 0.0, Sum: 0.1]
      [GC Worker Total (ms): Min: 1.6, Avg: 1.8, Max: 2.2, Diff: 0.6, Sum: 18.3]
      [GC Worker End (ms): Min: 389704896.7, Avg: 389704896.7, Max: 389704896.7, Diff: 0.0]
   [Code Root Fixup: 0.0 ms]
   [Code Root Purge: 0.0 ms]
   [String Dedup Fixup: 2.5 ms, GC Workers: 10]
      [Queue Fixup (ms): Min: 0.0, Avg: 0.0, Max: 0.0, Diff: 0.0, Sum: 0.0]
      [Table Fixup (ms): Min: 1.7, Avg: 1.8, Max: 2.0, Diff: 0.3, Sum: 18.0]
   [Clear CT: 0.8 ms]
   [Other: 1.4 ms]
      [Choose CSet: 0.0 ms]
      [Ref Proc: 0.6 ms]
      [Ref Enq: 0.0 ms]
      [Redirty Cards: 0.6 ms]
      [Humongous Register: 0.0 ms]
      [Humongous Reclaim: 0.0 ms]
      [Free CSet: 0.0 ms]
   [Eden: 50176.0K(50176.0K)->0.0B(50176.0K) Survivors: 1024.0K->1024.0K Heap: 236.6M(267.0M)->187.7M(267.0M)]
 [Times: user=0.16 sys=0.00, real=0.01 secs] 
2020-12-17T23:41:38.331+0530: 389704.902: [GC concurrent-string-deduplication, 264.0B->264.0B(0.0B), avg 59.8%, 0.0000036 secs]
   [Last Exec: 0.0000036 secs, Idle: 308.5078343 secs, Blocked: 0/0.0000000 secs]
      [Inspected:               1]
         [Skipped:              0(  0.0%)]
         [Hashed:               1(100.0%)]
         [Known:                0(  0.0%)]
         [New:                  1(100.0%)    264.0B]
      [Deduplicated:            0(  0.0%)      0.0B(  0.0%)]
         [Young:                0(  0.0%)      0.0B(  0.0%)]
         [Old:                  0(  0.0%)      0.0B(  0.0%)]
   [Total Exec: 1557/0.8597602 secs, Idle: 1557/389703.5555520 secs, Blocked: 130/0.0925528 secs]
      [Inspected:         2903793]
         [Skipped:              0(  0.0%)]
         [Hashed:         1197411( 41.2%)]
         [Known:           187381(  6.5%)]
         [New:            2716412( 93.5%)    211.6M]
      [Deduplicated:      1903756( 70.1%)    126.5M( 59.8%)]
         [Young:           783894( 41.2%)  61626.4K( 47.6%)]
         [Old:            1119862( 58.8%)  67957.2K( 52.4%)]
   [Table]
      [Memory Usage: 8332.5K]
      [Size: 262144, Min: 1024, Max: 16777216]
      [Entries: 263833, Load: 100.6%, Cached: 4305, Added: 973957, Removed: 710124]
      [Resize Count: 8, Shrink Threshold: 174762(66.7%), Grow Threshold: 524288(200.0%)]
      [Rehash Count: 0, Rehash Threshold: 120, Hash Seed: 0x0]
      [Age Threshold: 3]
   [Queue]
      [Dropped: 0]
[GC concurrent-string-deduplication, deleted 0 entries, 0.0000007 secs]
2020-12-17T23:46:38.575+0530: 390005.146: [GC pause (G1 Evacuation Pause) (young), 0.0090312 secs]
   [Parallel Time: 4.2 ms, GC Workers: 10]
      [GC Worker Start (ms): Min: 390005146.2, Avg: 390005149.4, Max: 390005150.3, Diff: 4.1]
      [Ext Root Scanning (ms): Min: 0.0, Avg: 0.5, Max: 2.4, Diff: 2.4, Sum: 4.7]
      [Update RS (ms): Min: 0.0, Avg: 0.3, Max: 1.6, Diff: 1.6, Sum: 3.1]
         [Processed Buffers: Min: 0, Avg: 4.9, Max: 22, Diff: 22, Sum: 49]
      [Scan RS (ms): Min: 0.0, Avg: 0.0, Max: 0.0, Diff: 0.0, Sum: 0.0]
      [Code Root Scanning (ms): Min: 0.0, Avg: 0.0, Max: 0.0, Diff: 0.0, Sum: 0.0]
      [Object Copy (ms): Min: 0.0, Avg: 0.1, Max: 0.3, Diff: 0.3, Sum: 1.3]
      [Termination (ms): Min: 0.0, Avg: 0.1, Max: 0.1, Diff: 0.1, Sum: 0.6]
         [Termination Attempts: Min: 1, Avg: 1.0, Max: 1, Diff: 0, Sum: 10]
      [GC Worker Other (ms): Min: 0.0, Avg: 0.0, Max: 0.0, Diff: 0.0, Sum: 0.1]
      [GC Worker Total (ms): Min: 0.1, Avg: 1.0, Max: 4.2, Diff: 4.1, Sum: 9.9]
      [GC Worker End (ms): Min: 390005150.4, Avg: 390005150.4, Max: 390005150.4, Diff: 0.0]
   [Code Root Fixup: 0.0 ms]
   [Code Root Purge: 0.0 ms]
   [String Dedup Fixup: 2.4 ms, GC Workers: 10]
      [Queue Fixup (ms): Min: 0.0, Avg: 0.0, Max: 0.0, Diff: 0.0, Sum: 0.0]
      [Table Fixup (ms): Min: 1.7, Avg: 1.8, Max: 1.9, Diff: 0.2, Sum: 17.7]
   [Clear CT: 0.8 ms]
   [Other: 1.6 ms]
      [Choose CSet: 0.0 ms]
      [Ref Proc: 0.7 ms]
      [Ref Enq: 0.0 ms]
      [Redirty Cards: 0.8 ms]
      [Humongous Register: 0.0 ms]
      [Humongous Reclaim: 0.0 ms]
      [Free CSet: 0.0 ms]
   [Eden: 50176.0K(50176.0K)->0.0B(50176.0K) Survivors: 1024.0K->1024.0K Heap: 236.7M(267.0M)->187.6M(267.0M)]
 [Times: user=0.03 sys=0.00, real=0.01 secs] 
2020-12-17T23:46:38.585+0530: 390005.155: [GC concurrent-string-deduplication, 528.0B->528.0B(0.0B), avg 59.8%, 0.0000029 secs]
   [Last Exec: 0.0000029 secs, Idle: 300.2536598 secs, Blocked: 0/0.0000000 secs]
      [Inspected:               2]
         [Skipped:              0(  0.0%)]
         [Hashed:               2(100.0%)]
         [Known:                0(  0.0%)]
         [New:                  2(100.0%)    528.0B]
      [Deduplicated:            0(  0.0%)      0.0B(  0.0%)]
         [Young:                0(  0.0%)      0.0B(  0.0%)]
         [Old:                  0(  0.0%)      0.0B(  0.0%)]
   [Total Exec: 1558/0.8597631 secs, Idle: 1558/390003.8092118 secs, Blocked: 130/0.0925528 secs]
      [Inspected:         2903795]
         [Skipped:              0(  0.0%)]
         [Hashed:         1197413( 41.2%)]
         [Known:           187381(  6.5%)]
         [New:            2716414( 93.5%)    211.6M]
      [Deduplicated:      1903756( 70.1%)    126.5M( 59.8%)]
         [Young:           783894( 41.2%)  61626.4K( 47.6%)]
         [Old:            1119862( 58.8%)  67957.2K( 52.4%)]
   [Table]
      [Memory Usage: 8332.5K]
      [Size: 262144, Min: 1024, Max: 16777216]
      [Entries: 263804, Load: 100.6%, Cached: 4334, Added: 973970, Removed: 710166]
      [Resize Count: 8, Shrink Threshold: 174762(66.7%), Grow Threshold: 524288(200.0%)]
      [Rehash Count: 0, Rehash Threshold: 120, Hash Seed: 0x0]
      [Age Threshold: 3]
   [Queue]
      [Dropped: 0]
[GC concurrent-string-deduplication, deleted 0 entries, 0.0000010 secs]
2020-12-17T23:51:38.831+0530: 390305.402: [GC pause (G1 Evacuation Pause) (young) (initial-mark), 0.0088918 secs]
   [Parallel Time: 3.2 ms, GC Workers: 10]
      [GC Worker Start (ms): Min: 390305401.9, Avg: 390305402.1, Max: 390305402.3, Diff: 0.3]
      [Ext Root Scanning (ms): Min: 1.5, Avg: 1.7, Max: 1.9, Diff: 0.4, Sum: 16.6]
      [Update RS (ms): Min: 0.3, Avg: 0.5, Max: 0.7, Diff: 0.4, Sum: 4.6]
         [Processed Buffers: Min: 1, Avg: 5.8, Max: 17, Diff: 16, Sum: 58]
      [Scan RS (ms): Min: 0.0, Avg: 0.0, Max: 0.0, Diff: 0.0, Sum: 0.0]
      [Code Root Scanning (ms): Min: 0.0, Avg: 0.0, Max: 0.0, Diff: 0.0, Sum: 0.0]
      [Object Copy (ms): Min: 0.1, Avg: 0.2, Max: 0.4, Diff: 0.3, Sum: 2.4]
      [Termination (ms): Min: 0.0, Avg: 0.1, Max: 0.2, Diff: 0.2, Sum: 1.5]
         [Termination Attempts: Min: 1, Avg: 1.0, Max: 1, Diff: 0, Sum: 10]
      [GC Worker Other (ms): Min: 0.0, Avg: 0.0, Max: 0.0, Diff: 0.0, Sum: 0.1]
      [GC Worker Total (ms): Min: 2.4, Avg: 2.5, Max: 2.7, Diff: 0.3, Sum: 25.1]
      [GC Worker End (ms): Min: 390305404.6, Avg: 390305404.6, Max: 390305404.7, Diff: 0.0]
   [Code Root Fixup: 0.0 ms]
   [Code Root Purge: 0.0 ms]
   [String Dedup Fixup: 3.0 ms, GC Workers: 10]
      [Queue Fixup (ms): Min: 0.0, Avg: 0.0, Max: 0.0, Diff: 0.0, Sum: 0.0]
      [Table Fixup (ms): Min: 2.3, Avg: 2.4, Max: 2.5, Diff: 0.2, Sum: 23.7]
   [Clear CT: 0.8 ms]
   [Other: 1.9 ms]
      [Choose CSet: 0.0 ms]
      [Ref Proc: 0.9 ms]
      [Ref Enq: 0.0 ms]
      [Redirty Cards: 0.7 ms]
      [Humongous Register: 0.0 ms]
      [Humongous Reclaim: 0.0 ms]
      [Free CSet: 0.1 ms]
   [Eden: 50176.0K(50176.0K)->0.0B(50176.0K) Survivors: 1024.0K->1024.0K Heap: 236.6M(267.0M)->188.1M(267.0M)]
 [Times: user=0.00 sys=0.00, real=0.01 secs] 
2020-12-17T23:51:38.840+0530: 390305.411: [GC concurrent-string-deduplication, 264.0B->264.0B(0.0B), avg 59.8%, 0.0000102 secs]
   [Last Exec: 0.0000102 secs, Idle: 300.2554693 secs, Blocked: 0/0.0000000 secs]
2020-12-17T23:51:38.840+0530: 390305.411: [GC concurrent-root-region-scan-start]
      [Inspected:              16]
         [Skipped:              0(  0.0%)]
         [Hashed:               1(  6.3%)]
         [Known:               15( 93.8%)]
         [New:                  1(  6.3%)    264.0B]
      [Deduplicated:            0(  0.0%)      0.0B(  0.0%)]
         [Young:                0(  0.0%)      0.0B(  0.0%)]
         [Old:                  0(  0.0%)      0.0B(  0.0%)]
   [Total Exec: 1559/0.8597733 secs, Idle: 1559/390304.0646811 secs, Blocked: 130/0.0925528 secs]
      [Inspected:         2903811]
         [Skipped:              0(  0.0%)]
         [Hashed:         1197414( 41.2%)]
         [Known:           187396(  6.5%)]
         [New:            2716415( 93.5%)    211.6M]
      [Deduplicated:      1903756( 70.1%)    126.5M( 59.8%)]
         [Young:           783894( 41.2%)  61626.4K( 47.6%)]
         [Old:            1119862( 58.8%)  67957.2K( 52.4%)]
   [Table]
      [Memory Usage: 8332.5K]
      [Size: 262144, Min: 1024, Max: 16777216]
      [Entries: 263807, Load: 100.6%, Cached: 4331, Added: 973973, Removed: 710166]
      [Resize Count: 8, Shrink Threshold: 174762(66.7%), Grow Threshold: 524288(200.0%)]
      [Rehash Count: 0, Rehash Threshold: 120, Hash Seed: 0x0]
      [Age Threshold: 3]
   [Queue]
      [Dropped: 0]
[GC concurrent-string-deduplication, deleted 0 entries, 0.0000008 secs]
2020-12-17T23:51:38.842+0530: 390305.413: [GC concurrent-root-region-scan-end, 0.0020563 secs]
2020-12-17T23:51:38.842+0530: 390305.413: [GC concurrent-mark-start]
2020-12-17T23:51:38.923+0530: 390305.493: [GC concurrent-mark-end, 0.0802791 secs]
2020-12-17T23:51:38.923+0530: 390305.494: [GC remark 2020-12-17T23:51:38.923+0530: 390305.494: [Finalize Marking, 0.0008202 secs] 2020-12-17T23:51:38.924+0530: 390305.495: [GC ref-proc, 0.0005341 secs] 2020-12-17T23:51:38.925+0530: 390305.495: [Unloading, 0.0210882 secs], 0.0232626 secs]
 [Times: user=0.16 sys=0.00, real=0.02 secs] 
2020-12-17T23:51:38.947+0530: 390305.518: [GC cleanup 199M->199M(267M), 0.0031292 secs]
 [Times: user=0.00 sys=0.00, real=0.00 secs] 
2020-12-17T23:56:39.094+0530: 390605.664: [GC pause (G1 Evacuation Pause) (young), 0.0066971 secs]
   [Parallel Time: 1.7 ms, GC Workers: 10]
      [GC Worker Start (ms): Min: 390605664.3, Avg: 390605664.5, Max: 390605664.6, Diff: 0.3]
      [Ext Root Scanning (ms): Min: 0.5, Avg: 0.7, Max: 1.3, Diff: 0.8, Sum: 6.8]
      [Update RS (ms): Min: 0.0, Avg: 0.4, Max: 0.7, Diff: 0.7, Sum: 4.3]
         [Processed Buffers: Min: 1, Avg: 5.2, Max: 17, Diff: 16, Sum: 52]
      [Scan RS (ms): Min: 0.0, Avg: 0.0, Max: 0.0, Diff: 0.0, Sum: 0.0]
      [Code Root Scanning (ms): Min: 0.0, Avg: 0.0, Max: 0.0, Diff: 0.0, Sum: 0.0]
      [Object Copy (ms): Min: 0.1, Avg: 0.1, Max: 0.2, Diff: 0.1, Sum: 1.3]
      [Termination (ms): Min: 0.0, Avg: 0.2, Max: 0.2, Diff: 0.2, Sum: 2.0]
         [Termination Attempts: Min: 1, Avg: 1.0, Max: 1, Diff: 0, Sum: 10]
      [GC Worker Other (ms): Min: 0.0, Avg: 0.0, Max: 0.0, Diff: 0.0, Sum: 0.1]
      [GC Worker Total (ms): Min: 1.3, Avg: 1.5, Max: 1.6, Diff: 0.3, Sum: 14.5]
      [GC Worker End (ms): Min: 390605665.9, Avg: 390605665.9, Max: 390605665.9, Diff: 0.0]
   [Code Root Fixup: 0.0 ms]
   [Code Root Purge: 0.0 ms]
   [String Dedup Fixup: 2.7 ms, GC Workers: 10]
      [Queue Fixup (ms): Min: 0.0, Avg: 0.0, Max: 0.0, Diff: 0.0, Sum: 0.0]
      [Table Fixup (ms): Min: 1.7, Avg: 2.1, Max: 2.3, Diff: 0.5, Sum: 20.5]
   [Clear CT: 0.8 ms]
   [Other: 1.6 ms]
      [Choose CSet: 0.0 ms]
      [Ref Proc: 0.7 ms]
      [Ref Enq: 0.0 ms]
      [Redirty Cards: 0.7 ms]
      [Humongous Register: 0.0 ms]
      [Humongous Reclaim: 0.0 ms]
      [Free CSet: 0.0 ms]
   [Eden: 50176.0K(50176.0K)->0.0B(50176.0K) Survivors: 1024.0K->1024.0K Heap: 237.1M(267.0M)->187.6M(267.0M)]
 [Times: user=0.00 sys=0.00, real=0.01 secs] 
2020-12-17T23:56:39.101+0530: 390605.671: [GC concurrent-string-deduplication, 416.0B->416.0B(0.0B), avg 59.8%, 0.0000092 secs]
   [Last Exec: 0.0000092 secs, Idle: 300.2601686 secs, Blocked: 0/0.0000000 secs]
      [Inspected:              16]
         [Skipped:              0(  0.0%)]
         [Hashed:               1(  6.3%)]
         [Known:               12( 75.0%)]
         [New:                  4( 25.0%)    416.0B]
      [Deduplicated:            0(  0.0%)      0.0B(  0.0%)]
         [Young:                0(  0.0%)      0.0B(  0.0%)]
         [Old:                  0(  0.0%)      0.0B(  0.0%)]
   [Total Exec: 1560/0.8597825 secs, Idle: 1560/390604.3248497 secs, Blocked: 130/0.0925528 secs]
      [Inspected:         2903827]
         [Skipped:              0(  0.0%)]
         [Hashed:         1197415( 41.2%)]
         [Known:           187408(  6.5%)]
         [New:            2716419( 93.5%)    211.6M]
      [Deduplicated:      1903756( 70.1%)    126.5M( 59.8%)]
         [Young:           783894( 41.2%)  61626.4K( 47.6%)]
         [Old:            1119862( 58.8%)  67957.2K( 52.4%)]
   [Table]
      [Memory Usage: 8332.5K]
      [Size: 262144, Min: 1024, Max: 16777216]
      [Entries: 263766, Load: 100.6%, Cached: 4372, Added: 974016, Removed: 710250]
      [Resize Count: 8, Shrink Threshold: 174762(66.7%), Grow Threshold: 524288(200.0%)]
      [Rehash Count: 0, Rehash Threshold: 120, Hash Seed: 0x0]
      [Age Threshold: 3]
   [Queue]
      [Dropped: 0]
[GC concurrent-string-deduplication, deleted 0 entries, 0.0000006 secs]
2020-12-18T00:00:00.218+0530: 390806.788: [GC pause (G1 Humongous Allocation) (young) (initial-mark), 0.0088740 secs]
   [Parallel Time: 3.9 ms, GC Workers: 10]
      [GC Worker Start (ms): Min: 390806788.7, Avg: 390806788.7, Max: 390806788.8, Diff: 0.1]
      [Ext Root Scanning (ms): Min: 1.6, Avg: 2.3, Max: 2.8, Diff: 1.2, Sum: 22.5]
      [Update RS (ms): Min: 0.4, Avg: 0.6, Max: 1.0, Diff: 0.7, Sum: 6.2]
         [Processed Buffers: Min: 1, Avg: 5.2, Max: 10, Diff: 9, Sum: 52]
      [Scan RS (ms): Min: 0.0, Avg: 0.0, Max: 0.0, Diff: 0.0, Sum: 0.0]
      [Code Root Scanning (ms): Min: 0.0, Avg: 0.0, Max: 0.0, Diff: 0.0, Sum: 0.0]
      [Object Copy (ms): Min: 0.1, Avg: 0.4, Max: 0.7, Diff: 0.6, Sum: 4.0]
      [Termination (ms): Min: 0.0, Avg: 0.2, Max: 0.2, Diff: 0.2, Sum: 1.7]
         [Termination Attempts: Min: 1, Avg: 22.3, Max: 51, Diff: 50, Sum: 223]
      [GC Worker Other (ms): Min: 0.0, Avg: 0.2, Max: 0.9, Diff: 0.9, Sum: 1.5]
      [GC Worker Total (ms): Min: 3.5, Avg: 3.6, Max: 3.7, Diff: 0.1, Sum: 36.0]
      [GC Worker End (ms): Min: 390806792.3, Avg: 390806792.3, Max: 390806792.3, Diff: 0.0]
   [Code Root Fixup: 0.0 ms]
   [Code Root Purge: 0.0 ms]
   [String Dedup Fixup: 2.9 ms, GC Workers: 10]
      [Queue Fixup (ms): Min: 0.0, Avg: 0.0, Max: 0.0, Diff: 0.0, Sum: 0.0]
      [Table Fixup (ms): Min: 2.1, Avg: 2.6, Max: 2.7, Diff: 0.7, Sum: 26.1]
   [Clear CT: 0.8 ms]
   [Other: 1.4 ms]
      [Choose CSet: 0.0 ms]
      [Ref Proc: 0.8 ms]
      [Ref Enq: 0.0 ms]
      [Redirty Cards: 0.3 ms]
      [Humongous Register: 0.0 ms]
      [Humongous Reclaim: 0.0 ms]
      [Free CSet: 0.0 ms]
   [Eden: 36864.0K(50176.0K)->0.0B(48128.0K) Survivors: 1024.0K->2048.0K Heap: 222.9M(267.0M)->188.5M(267.0M)]
 [Times: user=0.16 sys=0.02, real=0.01 secs] 
2020-12-18T00:00:00.227+0530: 390806.798: [GC concurrent-root-region-scan-start]
2020-12-18T00:00:00.227+0530: 390806.798: [GC concurrent-string-deduplication, 2160.0B->1448.0B(712.0B), avg 59.8%, 0.0000447 secs]
   [Last Exec: 0.0000447 secs, Idle: 201.1264596 secs, Blocked: 0/0.0000000 secs]
      [Inspected:              33]
         [Skipped:              0(  0.0%)]
         [Hashed:              25( 75.8%)]
         [Known:                3(  9.1%)]
         [New:                 30( 90.9%)   2160.0B]
      [Deduplicated:           19( 63.3%)    712.0B( 33.0%)]
         [Young:               19(100.0%)    712.0B(100.0%)]
         [Old:                  0(  0.0%)      0.0B(  0.0%)]
   [Total Exec: 1561/0.8598272 secs, Idle: 1561/390805.4513093 secs, Blocked: 130/0.0925528 secs]
      [Inspected:         2903860]
         [Skipped:              0(  0.0%)]
         [Hashed:         1197440( 41.2%)]
         [Known:           187411(  6.5%)]
         [New:            2716449( 93.5%)    211.6M]
      [Deduplicated:      1903775( 70.1%)    126.5M( 59.8%)]
         [Young:           783913( 41.2%)  61627.1K( 47.6%)]
         [Old:            1119862( 58.8%)  67957.2K( 52.4%)]
   [Table]
      [Memory Usage: 8332.5K]
      [Size: 262144, Min: 1024, Max: 16777216]
      [Entries: 263858, Load: 100.7%, Cached: 4280, Added: 974109, Removed: 710251]
      [Resize Count: 8, Shrink Threshold: 174762(66.7%), Grow Threshold: 524288(200.0%)]
      [Rehash Count: 0, Rehash Threshold: 120, Hash Seed: 0x0]
      [Age Threshold: 3]
   [Queue]
      [Dropped: 0]
[GC concurrent-string-deduplication, deleted 0 entries, 0.0000013 secs]
2020-12-18T00:00:00.230+0530: 390806.801: [GC concurrent-root-region-scan-end, 0.0036865 secs]
2020-12-18T00:00:00.230+0530: 390806.801: [GC concurrent-mark-start]
2020-12-18T00:00:00.357+0530: 390806.928: [GC concurrent-mark-end, 0.1269151 secs]
2020-12-18T00:00:00.359+0530: 390806.930: [GC remark 2020-12-18T00:00:00.359+0530: 390806.930: [Finalize Marking, 0.0003037 secs] 2020-12-18T00:00:00.359+0530: 390806.930: [GC ref-proc, 0.0010981 secs] 2020-12-18T00:00:00.360+0530: 390806.931: [Unloading, 0.0254467 secs], 0.0277082 secs]
 [Times: user=0.16 sys=0.00, real=0.03 secs] 
2020-12-18T00:00:00.387+0530: 390806.958: [GC cleanup 205M->205M(267M), 0.0020087 secs]
 [Times: user=0.00 sys=0.00, real=0.00 secs] 
2020-12-18T00:00:01.167+0530: 390807.738: [GC pause (G1 Evacuation Pause) (young), 0.0116488 secs]
   [Parallel Time: 4.0 ms, GC Workers: 10]
      [GC Worker Start (ms): Min: 390807737.9, Avg: 390807738.0, Max: 390807738.1, Diff: 0.2]
      [Ext Root Scanning (ms): Min: 0.6, Avg: 0.8, Max: 1.9, Diff: 1.2, Sum: 8.2]
      [Update RS (ms): Min: 0.0, Avg: 0.2, Max: 0.8, Diff: 0.8, Sum: 2.5]
         [Processed Buffers: Min: 0, Avg: 2.2, Max: 7, Diff: 7, Sum: 22]
      [Scan RS (ms): Min: 0.0, Avg: 0.0, Max: 0.0, Diff: 0.0, Sum: 0.1]
      [Code Root Scanning (ms): Min: 0.0, Avg: 0.0, Max: 0.0, Diff: 0.0, Sum: 0.1]
      [Object Copy (ms): Min: 2.0, Avg: 2.6, Max: 2.8, Diff: 0.8, Sum: 26.1]
      [Termination (ms): Min: 0.0, Avg: 0.0, Max: 0.1, Diff: 0.1, Sum: 0.4]
         [Termination Attempts: Min: 1, Avg: 1.6, Max: 2, Diff: 1, Sum: 16]
      [GC Worker Other (ms): Min: 0.0, Avg: 0.0, Max: 0.0, Diff: 0.0, Sum: 0.1]
      [GC Worker Total (ms): Min: 3.7, Avg: 3.7, Max: 3.9, Diff: 0.2, Sum: 37.4]
      [GC Worker End (ms): Min: 390807741.8, Avg: 390807741.8, Max: 390807741.8, Diff: 0.0]
   [Code Root Fixup: 0.0 ms]
   [Code Root Purge: 0.0 ms]
   [String Dedup Fixup: 2.8 ms, GC Workers: 10]
      [Queue Fixup (ms): Min: 0.0, Avg: 0.0, Max: 0.0, Diff: 0.0, Sum: 0.0]
      [Table Fixup (ms): Min: 2.1, Avg: 2.2, Max: 2.3, Diff: 0.2, Sum: 21.9]
   [Clear CT: 0.8 ms]
   [Other: 4.1 ms]
      [Choose CSet: 0.0 ms]
      [Ref Proc: 3.3 ms]
      [Ref Enq: 0.0 ms]
      [Redirty Cards: 0.7 ms]
      [Humongous Register: 0.0 ms]
      [Humongous Reclaim: 0.0 ms]
      [Free CSet: 0.0 ms]
   [Eden: 48128.0K(48128.0K)->0.0B(7168.0K) Survivors: 2048.0K->6144.0K Heap: 236.5M(267.0M)->193.8M(267.0M)]
 [Times: user=0.00 sys=0.00, real=0.01 secs] 
2020-12-18T00:00:01.179+0530: 390807.750: [GC concurrent-string-deduplication, 312.0B->264.0B(48.0B), avg 59.8%, 0.0000182 secs]
   [Last Exec: 0.0000182 secs, Idle: 0.9517600 secs, Blocked: 0/0.0000000 secs]
      [Inspected:              43]
         [Skipped:              0(  0.0%)]
         [Hashed:               1(  2.3%)]
         [Known:               41( 95.3%)]
         [New:                  2(  4.7%)    312.0B]
      [Deduplicated:            1( 50.0%)     48.0B( 15.4%)]
         [Young:                1(100.0%)     48.0B(100.0%)]
         [Old:                  0(  0.0%)      0.0B(  0.0%)]
   [Total Exec: 1562/0.8598454 secs, Idle: 1562/390806.4030693 secs, Blocked: 130/0.0925528 secs]
      [Inspected:         2903903]
         [Skipped:              0(  0.0%)]
         [Hashed:         1197441( 41.2%)]
         [Known:           187452(  6.5%)]
         [New:            2716451( 93.5%)    211.6M]
      [Deduplicated:      1903776( 70.1%)    126.5M( 59.8%)]
         [Young:           783914( 41.2%)  61627.1K( 47.6%)]
         [Old:            1119862( 58.8%)  67957.2K( 52.4%)]
   [Table]
      [Memory Usage: 8332.5K]
      [Size: 262144, Min: 1024, Max: 16777216]
      [Entries: 264534, Load: 100.9%, Cached: 3604, Added: 974849, Removed: 710315]
      [Resize Count: 8, Shrink Threshold: 174762(66.7%), Grow Threshold: 524288(200.0%)]
      [Rehash Count: 0, Rehash Threshold: 120, Hash Seed: 0x0]
      [Age Threshold: 3]
   [Queue]
      [Dropped: 0]
[GC concurrent-string-deduplication, deleted 0 entries, 0.0000008 secs]
2020-12-18T00:00:01.538+0530: 390808.109: [GC pause (G1 Evacuation Pause) (mixed), 0.0246428 secs]
   [Parallel Time: 20.3 ms, GC Workers: 10]
      [GC Worker Start (ms): Min: 390808109.4, Avg: 390808109.6, Max: 390808109.6, Diff: 0.2]
      [Ext Root Scanning (ms): Min: 0.6, Avg: 0.8, Max: 1.7, Diff: 1.1, Sum: 7.7]
      [Update RS (ms): Min: 0.0, Avg: 0.3, Max: 0.5, Diff: 0.5, Sum: 3.0]
         [Processed Buffers: Min: 0, Avg: 1.6, Max: 6, Diff: 6, Sum: 16]
      [Scan RS (ms): Min: 0.0, Avg: 0.3, Max: 0.5, Diff: 0.4, Sum: 2.8]
      [Code Root Scanning (ms): Min: 0.0, Avg: 0.0, Max: 0.1, Diff: 0.1, Sum: 0.3]
      [Object Copy (ms): Min: 18.3, Avg: 18.5, Max: 18.5, Diff: 0.3, Sum: 184.6]
      [Termination (ms): Min: 0.0, Avg: 0.0, Max: 0.0, Diff: 0.0, Sum: 0.0]
         [Termination Attempts: Min: 1, Avg: 1.8, Max: 2, Diff: 1, Sum: 18]
      [GC Worker Other (ms): Min: 0.0, Avg: 0.0, Max: 0.0, Diff: 0.0, Sum: 0.1]
      [GC Worker Total (ms): Min: 19.8, Avg: 19.8, Max: 20.0, Diff: 0.2, Sum: 198.5]
      [GC Worker End (ms): Min: 390808129.4, Avg: 390808129.4, Max: 390808129.4, Diff: 0.0]
   [Code Root Fixup: 0.0 ms]
   [Code Root Purge: 0.0 ms]
   [String Dedup Fixup: 2.7 ms, GC Workers: 10]
      [Queue Fixup (ms): Min: 0.0, Avg: 0.0, Max: 0.0, Diff: 0.0, Sum: 0.1]
      [Table Fixup (ms): Min: 2.3, Avg: 2.3, Max: 2.5, Diff: 0.3, Sum: 23.3]
   [Clear CT: 0.9 ms]
   [Other: 0.7 ms]
      [Choose CSet: 0.0 ms]
      [Ref Proc: 0.2 ms]
      [Ref Enq: 0.0 ms]
      [Redirty Cards: 0.4 ms]
      [Humongous Register: 0.0 ms]
      [Humongous Reclaim: 0.0 ms]
      [Free CSet: 0.0 ms]
   [Eden: 7168.0K(7168.0K)->0.0B(40960.0K) Survivors: 6144.0K->2048.0K Heap: 200.8M(267.0M)->194.8M(267.0M)]
 [Times: user=0.00 sys=0.08, real=0.02 secs] 
2020-12-18T00:00:01.568+0530: 390808.139: [GC concurrent-string-deduplication, 942.0K->548.8K(393.2K), avg 59.7%, 0.0045235 secs]
   [Last Exec: 0.0045235 secs, Idle: 0.3844680 secs, Blocked: 0/0.0000000 secs]
      [Inspected:           13835]
         [Skipped:              0(  0.0%)]
         [Hashed:           12945( 93.6%)]
         [Known:              840(  6.1%)]
         [New:              12995( 93.9%)    942.0K]
      [Deduplicated:         8278( 63.7%)    393.2K( 41.7%)]
         [Young:                0(  0.0%)      0.0B(  0.0%)]
         [Old:               8278(100.0%)    393.2K(100.0%)]
   [Total Exec: 1563/0.8643689 secs, Idle: 1563/390806.7875373 secs, Blocked: 130/0.0925528 secs]
      [Inspected:         2917738]
         [Skipped:              0(  0.0%)]
         [Hashed:         1210386( 41.5%)]
         [Known:           188292(  6.5%)]
         [New:            2729446( 93.5%)    212.5M]
      [Deduplicated:      1912054( 70.1%)    126.9M( 59.7%)]
         [Young:           783914( 41.0%)  61627.1K( 47.4%)]
         [Old:            1128140( 59.0%)  68350.4K( 52.6%)]
   [Table]
      [Memory Usage: 8358.4K]
      [Size: 262144, Min: 1024, Max: 16777216]
      [Entries: 269242, Load: 102.7%, Cached: 0, Added: 979566, Removed: 710324]
      [Resize Count: 8, Shrink Threshold: 174762(66.7%), Grow Threshold: 524288(200.0%)]
      [Rehash Count: 0, Rehash Threshold: 120, Hash Seed: 0x0]
      [Age Threshold: 3]
   [Queue]
      [Dropped: 0]
[GC concurrent-string-deduplication, deleted 0 entries, 0.0000006 secs]
2020-12-18T00:02:05.110+0530: 390931.681: [GC pause (G1 Evacuation Pause) (young), 0.0126011 secs]
   [Parallel Time: 7.3 ms, GC Workers: 10]
      [GC Worker Start (ms): Min: 390931681.2, Avg: 390931681.4, Max: 390931681.6, Diff: 0.3]
      [Ext Root Scanning (ms): Min: 0.5, Avg: 0.7, Max: 1.4, Diff: 0.9, Sum: 7.0]
      [Update RS (ms): Min: 2.6, Avg: 3.5, Max: 5.9, Diff: 3.3, Sum: 35.3]
         [Processed Buffers: Min: 6, Avg: 9.1, Max: 16, Diff: 10, Sum: 91]
      [Scan RS (ms): Min: 0.0, Avg: 0.0, Max: 0.0, Diff: 0.0, Sum: 0.0]
      [Code Root Scanning (ms): Min: 0.0, Avg: 0.0, Max: 0.0, Diff: 0.0, Sum: 0.0]
      [Object Copy (ms): Min: 0.1, Avg: 1.2, Max: 1.6, Diff: 1.4, Sum: 11.7]
      [Termination (ms): Min: 0.0, Avg: 1.2, Max: 1.5, Diff: 1.5, Sum: 12.3]
         [Termination Attempts: Min: 1, Avg: 66.2, Max: 91, Diff: 90, Sum: 662]
      [GC Worker Other (ms): Min: 0.0, Avg: 0.0, Max: 0.1, Diff: 0.1, Sum: 0.3]
      [GC Worker Total (ms): Min: 6.5, Avg: 6.7, Max: 6.9, Diff: 0.3, Sum: 66.7]
      [GC Worker End (ms): Min: 390931688.1, Avg: 390931688.1, Max: 390931688.1, Diff: 0.0]
   [Code Root Fixup: 0.0 ms]
   [Code Root Purge: 0.0 ms]
   [String Dedup Fixup: 2.6 ms, GC Workers: 10]
      [Queue Fixup (ms): Min: 0.0, Avg: 0.0, Max: 0.0, Diff: 0.0, Sum: 0.0]
      [Table Fixup (ms): Min: 1.9, Avg: 2.0, Max: 2.1, Diff: 0.2, Sum: 19.8]
   [Clear CT: 0.8 ms]
   [Other: 1.9 ms]
      [Choose CSet: 0.0 ms]
      [Ref Proc: 1.0 ms]
      [Ref Enq: 0.0 ms]
      [Redirty Cards: 0.7 ms]
      [Humongous Register: 0.0 ms]
      [Humongous Reclaim: 0.0 ms]
      [Free CSet: 0.0 ms]
   [Eden: 40960.0K(40960.0K)->0.0B(33792.0K) Survivors: 2048.0K->6144.0K Heap: 234.8M(267.0M)->198.6M(267.0M)]
 [Times: user=0.00 sys=0.00, real=0.01 secs] 
2020-12-18T00:06:39.406+0530: 391205.977: [GC pause (G1 Evacuation Pause) (young) (initial-mark), 0.0091437 secs]
   [Parallel Time: 4.4 ms, GC Workers: 10]
      [GC Worker Start (ms): Min: 391205976.9, Avg: 391205977.1, Max: 391205977.2, Diff: 0.3]
      [Ext Root Scanning (ms): Min: 1.4, Avg: 1.6, Max: 1.9, Diff: 0.5, Sum: 16.1]
      [Update RS (ms): Min: 0.3, Avg: 0.5, Max: 0.8, Diff: 0.5, Sum: 4.6]
         [Processed Buffers: Min: 1, Avg: 5.0, Max: 12, Diff: 11, Sum: 50]
      [Scan RS (ms): Min: 0.0, Avg: 0.0, Max: 0.0, Diff: 0.0, Sum: 0.0]
      [Code Root Scanning (ms): Min: 0.0, Avg: 0.0, Max: 0.0, Diff: 0.0, Sum: 0.0]
      [Object Copy (ms): Min: 1.1, Avg: 1.4, Max: 1.6, Diff: 0.5, Sum: 14.5]
      [Termination (ms): Min: 0.0, Avg: 0.1, Max: 0.1, Diff: 0.1, Sum: 0.5]
         [Termination Attempts: Min: 1, Avg: 1.7, Max: 3, Diff: 2, Sum: 17]
      [GC Worker Other (ms): Min: 0.0, Avg: 0.0, Max: 0.0, Diff: 0.0, Sum: 0.2]
      [GC Worker Total (ms): Min: 3.5, Avg: 3.6, Max: 3.8, Diff: 0.3, Sum: 35.9]
      [GC Worker End (ms): Min: 391205980.7, Avg: 391205980.7, Max: 391205980.7, Diff: 0.0]
   [Code Root Fixup: 0.0 ms]
   [Code Root Purge: 0.0 ms]
   [String Dedup Fixup: 2.8 ms, GC Workers: 10]
      [Queue Fixup (ms): Min: 0.0, Avg: 0.0, Max: 0.0, Diff: 0.0, Sum: 0.0]
      [Table Fixup (ms): Min: 2.2, Avg: 2.3, Max: 2.3, Diff: 0.2, Sum: 22.6]
   [Clear CT: 0.6 ms]
   [Other: 1.2 ms]
      [Choose CSet: 0.0 ms]
      [Ref Proc: 0.3 ms]
      [Ref Enq: 0.0 ms]
      [Redirty Cards: 0.7 ms]
      [Humongous Register: 0.0 ms]
      [Humongous Reclaim: 0.0 ms]
      [Free CSet: 0.0 ms]
   [Eden: 33792.0K(33792.0K)->0.0B(33792.0K) Survivors: 6144.0K->5120.0K Heap: 231.6M(267.0M)->200.1M(267.0M)]
 [Times: user=0.00 sys=0.00, real=0.01 secs] 
2020-12-18T00:06:39.416+0530: 391205.986: [GC concurrent-root-region-scan-start]
2020-12-18T00:06:39.418+0530: 391205.988: [GC concurrent-string-deduplication, 347.5K->206.4K(141.1K), avg 59.7%, 0.0022117 secs]
   [Last Exec: 0.0022117 secs, Idle: 397.8473371 secs, Blocked: 0/0.0000000 secs]
      [Inspected:            4995]
         [Skipped:              0(  0.0%)]
         [Hashed:            4995(100.0%)]
         [Known:                0(  0.0%)]
         [New:               4995(100.0%)    347.5K]
      [Deduplicated:         3178( 63.6%)    141.1K( 40.6%)]
         [Young:                0(  0.0%)      0.0B(  0.0%)]
         [Old:               3178(100.0%)    141.1K(100.0%)]
   [Total Exec: 1564/0.8665806 secs, Idle: 1564/391204.6348744 secs, Blocked: 130/0.0925528 secs]
      [Inspected:         2922733]
         [Skipped:              0(  0.0%)]
         [Hashed:         1215381( 41.6%)]
         [Known:           188292(  6.4%)]
         [New:            2734441( 93.6%)    212.8M]
      [Deduplicated:      1915232( 70.0%)    127.1M( 59.7%)]
         [Young:           783914( 40.9%)  61627.1K( 47.4%)]
         [Old:            1131318( 59.1%)  68491.6K( 52.6%)]
   [Table]
      [Memory Usage: 8400.9K]
      [Size: 262144, Min: 1024, Max: 16777216]
      [Entries: 271059, Load: 103.4%, Cached: 0, Added: 981383, Removed: 710324]
      [Resize Count: 8, Shrink Threshold: 174762(66.7%), Grow Threshold: 524288(200.0%)]
      [Rehash Count: 0, Rehash Threshold: 120, Hash Seed: 0x0]
      [Age Threshold: 3]
   [Queue]
      [Dropped: 0]
[GC concurrent-string-deduplication, deleted 0 entries, 0.0000006 secs]
2020-12-18T00:06:39.418+0530: 391205.989: [GC concurrent-root-region-scan-end, 0.0026790 secs]
2020-12-18T00:06:39.418+0530: 391205.989: [GC concurrent-mark-start]
2020-12-18T00:06:39.507+0530: 391206.078: [GC concurrent-mark-end, 0.0889117 secs]
2020-12-18T00:06:39.508+0530: 391206.078: [GC remark 2020-12-18T00:06:39.508+0530: 391206.078: [Finalize Marking, 0.0006729 secs] 2020-12-18T00:06:39.509+0530: 391206.079: [GC ref-proc, 0.0004978 secs] 2020-12-18T00:06:39.509+0530: 391206.079: [Unloading, 0.0212192 secs], 0.0235004 secs]
 [Times: user=0.16 sys=0.00, real=0.02 secs] 
2020-12-18T00:06:39.532+0530: 391206.102: [GC cleanup 205M->205M(267M), 0.0038054 secs]
 [Times: user=0.00 sys=0.00, real=0.00 secs] 
2020-12-18T00:11:39.562+0530: 391506.133: [GC pause (G1 Evacuation Pause) (young), 0.0085781 secs]
   [Parallel Time: 3.8 ms, GC Workers: 10]
      [GC Worker Start (ms): Min: 391506132.8, Avg: 391506133.0, Max: 391506133.1, Diff: 0.3]
      [Ext Root Scanning (ms): Min: 0.7, Avg: 0.9, Max: 1.5, Diff: 0.8, Sum: 8.5]
      [Update RS (ms): Min: 0.7, Avg: 1.2, Max: 1.6, Diff: 0.9, Sum: 11.6]
         [Processed Buffers: Min: 3, Avg: 7.3, Max: 17, Diff: 14, Sum: 73]
      [Scan RS (ms): Min: 0.0, Avg: 0.0, Max: 0.0, Diff: 0.0, Sum: 0.0]
      [Code Root Scanning (ms): Min: 0.0, Avg: 0.0, Max: 0.0, Diff: 0.0, Sum: 0.0]
      [Object Copy (ms): Min: 0.3, Avg: 0.8, Max: 1.2, Diff: 1.0, Sum: 8.3]
      [Termination (ms): Min: 0.0, Avg: 0.3, Max: 0.4, Diff: 0.4, Sum: 3.3]
         [Termination Attempts: Min: 1, Avg: 1.9, Max: 4, Diff: 3, Sum: 19]
      [GC Worker Other (ms): Min: 0.0, Avg: 0.0, Max: 0.0, Diff: 0.0, Sum: 0.1]
      [GC Worker Total (ms): Min: 3.1, Avg: 3.2, Max: 3.4, Diff: 0.3, Sum: 32.0]
      [GC Worker End (ms): Min: 391506136.2, Avg: 391506136.2, Max: 391506136.2, Diff: 0.0]
   [Code Root Fixup: 0.0 ms]
   [Code Root Purge: 0.0 ms]
   [String Dedup Fixup: 2.9 ms, GC Workers: 10]
      [Queue Fixup (ms): Min: 0.0, Avg: 0.0, Max: 0.0, Diff: 0.0, Sum: 0.0]
      [Table Fixup (ms): Min: 2.3, Avg: 2.4, Max: 2.5, Diff: 0.2, Sum: 23.6]
   [Clear CT: 0.7 ms]
   [Other: 1.2 ms]
      [Choose CSet: 0.0 ms]
      [Ref Proc: 0.3 ms]
      [Ref Enq: 0.0 ms]
      [Redirty Cards: 0.7 ms]
      [Humongous Register: 0.0 ms]
      [Humongous Reclaim: 0.0 ms]
      [Free CSet: 0.0 ms]
   [Eden: 33792.0K(33792.0K)->0.0B(8192.0K) Survivors: 5120.0K->5120.0K Heap: 233.1M(267.0M)->199.4M(267.0M)]
 [Times: user=0.00 sys=0.00, real=0.01 secs] 
2020-12-18T00:11:39.572+0530: 391506.144: [GC concurrent-string-deduplication, 409.1K->242.4K(166.8K), avg 59.7%, 0.0020879 secs]
   [Last Exec: 0.0020879 secs, Idle: 300.1532009 secs, Blocked: 0/0.0000000 secs]
      [Inspected:            5882]
         [Skipped:              0(  0.0%)]
         [Hashed:            5882(100.0%)]
         [Known:                0(  0.0%)]
         [New:               5882(100.0%)    409.1K]
      [Deduplicated:         3742( 63.6%)    166.8K( 40.8%)]
         [Young:             3742(100.0%)    166.8K(100.0%)]
         [Old:                  0(  0.0%)      0.0B(  0.0%)]
   [Total Exec: 1565/0.8686685 secs, Idle: 1565/391504.7880753 secs, Blocked: 130/0.0925528 secs]
      [Inspected:         2928615]
         [Skipped:              0(  0.0%)]
         [Hashed:         1221263( 41.7%)]
         [Known:           188292(  6.4%)]
         [New:            2740323( 93.6%)    213.2M]
      [Deduplicated:      1918974( 70.0%)    127.2M( 59.7%)]
         [Young:           787656( 41.0%)  61793.9K( 47.4%)]
         [Old:            1131318( 59.0%)  68491.6K( 52.6%)]
   [Table]
      [Memory Usage: 8448.1K]
      [Size: 262144, Min: 1024, Max: 16777216]
      [Entries: 273070, Load: 104.2%, Cached: 0, Added: 983567, Removed: 710497]
      [Resize Count: 8, Shrink Threshold: 174762(66.7%), Grow Threshold: 524288(200.0%)]
      [Rehash Count: 0, Rehash Threshold: 120, Hash Seed: 0x0]
      [Age Threshold: 3]
   [Queue]
      [Dropped: 0]
[GC concurrent-string-deduplication, deleted 0 entries, 0.0000006 secs]
2020-12-18T00:11:39.585+0530: 391506.156: [GC pause (G1 Evacuation Pause) (mixed), 0.0150753 secs]
   [Parallel Time: 10.6 ms, GC Workers: 10]
      [GC Worker Start (ms): Min: 391506155.8, Avg: 391506156.0, Max: 391506156.0, Diff: 0.3]
      [Ext Root Scanning (ms): Min: 0.5, Avg: 0.8, Max: 2.4, Diff: 1.9, Sum: 8.2]
      [Update RS (ms): Min: 0.0, Avg: 0.1, Max: 0.1, Diff: 0.1, Sum: 0.6]
         [Processed Buffers: Min: 0, Avg: 1.3, Max: 2, Diff: 2, Sum: 13]
      [Scan RS (ms): Min: 0.0, Avg: 0.4, Max: 0.8, Diff: 0.8, Sum: 4.4]
      [Code Root Scanning (ms): Min: 0.0, Avg: 0.0, Max: 0.4, Diff: 0.4, Sum: 0.4]
      [Object Copy (ms): Min: 6.8, Avg: 7.5, Max: 8.3, Diff: 1.4, Sum: 75.5]
      [Termination (ms): Min: 0.5, Avg: 1.4, Max: 1.9, Diff: 1.4, Sum: 14.1]
         [Termination Attempts: Min: 6, Avg: 9.2, Max: 12, Diff: 6, Sum: 92]
      [GC Worker Other (ms): Min: 0.0, Avg: 0.0, Max: 0.0, Diff: 0.0, Sum: 0.1]
      [GC Worker Total (ms): Min: 10.2, Avg: 10.3, Max: 10.5, Diff: 0.3, Sum: 103.2]
      [GC Worker End (ms): Min: 391506166.3, Avg: 391506166.3, Max: 391506166.3, Diff: 0.0]
   [Code Root Fixup: 0.0 ms]
   [Code Root Purge: 0.0 ms]
   [String Dedup Fixup: 2.7 ms, GC Workers: 10]
      [Queue Fixup (ms): Min: 0.0, Avg: 0.0, Max: 0.0, Diff: 0.0, Sum: 0.0]
      [Table Fixup (ms): Min: 2.4, Avg: 2.5, Max: 2.6, Diff: 0.2, Sum: 24.9]
   [Clear CT: 0.9 ms]
   [Other: 0.9 ms]
      [Choose CSet: 0.0 ms]
      [Ref Proc: 0.2 ms]
      [Ref Enq: 0.0 ms]
      [Redirty Cards: 0.5 ms]
      [Humongous Register: 0.0 ms]
      [Humongous Reclaim: 0.0 ms]
      [Free CSet: 0.0 ms]
   [Eden: 8192.0K(8192.0K)->0.0B(37888.0K) Survivors: 5120.0K->2048.0K Heap: 207.4M(267.0M)->198.7M(267.0M)]
 [Times: user=0.09 sys=0.05, real=0.01 secs] 
2020-12-18T00:11:39.600+0530: 391506.171: [GC concurrent-string-deduplication, 264.0B->264.0B(0.0B), avg 59.7%, 0.0000039 secs]
   [Last Exec: 0.0000039 secs, Idle: 0.0273052 secs, Blocked: 0/0.0000000 secs]
      [Inspected:               1]
         [Skipped:              0(  0.0%)]
         [Hashed:               1(100.0%)]
         [Known:                0(  0.0%)]
         [New:                  1(100.0%)    264.0B]
      [Deduplicated:            0(  0.0%)      0.0B(  0.0%)]
         [Young:                0(  0.0%)      0.0B(  0.0%)]
         [Old:                  0(  0.0%)      0.0B(  0.0%)]
   [Total Exec: 1566/0.8686724 secs, Idle: 1566/391504.8153805 secs, Blocked: 130/0.0925528 secs]
      [Inspected:         2928616]
         [Skipped:              0(  0.0%)]
         [Hashed:         1221264( 41.7%)]
         [Known:           188292(  6.4%)]
         [New:            2740324( 93.6%)    213.2M]
      [Deduplicated:      1918974( 70.0%)    127.2M( 59.7%)]
         [Young:           787656( 41.0%)  61793.9K( 47.4%)]
         [Old:            1131318( 59.0%)  68491.6K( 52.6%)]
   [Table]
      [Memory Usage: 8448.1K]
      [Size: 262144, Min: 1024, Max: 16777216]
      [Entries: 273071, Load: 104.2%, Cached: 0, Added: 983568, Removed: 710497]
      [Resize Count: 8, Shrink Threshold: 174762(66.7%), Grow Threshold: 524288(200.0%)]
      [Rehash Count: 0, Rehash Threshold: 120, Hash Seed: 0x0]
      [Age Threshold: 3]
   [Queue]
      [Dropped: 0]
[GC concurrent-string-deduplication, deleted 0 entries, 0.0000011 secs]
2020-12-18T00:16:39.755+0530: 391806.326: [GC pause (G1 Evacuation Pause) (young), 0.0140368 secs]
   [Parallel Time: 6.2 ms, GC Workers: 10]
      [GC Worker Start (ms): Min: 391806326.6, Avg: 391806326.9, Max: 391806327.2, Diff: 0.6]
      [Ext Root Scanning (ms): Min: 0.4, Avg: 0.8, Max: 1.8, Diff: 1.4, Sum: 8.2]
      [Update RS (ms): Min: 2.5, Avg: 3.1, Max: 4.3, Diff: 1.8, Sum: 30.8]
         [Processed Buffers: Min: 1, Avg: 8.4, Max: 19, Diff: 18, Sum: 84]
      [Scan RS (ms): Min: 0.0, Avg: 0.0, Max: 0.0, Diff: 0.0, Sum: 0.0]
      [Code Root Scanning (ms): Min: 0.0, Avg: 0.0, Max: 0.0, Diff: 0.0, Sum: 0.0]
      [Object Copy (ms): Min: 0.0, Avg: 0.2, Max: 0.3, Diff: 0.3, Sum: 1.7]
      [Termination (ms): Min: 0.0, Avg: 1.2, Max: 1.3, Diff: 1.3, Sum: 11.6]
         [Termination Attempts: Min: 1, Avg: 1.2, Max: 2, Diff: 1, Sum: 12]
      [GC Worker Other (ms): Min: 0.0, Avg: 0.0, Max: 0.0, Diff: 0.0, Sum: 0.1]
      [GC Worker Total (ms): Min: 4.9, Avg: 5.2, Max: 5.5, Diff: 0.6, Sum: 52.3]
      [GC Worker End (ms): Min: 391806332.1, Avg: 391806332.1, Max: 391806332.1, Diff: 0.0]
   [Code Root Fixup: 0.0 ms]
   [Code Root Purge: 0.0 ms]
   [String Dedup Fixup: 3.0 ms, GC Workers: 10]
      [Queue Fixup (ms): Min: 0.0, Avg: 0.0, Max: 0.0, Diff: 0.0, Sum: 0.0]
      [Table Fixup (ms): Min: 2.3, Avg: 2.4, Max: 2.7, Diff: 0.4, Sum: 24.0]
   [Clear CT: 3.3 ms]
   [Other: 1.5 ms]
      [Choose CSet: 0.0 ms]
      [Ref Proc: 0.5 ms]
      [Ref Enq: 0.0 ms]
      [Redirty Cards: 0.8 ms]
      [Humongous Register: 0.0 ms]
      [Humongous Reclaim: 0.0 ms]
      [Free CSet: 0.0 ms]
   [Eden: 37888.0K(37888.0K)->0.0B(38912.0K) Survivors: 2048.0K->1024.0K Heap: 235.7M(267.0M)->197.2M(267.0M)]
 [Times: user=0.00 sys=0.00, real=0.01 secs] 
2020-12-18T00:16:39.770+0530: 391806.341: [GC concurrent-string-deduplication, 264.0B->264.0B(0.0B), avg 59.7%, 0.0000167 secs]
   [Last Exec: 0.0000167 secs, Idle: 300.1697478 secs, Blocked: 0/0.0000000 secs]
      [Inspected:              47]
         [Skipped:              0(  0.0%)]
         [Hashed:               1(  2.1%)]
         [Known:               46( 97.9%)]
         [New:                  1(  2.1%)    264.0B]
      [Deduplicated:            0(  0.0%)      0.0B(  0.0%)]
         [Young:                0(  0.0%)      0.0B(  0.0%)]
         [Old:                  0(  0.0%)      0.0B(  0.0%)]
   [Total Exec: 1567/0.8686891 secs, Idle: 1567/391804.9851283 secs, Blocked: 130/0.0925528 secs]
      [Inspected:         2928663]
         [Skipped:              0(  0.0%)]
         [Hashed:         1221265( 41.7%)]
         [Known:           188338(  6.4%)]
         [New:            2740325( 93.6%)    213.2M]
      [Deduplicated:      1918974( 70.0%)    127.2M( 59.7%)]
         [Young:           787656( 41.0%)  61793.9K( 47.4%)]
         [Old:            1131318( 59.0%)  68491.6K( 52.6%)]
   [Table]
      [Memory Usage: 8448.1K]
      [Size: 262144, Min: 1024, Max: 16777216]
      [Entries: 273072, Load: 104.2%, Cached: 0, Added: 983569, Removed: 710497]
      [Resize Count: 8, Shrink Threshold: 174762(66.7%), Grow Threshold: 524288(200.0%)]
      [Rehash Count: 0, Rehash Threshold: 120, Hash Seed: 0x0]
      [Age Threshold: 3]
   [Queue]
      [Dropped: 0]
[GC concurrent-string-deduplication, deleted 0 entries, 0.0000006 secs]
2020-12-18T00:21:39.900+0530: 392106.470: [GC pause (G1 Evacuation Pause) (young) (initial-mark), 0.0094076 secs]
   [Parallel Time: 3.2 ms, GC Workers: 10]
      [GC Worker Start (ms): Min: 392106470.1, Avg: 392106470.5, Max: 392106470.7, Diff: 0.6]
      [Ext Root Scanning (ms): Min: 1.7, Avg: 1.9, Max: 2.3, Diff: 0.6, Sum: 19.4]
      [Update RS (ms): Min: 0.3, Avg: 0.4, Max: 0.8, Diff: 0.5, Sum: 4.4]
         [Processed Buffers: Min: 1, Avg: 5.6, Max: 21, Diff: 20, Sum: 56]
      [Scan RS (ms): Min: 0.0, Avg: 0.0, Max: 0.0, Diff: 0.0, Sum: 0.0]
      [Code Root Scanning (ms): Min: 0.0, Avg: 0.0, Max: 0.0, Diff: 0.0, Sum: 0.0]
      [Object Copy (ms): Min: 0.0, Avg: 0.2, Max: 0.4, Diff: 0.3, Sum: 2.3]
      [Termination (ms): Min: 0.0, Avg: 0.2, Max: 0.2, Diff: 0.2, Sum: 1.6]
         [Termination Attempts: Min: 1, Avg: 1.3, Max: 2, Diff: 1, Sum: 13]
      [GC Worker Other (ms): Min: 0.0, Avg: 0.0, Max: 0.0, Diff: 0.0, Sum: 0.1]
      [GC Worker Total (ms): Min: 2.5, Avg: 2.8, Max: 3.1, Diff: 0.6, Sum: 27.9]
      [GC Worker End (ms): Min: 392106473.3, Avg: 392106473.3, Max: 392106473.3, Diff: 0.0]
   [Code Root Fixup: 0.0 ms]
   [Code Root Purge: 0.0 ms]
   [String Dedup Fixup: 2.7 ms, GC Workers: 10]
      [Queue Fixup (ms): Min: 0.0, Avg: 0.0, Max: 0.0, Diff: 0.0, Sum: 0.0]
      [Table Fixup (ms): Min: 2.1, Avg: 2.2, Max: 2.3, Diff: 0.2, Sum: 22.0]
   [Clear CT: 1.0 ms]
   [Other: 2.5 ms]
      [Choose CSet: 0.0 ms]
      [Ref Proc: 1.5 ms]
      [Ref Enq: 0.0 ms]
      [Redirty Cards: 0.7 ms]
      [Humongous Register: 0.0 ms]
      [Humongous Reclaim: 0.0 ms]
      [Free CSet: 0.1 ms]
   [Eden: 38912.0K(38912.0K)->0.0B(37888.0K) Survivors: 1024.0K->2048.0K Heap: 235.2M(267.0M)->198.2M(267.0M)]
 [Times: user=0.14 sys=0.00, real=0.01 secs] 
2020-12-18T00:21:39.909+0530: 392106.480: [GC concurrent-root-region-scan-start]
2020-12-18T00:21:39.911+0530: 392106.481: [GC concurrent-root-region-scan-end, 0.0019340 secs]
2020-12-18T00:21:39.911+0530: 392106.481: [GC concurrent-mark-start]
2020-12-18T00:21:39.998+0530: 392106.568: [GC concurrent-mark-end, 0.0867362 secs]
2020-12-18T00:21:39.998+0530: 392106.569: [GC remark 2020-12-18T00:21:39.998+0530: 392106.569: [Finalize Marking, 0.0002442 secs] 2020-12-18T00:21:39.999+0530: 392106.569: [GC ref-proc, 0.0005289 secs] 2020-12-18T00:21:39.999+0530: 392106.570: [Unloading, 0.0204478 secs], 0.0218719 secs]
 [Times: user=0.31 sys=0.00, real=0.02 secs] 
2020-12-18T00:21:40.024+0530: 392106.594: [GC cleanup 220M->216M(267M), 0.0019669 secs]
 [Times: user=0.00 sys=0.00, real=0.00 secs] 
2020-12-18T00:21:40.026+0530: 392106.596: [GC concurrent-cleanup-start]
2020-12-18T00:21:40.026+0530: 392106.596: [GC concurrent-cleanup-end, 0.0000209 secs]
2020-12-18T00:25:43.903+0530: 392350.474: [GC pause (G1 Evacuation Pause) (young), 0.0101269 secs]
   [Parallel Time: 4.7 ms, GC Workers: 10]
      [GC Worker Start (ms): Min: 392350474.2, Avg: 392350474.8, Max: 392350475.1, Diff: 1.0]
      [Ext Root Scanning (ms): Min: 1.2, Avg: 1.8, Max: 2.6, Diff: 1.5, Sum: 17.5]
      [Update RS (ms): Min: 1.1, Avg: 1.4, Max: 1.8, Diff: 0.7, Sum: 14.1]
         [Processed Buffers: Min: 1, Avg: 5.0, Max: 24, Diff: 23, Sum: 50]
      [Scan RS (ms): Min: 0.0, Avg: 0.0, Max: 0.0, Diff: 0.0, Sum: 0.1]
      [Code Root Scanning (ms): Min: 0.0, Avg: 0.0, Max: 0.0, Diff: 0.0, Sum: 0.0]
      [Object Copy (ms): Min: 0.1, Avg: 0.4, Max: 0.9, Diff: 0.7, Sum: 4.5]
      [Termination (ms): Min: 0.0, Avg: 0.3, Max: 0.4, Diff: 0.4, Sum: 3.2]
         [Termination Attempts: Min: 1, Avg: 1.0, Max: 1, Diff: 0, Sum: 10]
      [GC Worker Other (ms): Min: 0.0, Avg: 0.0, Max: 0.0, Diff: 0.0, Sum: 0.3]
      [GC Worker Total (ms): Min: 3.6, Avg: 4.0, Max: 4.6, Diff: 1.0, Sum: 39.7]
      [GC Worker End (ms): Min: 392350478.7, Avg: 392350478.7, Max: 392350478.8, Diff: 0.0]
   [Code Root Fixup: 0.0 ms]
   [Code Root Purge: 0.0 ms]
   [String Dedup Fixup: 2.5 ms, GC Workers: 10]
      [Queue Fixup (ms): Min: 0.0, Avg: 0.0, Max: 0.0, Diff: 0.0, Sum: 0.0]
      [Table Fixup (ms): Min: 1.6, Avg: 1.7, Max: 2.0, Diff: 0.4, Sum: 17.3]
   [Clear CT: 0.8 ms]
   [Other: 2.0 ms]
      [Choose CSet: 0.0 ms]
      [Ref Proc: 0.9 ms]
      [Ref Enq: 0.0 ms]
      [Redirty Cards: 0.7 ms]
      [Humongous Register: 0.0 ms]
      [Humongous Reclaim: 0.0 ms]
      [Free CSet: 0.0 ms]
   [Eden: 37888.0K(37888.0K)->0.0B(12288.0K) Survivors: 2048.0K->1024.0K Heap: 231.2M(267.0M)->193.0M(267.0M)]
 [Times: user=0.16 sys=0.00, real=0.01 secs] 
2020-12-18T00:25:43.913+0530: 392350.484: [GC concurrent-string-deduplication, 264.0B->264.0B(0.0B), avg 59.7%, 0.0000036 secs]
   [Last Exec: 0.0000036 secs, Idle: 544.1433323 secs, Blocked: 0/0.0000000 secs]
      [Inspected:               1]
         [Skipped:              0(  0.0%)]
         [Hashed:               1(100.0%)]
         [Known:                0(  0.0%)]
         [New:                  1(100.0%)    264.0B]
      [Deduplicated:            0(  0.0%)      0.0B(  0.0%)]
         [Young:                0(  0.0%)      0.0B(  0.0%)]
         [Old:                  0(  0.0%)      0.0B(  0.0%)]
   [Total Exec: 1568/0.8686927 secs, Idle: 1568/392349.1284606 secs, Blocked: 130/0.0925528 secs]
      [Inspected:         2928664]
         [Skipped:              0(  0.0%)]
         [Hashed:         1221266( 41.7%)]
         [Known:           188338(  6.4%)]
         [New:            2740326( 93.6%)    213.2M]
      [Deduplicated:      1918974( 70.0%)    127.2M( 59.7%)]
         [Young:           787656( 41.0%)  61793.9K( 47.4%)]
         [Old:            1131318( 59.0%)  68491.6K( 52.6%)]
   [Table]
      [Memory Usage: 8448.9K]
      [Size: 262144, Min: 1024, Max: 16777216]
      [Entries: 264517, Load: 100.9%, Cached: 8586, Added: 983607, Removed: 719090]
      [Resize Count: 8, Shrink Threshold: 174762(66.7%), Grow Threshold: 524288(200.0%)]
      [Rehash Count: 0, Rehash Threshold: 120, Hash Seed: 0x0]
      [Age Threshold: 3]
   [Queue]
      [Dropped: 0]
[GC concurrent-string-deduplication, deleted 0 entries, 0.0000006 secs]
2020-12-18T00:26:40.125+0530: 392406.695: [GC pause (G1 Evacuation Pause) (mixed), 0.0084355 secs]
   [Parallel Time: 3.2 ms, GC Workers: 10]
      [GC Worker Start (ms): Min: 392406695.3, Avg: 392406695.5, Max: 392406695.6, Diff: 0.2]
      [Ext Root Scanning (ms): Min: 0.6, Avg: 0.8, Max: 1.7, Diff: 1.1, Sum: 7.9]
      [Update RS (ms): Min: 0.0, Avg: 0.4, Max: 0.9, Diff: 0.9, Sum: 4.3]
         [Processed Buffers: Min: 0, Avg: 3.2, Max: 8, Diff: 8, Sum: 32]
      [Scan RS (ms): Min: 0.2, Avg: 0.6, Max: 0.8, Diff: 0.6, Sum: 5.9]
      [Code Root Scanning (ms): Min: 0.0, Avg: 0.0, Max: 0.2, Diff: 0.2, Sum: 0.2]
      [Object Copy (ms): Min: 0.6, Avg: 0.7, Max: 0.8, Diff: 0.2, Sum: 6.7]
      [Termination (ms): Min: 0.0, Avg: 0.0, Max: 0.0, Diff: 0.0, Sum: 0.2]
         [Termination Attempts: Min: 1, Avg: 1.0, Max: 1, Diff: 0, Sum: 10]
      [GC Worker Other (ms): Min: 0.0, Avg: 0.0, Max: 0.0, Diff: 0.0, Sum: 0.1]
      [GC Worker Total (ms): Min: 2.4, Avg: 2.5, Max: 2.7, Diff: 0.2, Sum: 25.3]
      [GC Worker End (ms): Min: 392406698.0, Avg: 392406698.0, Max: 392406698.0, Diff: 0.0]
   [Code Root Fixup: 0.0 ms]
   [Code Root Purge: 0.0 ms]
   [String Dedup Fixup: 2.8 ms, GC Workers: 10]
      [Queue Fixup (ms): Min: 0.0, Avg: 0.0, Max: 0.0, Diff: 0.0, Sum: 0.0]
      [Table Fixup (ms): Min: 2.2, Avg: 2.2, Max: 2.4, Diff: 0.2, Sum: 22.4]
   [Clear CT: 0.9 ms]
   [Other: 1.5 ms]
      [Choose CSet: 0.0 ms]
      [Ref Proc: 0.5 ms]
      [Ref Enq: 0.0 ms]
      [Redirty Cards: 0.8 ms]
      [Humongous Register: 0.0 ms]
      [Humongous Reclaim: 0.0 ms]
      [Free CSet: 0.1 ms]
   [Eden: 12288.0K(12288.0K)->0.0B(48128.0K) Survivors: 1024.0K->1024.0K Heap: 205.0M(267.0M)->188.0M(267.0M)]
 [Times: user=0.17 sys=0.02, real=0.01 secs] 
2020-12-18T00:26:40.133+0530: 392406.704: [GC concurrent-string-deduplication, 5344.0B->4120.0B(1224.0B), avg 59.7%, 0.0000284 secs]
   [Last Exec: 0.0000284 secs, Idle: 56.2197180 secs, Blocked: 0/0.0000000 secs]
      [Inspected:              96]
         [Skipped:              0(  0.0%)]
         [Hashed:              57( 59.4%)]
         [Known:               32( 33.3%)]
         [New:                 64( 66.7%)   5344.0B]
      [Deduplicated:           35( 54.7%)   1224.0B( 22.9%)]
         [Young:               35(100.0%)   1224.0B(100.0%)]
         [Old:                  0(  0.0%)      0.0B(  0.0%)]
   [Total Exec: 1569/0.8687211 secs, Idle: 1569/392405.3481786 secs, Blocked: 130/0.0925528 secs]
      [Inspected:         2928760]
         [Skipped:              0(  0.0%)]
         [Hashed:         1221323( 41.7%)]
         [Known:           188370(  6.4%)]
         [New:            2740390( 93.6%)    213.2M]
      [Deduplicated:      1919009( 70.0%)    127.2M( 59.7%)]
         [Young:           787691( 41.0%)  61795.1K( 47.4%)]
         [Old:            1131318( 59.0%)  68491.6K( 52.6%)]
   [Table]
      [Memory Usage: 8448.9K]
      [Size: 262144, Min: 1024, Max: 16777216]
      [Entries: 264568, Load: 100.9%, Cached: 8535, Added: 983662, Removed: 719094]
      [Resize Count: 8, Shrink Threshold: 174762(66.7%), Grow Threshold: 524288(200.0%)]
      [Rehash Count: 0, Rehash Threshold: 120, Hash Seed: 0x0]
      [Age Threshold: 3]
   [Queue]
      [Dropped: 0]
[GC concurrent-string-deduplication, deleted 0 entries, 0.0000006 secs]
2020-12-18T00:31:40.308+0530: 392706.879: [GC pause (G1 Evacuation Pause) (young), 0.0109495 secs]
   [Parallel Time: 6.6 ms, GC Workers: 10]
      [GC Worker Start (ms): Min: 392706879.2, Avg: 392706879.4, Max: 392706879.5, Diff: 0.3]
      [Ext Root Scanning (ms): Min: 0.5, Avg: 0.7, Max: 1.4, Diff: 0.9, Sum: 7.2]
      [Update RS (ms): Min: 4.4, Avg: 4.9, Max: 5.1, Diff: 0.7, Sum: 48.5]
         [Processed Buffers: Min: 2, Avg: 6.5, Max: 17, Diff: 15, Sum: 65]
      [Scan RS (ms): Min: 0.0, Avg: 0.0, Max: 0.0, Diff: 0.0, Sum: 0.0]
      [Code Root Scanning (ms): Min: 0.0, Avg: 0.0, Max: 0.0, Diff: 0.0, Sum: 0.0]
      [Object Copy (ms): Min: 0.1, Avg: 0.2, Max: 0.3, Diff: 0.2, Sum: 1.5]
      [Termination (ms): Min: 0.0, Avg: 0.1, Max: 0.2, Diff: 0.1, Sum: 1.2]
         [Termination Attempts: Min: 1, Avg: 1.0, Max: 1, Diff: 0, Sum: 10]
      [GC Worker Other (ms): Min: 0.0, Avg: 0.0, Max: 0.0, Diff: 0.0, Sum: 0.1]
      [GC Worker Total (ms): Min: 5.7, Avg: 5.9, Max: 6.1, Diff: 0.3, Sum: 58.5]
      [GC Worker End (ms): Min: 392706885.3, Avg: 392706885.3, Max: 392706885.3, Diff: 0.0]
   [Code Root Fixup: 0.0 ms]
   [Code Root Purge: 0.0 ms]
   [String Dedup Fixup: 2.4 ms, GC Workers: 10]
      [Queue Fixup (ms): Min: 0.0, Avg: 0.0, Max: 0.0, Diff: 0.0, Sum: 0.0]
      [Table Fixup (ms): Min: 1.7, Avg: 1.8, Max: 2.0, Diff: 0.3, Sum: 18.1]
   [Clear CT: 0.7 ms]
   [Other: 1.1 ms]
      [Choose CSet: 0.0 ms]
      [Ref Proc: 0.3 ms]
      [Ref Enq: 0.0 ms]
      [Redirty Cards: 0.7 ms]
      [Humongous Register: 0.0 ms]
      [Humongous Reclaim: 0.0 ms]
      [Free CSet: 0.0 ms]
   [Eden: 48128.0K(48128.0K)->0.0B(48128.0K) Survivors: 1024.0K->1024.0K Heap: 235.0M(267.0M)->188.1M(267.0M)]
 [Times: user=0.00 sys=0.00, real=0.01 secs] 
2020-12-18T00:31:40.319+0530: 392706.890: [GC concurrent-string-deduplication, 264.0B->264.0B(0.0B), avg 59.7%, 0.0000064 secs]
   [Last Exec: 0.0000064 secs, Idle: 300.1863331 secs, Blocked: 0/0.0000000 secs]
      [Inspected:               7]
         [Skipped:              0(  0.0%)]
         [Hashed:               1( 14.3%)]
         [Known:                6( 85.7%)]
         [New:                  1( 14.3%)    264.0B]
      [Deduplicated:            0(  0.0%)      0.0B(  0.0%)]
         [Young:                0(  0.0%)      0.0B(  0.0%)]
         [Old:                  0(  0.0%)      0.0B(  0.0%)]
   [Total Exec: 1570/0.8687275 secs, Idle: 1570/392705.5345117 secs, Blocked: 130/0.0925528 secs]
      [Inspected:         2928767]
         [Skipped:              0(  0.0%)]
         [Hashed:         1221324( 41.7%)]
         [Known:           188376(  6.4%)]
         [New:            2740391( 93.6%)    213.2M]
      [Deduplicated:      1919009( 70.0%)    127.2M( 59.7%)]
         [Young:           787691( 41.0%)  61795.1K( 47.4%)]
         [Old:            1131318( 59.0%)  68491.6K( 52.6%)]
   [Table]
      [Memory Usage: 8448.9K]
      [Size: 262144, Min: 1024, Max: 16777216]
      [Entries: 264569, Load: 100.9%, Cached: 8534, Added: 983663, Removed: 719094]
      [Resize Count: 8, Shrink Threshold: 174762(66.7%), Grow Threshold: 524288(200.0%)]
      [Rehash Count: 0, Rehash Threshold: 120, Hash Seed: 0x0]
      [Age Threshold: 3]
   [Queue]
      [Dropped: 0]
[GC concurrent-string-deduplication, deleted 0 entries, 0.0000006 secs]
2020-12-18T00:36:40.505+0530: 393007.075: [GC pause (G1 Evacuation Pause) (young) (initial-mark), 0.0078094 secs]
   [Parallel Time: 3.0 ms, GC Workers: 10]
      [GC Worker Start (ms): Min: 393007075.6, Avg: 393007075.9, Max: 393007076.1, Diff: 0.5]
      [Ext Root Scanning (ms): Min: 1.2, Avg: 1.5, Max: 1.8, Diff: 0.6, Sum: 14.7]
      [Update RS (ms): Min: 0.3, Avg: 0.4, Max: 0.5, Diff: 0.2, Sum: 3.8]
         [Processed Buffers: Min: 1, Avg: 4.8, Max: 12, Diff: 11, Sum: 48]
      [Scan RS (ms): Min: 0.0, Avg: 0.0, Max: 0.0, Diff: 0.0, Sum: 0.0]
      [Code Root Scanning (ms): Min: 0.0, Avg: 0.0, Max: 0.0, Diff: 0.0, Sum: 0.0]
      [Object Copy (ms): Min: 0.0, Avg: 0.1, Max: 0.2, Diff: 0.2, Sum: 1.4]
      [Termination (ms): Min: 0.0, Avg: 0.2, Max: 0.2, Diff: 0.2, Sum: 2.0]
         [Termination Attempts: Min: 1, Avg: 1.0, Max: 1, Diff: 0, Sum: 10]
      [GC Worker Other (ms): Min: 0.0, Avg: 0.0, Max: 0.0, Diff: 0.0, Sum: 0.1]
      [GC Worker Total (ms): Min: 2.0, Avg: 2.2, Max: 2.5, Diff: 0.5, Sum: 22.0]
      [GC Worker End (ms): Min: 393007078.1, Avg: 393007078.1, Max: 393007078.1, Diff: 0.0]
   [Code Root Fixup: 0.0 ms]
   [Code Root Purge: 0.0 ms]
   [String Dedup Fixup: 2.4 ms, GC Workers: 10]
      [Queue Fixup (ms): Min: 0.0, Avg: 0.0, Max: 0.0, Diff: 0.0, Sum: 0.0]
      [Table Fixup (ms): Min: 1.7, Avg: 1.7, Max: 1.9, Diff: 0.2, Sum: 17.4]
   [Clear CT: 0.8 ms]
   [Other: 1.6 ms]
      [Choose CSet: 0.0 ms]
      [Ref Proc: 0.8 ms]
      [Ref Enq: 0.0 ms]
      [Redirty Cards: 0.6 ms]
      [Humongous Register: 0.0 ms]
      [Humongous Reclaim: 0.0 ms]
      [Free CSet: 0.1 ms]
   [Eden: 48128.0K(48128.0K)->0.0B(49152.0K) Survivors: 1024.0K->1024.0K Heap: 235.1M(267.0M)->188.0M(267.0M)]
 [Times: user=0.00 sys=0.00, real=0.01 secs] 
2020-12-18T00:36:40.512+0530: 393007.083: [GC concurrent-root-region-scan-start]
2020-12-18T00:36:40.512+0530: 393007.083: [GC concurrent-string-deduplication, 0.0B->0.0B(0.0B), avg 59.7%, 0.0000106 secs]
   [Last Exec: 0.0000106 secs, Idle: 300.1931442 secs, Blocked: 0/0.0000000 secs]
      [Inspected:              26]
         [Skipped:              0(  0.0%)]
         [Hashed:               0(  0.0%)]
         [Known:               26(100.0%)]
         [New:                  0(  0.0%)      0.0B]
      [Deduplicated:            0(  0.0%)      0.0B(  0.0%)]
         [Young:                0(  0.0%)      0.0B(  0.0%)]
         [Old:                  0(  0.0%)      0.0B(  0.0%)]
   [Total Exec: 1571/0.8687381 secs, Idle: 1571/393005.7276559 secs, Blocked: 130/0.0925528 secs]
      [Inspected:         2928793]
         [Skipped:              0(  0.0%)]
         [Hashed:         1221324( 41.7%)]
         [Known:           188402(  6.4%)]
         [New:            2740391( 93.6%)    213.2M]
      [Deduplicated:      1919009( 70.0%)    127.2M( 59.7%)]
         [Young:           787691( 41.0%)  61795.1K( 47.4%)]
         [Old:            1131318( 59.0%)  68491.6K( 52.6%)]
   [Table]
      [Memory Usage: 8448.9K]
      [Size: 262144, Min: 1024, Max: 16777216]
      [Entries: 264569, Load: 100.9%, Cached: 8534, Added: 983663, Removed: 719094]
      [Resize Count: 8, Shrink Threshold: 174762(66.7%), Grow Threshold: 524288(200.0%)]
      [Rehash Count: 0, Rehash Threshold: 120, Hash Seed: 0x0]
      [Age Threshold: 3]
   [Queue]
      [Dropped: 0]
[GC concurrent-string-deduplication, deleted 0 entries, 0.0000008 secs]
2020-12-18T00:36:40.514+0530: 393007.085: [GC concurrent-root-region-scan-end, 0.0016293 secs]
2020-12-18T00:36:40.514+0530: 393007.085: [GC concurrent-mark-start]
2020-12-18T00:36:40.597+0530: 393007.168: [GC concurrent-mark-end, 0.0826287 secs]
2020-12-18T00:36:40.597+0530: 393007.168: [GC remark 2020-12-18T00:36:40.597+0530: 393007.168: [Finalize Marking, 0.0005211 secs] 2020-12-18T00:36:40.598+0530: 393007.169: [GC ref-proc, 0.0005293 secs] 2020-12-18T00:36:40.598+0530: 393007.169: [Unloading, 0.0188322 secs], 0.0207075 secs]
 [Times: user=0.16 sys=0.00, real=0.02 secs] 
2020-12-18T00:36:40.618+0530: 393007.189: [GC cleanup 191M->191M(267M), 0.0022563 secs]
 [Times: user=0.00 sys=0.00, real=0.00 secs] 
2020-12-18T00:42:05.548+0530: 393332.118: [GC pause (G1 Evacuation Pause) (young), 0.0067809 secs]
   [Parallel Time: 1.8 ms, GC Workers: 10]
      [GC Worker Start (ms): Min: 393332118.6, Avg: 393332118.9, Max: 393332119.0, Diff: 0.5]
      [Ext Root Scanning (ms): Min: 0.5, Avg: 0.7, Max: 1.3, Diff: 0.9, Sum: 6.8]
      [Update RS (ms): Min: 0.2, Avg: 0.4, Max: 0.7, Diff: 0.5, Sum: 4.2]
         [Processed Buffers: Min: 1, Avg: 5.6, Max: 13, Diff: 12, Sum: 56]
      [Scan RS (ms): Min: 0.0, Avg: 0.0, Max: 0.0, Diff: 0.0, Sum: 0.0]
      [Code Root Scanning (ms): Min: 0.0, Avg: 0.0, Max: 0.0, Diff: 0.0, Sum: 0.0]
      [Object Copy (ms): Min: 0.0, Avg: 0.1, Max: 0.2, Diff: 0.2, Sum: 1.3]
      [Termination (ms): Min: 0.0, Avg: 0.2, Max: 0.2, Diff: 0.2, Sum: 1.8]
         [Termination Attempts: Min: 1, Avg: 1.1, Max: 2, Diff: 1, Sum: 11]
      [GC Worker Other (ms): Min: 0.0, Avg: 0.0, Max: 0.0, Diff: 0.0, Sum: 0.1]
      [GC Worker Total (ms): Min: 1.2, Avg: 1.4, Max: 1.7, Diff: 0.5, Sum: 14.3]
      [GC Worker End (ms): Min: 393332120.3, Avg: 393332120.3, Max: 393332120.3, Diff: 0.0]
   [Code Root Fixup: 0.0 ms]
   [Code Root Purge: 0.0 ms]
   [String Dedup Fixup: 2.1 ms, GC Workers: 10]
      [Queue Fixup (ms): Min: 0.0, Avg: 0.0, Max: 0.0, Diff: 0.0, Sum: 0.0]
      [Table Fixup (ms): Min: 1.6, Avg: 1.7, Max: 1.8, Diff: 0.2, Sum: 17.0]
   [Clear CT: 1.0 ms]
   [Other: 1.8 ms]
      [Choose CSet: 0.0 ms]
      [Ref Proc: 0.7 ms]
      [Ref Enq: 0.0 ms]
      [Redirty Cards: 0.8 ms]
      [Humongous Register: 0.0 ms]
      [Humongous Reclaim: 0.0 ms]
      [Free CSet: 0.1 ms]
   [Eden: 49152.0K(49152.0K)->0.0B(49152.0K) Survivors: 1024.0K->1024.0K Heap: 236.0M(267.0M)->188.0M(267.0M)]
 [Times: user=0.00 sys=0.00, real=0.01 secs] 
2020-12-18T00:42:05.555+0530: 393332.126: [GC concurrent-string-deduplication, 264.0B->264.0B(0.0B), avg 59.7%, 0.0000038 secs]
   [Last Exec: 0.0000038 secs, Idle: 325.0419947 secs, Blocked: 0/0.0000000 secs]
      [Inspected:               1]
         [Skipped:              0(  0.0%)]
         [Hashed:               1(100.0%)]
         [Known:                0(  0.0%)]
         [New:                  1(100.0%)    264.0B]
      [Deduplicated:            0(  0.0%)      0.0B(  0.0%)]
         [Young:                0(  0.0%)      0.0B(  0.0%)]
         [Old:                  0(  0.0%)      0.0B(  0.0%)]
   [Total Exec: 1572/0.8687419 secs, Idle: 1572/393330.7696506 secs, Blocked: 130/0.0925528 secs]
      [Inspected:         2928794]
         [Skipped:              0(  0.0%)]
         [Hashed:         1221325( 41.7%)]
         [Known:           188402(  6.4%)]
         [New:            2740392( 93.6%)    213.2M]
      [Deduplicated:      1919009( 70.0%)    127.2M( 59.7%)]
         [Young:           787691( 41.0%)  61795.1K( 47.4%)]
         [Old:            1131318( 59.0%)  68491.6K( 52.6%)]
   [Table]
      [Memory Usage: 8448.9K]
      [Size: 262144, Min: 1024, Max: 16777216]
      [Entries: 264537, Load: 100.9%, Cached: 8566, Added: 983670, Removed: 719133]
      [Resize Count: 8, Shrink Threshold: 174762(66.7%), Grow Threshold: 524288(200.0%)]
      [Rehash Count: 0, Rehash Threshold: 120, Hash Seed: 0x0]
      [Age Threshold: 3]
   [Queue]
      [Dropped: 0]
[GC concurrent-string-deduplication, deleted 0 entries, 0.0000009 secs]
2020-12-18T00:48:12.041+0530: 393698.611: [GC pause (G1 Evacuation Pause) (young), 0.0067641 secs]
   [Parallel Time: 2.1 ms, GC Workers: 10]
      [GC Worker Start (ms): Min: 393698611.2, Avg: 393698611.4, Max: 393698611.6, Diff: 0.4]
      [Ext Root Scanning (ms): Min: 0.5, Avg: 0.8, Max: 1.4, Diff: 0.9, Sum: 7.6]
      [Update RS (ms): Min: 0.0, Avg: 0.4, Max: 0.7, Diff: 0.7, Sum: 4.1]
         [Processed Buffers: Min: 0, Avg: 5.1, Max: 9, Diff: 9, Sum: 51]
      [Scan RS (ms): Min: 0.0, Avg: 0.0, Max: 0.0, Diff: 0.0, Sum: 0.0]
      [Code Root Scanning (ms): Min: 0.0, Avg: 0.0, Max: 0.0, Diff: 0.0, Sum: 0.0]
      [Object Copy (ms): Min: 0.1, Avg: 0.1, Max: 0.2, Diff: 0.1, Sum: 1.3]
      [Termination (ms): Min: 0.0, Avg: 0.2, Max: 0.2, Diff: 0.2, Sum: 1.8]
         [Termination Attempts: Min: 1, Avg: 1.4, Max: 2, Diff: 1, Sum: 14]
      [GC Worker Other (ms): Min: 0.0, Avg: 0.0, Max: 0.0, Diff: 0.0, Sum: 0.1]
      [GC Worker Total (ms): Min: 1.3, Avg: 1.5, Max: 1.7, Diff: 0.4, Sum: 15.0]
      [GC Worker End (ms): Min: 393698612.9, Avg: 393698612.9, Max: 393698612.9, Diff: 0.0]
   [Code Root Fixup: 0.0 ms]
   [Code Root Purge: 0.0 ms]
   [String Dedup Fixup: 2.3 ms, GC Workers: 10]
      [Queue Fixup (ms): Min: 0.0, Avg: 0.0, Max: 0.0, Diff: 0.0, Sum: 0.0]
      [Table Fixup (ms): Min: 1.6, Avg: 1.7, Max: 1.9, Diff: 0.3, Sum: 17.0]
   [Clear CT: 0.8 ms]
   [Other: 1.5 ms]
      [Choose CSet: 0.0 ms]
      [Ref Proc: 0.6 ms]
      [Ref Enq: 0.0 ms]
      [Redirty Cards: 0.7 ms]
      [Humongous Register: 0.0 ms]
      [Humongous Reclaim: 0.0 ms]
      [Free CSet: 0.0 ms]
   [Eden: 49152.0K(49152.0K)->0.0B(49152.0K) Survivors: 1024.0K->1024.0K Heap: 236.0M(267.0M)->188.2M(267.0M)]
 [Times: user=0.00 sys=0.00, real=0.01 secs] 
2020-12-18T00:48:12.048+0530: 393698.618: [GC concurrent-string-deduplication, 264.0B->264.0B(0.0B), avg 59.7%, 0.0000241 secs]
   [Last Exec: 0.0000241 secs, Idle: 366.4924414 secs, Blocked: 0/0.0000000 secs]
      [Inspected:               1]
         [Skipped:              0(  0.0%)]
         [Hashed:               1(100.0%)]
         [Known:                0(  0.0%)]
         [New:                  1(100.0%)    264.0B]
      [Deduplicated:            0(  0.0%)      0.0B(  0.0%)]
         [Young:                0(  0.0%)      0.0B(  0.0%)]
         [Old:                  0(  0.0%)      0.0B(  0.0%)]
   [Total Exec: 1573/0.8687660 secs, Idle: 1573/393697.2620920 secs, Blocked: 130/0.0925528 secs]
      [Inspected:         2928795]
         [Skipped:              0(  0.0%)]
         [Hashed:         1221326( 41.7%)]
         [Known:           188402(  6.4%)]
         [New:            2740393( 93.6%)    213.2M]
      [Deduplicated:      1919009( 70.0%)    127.2M( 59.7%)]
         [Young:           787691( 41.0%)  61795.1K( 47.4%)]
         [Old:            1131318( 59.0%)  68491.6K( 52.6%)]
   [Table]
      [Memory Usage: 8448.9K]
      [Size: 262144, Min: 1024, Max: 16777216]
      [Entries: 264523, Load: 100.9%, Cached: 8580, Added: 983671, Removed: 719148]
      [Resize Count: 8, Shrink Threshold: 174762(66.7%), Grow Threshold: 524288(200.0%)]
      [Rehash Count: 0, Rehash Threshold: 120, Hash Seed: 0x0]
      [Age Threshold: 3]
   [Queue]
      [Dropped: 0]
[GC concurrent-string-deduplication, deleted 0 entries, 0.0000005 secs]
2020-12-18T00:55:06.596+0530: 394113.167: [GC pause (G1 Evacuation Pause) (young) (initial-mark), 0.0102636 secs]
   [Parallel Time: 5.7 ms, GC Workers: 10]
      [GC Worker Start (ms): Min: 394113166.9, Avg: 394113167.4, Max: 394113167.8, Diff: 0.8]
      [Ext Root Scanning (ms): Min: 2.4, Avg: 3.0, Max: 3.4, Diff: 1.0, Sum: 29.5]
      [Update RS (ms): Min: 0.6, Avg: 0.8, Max: 1.2, Diff: 0.6, Sum: 8.4]
         [Processed Buffers: Min: 1, Avg: 6.0, Max: 20, Diff: 19, Sum: 60]
      [Scan RS (ms): Min: 0.0, Avg: 0.0, Max: 0.0, Diff: 0.0, Sum: 0.0]
      [Code Root Scanning (ms): Min: 0.0, Avg: 0.0, Max: 0.0, Diff: 0.0, Sum: 0.0]
      [Object Copy (ms): Min: 0.1, Avg: 0.4, Max: 0.6, Diff: 0.5, Sum: 3.6]
      [Termination (ms): Min: 0.0, Avg: 0.2, Max: 0.2, Diff: 0.2, Sum: 1.6]
         [Termination Attempts: Min: 1, Avg: 1.0, Max: 1, Diff: 0, Sum: 10]
      [GC Worker Other (ms): Min: 0.0, Avg: 0.0, Max: 0.0, Diff: 0.0, Sum: 0.2]
      [GC Worker Total (ms): Min: 4.0, Avg: 4.3, Max: 4.8, Diff: 0.8, Sum: 43.3]
      [GC Worker End (ms): Min: 394113171.8, Avg: 394113171.8, Max: 394113171.8, Diff: 0.0]
   [Code Root Fixup: 0.0 ms]
   [Code Root Purge: 0.0 ms]
   [String Dedup Fixup: 2.3 ms, GC Workers: 10]
      [Queue Fixup (ms): Min: 0.0, Avg: 0.0, Max: 0.0, Diff: 0.0, Sum: 0.0]
      [Table Fixup (ms): Min: 1.6, Avg: 1.7, Max: 1.8, Diff: 0.2, Sum: 16.8]
   [Clear CT: 0.8 ms]
   [Other: 1.4 ms]
      [Choose CSet: 0.0 ms]
      [Ref Proc: 0.3 ms]
      [Ref Enq: 0.0 ms]
      [Redirty Cards: 0.8 ms]
      [Humongous Register: 0.1 ms]
      [Humongous Reclaim: 0.0 ms]
      [Free CSet: 0.1 ms]
   [Eden: 49152.0K(49152.0K)->0.0B(49152.0K) Survivors: 1024.0K->1024.0K Heap: 236.2M(267.0M)->187.9M(267.0M)]
 [Times: user=0.00 sys=0.00, real=0.01 secs] 
2020-12-18T00:55:06.606+0530: 394113.177: [GC concurrent-root-region-scan-start]
2020-12-18T00:55:06.606+0530: 394113.177: [GC concurrent-string-deduplication, 264.0B->264.0B(0.0B), avg 59.7%, 0.0000075 secs]
   [Last Exec: 0.0000075 secs, Idle: 414.5588692 secs, Blocked: 0/0.0000000 secs]
      [Inspected:               7]
         [Skipped:              0(  0.0%)]
         [Hashed:               1( 14.3%)]
         [Known:                6( 85.7%)]
         [New:                  1( 14.3%)    264.0B]
      [Deduplicated:            0(  0.0%)      0.0B(  0.0%)]
         [Young:                0(  0.0%)      0.0B(  0.0%)]
         [Old:                  0(  0.0%)      0.0B(  0.0%)]
   [Total Exec: 1574/0.8687735 secs, Idle: 1574/394111.8209612 secs, Blocked: 130/0.0925528 secs]
      [Inspected:         2928802]
         [Skipped:              0(  0.0%)]
         [Hashed:         1221327( 41.7%)]
         [Known:           188408(  6.4%)]
         [New:            2740394( 93.6%)    213.2M]
      [Deduplicated:      1919009( 70.0%)    127.2M( 59.7%)]
         [Young:           787691( 41.0%)  61795.1K( 47.4%)]
         [Old:            1131318( 59.0%)  68491.6K( 52.6%)]
   [Table]
      [Memory Usage: 8448.9K]
      [Size: 262144, Min: 1024, Max: 16777216]
      [Entries: 264524, Load: 100.9%, Cached: 8579, Added: 983672, Removed: 719148]
      [Resize Count: 8, Shrink Threshold: 174762(66.7%), Grow Threshold: 524288(200.0%)]
      [Rehash Count: 0, Rehash Threshold: 120, Hash Seed: 0x0]
      [Age Threshold: 3]
   [Queue]
      [Dropped: 0]
[GC concurrent-string-deduplication, deleted 0 entries, 0.0000006 secs]
2020-12-18T00:55:06.608+0530: 394113.179: [GC concurrent-root-region-scan-end, 0.0015968 secs]
2020-12-18T00:55:06.608+0530: 394113.179: [GC concurrent-mark-start]
2020-12-18T00:55:06.687+0530: 394113.258: [GC concurrent-mark-end, 0.0794876 secs]
2020-12-18T00:55:06.688+0530: 394113.258: [GC remark 2020-12-18T00:55:06.688+0530: 394113.259: [Finalize Marking, 0.0009790 secs] 2020-12-18T00:55:06.689+0530: 394113.260: [GC ref-proc, 0.0005315 secs] 2020-12-18T00:55:06.690+0530: 394113.260: [Unloading, 0.0201143 secs], 0.0226205 secs]
 [Times: user=0.16 sys=0.00, real=0.02 secs] 
2020-12-18T00:55:06.711+0530: 394113.282: [GC cleanup 187M->187M(267M), 0.0028449 secs]
 [Times: user=0.00 sys=0.00, real=0.00 secs] 
2020-12-18T01:01:41.302+0530: 394507.873: [GC pause (G1 Evacuation Pause) (young), 0.0066318 secs]
   [Parallel Time: 2.0 ms, GC Workers: 10]
      [GC Worker Start (ms): Min: 394507873.4, Avg: 394507873.7, Max: 394507873.8, Diff: 0.5]
      [Ext Root Scanning (ms): Min: 0.5, Avg: 0.7, Max: 1.3, Diff: 0.9, Sum: 6.9]
      [Update RS (ms): Min: 0.3, Avg: 0.4, Max: 0.7, Diff: 0.4, Sum: 4.2]
         [Processed Buffers: Min: 1, Avg: 5.7, Max: 15, Diff: 14, Sum: 57]
      [Scan RS (ms): Min: 0.0, Avg: 0.0, Max: 0.0, Diff: 0.0, Sum: 0.0]
      [Code Root Scanning (ms): Min: 0.0, Avg: 0.0, Max: 0.0, Diff: 0.0, Sum: 0.0]
      [Object Copy (ms): Min: 0.0, Avg: 0.2, Max: 0.3, Diff: 0.3, Sum: 1.8]
      [Termination (ms): Min: 0.0, Avg: 0.1, Max: 0.1, Diff: 0.1, Sum: 1.0]
         [Termination Attempts: Min: 1, Avg: 1.0, Max: 1, Diff: 0, Sum: 10]
      [GC Worker Other (ms): Min: 0.0, Avg: 0.0, Max: 0.0, Diff: 0.0, Sum: 0.1]
      [GC Worker Total (ms): Min: 1.2, Avg: 1.4, Max: 1.7, Diff: 0.5, Sum: 14.0]
      [GC Worker End (ms): Min: 394507875.1, Avg: 394507875.1, Max: 394507875.1, Diff: 0.0]
   [Code Root Fixup: 0.0 ms]
   [Code Root Purge: 0.0 ms]
   [String Dedup Fixup: 2.4 ms, GC Workers: 10]
      [Queue Fixup (ms): Min: 0.0, Avg: 0.0, Max: 0.0, Diff: 0.0, Sum: 0.0]
      [Table Fixup (ms): Min: 1.7, Avg: 1.8, Max: 1.9, Diff: 0.2, Sum: 17.5]
   [Clear CT: 0.8 ms]
   [Other: 1.5 ms]
      [Choose CSet: 0.0 ms]
      [Ref Proc: 0.7 ms]
      [Ref Enq: 0.0 ms]
      [Redirty Cards: 0.6 ms]
      [Humongous Register: 0.0 ms]
      [Humongous Reclaim: 0.0 ms]
      [Free CSet: 0.0 ms]
   [Eden: 49152.0K(49152.0K)->0.0B(12288.0K) Survivors: 1024.0K->1024.0K Heap: 235.9M(267.0M)->188.0M(267.0M)]
 [Times: user=0.00 sys=0.00, real=0.01 secs] 
2020-12-18T01:01:41.309+0530: 394507.880: [GC concurrent-string-deduplication, 1264.0B->960.0B(304.0B), avg 59.7%, 0.0000106 secs]
   [Last Exec: 0.0000106 secs, Idle: 394.7030377 secs, Blocked: 0/0.0000000 secs]
      [Inspected:              16]
         [Skipped:              0(  0.0%)]
         [Hashed:              14( 87.5%)]
         [Known:                0(  0.0%)]
         [New:                 16(100.0%)   1264.0B]
      [Deduplicated:            9( 56.3%)    304.0B( 24.1%)]
         [Young:                9(100.0%)    304.0B(100.0%)]
         [Old:                  0(  0.0%)      0.0B(  0.0%)]
   [Total Exec: 1575/0.8687841 secs, Idle: 1575/394506.5239989 secs, Blocked: 130/0.0925528 secs]
      [Inspected:         2928818]
         [Skipped:              0(  0.0%)]
         [Hashed:         1221341( 41.7%)]
         [Known:           188408(  6.4%)]
         [New:            2740410( 93.6%)    213.2M]
      [Deduplicated:      1919018( 70.0%)    127.2M( 59.7%)]
         [Young:           787700( 41.0%)  61795.4K( 47.4%)]
         [Old:            1131318( 59.0%)  68491.6K( 52.6%)]
   [Table]
      [Memory Usage: 8448.9K]
      [Size: 262144, Min: 1024, Max: 16777216]
      [Entries: 263803, Load: 100.6%, Cached: 9300, Added: 983721, Removed: 719918]
      [Resize Count: 8, Shrink Threshold: 174762(66.7%), Grow Threshold: 524288(200.0%)]
      [Rehash Count: 0, Rehash Threshold: 120, Hash Seed: 0x0]
      [Age Threshold: 3]
   [Queue]
      [Dropped: 0]
[GC concurrent-string-deduplication, deleted 0 entries, 0.0000005 secs]
2020-12-18T01:01:41.329+0530: 394507.900: [GC pause (G1 Evacuation Pause) (mixed), 0.0099671 secs]
   [Parallel Time: 5.5 ms, GC Workers: 10]
      [GC Worker Start (ms): Min: 394507899.8, Avg: 394507899.9, Max: 394507900.0, Diff: 0.3]
      [Ext Root Scanning (ms): Min: 0.6, Avg: 0.7, Max: 1.4, Diff: 0.9, Sum: 7.3]
      [Update RS (ms): Min: 0.0, Avg: 0.1, Max: 0.1, Diff: 0.1, Sum: 0.7]
         [Processed Buffers: Min: 0, Avg: 0.8, Max: 2, Diff: 2, Sum: 8]
      [Scan RS (ms): Min: 0.0, Avg: 0.2, Max: 0.4, Diff: 0.4, Sum: 2.4]
      [Code Root Scanning (ms): Min: 0.0, Avg: 0.0, Max: 0.0, Diff: 0.0, Sum: 0.0]
      [Object Copy (ms): Min: 3.4, Avg: 3.7, Max: 3.8, Diff: 0.4, Sum: 36.5]
      [Termination (ms): Min: 0.0, Avg: 0.1, Max: 0.1, Diff: 0.1, Sum: 1.1]
         [Termination Attempts: Min: 1, Avg: 4.0, Max: 7, Diff: 6, Sum: 40]
      [GC Worker Other (ms): Min: 0.0, Avg: 0.0, Max: 0.0, Diff: 0.0, Sum: 0.1]
      [GC Worker Total (ms): Min: 4.7, Avg: 4.8, Max: 5.0, Diff: 0.3, Sum: 48.0]
      [GC Worker End (ms): Min: 394507904.7, Avg: 394507904.7, Max: 394507904.7, Diff: 0.0]
   [Code Root Fixup: 0.0 ms]
   [Code Root Purge: 0.0 ms]
   [String Dedup Fixup: 2.5 ms, GC Workers: 10]
      [Queue Fixup (ms): Min: 0.0, Avg: 0.0, Max: 0.0, Diff: 0.0, Sum: 0.0]
      [Table Fixup (ms): Min: 1.7, Avg: 1.9, Max: 2.0, Diff: 0.3, Sum: 18.7]
   [Clear CT: 0.8 ms]
   [Other: 1.2 ms]
      [Choose CSet: 0.0 ms]
      [Ref Proc: 0.4 ms]
      [Ref Enq: 0.0 ms]
      [Redirty Cards: 0.7 ms]
      [Humongous Register: 0.0 ms]
      [Humongous Reclaim: 0.0 ms]
      [Free CSet: 0.0 ms]
   [Eden: 12288.0K(12288.0K)->0.0B(50176.0K) Survivors: 1024.0K->1024.0K Heap: 200.0M(267.0M)->187.2M(267.0M)]
 [Times: user=0.00 sys=0.00, real=0.01 secs] 
2020-12-18T01:01:41.339+0530: 394507.910: [GC concurrent-string-deduplication, 680.0B->528.0B(152.0B), avg 59.7%, 0.0000060 secs]
   [Last Exec: 0.0000060 secs, Idle: 0.0296863 secs, Blocked: 0/0.0000000 secs]
      [Inspected:               4]
         [Skipped:              0(  0.0%)]
         [Hashed:               2( 50.0%)]
         [Known:                0(  0.0%)]
         [New:                  4(100.0%)    680.0B]
      [Deduplicated:            2( 50.0%)    152.0B( 22.4%)]
         [Young:                2(100.0%)    152.0B(100.0%)]
         [Old:                  0(  0.0%)      0.0B(  0.0%)]
   [Total Exec: 1576/0.8687901 secs, Idle: 1576/394506.5536852 secs, Blocked: 130/0.0925528 secs]
      [Inspected:         2928822]
         [Skipped:              0(  0.0%)]
         [Hashed:         1221343( 41.7%)]
         [Known:           188408(  6.4%)]
         [New:            2740414( 93.6%)    213.2M]
      [Deduplicated:      1919020( 70.0%)    127.2M( 59.7%)]
         [Young:           787702( 41.0%)  61795.5K( 47.4%)]
         [Old:            1131318( 59.0%)  68491.6K( 52.6%)]
   [Table]
      [Memory Usage: 8448.9K]
      [Size: 262144, Min: 1024, Max: 16777216]
      [Entries: 263804, Load: 100.6%, Cached: 9299, Added: 983723, Removed: 719919]
      [Resize Count: 8, Shrink Threshold: 174762(66.7%), Grow Threshold: 524288(200.0%)]
      [Rehash Count: 0, Rehash Threshold: 120, Hash Seed: 0x0]
      [Age Threshold: 3]
   [Queue]
      [Dropped: 0]
[GC concurrent-string-deduplication, deleted 0 entries, 0.0000006 secs]
2020-12-18T01:06:41.556+0530: 394808.126: [GC pause (G1 Evacuation Pause) (young), 0.0069925 secs]
   [Parallel Time: 2.4 ms, GC Workers: 10]
      [GC Worker Start (ms): Min: 394808126.4, Avg: 394808126.6, Max: 394808126.8, Diff: 0.3]
      [Ext Root Scanning (ms): Min: 0.5, Avg: 0.8, Max: 1.8, Diff: 1.2, Sum: 7.7]
      [Update RS (ms): Min: 0.6, Avg: 1.2, Max: 1.3, Diff: 0.8, Sum: 11.8]
         [Processed Buffers: Min: 2, Avg: 5.5, Max: 9, Diff: 7, Sum: 55]
      [Scan RS (ms): Min: 0.0, Avg: 0.0, Max: 0.0, Diff: 0.0, Sum: 0.0]
      [Code Root Scanning (ms): Min: 0.0, Avg: 0.0, Max: 0.0, Diff: 0.0, Sum: 0.0]
      [Object Copy (ms): Min: 0.0, Avg: 0.2, Max: 0.3, Diff: 0.3, Sum: 1.6]
      [Termination (ms): Min: 0.0, Avg: 0.1, Max: 0.1, Diff: 0.1, Sum: 0.6]
         [Termination Attempts: Min: 1, Avg: 1.0, Max: 1, Diff: 0, Sum: 10]
      [GC Worker Other (ms): Min: 0.0, Avg: 0.0, Max: 0.1, Diff: 0.1, Sum: 0.1]
      [GC Worker Total (ms): Min: 2.0, Avg: 2.2, Max: 2.4, Diff: 0.3, Sum: 21.8]
      [GC Worker End (ms): Min: 394808128.8, Avg: 394808128.8, Max: 394808128.8, Diff: 0.0]
   [Code Root Fixup: 0.0 ms]
   [Code Root Purge: 0.0 ms]
   [String Dedup Fixup: 2.4 ms, GC Workers: 10]
      [Queue Fixup (ms): Min: 0.0, Avg: 0.0, Max: 0.0, Diff: 0.0, Sum: 0.0]
      [Table Fixup (ms): Min: 1.6, Avg: 1.7, Max: 1.8, Diff: 0.2, Sum: 17.0]
   [Clear CT: 0.8 ms]
   [Other: 1.3 ms]
      [Choose CSet: 0.0 ms]
      [Ref Proc: 0.3 ms]
      [Ref Enq: 0.0 ms]
      [Redirty Cards: 0.8 ms]
      [Humongous Register: 0.0 ms]
      [Humongous Reclaim: 0.0 ms]
      [Free CSet: 0.1 ms]
   [Eden: 50176.0K(50176.0K)->0.0B(50176.0K) Survivors: 1024.0K->1024.0K Heap: 236.2M(267.0M)->187.1M(267.0M)]
 [Times: user=0.01 sys=0.00, real=0.01 secs] 
2020-12-18T01:06:41.563+0530: 394808.133: [GC concurrent-string-deduplication, 720.0B->720.0B(0.0B), avg 59.7%, 0.0000135 secs]
   [Last Exec: 0.0000135 secs, Idle: 300.2236564 secs, Blocked: 0/0.0000000 secs]
      [Inspected:              48]
         [Skipped:              0(  0.0%)]
         [Hashed:               3(  6.3%)]
         [Known:               45( 93.8%)]
         [New:                  3(  6.3%)    720.0B]
      [Deduplicated:            0(  0.0%)      0.0B(  0.0%)]
         [Young:                0(  0.0%)      0.0B(  0.0%)]
         [Old:                  0(  0.0%)      0.0B(  0.0%)]
   [Total Exec: 1577/0.8688036 secs, Idle: 1577/394806.7773416 secs, Blocked: 130/0.0925528 secs]
      [Inspected:         2928870]
         [Skipped:              0(  0.0%)]
         [Hashed:         1221346( 41.7%)]
         [Known:           188453(  6.4%)]
         [New:            2740417( 93.6%)    213.2M]
      [Deduplicated:      1919020( 70.0%)    127.2M( 59.7%)]
         [Young:           787702( 41.0%)  61795.5K( 47.4%)]
         [Old:            1131318( 59.0%)  68491.6K( 52.6%)]
   [Table]
      [Memory Usage: 8448.9K]
      [Size: 262144, Min: 1024, Max: 16777216]
      [Entries: 263807, Load: 100.6%, Cached: 9296, Added: 983726, Removed: 719919]
      [Resize Count: 8, Shrink Threshold: 174762(66.7%), Grow Threshold: 524288(200.0%)]
      [Rehash Count: 0, Rehash Threshold: 120, Hash Seed: 0x0]
      [Age Threshold: 3]
   [Queue]
      [Dropped: 0]
[GC concurrent-string-deduplication, deleted 0 entries, 0.0000006 secs]
2020-12-18T01:12:56.202+0530: 395182.772: [GC pause (G1 Evacuation Pause) (young) (initial-mark), 0.0080647 secs]
   [Parallel Time: 3.3 ms, GC Workers: 10]
      [GC Worker Start (ms): Min: 395182772.6, Avg: 395182772.9, Max: 395182773.1, Diff: 0.6]
      [Ext Root Scanning (ms): Min: 1.1, Avg: 1.4, Max: 1.7, Diff: 0.6, Sum: 14.2]
      [Update RS (ms): Min: 0.3, Avg: 0.5, Max: 0.7, Diff: 0.5, Sum: 4.5]
         [Processed Buffers: Min: 1, Avg: 5.5, Max: 16, Diff: 15, Sum: 55]
      [Scan RS (ms): Min: 0.0, Avg: 0.0, Max: 0.0, Diff: 0.0, Sum: 0.0]
      [Code Root Scanning (ms): Min: 0.0, Avg: 0.0, Max: 0.0, Diff: 0.0, Sum: 0.0]
      [Object Copy (ms): Min: 0.0, Avg: 0.2, Max: 0.3, Diff: 0.3, Sum: 1.7]
      [Termination (ms): Min: 0.0, Avg: 0.3, Max: 0.4, Diff: 0.4, Sum: 2.8]
         [Termination Attempts: Min: 1, Avg: 1.4, Max: 2, Diff: 1, Sum: 14]
      [GC Worker Other (ms): Min: 0.0, Avg: 0.0, Max: 0.0, Diff: 0.0, Sum: 0.1]
      [GC Worker Total (ms): Min: 2.1, Avg: 2.3, Max: 2.7, Diff: 0.5, Sum: 23.2]
      [GC Worker End (ms): Min: 395182775.2, Avg: 395182775.2, Max: 395182775.2, Diff: 0.0]
   [Code Root Fixup: 0.0 ms]
   [Code Root Purge: 0.0 ms]
   [String Dedup Fixup: 2.5 ms, GC Workers: 10]
      [Queue Fixup (ms): Min: 0.0, Avg: 0.0, Max: 0.0, Diff: 0.0, Sum: 0.0]
      [Table Fixup (ms): Min: 1.7, Avg: 1.8, Max: 2.0, Diff: 0.3, Sum: 17.9]
   [Clear CT: 0.8 ms]
   [Other: 1.4 ms]
      [Choose CSet: 0.0 ms]
      [Ref Proc: 0.6 ms]
      [Ref Enq: 0.0 ms]
      [Redirty Cards: 0.6 ms]
      [Humongous Register: 0.0 ms]
      [Humongous Reclaim: 0.0 ms]
      [Free CSet: 0.0 ms]
   [Eden: 50176.0K(50176.0K)->0.0B(50176.0K) Survivors: 1024.0K->1024.0K Heap: 236.1M(267.0M)->187.1M(267.0M)]
 [Times: user=0.14 sys=0.00, real=0.01 secs] 
2020-12-18T01:12:56.210+0530: 395182.781: [GC concurrent-root-region-scan-start]
2020-12-18T01:12:56.212+0530: 395182.783: [GC concurrent-root-region-scan-end, 0.0020073 secs]
2020-12-18T01:12:56.212+0530: 395182.783: [GC concurrent-mark-start]
2020-12-18T01:12:56.291+0530: 395182.862: [GC concurrent-mark-end, 0.0792614 secs]
2020-12-18T01:12:56.292+0530: 395182.862: [GC remark 2020-12-18T01:12:56.292+0530: 395182.862: [Finalize Marking, 0.0006531 secs] 2020-12-18T01:12:56.292+0530: 395182.863: [GC ref-proc, 0.0004970 secs] 2020-12-18T01:12:56.293+0530: 395182.864: [Unloading, 0.0189039 secs], 0.0210833 secs]
 [Times: user=0.17 sys=0.00, real=0.02 secs] 
2020-12-18T01:12:56.313+0530: 395182.884: [GC cleanup 187M->187M(267M), 0.0039585 secs]
 [Times: user=0.00 sys=0.00, real=0.00 secs] 
2020-12-18T01:18:12.015+0530: 395498.586: [GC pause (G1 Evacuation Pause) (young), 0.0075291 secs]
   [Parallel Time: 2.3 ms, GC Workers: 10]
      [GC Worker Start (ms): Min: 395498585.9, Avg: 395498586.2, Max: 395498586.4, Diff: 0.4]
      [Ext Root Scanning (ms): Min: 0.7, Avg: 0.8, Max: 1.3, Diff: 0.7, Sum: 8.4]
      [Update RS (ms): Min: 0.3, Avg: 0.5, Max: 0.8, Diff: 0.5, Sum: 4.6]
         [Processed Buffers: Min: 1, Avg: 5.6, Max: 13, Diff: 12, Sum: 56]
      [Scan RS (ms): Min: 0.0, Avg: 0.0, Max: 0.0, Diff: 0.0, Sum: 0.0]
      [Code Root Scanning (ms): Min: 0.0, Avg: 0.0, Max: 0.0, Diff: 0.0, Sum: 0.0]
      [Object Copy (ms): Min: 0.1, Avg: 0.3, Max: 0.5, Diff: 0.4, Sum: 3.4]
      [Termination (ms): Min: 0.0, Avg: 0.1, Max: 0.1, Diff: 0.1, Sum: 1.0]
         [Termination Attempts: Min: 1, Avg: 1.6, Max: 3, Diff: 2, Sum: 16]
      [GC Worker Other (ms): Min: 0.0, Avg: 0.0, Max: 0.0, Diff: 0.0, Sum: 0.1]
      [GC Worker Total (ms): Min: 1.6, Avg: 1.7, Max: 2.0, Diff: 0.5, Sum: 17.5]
      [GC Worker End (ms): Min: 395498588.0, Avg: 395498588.0, Max: 395498588.0, Diff: 0.0]
   [Code Root Fixup: 0.0 ms]
   [Code Root Purge: 0.0 ms]
   [String Dedup Fixup: 2.6 ms, GC Workers: 10]
      [Queue Fixup (ms): Min: 0.0, Avg: 0.0, Max: 0.0, Diff: 0.0, Sum: 0.0]
      [Table Fixup (ms): Min: 1.8, Avg: 1.9, Max: 2.1, Diff: 0.3, Sum: 19.0]
   [Clear CT: 0.8 ms]
   [Other: 1.9 ms]
      [Choose CSet: 0.0 ms]
      [Ref Proc: 1.0 ms]
      [Ref Enq: 0.0 ms]
      [Redirty Cards: 0.7 ms]
      [Humongous Register: 0.0 ms]
      [Humongous Reclaim: 0.0 ms]
      [Free CSet: 0.0 ms]
   [Eden: 50176.0K(50176.0K)->0.0B(48128.0K) Survivors: 1024.0K->2048.0K Heap: 236.1M(267.0M)->188.5M(267.0M)]
 [Times: user=0.14 sys=0.01, real=0.01 secs] 
2020-12-18T01:18:12.023+0530: 395498.594: [GC concurrent-string-deduplication, 264.0B->264.0B(0.0B), avg 59.7%, 0.0000038 secs]
   [Last Exec: 0.0000038 secs, Idle: 690.4600372 secs, Blocked: 0/0.0000000 secs]
      [Inspected:               1]
         [Skipped:              0(  0.0%)]
         [Hashed:               1(100.0%)]
         [Known:                0(  0.0%)]
         [New:                  1(100.0%)    264.0B]
      [Deduplicated:            0(  0.0%)      0.0B(  0.0%)]
         [Young:                0(  0.0%)      0.0B(  0.0%)]
         [Old:                  0(  0.0%)      0.0B(  0.0%)]
   [Total Exec: 1578/0.8688074 secs, Idle: 1578/395497.2373788 secs, Blocked: 130/0.0925528 secs]
      [Inspected:         2928871]
         [Skipped:              0(  0.0%)]
         [Hashed:         1221347( 41.7%)]
         [Known:           188453(  6.4%)]
         [New:            2740418( 93.6%)    213.2M]
      [Deduplicated:      1919020( 70.0%)    127.2M( 59.7%)]
         [Young:           787702( 41.0%)  61795.5K( 47.4%)]
         [Old:            1131318( 59.0%)  68491.6K( 52.6%)]
   [Table]
      [Memory Usage: 8448.9K]
      [Size: 262144, Min: 1024, Max: 16777216]
      [Entries: 263797, Load: 100.6%, Cached: 9306, Added: 983730, Removed: 719933]
      [Resize Count: 8, Shrink Threshold: 174762(66.7%), Grow Threshold: 524288(200.0%)]
      [Rehash Count: 0, Rehash Threshold: 120, Hash Seed: 0x0]
      [Age Threshold: 3]
   [Queue]
      [Dropped: 0]
[GC concurrent-string-deduplication, deleted 0 entries, 0.0000006 secs]
2020-12-18T01:21:42.018+0530: 395708.589: [GC pause (G1 Evacuation Pause) (young), 0.0108251 secs]
   [Parallel Time: 2.4 ms, GC Workers: 10]
      [GC Worker Start (ms): Min: 395708589.0, Avg: 395708589.3, Max: 395708589.5, Diff: 0.5]
      [Ext Root Scanning (ms): Min: 0.5, Avg: 0.7, Max: 1.4, Diff: 0.9, Sum: 7.0]
      [Update RS (ms): Min: 0.4, Avg: 0.5, Max: 0.7, Diff: 0.3, Sum: 4.6]
         [Processed Buffers: Min: 2, Avg: 6.2, Max: 12, Diff: 10, Sum: 62]
      [Scan RS (ms): Min: 0.0, Avg: 0.0, Max: 0.0, Diff: 0.0, Sum: 0.0]
      [Code Root Scanning (ms): Min: 0.0, Avg: 0.0, Max: 0.0, Diff: 0.0, Sum: 0.0]
      [Object Copy (ms): Min: 0.0, Avg: 0.2, Max: 0.3, Diff: 0.3, Sum: 2.0]
      [Termination (ms): Min: 0.0, Avg: 0.2, Max: 0.2, Diff: 0.2, Sum: 1.5]
         [Termination Attempts: Min: 1, Avg: 1.3, Max: 3, Diff: 2, Sum: 13]
      [GC Worker Other (ms): Min: 0.0, Avg: 0.0, Max: 0.0, Diff: 0.0, Sum: 0.1]
      [GC Worker Total (ms): Min: 1.3, Avg: 1.5, Max: 1.8, Diff: 0.5, Sum: 15.2]
      [GC Worker End (ms): Min: 395708590.8, Avg: 395708590.8, Max: 395708590.8, Diff: 0.0]
   [Code Root Fixup: 0.0 ms]
   [Code Root Purge: 0.0 ms]
   [String Dedup Fixup: 2.7 ms, GC Workers: 10]
      [Queue Fixup (ms): Min: 0.0, Avg: 0.0, Max: 0.0, Diff: 0.0, Sum: 0.0]
      [Table Fixup (ms): Min: 2.0, Avg: 2.1, Max: 2.3, Diff: 0.3, Sum: 20.7]
   [Clear CT: 0.8 ms]
   [Other: 4.8 ms]
      [Choose CSet: 0.0 ms]
      [Ref Proc: 3.8 ms]
      [Ref Enq: 0.0 ms]
      [Redirty Cards: 0.8 ms]
      [Humongous Register: 0.0 ms]
      [Humongous Reclaim: 0.0 ms]
      [Free CSet: 0.1 ms]
   [Eden: 48128.0K(48128.0K)->0.0B(41984.0K) Survivors: 2048.0K->5120.0K Heap: 235.5M(267.0M)->191.6M(267.0M)]
 [Times: user=0.00 sys=0.00, real=0.01 secs] 
2020-12-18T01:21:42.029+0530: 395708.600: [GC concurrent-string-deduplication, 264.0B->264.0B(0.0B), avg 59.7%, 0.0000036 secs]
   [Last Exec: 0.0000036 secs, Idle: 210.0062374 secs, Blocked: 0/0.0000000 secs]
      [Inspected:               1]
         [Skipped:              0(  0.0%)]
         [Hashed:               1(100.0%)]
         [Known:                0(  0.0%)]
         [New:                  1(100.0%)    264.0B]
      [Deduplicated:            0(  0.0%)      0.0B(  0.0%)]
         [Young:                0(  0.0%)      0.0B(  0.0%)]
         [Old:                  0(  0.0%)      0.0B(  0.0%)]
   [Total Exec: 1579/0.8688110 secs, Idle: 1579/395707.2436162 secs, Blocked: 130/0.0925528 secs]
      [Inspected:         2928872]
         [Skipped:              0(  0.0%)]
         [Hashed:         1221348( 41.7%)]
         [Known:           188453(  6.4%)]
         [New:            2740419( 93.6%)    213.2M]
      [Deduplicated:      1919020( 70.0%)    127.2M( 59.7%)]
         [Young:           787702( 41.0%)  61795.5K( 47.4%)]
         [Old:            1131318( 59.0%)  68491.6K( 52.6%)]
   [Table]
      [Memory Usage: 8448.9K]
      [Size: 262144, Min: 1024, Max: 16777216]
      [Entries: 263813, Load: 100.6%, Cached: 9290, Added: 983746, Removed: 719933]
      [Resize Count: 8, Shrink Threshold: 174762(66.7%), Grow Threshold: 524288(200.0%)]
      [Rehash Count: 0, Rehash Threshold: 120, Hash Seed: 0x0]
      [Age Threshold: 3]
   [Queue]
      [Dropped: 0]
[GC concurrent-string-deduplication, deleted 0 entries, 0.0000008 secs]
2020-12-18T01:26:42.176+0530: 396008.748: [GC pause (G1 Evacuation Pause) (young) (initial-mark), 0.0106721 secs]
   [Parallel Time: 5.1 ms, GC Workers: 10]
      [GC Worker Start (ms): Min: 396008747.8, Avg: 396008748.0, Max: 396008748.2, Diff: 0.4]
      [Ext Root Scanning (ms): Min: 0.1, Avg: 2.9, Max: 3.5, Diff: 3.5, Sum: 29.4]
      [Update RS (ms): Min: 0.3, Avg: 0.5, Max: 0.8, Diff: 0.4, Sum: 5.0]
         [Processed Buffers: Min: 1, Avg: 5.0, Max: 14, Diff: 13, Sum: 50]
      [Scan RS (ms): Min: 0.0, Avg: 0.0, Max: 0.0, Diff: 0.0, Sum: 0.0]
      [Code Root Scanning (ms): Min: 0.0, Avg: 0.0, Max: 0.0, Diff: 0.0, Sum: 0.0]
      [Object Copy (ms): Min: 0.1, Avg: 0.2, Max: 0.4, Diff: 0.3, Sum: 2.3]
      [Termination (ms): Min: 0.0, Avg: 0.2, Max: 0.2, Diff: 0.2, Sum: 1.6]
         [Termination Attempts: Min: 1, Avg: 1.4, Max: 3, Diff: 2, Sum: 14]
      [GC Worker Other (ms): Min: 0.0, Avg: 0.3, Max: 3.1, Diff: 3.1, Sum: 3.3]
      [GC Worker Total (ms): Min: 4.0, Avg: 4.2, Max: 4.4, Diff: 0.4, Sum: 41.5]
      [GC Worker End (ms): Min: 396008752.2, Avg: 396008752.2, Max: 396008752.2, Diff: 0.0]
   [Code Root Fixup: 0.0 ms]
   [Code Root Purge: 0.0 ms]
   [String Dedup Fixup: 2.6 ms, GC Workers: 10]
      [Queue Fixup (ms): Min: 0.0, Avg: 0.0, Max: 0.0, Diff: 0.0, Sum: 0.0]
      [Table Fixup (ms): Min: 2.3, Avg: 2.4, Max: 2.5, Diff: 0.2, Sum: 23.8]
   [Clear CT: 1.3 ms]
   [Other: 1.7 ms]
      [Choose CSet: 0.0 ms]
      [Ref Proc: 0.7 ms]
      [Ref Enq: 0.0 ms]
      [Redirty Cards: 0.9 ms]
      [Humongous Register: 0.0 ms]
      [Humongous Reclaim: 0.0 ms]
      [Free CSet: 0.0 ms]
   [Eden: 41984.0K(41984.0K)->0.0B(50176.0K) Survivors: 5120.0K->1024.0K Heap: 232.6M(267.0M)->187.8M(267.0M)]
 [Times: user=0.00 sys=0.00, real=0.01 secs] 
2020-12-18T01:26:42.187+0530: 396008.759: [GC concurrent-root-region-scan-start]
2020-12-18T01:26:42.187+0530: 396008.759: [GC concurrent-string-deduplication, 7488.0B->4944.0B(2544.0B), avg 59.7%, 0.0000396 secs]
   [Last Exec: 0.0000396 secs, Idle: 300.1585749 secs, Blocked: 0/0.0000000 secs]
      [Inspected:             135]
         [Skipped:              0(  0.0%)]
         [Hashed:             118( 87.4%)]
         [Known:                3(  2.2%)]
         [New:                132( 97.8%)   7488.0B]
      [Deduplicated:           79( 59.8%)   2544.0B( 34.0%)]
         [Young:               79(100.0%)   2544.0B(100.0%)]
         [Old:                  0(  0.0%)      0.0B(  0.0%)]
   [Total Exec: 1580/0.8688506 secs, Idle: 1580/396007.4021911 secs, Blocked: 130/0.0925528 secs]
      [Inspected:         2929007]
         [Skipped:              0(  0.0%)]
         [Hashed:         1221466( 41.7%)]
         [Known:           188456(  6.4%)]
         [New:            2740551( 93.6%)    213.2M]
      [Deduplicated:      1919099( 70.0%)    127.2M( 59.7%)]
         [Young:           787781( 41.0%)  61798.0K( 47.4%)]
         [Old:            1131318( 59.0%)  68491.6K( 52.6%)]
   [Table]
      [Memory Usage: 8448.9K]
      [Size: 262144, Min: 1024, Max: 16777216]
      [Entries: 263866, Load: 100.7%, Cached: 9237, Added: 983799, Removed: 719933]
      [Resize Count: 8, Shrink Threshold: 174762(66.7%), Grow Threshold: 524288(200.0%)]
      [Rehash Count: 0, Rehash Threshold: 120, Hash Seed: 0x0]
      [Age Threshold: 3]
   [Queue]
      [Dropped: 0]
[GC concurrent-string-deduplication, deleted 0 entries, 0.0000006 secs]
2020-12-18T01:26:42.189+0530: 396008.760: [GC concurrent-root-region-scan-end, 0.0016419 secs]
2020-12-18T01:26:42.189+0530: 396008.760: [GC concurrent-mark-start]
2020-12-18T01:26:42.267+0530: 396008.838: [GC concurrent-mark-end, 0.0776427 secs]
2020-12-18T01:26:42.267+0530: 396008.838: [GC remark 2020-12-18T01:26:42.267+0530: 396008.838: [Finalize Marking, 0.0003500 secs] 2020-12-18T01:26:42.267+0530: 396008.839: [GC ref-proc, 0.0005003 secs] 2020-12-18T01:26:42.268+0530: 396008.839: [Unloading, 0.0202727 secs], 0.0222305 secs]
 [Times: user=0.16 sys=0.00, real=0.02 secs] 
2020-12-18T01:26:42.290+0530: 396008.861: [GC cleanup 191M->191M(267M), 0.0042782 secs]
 [Times: user=0.00 sys=0.00, real=0.00 secs] 
2020-12-18T01:32:33.249+0530: 396359.821: [GC pause (G1 Evacuation Pause) (young), 0.0071375 secs]
   [Parallel Time: 2.3 ms, GC Workers: 10]
      [GC Worker Start (ms): Min: 396359820.7, Avg: 396359821.0, Max: 396359821.2, Diff: 0.5]
      [Ext Root Scanning (ms): Min: 0.6, Avg: 0.8, Max: 1.4, Diff: 0.8, Sum: 8.2]
      [Update RS (ms): Min: 0.5, Avg: 0.6, Max: 1.0, Diff: 0.5, Sum: 6.1]
         [Processed Buffers: Min: 1, Avg: 5.1, Max: 15, Diff: 14, Sum: 51]
      [Scan RS (ms): Min: 0.0, Avg: 0.0, Max: 0.0, Diff: 0.0, Sum: 0.1]
      [Code Root Scanning (ms): Min: 0.0, Avg: 0.0, Max: 0.0, Diff: 0.0, Sum: 0.0]
      [Object Copy (ms): Min: 0.1, Avg: 0.3, Max: 0.4, Diff: 0.3, Sum: 2.5]
      [Termination (ms): Min: 0.0, Avg: 0.2, Max: 0.2, Diff: 0.2, Sum: 2.0]
         [Termination Attempts: Min: 1, Avg: 1.0, Max: 1, Diff: 0, Sum: 10]
      [GC Worker Other (ms): Min: 0.0, Avg: 0.0, Max: 0.0, Diff: 0.0, Sum: 0.1]
      [GC Worker Total (ms): Min: 1.7, Avg: 1.9, Max: 2.2, Diff: 0.5, Sum: 19.0]
      [GC Worker End (ms): Min: 396359822.9, Avg: 396359822.9, Max: 396359822.9, Diff: 0.0]
   [Code Root Fixup: 0.0 ms]
   [Code Root Purge: 0.0 ms]
   [String Dedup Fixup: 2.5 ms, GC Workers: 10]
      [Queue Fixup (ms): Min: 0.0, Avg: 0.0, Max: 0.0, Diff: 0.0, Sum: 0.0]
      [Table Fixup (ms): Min: 1.8, Avg: 1.9, Max: 2.1, Diff: 0.3, Sum: 19.2]
   [Clear CT: 0.7 ms]
   [Other: 1.6 ms]
      [Choose CSet: 0.0 ms]
      [Ref Proc: 0.7 ms]
      [Ref Enq: 0.0 ms]
      [Redirty Cards: 0.7 ms]
      [Humongous Register: 0.0 ms]
      [Humongous Reclaim: 0.0 ms]
      [Free CSet: 0.0 ms]
   [Eden: 50176.0K(50176.0K)->0.0B(50176.0K) Survivors: 1024.0K->1024.0K Heap: 236.8M(267.0M)->187.6M(267.0M)]
 [Times: user=0.02 sys=0.00, real=0.01 secs] 
2020-12-18T01:32:33.257+0530: 396359.828: [GC concurrent-string-deduplication, 10920.0B->9936.0B(984.0B), avg 59.7%, 0.0000300 secs]
   [Last Exec: 0.0000300 secs, Idle: 351.0692627 secs, Blocked: 0/0.0000000 secs]
      [Inspected:              80]
         [Skipped:              0(  0.0%)]
         [Hashed:              62( 77.5%)]
         [Known:               16( 20.0%)]
         [New:                 64( 80.0%)  10920.0B]
      [Deduplicated:           28( 43.8%)    984.0B(  9.0%)]
         [Young:               28(100.0%)    984.0B(100.0%)]
         [Old:                  0(  0.0%)      0.0B(  0.0%)]
   [Total Exec: 1581/0.8688806 secs, Idle: 1581/396358.4714538 secs, Blocked: 130/0.0925528 secs]
      [Inspected:         2929087]
         [Skipped:              0(  0.0%)]
         [Hashed:         1221528( 41.7%)]
         [Known:           188472(  6.4%)]
         [New:            2740615( 93.6%)    213.2M]
      [Deduplicated:      1919127( 70.0%)    127.2M( 59.7%)]
         [Young:           787809( 41.1%)  61799.0K( 47.4%)]
         [Old:            1131318( 58.9%)  68491.6K( 52.6%)]
   [Table]
      [Memory Usage: 8448.9K]
      [Size: 262144, Min: 1024, Max: 16777216]
      [Entries: 263891, Load: 100.7%, Cached: 9212, Added: 983873, Removed: 719982]
      [Resize Count: 8, Shrink Threshold: 174762(66.7%), Grow Threshold: 524288(200.0%)]
      [Rehash Count: 0, Rehash Threshold: 120, Hash Seed: 0x0]
      [Age Threshold: 3]
   [Queue]
      [Dropped: 0]
[GC concurrent-string-deduplication, deleted 0 entries, 0.0000006 secs]
2020-12-18T01:40:56.342+0530: 396862.913: [GC pause (G1 Evacuation Pause) (young), 0.0074883 secs]
   [Parallel Time: 2.3 ms, GC Workers: 10]
      [GC Worker Start (ms): Min: 396862913.1, Avg: 396862913.5, Max: 396862913.8, Diff: 0.6]
      [Ext Root Scanning (ms): Min: 0.5, Avg: 0.7, Max: 1.3, Diff: 0.9, Sum: 7.5]
      [Update RS (ms): Min: 0.4, Avg: 0.6, Max: 1.0, Diff: 0.6, Sum: 6.3]
         [Processed Buffers: Min: 1, Avg: 5.9, Max: 19, Diff: 18, Sum: 59]
      [Scan RS (ms): Min: 0.0, Avg: 0.0, Max: 0.0, Diff: 0.0, Sum: 0.1]
      [Code Root Scanning (ms): Min: 0.0, Avg: 0.0, Max: 0.0, Diff: 0.0, Sum: 0.0]
      [Object Copy (ms): Min: 0.1, Avg: 0.3, Max: 0.4, Diff: 0.3, Sum: 2.9]
      [Termination (ms): Min: 0.0, Avg: 0.2, Max: 0.2, Diff: 0.2, Sum: 1.7]
         [Termination Attempts: Min: 1, Avg: 1.0, Max: 1, Diff: 0, Sum: 10]
      [GC Worker Other (ms): Min: 0.0, Avg: 0.0, Max: 0.0, Diff: 0.0, Sum: 0.1]
      [GC Worker Total (ms): Min: 1.6, Avg: 1.9, Max: 2.2, Diff: 0.6, Sum: 18.5]
      [GC Worker End (ms): Min: 396862915.3, Avg: 396862915.3, Max: 396862915.3, Diff: 0.0]
   [Code Root Fixup: 0.0 ms]
   [Code Root Purge: 0.0 ms]
   [String Dedup Fixup: 2.4 ms, GC Workers: 10]
      [Queue Fixup (ms): Min: 0.0, Avg: 0.0, Max: 0.0, Diff: 0.0, Sum: 0.0]
      [Table Fixup (ms): Min: 1.8, Avg: 1.9, Max: 2.1, Diff: 0.3, Sum: 19.5]
   [Clear CT: 0.9 ms]
   [Other: 1.9 ms]
      [Choose CSet: 0.0 ms]
      [Ref Proc: 0.9 ms]
      [Ref Enq: 0.0 ms]
      [Redirty Cards: 0.8 ms]
      [Humongous Register: 0.0 ms]
      [Humongous Reclaim: 0.0 ms]
      [Free CSet: 0.1 ms]
   [Eden: 50176.0K(50176.0K)->0.0B(50176.0K) Survivors: 1024.0K->1024.0K Heap: 236.6M(267.0M)->187.7M(267.0M)]
 [Times: user=0.16 sys=0.00, real=0.01 secs] 
2020-12-18T01:40:56.350+0530: 396862.921: [GC concurrent-string-deduplication, 264.0B->264.0B(0.0B), avg 59.7%, 0.0000034 secs]
   [Last Exec: 0.0000034 secs, Idle: 503.0927775 secs, Blocked: 0/0.0000000 secs]
      [Inspected:               1]
         [Skipped:              0(  0.0%)]
         [Hashed:               1(100.0%)]
         [Known:                0(  0.0%)]
         [New:                  1(100.0%)    264.0B]
      [Deduplicated:            0(  0.0%)      0.0B(  0.0%)]
         [Young:                0(  0.0%)      0.0B(  0.0%)]
         [Old:                  0(  0.0%)      0.0B(  0.0%)]
   [Total Exec: 1582/0.8688840 secs, Idle: 1582/396861.5642313 secs, Blocked: 130/0.0925528 secs]
      [Inspected:         2929088]
         [Skipped:              0(  0.0%)]
         [Hashed:         1221529( 41.7%)]
         [Known:           188472(  6.4%)]
         [New:            2740616( 93.6%)    213.2M]
      [Deduplicated:      1919127( 70.0%)    127.2M( 59.7%)]
         [Young:           787809( 41.1%)  61799.0K( 47.4%)]
         [Old:            1131318( 58.9%)  68491.6K( 52.6%)]
   [Table]
      [Memory Usage: 8448.9K]
      [Size: 262144, Min: 1024, Max: 16777216]
      [Entries: 263898, Load: 100.7%, Cached: 9205, Added: 983880, Removed: 719982]
      [Resize Count: 8, Shrink Threshold: 174762(66.7%), Grow Threshold: 524288(200.0%)]
      [Rehash Count: 0, Rehash Threshold: 120, Hash Seed: 0x0]
      [Age Threshold: 3]
   [Queue]
      [Dropped: 0]
[GC concurrent-string-deduplication, deleted 0 entries, 0.0000006 secs]
2020-12-18T01:46:42.818+0530: 397209.389: [GC pause (G1 Evacuation Pause) (young) (initial-mark), 0.0074526 secs]
   [Parallel Time: 3.1 ms, GC Workers: 10]
      [GC Worker Start (ms): Min: 397209389.3, Avg: 397209389.7, Max: 397209390.0, Diff: 0.6]
      [Ext Root Scanning (ms): Min: 1.4, Avg: 1.6, Max: 1.9, Diff: 0.6, Sum: 16.2]
      [Update RS (ms): Min: 0.3, Avg: 0.4, Max: 0.7, Diff: 0.4, Sum: 4.1]
         [Processed Buffers: Min: 1, Avg: 5.2, Max: 18, Diff: 17, Sum: 52]
      [Scan RS (ms): Min: 0.0, Avg: 0.0, Max: 0.0, Diff: 0.0, Sum: 0.0]
      [Code Root Scanning (ms): Min: 0.0, Avg: 0.0, Max: 0.0, Diff: 0.0, Sum: 0.0]
      [Object Copy (ms): Min: 0.0, Avg: 0.2, Max: 0.3, Diff: 0.3, Sum: 2.0]
      [Termination (ms): Min: 0.0, Avg: 0.0, Max: 0.1, Diff: 0.1, Sum: 0.4]
         [Termination Attempts: Min: 1, Avg: 1.5, Max: 3, Diff: 2, Sum: 15]
      [GC Worker Other (ms): Min: 0.0, Avg: 0.0, Max: 0.0, Diff: 0.0, Sum: 0.1]
      [GC Worker Total (ms): Min: 2.0, Avg: 2.3, Max: 2.6, Diff: 0.6, Sum: 22.9]
      [GC Worker End (ms): Min: 397209392.0, Avg: 397209392.0, Max: 397209392.0, Diff: 0.0]
   [Code Root Fixup: 0.0 ms]
   [Code Root Purge: 0.0 ms]
   [String Dedup Fixup: 2.2 ms, GC Workers: 10]
      [Queue Fixup (ms): Min: 0.0, Avg: 0.0, Max: 0.0, Diff: 0.0, Sum: 0.0]
      [Table Fixup (ms): Min: 1.7, Avg: 1.8, Max: 2.0, Diff: 0.3, Sum: 18.2]
   [Clear CT: 1.0 ms]
   [Other: 1.2 ms]
      [Choose CSet: 0.0 ms]
      [Ref Proc: 0.3 ms]
      [Ref Enq: 0.0 ms]
      [Redirty Cards: 0.6 ms]
      [Humongous Register: 0.0 ms]
      [Humongous Reclaim: 0.0 ms]
      [Free CSet: 0.0 ms]
   [Eden: 50176.0K(50176.0K)->0.0B(50176.0K) Survivors: 1024.0K->1024.0K Heap: 236.7M(267.0M)->187.4M(267.0M)]
 [Times: user=0.00 sys=0.00, real=0.01 secs] 
2020-12-18T01:46:42.826+0530: 397209.397: [GC concurrent-root-region-scan-start]
2020-12-18T01:46:42.826+0530: 397209.397: [GC concurrent-string-deduplication, 264.0B->264.0B(0.0B), avg 59.7%, 0.0000142 secs]
   [Last Exec: 0.0000142 secs, Idle: 346.4761799 secs, Blocked: 0/0.0000000 secs]
      [Inspected:              39]
         [Skipped:              0(  0.0%)]
         [Hashed:               1(  2.6%)]
         [Known:               38( 97.4%)]
         [New:                  1(  2.6%)    264.0B]
      [Deduplicated:            0(  0.0%)      0.0B(  0.0%)]
         [Young:                0(  0.0%)      0.0B(  0.0%)]
         [Old:                  0(  0.0%)      0.0B(  0.0%)]
   [Total Exec: 1583/0.8688982 secs, Idle: 1583/397208.0404112 secs, Blocked: 130/0.0925528 secs]
      [Inspected:         2929127]
         [Skipped:              0(  0.0%)]
         [Hashed:         1221530( 41.7%)]
         [Known:           188510(  6.4%)]
         [New:            2740617( 93.6%)    213.2M]
      [Deduplicated:      1919127( 70.0%)    127.2M( 59.7%)]
         [Young:           787809( 41.1%)  61799.0K( 47.4%)]
         [Old:            1131318( 58.9%)  68491.6K( 52.6%)]
   [Table]
      [Memory Usage: 8448.9K]
      [Size: 262144, Min: 1024, Max: 16777216]
      [Entries: 263822, Load: 100.6%, Cached: 9281, Added: 983881, Removed: 720059]
      [Resize Count: 8, Shrink Threshold: 174762(66.7%), Grow Threshold: 524288(200.0%)]
      [Rehash Count: 0, Rehash Threshold: 120, Hash Seed: 0x0]
      [Age Threshold: 3]
   [Queue]
      [Dropped: 0]
[GC concurrent-string-deduplication, deleted 0 entries, 0.0000009 secs]
2020-12-18T01:46:42.828+0530: 397209.399: [GC concurrent-root-region-scan-end, 0.0018311 secs]
2020-12-18T01:46:42.828+0530: 397209.399: [GC concurrent-mark-start]
2020-12-18T01:46:42.906+0530: 397209.477: [GC concurrent-mark-end, 0.0780214 secs]
2020-12-18T01:46:42.906+0530: 397209.477: [GC remark 2020-12-18T01:46:42.906+0530: 397209.477: [Finalize Marking, 0.0006340 secs] 2020-12-18T01:46:42.907+0530: 397209.478: [GC ref-proc, 0.0005311 secs] 2020-12-18T01:46:42.907+0530: 397209.478: [Unloading, 0.0194030 secs], 0.0214937 secs]
 [Times: user=0.16 sys=0.00, real=0.02 secs] 
2020-12-18T01:46:42.928+0530: 397209.499: [GC cleanup 205M->205M(267M), 0.0037936 secs]
 [Times: user=0.00 sys=0.00, real=0.00 secs] 
2020-12-18T01:51:43.024+0530: 397509.595: [GC pause (G1 Evacuation Pause) (young), 0.0072857 secs]
   [Parallel Time: 2.3 ms, GC Workers: 10]
      [GC Worker Start (ms): Min: 397509594.9, Avg: 397509595.2, Max: 397509595.3, Diff: 0.4]
      [Ext Root Scanning (ms): Min: 0.5, Avg: 0.7, Max: 1.5, Diff: 1.0, Sum: 7.4]
      [Update RS (ms): Min: 0.0, Avg: 0.5, Max: 0.7, Diff: 0.7, Sum: 4.5]
         [Processed Buffers: Min: 0, Avg: 5.6, Max: 14, Diff: 14, Sum: 56]
      [Scan RS (ms): Min: 0.0, Avg: 0.0, Max: 0.0, Diff: 0.0, Sum: 0.0]
      [Code Root Scanning (ms): Min: 0.0, Avg: 0.0, Max: 0.0, Diff: 0.0, Sum: 0.0]
      [Object Copy (ms): Min: 0.0, Avg: 0.2, Max: 0.2, Diff: 0.2, Sum: 1.7]
      [Termination (ms): Min: 0.0, Avg: 0.1, Max: 0.2, Diff: 0.2, Sum: 1.4]
         [Termination Attempts: Min: 1, Avg: 1.0, Max: 1, Diff: 0, Sum: 10]
      [GC Worker Other (ms): Min: 0.0, Avg: 0.0, Max: 0.0, Diff: 0.0, Sum: 0.2]
      [GC Worker Total (ms): Min: 1.3, Avg: 1.5, Max: 1.7, Diff: 0.4, Sum: 15.2]
      [GC Worker End (ms): Min: 397509596.7, Avg: 397509596.7, Max: 397509596.7, Diff: 0.0]
   [Code Root Fixup: 0.0 ms]
   [Code Root Purge: 0.0 ms]
   [String Dedup Fixup: 2.5 ms, GC Workers: 10]
      [Queue Fixup (ms): Min: 0.0, Avg: 0.0, Max: 0.0, Diff: 0.0, Sum: 0.0]
      [Table Fixup (ms): Min: 1.8, Avg: 1.9, Max: 2.0, Diff: 0.2, Sum: 18.9]
   [Clear CT: 0.8 ms]
   [Other: 1.7 ms]
      [Choose CSet: 0.0 ms]
      [Ref Proc: 0.9 ms]
      [Ref Enq: 0.0 ms]
      [Redirty Cards: 0.7 ms]
      [Humongous Register: 0.0 ms]
      [Humongous Reclaim: 0.0 ms]
      [Free CSet: 0.1 ms]
   [Eden: 50176.0K(50176.0K)->0.0B(50176.0K) Survivors: 1024.0K->1024.0K Heap: 236.4M(267.0M)->187.9M(267.0M)]
 [Times: user=0.00 sys=0.00, real=0.01 secs] 
2020-12-18T01:51:43.032+0530: 397509.602: [GC concurrent-string-deduplication, 528.0B->528.0B(0.0B), avg 59.7%, 0.0000281 secs]
   [Last Exec: 0.0000281 secs, Idle: 300.2053282 secs, Blocked: 0/0.0000000 secs]
      [Inspected:              10]
         [Skipped:              0(  0.0%)]
         [Hashed:               2( 20.0%)]
         [Known:                8( 80.0%)]
         [New:                  2( 20.0%)    528.0B]
      [Deduplicated:            0(  0.0%)      0.0B(  0.0%)]
         [Young:                0(  0.0%)      0.0B(  0.0%)]
         [Old:                  0(  0.0%)      0.0B(  0.0%)]
   [Total Exec: 1584/0.8689263 secs, Idle: 1584/397508.2457394 secs, Blocked: 130/0.0925528 secs]
      [Inspected:         2929137]
         [Skipped:              0(  0.0%)]
         [Hashed:         1221532( 41.7%)]
         [Known:           188518(  6.4%)]
         [New:            2740619( 93.6%)    213.2M]
      [Deduplicated:      1919127( 70.0%)    127.2M( 59.7%)]
         [Young:           787809( 41.1%)  61799.0K( 47.4%)]
         [Old:            1131318( 58.9%)  68491.6K( 52.6%)]
   [Table]
      [Memory Usage: 8448.9K]
      [Size: 262144, Min: 1024, Max: 16777216]
      [Entries: 263779, Load: 100.6%, Cached: 9324, Added: 983913, Removed: 720134]
      [Resize Count: 8, Shrink Threshold: 174762(66.7%), Grow Threshold: 524288(200.0%)]
      [Rehash Count: 0, Rehash Threshold: 120, Hash Seed: 0x0]
      [Age Threshold: 3]
   [Queue]
      [Dropped: 0]
[GC concurrent-string-deduplication, deleted 0 entries, 0.0000007 secs]
2020-12-18T01:56:43.201+0530: 397809.772: [GC pause (G1 Evacuation Pause) (young), 0.0062750 secs]
   [Parallel Time: 2.2 ms, GC Workers: 10]
      [GC Worker Start (ms): Min: 397809772.2, Avg: 397809772.4, Max: 397809772.6, Diff: 0.4]
      [Ext Root Scanning (ms): Min: 0.4, Avg: 0.7, Max: 1.4, Diff: 1.0, Sum: 7.1]
      [Update RS (ms): Min: 0.0, Avg: 0.5, Max: 0.7, Diff: 0.7, Sum: 4.6]
         [Processed Buffers: Min: 1, Avg: 5.3, Max: 13, Diff: 12, Sum: 53]
      [Scan RS (ms): Min: 0.0, Avg: 0.0, Max: 0.0, Diff: 0.0, Sum: 0.0]
      [Code Root Scanning (ms): Min: 0.0, Avg: 0.0, Max: 0.0, Diff: 0.0, Sum: 0.0]
      [Object Copy (ms): Min: 0.0, Avg: 0.2, Max: 0.3, Diff: 0.2, Sum: 1.7]
      [Termination (ms): Min: 0.0, Avg: 0.1, Max: 0.2, Diff: 0.2, Sum: 1.4]
         [Termination Attempts: Min: 1, Avg: 1.0, Max: 1, Diff: 0, Sum: 10]
      [GC Worker Other (ms): Min: 0.0, Avg: 0.0, Max: 0.0, Diff: 0.0, Sum: 0.1]
      [GC Worker Total (ms): Min: 1.3, Avg: 1.5, Max: 1.7, Diff: 0.4, Sum: 15.0]
      [GC Worker End (ms): Min: 397809773.9, Avg: 397809773.9, Max: 397809773.9, Diff: 0.0]
   [Code Root Fixup: 0.0 ms]
   [Code Root Purge: 0.0 ms]
   [String Dedup Fixup: 2.3 ms, GC Workers: 10]
      [Queue Fixup (ms): Min: 0.0, Avg: 0.0, Max: 0.0, Diff: 0.0, Sum: 0.0]
      [Table Fixup (ms): Min: 1.6, Avg: 1.7, Max: 1.9, Diff: 0.2, Sum: 17.3]
   [Clear CT: 0.4 ms]
   [Other: 1.4 ms]
      [Choose CSet: 0.0 ms]
      [Ref Proc: 0.7 ms]
      [Ref Enq: 0.0 ms]
      [Redirty Cards: 0.6 ms]
      [Humongous Register: 0.0 ms]
      [Humongous Reclaim: 0.0 ms]
      [Free CSet: 0.0 ms]
   [Eden: 50176.0K(50176.0K)->0.0B(50176.0K) Survivors: 1024.0K->1024.0K Heap: 236.9M(267.0M)->187.4M(267.0M)]
 [Times: user=0.16 sys=0.00, real=0.01 secs] 
2020-12-18T01:56:43.207+0530: 397809.779: [GC concurrent-string-deduplication, 264.0B->264.0B(0.0B), avg 59.7%, 0.0000041 secs]
   [Last Exec: 0.0000041 secs, Idle: 300.1761396 secs, Blocked: 0/0.0000000 secs]
      [Inspected:               1]
         [Skipped:              0(  0.0%)]
         [Hashed:               1(100.0%)]
         [Known:                0(  0.0%)]
         [New:                  1(100.0%)    264.0B]
      [Deduplicated:            0(  0.0%)      0.0B(  0.0%)]
         [Young:                0(  0.0%)      0.0B(  0.0%)]
         [Old:                  0(  0.0%)      0.0B(  0.0%)]
   [Total Exec: 1585/0.8689304 secs, Idle: 1585/397808.4218790 secs, Blocked: 130/0.0925528 secs]
      [Inspected:         2929138]
         [Skipped:              0(  0.0%)]
         [Hashed:         1221533( 41.7%)]
         [Known:           188518(  6.4%)]
         [New:            2740620( 93.6%)    213.2M]
      [Deduplicated:      1919127( 70.0%)    127.2M( 59.7%)]
         [Young:           787809( 41.1%)  61799.0K( 47.4%)]
         [Old:            1131318( 58.9%)  68491.6K( 52.6%)]
   [Table]
      [Memory Usage: 8448.9K]
      [Size: 262144, Min: 1024, Max: 16777216]
      [Entries: 263780, Load: 100.6%, Cached: 9323, Added: 983914, Removed: 720134]
      [Resize Count: 8, Shrink Threshold: 174762(66.7%), Grow Threshold: 524288(200.0%)]
      [Rehash Count: 0, Rehash Threshold: 120, Hash Seed: 0x0]
      [Age Threshold: 3]
   [Queue]
      [Dropped: 0]
[GC concurrent-string-deduplication, deleted 0 entries, 0.0000007 secs]
2020-12-18T02:01:43.396+0530: 398109.967: [GC pause (G1 Evacuation Pause) (young) (initial-mark), 0.0077234 secs]
   [Parallel Time: 3.2 ms, GC Workers: 10]
      [GC Worker Start (ms): Min: 398109966.6, Avg: 398109966.8, Max: 398109967.0, Diff: 0.3]
      [Ext Root Scanning (ms): Min: 1.4, Avg: 1.6, Max: 2.0, Diff: 0.5, Sum: 16.3]
      [Update RS (ms): Min: 0.3, Avg: 0.4, Max: 0.7, Diff: 0.4, Sum: 4.3]
         [Processed Buffers: Min: 1, Avg: 5.1, Max: 15, Diff: 14, Sum: 51]
      [Scan RS (ms): Min: 0.0, Avg: 0.0, Max: 0.0, Diff: 0.0, Sum: 0.0]
      [Code Root Scanning (ms): Min: 0.0, Avg: 0.0, Max: 0.0, Diff: 0.0, Sum: 0.0]
      [Object Copy (ms): Min: 0.1, Avg: 0.2, Max: 0.2, Diff: 0.2, Sum: 1.7]
      [Termination (ms): Min: 0.0, Avg: 0.2, Max: 0.2, Diff: 0.2, Sum: 1.7]
         [Termination Attempts: Min: 1, Avg: 1.2, Max: 2, Diff: 1, Sum: 12]
      [GC Worker Other (ms): Min: 0.0, Avg: 0.0, Max: 0.0, Diff: 0.0, Sum: 0.1]
      [GC Worker Total (ms): Min: 2.3, Avg: 2.4, Max: 2.6, Diff: 0.3, Sum: 24.1]
      [GC Worker End (ms): Min: 398109969.2, Avg: 398109969.2, Max: 398109969.3, Diff: 0.0]
   [Code Root Fixup: 0.0 ms]
   [Code Root Purge: 0.0 ms]
   [String Dedup Fixup: 2.5 ms, GC Workers: 10]
      [Queue Fixup (ms): Min: 0.0, Avg: 0.0, Max: 0.0, Diff: 0.0, Sum: 0.0]
      [Table Fixup (ms): Min: 1.7, Avg: 1.9, Max: 2.0, Diff: 0.3, Sum: 18.5]
   [Clear CT: 0.8 ms]
   [Other: 1.2 ms]
      [Choose CSet: 0.0 ms]
      [Ref Proc: 0.3 ms]
      [Ref Enq: 0.0 ms]
      [Redirty Cards: 0.7 ms]
      [Humongous Register: 0.0 ms]
      [Humongous Reclaim: 0.0 ms]
      [Free CSet: 0.0 ms]
   [Eden: 50176.0K(50176.0K)->0.0B(50176.0K) Survivors: 1024.0K->1024.0K Heap: 236.4M(267.0M)->187.3M(267.0M)]
 [Times: user=0.00 sys=0.00, real=0.01 secs] 
2020-12-18T02:01:43.404+0530: 398109.974: [GC concurrent-root-region-scan-start]
2020-12-18T02:01:43.404+0530: 398109.974: [GC concurrent-string-deduplication, 2032.0B->1320.0B(712.0B), avg 59.7%, 0.0000234 secs]
   [Last Exec: 0.0000234 secs, Idle: 300.1958489 secs, Blocked: 0/0.0000000 secs]
      [Inspected:              61]
         [Skipped:              0(  0.0%)]
         [Hashed:              25( 41.0%)]
         [Known:               31( 50.8%)]
         [New:                 30( 49.2%)   2032.0B]
      [Deduplicated:           19( 63.3%)    712.0B( 35.0%)]
         [Young:               19(100.0%)    712.0B(100.0%)]
         [Old:                  0(  0.0%)      0.0B(  0.0%)]
   [Total Exec: 1586/0.8689538 secs, Idle: 1586/398108.6177279 secs, Blocked: 130/0.0925528 secs]
      [Inspected:         2929199]
         [Skipped:              0(  0.0%)]
         [Hashed:         1221558( 41.7%)]
         [Known:           188549(  6.4%)]
         [New:            2740650( 93.6%)    213.3M]
      [Deduplicated:      1919146( 70.0%)    127.2M( 59.7%)]
         [Young:           787828( 41.1%)  61799.7K( 47.4%)]
         [Old:            1131318( 58.9%)  68491.6K( 52.6%)]
   [Table]
      [Memory Usage: 8448.9K]
      [Size: 262144, Min: 1024, Max: 16777216]
      [Entries: 263791, Load: 100.6%, Cached: 9312, Added: 983925, Removed: 720134]
      [Resize Count: 8, Shrink Threshold: 174762(66.7%), Grow Threshold: 524288(200.0%)]
      [Rehash Count: 0, Rehash Threshold: 120, Hash Seed: 0x0]
      [Age Threshold: 3]
   [Queue]
      [Dropped: 0]
[GC concurrent-string-deduplication, deleted 0 entries, 0.0000007 secs]
2020-12-18T02:01:43.406+0530: 398109.976: [GC concurrent-root-region-scan-end, 0.0016279 secs]
2020-12-18T02:01:43.406+0530: 398109.976: [GC concurrent-mark-start]
2020-12-18T02:01:43.484+0530: 398110.054: [GC concurrent-mark-end, 0.0779956 secs]
2020-12-18T02:01:43.484+0530: 398110.055: [GC remark 2020-12-18T02:01:43.484+0530: 398110.055: [Finalize Marking, 0.0006664 secs] 2020-12-18T02:01:43.485+0530: 398110.055: [GC ref-proc, 0.0005002 secs] 2020-12-18T02:01:43.485+0530: 398110.056: [Unloading, 0.0189335 secs], 0.0209472 secs]
 [Times: user=0.30 sys=0.02, real=0.02 secs] 
2020-12-18T02:01:43.506+0530: 398110.076: [GC cleanup 189M->189M(267M), 0.0030451 secs]
 [Times: user=0.00 sys=0.00, real=0.00 secs] 
2020-12-18T02:07:44.883+0530: 398471.453: [GC pause (G1 Evacuation Pause) (young), 0.0092927 secs]
   [Parallel Time: 4.3 ms, GC Workers: 10]
      [GC Worker Start (ms): Min: 398471453.9, Avg: 398471454.3, Max: 398471454.7, Diff: 0.8]
      [Ext Root Scanning (ms): Min: 1.3, Avg: 1.9, Max: 3.0, Diff: 1.6, Sum: 19.4]
      [Update RS (ms): Min: 0.0, Avg: 0.5, Max: 0.7, Diff: 0.7, Sum: 5.0]
         [Processed Buffers: Min: 0, Avg: 5.5, Max: 18, Diff: 18, Sum: 55]
      [Scan RS (ms): Min: 0.0, Avg: 0.0, Max: 0.0, Diff: 0.0, Sum: 0.0]
      [Code Root Scanning (ms): Min: 0.0, Avg: 0.0, Max: 0.0, Diff: 0.0, Sum: 0.0]
      [Object Copy (ms): Min: 0.0, Avg: 0.3, Max: 0.5, Diff: 0.5, Sum: 2.8]
      [Termination (ms): Min: 0.0, Avg: 0.1, Max: 0.2, Diff: 0.2, Sum: 1.5]
         [Termination Attempts: Min: 1, Avg: 1.0, Max: 1, Diff: 0, Sum: 10]
      [GC Worker Other (ms): Min: 0.0, Avg: 0.0, Max: 0.0, Diff: 0.0, Sum: 0.2]
      [GC Worker Total (ms): Min: 2.5, Avg: 2.9, Max: 3.3, Diff: 0.8, Sum: 28.8]
      [GC Worker End (ms): Min: 398471457.2, Avg: 398471457.2, Max: 398471457.2, Diff: 0.0]
   [Code Root Fixup: 0.0 ms]
   [Code Root Purge: 0.0 ms]
   [String Dedup Fixup: 2.7 ms, GC Workers: 10]
      [Queue Fixup (ms): Min: 0.0, Avg: 0.0, Max: 0.0, Diff: 0.0, Sum: 0.0]
      [Table Fixup (ms): Min: 2.0, Avg: 2.1, Max: 2.2, Diff: 0.2, Sum: 20.8]
   [Clear CT: 0.8 ms]
   [Other: 1.4 ms]
      [Choose CSet: 0.0 ms]
      [Ref Proc: 0.3 ms]
      [Ref Enq: 0.0 ms]
      [Redirty Cards: 0.6 ms]
      [Humongous Register: 0.2 ms]
      [Humongous Reclaim: 0.0 ms]
      [Free CSet: 0.1 ms]
   [Eden: 50176.0K(50176.0K)->0.0B(50176.0K) Survivors: 1024.0K->1024.0K Heap: 236.3M(267.0M)->187.2M(267.0M)]
 [Times: user=0.00 sys=0.00, real=0.01 secs] 
2020-12-18T02:07:44.891+0530: 398471.463: [GC concurrent-string-deduplication, 264.0B->264.0B(0.0B), avg 59.7%, 0.0000032 secs]
   [Last Exec: 0.0000032 secs, Idle: 361.4881627 secs, Blocked: 0/0.0000000 secs]
      [Inspected:               1]
         [Skipped:              0(  0.0%)]
         [Hashed:               1(100.0%)]
         [Known:                0(  0.0%)]
         [New:                  1(100.0%)    264.0B]
      [Deduplicated:            0(  0.0%)      0.0B(  0.0%)]
         [Young:                0(  0.0%)      0.0B(  0.0%)]
         [Old:                  0(  0.0%)      0.0B(  0.0%)]
   [Total Exec: 1587/0.8689570 secs, Idle: 1587/398470.1058906 secs, Blocked: 130/0.0925528 secs]
      [Inspected:         2929200]
         [Skipped:              0(  0.0%)]
         [Hashed:         1221559( 41.7%)]
         [Known:           188549(  6.4%)]
         [New:            2740651( 93.6%)    213.3M]
      [Deduplicated:      1919146( 70.0%)    127.2M( 59.7%)]
         [Young:           787828( 41.1%)  61799.7K( 47.4%)]
         [Old:            1131318( 58.9%)  68491.6K( 52.6%)]
   [Table]
      [Memory Usage: 8448.9K]
      [Size: 262144, Min: 1024, Max: 16777216]
      [Entries: 263788, Load: 100.6%, Cached: 9315, Added: 983926, Removed: 720138]
      [Resize Count: 8, Shrink Threshold: 174762(66.7%), Grow Threshold: 524288(200.0%)]
      [Rehash Count: 0, Rehash Threshold: 120, Hash Seed: 0x0]
      [Age Threshold: 3]
   [Queue]
      [Dropped: 0]
[GC concurrent-string-deduplication, deleted 0 entries, 0.0000006 secs]
2020-12-18T02:16:43.773+0530: 399010.343: [GC pause (G1 Evacuation Pause) (young), 0.0102205 secs]
   [Parallel Time: 5.3 ms, GC Workers: 10]
      [GC Worker Start (ms): Min: 399010343.5, Avg: 399010343.9, Max: 399010344.1, Diff: 0.5]
      [Ext Root Scanning (ms): Min: 0.5, Avg: 0.8, Max: 1.7, Diff: 1.2, Sum: 7.8]
      [Update RS (ms): Min: 0.0, Avg: 0.8, Max: 3.4, Diff: 3.4, Sum: 7.9]
         [Processed Buffers: Min: 0, Avg: 5.9, Max: 11, Diff: 11, Sum: 59]
      [Scan RS (ms): Min: 0.0, Avg: 0.0, Max: 0.0, Diff: 0.0, Sum: 0.1]
      [Code Root Scanning (ms): Min: 0.0, Avg: 0.0, Max: 0.0, Diff: 0.0, Sum: 0.0]
      [Object Copy (ms): Min: 0.0, Avg: 0.1, Max: 0.2, Diff: 0.2, Sum: 1.3]
      [Termination (ms): Min: 0.0, Avg: 2.5, Max: 2.9, Diff: 2.9, Sum: 25.2]
         [Termination Attempts: Min: 1, Avg: 1.8, Max: 4, Diff: 3, Sum: 18]
      [GC Worker Other (ms): Min: 0.0, Avg: 0.0, Max: 0.0, Diff: 0.0, Sum: 0.1]
      [GC Worker Total (ms): Min: 4.0, Avg: 4.2, Max: 4.6, Diff: 0.5, Sum: 42.4]
      [GC Worker End (ms): Min: 399010348.1, Avg: 399010348.1, Max: 399010348.1, Diff: 0.0]
   [Code Root Fixup: 0.0 ms]
   [Code Root Purge: 0.0 ms]
   [String Dedup Fixup: 2.9 ms, GC Workers: 10]
      [Queue Fixup (ms): Min: 0.0, Avg: 0.0, Max: 0.0, Diff: 0.0, Sum: 0.0]
      [Table Fixup (ms): Min: 2.1, Avg: 2.2, Max: 2.4, Diff: 0.3, Sum: 22.1]
   [Clear CT: 0.8 ms]
   [Other: 1.3 ms]
      [Choose CSet: 0.0 ms]
      [Ref Proc: 0.5 ms]
      [Ref Enq: 0.0 ms]
      [Redirty Cards: 0.7 ms]
      [Humongous Register: 0.0 ms]
      [Humongous Reclaim: 0.0 ms]
      [Free CSet: 0.0 ms]
   [Eden: 50176.0K(50176.0K)->0.0B(50176.0K) Survivors: 1024.0K->1024.0K Heap: 236.2M(267.0M)->187.2M(267.0M)]
 [Times: user=0.16 sys=0.00, real=0.01 secs] 
2020-12-18T02:16:43.783+0530: 399010.354: [GC concurrent-string-deduplication, 264.0B->264.0B(0.0B), avg 59.7%, 0.0000035 secs]
   [Last Exec: 0.0000035 secs, Idle: 538.8911491 secs, Blocked: 0/0.0000000 secs]
      [Inspected:               1]
         [Skipped:              0(  0.0%)]
         [Hashed:               1(100.0%)]
         [Known:                0(  0.0%)]
         [New:                  1(100.0%)    264.0B]
      [Deduplicated:            0(  0.0%)      0.0B(  0.0%)]
         [Young:                0(  0.0%)      0.0B(  0.0%)]
         [Old:                  0(  0.0%)      0.0B(  0.0%)]
   [Total Exec: 1588/0.8689605 secs, Idle: 1588/399008.9970397 secs, Blocked: 130/0.0925528 secs]
      [Inspected:         2929201]
         [Skipped:              0(  0.0%)]
         [Hashed:         1221560( 41.7%)]
         [Known:           188549(  6.4%)]
         [New:            2740652( 93.6%)    213.3M]
      [Deduplicated:      1919146( 70.0%)    127.2M( 59.7%)]
         [Young:           787828( 41.1%)  61799.7K( 47.4%)]
         [Old:            1131318( 58.9%)  68491.6K( 52.6%)]
   [Table]
      [Memory Usage: 8448.9K]
      [Size: 262144, Min: 1024, Max: 16777216]
      [Entries: 263779, Load: 100.6%, Cached: 9324, Added: 983927, Removed: 720148]
      [Resize Count: 8, Shrink Threshold: 174762(66.7%), Grow Threshold: 524288(200.0%)]
      [Rehash Count: 0, Rehash Threshold: 120, Hash Seed: 0x0]
      [Age Threshold: 3]
   [Queue]
      [Dropped: 0]
[GC concurrent-string-deduplication, deleted 0 entries, 0.0000006 secs]
2020-12-18T02:18:34.580+0530: 399121.150: [GC pause (G1 Evacuation Pause) (young) (initial-mark), 0.0118343 secs]
   [Parallel Time: 4.9 ms, GC Workers: 10]
      [GC Worker Start (ms): Min: 399121150.5, Avg: 399121150.6, Max: 399121150.7, Diff: 0.2]
      [Ext Root Scanning (ms): Min: 0.7, Avg: 1.8, Max: 2.2, Diff: 1.5, Sum: 17.8]
      [Update RS (ms): Min: 0.0, Avg: 0.5, Max: 0.8, Diff: 0.8, Sum: 4.8]
         [Processed Buffers: Min: 0, Avg: 4.7, Max: 10, Diff: 10, Sum: 47]
      [Scan RS (ms): Min: 0.0, Avg: 0.0, Max: 0.0, Diff: 0.0, Sum: 0.0]
      [Code Root Scanning (ms): Min: 0.0, Avg: 0.0, Max: 0.0, Diff: 0.0, Sum: 0.0]
      [Object Copy (ms): Min: 0.1, Avg: 0.5, Max: 3.4, Diff: 3.3, Sum: 5.4]
      [Termination (ms): Min: 0.0, Avg: 1.4, Max: 1.6, Diff: 1.6, Sum: 13.7]
         [Termination Attempts: Min: 1, Avg: 1.3, Max: 3, Diff: 2, Sum: 13]
      [GC Worker Other (ms): Min: 0.0, Avg: 0.0, Max: 0.0, Diff: 0.0, Sum: 0.1]
      [GC Worker Total (ms): Min: 4.1, Avg: 4.2, Max: 4.3, Diff: 0.2, Sum: 41.9]
      [GC Worker End (ms): Min: 399121154.8, Avg: 399121154.8, Max: 399121154.8, Diff: 0.0]
   [Code Root Fixup: 0.0 ms]
   [Code Root Purge: 0.0 ms]
   [String Dedup Fixup: 2.5 ms, GC Workers: 10]
      [Queue Fixup (ms): Min: 0.0, Avg: 0.0, Max: 0.0, Diff: 0.0, Sum: 0.0]
      [Table Fixup (ms): Min: 1.8, Avg: 1.9, Max: 2.0, Diff: 0.2, Sum: 18.8]
   [Clear CT: 0.9 ms]
   [Other: 3.6 ms]
      [Choose CSet: 0.0 ms]
      [Ref Proc: 2.6 ms]
      [Ref Enq: 0.0 ms]
      [Redirty Cards: 0.9 ms]
      [Humongous Register: 0.0 ms]
      [Humongous Reclaim: 0.0 ms]
      [Free CSet: 0.0 ms]
   [Eden: 50176.0K(50176.0K)->0.0B(46080.0K) Survivors: 1024.0K->3072.0K Heap: 236.2M(267.0M)->190.0M(267.0M)]
 [Times: user=0.00 sys=0.00, real=0.01 secs] 
2020-12-18T02:18:34.592+0530: 399121.162: [GC concurrent-string-deduplication, 264.0B->264.0B(0.0B), avg 59.7%, 0.0000032 secs]
   [Last Exec: 0.0000032 secs, Idle: 110.8084740 secs, Blocked: 0/0.0000000 secs]
      [Inspected:               1]
         [Skipped:              0(  0.0%)]
         [Hashed:               1(100.0%)]
         [Known:                0(  0.0%)]
         [New:                  1(100.0%)    264.0B]
      [Deduplicated:            0(  0.0%)      0.0B(  0.0%)]
         [Young:                0(  0.0%)      0.0B(  0.0%)]
         [Old:                  0(  0.0%)      0.0B(  0.0%)]
   [Total Exec: 1589/0.8689637 secs, Idle: 1589/399119.8055137 secs, Blocked: 130/0.0925528 secs]
2020-12-18T02:18:34.592+0530: 399121.162: [GC concurrent-root-region-scan-start]
      [Inspected:         2929202]
         [Skipped:              0(  0.0%)]
         [Hashed:         1221561( 41.7%)]
         [Known:           188549(  6.4%)]
         [New:            2740653( 93.6%)    213.3M]
      [Deduplicated:      1919146( 70.0%)    127.2M( 59.7%)]
         [Young:           787828( 41.1%)  61799.7K( 47.4%)]
         [Old:            1131318( 58.9%)  68491.6K( 52.6%)]
   [Table]
      [Memory Usage: 8448.9K]
      [Size: 262144, Min: 1024, Max: 16777216]
      [Entries: 263789, Load: 100.6%, Cached: 9314, Added: 983937, Removed: 720148]
      [Resize Count: 8, Shrink Threshold: 174762(66.7%), Grow Threshold: 524288(200.0%)]
      [Rehash Count: 0, Rehash Threshold: 120, Hash Seed: 0x0]
      [Age Threshold: 3]
   [Queue]
      [Dropped: 0]
[GC concurrent-string-deduplication, deleted 0 entries, 0.0000006 secs]
2020-12-18T02:18:34.593+0530: 399121.164: [GC concurrent-root-region-scan-end, 0.0016975 secs]
2020-12-18T02:18:34.593+0530: 399121.164: [GC concurrent-mark-start]
2020-12-18T02:18:34.670+0530: 399121.241: [GC concurrent-mark-end, 0.0765921 secs]
2020-12-18T02:18:34.670+0530: 399121.241: [GC remark 2020-12-18T02:18:34.670+0530: 399121.241: [Finalize Marking, 0.0003502 secs] 2020-12-18T02:18:34.671+0530: 399121.242: [GC ref-proc, 0.0004924 secs] 2020-12-18T02:18:34.671+0530: 399121.242: [Unloading, 0.0190420 secs], 0.0210650 secs]
 [Times: user=0.01 sys=0.00, real=0.02 secs] 
2020-12-18T02:18:34.692+0530: 399121.263: [GC cleanup 190M->190M(267M), 0.0038254 secs]
 [Times: user=0.00 sys=0.00, real=0.00 secs] 
2020-12-18T02:24:56.591+0530: 399503.162: [GC pause (G1 Evacuation Pause) (young), 0.0082270 secs]
   [Parallel Time: 2.8 ms, GC Workers: 10]
      [GC Worker Start (ms): Min: 399503162.6, Avg: 399503163.0, Max: 399503163.3, Diff: 0.7]
      [Ext Root Scanning (ms): Min: 0.5, Avg: 0.8, Max: 1.4, Diff: 0.9, Sum: 8.3]
      [Update RS (ms): Min: 0.5, Avg: 0.7, Max: 1.0, Diff: 0.5, Sum: 7.0]
         [Processed Buffers: Min: 1, Avg: 5.4, Max: 18, Diff: 17, Sum: 54]
      [Scan RS (ms): Min: 0.0, Avg: 0.0, Max: 0.0, Diff: 0.0, Sum: 0.1]
      [Code Root Scanning (ms): Min: 0.0, Avg: 0.0, Max: 0.1, Diff: 0.1, Sum: 0.1]
      [Object Copy (ms): Min: 0.1, Avg: 0.2, Max: 0.3, Diff: 0.3, Sum: 2.1]
      [Termination (ms): Min: 0.0, Avg: 0.2, Max: 0.3, Diff: 0.3, Sum: 2.2]
         [Termination Attempts: Min: 1, Avg: 1.0, Max: 1, Diff: 0, Sum: 10]
      [GC Worker Other (ms): Min: 0.0, Avg: 0.0, Max: 0.0, Diff: 0.0, Sum: 0.1]
      [GC Worker Total (ms): Min: 1.7, Avg: 2.0, Max: 2.3, Diff: 0.7, Sum: 19.8]
      [GC Worker End (ms): Min: 399503164.9, Avg: 399503164.9, Max: 399503164.9, Diff: 0.0]
   [Code Root Fixup: 0.0 ms]
   [Code Root Purge: 0.0 ms]
   [String Dedup Fixup: 2.9 ms, GC Workers: 10]
      [Queue Fixup (ms): Min: 0.0, Avg: 0.0, Max: 0.0, Diff: 0.0, Sum: 0.0]
      [Table Fixup (ms): Min: 2.0, Avg: 2.1, Max: 2.3, Diff: 0.3, Sum: 21.1]
   [Clear CT: 0.9 ms]
   [Other: 1.6 ms]
      [Choose CSet: 0.0 ms]
      [Ref Proc: 0.6 ms]
      [Ref Enq: 0.0 ms]
      [Redirty Cards: 0.8 ms]
      [Humongous Register: 0.1 ms]
      [Humongous Reclaim: 0.0 ms]
      [Free CSet: 0.1 ms]
   [Eden: 46080.0K(46080.0K)->0.0B(50176.0K) Survivors: 3072.0K->1024.0K Heap: 235.0M(267.0M)->187.5M(267.0M)]
 [Times: user=0.16 sys=0.00, real=0.01 secs] 
2020-12-18T02:24:56.600+0530: 399503.171: [GC concurrent-string-deduplication, 528.0B->528.0B(0.0B), avg 59.7%, 0.0000037 secs]
   [Last Exec: 0.0000037 secs, Idle: 382.0084054 secs, Blocked: 0/0.0000000 secs]
      [Inspected:               2]
         [Skipped:              0(  0.0%)]
         [Hashed:               2(100.0%)]
         [Known:                0(  0.0%)]
         [New:                  2(100.0%)    528.0B]
      [Deduplicated:            0(  0.0%)      0.0B(  0.0%)]
         [Young:                0(  0.0%)      0.0B(  0.0%)]
         [Old:                  0(  0.0%)      0.0B(  0.0%)]
   [Total Exec: 1590/0.8689674 secs, Idle: 1590/399501.8139191 secs, Blocked: 130/0.0925528 secs]
      [Inspected:         2929204]
         [Skipped:              0(  0.0%)]
         [Hashed:         1221563( 41.7%)]
         [Known:           188549(  6.4%)]
         [New:            2740655( 93.6%)    213.3M]
      [Deduplicated:      1919146( 70.0%)    127.2M( 59.7%)]
         [Young:           787828( 41.1%)  61799.7K( 47.4%)]
         [Old:            1131318( 58.9%)  68491.6K( 52.6%)]
   [Table]
      [Memory Usage: 8448.9K]
      [Size: 262144, Min: 1024, Max: 16777216]
      [Entries: 263788, Load: 100.6%, Cached: 9315, Added: 983945, Removed: 720157]
      [Resize Count: 8, Shrink Threshold: 174762(66.7%), Grow Threshold: 524288(200.0%)]
      [Rehash Count: 0, Rehash Threshold: 120, Hash Seed: 0x0]
      [Age Threshold: 3]
   [Queue]
      [Dropped: 0]
[GC concurrent-string-deduplication, deleted 0 entries, 0.0000006 secs]
2020-12-18T02:31:44.294+0530: 399910.865: [GC pause (G1 Evacuation Pause) (young), 0.0070747 secs]
   [Parallel Time: 2.3 ms, GC Workers: 10]
      [GC Worker Start (ms): Min: 399910864.8, Avg: 399910865.2, Max: 399910865.5, Diff: 0.7]
      [Ext Root Scanning (ms): Min: 0.4, Avg: 0.7, Max: 1.4, Diff: 1.0, Sum: 6.9]
      [Update RS (ms): Min: 0.3, Avg: 0.4, Max: 0.6, Diff: 0.3, Sum: 4.4]
         [Processed Buffers: Min: 2, Avg: 5.4, Max: 16, Diff: 14, Sum: 54]
      [Scan RS (ms): Min: 0.0, Avg: 0.0, Max: 0.0, Diff: 0.0, Sum: 0.0]
      [Code Root Scanning (ms): Min: 0.0, Avg: 0.0, Max: 0.0, Diff: 0.0, Sum: 0.0]
      [Object Copy (ms): Min: 0.0, Avg: 0.2, Max: 0.3, Diff: 0.3, Sum: 2.1]
      [Termination (ms): Min: 0.0, Avg: 0.0, Max: 0.0, Diff: 0.0, Sum: 0.3]
         [Termination Attempts: Min: 1, Avg: 1.0, Max: 1, Diff: 0, Sum: 10]
      [GC Worker Other (ms): Min: 0.0, Avg: 0.0, Max: 0.0, Diff: 0.0, Sum: 0.1]
      [GC Worker Total (ms): Min: 1.1, Avg: 1.4, Max: 1.8, Diff: 0.7, Sum: 13.8]
      [GC Worker End (ms): Min: 399910866.6, Avg: 399910866.6, Max: 399910866.6, Diff: 0.0]
   [Code Root Fixup: 0.0 ms]
   [Code Root Purge: 0.0 ms]
   [String Dedup Fixup: 2.5 ms, GC Workers: 10]
      [Queue Fixup (ms): Min: 0.0, Avg: 0.0, Max: 0.0, Diff: 0.0, Sum: 0.0]
      [Table Fixup (ms): Min: 1.8, Avg: 1.9, Max: 2.1, Diff: 0.3, Sum: 19.0]
   [Clear CT: 0.8 ms]
   [Other: 1.5 ms]
      [Choose CSet: 0.0 ms]
      [Ref Proc: 0.6 ms]
      [Ref Enq: 0.0 ms]
      [Redirty Cards: 0.7 ms]
      [Humongous Register: 0.0 ms]
      [Humongous Reclaim: 0.0 ms]
      [Free CSet: 0.0 ms]
   [Eden: 50176.0K(50176.0K)->0.0B(50176.0K) Survivors: 1024.0K->1024.0K Heap: 236.5M(267.0M)->187.6M(267.0M)]
 [Times: user=0.05 sys=0.00, real=0.01 secs] 
2020-12-18T02:31:44.301+0530: 399910.872: [GC concurrent-string-deduplication, 9240.0B->6992.0B(2248.0B), avg 59.7%, 0.0000324 secs]
   [Last Exec: 0.0000324 secs, Idle: 407.7010644 secs, Blocked: 0/0.0000000 secs]
      [Inspected:             125]
         [Skipped:              0(  0.0%)]
         [Hashed:             105( 84.0%)]
         [Known:                9(  7.2%)]
         [New:                116( 92.8%)   9240.0B]
      [Deduplicated:           67( 57.8%)   2248.0B( 24.3%)]
         [Young:               67(100.0%)   2248.0B(100.0%)]
         [Old:                  0(  0.0%)      0.0B(  0.0%)]
   [Total Exec: 1591/0.8689998 secs, Idle: 1591/399909.5149835 secs, Blocked: 130/0.0925528 secs]
      [Inspected:         2929329]
         [Skipped:              0(  0.0%)]
         [Hashed:         1221668( 41.7%)]
         [Known:           188558(  6.4%)]
         [New:            2740771( 93.6%)    213.3M]
      [Deduplicated:      1919213( 70.0%)    127.2M( 59.7%)]
         [Young:           787895( 41.1%)  61801.9K( 47.4%)]
         [Old:            1131318( 58.9%)  68491.6K( 52.6%)]
   [Table]
      [Memory Usage: 8448.9K]
      [Size: 262144, Min: 1024, Max: 16777216]
      [Entries: 263837, Load: 100.6%, Cached: 9266, Added: 983994, Removed: 720157]
      [Resize Count: 8, Shrink Threshold: 174762(66.7%), Grow Threshold: 524288(200.0%)]
      [Rehash Count: 0, Rehash Threshold: 120, Hash Seed: 0x0]
      [Age Threshold: 3]
   [Queue]
      [Dropped: 0]
[GC concurrent-string-deduplication, deleted 0 entries, 0.0000007 secs]
2020-12-18T02:36:44.470+0530: 400211.042: [GC pause (G1 Evacuation Pause) (young) (initial-mark), 0.0083496 secs]
   [Parallel Time: 3.3 ms, GC Workers: 10]
      [GC Worker Start (ms): Min: 400211041.9, Avg: 400211042.1, Max: 400211042.2, Diff: 0.4]
      [Ext Root Scanning (ms): Min: 1.3, Avg: 1.6, Max: 1.9, Diff: 0.6, Sum: 15.9]
      [Update RS (ms): Min: 0.3, Avg: 0.4, Max: 0.7, Diff: 0.4, Sum: 4.2]
         [Processed Buffers: Min: 1, Avg: 5.1, Max: 15, Diff: 14, Sum: 51]
      [Scan RS (ms): Min: 0.0, Avg: 0.0, Max: 0.0, Diff: 0.0, Sum: 0.0]
      [Code Root Scanning (ms): Min: 0.0, Avg: 0.0, Max: 0.0, Diff: 0.0, Sum: 0.0]
      [Object Copy (ms): Min: 0.0, Avg: 0.2, Max: 0.3, Diff: 0.3, Sum: 2.3]
      [Termination (ms): Min: 0.0, Avg: 0.1, Max: 0.2, Diff: 0.2, Sum: 1.4]
         [Termination Attempts: Min: 1, Avg: 4.3, Max: 6, Diff: 5, Sum: 43]
      [GC Worker Other (ms): Min: 0.0, Avg: 0.0, Max: 0.0, Diff: 0.0, Sum: 0.1]
      [GC Worker Total (ms): Min: 2.3, Avg: 2.4, Max: 2.6, Diff: 0.4, Sum: 23.9]
      [GC Worker End (ms): Min: 400211044.5, Avg: 400211044.5, Max: 400211044.5, Diff: 0.0]
   [Code Root Fixup: 0.0 ms]
   [Code Root Purge: 0.0 ms]
   [String Dedup Fixup: 2.3 ms, GC Workers: 10]
      [Queue Fixup (ms): Min: 0.0, Avg: 0.0, Max: 0.0, Diff: 0.0, Sum: 0.0]
      [Table Fixup (ms): Min: 1.6, Avg: 1.7, Max: 1.9, Diff: 0.2, Sum: 17.1]
   [Clear CT: 0.8 ms]
   [Other: 1.9 ms]
      [Choose CSet: 0.0 ms]
      [Ref Proc: 1.1 ms]
      [Ref Enq: 0.0 ms]
      [Redirty Cards: 0.6 ms]
      [Humongous Register: 0.0 ms]
      [Humongous Reclaim: 0.0 ms]
      [Free CSet: 0.1 ms]
   [Eden: 50176.0K(50176.0K)->0.0B(50176.0K) Survivors: 1024.0K->1024.0K Heap: 236.6M(267.0M)->187.7M(267.0M)]
 [Times: user=0.00 sys=0.00, real=0.01 secs] 
2020-12-18T02:36:44.479+0530: 400211.050: [GC concurrent-string-deduplication, 528.0B->528.0B(0.0B), avg 59.7%, 0.0000077 secs]
   [Last Exec: 0.0000077 secs, Idle: 300.1783045 secs, Blocked: 0/0.0000000 secs]
      [Inspected:               8]
         [Skipped:              0(  0.0%)]
         [Hashed:               2( 25.0%)]
         [Known:                6( 75.0%)]
         [New:                  2( 25.0%)    528.0B]
      [Deduplicated:            0(  0.0%)      0.0B(  0.0%)]
         [Young:                0(  0.0%)      0.0B(  0.0%)]
         [Old:                  0(  0.0%)      0.0B(  0.0%)]
   [Total Exec: 1592/0.8690075 secs, Idle: 1592/400209.6932880 secs, Blocked: 130/0.0925528 secs]
2020-12-18T02:36:44.479+0530: 400211.050: [GC concurrent-root-region-scan-start]
      [Inspected:         2929337]
         [Skipped:              0(  0.0%)]
         [Hashed:         1221670( 41.7%)]
         [Known:           188564(  6.4%)]
         [New:            2740773( 93.6%)    213.3M]
      [Deduplicated:      1919213( 70.0%)    127.2M( 59.7%)]
         [Young:           787895( 41.1%)  61801.9K( 47.4%)]
         [Old:            1131318( 58.9%)  68491.6K( 52.6%)]
   [Table]
      [Memory Usage: 8448.9K]
      [Size: 262144, Min: 1024, Max: 16777216]
      [Entries: 263839, Load: 100.6%, Cached: 9264, Added: 983996, Removed: 720157]
      [Resize Count: 8, Shrink Threshold: 174762(66.7%), Grow Threshold: 524288(200.0%)]
      [Rehash Count: 0, Rehash Threshold: 120, Hash Seed: 0x0]
      [Age Threshold: 3]
   [Queue]
      [Dropped: 0]
[GC concurrent-string-deduplication, deleted 0 entries, 0.0000006 secs]
2020-12-18T02:36:44.481+0530: 400211.052: [GC concurrent-root-region-scan-end, 0.0017450 secs]
2020-12-18T02:36:44.481+0530: 400211.052: [GC concurrent-mark-start]
2020-12-18T02:36:44.561+0530: 400211.132: [GC concurrent-mark-end, 0.0801548 secs]
2020-12-18T02:36:44.561+0530: 400211.133: [GC remark 2020-12-18T02:36:44.561+0530: 400211.133: [Finalize Marking, 0.0006688 secs] 2020-12-18T02:36:44.562+0530: 400211.133: [GC ref-proc, 0.0005222 secs] 2020-12-18T02:36:44.563+0530: 400211.134: [Unloading, 0.0195859 secs], 0.0217884 secs]
 [Times: user=0.16 sys=0.00, real=0.02 secs] 
2020-12-18T02:36:44.584+0530: 400211.155: [GC cleanup 199M->199M(267M), 0.0040961 secs]
 [Times: user=0.00 sys=0.00, real=0.00 secs] 
2020-12-18T02:41:44.667+0530: 400511.238: [GC pause (G1 Evacuation Pause) (young), 0.0068308 secs]
   [Parallel Time: 1.9 ms, GC Workers: 10]
      [GC Worker Start (ms): Min: 400511238.4, Avg: 400511238.6, Max: 400511238.8, Diff: 0.4]
      [Ext Root Scanning (ms): Min: 0.5, Avg: 0.8, Max: 1.4, Diff: 0.9, Sum: 7.6]
      [Update RS (ms): Min: 0.4, Avg: 0.4, Max: 0.7, Diff: 0.3, Sum: 4.5]
         [Processed Buffers: Min: 2, Avg: 5.8, Max: 17, Diff: 15, Sum: 58]
      [Scan RS (ms): Min: 0.0, Avg: 0.0, Max: 0.0, Diff: 0.0, Sum: 0.0]
      [Code Root Scanning (ms): Min: 0.0, Avg: 0.0, Max: 0.0, Diff: 0.0, Sum: 0.0]
      [Object Copy (ms): Min: 0.0, Avg: 0.2, Max: 0.3, Diff: 0.3, Sum: 2.1]
      [Termination (ms): Min: 0.0, Avg: 0.1, Max: 0.1, Diff: 0.1, Sum: 1.1]
         [Termination Attempts: Min: 1, Avg: 1.0, Max: 1, Diff: 0, Sum: 10]
      [GC Worker Other (ms): Min: 0.0, Avg: 0.0, Max: 0.0, Diff: 0.0, Sum: 0.1]
      [GC Worker Total (ms): Min: 1.4, Avg: 1.5, Max: 1.8, Diff: 0.4, Sum: 15.4]
      [GC Worker End (ms): Min: 400511240.1, Avg: 400511240.1, Max: 400511240.1, Diff: 0.0]
   [Code Root Fixup: 0.0 ms]
   [Code Root Purge: 0.0 ms]
   [String Dedup Fixup: 2.4 ms, GC Workers: 10]
      [Queue Fixup (ms): Min: 0.0, Avg: 0.0, Max: 0.0, Diff: 0.0, Sum: 0.0]
      [Table Fixup (ms): Min: 1.7, Avg: 1.7, Max: 1.9, Diff: 0.2, Sum: 17.4]
   [Clear CT: 1.0 ms]
   [Other: 1.6 ms]
      [Choose CSet: 0.0 ms]
      [Ref Proc: 0.7 ms]
      [Ref Enq: 0.0 ms]
      [Redirty Cards: 0.8 ms]
      [Humongous Register: 0.0 ms]
      [Humongous Reclaim: 0.0 ms]
      [Free CSet: 0.0 ms]
   [Eden: 50176.0K(50176.0K)->0.0B(50176.0K) Survivors: 1024.0K->1024.0K Heap: 236.7M(267.0M)->187.7M(267.0M)]
 [Times: user=0.16 sys=0.00, real=0.01 secs] 
2020-12-18T02:41:44.674+0530: 400511.245: [GC concurrent-string-deduplication, 264.0B->264.0B(0.0B), avg 59.7%, 0.0000033 secs]
   [Last Exec: 0.0000033 secs, Idle: 300.1948818 secs, Blocked: 0/0.0000000 secs]
      [Inspected:               1]
         [Skipped:              0(  0.0%)]
         [Hashed:               1(100.0%)]
         [Known:                0(  0.0%)]
         [New:                  1(100.0%)    264.0B]
      [Deduplicated:            0(  0.0%)      0.0B(  0.0%)]
         [Young:                0(  0.0%)      0.0B(  0.0%)]
         [Old:                  0(  0.0%)      0.0B(  0.0%)]
   [Total Exec: 1593/0.8690108 secs, Idle: 1593/400509.8881698 secs, Blocked: 130/0.0925528 secs]
      [Inspected:         2929338]
         [Skipped:              0(  0.0%)]
         [Hashed:         1221671( 41.7%)]
         [Known:           188564(  6.4%)]
         [New:            2740774( 93.6%)    213.3M]
      [Deduplicated:      1919213( 70.0%)    127.2M( 59.7%)]
         [Young:           787895( 41.1%)  61801.9K( 47.4%)]
         [Old:            1131318( 58.9%)  68491.6K( 52.6%)]
   [Table]
      [Memory Usage: 8448.9K]
      [Size: 262144, Min: 1024, Max: 16777216]
      [Entries: 263836, Load: 100.6%, Cached: 9267, Added: 983997, Removed: 720161]
      [Resize Count: 8, Shrink Threshold: 174762(66.7%), Grow Threshold: 524288(200.0%)]
      [Rehash Count: 0, Rehash Threshold: 120, Hash Seed: 0x0]
      [Age Threshold: 3]
   [Queue]
      [Dropped: 0]
[GC concurrent-string-deduplication, deleted 0 entries, 0.0000006 secs]
2020-12-18T02:47:06.931+0530: 400833.502: [GC pause (G1 Evacuation Pause) (young), 0.0066077 secs]
   [Parallel Time: 2.3 ms, GC Workers: 10]
      [GC Worker Start (ms): Min: 400833501.7, Avg: 400833502.0, Max: 400833502.2, Diff: 0.4]
      [Ext Root Scanning (ms): Min: 0.4, Avg: 0.7, Max: 1.3, Diff: 0.9, Sum: 6.6]
      [Update RS (ms): Min: 0.0, Avg: 0.4, Max: 0.7, Diff: 0.7, Sum: 4.3]
         [Processed Buffers: Min: 2, Avg: 5.0, Max: 14, Diff: 12, Sum: 50]
      [Scan RS (ms): Min: 0.0, Avg: 0.0, Max: 0.0, Diff: 0.0, Sum: 0.0]
      [Code Root Scanning (ms): Min: 0.0, Avg: 0.0, Max: 0.0, Diff: 0.0, Sum: 0.0]
      [Object Copy (ms): Min: 0.0, Avg: 0.1, Max: 0.2, Diff: 0.2, Sum: 1.2]
      [Termination (ms): Min: 0.0, Avg: 0.2, Max: 0.2, Diff: 0.2, Sum: 1.9]
         [Termination Attempts: Min: 1, Avg: 1.2, Max: 2, Diff: 1, Sum: 12]
      [GC Worker Other (ms): Min: 0.0, Avg: 0.0, Max: 0.0, Diff: 0.0, Sum: 0.1]
      [GC Worker Total (ms): Min: 1.3, Avg: 1.4, Max: 1.7, Diff: 0.4, Sum: 14.1]
      [GC Worker End (ms): Min: 400833503.4, Avg: 400833503.4, Max: 400833503.4, Diff: 0.0]
   [Code Root Fixup: 0.0 ms]
   [Code Root Purge: 0.0 ms]
   [String Dedup Fixup: 2.3 ms, GC Workers: 10]
      [Queue Fixup (ms): Min: 0.0, Avg: 0.0, Max: 0.0, Diff: 0.0, Sum: 0.0]
      [Table Fixup (ms): Min: 1.6, Avg: 1.7, Max: 1.8, Diff: 0.3, Sum: 16.9]
   [Clear CT: 0.8 ms]
   [Other: 1.2 ms]
      [Choose CSet: 0.0 ms]
      [Ref Proc: 0.3 ms]
      [Ref Enq: 0.0 ms]
      [Redirty Cards: 0.7 ms]
      [Humongous Register: 0.0 ms]
      [Humongous Reclaim: 0.0 ms]
      [Free CSet: 0.0 ms]
   [Eden: 50176.0K(50176.0K)->0.0B(50176.0K) Survivors: 1024.0K->1024.0K Heap: 236.7M(267.0M)->187.5M(267.0M)]
 [Times: user=0.00 sys=0.00, real=0.01 secs] 
2020-12-18T02:47:06.937+0530: 400833.508: [GC concurrent-string-deduplication, 264.0B->264.0B(0.0B), avg 59.7%, 0.0000033 secs]
   [Last Exec: 0.0000033 secs, Idle: 322.2630926 secs, Blocked: 0/0.0000000 secs]
      [Inspected:               1]
         [Skipped:              0(  0.0%)]
         [Hashed:               1(100.0%)]
         [Known:                0(  0.0%)]
         [New:                  1(100.0%)    264.0B]
      [Deduplicated:            0(  0.0%)      0.0B(  0.0%)]
         [Young:                0(  0.0%)      0.0B(  0.0%)]
         [Old:                  0(  0.0%)      0.0B(  0.0%)]
   [Total Exec: 1594/0.8690141 secs, Idle: 1594/400832.1512624 secs, Blocked: 130/0.0925528 secs]
      [Inspected:         2929339]
         [Skipped:              0(  0.0%)]
         [Hashed:         1221672( 41.7%)]
         [Known:           188564(  6.4%)]
         [New:            2740775( 93.6%)    213.3M]
      [Deduplicated:      1919213( 70.0%)    127.2M( 59.7%)]
         [Young:           787895( 41.1%)  61801.9K( 47.4%)]
         [Old:            1131318( 58.9%)  68491.6K( 52.6%)]
   [Table]
      [Memory Usage: 8448.9K]
      [Size: 262144, Min: 1024, Max: 16777216]
      [Entries: 263789, Load: 100.6%, Cached: 9314, Added: 983998, Removed: 720209]
      [Resize Count: 8, Shrink Threshold: 174762(66.7%), Grow Threshold: 524288(200.0%)]
      [Rehash Count: 0, Rehash Threshold: 120, Hash Seed: 0x0]
      [Age Threshold: 3]
   [Queue]
      [Dropped: 0]
[GC concurrent-string-deduplication, deleted 0 entries, 0.0000005 secs]
2020-12-18T02:52:07.001+0530: 401133.572: [GC pause (G1 Evacuation Pause) (young) (initial-mark), 0.0089443 secs]
   [Parallel Time: 2.7 ms, GC Workers: 10]
      [GC Worker Start (ms): Min: 401133572.4, Avg: 401133572.7, Max: 401133573.0, Diff: 0.6]
      [Ext Root Scanning (ms): Min: 1.2, Avg: 1.5, Max: 1.8, Diff: 0.6, Sum: 15.0]
      [Update RS (ms): Min: 0.3, Avg: 0.4, Max: 0.6, Diff: 0.3, Sum: 4.2]
         [Processed Buffers: Min: 1, Avg: 5.7, Max: 14, Diff: 13, Sum: 57]
      [Scan RS (ms): Min: 0.0, Avg: 0.0, Max: 0.0, Diff: 0.0, Sum: 0.0]
      [Code Root Scanning (ms): Min: 0.0, Avg: 0.0, Max: 0.0, Diff: 0.0, Sum: 0.0]
      [Object Copy (ms): Min: 0.1, Avg: 0.2, Max: 0.2, Diff: 0.1, Sum: 1.6]
      [Termination (ms): Min: 0.0, Avg: 0.2, Max: 0.2, Diff: 0.2, Sum: 1.9]
         [Termination Attempts: Min: 1, Avg: 1.2, Max: 2, Diff: 1, Sum: 12]
      [GC Worker Other (ms): Min: 0.0, Avg: 0.0, Max: 0.0, Diff: 0.0, Sum: 0.1]
      [GC Worker Total (ms): Min: 2.0, Avg: 2.3, Max: 2.6, Diff: 0.6, Sum: 22.9]
      [GC Worker End (ms): Min: 401133575.0, Avg: 401133575.0, Max: 401133575.0, Diff: 0.0]
   [Code Root Fixup: 0.0 ms]
   [Code Root Purge: 0.0 ms]
   [String Dedup Fixup: 2.9 ms, GC Workers: 10]
      [Queue Fixup (ms): Min: 0.0, Avg: 0.0, Max: 0.0, Diff: 0.0, Sum: 0.0]
      [Table Fixup (ms): Min: 1.4, Avg: 1.6, Max: 2.4, Diff: 1.0, Sum: 16.5]
   [Clear CT: 0.8 ms]
   [Other: 2.4 ms]
      [Choose CSet: 0.0 ms]
      [Ref Proc: 1.4 ms]
      [Ref Enq: 0.0 ms]
      [Redirty Cards: 0.8 ms]
      [Humongous Register: 0.0 ms]
      [Humongous Reclaim: 0.0 ms]
      [Free CSet: 0.1 ms]
   [Eden: 50176.0K(50176.0K)->0.0B(50176.0K) Survivors: 1024.0K->1024.0K Heap: 236.5M(267.0M)->187.9M(267.0M)]
 [Times: user=0.00 sys=0.00, real=0.01 secs] 
2020-12-18T02:52:07.010+0530: 401133.581: 2020-12-18T02:52:07.010+0530: [GC concurrent-string-deduplication, 264.0B->264.0B(0.0B), avg 59.7%, 0.0000033 secs]
401133.581: [GC concurrent-root-region-scan-start]
   [Last Exec: 0.0000033 secs, Idle: 300.0729849 secs, Blocked: 0/0.0000000 secs]
      [Inspected:               1]
         [Skipped:              0(  0.0%)]
         [Hashed:               1(100.0%)]
         [Known:                0(  0.0%)]
         [New:                  1(100.0%)    264.0B]
      [Deduplicated:            0(  0.0%)      0.0B(  0.0%)]
         [Young:                0(  0.0%)      0.0B(  0.0%)]
         [Old:                  0(  0.0%)      0.0B(  0.0%)]
   [Total Exec: 1595/0.8690174 secs, Idle: 1595/401132.2242473 secs, Blocked: 130/0.0925528 secs]
      [Inspected:         2929340]
         [Skipped:              0(  0.0%)]
         [Hashed:         1221673( 41.7%)]
         [Known:           188564(  6.4%)]
         [New:            2740776( 93.6%)    213.3M]
      [Deduplicated:      1919213( 70.0%)    127.2M( 59.7%)]
         [Young:           787895( 41.1%)  61801.9K( 47.4%)]
         [Old:            1131318( 58.9%)  68491.6K( 52.6%)]
   [Table]
      [Memory Usage: 8448.9K]
      [Size: 262144, Min: 1024, Max: 16777216]
      [Entries: 263790, Load: 100.6%, Cached: 9313, Added: 983999, Removed: 720209]
      [Resize Count: 8, Shrink Threshold: 174762(66.7%), Grow Threshold: 524288(200.0%)]
      [Rehash Count: 0, Rehash Threshold: 120, Hash Seed: 0x0]
      [Age Threshold: 3]
   [Queue]
      [Dropped: 0]
[GC concurrent-string-deduplication, deleted 0 entries, 0.0000006 secs]
2020-12-18T02:52:07.012+0530: 401133.583: [GC concurrent-root-region-scan-end, 0.0018015 secs]
2020-12-18T02:52:07.012+0530: 401133.583: [GC concurrent-mark-start]
2020-12-18T02:52:07.088+0530: 401133.659: [GC concurrent-mark-end, 0.0754127 secs]
2020-12-18T02:52:07.088+0530: 401133.659: [GC remark 2020-12-18T02:52:07.088+0530: 401133.659: [Finalize Marking, 0.0003553 secs] 2020-12-18T02:52:07.088+0530: 401133.659: [GC ref-proc, 0.0004950 secs] 2020-12-18T02:52:07.089+0530: 401133.660: [Unloading, 0.0190493 secs], 0.0207705 secs]
 [Times: user=0.31 sys=0.00, real=0.02 secs] 
2020-12-18T02:52:07.109+0530: 401133.680: [GC cleanup 188M->188M(267M), 0.0037767 secs]
 [Times: user=0.00 sys=0.00, real=0.00 secs] 
2020-12-18T03:00:45.099+0530: 401651.670: [GC pause (G1 Evacuation Pause) (young), 0.0067692 secs]
   [Parallel Time: 2.5 ms, GC Workers: 10]
      [GC Worker Start (ms): Min: 401651670.4, Avg: 401651670.7, Max: 401651671.0, Diff: 0.6]
      [Ext Root Scanning (ms): Min: 0.4, Avg: 0.7, Max: 1.4, Diff: 1.0, Sum: 6.7]
      [Update RS (ms): Min: 0.1, Avg: 0.4, Max: 0.7, Diff: 0.6, Sum: 4.2]
         [Processed Buffers: Min: 2, Avg: 5.8, Max: 16, Diff: 14, Sum: 58]
      [Scan RS (ms): Min: 0.0, Avg: 0.0, Max: 0.0, Diff: 0.0, Sum: 0.0]
      [Code Root Scanning (ms): Min: 0.0, Avg: 0.0, Max: 0.0, Diff: 0.0, Sum: 0.0]
      [Object Copy (ms): Min: 0.1, Avg: 0.1, Max: 0.2, Diff: 0.1, Sum: 1.3]
      [Termination (ms): Min: 0.0, Avg: 0.2, Max: 0.3, Diff: 0.3, Sum: 2.3]
         [Termination Attempts: Min: 1, Avg: 1.0, Max: 1, Diff: 0, Sum: 10]
      [GC Worker Other (ms): Min: 0.0, Avg: 0.0, Max: 0.0, Diff: 0.0, Sum: 0.1]
      [GC Worker Total (ms): Min: 1.2, Avg: 1.5, Max: 1.8, Diff: 0.6, Sum: 14.6]
      [GC Worker End (ms): Min: 401651672.2, Avg: 401651672.2, Max: 401651672.2, Diff: 0.0]
   [Code Root Fixup: 0.0 ms]
   [Code Root Purge: 0.0 ms]
   [String Dedup Fixup: 2.3 ms, GC Workers: 10]
      [Queue Fixup (ms): Min: 0.0, Avg: 0.0, Max: 0.0, Diff: 0.0, Sum: 0.0]
      [Table Fixup (ms): Min: 1.6, Avg: 1.7, Max: 1.9, Diff: 0.2, Sum: 17.3]
   [Clear CT: 0.8 ms]
   [Other: 1.2 ms]
      [Choose CSet: 0.0 ms]
      [Ref Proc: 0.3 ms]
      [Ref Enq: 0.0 ms]
      [Redirty Cards: 0.7 ms]
      [Humongous Register: 0.0 ms]
      [Humongous Reclaim: 0.0 ms]
      [Free CSet: 0.0 ms]
   [Eden: 50176.0K(50176.0K)->0.0B(50176.0K) Survivors: 1024.0K->1024.0K Heap: 236.9M(267.0M)->187.3M(267.0M)]
 [Times: user=0.00 sys=0.00, real=0.01 secs] 
2020-12-18T03:00:45.106+0530: 401651.677: [GC concurrent-string-deduplication, 264.0B->264.0B(0.0B), avg 59.7%, 0.0000028 secs]
   [Last Exec: 0.0000028 secs, Idle: 518.0957679 secs, Blocked: 0/0.0000000 secs]
      [Inspected:               1]
         [Skipped:              0(  0.0%)]
         [Hashed:               1(100.0%)]
         [Known:                0(  0.0%)]
         [New:                  1(100.0%)    264.0B]
      [Deduplicated:            0(  0.0%)      0.0B(  0.0%)]
         [Young:                0(  0.0%)      0.0B(  0.0%)]
         [Old:                  0(  0.0%)      0.0B(  0.0%)]
   [Total Exec: 1596/0.8690202 secs, Idle: 1596/401650.3200152 secs, Blocked: 130/0.0925528 secs]
      [Inspected:         2929341]
         [Skipped:              0(  0.0%)]
         [Hashed:         1221674( 41.7%)]
         [Known:           188564(  6.4%)]
         [New:            2740777( 93.6%)    213.3M]
      [Deduplicated:      1919213( 70.0%)    127.2M( 59.7%)]
         [Young:           787895( 41.1%)  61801.9K( 47.4%)]
         [Old:            1131318( 58.9%)  68491.6K( 52.6%)]
   [Table]
      [Memory Usage: 8448.9K]
      [Size: 262144, Min: 1024, Max: 16777216]
      [Entries: 263769, Load: 100.6%, Cached: 9334, Added: 984007, Removed: 720238]
      [Resize Count: 8, Shrink Threshold: 174762(66.7%), Grow Threshold: 524288(200.0%)]
      [Rehash Count: 0, Rehash Threshold: 120, Hash Seed: 0x0]
      [Age Threshold: 3]
   [Queue]
      [Dropped: 0]
[GC concurrent-string-deduplication, deleted 0 entries, 0.0000006 secs]
2020-12-18T03:06:45.406+0530: 402011.977: [GC pause (G1 Evacuation Pause) (young), 0.0071106 secs]
   [Parallel Time: 2.4 ms, GC Workers: 10]
      [GC Worker Start (ms): Min: 402011977.1, Avg: 402011977.3, Max: 402011977.5, Diff: 0.4]
      [Ext Root Scanning (ms): Min: 0.5, Avg: 0.7, Max: 1.4, Diff: 0.9, Sum: 7.2]
      [Update RS (ms): Min: 0.0, Avg: 0.4, Max: 0.7, Diff: 0.7, Sum: 4.2]
         [Processed Buffers: Min: 0, Avg: 5.2, Max: 18, Diff: 18, Sum: 52]
      [Scan RS (ms): Min: 0.0, Avg: 0.0, Max: 0.0, Diff: 0.0, Sum: 0.0]
      [Code Root Scanning (ms): Min: 0.0, Avg: 0.0, Max: 0.0, Diff: 0.0, Sum: 0.0]
      [Object Copy (ms): Min: 0.0, Avg: 0.2, Max: 0.2, Diff: 0.2, Sum: 1.8]
      [Termination (ms): Min: 0.0, Avg: 0.2, Max: 0.2, Diff: 0.2, Sum: 1.7]
         [Termination Attempts: Min: 1, Avg: 1.0, Max: 1, Diff: 0, Sum: 10]
      [GC Worker Other (ms): Min: 0.0, Avg: 0.0, Max: 0.1, Diff: 0.0, Sum: 0.2]
      [GC Worker Total (ms): Min: 1.3, Avg: 1.5, Max: 1.7, Diff: 0.4, Sum: 15.0]
      [GC Worker End (ms): Min: 402011978.8, Avg: 402011978.8, Max: 402011978.9, Diff: 0.0]
   [Code Root Fixup: 0.0 ms]
   [Code Root Purge: 0.0 ms]
   [String Dedup Fixup: 2.7 ms, GC Workers: 10]
      [Queue Fixup (ms): Min: 0.0, Avg: 0.0, Max: 0.0, Diff: 0.0, Sum: 0.0]
      [Table Fixup (ms): Min: 2.0, Avg: 2.1, Max: 2.2, Diff: 0.1, Sum: 21.1]
   [Clear CT: 0.8 ms]
   [Other: 1.2 ms]
      [Choose CSet: 0.0 ms]
      [Ref Proc: 0.3 ms]
      [Ref Enq: 0.0 ms]
      [Redirty Cards: 0.7 ms]
      [Humongous Register: 0.0 ms]
      [Humongous Reclaim: 0.0 ms]
      [Free CSet: 0.1 ms]
   [Eden: 50176.0K(50176.0K)->0.0B(50176.0K) Survivors: 1024.0K->1024.0K Heap: 236.3M(267.0M)->187.4M(267.0M)]
 [Times: user=0.00 sys=0.00, real=0.01 secs] 
2020-12-18T03:06:45.413+0530: 402011.984: [GC concurrent-string-deduplication, 1864.0B->1152.0B(712.0B), avg 59.7%, 0.0000122 secs]
   [Last Exec: 0.0000122 secs, Idle: 360.3069399 secs, Blocked: 0/0.0000000 secs]
      [Inspected:              29]
         [Skipped:              0(  0.0%)]
         [Hashed:              24( 82.8%)]
         [Known:                0(  0.0%)]
         [New:                 29(100.0%)   1864.0B]
      [Deduplicated:           19( 65.5%)    712.0B( 38.2%)]
         [Young:               19(100.0%)    712.0B(100.0%)]
         [Old:                  0(  0.0%)      0.0B(  0.0%)]
   [Total Exec: 1597/0.8690324 secs, Idle: 1597/402010.6269551 secs, Blocked: 130/0.0925528 secs]
      [Inspected:         2929370]
         [Skipped:              0(  0.0%)]
         [Hashed:         1221698( 41.7%)]
         [Known:           188564(  6.4%)]
         [New:            2740806( 93.6%)    213.3M]
      [Deduplicated:      1919232( 70.0%)    127.2M( 59.7%)]
         [Young:           787914( 41.1%)  61802.6K( 47.4%)]
         [Old:            1131318( 58.9%)  68491.6K( 52.6%)]
   [Table]
      [Memory Usage: 8448.9K]
      [Size: 262144, Min: 1024, Max: 16777216]
      [Entries: 263779, Load: 100.6%, Cached: 9324, Added: 984017, Removed: 720238]
      [Resize Count: 8, Shrink Threshold: 174762(66.7%), Grow Threshold: 524288(200.0%)]
      [Rehash Count: 0, Rehash Threshold: 120, Hash Seed: 0x0]
      [Age Threshold: 3]
   [Queue]
      [Dropped: 0]
[GC concurrent-string-deduplication, deleted 0 entries, 0.0000007 secs]
2020-12-18T03:11:45.584+0530: 402312.154: [GC pause (G1 Evacuation Pause) (young) (initial-mark), 0.0076308 secs]
   [Parallel Time: 2.7 ms, GC Workers: 10]
      [GC Worker Start (ms): Min: 402312154.4, Avg: 402312154.7, Max: 402312154.9, Diff: 0.4]
      [Ext Root Scanning (ms): Min: 1.4, Avg: 1.6, Max: 2.0, Diff: 0.6, Sum: 15.8]
      [Update RS (ms): Min: 0.3, Avg: 0.4, Max: 0.5, Diff: 0.2, Sum: 3.9]
         [Processed Buffers: Min: 1, Avg: 5.5, Max: 17, Diff: 16, Sum: 55]
      [Scan RS (ms): Min: 0.0, Avg: 0.0, Max: 0.0, Diff: 0.0, Sum: 0.0]
      [Code Root Scanning (ms): Min: 0.0, Avg: 0.0, Max: 0.0, Diff: 0.0, Sum: 0.0]
      [Object Copy (ms): Min: 0.1, Avg: 0.2, Max: 0.3, Diff: 0.2, Sum: 1.9]
      [Termination (ms): Min: 0.0, Avg: 0.2, Max: 0.2, Diff: 0.2, Sum: 1.5]
         [Termination Attempts: Min: 1, Avg: 1.0, Max: 1, Diff: 0, Sum: 10]
      [GC Worker Other (ms): Min: 0.0, Avg: 0.0, Max: 0.0, Diff: 0.0, Sum: 0.1]
      [GC Worker Total (ms): Min: 2.2, Avg: 2.3, Max: 2.6, Diff: 0.4, Sum: 23.3]
      [GC Worker End (ms): Min: 402312157.0, Avg: 402312157.1, Max: 402312157.1, Diff: 0.0]
   [Code Root Fixup: 0.0 ms]
   [Code Root Purge: 0.0 ms]
   [String Dedup Fixup: 2.2 ms, GC Workers: 10]
      [Queue Fixup (ms): Min: 0.0, Avg: 0.0, Max: 0.0, Diff: 0.0, Sum: 0.0]
      [Table Fixup (ms): Min: 1.7, Avg: 1.7, Max: 1.9, Diff: 0.2, Sum: 17.4]
   [Clear CT: 0.9 ms]
   [Other: 1.9 ms]
      [Choose CSet: 0.0 ms]
      [Ref Proc: 0.9 ms]
      [Ref Enq: 0.0 ms]
      [Redirty Cards: 0.8 ms]
      [Humongous Register: 0.0 ms]
      [Humongous Reclaim: 0.0 ms]
      [Free CSet: 0.0 ms]
   [Eden: 50176.0K(50176.0K)->0.0B(50176.0K) Survivors: 1024.0K->1024.0K Heap: 236.4M(267.0M)->187.5M(267.0M)]
 [Times: user=0.00 sys=0.00, real=0.01 secs] 
2020-12-18T03:11:45.592+0530: 2020-12-18T03:11:45.592+0530: 402312.162: 402312.162: [GC concurrent-root-region-scan-start]
[GC concurrent-string-deduplication, 528.0B->528.0B(0.0B), avg 59.7%, 0.0000216 secs]
   [Last Exec: 0.0000216 secs, Idle: 300.1778813 secs, Blocked: 0/0.0000000 secs]
      [Inspected:               9]
         [Skipped:              0(  0.0%)]
         [Hashed:               2( 22.2%)]
         [Known:                7( 77.8%)]
         [New:                  2( 22.2%)    528.0B]
      [Deduplicated:            0(  0.0%)      0.0B(  0.0%)]
         [Young:                0(  0.0%)      0.0B(  0.0%)]
         [Old:                  0(  0.0%)      0.0B(  0.0%)]
   [Total Exec: 1598/0.8690540 secs, Idle: 1598/402310.8048364 secs, Blocked: 130/0.0925528 secs]
      [Inspected:         2929379]
         [Skipped:              0(  0.0%)]
         [Hashed:         1221700( 41.7%)]
         [Known:           188571(  6.4%)]
         [New:            2740808( 93.6%)    213.3M]
      [Deduplicated:      1919232( 70.0%)    127.2M( 59.7%)]
         [Young:           787914( 41.1%)  61802.6K( 47.4%)]
         [Old:            1131318( 58.9%)  68491.6K( 52.6%)]
   [Table]
      [Memory Usage: 8448.9K]
      [Size: 262144, Min: 1024, Max: 16777216]
      [Entries: 263781, Load: 100.6%, Cached: 9322, Added: 984019, Removed: 720238]
      [Resize Count: 8, Shrink Threshold: 174762(66.7%), Grow Threshold: 524288(200.0%)]
      [Rehash Count: 0, Rehash Threshold: 120, Hash Seed: 0x0]
      [Age Threshold: 3]
   [Queue]
      [Dropped: 0]
[GC concurrent-string-deduplication, deleted 0 entries, 0.0000007 secs]
2020-12-18T03:11:45.593+0530: 402312.164: [GC concurrent-root-region-scan-end, 0.0016524 secs]
2020-12-18T03:11:45.593+0530: 402312.164: [GC concurrent-mark-start]
2020-12-18T03:11:45.676+0530: 402312.246: [GC concurrent-mark-end, 0.0822651 secs]
2020-12-18T03:11:45.676+0530: 402312.247: [GC remark 2020-12-18T03:11:45.676+0530: 402312.247: [Finalize Marking, 0.0003093 secs] 2020-12-18T03:11:45.676+0530: 402312.247: [GC ref-proc, 0.0005588 secs] 2020-12-18T03:11:45.677+0530: 402312.247: [Unloading, 0.0188713 secs], 0.0204677 secs]
 [Times: user=0.16 sys=0.00, real=0.02 secs] 
2020-12-18T03:11:45.697+0530: 402312.268: [GC cleanup 200M->200M(267M), 0.0038544 secs]
 [Times: user=0.00 sys=0.00, real=0.00 secs] 
2020-12-18T03:16:45.762+0530: 402612.333: [GC pause (G1 Evacuation Pause) (young), 0.0066093 secs]
   [Parallel Time: 2.4 ms, GC Workers: 10]
      [GC Worker Start (ms): Min: 402612333.1, Avg: 402612333.3, Max: 402612333.5, Diff: 0.4]
      [Ext Root Scanning (ms): Min: 0.5, Avg: 0.7, Max: 1.4, Diff: 0.9, Sum: 7.0]
      [Update RS (ms): Min: 0.0, Avg: 0.4, Max: 0.7, Diff: 0.7, Sum: 4.1]
         [Processed Buffers: Min: 0, Avg: 5.0, Max: 14, Diff: 14, Sum: 50]
      [Scan RS (ms): Min: 0.0, Avg: 0.0, Max: 0.0, Diff: 0.0, Sum: 0.0]
      [Code Root Scanning (ms): Min: 0.0, Avg: 0.0, Max: 0.0, Diff: 0.0, Sum: 0.0]
      [Object Copy (ms): Min: 0.0, Avg: 0.1, Max: 0.2, Diff: 0.2, Sum: 1.2]
      [Termination (ms): Min: 0.0, Avg: 0.2, Max: 0.3, Diff: 0.3, Sum: 2.1]
         [Termination Attempts: Min: 1, Avg: 1.0, Max: 1, Diff: 0, Sum: 10]
      [GC Worker Other (ms): Min: 0.0, Avg: 0.0, Max: 0.0, Diff: 0.0, Sum: 0.1]
      [GC Worker Total (ms): Min: 1.3, Avg: 1.5, Max: 1.7, Diff: 0.4, Sum: 14.5]
      [GC Worker End (ms): Min: 402612334.8, Avg: 402612334.8, Max: 402612334.8, Diff: 0.0]
   [Code Root Fixup: 0.0 ms]
   [Code Root Purge: 0.0 ms]
   [String Dedup Fixup: 2.4 ms, GC Workers: 10]
      [Queue Fixup (ms): Min: 0.0, Avg: 0.0, Max: 0.0, Diff: 0.0, Sum: 0.0]
      [Table Fixup (ms): Min: 1.6, Avg: 1.7, Max: 1.8, Diff: 0.2, Sum: 17.0]
   [Clear CT: 0.7 ms]
   [Other: 1.1 ms]
      [Choose CSet: 0.0 ms]
      [Ref Proc: 0.3 ms]
      [Ref Enq: 0.0 ms]
      [Redirty Cards: 0.6 ms]
      [Humongous Register: 0.0 ms]
      [Humongous Reclaim: 0.0 ms]
      [Free CSet: 0.0 ms]
   [Eden: 50176.0K(50176.0K)->0.0B(50176.0K) Survivors: 1024.0K->1024.0K Heap: 236.5M(267.0M)->187.4M(267.0M)]
 [Times: user=0.03 sys=0.00, real=0.01 secs] 
2020-12-18T03:16:45.769+0530: 402612.340: [GC concurrent-string-deduplication, 264.0B->264.0B(0.0B), avg 59.7%, 0.0000036 secs]
   [Last Exec: 0.0000036 secs, Idle: 300.1775503 secs, Blocked: 0/0.0000000 secs]
      [Inspected:               1]
         [Skipped:              0(  0.0%)]
         [Hashed:               1(100.0%)]
         [Known:                0(  0.0%)]
         [New:                  1(100.0%)    264.0B]
      [Deduplicated:            0(  0.0%)      0.0B(  0.0%)]
         [Young:                0(  0.0%)      0.0B(  0.0%)]
         [Old:                  0(  0.0%)      0.0B(  0.0%)]
   [Total Exec: 1599/0.8690576 secs, Idle: 1599/402610.9823867 secs, Blocked: 130/0.0925528 secs]
      [Inspected:         2929380]
         [Skipped:              0(  0.0%)]
         [Hashed:         1221701( 41.7%)]
         [Known:           188571(  6.4%)]
         [New:            2740809( 93.6%)    213.3M]
      [Deduplicated:      1919232( 70.0%)    127.2M( 59.7%)]
         [Young:           787914( 41.1%)  61802.6K( 47.4%)]
         [Old:            1131318( 58.9%)  68491.6K( 52.6%)]
   [Table]
      [Memory Usage: 8448.9K]
      [Size: 262144, Min: 1024, Max: 16777216]
      [Entries: 263763, Load: 100.6%, Cached: 9340, Added: 984053, Removed: 720290]
      [Resize Count: 8, Shrink Threshold: 174762(66.7%), Grow Threshold: 524288(200.0%)]
      [Rehash Count: 0, Rehash Threshold: 120, Hash Seed: 0x0]
      [Age Threshold: 3]
   [Queue]
      [Dropped: 0]
[GC concurrent-string-deduplication, deleted 0 entries, 0.0000006 secs]
2020-12-18T03:21:45.908+0530: 402912.479: [GC pause (G1 Evacuation Pause) (young), 0.0120915 secs]
   [Parallel Time: 5.3 ms, GC Workers: 10]
      [GC Worker Start (ms): Min: 402912478.8, Avg: 402912479.0, Max: 402912479.1, Diff: 0.3]
      [Ext Root Scanning (ms): Min: 0.5, Avg: 0.7, Max: 1.5, Diff: 1.0, Sum: 7.1]
      [Update RS (ms): Min: 0.0, Avg: 0.4, Max: 0.8, Diff: 0.8, Sum: 4.3]
         [Processed Buffers: Min: 0, Avg: 6.0, Max: 21, Diff: 21, Sum: 60]
      [Scan RS (ms): Min: 0.0, Avg: 0.0, Max: 0.0, Diff: 0.0, Sum: 0.0]
      [Code Root Scanning (ms): Min: 0.0, Avg: 0.0, Max: 0.0, Diff: 0.0, Sum: 0.0]
      [Object Copy (ms): Min: 0.0, Avg: 0.5, Max: 3.4, Diff: 3.4, Sum: 5.1]
      [Termination (ms): Min: 0.0, Avg: 2.8, Max: 3.1, Diff: 3.1, Sum: 27.6]
         [Termination Attempts: Min: 1, Avg: 1.5, Max: 2, Diff: 1, Sum: 15]
      [GC Worker Other (ms): Min: 0.0, Avg: 0.0, Max: 0.0, Diff: 0.0, Sum: 0.1]
      [GC Worker Total (ms): Min: 4.3, Avg: 4.4, Max: 4.6, Diff: 0.3, Sum: 44.3]
      [GC Worker End (ms): Min: 402912483.4, Avg: 402912483.4, Max: 402912483.4, Diff: 0.0]
   [Code Root Fixup: 0.0 ms]
   [Code Root Purge: 0.0 ms]
   [String Dedup Fixup: 2.3 ms, GC Workers: 10]
      [Queue Fixup (ms): Min: 0.0, Avg: 0.0, Max: 0.0, Diff: 0.0, Sum: 0.0]
      [Table Fixup (ms): Min: 1.7, Avg: 1.8, Max: 1.9, Diff: 0.2, Sum: 17.9]
   [Clear CT: 1.0 ms]
   [Other: 3.5 ms]
      [Choose CSet: 0.0 ms]
      [Ref Proc: 2.5 ms]
      [Ref Enq: 0.0 ms]
      [Redirty Cards: 0.8 ms]
      [Humongous Register: 0.0 ms]
      [Humongous Reclaim: 0.0 ms]
      [Free CSet: 0.1 ms]
   [Eden: 50176.0K(50176.0K)->0.0B(46080.0K) Survivors: 1024.0K->3072.0K Heap: 236.4M(267.0M)->189.9M(267.0M)]
 [Times: user=0.00 sys=0.00, real=0.01 secs] 
2020-12-18T03:21:45.920+0530: 402912.491: [GC concurrent-string-deduplication, 264.0B->264.0B(0.0B), avg 59.7%, 0.0000032 secs]
   [Last Exec: 0.0000032 secs, Idle: 300.1511577 secs, Blocked: 0/0.0000000 secs]
      [Inspected:               1]
         [Skipped:              0(  0.0%)]
         [Hashed:               1(100.0%)]
         [Known:                0(  0.0%)]
         [New:                  1(100.0%)    264.0B]
      [Deduplicated:            0(  0.0%)      0.0B(  0.0%)]
         [Young:                0(  0.0%)      0.0B(  0.0%)]
         [Old:                  0(  0.0%)      0.0B(  0.0%)]
   [Total Exec: 1600/0.8690608 secs, Idle: 1600/402911.1335444 secs, Blocked: 130/0.0925528 secs]
      [Inspected:         2929381]
         [Skipped:              0(  0.0%)]
         [Hashed:         1221702( 41.7%)]
         [Known:           188571(  6.4%)]
         [New:            2740810( 93.6%)    213.3M]
      [Deduplicated:      1919232( 70.0%)    127.2M( 59.7%)]
         [Young:           787914( 41.1%)  61802.6K( 47.4%)]
         [Old:            1131318( 58.9%)  68491.6K( 52.6%)]
   [Table]
      [Memory Usage: 8448.9K]
      [Size: 262144, Min: 1024, Max: 16777216]
      [Entries: 263770, Load: 100.6%, Cached: 9333, Added: 984060, Removed: 720290]
      [Resize Count: 8, Shrink Threshold: 174762(66.7%), Grow Threshold: 524288(200.0%)]
      [Rehash Count: 0, Rehash Threshold: 120, Hash Seed: 0x0]
      [Age Threshold: 3]
   [Queue]
      [Dropped: 0]
[GC concurrent-string-deduplication, deleted 0 entries, 0.0000006 secs]
2020-12-18T03:26:46.093+0530: 403212.664: [GC pause (G1 Evacuation Pause) (young) (initial-mark), 0.0077059 secs]
   [Parallel Time: 3.5 ms, GC Workers: 10]
      [GC Worker Start (ms): Min: 403212663.8, Avg: 403212664.0, Max: 403212664.1, Diff: 0.3]
      [Ext Root Scanning (ms): Min: 1.9, Avg: 2.1, Max: 2.4, Diff: 0.4, Sum: 20.7]
      [Update RS (ms): Min: 0.3, Avg: 0.4, Max: 0.9, Diff: 0.6, Sum: 4.3]
         [Processed Buffers: Min: 1, Avg: 5.0, Max: 16, Diff: 15, Sum: 50]
      [Scan RS (ms): Min: 0.0, Avg: 0.0, Max: 0.0, Diff: 0.0, Sum: 0.0]
      [Code Root Scanning (ms): Min: 0.0, Avg: 0.0, Max: 0.0, Diff: 0.0, Sum: 0.0]
      [Object Copy (ms): Min: 0.0, Avg: 0.2, Max: 0.3, Diff: 0.3, Sum: 2.2]
      [Termination (ms): Min: 0.0, Avg: 0.2, Max: 0.2, Diff: 0.2, Sum: 1.8]
         [Termination Attempts: Min: 1, Avg: 1.0, Max: 1, Diff: 0, Sum: 10]
      [GC Worker Other (ms): Min: 0.0, Avg: 0.0, Max: 0.0, Diff: 0.0, Sum: 0.1]
      [GC Worker Total (ms): Min: 2.8, Avg: 2.9, Max: 3.1, Diff: 0.3, Sum: 29.3]
      [GC Worker End (ms): Min: 403212666.9, Avg: 403212666.9, Max: 403212666.9, Diff: 0.0]
   [Code Root Fixup: 0.0 ms]
   [Code Root Purge: 0.0 ms]
   [String Dedup Fixup: 2.3 ms, GC Workers: 10]
      [Queue Fixup (ms): Min: 0.0, Avg: 0.0, Max: 0.0, Diff: 0.0, Sum: 0.0]
      [Table Fixup (ms): Min: 1.7, Avg: 1.7, Max: 1.9, Diff: 0.3, Sum: 17.3]
   [Clear CT: 0.7 ms]
   [Other: 1.2 ms]
      [Choose CSet: 0.0 ms]
      [Ref Proc: 0.5 ms]
      [Ref Enq: 0.0 ms]
      [Redirty Cards: 0.5 ms]
      [Humongous Register: 0.0 ms]
      [Humongous Reclaim: 0.0 ms]
      [Free CSet: 0.0 ms]
   [Eden: 46080.0K(46080.0K)->0.0B(50176.0K) Survivors: 3072.0K->1024.0K Heap: 234.9M(267.0M)->187.8M(267.0M)]
 [Times: user=0.03 sys=0.00, real=0.01 secs] 
2020-12-18T03:26:46.101+0530: 403212.672: [GC concurrent-string-deduplication, 264.0B->264.0B(0.0B), avg 59.7%, 0.0000117 secs]
   [Last Exec: 0.0000117 secs, Idle: 300.1804868 secs, Blocked: 0/0.0000000 secs]
      [Inspected:              34]
         [Skipped:              0(  0.0%)]
         [Hashed:               1(  2.9%)]
         [Known:               33( 97.1%)]
         [New:                  1(  2.9%)    264.0B]
      [Deduplicated:            0(  0.0%)      0.0B(  0.0%)]
         [Young:                0(  0.0%)      0.0B(  0.0%)]
         [Old:                  0(  0.0%)      0.0B(  0.0%)]
   [Total Exec: 1601/0.8690725 secs, Idle: 1601/403211.3140312 secs, Blocked: 130/0.0925528 secs]
      [Inspected:         2929415]
         [Skipped:              0(  0.0%)]
         [Hashed:         1221703( 41.7%)]
         [Known:           188604(  6.4%)]
         [New:            2740811( 93.6%)    213.3M]
      [Deduplicated:      1919232( 70.0%)    127.2M( 59.7%)]
         [Young:           787914( 41.1%)  61802.6K( 47.4%)]
         [Old:            1131318( 58.9%)  68491.6K( 52.6%)]
   [Table]
      [Memory Usage: 8448.9K]
      [Size: 262144, Min: 1024, Max: 16777216]
      [Entries: 263781, Load: 100.6%, Cached: 9322, Added: 984071, Removed: 720290]
      [Resize Count: 8, Shrink Threshold: 174762(66.7%), Grow Threshold: 524288(200.0%)]
      [Rehash Count: 0, Rehash Threshold: 120, Hash Seed: 0x0]
      [Age Threshold: 3]
   [Queue]
      [Dropped: 0]
[GC concurrent-string-deduplication, deleted 0 entries, 0.0000006 secs]
2020-12-18T03:26:46.101+0530: 403212.672: [GC concurrent-root-region-scan-start]
2020-12-18T03:26:46.103+0530: 403212.673: [GC concurrent-root-region-scan-end, 0.0016579 secs]
2020-12-18T03:26:46.103+0530: 403212.673: [GC concurrent-mark-start]
2020-12-18T03:26:46.189+0530: 403212.759: [GC concurrent-mark-end, 0.0858543 secs]
2020-12-18T03:26:46.189+0530: 403212.760: [GC remark 2020-12-18T03:26:46.189+0530: 403212.760: [Finalize Marking, 0.0002037 secs] 2020-12-18T03:26:46.190+0530: 403212.760: [GC ref-proc, 0.0005595 secs] 2020-12-18T03:26:46.190+0530: 403212.761: [Unloading, 0.0199936 secs], 0.0213677 secs]
 [Times: user=0.16 sys=0.00, real=0.02 secs] 
2020-12-18T03:26:46.211+0530: 403212.782: [GC cleanup 194M->194M(267M), 0.0025599 secs]
 [Times: user=0.00 sys=0.00, real=0.00 secs] 
2020-12-18T03:32:07.403+0530: 403533.974: [GC pause (G1 Evacuation Pause) (young), 0.0073169 secs]
   [Parallel Time: 2.1 ms, GC Workers: 10]
      [GC Worker Start (ms): Min: 403533974.3, Avg: 403533974.6, Max: 403533974.7, Diff: 0.5]
      [Ext Root Scanning (ms): Min: 0.6, Avg: 0.8, Max: 1.3, Diff: 0.7, Sum: 7.7]
      [Update RS (ms): Min: 0.4, Avg: 0.5, Max: 0.9, Diff: 0.5, Sum: 5.4]
         [Processed Buffers: Min: 1, Avg: 5.2, Max: 18, Diff: 17, Sum: 52]
      [Scan RS (ms): Min: 0.0, Avg: 0.0, Max: 0.0, Diff: 0.0, Sum: 0.1]
      [Code Root Scanning (ms): Min: 0.0, Avg: 0.0, Max: 0.0, Diff: 0.0, Sum: 0.0]
      [Object Copy (ms): Min: 0.1, Avg: 0.2, Max: 0.3, Diff: 0.2, Sum: 2.1]
      [Termination (ms): Min: 0.0, Avg: 0.2, Max: 0.3, Diff: 0.3, Sum: 2.4]
         [Termination Attempts: Min: 1, Avg: 1.0, Max: 1, Diff: 0, Sum: 10]
      [GC Worker Other (ms): Min: 0.0, Avg: 0.0, Max: 0.0, Diff: 0.0, Sum: 0.1]
      [GC Worker Total (ms): Min: 1.6, Avg: 1.8, Max: 2.1, Diff: 0.5, Sum: 17.8]
      [GC Worker End (ms): Min: 403533976.3, Avg: 403533976.3, Max: 403533976.3, Diff: 0.0]
   [Code Root Fixup: 0.0 ms]
   [Code Root Purge: 0.0 ms]
   [String Dedup Fixup: 2.5 ms, GC Workers: 10]
      [Queue Fixup (ms): Min: 0.0, Avg: 0.0, Max: 0.0, Diff: 0.0, Sum: 0.0]
      [Table Fixup (ms): Min: 1.7, Avg: 1.9, Max: 2.1, Diff: 0.3, Sum: 18.6]
   [Clear CT: 0.8 ms]
   [Other: 1.9 ms]
      [Choose CSet: 0.0 ms]
      [Ref Proc: 0.9 ms]
      [Ref Enq: 0.0 ms]
      [Redirty Cards: 0.8 ms]
      [Humongous Register: 0.0 ms]
      [Humongous Reclaim: 0.0 ms]
      [Free CSet: 0.0 ms]
   [Eden: 50176.0K(50176.0K)->0.0B(50176.0K) Survivors: 1024.0K->1024.0K Heap: 236.8M(267.0M)->187.7M(267.0M)]
 [Times: user=0.13 sys=0.02, real=0.01 secs] 
2020-12-18T03:32:07.411+0530: 403533.982: [GC concurrent-string-deduplication, 6120.0B->4128.0B(1992.0B), avg 59.7%, 0.0000293 secs]
   [Last Exec: 0.0000293 secs, Idle: 321.3101345 secs, Blocked: 0/0.0000000 secs]
      [Inspected:             102]
         [Skipped:              0(  0.0%)]
         [Hashed:              86( 84.3%)]
         [Known:                6(  5.9%)]
         [New:                 96( 94.1%)   6120.0B]
      [Deduplicated:           59( 61.5%)   1992.0B( 32.5%)]
         [Young:               59(100.0%)   1992.0B(100.0%)]
         [Old:                  0(  0.0%)      0.0B(  0.0%)]
   [Total Exec: 1602/0.8691018 secs, Idle: 1602/403532.6241657 secs, Blocked: 130/0.0925528 secs]
      [Inspected:         2929517]
         [Skipped:              0(  0.0%)]
         [Hashed:         1221789( 41.7%)]
         [Known:           188610(  6.4%)]
         [New:            2740907( 93.6%)    213.3M]
      [Deduplicated:      1919291( 70.0%)    127.2M( 59.7%)]
         [Young:           787973( 41.1%)  61804.5K( 47.4%)]
         [Old:            1131318( 58.9%)  68491.6K( 52.6%)]
   [Table]
      [Memory Usage: 8448.9K]
      [Size: 262144, Min: 1024, Max: 16777216]
      [Entries: 263790, Load: 100.6%, Cached: 9313, Added: 984114, Removed: 720324]
      [Resize Count: 8, Shrink Threshold: 174762(66.7%), Grow Threshold: 524288(200.0%)]
      [Rehash Count: 0, Rehash Threshold: 120, Hash Seed: 0x0]
      [Age Threshold: 3]
   [Queue]
      [Dropped: 0]
[GC concurrent-string-deduplication, deleted 0 entries, 0.0000006 secs]
2020-12-18T03:39:45.427+0530: 403991.998: [GC pause (G1 Evacuation Pause) (young), 0.0091084 secs]
   [Parallel Time: 4.3 ms, GC Workers: 10]
      [GC Worker Start (ms): Min: 403991998.6, Avg: 403991999.3, Max: 403991999.8, Diff: 1.2]
      [Ext Root Scanning (ms): Min: 1.5, Avg: 2.0, Max: 2.9, Diff: 1.5, Sum: 20.2]
      [Update RS (ms): Min: 0.7, Avg: 0.8, Max: 1.0, Diff: 0.4, Sum: 7.6]
         [Processed Buffers: Min: 1, Avg: 6.1, Max: 21, Diff: 20, Sum: 61]
      [Scan RS (ms): Min: 0.0, Avg: 0.0, Max: 0.0, Diff: 0.0, Sum: 0.0]
      [Code Root Scanning (ms): Min: 0.0, Avg: 0.0, Max: 0.0, Diff: 0.0, Sum: 0.0]
      [Object Copy (ms): Min: 0.2, Avg: 0.4, Max: 0.6, Diff: 0.4, Sum: 4.5]
      [Termination (ms): Min: 0.0, Avg: 0.2, Max: 0.2, Diff: 0.2, Sum: 1.7]
         [Termination Attempts: Min: 1, Avg: 9.9, Max: 14, Diff: 13, Sum: 99]
      [GC Worker Other (ms): Min: 0.0, Avg: 0.0, Max: 0.0, Diff: 0.0, Sum: 0.2]
      [GC Worker Total (ms): Min: 2.9, Avg: 3.4, Max: 4.1, Diff: 1.2, Sum: 34.3]
      [GC Worker End (ms): Min: 403992002.7, Avg: 403992002.7, Max: 403992002.7, Diff: 0.0]
   [Code Root Fixup: 0.0 ms]
   [Code Root Purge: 0.0 ms]
   [String Dedup Fixup: 2.4 ms, GC Workers: 10]
      [Queue Fixup (ms): Min: 0.0, Avg: 0.0, Max: 0.0, Diff: 0.0, Sum: 0.0]
      [Table Fixup (ms): Min: 1.6, Avg: 1.8, Max: 1.9, Diff: 0.3, Sum: 17.6]
   [Clear CT: 0.8 ms]
   [Other: 1.6 ms]
      [Choose CSet: 0.0 ms]
      [Ref Proc: 0.4 ms]
      [Ref Enq: 0.0 ms]
      [Redirty Cards: 0.7 ms]
      [Humongous Register: 0.1 ms]
      [Humongous Reclaim: 0.0 ms]
      [Free CSet: 0.1 ms]
   [Eden: 50176.0K(50176.0K)->0.0B(50176.0K) Survivors: 1024.0K->1024.0K Heap: 236.7M(267.0M)->187.7M(267.0M)]
 [Times: user=0.00 sys=0.00, real=0.01 secs] 
2020-12-18T03:39:45.437+0530: 403992.007: [GC concurrent-string-deduplication, 264.0B->264.0B(0.0B), avg 59.7%, 0.0000116 secs]
   [Last Exec: 0.0000116 secs, Idle: 458.0256318 secs, Blocked: 0/0.0000000 secs]
      [Inspected:              19]
         [Skipped:              0(  0.0%)]
         [Hashed:               1(  5.3%)]
         [Known:               18( 94.7%)]
         [New:                  1(  5.3%)    264.0B]
      [Deduplicated:            0(  0.0%)      0.0B(  0.0%)]
         [Young:                0(  0.0%)      0.0B(  0.0%)]
         [Old:                  0(  0.0%)      0.0B(  0.0%)]
   [Total Exec: 1603/0.8691134 secs, Idle: 1603/403990.6497975 secs, Blocked: 130/0.0925528 secs]
      [Inspected:         2929536]
         [Skipped:              0(  0.0%)]
         [Hashed:         1221790( 41.7%)]
         [Known:           188628(  6.4%)]
         [New:            2740908( 93.6%)    213.3M]
      [Deduplicated:      1919291( 70.0%)    127.2M( 59.7%)]
         [Young:           787973( 41.1%)  61804.5K( 47.4%)]
         [Old:            1131318( 58.9%)  68491.6K( 52.6%)]
   [Table]
      [Memory Usage: 8448.9K]
      [Size: 262144, Min: 1024, Max: 16777216]
      [Entries: 263791, Load: 100.6%, Cached: 9312, Added: 984115, Removed: 720324]
      [Resize Count: 8, Shrink Threshold: 174762(66.7%), Grow Threshold: 524288(200.0%)]
      [Rehash Count: 0, Rehash Threshold: 120, Hash Seed: 0x0]
      [Age Threshold: 3]
   [Queue]
      [Dropped: 0]
[GC concurrent-string-deduplication, deleted 0 entries, 0.0000007 secs]
2020-12-18T03:46:46.716+0530: 404413.287: [GC pause (G1 Evacuation Pause) (young) (initial-mark), 0.0078518 secs]
   [Parallel Time: 2.6 ms, GC Workers: 10]
      [GC Worker Start (ms): Min: 404413286.8, Avg: 404413287.1, Max: 404413287.3, Diff: 0.5]
      [Ext Root Scanning (ms): Min: 1.1, Avg: 1.5, Max: 1.8, Diff: 0.6, Sum: 14.7]
      [Update RS (ms): Min: 0.2, Avg: 0.4, Max: 0.6, Diff: 0.4, Sum: 3.8]
         [Processed Buffers: Min: 1, Avg: 5.4, Max: 11, Diff: 10, Sum: 54]
      [Scan RS (ms): Min: 0.0, Avg: 0.0, Max: 0.0, Diff: 0.0, Sum: 0.0]
      [Code Root Scanning (ms): Min: 0.0, Avg: 0.0, Max: 0.0, Diff: 0.0, Sum: 0.0]
      [Object Copy (ms): Min: 0.0, Avg: 0.2, Max: 0.3, Diff: 0.3, Sum: 2.0]
      [Termination (ms): Min: 0.0, Avg: 0.2, Max: 0.2, Diff: 0.2, Sum: 1.6]
         [Termination Attempts: Min: 1, Avg: 1.4, Max: 3, Diff: 2, Sum: 14]
      [GC Worker Other (ms): Min: 0.0, Avg: 0.0, Max: 0.0, Diff: 0.0, Sum: 0.1]
      [GC Worker Total (ms): Min: 2.0, Avg: 2.2, Max: 2.5, Diff: 0.5, Sum: 22.2]
      [GC Worker End (ms): Min: 404413289.3, Avg: 404413289.4, Max: 404413289.4, Diff: 0.0]
   [Code Root Fixup: 0.0 ms]
   [Code Root Purge: 0.0 ms]
   [String Dedup Fixup: 2.4 ms, GC Workers: 10]
      [Queue Fixup (ms): Min: 0.0, Avg: 0.0, Max: 0.0, Diff: 0.0, Sum: 0.0]
      [Table Fixup (ms): Min: 1.6, Avg: 1.7, Max: 1.9, Diff: 0.3, Sum: 17.4]
   [Clear CT: 0.8 ms]
   [Other: 1.9 ms]
      [Choose CSet: 0.0 ms]
      [Ref Proc: 0.9 ms]
      [Ref Enq: 0.0 ms]
      [Redirty Cards: 0.8 ms]
      [Humongous Register: 0.0 ms]
      [Humongous Reclaim: 0.0 ms]
      [Free CSet: 0.0 ms]
   [Eden: 50176.0K(50176.0K)->0.0B(50176.0K) Survivors: 1024.0K->1024.0K Heap: 236.7M(267.0M)->187.5M(267.0M)]
 [Times: user=0.16 sys=0.00, real=0.01 secs] 
2020-12-18T03:46:46.724+0530: 404413.295: [GC concurrent-string-deduplication, 264.0B->264.0B(0.0B), avg 59.7%, 0.0000358 secs]
   [Last Exec: 0.0000358 secs, Idle: 421.2872328 secs, Blocked: 0/0.0000000 secs]
      [Inspected:               7]
         [Skipped:              0(  0.0%)]
         [Hashed:               1( 14.3%)]
         [Known:                6( 85.7%)]
         [New:                  1( 14.3%)    264.0B]
      [Deduplicated:            0(  0.0%)      0.0B(  0.0%)]
         [Young:                0(  0.0%)      0.0B(  0.0%)]
         [Old:                  0(  0.0%)      0.0B(  0.0%)]
   [Total Exec: 1604/0.8691492 secs, Idle: 1604/404411.9370303 secs, Blocked: 130/0.0925528 secs]
      [Inspected:         2929543]
         [Skipped:              0(  0.0%)]
         [Hashed:         1221791( 41.7%)]
         [Known:           188634(  6.4%)]
         [New:            2740909( 93.6%)    213.3M]
      [Deduplicated:      1919291( 70.0%)    127.2M( 59.7%)]
         [Young:           787973( 41.1%)  61804.5K( 47.4%)]
         [Old:            1131318( 58.9%)  68491.6K( 52.6%)]
   [Table]
      [Memory Usage: 8448.9K]
      [Size: 262144, Min: 1024, Max: 16777216]
      [Entries: 263752, Load: 100.6%, Cached: 9351, Added: 984116, Removed: 720364]
      [Resize Count: 8, Shrink Threshold: 174762(66.7%), Grow Threshold: 524288(200.0%)]
      [Rehash Count: 0, Rehash Threshold: 120, Hash Seed: 0x0]
      [Age Threshold: 3]
   [Queue]
      [Dropped: 0]
2020-12-18T03:46:46.724+0530: 404413.295: [GC concurrent-string-deduplication, deleted 0 entries, 0.0000010 secs]
[GC concurrent-root-region-scan-start]
2020-12-18T03:46:46.727+0530: 404413.297: [GC concurrent-root-region-scan-end, 0.0026581 secs]
2020-12-18T03:46:46.727+0530: 404413.297: [GC concurrent-mark-start]
2020-12-18T03:46:46.807+0530: 404413.378: [GC concurrent-mark-end, 0.0801169 secs]
2020-12-18T03:46:46.807+0530: 404413.378: [GC remark 2020-12-18T03:46:46.807+0530: 404413.378: [Finalize Marking, 0.0006308 secs] 2020-12-18T03:46:46.808+0530: 404413.379: [GC ref-proc, 0.0005203 secs] 2020-12-18T03:46:46.809+0530: 404413.379: [Unloading, 0.0192586 secs], 0.0212154 secs]
 [Times: user=0.31 sys=0.00, real=0.02 secs] 
2020-12-18T03:46:46.829+0530: 404413.400: [GC cleanup 208M->208M(267M), 0.0039649 secs]
 [Times: user=0.00 sys=0.00, real=0.00 secs] 
2020-12-18T03:51:46.907+0530: 404713.477: [GC pause (G1 Evacuation Pause) (young), 0.0079714 secs]
   [Parallel Time: 2.2 ms, GC Workers: 10]
      [GC Worker Start (ms): Min: 404713477.4, Avg: 404713477.6, Max: 404713477.8, Diff: 0.4]
      [Ext Root Scanning (ms): Min: 0.4, Avg: 0.6, Max: 1.4, Diff: 0.9, Sum: 6.5]
      [Update RS (ms): Min: 0.0, Avg: 0.5, Max: 0.6, Diff: 0.6, Sum: 4.6]
         [Processed Buffers: Min: 0, Avg: 5.2, Max: 12, Diff: 12, Sum: 52]
      [Scan RS (ms): Min: 0.0, Avg: 0.0, Max: 0.0, Diff: 0.0, Sum: 0.0]
      [Code Root Scanning (ms): Min: 0.0, Avg: 0.0, Max: 0.0, Diff: 0.0, Sum: 0.0]
      [Object Copy (ms): Min: 0.0, Avg: 0.2, Max: 0.3, Diff: 0.2, Sum: 1.7]
      [Termination (ms): Min: 0.0, Avg: 0.1, Max: 0.1, Diff: 0.1, Sum: 0.6]
         [Termination Attempts: Min: 1, Avg: 1.0, Max: 1, Diff: 0, Sum: 10]
      [GC Worker Other (ms): Min: 0.0, Avg: 0.0, Max: 0.0, Diff: 0.0, Sum: 0.1]
      [GC Worker Total (ms): Min: 1.2, Avg: 1.4, Max: 1.6, Diff: 0.4, Sum: 13.6]
      [GC Worker End (ms): Min: 404713479.0, Avg: 404713479.0, Max: 404713479.0, Diff: 0.0]
   [Code Root Fixup: 0.0 ms]
   [Code Root Purge: 0.0 ms]
   [String Dedup Fixup: 2.5 ms, GC Workers: 10]
      [Queue Fixup (ms): Min: 0.0, Avg: 0.0, Max: 0.0, Diff: 0.0, Sum: 0.0]
      [Table Fixup (ms): Min: 1.7, Avg: 1.8, Max: 1.9, Diff: 0.2, Sum: 17.9]
   [Clear CT: 0.9 ms]
   [Other: 2.4 ms]
      [Choose CSet: 0.0 ms]
      [Ref Proc: 1.3 ms]
      [Ref Enq: 0.0 ms]
      [Redirty Cards: 0.8 ms]
      [Humongous Register: 0.0 ms]
      [Humongous Reclaim: 0.0 ms]
      [Free CSet: 0.1 ms]
   [Eden: 50176.0K(50176.0K)->0.0B(50176.0K) Survivors: 1024.0K->1024.0K Heap: 236.5M(267.0M)->188.1M(267.0M)]
 [Times: user=0.00 sys=0.00, real=0.01 secs] 
2020-12-18T03:51:46.914+0530: 404713.485: [GC concurrent-string-deduplication, 528.0B->528.0B(0.0B), avg 59.7%, 0.0000042 secs]
   [Last Exec: 0.0000042 secs, Idle: 300.1906260 secs, Blocked: 0/0.0000000 secs]
      [Inspected:               2]
         [Skipped:              0(  0.0%)]
         [Hashed:               2(100.0%)]
         [Known:                0(  0.0%)]
         [New:                  2(100.0%)    528.0B]
      [Deduplicated:            0(  0.0%)      0.0B(  0.0%)]
         [Young:                0(  0.0%)      0.0B(  0.0%)]
         [Old:                  0(  0.0%)      0.0B(  0.0%)]
   [Total Exec: 1605/0.8691534 secs, Idle: 1605/404712.1276563 secs, Blocked: 130/0.0925528 secs]
      [Inspected:         2929545]
         [Skipped:              0(  0.0%)]
         [Hashed:         1221793( 41.7%)]
         [Known:           188634(  6.4%)]
         [New:            2740911( 93.6%)    213.3M]
      [Deduplicated:      1919291( 70.0%)    127.2M( 59.7%)]
         [Young:           787973( 41.1%)  61804.5K( 47.4%)]
         [Old:            1131318( 58.9%)  68491.6K( 52.6%)]
   [Table]
      [Memory Usage: 8448.9K]
      [Size: 262144, Min: 1024, Max: 16777216]
      [Entries: 263775, Load: 100.6%, Cached: 9328, Added: 984142, Removed: 720367]
      [Resize Count: 8, Shrink Threshold: 174762(66.7%), Grow Threshold: 524288(200.0%)]
      [Rehash Count: 0, Rehash Threshold: 120, Hash Seed: 0x0]
      [Age Threshold: 3]
   [Queue]
      [Dropped: 0]
[GC concurrent-string-deduplication, deleted 0 entries, 0.0000007 secs]
2020-12-18T03:56:47.073+0530: 405013.643: [GC pause (G1 Evacuation Pause) (young), 0.0065887 secs]
   [Parallel Time: 2.2 ms, GC Workers: 10]
      [GC Worker Start (ms): Min: 405013643.2, Avg: 405013643.4, Max: 405013643.5, Diff: 0.3]
      [Ext Root Scanning (ms): Min: 0.5, Avg: 0.7, Max: 1.4, Diff: 0.9, Sum: 7.1]
      [Update RS (ms): Min: 0.0, Avg: 0.4, Max: 0.7, Diff: 0.7, Sum: 4.5]
         [Processed Buffers: Min: 0, Avg: 5.4, Max: 13, Diff: 13, Sum: 54]
      [Scan RS (ms): Min: 0.0, Avg: 0.0, Max: 0.0, Diff: 0.0, Sum: 0.0]
      [Code Root Scanning (ms): Min: 0.0, Avg: 0.0, Max: 0.0, Diff: 0.0, Sum: 0.0]
      [Object Copy (ms): Min: 0.0, Avg: 0.2, Max: 0.3, Diff: 0.2, Sum: 1.8]
      [Termination (ms): Min: 0.0, Avg: 0.1, Max: 0.2, Diff: 0.2, Sum: 1.4]
         [Termination Attempts: Min: 1, Avg: 1.6, Max: 2, Diff: 1, Sum: 16]
      [GC Worker Other (ms): Min: 0.0, Avg: 0.0, Max: 0.0, Diff: 0.0, Sum: 0.1]
      [GC Worker Total (ms): Min: 1.4, Avg: 1.5, Max: 1.7, Diff: 0.3, Sum: 15.0]
      [GC Worker End (ms): Min: 405013644.9, Avg: 405013644.9, Max: 405013644.9, Diff: 0.0]
   [Code Root Fixup: 0.0 ms]
   [Code Root Purge: 0.0 ms]
   [String Dedup Fixup: 2.3 ms, GC Workers: 10]
      [Queue Fixup (ms): Min: 0.0, Avg: 0.0, Max: 0.0, Diff: 0.0, Sum: 0.0]
      [Table Fixup (ms): Min: 1.6, Avg: 1.7, Max: 1.8, Diff: 0.2, Sum: 17.0]
   [Clear CT: 0.7 ms]
   [Other: 1.3 ms]
      [Choose CSet: 0.0 ms]
      [Ref Proc: 0.6 ms]
      [Ref Enq: 0.0 ms]
      [Redirty Cards: 0.6 ms]
      [Humongous Register: 0.0 ms]
      [Humongous Reclaim: 0.0 ms]
      [Free CSet: 0.0 ms]
   [Eden: 50176.0K(50176.0K)->0.0B(50176.0K) Survivors: 1024.0K->1024.0K Heap: 237.1M(267.0M)->187.6M(267.0M)]
 [Times: user=0.00 sys=0.00, real=0.01 secs] 
2020-12-18T03:56:47.079+0530: 405013.650: [GC concurrent-string-deduplication, 264.0B->264.0B(0.0B), avg 59.7%, 0.0000031 secs]
   [Last Exec: 0.0000031 secs, Idle: 300.1644477 secs, Blocked: 0/0.0000000 secs]
      [Inspected:               1]
         [Skipped:              0(  0.0%)]
         [Hashed:               1(100.0%)]
         [Known:                0(  0.0%)]
         [New:                  1(100.0%)    264.0B]
      [Deduplicated:            0(  0.0%)      0.0B(  0.0%)]
         [Young:                0(  0.0%)      0.0B(  0.0%)]
         [Old:                  0(  0.0%)      0.0B(  0.0%)]
   [Total Exec: 1606/0.8691565 secs, Idle: 1606/405012.2921040 secs, Blocked: 130/0.0925528 secs]
      [Inspected:         2929546]
         [Skipped:              0(  0.0%)]
         [Hashed:         1221794( 41.7%)]
         [Known:           188634(  6.4%)]
         [New:            2740912( 93.6%)    213.3M]
      [Deduplicated:      1919291( 70.0%)    127.2M( 59.7%)]
         [Young:           787973( 41.1%)  61804.5K( 47.4%)]
         [Old:            1131318( 58.9%)  68491.6K( 52.6%)]
   [Table]
      [Memory Usage: 8448.9K]
      [Size: 262144, Min: 1024, Max: 16777216]
      [Entries: 263944, Load: 100.7%, Cached: 9159, Added: 984311, Removed: 720367]
      [Resize Count: 8, Shrink Threshold: 174762(66.7%), Grow Threshold: 524288(200.0%)]
      [Rehash Count: 0, Rehash Threshold: 120, Hash Seed: 0x0]
      [Age Threshold: 3]
   [Queue]
      [Dropped: 0]
[GC concurrent-string-deduplication, deleted 0 entries, 0.0000006 secs]
2020-12-18T04:01:47.243+0530: 405313.814: [GC pause (G1 Evacuation Pause) (young) (initial-mark), 0.0089118 secs]
   [Parallel Time: 3.6 ms, GC Workers: 10]
      [GC Worker Start (ms): Min: 405313813.9, Avg: 405313814.2, Max: 405313814.4, Diff: 0.5]
      [Ext Root Scanning (ms): Min: 1.5, Avg: 1.7, Max: 2.1, Diff: 0.6, Sum: 17.0]
      [Update RS (ms): Min: 0.3, Avg: 0.4, Max: 0.6, Diff: 0.3, Sum: 4.1]
         [Processed Buffers: Min: 1, Avg: 5.1, Max: 21, Diff: 20, Sum: 51]
      [Scan RS (ms): Min: 0.0, Avg: 0.0, Max: 0.0, Diff: 0.0, Sum: 0.0]
      [Code Root Scanning (ms): Min: 0.0, Avg: 0.0, Max: 0.0, Diff: 0.0, Sum: 0.0]
      [Object Copy (ms): Min: 0.1, Avg: 0.2, Max: 0.3, Diff: 0.3, Sum: 2.2]
      [Termination (ms): Min: 0.0, Avg: 0.2, Max: 0.2, Diff: 0.2, Sum: 1.7]
         [Termination Attempts: Min: 1, Avg: 1.0, Max: 1, Diff: 0, Sum: 10]
      [GC Worker Other (ms): Min: 0.0, Avg: 0.0, Max: 0.0, Diff: 0.0, Sum: 0.1]
      [GC Worker Total (ms): Min: 2.3, Avg: 2.5, Max: 2.8, Diff: 0.5, Sum: 25.1]
      [GC Worker End (ms): Min: 405313816.7, Avg: 405313816.7, Max: 405313816.7, Diff: 0.0]
   [Code Root Fixup: 0.0 ms]
   [Code Root Purge: 0.0 ms]
   [String Dedup Fixup: 2.6 ms, GC Workers: 10]
      [Queue Fixup (ms): Min: 0.0, Avg: 0.0, Max: 0.0, Diff: 0.0, Sum: 0.0]
      [Table Fixup (ms): Min: 1.9, Avg: 2.0, Max: 2.2, Diff: 0.3, Sum: 20.4]
   [Clear CT: 0.9 ms]
   [Other: 1.8 ms]
      [Choose CSet: 0.0 ms]
      [Ref Proc: 0.7 ms]
      [Ref Enq: 0.0 ms]
      [Redirty Cards: 0.9 ms]
      [Humongous Register: 0.0 ms]
      [Humongous Reclaim: 0.0 ms]
      [Free CSet: 0.0 ms]
   [Eden: 50176.0K(50176.0K)->0.0B(50176.0K) Survivors: 1024.0K->1024.0K Heap: 236.6M(267.0M)->187.7M(267.0M)]
 [Times: user=0.00 sys=0.00, real=0.01 secs] 
2020-12-18T04:01:47.253+0530: 405313.823: 2020-12-18T04:01:47.253+0530[GC concurrent-root-region-scan-start]
: 405313.823: [GC concurrent-string-deduplication, 2032.0B->1320.0B(712.0B), avg 59.7%, 0.0000445 secs]
   [Last Exec: 0.0000445 secs, Idle: 300.1729804 secs, Blocked: 0/0.0000000 secs]
      [Inspected:              55]
         [Skipped:              0(  0.0%)]
         [Hashed:              25( 45.5%)]
         [Known:               25( 45.5%)]
         [New:                 30( 54.5%)   2032.0B]
      [Deduplicated:           19( 63.3%)    712.0B( 35.0%)]
         [Young:               19(100.0%)    712.0B(100.0%)]
         [Old:                  0(  0.0%)      0.0B(  0.0%)]
   [Total Exec: 1607/0.8692010 secs, Idle: 1607/405312.4650844 secs, Blocked: 130/0.0925528 secs]
      [Inspected:         2929601]
         [Skipped:              0(  0.0%)]
         [Hashed:         1221819( 41.7%)]
         [Known:           188659(  6.4%)]
         [New:            2740942( 93.6%)    213.3M]
      [Deduplicated:      1919310( 70.0%)    127.2M( 59.7%)]
         [Young:           787992( 41.1%)  61805.2K( 47.4%)]
         [Old:            1131318( 58.9%)  68491.6K( 52.6%)]
   [Table]
      [Memory Usage: 8448.9K]
      [Size: 262144, Min: 1024, Max: 16777216]
      [Entries: 263955, Load: 100.7%, Cached: 9148, Added: 984322, Removed: 720367]
      [Resize Count: 8, Shrink Threshold: 174762(66.7%), Grow Threshold: 524288(200.0%)]
      [Rehash Count: 0, Rehash Threshold: 120, Hash Seed: 0x0]
      [Age Threshold: 3]
   [Queue]
      [Dropped: 0]
[GC concurrent-string-deduplication, deleted 0 entries, 0.0000144 secs]
2020-12-18T04:01:47.254+0530: 405313.825: [GC concurrent-root-region-scan-end, 0.0017747 secs]
2020-12-18T04:01:47.254+0530: 405313.825: [GC concurrent-mark-start]
2020-12-18T04:01:47.336+0530: 405313.906: [GC concurrent-mark-end, 0.0815583 secs]
2020-12-18T04:01:47.336+0530: 405313.907: [GC remark 2020-12-18T04:01:47.336+0530: 405313.907: [Finalize Marking, 0.0002255 secs] 2020-12-18T04:01:47.337+0530: 405313.907: [GC ref-proc, 0.0005148 secs] 2020-12-18T04:01:47.337+0530: 405313.908: [Unloading, 0.0211406 secs], 0.0228283 secs]
 [Times: user=0.16 sys=0.00, real=0.02 secs] 
2020-12-18T04:01:47.360+0530: 405313.930: [GC cleanup 192M->192M(267M), 0.0031393 secs]
 [Times: user=0.00 sys=0.00, real=0.00 secs] 
2020-12-18T04:07:07.820+0530: 405634.391: [GC pause (G1 Evacuation Pause) (young), 0.0069835 secs]
   [Parallel Time: 2.0 ms, GC Workers: 10]
      [GC Worker Start (ms): Min: 405634391.4, Avg: 405634391.7, Max: 405634391.8, Diff: 0.4]
      [Ext Root Scanning (ms): Min: 0.5, Avg: 0.7, Max: 1.5, Diff: 1.0, Sum: 7.3]
      [Update RS (ms): Min: 0.2, Avg: 0.5, Max: 0.8, Diff: 0.6, Sum: 5.0]
         [Processed Buffers: Min: 1, Avg: 5.2, Max: 12, Diff: 11, Sum: 52]
      [Scan RS (ms): Min: 0.0, Avg: 0.0, Max: 0.0, Diff: 0.0, Sum: 0.0]
      [Code Root Scanning (ms): Min: 0.0, Avg: 0.0, Max: 0.0, Diff: 0.0, Sum: 0.0]
      [Object Copy (ms): Min: 0.0, Avg: 0.2, Max: 0.3, Diff: 0.2, Sum: 1.8]
      [Termination (ms): Min: 0.0, Avg: 0.2, Max: 0.3, Diff: 0.3, Sum: 2.1]
         [Termination Attempts: Min: 1, Avg: 12.7, Max: 21, Diff: 20, Sum: 127]
      [GC Worker Other (ms): Min: 0.0, Avg: 0.0, Max: 0.0, Diff: 0.0, Sum: 0.1]
      [GC Worker Total (ms): Min: 1.5, Avg: 1.6, Max: 1.9, Diff: 0.4, Sum: 16.3]
      [GC Worker End (ms): Min: 405634393.3, Avg: 405634393.3, Max: 405634393.3, Diff: 0.0]
   [Code Root Fixup: 0.0 ms]
   [Code Root Purge: 0.0 ms]
   [String Dedup Fixup: 2.4 ms, GC Workers: 10]
      [Queue Fixup (ms): Min: 0.0, Avg: 0.0, Max: 0.0, Diff: 0.0, Sum: 0.0]
      [Table Fixup (ms): Min: 1.7, Avg: 1.8, Max: 2.0, Diff: 0.2, Sum: 18.1]
   [Clear CT: 0.9 ms]
   [Other: 1.7 ms]
      [Choose CSet: 0.0 ms]
      [Ref Proc: 0.7 ms]
      [Ref Enq: 0.0 ms]
      [Redirty Cards: 0.8 ms]
      [Humongous Register: 0.0 ms]
      [Humongous Reclaim: 0.0 ms]
      [Free CSet: 0.1 ms]
   [Eden: 50176.0K(50176.0K)->0.0B(50176.0K) Survivors: 1024.0K->1024.0K Heap: 236.7M(267.0M)->187.5M(267.0M)]
 [Times: user=0.00 sys=0.00, real=0.01 secs] 
2020-12-18T04:07:07.827+0530: 405634.398: [GC concurrent-string-deduplication, 264.0B->264.0B(0.0B), avg 59.7%, 0.0000568 secs]
   [Last Exec: 0.0000568 secs, Idle: 320.5753640 secs, Blocked: 0/0.0000000 secs]
      [Inspected:             194]
         [Skipped:              0(  0.0%)]
         [Hashed:               1(  0.5%)]
         [Known:              193( 99.5%)]
         [New:                  1(  0.5%)    264.0B]
      [Deduplicated:            0(  0.0%)      0.0B(  0.0%)]
         [Young:                0(  0.0%)      0.0B(  0.0%)]
         [Old:                  0(  0.0%)      0.0B(  0.0%)]
   [Total Exec: 1608/0.8692578 secs, Idle: 1608/405633.0404484 secs, Blocked: 130/0.0925528 secs]
      [Inspected:         2929795]
         [Skipped:              0(  0.0%)]
         [Hashed:         1221820( 41.7%)]
         [Known:           188852(  6.4%)]
         [New:            2740943( 93.6%)    213.3M]
      [Deduplicated:      1919310( 70.0%)    127.2M( 59.7%)]
         [Young:           787992( 41.1%)  61805.2K( 47.4%)]
         [Old:            1131318( 58.9%)  68491.6K( 52.6%)]
   [Table]
      [Memory Usage: 8448.9K]
      [Size: 262144, Min: 1024, Max: 16777216]
      [Entries: 263977, Load: 100.7%, Cached: 9126, Added: 984356, Removed: 720379]
      [Resize Count: 8, Shrink Threshold: 174762(66.7%), Grow Threshold: 524288(200.0%)]
      [Rehash Count: 0, Rehash Threshold: 120, Hash Seed: 0x0]
      [Age Threshold: 3]
   [Queue]
      [Dropped: 0]
[GC concurrent-string-deduplication, deleted 0 entries, 0.0000006 secs]
2020-12-18T04:15:38.649+0530: 406145.220: [GC pause (G1 Evacuation Pause) (young), 0.0110285 secs]
   [Parallel Time: 6.0 ms, GC Workers: 10]
      [GC Worker Start (ms): Min: 406145220.4, Avg: 406145221.3, Max: 406145222.1, Diff: 1.7]
      [Ext Root Scanning (ms): Min: 1.0, Avg: 1.8, Max: 2.9, Diff: 1.9, Sum: 17.9]
      [Update RS (ms): Min: 1.4, Avg: 1.6, Max: 2.2, Diff: 0.8, Sum: 16.4]
         [Processed Buffers: Min: 1, Avg: 6.0, Max: 20, Diff: 19, Sum: 60]
      [Scan RS (ms): Min: 0.0, Avg: 0.0, Max: 0.0, Diff: 0.0, Sum: 0.2]
      [Code Root Scanning (ms): Min: 0.0, Avg: 0.0, Max: 0.0, Diff: 0.0, Sum: 0.0]
      [Object Copy (ms): Min: 0.1, Avg: 0.6, Max: 0.9, Diff: 0.8, Sum: 5.8]
      [Termination (ms): Min: 0.0, Avg: 0.3, Max: 0.3, Diff: 0.3, Sum: 3.0]
         [Termination Attempts: Min: 1, Avg: 1.4, Max: 3, Diff: 2, Sum: 14]
      [GC Worker Other (ms): Min: 0.0, Avg: 0.0, Max: 0.0, Diff: 0.0, Sum: 0.2]
      [GC Worker Total (ms): Min: 3.6, Avg: 4.4, Max: 5.3, Diff: 1.7, Sum: 43.6]
      [GC Worker End (ms): Min: 406145225.7, Avg: 406145225.7, Max: 406145225.7, Diff: 0.0]
   [Code Root Fixup: 0.0 ms]
   [Code Root Purge: 0.0 ms]
   [String Dedup Fixup: 2.4 ms, GC Workers: 10]
      [Queue Fixup (ms): Min: 0.0, Avg: 0.0, Max: 0.0, Diff: 0.0, Sum: 0.0]
      [Table Fixup (ms): Min: 1.6, Avg: 1.8, Max: 1.9, Diff: 0.2, Sum: 17.5]
   [Clear CT: 0.8 ms]
   [Other: 1.8 ms]
      [Choose CSet: 0.0 ms]
      [Ref Proc: 0.9 ms]
      [Ref Enq: 0.0 ms]
      [Redirty Cards: 0.6 ms]
      [Humongous Register: 0.0 ms]
      [Humongous Reclaim: 0.0 ms]
      [Free CSet: 0.0 ms]
   [Eden: 50176.0K(50176.0K)->0.0B(50176.0K) Survivors: 1024.0K->1024.0K Heap: 236.5M(267.0M)->187.5M(267.0M)]
 [Times: user=0.00 sys=0.00, real=0.01 secs] 
2020-12-18T04:15:38.661+0530: 406145.231: [GC concurrent-string-deduplication, 264.0B->264.0B(0.0B), avg 59.7%, 0.0000040 secs]
   [Last Exec: 0.0000040 secs, Idle: 510.8327100 secs, Blocked: 0/0.0000000 secs]
      [Inspected:               1]
         [Skipped:              0(  0.0%)]
         [Hashed:               1(100.0%)]
         [Known:                0(  0.0%)]
         [New:                  1(100.0%)    264.0B]
      [Deduplicated:            0(  0.0%)      0.0B(  0.0%)]
         [Young:                0(  0.0%)      0.0B(  0.0%)]
         [Old:                  0(  0.0%)      0.0B(  0.0%)]
   [Total Exec: 1609/0.8692618 secs, Idle: 1609/406143.8731584 secs, Blocked: 130/0.0925528 secs]
      [Inspected:         2929796]
         [Skipped:              0(  0.0%)]
         [Hashed:         1221821( 41.7%)]
         [Known:           188852(  6.4%)]
         [New:            2740944( 93.6%)    213.3M]
      [Deduplicated:      1919310( 70.0%)    127.2M( 59.7%)]
         [Young:           787992( 41.1%)  61805.2K( 47.4%)]
         [Old:            1131318( 58.9%)  68491.6K( 52.6%)]
   [Table]
      [Memory Usage: 8448.9K]
      [Size: 262144, Min: 1024, Max: 16777216]
      [Entries: 263968, Load: 100.7%, Cached: 9135, Added: 984357, Removed: 720389]
      [Resize Count: 8, Shrink Threshold: 174762(66.7%), Grow Threshold: 524288(200.0%)]
      [Rehash Count: 0, Rehash Threshold: 120, Hash Seed: 0x0]
      [Age Threshold: 3]
   [Queue]
      [Dropped: 0]
[GC concurrent-string-deduplication, deleted 0 entries, 0.0000006 secs]
2020-12-18T04:18:12.054+0530: 406298.625: [GC pause (G1 Evacuation Pause) (young) (initial-mark), 0.0104107 secs]
   [Parallel Time: 3.4 ms, GC Workers: 10]
      [GC Worker Start (ms): Min: 406298625.2, Avg: 406298625.3, Max: 406298625.4, Diff: 0.3]
      [Ext Root Scanning (ms): Min: 1.4, Avg: 1.6, Max: 1.7, Diff: 0.3, Sum: 15.9]
      [Update RS (ms): Min: 0.3, Avg: 0.4, Max: 0.7, Diff: 0.4, Sum: 4.1]
         [Processed Buffers: Min: 1, Avg: 5.0, Max: 16, Diff: 15, Sum: 50]
      [Scan RS (ms): Min: 0.0, Avg: 0.0, Max: 0.0, Diff: 0.0, Sum: 0.0]
      [Code Root Scanning (ms): Min: 0.0, Avg: 0.0, Max: 0.0, Diff: 0.0, Sum: 0.0]
      [Object Copy (ms): Min: 0.1, Avg: 0.2, Max: 0.3, Diff: 0.2, Sum: 2.0]
      [Termination (ms): Min: 0.0, Avg: 0.1, Max: 0.2, Diff: 0.2, Sum: 1.4]
         [Termination Attempts: Min: 1, Avg: 1.1, Max: 2, Diff: 1, Sum: 11]
      [GC Worker Other (ms): Min: 0.0, Avg: 0.0, Max: 0.0, Diff: 0.0, Sum: 0.1]
      [GC Worker Total (ms): Min: 2.2, Avg: 2.3, Max: 2.5, Diff: 0.3, Sum: 23.5]
      [GC Worker End (ms): Min: 406298627.7, Avg: 406298627.7, Max: 406298627.7, Diff: 0.0]
   [Code Root Fixup: 0.0 ms]
   [Code Root Purge: 0.0 ms]
   [String Dedup Fixup: 2.5 ms, GC Workers: 10]
      [Queue Fixup (ms): Min: 0.0, Avg: 0.0, Max: 0.0, Diff: 0.0, Sum: 0.0]
      [Table Fixup (ms): Min: 1.7, Avg: 1.8, Max: 2.0, Diff: 0.3, Sum: 17.9]
   [Clear CT: 0.8 ms]
   [Other: 3.8 ms]
      [Choose CSet: 0.0 ms]
      [Ref Proc: 2.9 ms]
      [Ref Enq: 0.0 ms]
      [Redirty Cards: 0.7 ms]
      [Humongous Register: 0.0 ms]
      [Humongous Reclaim: 0.0 ms]
      [Free CSet: 0.0 ms]
   [Eden: 50176.0K(50176.0K)->0.0B(46080.0K) Survivors: 1024.0K->3072.0K Heap: 236.5M(267.0M)->190.3M(267.0M)]
 [Times: user=0.16 sys=0.00, real=0.01 secs] 
2020-12-18T04:18:12.064+0530: 406298.636: [GC concurrent-root-region-scan-start]
2020-12-18T04:18:12.065+0530: 406298.636: [GC concurrent-string-deduplication, 1096.0B->800.0B(296.0B), avg 59.7%, 0.0000187 secs]
   [Last Exec: 0.0000187 secs, Idle: 153.4045206 secs, Blocked: 0/0.0000000 secs]
      [Inspected:              44]
         [Skipped:              0(  0.0%)]
         [Hashed:               5( 11.4%)]
         [Known:               36( 81.8%)]
         [New:                  8( 18.2%)   1096.0B]
      [Deduplicated:            5( 62.5%)    296.0B( 27.0%)]
         [Young:                5(100.0%)    296.0B(100.0%)]
         [Old:                  0(  0.0%)      0.0B(  0.0%)]
   [Total Exec: 1610/0.8692805 secs, Idle: 1610/406297.2776790 secs, Blocked: 130/0.0925528 secs]
      [Inspected:         2929840]
         [Skipped:              0(  0.0%)]
         [Hashed:         1221826( 41.7%)]
         [Known:           188888(  6.4%)]
         [New:            2740952( 93.6%)    213.3M]
      [Deduplicated:      1919315( 70.0%)    127.2M( 59.7%)]
         [Young:           787997( 41.1%)  61805.5K( 47.4%)]
         [Old:            1131318( 58.9%)  68491.6K( 52.6%)]
   [Table]
      [Memory Usage: 8448.9K]
      [Size: 262144, Min: 1024, Max: 16777216]
      [Entries: 263978, Load: 100.7%, Cached: 9125, Added: 984367, Removed: 720389]
      [Resize Count: 8, Shrink Threshold: 174762(66.7%), Grow Threshold: 524288(200.0%)]
      [Rehash Count: 0, Rehash Threshold: 120, Hash Seed: 0x0]
      [Age Threshold: 3]
   [Queue]
      [Dropped: 0]
[GC concurrent-string-deduplication, deleted 0 entries, 0.0000006 secs]
2020-12-18T04:18:12.067+0530: 406298.638: [GC concurrent-root-region-scan-end, 0.0022518 secs]
2020-12-18T04:18:12.067+0530: 406298.638: [GC concurrent-mark-start]
2020-12-18T04:18:12.144+0530: 406298.716: [GC concurrent-mark-end, 0.0776315 secs]
2020-12-18T04:18:12.145+0530: 406298.716: [GC remark 2020-12-18T04:18:12.145+0530: 406298.716: [Finalize Marking, 0.0004909 secs] 2020-12-18T04:18:12.146+0530: 406298.717: [GC ref-proc, 0.0005958 secs] 2020-12-18T04:18:12.146+0530: 406298.717: [Unloading, 0.0226067 secs], 0.0246497 secs]
 [Times: user=0.16 sys=0.00, real=0.03 secs] 
2020-12-18T04:18:12.170+0530: 406298.741: [GC cleanup 192M->192M(267M), 0.0043462 secs]
 [Times: user=0.00 sys=0.02, real=0.00 secs] 
2020-12-18T04:23:45.777+0530: 406632.348: [GC pause (G1 Evacuation Pause) (young), 0.0067337 secs]
   [Parallel Time: 2.4 ms, GC Workers: 10]
      [GC Worker Start (ms): Min: 406632347.7, Avg: 406632347.9, Max: 406632348.0, Diff: 0.3]
      [Ext Root Scanning (ms): Min: 0.4, Avg: 0.6, Max: 1.3, Diff: 0.8, Sum: 6.3]
      [Update RS (ms): Min: 0.3, Avg: 0.5, Max: 0.8, Diff: 0.5, Sum: 4.9]
         [Processed Buffers: Min: 2, Avg: 5.7, Max: 14, Diff: 12, Sum: 57]
      [Scan RS (ms): Min: 0.0, Avg: 0.0, Max: 0.0, Diff: 0.0, Sum: 0.0]
      [Code Root Scanning (ms): Min: 0.0, Avg: 0.0, Max: 0.0, Diff: 0.0, Sum: 0.0]
      [Object Copy (ms): Min: 0.0, Avg: 0.2, Max: 0.3, Diff: 0.3, Sum: 2.1]
      [Termination (ms): Min: 0.0, Avg: 0.2, Max: 0.2, Diff: 0.2, Sum: 1.9]
         [Termination Attempts: Min: 1, Avg: 12.9, Max: 20, Diff: 19, Sum: 129]
      [GC Worker Other (ms): Min: 0.0, Avg: 0.0, Max: 0.0, Diff: 0.0, Sum: 0.1]
      [GC Worker Total (ms): Min: 1.4, Avg: 1.5, Max: 1.7, Diff: 0.3, Sum: 15.4]
      [GC Worker End (ms): Min: 406632349.4, Avg: 406632349.4, Max: 406632349.4, Diff: 0.0]
   [Code Root Fixup: 0.0 ms]
   [Code Root Purge: 0.0 ms]
   [String Dedup Fixup: 2.4 ms, GC Workers: 10]
      [Queue Fixup (ms): Min: 0.0, Avg: 0.0, Max: 0.0, Diff: 0.0, Sum: 0.0]
      [Table Fixup (ms): Min: 1.6, Avg: 1.7, Max: 1.9, Diff: 0.3, Sum: 17.4]
   [Clear CT: 0.8 ms]
   [Other: 1.2 ms]
      [Choose CSet: 0.0 ms]
      [Ref Proc: 0.4 ms]
      [Ref Enq: 0.0 ms]
      [Redirty Cards: 0.6 ms]
      [Humongous Register: 0.0 ms]
      [Humongous Reclaim: 0.0 ms]
      [Free CSet: 0.1 ms]
   [Eden: 46080.0K(46080.0K)->0.0B(50176.0K) Survivors: 3072.0K->1024.0K Heap: 235.3M(267.0M)->187.8M(267.0M)]
 [Times: user=0.16 sys=0.00, real=0.01 secs] 
2020-12-18T04:23:45.784+0530: 406632.354: [GC concurrent-string-deduplication, 528.0B->528.0B(0.0B), avg 59.7%, 0.0000044 secs]
   [Last Exec: 0.0000044 secs, Idle: 333.7185136 secs, Blocked: 0/0.0000000 secs]
      [Inspected:               2]
         [Skipped:              0(  0.0%)]
         [Hashed:               2(100.0%)]
         [Known:                0(  0.0%)]
         [New:                  2(100.0%)    528.0B]
      [Deduplicated:            0(  0.0%)      0.0B(  0.0%)]
         [Young:                0(  0.0%)      0.0B(  0.0%)]
         [Old:                  0(  0.0%)      0.0B(  0.0%)]
   [Total Exec: 1611/0.8692849 secs, Idle: 1611/406630.9961926 secs, Blocked: 130/0.0925528 secs]
      [Inspected:         2929842]
         [Skipped:              0(  0.0%)]
         [Hashed:         1221828( 41.7%)]
         [Known:           188888(  6.4%)]
         [New:            2740954( 93.6%)    213.3M]
      [Deduplicated:      1919315( 70.0%)    127.2M( 59.7%)]
         [Young:           787997( 41.1%)  61805.5K( 47.4%)]
         [Old:            1131318( 58.9%)  68491.6K( 52.6%)]
   [Table]
      [Memory Usage: 8448.9K]
      [Size: 262144, Min: 1024, Max: 16777216]
      [Entries: 263956, Load: 100.7%, Cached: 9147, Added: 984374, Removed: 720418]
      [Resize Count: 8, Shrink Threshold: 174762(66.7%), Grow Threshold: 524288(200.0%)]
      [Rehash Count: 0, Rehash Threshold: 120, Hash Seed: 0x0]
      [Age Threshold: 3]
   [Queue]
      [Dropped: 0]
[GC concurrent-string-deduplication, deleted 0 entries, 0.0000007 secs]
2020-12-18T04:31:48.110+0530: 407114.681: [GC pause (G1 Evacuation Pause) (young), 0.0069487 secs]
   [Parallel Time: 1.9 ms, GC Workers: 10]
      [GC Worker Start (ms): Min: 407114681.3, Avg: 407114681.6, Max: 407114681.7, Diff: 0.4]
      [Ext Root Scanning (ms): Min: 0.5, Avg: 0.7, Max: 1.5, Diff: 1.0, Sum: 7.3]
      [Update RS (ms): Min: 0.0, Avg: 0.4, Max: 0.7, Diff: 0.7, Sum: 4.2]
         [Processed Buffers: Min: 0, Avg: 5.6, Max: 15, Diff: 15, Sum: 56]
      [Scan RS (ms): Min: 0.0, Avg: 0.0, Max: 0.0, Diff: 0.0, Sum: 0.0]
      [Code Root Scanning (ms): Min: 0.0, Avg: 0.0, Max: 0.0, Diff: 0.0, Sum: 0.0]
      [Object Copy (ms): Min: 0.0, Avg: 0.2, Max: 0.2, Diff: 0.2, Sum: 1.7]
      [Termination (ms): Min: 0.0, Avg: 0.2, Max: 0.2, Diff: 0.2, Sum: 1.9]
         [Termination Attempts: Min: 1, Avg: 1.2, Max: 2, Diff: 1, Sum: 12]
      [GC Worker Other (ms): Min: 0.0, Avg: 0.0, Max: 0.0, Diff: 0.0, Sum: 0.1]
      [GC Worker Total (ms): Min: 1.4, Avg: 1.5, Max: 1.8, Diff: 0.4, Sum: 15.2]
      [GC Worker End (ms): Min: 407114683.1, Avg: 407114683.1, Max: 407114683.1, Diff: 0.0]
   [Code Root Fixup: 0.0 ms]
   [Code Root Purge: 0.0 ms]
   [String Dedup Fixup: 2.4 ms, GC Workers: 10]
      [Queue Fixup (ms): Min: 0.0, Avg: 0.0, Max: 0.0, Diff: 0.0, Sum: 0.0]
      [Table Fixup (ms): Min: 1.6, Avg: 1.7, Max: 1.9, Diff: 0.3, Sum: 17.1]
   [Clear CT: 0.8 ms]
   [Other: 1.8 ms]
      [Choose CSet: 0.0 ms]
      [Ref Proc: 1.0 ms]
      [Ref Enq: 0.0 ms]
      [Redirty Cards: 0.7 ms]
      [Humongous Register: 0.0 ms]
      [Humongous Reclaim: 0.0 ms]
      [Free CSet: 0.0 ms]
   [Eden: 50176.0K(50176.0K)->0.0B(50176.0K) Survivors: 1024.0K->1024.0K Heap: 236.8M(267.0M)->187.9M(267.0M)]
 [Times: user=0.00 sys=0.00, real=0.01 secs] 
2020-12-18T04:31:48.118+0530: 407114.688: [GC concurrent-string-deduplication, 9976.0B->7880.0B(2096.0B), avg 59.7%, 0.0000300 secs]
   [Last Exec: 0.0000300 secs, Idle: 482.3338252 secs, Blocked: 0/0.0000000 secs]
      [Inspected:             118]
         [Skipped:              0(  0.0%)]
         [Hashed:             102( 86.4%)]
         [Known:                7(  5.9%)]
         [New:                111( 94.1%)   9976.0B]
      [Deduplicated:           65( 58.6%)   2096.0B( 21.0%)]
         [Young:               65(100.0%)   2096.0B(100.0%)]
         [Old:                  0(  0.0%)      0.0B(  0.0%)]
   [Total Exec: 1612/0.8693149 secs, Idle: 1612/407113.3300178 secs, Blocked: 130/0.0925528 secs]
      [Inspected:         2929960]
         [Skipped:              0(  0.0%)]
         [Hashed:         1221930( 41.7%)]
         [Known:           188895(  6.4%)]
         [New:            2741065( 93.6%)    213.3M]
      [Deduplicated:      1919380( 70.0%)    127.2M( 59.7%)]
         [Young:           788062( 41.1%)  61807.5K( 47.4%)]
         [Old:            1131318( 58.9%)  68491.6K( 52.6%)]
   [Table]
      [Memory Usage: 8448.9K]
      [Size: 262144, Min: 1024, Max: 16777216]
      [Entries: 264002, Load: 100.7%, Cached: 9101, Added: 984420, Removed: 720418]
      [Resize Count: 8, Shrink Threshold: 174762(66.7%), Grow Threshold: 524288(200.0%)]
      [Rehash Count: 0, Rehash Threshold: 120, Hash Seed: 0x0]
      [Age Threshold: 3]
   [Queue]
      [Dropped: 0]
[GC concurrent-string-deduplication, deleted 0 entries, 0.0000006 secs]
2020-12-18T04:36:48.306+0530: 407414.876: [GC pause (G1 Evacuation Pause) (young) (initial-mark), 0.0095734 secs]
   [Parallel Time: 5.0 ms, GC Workers: 10]
      [GC Worker Start (ms): Min: 407414876.6, Avg: 407414876.8, Max: 407414877.0, Diff: 0.4]
      [Ext Root Scanning (ms): Min: 1.4, Avg: 1.6, Max: 2.0, Diff: 0.6, Sum: 16.0]
      [Update RS (ms): Min: 0.3, Avg: 0.7, Max: 3.0, Diff: 2.7, Sum: 6.7]
         [Processed Buffers: Min: 1, Avg: 4.8, Max: 15, Diff: 14, Sum: 48]
      [Scan RS (ms): Min: 0.0, Avg: 0.0, Max: 0.0, Diff: 0.0, Sum: 0.0]
      [Code Root Scanning (ms): Min: 0.0, Avg: 0.0, Max: 0.0, Diff: 0.0, Sum: 0.0]
      [Object Copy (ms): Min: 0.0, Avg: 0.2, Max: 0.4, Diff: 0.3, Sum: 2.4]
      [Termination (ms): Min: 0.0, Avg: 2.1, Max: 2.3, Diff: 2.3, Sum: 20.8]
         [Termination Attempts: Min: 1, Avg: 10.0, Max: 19, Diff: 18, Sum: 100]
      [GC Worker Other (ms): Min: 0.0, Avg: 0.0, Max: 0.0, Diff: 0.0, Sum: 0.1]
      [GC Worker Total (ms): Min: 4.4, Avg: 4.6, Max: 4.8, Diff: 0.4, Sum: 46.1]
      [GC Worker End (ms): Min: 407414881.4, Avg: 407414881.4, Max: 407414881.4, Diff: 0.0]
   [Code Root Fixup: 0.0 ms]
   [Code Root Purge: 0.0 ms]
   [String Dedup Fixup: 2.4 ms, GC Workers: 10]
      [Queue Fixup (ms): Min: 0.0, Avg: 0.0, Max: 0.0, Diff: 0.0, Sum: 0.0]
      [Table Fixup (ms): Min: 1.7, Avg: 1.8, Max: 1.9, Diff: 0.3, Sum: 17.7]
   [Clear CT: 0.8 ms]
   [Other: 1.4 ms]
      [Choose CSet: 0.0 ms]
      [Ref Proc: 0.4 ms]
      [Ref Enq: 0.0 ms]
      [Redirty Cards: 0.8 ms]
      [Humongous Register: 0.0 ms]
      [Humongous Reclaim: 0.0 ms]
      [Free CSet: 0.1 ms]
   [Eden: 50176.0K(50176.0K)->0.0B(50176.0K) Survivors: 1024.0K->1024.0K Heap: 236.9M(267.0M)->188.0M(267.0M)]
 [Times: user=0.16 sys=0.00, real=0.01 secs] 
2020-12-18T04:36:48.315+0530: 407414.886: [GC concurrent-string-deduplication, 752.0B->600.0B(152.0B), avg 59.7%, 0.0000099 secs]
2020-12-18T04:36:48.315+0530: 407414.886   [Last Exec: 0.0000099 secs, Idle: 300.1978203 secs, Blocked: 0/0.0000000 secs]
: [GC concurrent-root-region-scan-start]
      [Inspected:              10]
         [Skipped:              0(  0.0%)]
         [Hashed:               3( 30.0%)]
         [Known:                5( 50.0%)]
         [New:                  5( 50.0%)    752.0B]
      [Deduplicated:            2( 40.0%)    152.0B( 20.2%)]
         [Young:                2(100.0%)    152.0B(100.0%)]
         [Old:                  0(  0.0%)      0.0B(  0.0%)]
   [Total Exec: 1613/0.8693248 secs, Idle: 1613/407413.5278381 secs, Blocked: 130/0.0925528 secs]
      [Inspected:         2929970]
         [Skipped:              0(  0.0%)]
         [Hashed:         1221933( 41.7%)]
         [Known:           188900(  6.4%)]
         [New:            2741070( 93.6%)    213.3M]
      [Deduplicated:      1919382( 70.0%)    127.2M( 59.7%)]
         [Young:           788064( 41.1%)  61807.7K( 47.4%)]
         [Old:            1131318( 58.9%)  68491.6K( 52.6%)]
   [Table]
      [Memory Usage: 8448.9K]
      [Size: 262144, Min: 1024, Max: 16777216]
      [Entries: 264039, Load: 100.7%, Cached: 9064, Added: 984457, Removed: 720418]
      [Resize Count: 8, Shrink Threshold: 174762(66.7%), Grow Threshold: 524288(200.0%)]
      [Rehash Count: 0, Rehash Threshold: 120, Hash Seed: 0x0]
      [Age Threshold: 3]
   [Queue]
      [Dropped: 0]
[GC concurrent-string-deduplication, deleted 0 entries, 0.0000006 secs]
2020-12-18T04:36:48.317+0530: 407414.888: [GC concurrent-root-region-scan-end, 0.0019559 secs]
2020-12-18T04:36:48.317+0530: 407414.888: [GC concurrent-mark-start]
2020-12-18T04:36:48.398+0530: 407414.969: [GC concurrent-mark-end, 0.0806886 secs]
2020-12-18T04:36:48.399+0530: 407414.969: [GC remark 2020-12-18T04:36:48.399+0530: 407414.969: [Finalize Marking, 0.0003049 secs] 2020-12-18T04:36:48.399+0530: 407414.970: [GC ref-proc, 0.0005289 secs] 2020-12-18T04:36:48.399+0530: 407414.970: [Unloading, 0.0198924 secs], 0.0214216 secs]
 [Times: user=0.16 sys=0.00, real=0.02 secs] 
2020-12-18T04:36:48.424+0530: 407414.995: [GC cleanup 202M->202M(267M), 0.0040417 secs]
 [Times: user=0.00 sys=0.00, real=0.00 secs] 
2020-12-18T04:41:48.542+0530: 407715.113: [GC pause (G1 Evacuation Pause) (young), 0.0069514 secs]
   [Parallel Time: 2.4 ms, GC Workers: 10]
      [GC Worker Start (ms): Min: 407715113.2, Avg: 407715113.4, Max: 407715113.6, Diff: 0.4]
      [Ext Root Scanning (ms): Min: 0.4, Avg: 0.7, Max: 1.4, Diff: 0.9, Sum: 6.8]
      [Update RS (ms): Min: 0.0, Avg: 0.4, Max: 0.7, Diff: 0.7, Sum: 4.5]
         [Processed Buffers: Min: 0, Avg: 5.8, Max: 19, Diff: 19, Sum: 58]
      [Scan RS (ms): Min: 0.0, Avg: 0.0, Max: 0.0, Diff: 0.0, Sum: 0.0]
      [Code Root Scanning (ms): Min: 0.0, Avg: 0.0, Max: 0.0, Diff: 0.0, Sum: 0.0]
      [Object Copy (ms): Min: 0.1, Avg: 0.2, Max: 0.3, Diff: 0.2, Sum: 2.0]
      [Termination (ms): Min: 0.0, Avg: 0.1, Max: 0.1, Diff: 0.1, Sum: 1.2]
         [Termination Attempts: Min: 1, Avg: 1.0, Max: 1, Diff: 0, Sum: 10]
      [GC Worker Other (ms): Min: 0.0, Avg: 0.0, Max: 0.0, Diff: 0.0, Sum: 0.1]
      [GC Worker Total (ms): Min: 1.3, Avg: 1.5, Max: 1.7, Diff: 0.4, Sum: 14.6]
      [GC Worker End (ms): Min: 407715114.9, Avg: 407715114.9, Max: 407715114.9, Diff: 0.0]
   [Code Root Fixup: 0.0 ms]
   [Code Root Purge: 0.0 ms]
   [String Dedup Fixup: 2.4 ms, GC Workers: 10]
      [Queue Fixup (ms): Min: 0.0, Avg: 0.0, Max: 0.0, Diff: 0.0, Sum: 0.0]
      [Table Fixup (ms): Min: 1.6, Avg: 1.7, Max: 1.9, Diff: 0.2, Sum: 17.2]
   [Clear CT: 0.8 ms]
   [Other: 1.3 ms]
      [Choose CSet: 0.0 ms]
      [Ref Proc: 0.3 ms]
      [Ref Enq: 0.0 ms]
      [Redirty Cards: 0.8 ms]
      [Humongous Register: 0.0 ms]
      [Humongous Reclaim: 0.0 ms]
      [Free CSet: 0.0 ms]
   [Eden: 50176.0K(50176.0K)->0.0B(50176.0K) Survivors: 1024.0K->1024.0K Heap: 237.0M(267.0M)->188.1M(267.0M)]
 [Times: user=0.16 sys=0.00, real=0.01 secs] 
2020-12-18T04:41:48.549+0530: 407715.120: [GC concurrent-string-deduplication, 528.0B->528.0B(0.0B), avg 59.7%, 0.0000031 secs]
   [Last Exec: 0.0000031 secs, Idle: 300.2339633 secs, Blocked: 0/0.0000000 secs]
      [Inspected:               2]
         [Skipped:              0(  0.0%)]
         [Hashed:               2(100.0%)]
         [Known:                0(  0.0%)]
         [New:                  2(100.0%)    528.0B]
      [Deduplicated:            0(  0.0%)      0.0B(  0.0%)]
         [Young:                0(  0.0%)      0.0B(  0.0%)]
         [Old:                  0(  0.0%)      0.0B(  0.0%)]
   [Total Exec: 1614/0.8693279 secs, Idle: 1614/407713.7618014 secs, Blocked: 130/0.0925528 secs]
      [Inspected:         2929972]
         [Skipped:              0(  0.0%)]
         [Hashed:         1221935( 41.7%)]
         [Known:           188900(  6.4%)]
         [New:            2741072( 93.6%)    213.3M]
      [Deduplicated:      1919382( 70.0%)    127.2M( 59.7%)]
         [Young:           788064( 41.1%)  61807.7K( 47.4%)]
         [Old:            1131318( 58.9%)  68491.6K( 52.6%)]
   [Table]
      [Memory Usage: 8448.9K]
      [Size: 262144, Min: 1024, Max: 16777216]
      [Entries: 264037, Load: 100.7%, Cached: 9066, Added: 984459, Removed: 720422]
      [Resize Count: 8, Shrink Threshold: 174762(66.7%), Grow Threshold: 524288(200.0%)]
      [Rehash Count: 0, Rehash Threshold: 120, Hash Seed: 0x0]
      [Age Threshold: 3]
   [Queue]
      [Dropped: 0]
[GC concurrent-string-deduplication, deleted 0 entries, 0.0000007 secs]
2020-12-18T04:47:08.176+0530: 408034.747: [GC pause (G1 Evacuation Pause) (young), 0.0072484 secs]
   [Parallel Time: 2.4 ms, GC Workers: 10]
      [GC Worker Start (ms): Min: 408034746.8, Avg: 408034747.1, Max: 408034747.2, Diff: 0.5]
      [Ext Root Scanning (ms): Min: 0.4, Avg: 0.7, Max: 1.3, Diff: 0.9, Sum: 6.6]
      [Update RS (ms): Min: 0.0, Avg: 0.4, Max: 0.6, Diff: 0.6, Sum: 4.2]
         [Processed Buffers: Min: 2, Avg: 5.2, Max: 11, Diff: 9, Sum: 52]
      [Scan RS (ms): Min: 0.0, Avg: 0.0, Max: 0.0, Diff: 0.0, Sum: 0.0]
      [Code Root Scanning (ms): Min: 0.0, Avg: 0.0, Max: 0.0, Diff: 0.0, Sum: 0.0]
      [Object Copy (ms): Min: 0.0, Avg: 0.1, Max: 0.2, Diff: 0.2, Sum: 1.3]
      [Termination (ms): Min: 0.0, Avg: 0.2, Max: 0.2, Diff: 0.2, Sum: 1.7]
         [Termination Attempts: Min: 1, Avg: 1.0, Max: 1, Diff: 0, Sum: 10]
      [GC Worker Other (ms): Min: 0.0, Avg: 0.0, Max: 0.0, Diff: 0.0, Sum: 0.1]
      [GC Worker Total (ms): Min: 1.2, Avg: 1.4, Max: 1.7, Diff: 0.5, Sum: 13.9]
      [GC Worker End (ms): Min: 408034748.4, Avg: 408034748.4, Max: 408034748.4, Diff: 0.0]
   [Code Root Fixup: 0.0 ms]
   [Code Root Purge: 0.0 ms]
   [String Dedup Fixup: 2.4 ms, GC Workers: 10]
      [Queue Fixup (ms): Min: 0.0, Avg: 0.0, Max: 0.0, Diff: 0.0, Sum: 0.0]
      [Table Fixup (ms): Min: 1.7, Avg: 1.8, Max: 1.9, Diff: 0.3, Sum: 17.6]
   [Clear CT: 0.7 ms]
   [Other: 1.8 ms]
      [Choose CSet: 0.0 ms]
      [Ref Proc: 0.9 ms]
      [Ref Enq: 0.0 ms]
      [Redirty Cards: 0.7 ms]
      [Humongous Register: 0.0 ms]
      [Humongous Reclaim: 0.0 ms]
      [Free CSet: 0.0 ms]
   [Eden: 50176.0K(50176.0K)->0.0B(50176.0K) Survivors: 1024.0K->1024.0K Heap: 237.1M(267.0M)->187.8M(267.0M)]
 [Times: user=0.00 sys=0.00, real=0.01 secs] 
2020-12-18T04:47:08.183+0530: 408034.754: [GC concurrent-string-deduplication, 264.0B->264.0B(0.0B), avg 59.7%, 0.0000146 secs]
   [Last Exec: 0.0000146 secs, Idle: 319.6338764 secs, Blocked: 0/0.0000000 secs]
      [Inspected:              40]
         [Skipped:              0(  0.0%)]
         [Hashed:               1(  2.5%)]
         [Known:               39( 97.5%)]
         [New:                  1(  2.5%)    264.0B]
      [Deduplicated:            0(  0.0%)      0.0B(  0.0%)]
         [Young:                0(  0.0%)      0.0B(  0.0%)]
         [Old:                  0(  0.0%)      0.0B(  0.0%)]
   [Total Exec: 1615/0.8693425 secs, Idle: 1615/408033.3956778 secs, Blocked: 130/0.0925528 secs]
      [Inspected:         2930012]
         [Skipped:              0(  0.0%)]
         [Hashed:         1221936( 41.7%)]
         [Known:           188939(  6.4%)]
         [New:            2741073( 93.6%)    213.3M]
      [Deduplicated:      1919382( 70.0%)    127.2M( 59.7%)]
         [Young:           788064( 41.1%)  61807.7K( 47.4%)]
         [Old:            1131318( 58.9%)  68491.6K( 52.6%)]
   [Table]
      [Memory Usage: 8448.9K]
      [Size: 262144, Min: 1024, Max: 16777216]
      [Entries: 263989, Load: 100.7%, Cached: 9114, Added: 984460, Removed: 720471]
      [Resize Count: 8, Shrink Threshold: 174762(66.7%), Grow Threshold: 524288(200.0%)]
      [Rehash Count: 0, Rehash Threshold: 120, Hash Seed: 0x0]
      [Age Threshold: 3]
   [Queue]
      [Dropped: 0]
[GC concurrent-string-deduplication, deleted 0 entries, 0.0000008 secs]
2020-12-18T04:52:08.228+0530: 408334.799: [GC pause (G1 Evacuation Pause) (young) (initial-mark), 0.0087065 secs]
   [Parallel Time: 3.2 ms, GC Workers: 10]
      [GC Worker Start (ms): Min: 408334799.5, Avg: 408334799.8, Max: 408334799.9, Diff: 0.4]
      [Ext Root Scanning (ms): Min: 1.2, Avg: 1.5, Max: 1.8, Diff: 0.7, Sum: 14.8]
      [Update RS (ms): Min: 0.3, Avg: 0.5, Max: 0.8, Diff: 0.5, Sum: 4.7]
         [Processed Buffers: Min: 1, Avg: 5.5, Max: 15, Diff: 14, Sum: 55]
      [Scan RS (ms): Min: 0.0, Avg: 0.0, Max: 0.0, Diff: 0.0, Sum: 0.0]
      [Code Root Scanning (ms): Min: 0.0, Avg: 0.0, Max: 0.0, Diff: 0.0, Sum: 0.0]
      [Object Copy (ms): Min: 0.1, Avg: 0.2, Max: 0.4, Diff: 0.2, Sum: 2.1]
      [Termination (ms): Min: 0.0, Avg: 0.2, Max: 0.3, Diff: 0.3, Sum: 2.2]
         [Termination Attempts: Min: 1, Avg: 1.7, Max: 4, Diff: 3, Sum: 17]
      [GC Worker Other (ms): Min: 0.0, Avg: 0.0, Max: 0.0, Diff: 0.0, Sum: 0.1]
      [GC Worker Total (ms): Min: 2.2, Avg: 2.4, Max: 2.6, Diff: 0.4, Sum: 23.9]
      [GC Worker End (ms): Min: 408334802.1, Avg: 408334802.1, Max: 408334802.1, Diff: 0.0]
   [Code Root Fixup: 0.0 ms]
   [Code Root Purge: 0.0 ms]
   [String Dedup Fixup: 2.2 ms, GC Workers: 10]
      [Queue Fixup (ms): Min: 0.0, Avg: 0.0, Max: 0.0, Diff: 0.0, Sum: 0.0]
      [Table Fixup (ms): Min: 1.7, Avg: 1.8, Max: 2.0, Diff: 0.2, Sum: 17.9]
   [Clear CT: 1.0 ms]
   [Other: 2.3 ms]
      [Choose CSet: 0.0 ms]
      [Ref Proc: 1.2 ms]
      [Ref Enq: 0.0 ms]
      [Redirty Cards: 0.8 ms]
      [Humongous Register: 0.0 ms]
      [Humongous Reclaim: 0.0 ms]
      [Free CSet: 0.1 ms]
   [Eden: 50176.0K(50176.0K)->0.0B(50176.0K) Survivors: 1024.0K->1024.0K Heap: 236.8M(267.0M)->188.3M(267.0M)]
 [Times: user=0.16 sys=0.00, real=0.01 secs] 
2020-12-18T04:52:08.237+0530: 408334.808: [GC concurrent-string-deduplication, 264.0B->264.0B(0.0B), avg 59.7%, 0.0000035 secs]
   [Last Exec: 0.0000035 secs, Idle: 300.0540479 secs, Blocked: 0/0.0000000 secs]
      [Inspected:               1]
         [Skipped:              0(  0.0%)]
         [Hashed:               1(100.0%)]
         [Known:                0(  0.0%)]
         [New:                  1(100.0%)    264.0B]
      [Deduplicated:            0(  0.0%)      0.0B(  0.0%)]
         [Young:                0(  0.0%)      0.0B(  0.0%)]
         [Old:                  0(  0.0%)      0.0B(  0.0%)]
   [Total Exec: 1616/0.8693460 secs, Idle: 1616/408333.4497257 secs, Blocked: 130/0.0925528 secs]
      [Inspected:         2930013]
         [Skipped:              0(  0.0%)]
         [Hashed:         1221937( 41.7%)]
         [Known:           188939(  6.4%)]
         [New:            2741074( 93.6%)    213.3M]
      [Deduplicated:      1919382( 70.0%)    127.2M( 59.7%)]
         [Young:           788064( 41.1%)  61807.7K( 47.4%)]
         [Old:            1131318( 58.9%)  68491.6K( 52.6%)]
   [Table]
      [Memory Usage: 8448.9K]
      [Size: 262144, Min: 1024, Max: 16777216]
      [Entries: 263990, Load: 100.7%, Cached: 9113, Added: 984461, Removed: 720471]
      [Resize Count: 8, Shrink Threshold: 174762(66.7%), Grow Threshold: 524288(200.0%)]
      [Rehash Count: 0, Rehash Threshold: 120, Hash Seed: 0x0]
      [Age Threshold: 3]
   [Queue]
      [Dropped: 0]
[GC concurrent-string-deduplication, deleted 0 entries, 0.0000006 secs]
2020-12-18T04:52:08.237+0530: 408334.808: [GC concurrent-root-region-scan-start]
2020-12-18T04:52:08.239+0530: 408334.810: [GC concurrent-root-region-scan-end, 0.0018925 secs]
2020-12-18T04:52:08.239+0530: 408334.810: [GC concurrent-mark-start]
2020-12-18T04:52:08.316+0530: 408334.887: [GC concurrent-mark-end, 0.0764071 secs]
2020-12-18T04:52:08.316+0530: 408334.887: [GC remark 2020-12-18T04:52:08.316+0530: 408334.887: [Finalize Marking, 0.0007871 secs] 2020-12-18T04:52:08.317+0530: 408334.888: [GC ref-proc, 0.0004909 secs] 2020-12-18T04:52:08.317+0530: 408334.888: [Unloading, 0.0191482 secs], 0.0212168 secs]
 [Times: user=0.14 sys=0.02, real=0.02 secs] 
2020-12-18T04:52:08.338+0530: 408334.909: [GC cleanup 190M->190M(267M), 0.0039098 secs]
 [Times: user=0.00 sys=0.00, real=0.00 secs] 
2020-12-18T04:59:46.072+0530: 408792.643: [GC pause (G1 Evacuation Pause) (young), 0.0070332 secs]
   [Parallel Time: 2.4 ms, GC Workers: 10]
      [GC Worker Start (ms): Min: 408792643.0, Avg: 408792643.4, Max: 408792643.6, Diff: 0.6]
      [Ext Root Scanning (ms): Min: 0.4, Avg: 0.7, Max: 1.4, Diff: 1.0, Sum: 6.9]
      [Update RS (ms): Min: 0.2, Avg: 0.4, Max: 0.7, Diff: 0.5, Sum: 4.3]
         [Processed Buffers: Min: 2, Avg: 6.0, Max: 25, Diff: 23, Sum: 60]
      [Scan RS (ms): Min: 0.0, Avg: 0.0, Max: 0.0, Diff: 0.0, Sum: 0.0]
      [Code Root Scanning (ms): Min: 0.0, Avg: 0.0, Max: 0.0, Diff: 0.0, Sum: 0.0]
      [Object Copy (ms): Min: 0.0, Avg: 0.1, Max: 0.2, Diff: 0.2, Sum: 1.4]
      [Termination (ms): Min: 0.0, Avg: 0.2, Max: 0.2, Diff: 0.2, Sum: 1.6]
         [Termination Attempts: Min: 1, Avg: 1.2, Max: 2, Diff: 1, Sum: 12]
      [GC Worker Other (ms): Min: 0.0, Avg: 0.0, Max: 0.0, Diff: 0.0, Sum: 0.1]
      [GC Worker Total (ms): Min: 1.2, Avg: 1.4, Max: 1.8, Diff: 0.6, Sum: 14.3]
      [GC Worker End (ms): Min: 408792644.8, Avg: 408792644.8, Max: 408792644.8, Diff: 0.0]
   [Code Root Fixup: 0.0 ms]
   [Code Root Purge: 0.0 ms]
   [String Dedup Fixup: 2.4 ms, GC Workers: 10]
      [Queue Fixup (ms): Min: 0.0, Avg: 0.0, Max: 0.0, Diff: 0.0, Sum: 0.0]
      [Table Fixup (ms): Min: 1.7, Avg: 1.8, Max: 2.0, Diff: 0.3, Sum: 18.0]
   [Clear CT: 0.9 ms]
   [Other: 1.3 ms]
      [Choose CSet: 0.0 ms]
      [Ref Proc: 0.4 ms]
      [Ref Enq: 0.0 ms]
      [Redirty Cards: 0.8 ms]
      [Humongous Register: 0.0 ms]
      [Humongous Reclaim: 0.0 ms]
      [Free CSet: 0.0 ms]
   [Eden: 50176.0K(50176.0K)->0.0B(50176.0K) Survivors: 1024.0K->1024.0K Heap: 237.3M(267.0M)->187.6M(267.0M)]
 [Times: user=0.00 sys=0.00, real=0.01 secs] 
2020-12-18T04:59:46.080+0530: 408792.650: [GC concurrent-string-deduplication, 264.0B->264.0B(0.0B), avg 59.7%, 0.0000032 secs]
   [Last Exec: 0.0000032 secs, Idle: 457.8418729 secs, Blocked: 0/0.0000000 secs]
      [Inspected:               1]
         [Skipped:              0(  0.0%)]
         [Hashed:               1(100.0%)]
         [Known:                0(  0.0%)]
         [New:                  1(100.0%)    264.0B]
      [Deduplicated:            0(  0.0%)      0.0B(  0.0%)]
         [Young:                0(  0.0%)      0.0B(  0.0%)]
         [Old:                  0(  0.0%)      0.0B(  0.0%)]
   [Total Exec: 1617/0.8693492 secs, Idle: 1617/408791.2915986 secs, Blocked: 130/0.0925528 secs]
      [Inspected:         2930014]
         [Skipped:              0(  0.0%)]
         [Hashed:         1221938( 41.7%)]
         [Known:           188939(  6.4%)]
         [New:            2741075( 93.6%)    213.3M]
      [Deduplicated:      1919382( 70.0%)    127.2M( 59.7%)]
         [Young:           788064( 41.1%)  61807.7K( 47.4%)]
         [Old:            1131318( 58.9%)  68491.6K( 52.6%)]
   [Table]
      [Memory Usage: 8448.9K]
      [Size: 262144, Min: 1024, Max: 16777216]
      [Entries: 263987, Load: 100.7%, Cached: 9116, Added: 984493, Removed: 720506]
      [Resize Count: 8, Shrink Threshold: 174762(66.7%), Grow Threshold: 524288(200.0%)]
      [Rehash Count: 0, Rehash Threshold: 120, Hash Seed: 0x0]
      [Age Threshold: 3]
   [Queue]
      [Dropped: 0]
[GC concurrent-string-deduplication, deleted 0 entries, 0.0000007 secs]
2020-12-18T05:06:49.293+0530: 409215.864: [GC pause (G1 Evacuation Pause) (young), 0.0065882 secs]
   [Parallel Time: 1.8 ms, GC Workers: 10]
      [GC Worker Start (ms): Min: 409215864.0, Avg: 409215864.3, Max: 409215864.5, Diff: 0.5]
      [Ext Root Scanning (ms): Min: 0.4, Avg: 0.7, Max: 1.4, Diff: 1.0, Sum: 6.8]
      [Update RS (ms): Min: 0.0, Avg: 0.4, Max: 0.7, Diff: 0.7, Sum: 4.2]
         [Processed Buffers: Min: 0, Avg: 5.3, Max: 20, Diff: 20, Sum: 53]
      [Scan RS (ms): Min: 0.0, Avg: 0.0, Max: 0.0, Diff: 0.0, Sum: 0.0]
      [Code Root Scanning (ms): Min: 0.0, Avg: 0.0, Max: 0.0, Diff: 0.0, Sum: 0.0]
      [Object Copy (ms): Min: 0.1, Avg: 0.2, Max: 0.3, Diff: 0.2, Sum: 1.8]
      [Termination (ms): Min: 0.0, Avg: 0.1, Max: 0.2, Diff: 0.2, Sum: 1.2]
         [Termination Attempts: Min: 1, Avg: 1.3, Max: 2, Diff: 1, Sum: 13]
      [GC Worker Other (ms): Min: 0.0, Avg: 0.0, Max: 0.0, Diff: 0.0, Sum: 0.1]
      [GC Worker Total (ms): Min: 1.2, Avg: 1.4, Max: 1.7, Diff: 0.5, Sum: 14.2]
      [GC Worker End (ms): Min: 409215865.7, Avg: 409215865.7, Max: 409215865.7, Diff: 0.0]
   [Code Root Fixup: 0.0 ms]
   [Code Root Purge: 0.0 ms]
   [String Dedup Fixup: 2.3 ms, GC Workers: 10]
      [Queue Fixup (ms): Min: 0.0, Avg: 0.0, Max: 0.0, Diff: 0.0, Sum: 0.0]
      [Table Fixup (ms): Min: 1.6, Avg: 1.7, Max: 1.8, Diff: 0.2, Sum: 17.3]
   [Clear CT: 0.8 ms]
   [Other: 1.6 ms]
      [Choose CSet: 0.0 ms]
      [Ref Proc: 0.7 ms]
      [Ref Enq: 0.0 ms]
      [Redirty Cards: 0.7 ms]
      [Humongous Register: 0.0 ms]
      [Humongous Reclaim: 0.0 ms]
      [Free CSet: 0.1 ms]
   [Eden: 50176.0K(50176.0K)->0.0B(50176.0K) Survivors: 1024.0K->1024.0K Heap: 236.6M(267.0M)->187.8M(267.0M)]
 [Times: user=0.16 sys=0.00, real=0.01 secs] 
2020-12-18T05:06:49.299+0530: 409215.871: [GC concurrent-string-deduplication, 2032.0B->1320.0B(712.0B), avg 59.7%, 0.0000151 secs]
   [Last Exec: 0.0000151 secs, Idle: 423.2204472 secs, Blocked: 0/0.0000000 secs]
      [Inspected:              30]
         [Skipped:              0(  0.0%)]
         [Hashed:              25( 83.3%)]
         [Known:                0(  0.0%)]
         [New:                 30(100.0%)   2032.0B]
      [Deduplicated:           19( 63.3%)    712.0B( 35.0%)]
         [Young:               19(100.0%)    712.0B(100.0%)]
         [Old:                  0(  0.0%)      0.0B(  0.0%)]
   [Total Exec: 1618/0.8693643 secs, Idle: 1618/409214.5120458 secs, Blocked: 130/0.0925528 secs]
      [Inspected:         2930044]
         [Skipped:              0(  0.0%)]
         [Hashed:         1221963( 41.7%)]
         [Known:           188939(  6.4%)]
         [New:            2741105( 93.6%)    213.3M]
      [Deduplicated:      1919401( 70.0%)    127.2M( 59.7%)]
         [Young:           788083( 41.1%)  61808.4K( 47.4%)]
         [Old:            1131318( 58.9%)  68491.6K( 52.6%)]
   [Table]
      [Memory Usage: 8448.9K]
      [Size: 262144, Min: 1024, Max: 16777216]
      [Entries: 263998, Load: 100.7%, Cached: 9105, Added: 984504, Removed: 720506]
      [Resize Count: 8, Shrink Threshold: 174762(66.7%), Grow Threshold: 524288(200.0%)]
      [Rehash Count: 0, Rehash Threshold: 120, Hash Seed: 0x0]
      [Age Threshold: 3]
   [Queue]
      [Dropped: 0]
[GC concurrent-string-deduplication, deleted 0 entries, 0.0000007 secs]
2020-12-18T05:11:49.461+0530: 409516.032: [GC pause (G1 Evacuation Pause) (young) (initial-mark), 0.0082223 secs]
   [Parallel Time: 2.8 ms, GC Workers: 10]
      [GC Worker Start (ms): Min: 409516032.2, Avg: 409516032.5, Max: 409516032.6, Diff: 0.4]
      [Ext Root Scanning (ms): Min: 1.4, Avg: 1.6, Max: 1.9, Diff: 0.6, Sum: 15.9]
      [Update RS (ms): Min: 0.3, Avg: 0.4, Max: 0.6, Diff: 0.3, Sum: 4.2]
         [Processed Buffers: Min: 1, Avg: 5.6, Max: 20, Diff: 19, Sum: 56]
      [Scan RS (ms): Min: 0.0, Avg: 0.0, Max: 0.0, Diff: 0.0, Sum: 0.0]
      [Code Root Scanning (ms): Min: 0.0, Avg: 0.0, Max: 0.0, Diff: 0.0, Sum: 0.0]
      [Object Copy (ms): Min: 0.1, Avg: 0.2, Max: 0.3, Diff: 0.2, Sum: 2.1]
      [Termination (ms): Min: 0.0, Avg: 0.2, Max: 0.2, Diff: 0.2, Sum: 1.7]
         [Termination Attempts: Min: 1, Avg: 1.4, Max: 3, Diff: 2, Sum: 14]
      [GC Worker Other (ms): Min: 0.0, Avg: 0.0, Max: 0.0, Diff: 0.0, Sum: 0.1]
      [GC Worker Total (ms): Min: 2.2, Avg: 2.4, Max: 2.7, Diff: 0.4, Sum: 23.9]
      [GC Worker End (ms): Min: 409516034.9, Avg: 409516034.9, Max: 409516034.9, Diff: 0.0]
   [Code Root Fixup: 0.0 ms]
   [Code Root Purge: 0.0 ms]
   [String Dedup Fixup: 2.6 ms, GC Workers: 10]
      [Queue Fixup (ms): Min: 0.0, Avg: 0.0, Max: 0.0, Diff: 0.0, Sum: 0.0]
      [Table Fixup (ms): Min: 1.9, Avg: 1.9, Max: 2.0, Diff: 0.1, Sum: 19.5]
   [Clear CT: 0.8 ms]
   [Other: 2.0 ms]
      [Choose CSet: 0.0 ms]
      [Ref Proc: 1.0 ms]
      [Ref Enq: 0.0 ms]
      [Redirty Cards: 0.8 ms]
      [Humongous Register: 0.0 ms]
      [Humongous Reclaim: 0.0 ms]
      [Free CSet: 0.0 ms]
   [Eden: 50176.0K(50176.0K)->0.0B(50176.0K) Survivors: 1024.0K->1024.0K Heap: 236.8M(267.0M)->187.8M(267.0M)]
 [Times: user=0.02 sys=0.00, real=0.01 secs] 
2020-12-18T05:11:49.470+0530: 409516.041: [GC concurrent-root-region-scan-start]
2020-12-18T05:11:49.470+0530: 409516.041: [GC concurrent-string-deduplication, 528.0B->528.0B(0.0B), avg 59.7%, 0.0000305 secs]
   [Last Exec: 0.0000305 secs, Idle: 300.1697857 secs, Blocked: 0/0.0000000 secs]
      [Inspected:              33]
         [Skipped:              0(  0.0%)]
         [Hashed:               2(  6.1%)]
         [Known:               31( 93.9%)]
         [New:                  2(  6.1%)    528.0B]
      [Deduplicated:            0(  0.0%)      0.0B(  0.0%)]
         [Young:                0(  0.0%)      0.0B(  0.0%)]
         [Old:                  0(  0.0%)      0.0B(  0.0%)]
   [Total Exec: 1619/0.8693948 secs, Idle: 1619/409514.6818315 secs, Blocked: 130/0.0925528 secs]
      [Inspected:         2930077]
         [Skipped:              0(  0.0%)]
         [Hashed:         1221965( 41.7%)]
         [Known:           188970(  6.4%)]
         [New:            2741107( 93.6%)    213.3M]
      [Deduplicated:      1919401( 70.0%)    127.2M( 59.7%)]
         [Young:           788083( 41.1%)  61808.4K( 47.4%)]
         [Old:            1131318( 58.9%)  68491.6K( 52.6%)]
   [Table]
      [Memory Usage: 8448.9K]
      [Size: 262144, Min: 1024, Max: 16777216]
      [Entries: 264000, Load: 100.7%, Cached: 9103, Added: 984506, Removed: 720506]
      [Resize Count: 8, Shrink Threshold: 174762(66.7%), Grow Threshold: 524288(200.0%)]
      [Rehash Count: 0, Rehash Threshold: 120, Hash Seed: 0x0]
      [Age Threshold: 3]
   [Queue]
      [Dropped: 0]
[GC concurrent-string-deduplication, deleted 0 entries, 0.0000009 secs]
2020-12-18T05:11:49.472+0530: 409516.042: [GC concurrent-root-region-scan-end, 0.0019939 secs]
2020-12-18T05:11:49.472+0530: 409516.043: [GC concurrent-mark-start]
2020-12-18T05:11:49.549+0530: 409516.120: [GC concurrent-mark-end, 0.0770391 secs]
2020-12-18T05:11:49.549+0530: 409516.120: [GC remark 2020-12-18T05:11:49.549+0530: 409516.120: [Finalize Marking, 0.0005951 secs] 2020-12-18T05:11:49.550+0530: 409516.121: [GC ref-proc, 0.0004999 secs] 2020-12-18T05:11:49.550+0530: 409516.121: [Unloading, 0.0191514 secs], 0.0213010 secs]
 [Times: user=0.16 sys=0.00, real=0.02 secs] 
2020-12-18T05:11:49.571+0530: 409516.142: [GC cleanup 202M->202M(267M), 0.0040154 secs]
 [Times: user=0.00 sys=0.00, real=0.00 secs] 
2020-12-18T05:16:49.666+0530: 409816.237: [GC pause (G1 Evacuation Pause) (young), 0.0071296 secs]
   [Parallel Time: 1.8 ms, GC Workers: 10]
      [GC Worker Start (ms): Min: 409816236.8, Avg: 409816237.1, Max: 409816237.3, Diff: 0.4]
      [Ext Root Scanning (ms): Min: 0.5, Avg: 0.7, Max: 1.4, Diff: 0.9, Sum: 6.9]
      [Update RS (ms): Min: 0.0, Avg: 0.4, Max: 0.7, Diff: 0.7, Sum: 4.2]
         [Processed Buffers: Min: 1, Avg: 4.9, Max: 13, Diff: 12, Sum: 49]
      [Scan RS (ms): Min: 0.0, Avg: 0.0, Max: 0.0, Diff: 0.0, Sum: 0.0]
      [Code Root Scanning (ms): Min: 0.0, Avg: 0.0, Max: 0.0, Diff: 0.0, Sum: 0.0]
      [Object Copy (ms): Min: 0.1, Avg: 0.2, Max: 0.4, Diff: 0.3, Sum: 2.1]
      [Termination (ms): Min: 0.0, Avg: 0.2, Max: 0.2, Diff: 0.2, Sum: 1.5]
         [Termination Attempts: Min: 1, Avg: 1.3, Max: 2, Diff: 1, Sum: 13]
      [GC Worker Other (ms): Min: 0.0, Avg: 0.0, Max: 0.0, Diff: 0.0, Sum: 0.1]
      [GC Worker Total (ms): Min: 1.3, Avg: 1.5, Max: 1.8, Diff: 0.4, Sum: 14.8]
      [GC Worker End (ms): Min: 409816238.6, Avg: 409816238.6, Max: 409816238.6, Diff: 0.0]
   [Code Root Fixup: 0.0 ms]
   [Code Root Purge: 0.0 ms]
   [String Dedup Fixup: 2.6 ms, GC Workers: 10]
      [Queue Fixup (ms): Min: 0.0, Avg: 0.0, Max: 0.0, Diff: 0.0, Sum: 0.0]
      [Table Fixup (ms): Min: 1.7, Avg: 1.8, Max: 2.1, Diff: 0.5, Sum: 18.0]
   [Clear CT: 0.9 ms]
   [Other: 1.8 ms]
      [Choose CSet: 0.0 ms]
      [Ref Proc: 0.9 ms]
      [Ref Enq: 0.0 ms]
      [Redirty Cards: 0.8 ms]
      [Humongous Register: 0.0 ms]
      [Humongous Reclaim: 0.0 ms]
      [Free CSet: 0.0 ms]
   [Eden: 50176.0K(50176.0K)->0.0B(50176.0K) Survivors: 1024.0K->1024.0K Heap: 236.8M(267.0M)->187.8M(267.0M)]
 [Times: user=0.00 sys=0.00, real=0.01 secs] 
2020-12-18T05:16:49.674+0530: 409816.244: [GC concurrent-string-deduplication, 264.0B->264.0B(0.0B), avg 59.7%, 0.0000034 secs]
   [Last Exec: 0.0000034 secs, Idle: 300.2035309 secs, Blocked: 0/0.0000000 secs]
      [Inspected:               1]
         [Skipped:              0(  0.0%)]
         [Hashed:               1(100.0%)]
         [Known:                0(  0.0%)]
         [New:                  1(100.0%)    264.0B]
      [Deduplicated:            0(  0.0%)      0.0B(  0.0%)]
         [Young:                0(  0.0%)      0.0B(  0.0%)]
         [Old:                  0(  0.0%)      0.0B(  0.0%)]
   [Total Exec: 1620/0.8693982 secs, Idle: 1620/409814.8853624 secs, Blocked: 130/0.0925528 secs]
      [Inspected:         2930078]
         [Skipped:              0(  0.0%)]
         [Hashed:         1221966( 41.7%)]
         [Known:           188970(  6.4%)]
         [New:            2741108( 93.6%)    213.3M]
      [Deduplicated:      1919401( 70.0%)    127.2M( 59.7%)]
         [Young:           788083( 41.1%)  61808.4K( 47.4%)]
         [Old:            1131318( 58.9%)  68491.6K( 52.6%)]
   [Table]
      [Memory Usage: 8448.9K]
      [Size: 262144, Min: 1024, Max: 16777216]
      [Entries: 263982, Load: 100.7%, Cached: 9121, Added: 984528, Removed: 720546]
      [Resize Count: 8, Shrink Threshold: 174762(66.7%), Grow Threshold: 524288(200.0%)]
      [Rehash Count: 0, Rehash Threshold: 120, Hash Seed: 0x0]
      [Age Threshold: 3]
   [Queue]
      [Dropped: 0]
[GC concurrent-string-deduplication, deleted 0 entries, 0.0000006 secs]
2020-12-18T05:21:49.822+0530: 410116.393: [GC pause (G1 Evacuation Pause) (young), 0.0092034 secs]
   [Parallel Time: 1.9 ms, GC Workers: 10]
      [GC Worker Start (ms): Min: 410116393.2, Avg: 410116393.4, Max: 410116393.5, Diff: 0.4]
      [Ext Root Scanning (ms): Min: 0.5, Avg: 0.7, Max: 1.4, Diff: 0.9, Sum: 7.0]
      [Update RS (ms): Min: 0.0, Avg: 0.5, Max: 0.9, Diff: 0.9, Sum: 5.0]
         [Processed Buffers: Min: 0, Avg: 6.0, Max: 11, Diff: 11, Sum: 60]
      [Scan RS (ms): Min: 0.0, Avg: 0.0, Max: 0.0, Diff: 0.0, Sum: 0.0]
      [Code Root Scanning (ms): Min: 0.0, Avg: 0.0, Max: 0.0, Diff: 0.0, Sum: 0.0]
      [Object Copy (ms): Min: 0.1, Avg: 0.2, Max: 0.3, Diff: 0.3, Sum: 2.3]
      [Termination (ms): Min: 0.0, Avg: 0.2, Max: 0.2, Diff: 0.2, Sum: 1.9]
         [Termination Attempts: Min: 1, Avg: 1.3, Max: 2, Diff: 1, Sum: 13]
      [GC Worker Other (ms): Min: 0.0, Avg: 0.0, Max: 0.0, Diff: 0.0, Sum: 0.1]
      [GC Worker Total (ms): Min: 1.5, Avg: 1.6, Max: 1.9, Diff: 0.4, Sum: 16.4]
      [GC Worker End (ms): Min: 410116395.0, Avg: 410116395.0, Max: 410116395.0, Diff: 0.0]
   [Code Root Fixup: 0.0 ms]
   [Code Root Purge: 0.0 ms]
   [String Dedup Fixup: 2.6 ms, GC Workers: 10]
      [Queue Fixup (ms): Min: 0.0, Avg: 0.0, Max: 0.0, Diff: 0.0, Sum: 0.0]
      [Table Fixup (ms): Min: 2.1, Avg: 2.1, Max: 2.3, Diff: 0.2, Sum: 21.4]
   [Clear CT: 0.7 ms]
   [Other: 4.0 ms]
      [Choose CSet: 0.0 ms]
      [Ref Proc: 3.1 ms]
      [Ref Enq: 0.0 ms]
      [Redirty Cards: 0.7 ms]
      [Humongous Register: 0.0 ms]
      [Humongous Reclaim: 0.0 ms]
      [Free CSet: 0.1 ms]
   [Eden: 50176.0K(50176.0K)->0.0B(44032.0K) Survivors: 1024.0K->4096.0K Heap: 236.8M(267.0M)->191.0M(267.0M)]
 [Times: user=0.16 sys=0.00, real=0.01 secs] 
2020-12-18T05:21:49.832+0530: 410116.402: [GC concurrent-string-deduplication, 264.0B->264.0B(0.0B), avg 59.7%, 0.0000030 secs]
   [Last Exec: 0.0000030 secs, Idle: 300.1583222 secs, Blocked: 0/0.0000000 secs]
      [Inspected:               1]
         [Skipped:              0(  0.0%)]
         [Hashed:               1(100.0%)]
         [Known:                0(  0.0%)]
         [New:                  1(100.0%)    264.0B]
      [Deduplicated:            0(  0.0%)      0.0B(  0.0%)]
         [Young:                0(  0.0%)      0.0B(  0.0%)]
         [Old:                  0(  0.0%)      0.0B(  0.0%)]
   [Total Exec: 1621/0.8694012 secs, Idle: 1621/410115.0436846 secs, Blocked: 130/0.0925528 secs]
      [Inspected:         2930079]
         [Skipped:              0(  0.0%)]
         [Hashed:         1221967( 41.7%)]
         [Known:           188970(  6.4%)]
         [New:            2741109( 93.6%)    213.3M]
      [Deduplicated:      1919401( 70.0%)    127.2M( 59.7%)]
         [Young:           788083( 41.1%)  61808.4K( 47.4%)]
         [Old:            1131318( 58.9%)  68491.6K( 52.6%)]
   [Table]
      [Memory Usage: 8448.9K]
      [Size: 262144, Min: 1024, Max: 16777216]
      [Entries: 263991, Load: 100.7%, Cached: 9112, Added: 984537, Removed: 720546]
      [Resize Count: 8, Shrink Threshold: 174762(66.7%), Grow Threshold: 524288(200.0%)]
      [Rehash Count: 0, Rehash Threshold: 120, Hash Seed: 0x0]
      [Age Threshold: 3]
   [Queue]
      [Dropped: 0]
[GC concurrent-string-deduplication, deleted 0 entries, 0.0000007 secs]
2020-12-18T05:26:50.020+0530: 410416.591: [GC pause (G1 Evacuation Pause) (young) (initial-mark), 0.0076017 secs]
   [Parallel Time: 2.6 ms, GC Workers: 10]
      [GC Worker Start (ms): Min: 410416590.9, Avg: 410416591.1, Max: 410416591.2, Diff: 0.3]
      [Ext Root Scanning (ms): Min: 1.3, Avg: 1.5, Max: 1.8, Diff: 0.5, Sum: 15.0]
      [Update RS (ms): Min: 0.3, Avg: 0.4, Max: 0.7, Diff: 0.4, Sum: 4.3]
         [Processed Buffers: Min: 1, Avg: 5.5, Max: 18, Diff: 17, Sum: 55]
      [Scan RS (ms): Min: 0.0, Avg: 0.0, Max: 0.0, Diff: 0.0, Sum: 0.0]
      [Code Root Scanning (ms): Min: 0.0, Avg: 0.0, Max: 0.0, Diff: 0.0, Sum: 0.0]
      [Object Copy (ms): Min: 0.2, Avg: 0.3, Max: 0.4, Diff: 0.2, Sum: 2.9]
      [Termination (ms): Min: 0.0, Avg: 0.1, Max: 0.1, Diff: 0.1, Sum: 1.3]
         [Termination Attempts: Min: 1, Avg: 9.2, Max: 17, Diff: 16, Sum: 92]
      [GC Worker Other (ms): Min: 0.0, Avg: 0.0, Max: 0.0, Diff: 0.0, Sum: 0.1]
      [GC Worker Total (ms): Min: 2.2, Avg: 2.4, Max: 2.5, Diff: 0.3, Sum: 23.5]
      [GC Worker End (ms): Min: 410416593.4, Avg: 410416593.4, Max: 410416593.4, Diff: 0.0]
   [Code Root Fixup: 0.0 ms]
   [Code Root Purge: 0.0 ms]
   [String Dedup Fixup: 2.4 ms, GC Workers: 10]
      [Queue Fixup (ms): Min: 0.0, Avg: 0.0, Max: 0.0, Diff: 0.0, Sum: 0.0]
      [Table Fixup (ms): Min: 1.6, Avg: 1.7, Max: 1.8, Diff: 0.2, Sum: 17.2]
   [Clear CT: 0.8 ms]
   [Other: 1.8 ms]
      [Choose CSet: 0.0 ms]
      [Ref Proc: 0.8 ms]
      [Ref Enq: 0.0 ms]
      [Redirty Cards: 0.7 ms]
      [Humongous Register: 0.0 ms]
      [Humongous Reclaim: 0.0 ms]
      [Free CSet: 0.0 ms]
   [Eden: 44032.0K(44032.0K)->0.0B(50176.0K) Survivors: 4096.0K->1024.0K Heap: 234.0M(267.0M)->188.2M(267.0M)]
 [Times: user=0.00 sys=0.00, real=0.01 secs] 
2020-12-18T05:26:50.028+0530: 410416.599: [GC concurrent-root-region-scan-start]
2020-12-18T05:26:50.028+0530: 410416.599: [GC concurrent-string-deduplication, 264.0B->264.0B(0.0B), avg 59.7%, 0.0000124 secs]
   [Last Exec: 0.0000124 secs, Idle: 300.1961264 secs, Blocked: 0/0.0000000 secs]
      [Inspected:              22]
         [Skipped:              0(  0.0%)]
         [Hashed:               1(  4.5%)]
         [Known:               21( 95.5%)]
         [New:                  1(  4.5%)    264.0B]
      [Deduplicated:            0(  0.0%)      0.0B(  0.0%)]
         [Young:                0(  0.0%)      0.0B(  0.0%)]
         [Old:                  0(  0.0%)      0.0B(  0.0%)]
   [Total Exec: 1622/0.8694136 secs, Idle: 1622/410415.2398110 secs, Blocked: 130/0.0925528 secs]
      [Inspected:         2930101]
         [Skipped:              0(  0.0%)]
         [Hashed:         1221968( 41.7%)]
         [Known:           188991(  6.4%)]
         [New:            2741110( 93.6%)    213.3M]
      [Deduplicated:      1919401( 70.0%)    127.2M( 59.7%)]
         [Young:           788083( 41.1%)  61808.4K( 47.4%)]
         [Old:            1131318( 58.9%)  68491.6K( 52.6%)]
   [Table]
      [Memory Usage: 8448.9K]
      [Size: 262144, Min: 1024, Max: 16777216]
      [Entries: 263998, Load: 100.7%, Cached: 9105, Added: 984544, Removed: 720546]
      [Resize Count: 8, Shrink Threshold: 174762(66.7%), Grow Threshold: 524288(200.0%)]
      [Rehash Count: 0, Rehash Threshold: 120, Hash Seed: 0x0]
      [Age Threshold: 3]
   [Queue]
      [Dropped: 0]
[GC concurrent-string-deduplication, deleted 0 entries, 0.0000005 secs]
2020-12-18T05:26:50.030+0530: 410416.600: [GC concurrent-root-region-scan-end, 0.0017879 secs]
2020-12-18T05:26:50.030+0530: 410416.600: [GC concurrent-mark-start]
2020-12-18T05:26:50.110+0530: 410416.681: [GC concurrent-mark-end, 0.0804577 secs]
2020-12-18T05:26:50.111+0530: 410416.681: [GC remark 2020-12-18T05:26:50.111+0530: 410416.681: [Finalize Marking, 0.0003031 secs] 2020-12-18T05:26:50.111+0530: 410416.682: [GC ref-proc, 0.0005570 secs] 2020-12-18T05:26:50.112+0530: 410416.682: [Unloading, 0.0189458 secs], 0.0207683 secs]
 [Times: user=0.16 sys=0.00, real=0.02 secs] 
2020-12-18T05:26:50.132+0530: 410416.703: [GC cleanup 200M->200M(267M), 0.0034017 secs]
 [Times: user=0.00 sys=0.00, real=0.00 secs] 
2020-12-18T05:31:50.222+0530: 410716.793: [GC pause (G1 Evacuation Pause) (young), 0.0070813 secs]
   [Parallel Time: 2.3 ms, GC Workers: 10]
      [GC Worker Start (ms): Min: 410716793.4, Avg: 410716793.6, Max: 410716793.7, Diff: 0.3]
      [Ext Root Scanning (ms): Min: 0.5, Avg: 0.7, Max: 1.4, Diff: 0.9, Sum: 7.1]
      [Update RS (ms): Min: 0.0, Avg: 0.5, Max: 0.7, Diff: 0.7, Sum: 4.6]
         [Processed Buffers: Min: 0, Avg: 5.0, Max: 12, Diff: 12, Sum: 50]
      [Scan RS (ms): Min: 0.0, Avg: 0.0, Max: 0.0, Diff: 0.0, Sum: 0.0]
      [Code Root Scanning (ms): Min: 0.0, Avg: 0.0, Max: 0.0, Diff: 0.0, Sum: 0.0]
      [Object Copy (ms): Min: 0.1, Avg: 0.2, Max: 0.3, Diff: 0.2, Sum: 1.9]
      [Termination (ms): Min: 0.0, Avg: 0.1, Max: 0.2, Diff: 0.2, Sum: 1.3]
         [Termination Attempts: Min: 1, Avg: 3.7, Max: 8, Diff: 7, Sum: 37]
      [GC Worker Other (ms): Min: 0.0, Avg: 0.0, Max: 0.0, Diff: 0.0, Sum: 0.1]
      [GC Worker Total (ms): Min: 1.4, Avg: 1.5, Max: 1.7, Diff: 0.3, Sum: 15.0]
      [GC Worker End (ms): Min: 410716795.1, Avg: 410716795.1, Max: 410716795.1, Diff: 0.0]
   [Code Root Fixup: 0.0 ms]
   [Code Root Purge: 0.0 ms]
   [String Dedup Fixup: 2.6 ms, GC Workers: 10]
      [Queue Fixup (ms): Min: 0.0, Avg: 0.0, Max: 0.0, Diff: 0.0, Sum: 0.0]
      [Table Fixup (ms): Min: 2.0, Avg: 2.1, Max: 2.2, Diff: 0.2, Sum: 20.5]
   [Clear CT: 0.9 ms]
   [Other: 1.3 ms]
      [Choose CSet: 0.0 ms]
      [Ref Proc: 0.3 ms]
      [Ref Enq: 0.0 ms]
      [Redirty Cards: 0.9 ms]
      [Humongous Register: 0.0 ms]
      [Humongous Reclaim: 0.0 ms]
      [Free CSet: 0.0 ms]
   [Eden: 50176.0K(50176.0K)->0.0B(50176.0K) Survivors: 1024.0K->1024.0K Heap: 237.2M(267.0M)->188.1M(267.0M)]
 [Times: user=0.00 sys=0.00, real=0.01 secs] 
2020-12-18T05:31:50.229+0530: 410716.801: [GC concurrent-string-deduplication, 9704.0B->7200.0B(2504.0B), avg 59.7%, 0.0000391 secs]
   [Last Exec: 0.0000391 secs, Idle: 300.2018126 secs, Blocked: 0/0.0000000 secs]
      [Inspected:             137]
         [Skipped:              0(  0.0%)]
         [Hashed:             117( 85.4%)]
         [Known:                8(  5.8%)]
         [New:                129( 94.2%)   9704.0B]
      [Deduplicated:           75( 58.1%)   2504.0B( 25.8%)]
         [Young:               75(100.0%)   2504.0B(100.0%)]
         [Old:                  0(  0.0%)      0.0B(  0.0%)]
   [Total Exec: 1623/0.8694527 secs, Idle: 1623/410715.4416236 secs, Blocked: 130/0.0925528 secs]
      [Inspected:         2930238]
         [Skipped:              0(  0.0%)]
         [Hashed:         1222085( 41.7%)]
         [Known:           188999(  6.4%)]
         [New:            2741239( 93.6%)    213.3M]
      [Deduplicated:      1919476( 70.0%)    127.2M( 59.7%)]
         [Young:           788158( 41.1%)  61810.8K( 47.4%)]
         [Old:            1131318( 58.9%)  68491.6K( 52.6%)]
   [Table]
      [Memory Usage: 8448.9K]
      [Size: 262144, Min: 1024, Max: 16777216]
      [Entries: 264024, Load: 100.7%, Cached: 9079, Added: 984598, Removed: 720574]
      [Resize Count: 8, Shrink Threshold: 174762(66.7%), Grow Threshold: 524288(200.0%)]
      [Rehash Count: 0, Rehash Threshold: 120, Hash Seed: 0x0]
      [Age Threshold: 3]
   [Queue]
      [Dropped: 0]
[GC concurrent-string-deduplication, deleted 0 entries, 0.0000006 secs]
2020-12-18T05:37:42.608+0530: 411069.179: [GC pause (G1 Evacuation Pause) (young), 0.0091097 secs]
   [Parallel Time: 4.5 ms, GC Workers: 10]
      [GC Worker Start (ms): Min: 411069179.4, Avg: 411069179.7, Max: 411069179.9, Diff: 0.5]
      [Ext Root Scanning (ms): Min: 0.4, Avg: 0.6, Max: 1.2, Diff: 0.8, Sum: 6.3]
      [Update RS (ms): Min: 0.4, Avg: 0.8, Max: 3.3, Diff: 2.9, Sum: 7.7]
         [Processed Buffers: Min: 1, Avg: 5.3, Max: 12, Diff: 11, Sum: 53]
      [Scan RS (ms): Min: 0.0, Avg: 0.0, Max: 0.0, Diff: 0.0, Sum: 0.0]
      [Code Root Scanning (ms): Min: 0.0, Avg: 0.0, Max: 0.0, Diff: 0.0, Sum: 0.0]
      [Object Copy (ms): Min: 0.0, Avg: 0.2, Max: 0.3, Diff: 0.3, Sum: 1.7]
      [Termination (ms): Min: 0.0, Avg: 2.4, Max: 2.7, Diff: 2.7, Sum: 23.8]
         [Termination Attempts: Min: 1, Avg: 7.0, Max: 12, Diff: 11, Sum: 70]
      [GC Worker Other (ms): Min: 0.0, Avg: 0.0, Max: 0.0, Diff: 0.0, Sum: 0.1]
      [GC Worker Total (ms): Min: 3.8, Avg: 4.0, Max: 4.3, Diff: 0.5, Sum: 39.6]
      [GC Worker End (ms): Min: 411069183.7, Avg: 411069183.7, Max: 411069183.7, Diff: 0.0]
   [Code Root Fixup: 0.0 ms]
   [Code Root Purge: 0.0 ms]
   [String Dedup Fixup: 2.3 ms, GC Workers: 10]
      [Queue Fixup (ms): Min: 0.0, Avg: 0.0, Max: 0.0, Diff: 0.0, Sum: 0.0]
      [Table Fixup (ms): Min: 1.6, Avg: 1.7, Max: 1.9, Diff: 0.2, Sum: 17.4]
   [Clear CT: 0.8 ms]
   [Other: 1.5 ms]
      [Choose CSet: 0.0 ms]
      [Ref Proc: 0.6 ms]
      [Ref Enq: 0.0 ms]
      [Redirty Cards: 0.7 ms]
      [Humongous Register: 0.0 ms]
      [Humongous Reclaim: 0.0 ms]
      [Free CSet: 0.1 ms]
   [Eden: 50176.0K(50176.0K)->0.0B(50176.0K) Survivors: 1024.0K->1024.0K Heap: 237.1M(267.0M)->188.1M(267.0M)]
 [Times: user=0.01 sys=0.00, real=0.01 secs] 
2020-12-18T05:37:42.618+0530: 411069.189: [GC concurrent-string-deduplication, 264.0B->264.0B(0.0B), avg 59.7%, 0.0000074 secs]
   [Last Exec: 0.0000074 secs, Idle: 352.3879876 secs, Blocked: 0/0.0000000 secs]
      [Inspected:               9]
         [Skipped:              0(  0.0%)]
         [Hashed:               1( 11.1%)]
         [Known:                8( 88.9%)]
         [New:                  1( 11.1%)    264.0B]
      [Deduplicated:            0(  0.0%)      0.0B(  0.0%)]
         [Young:                0(  0.0%)      0.0B(  0.0%)]
         [Old:                  0(  0.0%)      0.0B(  0.0%)]
   [Total Exec: 1624/0.8694601 secs, Idle: 1624/411067.8296112 secs, Blocked: 130/0.0925528 secs]
      [Inspected:         2930247]
         [Skipped:              0(  0.0%)]
         [Hashed:         1222086( 41.7%)]
         [Known:           189007(  6.5%)]
         [New:            2741240( 93.5%)    213.3M]
      [Deduplicated:      1919476( 70.0%)    127.2M( 59.7%)]
         [Young:           788158( 41.1%)  61810.8K( 47.4%)]
         [Old:            1131318( 58.9%)  68491.6K( 52.6%)]
   [Table]
      [Memory Usage: 8448.9K]
      [Size: 262144, Min: 1024, Max: 16777216]
      [Entries: 264025, Load: 100.7%, Cached: 9078, Added: 984599, Removed: 720574]
      [Resize Count: 8, Shrink Threshold: 174762(66.7%), Grow Threshold: 524288(200.0%)]
      [Rehash Count: 0, Rehash Threshold: 120, Hash Seed: 0x0]
      [Age Threshold: 3]
   [Queue]
      [Dropped: 0]
[GC concurrent-string-deduplication, deleted 0 entries, 0.0000009 secs]
2020-12-18T05:46:41.333+0530: 411607.904: [GC pause (G1 Evacuation Pause) (young) (initial-mark), 0.0120823 secs]
   [Parallel Time: 7.1 ms, GC Workers: 10]
      [GC Worker Start (ms): Min: 411607904.5, Avg: 411607905.2, Max: 411607905.8, Diff: 1.3]
      [Ext Root Scanning (ms): Min: 3.3, Avg: 4.0, Max: 4.6, Diff: 1.3, Sum: 39.5]
      [Update RS (ms): Min: 0.5, Avg: 0.9, Max: 1.3, Diff: 0.8, Sum: 9.1]
         [Processed Buffers: Min: 1, Avg: 6.1, Max: 19, Diff: 18, Sum: 61]
      [Scan RS (ms): Min: 0.0, Avg: 0.0, Max: 0.0, Diff: 0.0, Sum: 0.0]
      [Code Root Scanning (ms): Min: 0.0, Avg: 0.0, Max: 0.0, Diff: 0.0, Sum: 0.0]
      [Object Copy (ms): Min: 0.1, Avg: 0.5, Max: 0.8, Diff: 0.7, Sum: 5.1]
      [Termination (ms): Min: 0.0, Avg: 0.1, Max: 0.2, Diff: 0.2, Sum: 1.5]
         [Termination Attempts: Min: 1, Avg: 8.6, Max: 13, Diff: 12, Sum: 86]
      [GC Worker Other (ms): Min: 0.0, Avg: 0.0, Max: 0.0, Diff: 0.0, Sum: 0.2]
      [GC Worker Total (ms): Min: 5.0, Avg: 5.5, Max: 6.3, Diff: 1.3, Sum: 55.4]
      [GC Worker End (ms): Min: 411607910.7, Avg: 411607910.7, Max: 411607910.7, Diff: 0.0]
   [Code Root Fixup: 0.0 ms]
   [Code Root Purge: 0.0 ms]
   [String Dedup Fixup: 2.4 ms, GC Workers: 10]
      [Queue Fixup (ms): Min: 0.0, Avg: 0.0, Max: 0.0, Diff: 0.0, Sum: 0.0]
      [Table Fixup (ms): Min: 1.6, Avg: 1.8, Max: 1.9, Diff: 0.3, Sum: 17.5]
   [Clear CT: 0.7 ms]
   [Other: 1.9 ms]
      [Choose CSet: 0.0 ms]
      [Ref Proc: 0.9 ms]
      [Ref Enq: 0.0 ms]
      [Redirty Cards: 0.7 ms]
      [Humongous Register: 0.0 ms]
      [Humongous Reclaim: 0.0 ms]
      [Free CSet: 0.0 ms]
   [Eden: 50176.0K(50176.0K)->0.0B(50176.0K) Survivors: 1024.0K->1024.0K Heap: 237.1M(267.0M)->187.9M(267.0M)]
 [Times: user=0.16 sys=0.00, real=0.01 secs] 
2020-12-18T05:46:41.346+0530: 411607.916: [GC concurrent-string-deduplication, 264.0B->264.0B(0.0B), avg 59.7%, 0.0000037 secs]
   [Last Exec: 0.0000037 secs, Idle: 538.7276459 secs, Blocked: 0/0.0000000 secs]
      [Inspected:               1]
         [Skipped:              0(  0.0%)]
         [Hashed:               1(100.0%)]
         [Known:                0(  0.0%)]
         [New:                  1(100.0%)    264.0B]
      [Deduplicated:            0(  0.0%)      0.0B(  0.0%)]
         [Young:                0(  0.0%)      0.0B(  0.0%)]
         [Old:                  0(  0.0%)      0.0B(  0.0%)]
   [Total Exec: 1625/0.8694638 secs, Idle: 1625/411606.5572571 secs, Blocked: 130/0.0925528 secs]
      [Inspected:         2930248]
         [Skipped:              0(  0.0%)]
         [Hashed:         1222087( 41.7%)]
         [Known:           189007(  6.5%)]
         [New:            2741241( 93.5%)    213.3M]
      [Deduplicated:      1919476( 70.0%)    127.2M( 59.7%)]
         [Young:           788158( 41.1%)  61810.8K( 47.4%)]
         [Old:            1131318( 58.9%)  68491.6K( 52.6%)]
   [Table]
      [Memory Usage: 8448.9K]
      [Size: 262144, Min: 1024, Max: 16777216]
      [Entries: 263977, Load: 100.7%, Cached: 9126, Added: 984600, Removed: 720623]
      [Resize Count: 8, Shrink Threshold: 174762(66.7%), Grow Threshold: 524288(200.0%)]
      [Rehash Count: 0, Rehash Threshold: 120, Hash Seed: 0x0]
      [Age Threshold: 3]
   [Queue]
      [Dropped: 0]
[GC concurrent-string-deduplication, deleted 0 entries, 0.0000006 secs]
2020-12-18T05:46:41.346+0530: 411607.916: [GC concurrent-root-region-scan-start]
2020-12-18T05:46:41.347+0530: 411607.918: [GC concurrent-root-region-scan-end, 0.0014906 secs]
2020-12-18T05:46:41.347+0530: 411607.918: [GC concurrent-mark-start]
2020-12-18T05:46:41.430+0530: 411608.001: [GC concurrent-mark-end, 0.0827451 secs]
2020-12-18T05:46:41.431+0530: 411608.001: [GC remark 2020-12-18T05:46:41.431+0530: 411608.001: [Finalize Marking, 0.0003341 secs] 2020-12-18T05:46:41.431+0530: 411608.001: [GC ref-proc, 0.0005116 secs] 2020-12-18T05:46:41.431+0530: 411608.002: [Unloading, 0.0193923 secs], 0.0213177 secs]
 [Times: user=0.16 sys=0.00, real=0.02 secs] 
2020-12-18T05:46:41.452+0530: 411608.023: [GC cleanup 187M->187M(267M), 0.0040260 secs]
 [Times: user=0.00 sys=0.00, real=0.00 secs] 
2020-12-18T05:51:50.774+0530: 411917.345: [GC pause (G1 Evacuation Pause) (young), 0.0100444 secs]
   [Parallel Time: 4.5 ms, GC Workers: 10]
      [GC Worker Start (ms): Min: 411917345.4, Avg: 411917346.0, Max: 411917346.3, Diff: 0.9]
      [Ext Root Scanning (ms): Min: 0.6, Avg: 1.1, Max: 2.4, Diff: 1.8, Sum: 11.2]
      [Update RS (ms): Min: 0.0, Avg: 0.5, Max: 0.8, Diff: 0.8, Sum: 4.7]
         [Processed Buffers: Min: 0, Avg: 5.2, Max: 11, Diff: 11, Sum: 52]
      [Scan RS (ms): Min: 0.0, Avg: 0.0, Max: 0.0, Diff: 0.0, Sum: 0.0]
      [Code Root Scanning (ms): Min: 0.0, Avg: 0.0, Max: 0.0, Diff: 0.0, Sum: 0.0]
      [Object Copy (ms): Min: 0.0, Avg: 0.2, Max: 0.3, Diff: 0.3, Sum: 1.7]
      [Termination (ms): Min: 0.0, Avg: 0.7, Max: 0.8, Diff: 0.8, Sum: 6.5]
         [Termination Attempts: Min: 1, Avg: 2.2, Max: 4, Diff: 3, Sum: 22]
      [GC Worker Other (ms): Min: 0.0, Avg: 0.0, Max: 0.0, Diff: 0.0, Sum: 0.2]
      [GC Worker Total (ms): Min: 2.1, Avg: 2.4, Max: 3.0, Diff: 0.9, Sum: 24.3]
      [GC Worker End (ms): Min: 411917348.4, Avg: 411917348.4, Max: 411917348.4, Diff: 0.0]
   [Code Root Fixup: 0.0 ms]
   [Code Root Purge: 0.0 ms]
   [String Dedup Fixup: 2.5 ms, GC Workers: 10]
      [Queue Fixup (ms): Min: 0.0, Avg: 0.0, Max: 0.0, Diff: 0.0, Sum: 0.0]
      [Table Fixup (ms): Min: 1.8, Avg: 1.9, Max: 2.0, Diff: 0.2, Sum: 18.6]
   [Clear CT: 0.8 ms]
   [Other: 2.2 ms]
      [Choose CSet: 0.0 ms]
      [Ref Proc: 1.2 ms]
      [Ref Enq: 0.0 ms]
      [Redirty Cards: 0.5 ms]
      [Humongous Register: 0.2 ms]
      [Humongous Reclaim: 0.0 ms]
      [Free CSet: 0.1 ms]
   [Eden: 50176.0K(50176.0K)->0.0B(50176.0K) Survivors: 1024.0K->1024.0K Heap: 236.9M(267.0M)->188.4M(267.0M)]
 [Times: user=0.16 sys=0.00, real=0.01 secs] 
2020-12-18T05:51:50.784+0530: 411917.355: [GC concurrent-string-deduplication, 264.0B->264.0B(0.0B), avg 59.7%, 0.0000029 secs]
   [Last Exec: 0.0000029 secs, Idle: 309.4388286 secs, Blocked: 0/0.0000000 secs]
      [Inspected:               1]
         [Skipped:              0(  0.0%)]
         [Hashed:               1(100.0%)]
         [Known:                0(  0.0%)]
         [New:                  1(100.0%)    264.0B]
      [Deduplicated:            0(  0.0%)      0.0B(  0.0%)]
         [Young:                0(  0.0%)      0.0B(  0.0%)]
         [Old:                  0(  0.0%)      0.0B(  0.0%)]
   [Total Exec: 1626/0.8694667 secs, Idle: 1626/411915.9960857 secs, Blocked: 130/0.0925528 secs]
      [Inspected:         2930249]
         [Skipped:              0(  0.0%)]
         [Hashed:         1222088( 41.7%)]
         [Known:           189007(  6.5%)]
         [New:            2741242( 93.5%)    213.3M]
      [Deduplicated:      1919476( 70.0%)    127.2M( 59.7%)]
         [Young:           788158( 41.1%)  61810.8K( 47.4%)]
         [Old:            1131318( 58.9%)  68491.6K( 52.6%)]
   [Table]
      [Memory Usage: 8448.9K]
      [Size: 262144, Min: 1024, Max: 16777216]
      [Entries: 263962, Load: 100.7%, Cached: 9141, Added: 984660, Removed: 720698]
      [Resize Count: 8, Shrink Threshold: 174762(66.7%), Grow Threshold: 524288(200.0%)]
      [Rehash Count: 0, Rehash Threshold: 120, Hash Seed: 0x0]
      [Age Threshold: 3]
   [Queue]
      [Dropped: 0]
[GC concurrent-string-deduplication, deleted 0 entries, 0.0000008 secs]
2020-12-18T05:56:51.005+0530: 412217.575: [GC pause (G1 Evacuation Pause) (young), 0.0070776 secs]
   [Parallel Time: 2.4 ms, GC Workers: 10]
      [GC Worker Start (ms): Min: 412217575.4, Avg: 412217575.7, Max: 412217576.0, Diff: 0.6]
      [Ext Root Scanning (ms): Min: 0.4, Avg: 0.7, Max: 1.4, Diff: 1.0, Sum: 6.5]
      [Update RS (ms): Min: 0.0, Avg: 0.4, Max: 0.7, Diff: 0.7, Sum: 4.2]
         [Processed Buffers: Min: 2, Avg: 4.9, Max: 15, Diff: 13, Sum: 49]
      [Scan RS (ms): Min: 0.0, Avg: 0.0, Max: 0.0, Diff: 0.0, Sum: 0.0]
      [Code Root Scanning (ms): Min: 0.0, Avg: 0.0, Max: 0.0, Diff: 0.0, Sum: 0.0]
      [Object Copy (ms): Min: 0.0, Avg: 0.2, Max: 0.3, Diff: 0.3, Sum: 1.6]
      [Termination (ms): Min: 0.0, Avg: 0.2, Max: 0.3, Diff: 0.3, Sum: 2.3]
         [Termination Attempts: Min: 1, Avg: 1.0, Max: 1, Diff: 0, Sum: 10]
      [GC Worker Other (ms): Min: 0.0, Avg: 0.0, Max: 0.0, Diff: 0.0, Sum: 0.1]
      [GC Worker Total (ms): Min: 1.2, Avg: 1.5, Max: 1.8, Diff: 0.6, Sum: 14.8]
      [GC Worker End (ms): Min: 412217577.2, Avg: 412217577.2, Max: 412217577.2, Diff: 0.0]
   [Code Root Fixup: 0.0 ms]
   [Code Root Purge: 0.0 ms]
   [String Dedup Fixup: 2.4 ms, GC Workers: 10]
      [Queue Fixup (ms): Min: 0.0, Avg: 0.0, Max: 0.0, Diff: 0.0, Sum: 0.0]
      [Table Fixup (ms): Min: 1.6, Avg: 1.7, Max: 1.9, Diff: 0.2, Sum: 17.3]
   [Clear CT: 0.9 ms]
   [Other: 1.5 ms]
      [Choose CSet: 0.0 ms]
      [Ref Proc: 0.4 ms]
      [Ref Enq: 0.0 ms]
      [Redirty Cards: 0.8 ms]
      [Humongous Register: 0.0 ms]
      [Humongous Reclaim: 0.0 ms]
      [Free CSet: 0.0 ms]
   [Eden: 50176.0K(50176.0K)->0.0B(50176.0K) Survivors: 1024.0K->1024.0K Heap: 237.4M(267.0M)->187.9M(267.0M)]
 [Times: user=0.00 sys=0.00, real=0.01 secs] 
2020-12-18T05:56:51.011+0530: 412217.583: [GC concurrent-string-deduplication, 528.0B->528.0B(0.0B), avg 59.7%, 0.0000033 secs]
   [Last Exec: 0.0000033 secs, Idle: 300.2273399 secs, Blocked: 0/0.0000000 secs]
      [Inspected:               2]
         [Skipped:              0(  0.0%)]
         [Hashed:               2(100.0%)]
         [Known:                0(  0.0%)]
         [New:                  2(100.0%)    528.0B]
      [Deduplicated:            0(  0.0%)      0.0B(  0.0%)]
         [Young:                0(  0.0%)      0.0B(  0.0%)]
         [Old:                  0(  0.0%)      0.0B(  0.0%)]
   [Total Exec: 1627/0.8694700 secs, Idle: 1627/412216.2234256 secs, Blocked: 130/0.0925528 secs]
      [Inspected:         2930251]
         [Skipped:              0(  0.0%)]
         [Hashed:         1222090( 41.7%)]
         [Known:           189007(  6.5%)]
         [New:            2741244( 93.5%)    213.3M]
      [Deduplicated:      1919476( 70.0%)    127.2M( 59.7%)]
         [Young:           788158( 41.1%)  61810.8K( 47.4%)]
         [Old:            1131318( 58.9%)  68491.6K( 52.6%)]
   [Table]
      [Memory Usage: 8448.9K]
      [Size: 262144, Min: 1024, Max: 16777216]
      [Entries: 263964, Load: 100.7%, Cached: 9139, Added: 984662, Removed: 720698]
      [Resize Count: 8, Shrink Threshold: 174762(66.7%), Grow Threshold: 524288(200.0%)]
      [Rehash Count: 0, Rehash Threshold: 120, Hash Seed: 0x0]
      [Age Threshold: 3]
   [Queue]
      [Dropped: 0]
[GC concurrent-string-deduplication, deleted 0 entries, 0.0000008 secs]
2020-12-18T06:00:00.149+0530: 412406.720: [GC pause (G1 Evacuation Pause) (young) (initial-mark), 0.0076953 secs]
   [Parallel Time: 3.6 ms, GC Workers: 10]
      [GC Worker Start (ms): Min: 412406719.7, Avg: 412406719.8, Max: 412406719.9, Diff: 0.2]
      [Ext Root Scanning (ms): Min: 1.6, Avg: 1.8, Max: 2.0, Diff: 0.4, Sum: 17.8]
      [Update RS (ms): Min: 0.3, Avg: 0.5, Max: 0.9, Diff: 0.6, Sum: 5.2]
         [Processed Buffers: Min: 1, Avg: 5.2, Max: 11, Diff: 10, Sum: 52]
      [Scan RS (ms): Min: 0.0, Avg: 0.0, Max: 0.0, Diff: 0.0, Sum: 0.0]
      [Code Root Scanning (ms): Min: 0.0, Avg: 0.0, Max: 0.0, Diff: 0.0, Sum: 0.0]
      [Object Copy (ms): Min: 0.0, Avg: 0.3, Max: 0.4, Diff: 0.4, Sum: 2.7]
      [Termination (ms): Min: 0.0, Avg: 0.3, Max: 0.3, Diff: 0.3, Sum: 2.5]
         [Termination Attempts: Min: 1, Avg: 19.3, Max: 29, Diff: 28, Sum: 193]
      [GC Worker Other (ms): Min: 0.0, Avg: 0.0, Max: 0.0, Diff: 0.0, Sum: 0.1]
      [GC Worker Total (ms): Min: 2.7, Avg: 2.8, Max: 3.0, Diff: 0.2, Sum: 28.4]
      [GC Worker End (ms): Min: 412406722.6, Avg: 412406722.6, Max: 412406722.6, Diff: 0.0]
   [Code Root Fixup: 0.0 ms]
   [Code Root Purge: 0.0 ms]
   [String Dedup Fixup: 2.4 ms, GC Workers: 10]
      [Queue Fixup (ms): Min: 0.0, Avg: 0.0, Max: 0.0, Diff: 0.0, Sum: 0.0]
      [Table Fixup (ms): Min: 1.8, Avg: 2.0, Max: 2.1, Diff: 0.3, Sum: 19.6]
   [Clear CT: 0.2 ms]
   [Other: 1.5 ms]
      [Choose CSet: 0.0 ms]
      [Ref Proc: 0.8 ms]
      [Ref Enq: 0.0 ms]
      [Redirty Cards: 0.2 ms]
      [Humongous Register: 0.0 ms]
      [Humongous Reclaim: 0.0 ms]
      [Free CSet: 0.1 ms]
   [Eden: 50176.0K(50176.0K)->0.0B(50176.0K) Survivors: 1024.0K->1024.0K Heap: 236.9M(267.0M)->188.1M(267.0M)]
 [Times: user=0.00 sys=0.00, real=0.01 secs] 
2020-12-18T06:00:00.157+0530: 412406.728: [GC concurrent-root-region-scan-start]
2020-12-18T06:00:00.157+0530: 412406.728: [GC concurrent-string-deduplication, 1864.0B->1152.0B(712.0B), avg 59.7%, 0.0002940 secs]
   [Last Exec: 0.0002940 secs, Idle: 189.1451980 secs, Blocked: 0/0.0000000 secs]
      [Inspected:              92]
         [Skipped:              0(  0.0%)]
         [Hashed:              24( 26.1%)]
         [Known:               63( 68.5%)]
         [New:                 29( 31.5%)   1864.0B]
      [Deduplicated:           19( 65.5%)    712.0B( 38.2%)]
         [Young:               19(100.0%)    712.0B(100.0%)]
         [Old:                  0(  0.0%)      0.0B(  0.0%)]
   [Total Exec: 1628/0.8697640 secs, Idle: 1628/412405.3686236 secs, Blocked: 130/0.0925528 secs]
      [Inspected:         2930343]
         [Skipped:              0(  0.0%)]
         [Hashed:         1222114( 41.7%)]
         [Known:           189070(  6.5%)]
         [New:            2741273( 93.5%)    213.3M]
      [Deduplicated:      1919495( 70.0%)    127.2M( 59.7%)]
         [Young:           788177( 41.1%)  61811.5K( 47.4%)]
         [Old:            1131318( 58.9%)  68491.6K( 52.6%)]
   [Table]
      [Memory Usage: 8448.9K]
      [Size: 262144, Min: 1024, Max: 16777216]
      [Entries: 264035, Load: 100.7%, Cached: 9068, Added: 984733, Removed: 720698]
      [Resize Count: 8, Shrink Threshold: 174762(66.7%), Grow Threshold: 524288(200.0%)]
      [Rehash Count: 0, Rehash Threshold: 120, Hash Seed: 0x0]
      [Age Threshold: 3]
   [Queue]
      [Dropped: 0]
[GC concurrent-string-deduplication, deleted 0 entries, 0.0000020 secs]
2020-12-18T06:00:00.163+0530: 412406.733: [GC concurrent-root-region-scan-end, 0.0055027 secs]
2020-12-18T06:00:00.163+0530: 412406.733: [GC concurrent-mark-start]
2020-12-18T06:00:00.261+0530: 412406.832: [GC concurrent-mark-end, 0.0987502 secs]
2020-12-18T06:00:00.262+0530: 412406.833: [GC remark 2020-12-18T06:00:00.262+0530: 412406.833: [Finalize Marking, 0.0004593 secs] 2020-12-18T06:00:00.263+0530: 412406.834: [GC ref-proc, 0.0005398 secs] 2020-12-18T06:00:00.263+0530: 412406.834: [Unloading, 0.0189935 secs], 0.0206366 secs]
 [Times: user=0.31 sys=0.00, real=0.02 secs] 
2020-12-18T06:00:00.283+0530: 412406.854: [GC cleanup 204M->204M(267M), 0.0015690 secs]
 [Times: user=0.00 sys=0.00, real=0.00 secs] 
2020-12-18T06:00:00.448+0530: 412407.019: [GC pause (G1 Evacuation Pause) (young), 0.0070847 secs]
   [Parallel Time: 2.3 ms, GC Workers: 10]
      [GC Worker Start (ms): Min: 412407018.7, Avg: 412407018.9, Max: 412407019.0, Diff: 0.2]
      [Ext Root Scanning (ms): Min: 0.6, Avg: 0.7, Max: 1.5, Diff: 0.9, Sum: 7.4]
      [Update RS (ms): Min: 0.0, Avg: 0.4, Max: 0.8, Diff: 0.8, Sum: 3.8]
         [Processed Buffers: Min: 0, Avg: 3.4, Max: 8, Diff: 8, Sum: 34]
      [Scan RS (ms): Min: 0.0, Avg: 0.0, Max: 0.0, Diff: 0.0, Sum: 0.1]
      [Code Root Scanning (ms): Min: 0.0, Avg: 0.0, Max: 0.1, Diff: 0.1, Sum: 0.1]
      [Object Copy (ms): Min: 0.2, Avg: 0.4, Max: 0.6, Diff: 0.4, Sum: 3.9]
      [Termination (ms): Min: 0.0, Avg: 0.1, Max: 0.2, Diff: 0.2, Sum: 1.3]
         [Termination Attempts: Min: 1, Avg: 9.0, Max: 18, Diff: 17, Sum: 90]
      [GC Worker Other (ms): Min: 0.0, Avg: 0.0, Max: 0.0, Diff: 0.0, Sum: 0.1]
      [GC Worker Total (ms): Min: 1.6, Avg: 1.7, Max: 1.8, Diff: 0.2, Sum: 16.5]
      [GC Worker End (ms): Min: 412407020.5, Avg: 412407020.5, Max: 412407020.5, Diff: 0.0]
   [Code Root Fixup: 0.0 ms]
   [Code Root Purge: 0.0 ms]
   [String Dedup Fixup: 2.5 ms, GC Workers: 10]
      [Queue Fixup (ms): Min: 0.0, Avg: 0.0, Max: 0.0, Diff: 0.0, Sum: 0.0]
      [Table Fixup (ms): Min: 1.8, Avg: 1.9, Max: 2.0, Diff: 0.2, Sum: 18.8]
   [Clear CT: 0.7 ms]
   [Other: 1.6 ms]
      [Choose CSet: 0.0 ms]
      [Ref Proc: 0.8 ms]
      [Ref Enq: 0.0 ms]
      [Redirty Cards: 0.5 ms]
      [Humongous Register: 0.0 ms]
      [Humongous Reclaim: 0.0 ms]
      [Free CSet: 0.0 ms]
   [Eden: 50176.0K(50176.0K)->0.0B(11264.0K) Survivors: 1024.0K->2048.0K Heap: 237.1M(267.0M)->189.0M(267.0M)]
 [Times: user=0.00 sys=0.00, real=0.01 secs] 
2020-12-18T06:00:00.455+0530: 412407.026: [GC concurrent-string-deduplication, 264.0B->264.0B(0.0B), avg 59.7%, 0.0000033 secs]
   [Last Exec: 0.0000033 secs, Idle: 0.2978231 secs, Blocked: 0/0.0000000 secs]
      [Inspected:               1]
         [Skipped:              0(  0.0%)]
         [Hashed:               1(100.0%)]
         [Known:                0(  0.0%)]
         [New:                  1(100.0%)    264.0B]
      [Deduplicated:            0(  0.0%)      0.0B(  0.0%)]
         [Young:                0(  0.0%)      0.0B(  0.0%)]
         [Old:                  0(  0.0%)      0.0B(  0.0%)]
   [Total Exec: 1629/0.8697673 secs, Idle: 1629/412405.6664467 secs, Blocked: 130/0.0925528 secs]
      [Inspected:         2930344]
         [Skipped:              0(  0.0%)]
         [Hashed:         1222115( 41.7%)]
         [Known:           189070(  6.5%)]
         [New:            2741274( 93.5%)    213.3M]
      [Deduplicated:      1919495( 70.0%)    127.2M( 59.7%)]
         [Young:           788177( 41.1%)  61811.5K( 47.4%)]
         [Old:            1131318( 58.9%)  68491.6K( 52.6%)]
   [Table]
      [Memory Usage: 8448.9K]
      [Size: 262144, Min: 1024, Max: 16777216]
      [Entries: 264582, Load: 100.9%, Cached: 8521, Added: 985296, Removed: 720714]
      [Resize Count: 8, Shrink Threshold: 174762(66.7%), Grow Threshold: 524288(200.0%)]
      [Rehash Count: 0, Rehash Threshold: 120, Hash Seed: 0x0]
      [Age Threshold: 3]
   [Queue]
      [Dropped: 0]
[GC concurrent-string-deduplication, deleted 0 entries, 0.0000008 secs]
2020-12-18T06:00:00.510+0530: 412407.081: [GC pause (G1 Evacuation Pause) (mixed), 0.0093243 secs]
   [Parallel Time: 3.5 ms, GC Workers: 10]
      [GC Worker Start (ms): Min: 412407080.8, Avg: 412407080.9, Max: 412407081.0, Diff: 0.3]
      [Ext Root Scanning (ms): Min: 0.9, Avg: 1.2, Max: 1.9, Diff: 1.0, Sum: 12.2]
      [Update RS (ms): Min: 0.0, Avg: 0.5, Max: 1.1, Diff: 1.1, Sum: 4.8]
         [Processed Buffers: Min: 0, Avg: 2.2, Max: 6, Diff: 6, Sum: 22]
      [Scan RS (ms): Min: 0.0, Avg: 0.2, Max: 0.4, Diff: 0.4, Sum: 2.5]
      [Code Root Scanning (ms): Min: 0.0, Avg: 0.0, Max: 0.2, Diff: 0.2, Sum: 0.2]
      [Object Copy (ms): Min: 0.5, Avg: 0.7, Max: 0.9, Diff: 0.4, Sum: 7.2]
      [Termination (ms): Min: 0.0, Avg: 0.0, Max: 0.0, Diff: 0.0, Sum: 0.1]
         [Termination Attempts: Min: 18, Avg: 21.1, Max: 25, Diff: 7, Sum: 211]
      [GC Worker Other (ms): Min: 0.0, Avg: 0.0, Max: 0.0, Diff: 0.0, Sum: 0.1]
      [GC Worker Total (ms): Min: 2.6, Avg: 2.7, Max: 2.9, Diff: 0.3, Sum: 27.0]
      [GC Worker End (ms): Min: 412407083.6, Avg: 412407083.6, Max: 412407083.6, Diff: 0.0]
   [Code Root Fixup: 0.0 ms]
   [Code Root Purge: 0.0 ms]
   [String Dedup Fixup: 3.0 ms, GC Workers: 10]
      [Queue Fixup (ms): Min: 0.0, Avg: 0.0, Max: 0.0, Diff: 0.0, Sum: 0.0]
      [Table Fixup (ms): Min: 2.6, Avg: 2.7, Max: 2.8, Diff: 0.2, Sum: 26.6]
   [Clear CT: 1.2 ms]
   [Other: 1.6 ms]
      [Choose CSet: 0.0 ms]
      [Ref Proc: 0.6 ms]
      [Ref Enq: 0.0 ms]
      [Redirty Cards: 0.9 ms]
      [Humongous Register: 0.0 ms]
      [Humongous Reclaim: 0.0 ms]
      [Free CSet: 0.0 ms]
   [Eden: 11264.0K(11264.0K)->0.0B(48128.0K) Survivors: 2048.0K->2048.0K Heap: 200.0M(267.0M)->189.1M(267.0M)]
 [Times: user=0.19 sys=0.00, real=0.01 secs] 
2020-12-18T06:00:00.519+0530: 412407.090: [GC concurrent-string-deduplication, 17728.0B->13960.0B(3768.0B), avg 59.7%, 0.0000501 secs]
   [Last Exec: 0.0000501 secs, Idle: 0.0641980 secs, Blocked: 0/0.0000000 secs]
      [Inspected:             145]
         [Skipped:              0(  0.0%)]
         [Hashed:              53( 36.6%)]
         [Known:               62( 42.8%)]
         [New:                 83( 57.2%)  17728.0B]
      [Deduplicated:           53( 63.9%)   3768.0B( 21.3%)]
         [Young:               53(100.0%)   3768.0B(100.0%)]
         [Old:                  0(  0.0%)      0.0B(  0.0%)]
   [Total Exec: 1630/0.8698174 secs, Idle: 1630/412405.7306447 secs, Blocked: 130/0.0925528 secs]
      [Inspected:         2930489]
         [Skipped:              0(  0.0%)]
         [Hashed:         1222168( 41.7%)]
         [Known:           189132(  6.5%)]
         [New:            2741357( 93.5%)    213.3M]
      [Deduplicated:      1919548( 70.0%)    127.3M( 59.7%)]
         [Young:           788230( 41.1%)  61815.2K( 47.4%)]
         [Old:            1131318( 58.9%)  68491.6K( 52.6%)]
   [Table]
      [Memory Usage: 8448.9K]
      [Size: 262144, Min: 1024, Max: 16777216]
      [Entries: 264635, Load: 101.0%, Cached: 8468, Added: 985351, Removed: 720716]
      [Resize Count: 8, Shrink Threshold: 174762(66.7%), Grow Threshold: 524288(200.0%)]
      [Rehash Count: 0, Rehash Threshold: 120, Hash Seed: 0x0]
      [Age Threshold: 3]
   [Queue]
      [Dropped: 0]
[GC concurrent-string-deduplication, deleted 0 entries, 0.0000007 secs]
2020-12-18T06:04:46.554+0530: 412693.124: [GC pause (G1 Evacuation Pause) (young), 0.0075239 secs]
   [Parallel Time: 2.9 ms, GC Workers: 10]
      [GC Worker Start (ms): Min: 412693124.2, Avg: 412693124.4, Max: 412693124.6, Diff: 0.4]
      [Ext Root Scanning (ms): Min: 0.4, Avg: 0.6, Max: 1.3, Diff: 0.9, Sum: 6.4]
      [Update RS (ms): Min: 1.0, Avg: 1.1, Max: 1.2, Diff: 0.1, Sum: 10.8]
         [Processed Buffers: Min: 2, Avg: 6.3, Max: 17, Diff: 15, Sum: 63]
      [Scan RS (ms): Min: 0.0, Avg: 0.0, Max: 0.0, Diff: 0.0, Sum: 0.0]
      [Code Root Scanning (ms): Min: 0.0, Avg: 0.0, Max: 0.0, Diff: 0.0, Sum: 0.0]
      [Object Copy (ms): Min: 0.0, Avg: 0.3, Max: 0.4, Diff: 0.4, Sum: 3.0]
      [Termination (ms): Min: 0.0, Avg: 0.1, Max: 0.2, Diff: 0.2, Sum: 1.4]
         [Termination Attempts: Min: 1, Avg: 5.7, Max: 9, Diff: 8, Sum: 57]
      [GC Worker Other (ms): Min: 0.0, Avg: 0.0, Max: 0.0, Diff: 0.0, Sum: 0.1]
      [GC Worker Total (ms): Min: 2.0, Avg: 2.2, Max: 2.4, Diff: 0.4, Sum: 21.9]
      [GC Worker End (ms): Min: 412693126.6, Avg: 412693126.6, Max: 412693126.6, Diff: 0.0]
   [Code Root Fixup: 0.0 ms]
   [Code Root Purge: 0.0 ms]
   [String Dedup Fixup: 2.2 ms, GC Workers: 10]
      [Queue Fixup (ms): Min: 0.0, Avg: 0.0, Max: 0.0, Diff: 0.0, Sum: 0.0]
      [Table Fixup (ms): Min: 1.7, Avg: 1.8, Max: 1.9, Diff: 0.2, Sum: 17.7]
   [Clear CT: 0.9 ms]
   [Other: 1.6 ms]
      [Choose CSet: 0.0 ms]
      [Ref Proc: 0.7 ms]
      [Ref Enq: 0.0 ms]
      [Redirty Cards: 0.8 ms]
      [Humongous Register: 0.0 ms]
      [Humongous Reclaim: 0.0 ms]
      [Free CSet: 0.0 ms]
   [Eden: 48128.0K(48128.0K)->0.0B(48128.0K) Survivors: 2048.0K->2048.0K Heap: 236.1M(267.0M)->189.1M(267.0M)]
 [Times: user=0.00 sys=0.00, real=0.01 secs] 
2020-12-18T06:04:46.561+0530: 412693.132: [GC concurrent-string-deduplication, 32856.0B->19072.0B(13784.0B), avg 59.7%, 0.0002618 secs]
   [Last Exec: 0.0002618 secs, Idle: 286.0415283 secs, Blocked: 0/0.0000000 secs]
      [Inspected:            1095]
         [Skipped:              0(  0.0%)]
         [Hashed:             287( 26.2%)]
         [Known:              706( 64.5%)]
         [New:                389( 35.5%)  32856.0B]
      [Deduplicated:          316( 81.2%)  13784.0B( 42.0%)]
         [Young:              316(100.0%)  13784.0B(100.0%)]
         [Old:                  0(  0.0%)      0.0B(  0.0%)]
   [Total Exec: 1631/0.8700792 secs, Idle: 1631/412691.7721730 secs, Blocked: 130/0.0925528 secs]
      [Inspected:         2931584]
         [Skipped:              0(  0.0%)]
         [Hashed:         1222455( 41.7%)]
         [Known:           189838(  6.5%)]
         [New:            2741746( 93.5%)    213.4M]
      [Deduplicated:      1919864( 70.0%)    127.3M( 59.7%)]
         [Young:           788546( 41.1%)  61828.7K( 47.4%)]
         [Old:            1131318( 58.9%)  68491.6K( 52.6%)]
   [Table]
      [Memory Usage: 8448.9K]
      [Size: 262144, Min: 1024, Max: 16777216]
      [Entries: 264719, Load: 101.0%, Cached: 8384, Added: 985438, Removed: 720719]
      [Resize Count: 8, Shrink Threshold: 174762(66.7%), Grow Threshold: 524288(200.0%)]
      [Rehash Count: 0, Rehash Threshold: 120, Hash Seed: 0x0]
      [Age Threshold: 3]
   [Queue]
      [Dropped: 0]
[GC concurrent-string-deduplication, deleted 0 entries, 0.0000006 secs]
2020-12-18T06:11:51.460+0530: 413118.031: [GC pause (G1 Evacuation Pause) (young) (initial-mark), 0.0109748 secs]
   [Parallel Time: 6.4 ms, GC Workers: 10]
      [GC Worker Start (ms): Min: 413118031.1, Avg: 413118031.5, Max: 413118031.7, Diff: 0.6]
      [Ext Root Scanning (ms): Min: 1.2, Avg: 1.5, Max: 1.9, Diff: 0.7, Sum: 15.2]
      [Update RS (ms): Min: 0.3, Avg: 0.6, Max: 0.8, Diff: 0.4, Sum: 5.5]
         [Processed Buffers: Min: 2, Avg: 6.0, Max: 14, Diff: 12, Sum: 60]
      [Scan RS (ms): Min: 0.0, Avg: 0.0, Max: 0.0, Diff: 0.0, Sum: 0.0]
      [Code Root Scanning (ms): Min: 0.0, Avg: 0.0, Max: 0.0, Diff: 0.0, Sum: 0.0]
      [Object Copy (ms): Min: 0.2, Avg: 0.7, Max: 3.5, Diff: 3.3, Sum: 6.7]
      [Termination (ms): Min: 0.0, Avg: 2.7, Max: 3.0, Diff: 3.0, Sum: 27.4]
         [Termination Attempts: Min: 1, Avg: 11.6, Max: 17, Diff: 16, Sum: 116]
      [GC Worker Other (ms): Min: 0.0, Avg: 0.0, Max: 0.0, Diff: 0.0, Sum: 0.1]
      [GC Worker Total (ms): Min: 5.2, Avg: 5.5, Max: 5.8, Diff: 0.6, Sum: 54.9]
      [GC Worker End (ms): Min: 413118036.9, Avg: 413118037.0, Max: 413118037.0, Diff: 0.0]
   [Code Root Fixup: 0.0 ms]
   [Code Root Purge: 0.0 ms]
   [String Dedup Fixup: 2.4 ms, GC Workers: 10]
      [Queue Fixup (ms): Min: 0.0, Avg: 0.0, Max: 0.0, Diff: 0.0, Sum: 0.0]
      [Table Fixup (ms): Min: 1.7, Avg: 1.8, Max: 2.0, Diff: 0.3, Sum: 18.0]
   [Clear CT: 0.9 ms]
   [Other: 1.3 ms]
      [Choose CSet: 0.0 ms]
      [Ref Proc: 0.3 ms]
      [Ref Enq: 0.0 ms]
      [Redirty Cards: 0.7 ms]
      [Humongous Register: 0.0 ms]
      [Humongous Reclaim: 0.0 ms]
      [Free CSet: 0.1 ms]
   [Eden: 48128.0K(48128.0K)->0.0B(48128.0K) Survivors: 2048.0K->2048.0K Heap: 236.1M(267.0M)->188.8M(267.0M)]
 [Times: user=0.16 sys=0.00, real=0.01 secs] 
2020-12-18T06:11:51.471+0530: 413118.042: 2020-12-18T06:11:51.471+0530: 413118.042: [GC concurrent-root-region-scan-start]
[GC concurrent-string-deduplication, 648.0B->520.0B(128.0B), avg 59.7%, 0.0000182 secs]
   [Last Exec: 0.0000182 secs, Idle: 424.9100499 secs, Blocked: 0/0.0000000 secs]
      [Inspected:              36]
         [Skipped:              0(  0.0%)]
         [Hashed:               4( 11.1%)]
         [Known:               28( 77.8%)]
         [New:                  8( 22.2%)    648.0B]
      [Deduplicated:            4( 50.0%)    128.0B( 19.8%)]
         [Young:                4(100.0%)    128.0B(100.0%)]
         [Old:                  0(  0.0%)      0.0B(  0.0%)]
   [Total Exec: 1632/0.8700974 secs, Idle: 1632/413116.6822229 secs, Blocked: 130/0.0925528 secs]
      [Inspected:         2931620]
         [Skipped:              0(  0.0%)]
         [Hashed:         1222459( 41.7%)]
         [Known:           189866(  6.5%)]
         [New:            2741754( 93.5%)    213.4M]
      [Deduplicated:      1919868( 70.0%)    127.3M( 59.7%)]
         [Young:           788550( 41.1%)  61828.8K( 47.4%)]
         [Old:            1131318( 58.9%)  68491.6K( 52.6%)]
   [Table]
      [Memory Usage: 8448.9K]
      [Size: 262144, Min: 1024, Max: 16777216]
      [Entries: 264722, Load: 101.0%, Cached: 8381, Added: 985442, Removed: 720720]
      [Resize Count: 8, Shrink Threshold: 174762(66.7%), Grow Threshold: 524288(200.0%)]
      [Rehash Count: 0, Rehash Threshold: 120, Hash Seed: 0x0]
      [Age Threshold: 3]
   [Queue]
      [Dropped: 0]
[GC concurrent-string-deduplication, deleted 0 entries, 0.0000007 secs]
2020-12-18T06:11:51.473+0530: 413118.044: [GC concurrent-root-region-scan-end, 0.0020753 secs]
2020-12-18T06:11:51.473+0530: 413118.044: [GC concurrent-mark-start]
2020-12-18T06:11:51.556+0530: 413118.127: [GC concurrent-mark-end, 0.0826234 secs]
2020-12-18T06:11:51.557+0530: 413118.127: [GC remark 2020-12-18T06:11:51.557+0530: 413118.128: [Finalize Marking, 0.0008536 secs] 2020-12-18T06:11:51.558+0530: 413118.128: [GC ref-proc, 0.0005055 secs] 2020-12-18T06:11:51.558+0530: 413118.129: [Unloading, 0.0191268 secs], 0.0212735 secs]
 [Times: user=0.14 sys=0.01, real=0.02 secs] 
2020-12-18T06:11:51.579+0530: 413118.149: [GC cleanup 211M->211M(267M), 0.0029120 secs]
 [Times: user=0.00 sys=0.00, real=0.00 secs] 
2020-12-18T06:16:51.689+0530: 413418.260: [GC pause (G1 Evacuation Pause) (young), 0.0072709 secs]
   [Parallel Time: 2.4 ms, GC Workers: 10]
      [GC Worker Start (ms): Min: 413418260.2, Avg: 413418260.4, Max: 413418260.6, Diff: 0.4]
      [Ext Root Scanning (ms): Min: 0.4, Avg: 0.7, Max: 1.4, Diff: 1.0, Sum: 6.8]
      [Update RS (ms): Min: 0.4, Avg: 0.6, Max: 0.7, Diff: 0.3, Sum: 5.9]
         [Processed Buffers: Min: 2, Avg: 5.1, Max: 11, Diff: 9, Sum: 51]
      [Scan RS (ms): Min: 0.0, Avg: 0.0, Max: 0.0, Diff: 0.0, Sum: 0.0]
      [Code Root Scanning (ms): Min: 0.0, Avg: 0.0, Max: 0.0, Diff: 0.0, Sum: 0.0]
      [Object Copy (ms): Min: 0.0, Avg: 0.3, Max: 0.5, Diff: 0.5, Sum: 3.2]
      [Termination (ms): Min: 0.0, Avg: 0.0, Max: 0.0, Diff: 0.0, Sum: 0.1]
         [Termination Attempts: Min: 1, Avg: 1.0, Max: 1, Diff: 0, Sum: 10]
      [GC Worker Other (ms): Min: 0.0, Avg: 0.0, Max: 0.0, Diff: 0.0, Sum: 0.2]
      [GC Worker Total (ms): Min: 1.4, Avg: 1.6, Max: 1.8, Diff: 0.4, Sum: 16.2]
      [GC Worker End (ms): Min: 413418262.0, Avg: 413418262.0, Max: 413418262.1, Diff: 0.0]
   [Code Root Fixup: 0.0 ms]
   [Code Root Purge: 0.0 ms]
   [String Dedup Fixup: 2.4 ms, GC Workers: 10]
      [Queue Fixup (ms): Min: 0.0, Avg: 0.0, Max: 0.0, Diff: 0.0, Sum: 0.0]
      [Table Fixup (ms): Min: 1.8, Avg: 1.9, Max: 2.0, Diff: 0.2, Sum: 18.9]
   [Clear CT: 0.8 ms]
   [Other: 1.5 ms]
      [Choose CSet: 0.0 ms]
      [Ref Proc: 0.6 ms]
      [Ref Enq: 0.0 ms]
      [Redirty Cards: 0.8 ms]
      [Humongous Register: 0.0 ms]
      [Humongous Reclaim: 0.0 ms]
      [Free CSet: 0.0 ms]
   [Eden: 48128.0K(48128.0K)->0.0B(11264.0K) Survivors: 2048.0K->2048.0K Heap: 235.8M(267.0M)->188.9M(267.0M)]
 [Times: user=0.00 sys=0.00, real=0.01 secs] 
2020-12-18T06:16:51.697+0530: 413418.268: [GC concurrent-string-deduplication, 672.0B->576.0B(96.0B), avg 59.7%, 0.0000122 secs]
   [Last Exec: 0.0000122 secs, Idle: 300.2252644 secs, Blocked: 0/0.0000000 secs]
      [Inspected:              23]
         [Skipped:              0(  0.0%)]
         [Hashed:               3( 13.0%)]
         [Known:               17( 73.9%)]
         [New:                  6( 26.1%)    672.0B]
      [Deduplicated:            3( 50.0%)     96.0B( 14.3%)]
         [Young:                3(100.0%)     96.0B(100.0%)]
         [Old:                  0(  0.0%)      0.0B(  0.0%)]
   [Total Exec: 1633/0.8701096 secs, Idle: 1633/413416.9074873 secs, Blocked: 130/0.0925528 secs]
      [Inspected:         2931643]
         [Skipped:              0(  0.0%)]
         [Hashed:         1222462( 41.7%)]
         [Known:           189883(  6.5%)]
         [New:            2741760( 93.5%)    213.4M]
      [Deduplicated:      1919871( 70.0%)    127.3M( 59.7%)]
         [Young:           788553( 41.1%)  61828.9K( 47.4%)]
         [Old:            1131318( 58.9%)  68491.6K( 52.6%)]
   [Table]
      [Memory Usage: 8448.9K]
      [Size: 262144, Min: 1024, Max: 16777216]
      [Entries: 264700, Load: 101.0%, Cached: 8403, Added: 985445, Removed: 720745]
      [Resize Count: 8, Shrink Threshold: 174762(66.7%), Grow Threshold: 524288(200.0%)]
      [Rehash Count: 0, Rehash Threshold: 120, Hash Seed: 0x0]
      [Age Threshold: 3]
   [Queue]
      [Dropped: 0]
[GC concurrent-string-deduplication, deleted 0 entries, 0.0000008 secs]
2020-12-18T06:16:51.712+0530: 413418.283: [GC pause (G1 Evacuation Pause) (mixed), 0.0112897 secs]
   [Parallel Time: 6.2 ms, GC Workers: 10]
      [GC Worker Start (ms): Min: 413418283.1, Avg: 413418283.3, Max: 413418283.4, Diff: 0.3]
      [Ext Root Scanning (ms): Min: 0.6, Avg: 0.8, Max: 1.6, Diff: 1.0, Sum: 7.8]
      [Update RS (ms): Min: 0.0, Avg: 0.3, Max: 0.4, Diff: 0.4, Sum: 2.9]
         [Processed Buffers: Min: 0, Avg: 1.2, Max: 3, Diff: 3, Sum: 12]
      [Scan RS (ms): Min: 0.0, Avg: 0.9, Max: 3.7, Diff: 3.6, Sum: 8.9]
      [Code Root Scanning (ms): Min: 0.0, Avg: 0.0, Max: 0.0, Diff: 0.0, Sum: 0.0]
      [Object Copy (ms): Min: 0.1, Avg: 2.3, Max: 4.7, Diff: 4.6, Sum: 23.5]
      [Termination (ms): Min: 0.0, Avg: 1.6, Max: 3.9, Diff: 3.9, Sum: 16.1]
         [Termination Attempts: Min: 1, Avg: 8.9, Max: 24, Diff: 23, Sum: 89]
      [GC Worker Other (ms): Min: 0.0, Avg: 0.0, Max: 0.0, Diff: 0.0, Sum: 0.1]
      [GC Worker Total (ms): Min: 5.8, Avg: 5.9, Max: 6.1, Diff: 0.3, Sum: 59.3]
      [GC Worker End (ms): Min: 413418289.2, Avg: 413418289.2, Max: 413418289.2, Diff: 0.0]
   [Code Root Fixup: 0.0 ms]
   [Code Root Purge: 0.0 ms]
   [String Dedup Fixup: 2.5 ms, GC Workers: 10]
      [Queue Fixup (ms): Min: 0.0, Avg: 0.0, Max: 0.0, Diff: 0.0, Sum: 0.0]
      [Table Fixup (ms): Min: 1.9, Avg: 2.0, Max: 2.1, Diff: 0.3, Sum: 19.5]
   [Clear CT: 0.9 ms]
   [Other: 1.7 ms]
      [Choose CSet: 0.0 ms]
      [Ref Proc: 0.7 ms]
      [Ref Enq: 0.0 ms]
      [Redirty Cards: 0.8 ms]
      [Humongous Register: 0.0 ms]
      [Humongous Reclaim: 0.0 ms]
      [Free CSet: 0.1 ms]
   [Eden: 11264.0K(11264.0K)->0.0B(48128.0K) Survivors: 2048.0K->2048.0K Heap: 199.9M(267.0M)->188.4M(267.0M)]
 [Times: user=0.14 sys=0.00, real=0.01 secs] 
2020-12-18T06:16:51.724+0530: 413418.295: [GC concurrent-string-deduplication, 264.0B->264.0B(0.0B), avg 59.7%, 0.0000036 secs]
   [Last Exec: 0.0000036 secs, Idle: 0.0270076 secs, Blocked: 0/0.0000000 secs]
      [Inspected:               1]
         [Skipped:              0(  0.0%)]
         [Hashed:               1(100.0%)]
         [Known:                0(  0.0%)]
         [New:                  1(100.0%)    264.0B]
      [Deduplicated:            0(  0.0%)      0.0B(  0.0%)]
         [Young:                0(  0.0%)      0.0B(  0.0%)]
         [Old:                  0(  0.0%)      0.0B(  0.0%)]
   [Total Exec: 1634/0.8701132 secs, Idle: 1634/413416.9344949 secs, Blocked: 130/0.0925528 secs]
      [Inspected:         2931644]
         [Skipped:              0(  0.0%)]
         [Hashed:         1222463( 41.7%)]
         [Known:           189883(  6.5%)]
         [New:            2741761( 93.5%)    213.4M]
      [Deduplicated:      1919871( 70.0%)    127.3M( 59.7%)]
         [Young:           788553( 41.1%)  61828.9K( 47.4%)]
         [Old:            1131318( 58.9%)  68491.6K( 52.6%)]
   [Table]
      [Memory Usage: 8448.9K]
      [Size: 262144, Min: 1024, Max: 16777216]
      [Entries: 264686, Load: 101.0%, Cached: 8417, Added: 985446, Removed: 720760]
      [Resize Count: 8, Shrink Threshold: 174762(66.7%), Grow Threshold: 524288(200.0%)]
      [Rehash Count: 0, Rehash Threshold: 120, Hash Seed: 0x0]
      [Age Threshold: 3]
   [Queue]
      [Dropped: 0]
[GC concurrent-string-deduplication, deleted 0 entries, 0.0000007 secs]
2020-12-18T06:21:51.857+0530: 413718.428: [GC pause (G1 Evacuation Pause) (young), 0.0094798 secs]
   [Parallel Time: 3.1 ms, GC Workers: 10]
      [GC Worker Start (ms): Min: 413718427.6, Avg: 413718428.0, Max: 413718428.2, Diff: 0.6]
      [Ext Root Scanning (ms): Min: 0.4, Avg: 0.7, Max: 1.5, Diff: 1.0, Sum: 7.2]
      [Update RS (ms): Min: 0.8, Avg: 1.0, Max: 1.3, Diff: 0.5, Sum: 10.4]
         [Processed Buffers: Min: 2, Avg: 6.7, Max: 16, Diff: 14, Sum: 67]
      [Scan RS (ms): Min: 0.0, Avg: 0.0, Max: 0.0, Diff: 0.0, Sum: 0.0]
      [Code Root Scanning (ms): Min: 0.0, Avg: 0.0, Max: 0.0, Diff: 0.0, Sum: 0.0]
      [Object Copy (ms): Min: 0.1, Avg: 0.4, Max: 0.5, Diff: 0.3, Sum: 3.7]
      [Termination (ms): Min: 0.0, Avg: 0.0, Max: 0.0, Diff: 0.0, Sum: 0.0]
         [Termination Attempts: Min: 1, Avg: 1.1, Max: 2, Diff: 1, Sum: 11]
      [GC Worker Other (ms): Min: 0.0, Avg: 0.0, Max: 0.1, Diff: 0.1, Sum: 0.3]
      [GC Worker Total (ms): Min: 1.9, Avg: 2.2, Max: 2.6, Diff: 0.6, Sum: 21.7]
      [GC Worker End (ms): Min: 413718430.1, Avg: 413718430.1, Max: 413718430.2, Diff: 0.1]
   [Code Root Fixup: 0.0 ms]
   [Code Root Purge: 0.0 ms]
   [String Dedup Fixup: 2.5 ms, GC Workers: 10]
      [Queue Fixup (ms): Min: 0.0, Avg: 0.0, Max: 0.0, Diff: 0.0, Sum: 0.0]
      [Table Fixup (ms): Min: 1.8, Avg: 1.8, Max: 2.0, Diff: 0.3, Sum: 18.4]
   [Clear CT: 0.8 ms]
   [Other: 3.1 ms]
      [Choose CSet: 0.0 ms]
      [Ref Proc: 2.1 ms]
      [Ref Enq: 0.0 ms]
      [Redirty Cards: 0.8 ms]
      [Humongous Register: 0.0 ms]
      [Humongous Reclaim: 0.0 ms]
      [Free CSet: 0.1 ms]
   [Eden: 48128.0K(48128.0K)->0.0B(44032.0K) Survivors: 2048.0K->4096.0K Heap: 235.4M(267.0M)->190.6M(267.0M)]
 [Times: user=0.16 sys=0.00, real=0.01 secs] 
2020-12-18T06:21:51.866+0530: 413718.437: [GC concurrent-string-deduplication, 264.0B->264.0B(0.0B), avg 59.7%, 0.0000033 secs]
   [Last Exec: 0.0000033 secs, Idle: 300.1426013 secs, Blocked: 0/0.0000000 secs]
      [Inspected:               1]
         [Skipped:              0(  0.0%)]
         [Hashed:               1(100.0%)]
         [Known:                0(  0.0%)]
         [New:                  1(100.0%)    264.0B]
      [Deduplicated:            0(  0.0%)      0.0B(  0.0%)]
         [Young:                0(  0.0%)      0.0B(  0.0%)]
         [Old:                  0(  0.0%)      0.0B(  0.0%)]
   [Total Exec: 1635/0.8701165 secs, Idle: 1635/413717.0770962 secs, Blocked: 130/0.0925528 secs]
      [Inspected:         2931645]
         [Skipped:              0(  0.0%)]
         [Hashed:         1222464( 41.7%)]
         [Known:           189883(  6.5%)]
         [New:            2741762( 93.5%)    213.4M]
      [Deduplicated:      1919871( 70.0%)    127.3M( 59.7%)]
         [Young:           788553( 41.1%)  61828.9K( 47.4%)]
         [Old:            1131318( 58.9%)  68491.6K( 52.6%)]
   [Table]
      [Memory Usage: 8448.9K]
      [Size: 262144, Min: 1024, Max: 16777216]
      [Entries: 264692, Load: 101.0%, Cached: 8411, Added: 985454, Removed: 720762]
      [Resize Count: 8, Shrink Threshold: 174762(66.7%), Grow Threshold: 524288(200.0%)]
      [Rehash Count: 0, Rehash Threshold: 120, Hash Seed: 0x0]
      [Age Threshold: 3]
   [Queue]
      [Dropped: 0]
[GC concurrent-string-deduplication, deleted 0 entries, 0.0000006 secs]
2020-12-18T06:26:52.027+0530: 414018.598: [GC pause (G1 Evacuation Pause) (young) (initial-mark), 0.0081260 secs]
   [Parallel Time: 3.4 ms, GC Workers: 10]
      [GC Worker Start (ms): Min: 414018597.7, Avg: 414018597.9, Max: 414018598.0, Diff: 0.3]
      [Ext Root Scanning (ms): Min: 1.5, Avg: 1.7, Max: 2.0, Diff: 0.5, Sum: 16.8]
      [Update RS (ms): Min: 0.4, Avg: 0.5, Max: 0.8, Diff: 0.5, Sum: 5.5]
         [Processed Buffers: Min: 2, Avg: 5.5, Max: 15, Diff: 13, Sum: 55]
      [Scan RS (ms): Min: 0.0, Avg: 0.0, Max: 0.0, Diff: 0.0, Sum: 0.0]
      [Code Root Scanning (ms): Min: 0.0, Avg: 0.0, Max: 0.0, Diff: 0.0, Sum: 0.0]
      [Object Copy (ms): Min: 0.1, Avg: 0.4, Max: 0.6, Diff: 0.4, Sum: 4.0]
      [Termination (ms): Min: 0.0, Avg: 0.0, Max: 0.0, Diff: 0.0, Sum: 0.0]
         [Termination Attempts: Min: 1, Avg: 1.0, Max: 1, Diff: 0, Sum: 10]
      [GC Worker Other (ms): Min: 0.0, Avg: 0.0, Max: 0.1, Diff: 0.0, Sum: 0.2]
      [GC Worker Total (ms): Min: 2.5, Avg: 2.7, Max: 2.8, Diff: 0.3, Sum: 26.5]
      [GC Worker End (ms): Min: 414018600.5, Avg: 414018600.5, Max: 414018600.5, Diff: 0.0]
   [Code Root Fixup: 0.0 ms]
   [Code Root Purge: 0.0 ms]
   [String Dedup Fixup: 2.4 ms, GC Workers: 10]
      [Queue Fixup (ms): Min: 0.0, Avg: 0.0, Max: 0.0, Diff: 0.0, Sum: 0.0]
      [Table Fixup (ms): Min: 1.7, Avg: 1.8, Max: 1.9, Diff: 0.2, Sum: 17.7]
   [Clear CT: 0.9 ms]
   [Other: 1.4 ms]
      [Choose CSet: 0.0 ms]
      [Ref Proc: 0.4 ms]
      [Ref Enq: 0.0 ms]
      [Redirty Cards: 0.8 ms]
      [Humongous Register: 0.0 ms]
      [Humongous Reclaim: 0.0 ms]
      [Free CSet: 0.0 ms]
   [Eden: 44032.0K(44032.0K)->0.0B(48128.0K) Survivors: 4096.0K->2048.0K Heap: 233.6M(267.0M)->188.8M(267.0M)]
 [Times: user=0.00 sys=0.00, real=0.01 secs] 
2020-12-18T06:26:52.035+0530: 414018.606: [GC concurrent-root-region-scan-start]
2020-12-18T06:26:52.037+0530: 414018.608: [GC concurrent-root-region-scan-end, 0.0022331 secs]
2020-12-18T06:26:52.037+0530: 414018.608: [GC concurrent-mark-start]
2020-12-18T06:26:52.115+0530: 414018.686: [GC concurrent-mark-end, 0.0775959 secs]
2020-12-18T06:26:52.115+0530: 414018.686: [GC remark 2020-12-18T06:26:52.115+0530: 414018.686: [Finalize Marking, 0.0003044 secs] 2020-12-18T06:26:52.116+0530: 414018.687: [GC ref-proc, 0.0005085 secs] 2020-12-18T06:26:52.116+0530: 414018.687: [Unloading, 0.0196334 secs], 0.0214309 secs]
 [Times: user=0.16 sys=0.00, real=0.02 secs] 
2020-12-18T06:26:52.137+0530: 414018.708: [GC cleanup 201M->201M(267M), 0.0039940 secs]
 [Times: user=0.00 sys=0.00, real=0.00 secs] 
2020-12-18T06:31:52.226+0530: 414318.797: [GC pause (G1 Evacuation Pause) (young), 0.0070858 secs]
   [Parallel Time: 2.6 ms, GC Workers: 10]
      [GC Worker Start (ms): Min: 414318796.9, Avg: 414318797.1, Max: 414318797.2, Diff: 0.3]
      [Ext Root Scanning (ms): Min: 0.6, Avg: 0.7, Max: 1.4, Diff: 0.8, Sum: 7.4]
      [Update RS (ms): Min: 0.4, Avg: 0.6, Max: 0.8, Diff: 0.4, Sum: 6.1]
         [Processed Buffers: Min: 2, Avg: 5.5, Max: 14, Diff: 12, Sum: 55]
      [Scan RS (ms): Min: 0.0, Avg: 0.0, Max: 0.0, Diff: 0.0, Sum: 0.1]
      [Code Root Scanning (ms): Min: 0.0, Avg: 0.0, Max: 0.0, Diff: 0.0, Sum: 0.0]
      [Object Copy (ms): Min: 0.0, Avg: 0.3, Max: 0.5, Diff: 0.5, Sum: 3.4]
      [Termination (ms): Min: 0.0, Avg: 0.0, Max: 0.0, Diff: 0.0, Sum: 0.0]
         [Termination Attempts: Min: 1, Avg: 1.0, Max: 1, Diff: 0, Sum: 10]
      [GC Worker Other (ms): Min: 0.0, Avg: 0.0, Max: 0.0, Diff: 0.0, Sum: 0.1]
      [GC Worker Total (ms): Min: 1.6, Avg: 1.7, Max: 1.9, Diff: 0.3, Sum: 17.1]
      [GC Worker End (ms): Min: 414318798.8, Avg: 414318798.8, Max: 414318798.8, Diff: 0.0]
   [Code Root Fixup: 0.0 ms]
   [Code Root Purge: 0.0 ms]
   [String Dedup Fixup: 2.3 ms, GC Workers: 10]
      [Queue Fixup (ms): Min: 0.0, Avg: 0.0, Max: 0.0, Diff: 0.0, Sum: 0.0]
      [Table Fixup (ms): Min: 1.9, Avg: 2.0, Max: 2.1, Diff: 0.3, Sum: 19.7]
   [Clear CT: 1.0 ms]
   [Other: 1.2 ms]
      [Choose CSet: 0.0 ms]
      [Ref Proc: 0.3 ms]
      [Ref Enq: 0.0 ms]
      [Redirty Cards: 0.7 ms]
      [Humongous Register: 0.0 ms]
      [Humongous Reclaim: 0.0 ms]
      [Free CSet: 0.0 ms]
   [Eden: 48128.0K(48128.0K)->0.0B(11264.0K) Survivors: 2048.0K->2048.0K Heap: 235.8M(267.0M)->189.1M(267.0M)]
 [Times: user=0.00 sys=0.00, real=0.01 secs] 
2020-12-18T06:31:52.233+0530: 414318.804: [GC concurrent-string-deduplication, 5504.0B->3768.0B(1736.0B), avg 59.6%, 0.0000251 secs]
   [Last Exec: 0.0000251 secs, Idle: 600.3667657 secs, Blocked: 0/0.0000000 secs]
      [Inspected:              91]
         [Skipped:              0(  0.0%)]
         [Hashed:              75( 82.4%)]
         [Known:                7(  7.7%)]
         [New:                 84( 92.3%)   5504.0B]
      [Deduplicated:           51( 60.7%)   1736.0B( 31.5%)]
         [Young:               51(100.0%)   1736.0B(100.0%)]
         [Old:                  0(  0.0%)      0.0B(  0.0%)]
   [Total Exec: 1636/0.8701416 secs, Idle: 1636/414317.4438619 secs, Blocked: 130/0.0925528 secs]
      [Inspected:         2931736]
         [Skipped:              0(  0.0%)]
         [Hashed:         1222539( 41.7%)]
         [Known:           189890(  6.5%)]
         [New:            2741846( 93.5%)    213.4M]
      [Deduplicated:      1919922( 70.0%)    127.3M( 59.6%)]
         [Young:           788604( 41.1%)  61830.6K( 47.4%)]
         [Old:            1131318( 58.9%)  68491.6K( 52.6%)]
   [Table]
      [Memory Usage: 8448.9K]
      [Size: 262144, Min: 1024, Max: 16777216]
      [Entries: 264725, Load: 101.0%, Cached: 8378, Added: 985531, Removed: 720806]
      [Resize Count: 8, Shrink Threshold: 174762(66.7%), Grow Threshold: 524288(200.0%)]
      [Rehash Count: 0, Rehash Threshold: 120, Hash Seed: 0x0]
      [Age Threshold: 3]
   [Queue]
      [Dropped: 0]
[GC concurrent-string-deduplication, deleted 0 entries, 0.0000006 secs]
2020-12-18T06:32:46.755+0530: 414373.325: [GC pause (G1 Evacuation Pause) (mixed), 0.0114824 secs]
   [Parallel Time: 6.0 ms, GC Workers: 10]
      [GC Worker Start (ms): Min: 414373325.4, Avg: 414373325.7, Max: 414373325.9, Diff: 0.6]
      [Ext Root Scanning (ms): Min: 1.9, Avg: 2.4, Max: 5.3, Diff: 3.4, Sum: 24.4]
      [Update RS (ms): Min: 0.0, Avg: 0.9, Max: 1.3, Diff: 1.3, Sum: 9.3]
         [Processed Buffers: Min: 0, Avg: 3.3, Max: 10, Diff: 10, Sum: 33]
      [Scan RS (ms): Min: 0.0, Avg: 0.4, Max: 0.5, Diff: 0.5, Sum: 3.6]
      [Code Root Scanning (ms): Min: 0.0, Avg: 0.0, Max: 0.1, Diff: 0.1, Sum: 0.2]
      [Object Copy (ms): Min: 0.0, Avg: 1.3, Max: 1.7, Diff: 1.7, Sum: 13.3]
      [Termination (ms): Min: 0.0, Avg: 0.1, Max: 0.4, Diff: 0.4, Sum: 1.4]
         [Termination Attempts: Min: 1, Avg: 1.3, Max: 2, Diff: 1, Sum: 13]
      [GC Worker Other (ms): Min: 0.0, Avg: 0.0, Max: 0.0, Diff: 0.0, Sum: 0.2]
      [GC Worker Total (ms): Min: 5.0, Avg: 5.2, Max: 5.6, Diff: 0.6, Sum: 52.3]
      [GC Worker End (ms): Min: 414373330.9, Avg: 414373330.9, Max: 414373330.9, Diff: 0.0]
   [Code Root Fixup: 0.0 ms]
   [Code Root Purge: 0.0 ms]
   [String Dedup Fixup: 2.7 ms, GC Workers: 10]
      [Queue Fixup (ms): Min: 0.0, Avg: 0.0, Max: 0.0, Diff: 0.0, Sum: 0.0]
      [Table Fixup (ms): Min: 1.9, Avg: 2.0, Max: 2.2, Diff: 0.2, Sum: 20.1]
   [Clear CT: 0.9 ms]
   [Other: 1.9 ms]
      [Choose CSet: 0.0 ms]
      [Ref Proc: 0.3 ms]
      [Ref Enq: 0.0 ms]
      [Redirty Cards: 1.3 ms]
      [Humongous Register: 0.0 ms]
      [Humongous Reclaim: 0.0 ms]
      [Free CSet: 0.0 ms]
   [Eden: 11264.0K(11264.0K)->0.0B(48128.0K) Survivors: 2048.0K->2048.0K Heap: 200.1M(267.0M)->188.2M(267.0M)]
 [Times: user=0.00 sys=0.00, real=0.01 secs] 
2020-12-18T06:32:46.766+0530: 414373.337: [GC concurrent-string-deduplication, 264.0B->264.0B(0.0B), avg 59.6%, 0.0000029 secs]
   [Last Exec: 0.0000029 secs, Idle: 54.5327297 secs, Blocked: 0/0.0000000 secs]
      [Inspected:               1]
         [Skipped:              0(  0.0%)]
         [Hashed:               1(100.0%)]
         [Known:                0(  0.0%)]
         [New:                  1(100.0%)    264.0B]
      [Deduplicated:            0(  0.0%)      0.0B(  0.0%)]
         [Young:                0(  0.0%)      0.0B(  0.0%)]
         [Old:                  0(  0.0%)      0.0B(  0.0%)]
   [Total Exec: 1637/0.8701445 secs, Idle: 1637/414371.9765916 secs, Blocked: 130/0.0925528 secs]
      [Inspected:         2931737]
         [Skipped:              0(  0.0%)]
         [Hashed:         1222540( 41.7%)]
         [Known:           189890(  6.5%)]
         [New:            2741847( 93.5%)    213.4M]
      [Deduplicated:      1919922( 70.0%)    127.3M( 59.6%)]
         [Young:           788604( 41.1%)  61830.6K( 47.4%)]
         [Old:            1131318( 58.9%)  68491.6K( 52.6%)]
   [Table]
      [Memory Usage: 8448.9K]
      [Size: 262144, Min: 1024, Max: 16777216]
      [Entries: 264723, Load: 101.0%, Cached: 8380, Added: 985532, Removed: 720809]
      [Resize Count: 8, Shrink Threshold: 174762(66.7%), Grow Threshold: 524288(200.0%)]
      [Rehash Count: 0, Rehash Threshold: 120, Hash Seed: 0x0]
      [Age Threshold: 3]
   [Queue]
      [Dropped: 0]
[GC concurrent-string-deduplication, deleted 0 entries, 0.0000006 secs]
2020-12-18T06:39:47.347+0530: 414793.918: [GC pause (G1 Evacuation Pause) (young), 0.0142547 secs]
   [Parallel Time: 9.2 ms, GC Workers: 10]
      [GC Worker Start (ms): Min: 414793918.1, Avg: 414793918.7, Max: 414793919.2, Diff: 1.1]
      [Ext Root Scanning (ms): Min: 1.4, Avg: 1.9, Max: 2.8, Diff: 1.4, Sum: 18.9]
      [Update RS (ms): Min: 2.5, Avg: 2.9, Max: 5.6, Diff: 3.1, Sum: 29.5]
         [Processed Buffers: Min: 3, Avg: 7.5, Max: 15, Diff: 12, Sum: 75]
      [Scan RS (ms): Min: 0.0, Avg: 0.0, Max: 0.0, Diff: 0.0, Sum: 0.0]
      [Code Root Scanning (ms): Min: 0.0, Avg: 0.0, Max: 0.0, Diff: 0.0, Sum: 0.0]
      [Object Copy (ms): Min: 0.1, Avg: 0.6, Max: 0.8, Diff: 0.7, Sum: 5.9]
      [Termination (ms): Min: 0.0, Avg: 2.4, Max: 2.7, Diff: 2.7, Sum: 24.4]
         [Termination Attempts: Min: 1, Avg: 32.2, Max: 45, Diff: 44, Sum: 322]
      [GC Worker Other (ms): Min: 0.0, Avg: 0.0, Max: 0.0, Diff: 0.0, Sum: 0.2]
      [GC Worker Total (ms): Min: 7.5, Avg: 7.9, Max: 8.5, Diff: 1.1, Sum: 78.9]
      [GC Worker End (ms): Min: 414793926.6, Avg: 414793926.6, Max: 414793926.6, Diff: 0.0]
   [Code Root Fixup: 0.0 ms]
   [Code Root Purge: 0.0 ms]
   [String Dedup Fixup: 2.5 ms, GC Workers: 10]
      [Queue Fixup (ms): Min: 0.0, Avg: 0.0, Max: 0.0, Diff: 0.0, Sum: 0.0]
      [Table Fixup (ms): Min: 1.7, Avg: 1.8, Max: 1.9, Diff: 0.2, Sum: 18.0]
   [Clear CT: 1.1 ms]
   [Other: 1.5 ms]
      [Choose CSet: 0.0 ms]
      [Ref Proc: 0.3 ms]
      [Ref Enq: 0.0 ms]
      [Redirty Cards: 0.8 ms]
      [Humongous Register: 0.1 ms]
      [Humongous Reclaim: 0.0 ms]
      [Free CSet: 0.1 ms]
   [Eden: 48128.0K(48128.0K)->0.0B(48128.0K) Survivors: 2048.0K->2048.0K Heap: 235.2M(267.0M)->188.2M(267.0M)]
 [Times: user=0.00 sys=0.00, real=0.02 secs] 
2020-12-18T06:39:47.362+0530: 414793.932: [GC concurrent-string-deduplication, 264.0B->264.0B(0.0B), avg 59.6%, 0.0000179 secs]
   [Last Exec: 0.0000179 secs, Idle: 420.5953062 secs, Blocked: 0/0.0000000 secs]
      [Inspected:              45]
         [Skipped:              0(  0.0%)]
         [Hashed:               1(  2.2%)]
         [Known:               44( 97.8%)]
         [New:                  1(  2.2%)    264.0B]
      [Deduplicated:            0(  0.0%)      0.0B(  0.0%)]
         [Young:                0(  0.0%)      0.0B(  0.0%)]
         [Old:                  0(  0.0%)      0.0B(  0.0%)]
   [Total Exec: 1638/0.8701624 secs, Idle: 1638/414792.5718978 secs, Blocked: 130/0.0925528 secs]
      [Inspected:         2931782]
         [Skipped:              0(  0.0%)]
         [Hashed:         1222541( 41.7%)]
         [Known:           189934(  6.5%)]
         [New:            2741848( 93.5%)    213.4M]
      [Deduplicated:      1919922( 70.0%)    127.3M( 59.6%)]
         [Young:           788604( 41.1%)  61830.6K( 47.4%)]
         [Old:            1131318( 58.9%)  68491.6K( 52.6%)]
   [Table]
      [Memory Usage: 8448.9K]
      [Size: 262144, Min: 1024, Max: 16777216]
      [Entries: 264724, Load: 101.0%, Cached: 8379, Added: 985533, Removed: 720809]
      [Resize Count: 8, Shrink Threshold: 174762(66.7%), Grow Threshold: 524288(200.0%)]
      [Rehash Count: 0, Rehash Threshold: 120, Hash Seed: 0x0]
      [Age Threshold: 3]
   [Queue]
      [Dropped: 0]
[GC concurrent-string-deduplication, deleted 0 entries, 0.0000006 secs]
2020-12-18T06:46:52.702+0530: 415219.273: [GC pause (G1 Evacuation Pause) (young) (initial-mark), 0.0076661 secs]
   [Parallel Time: 2.8 ms, GC Workers: 10]
      [GC Worker Start (ms): Min: 415219273.1, Avg: 415219273.3, Max: 415219273.4, Diff: 0.4]
      [Ext Root Scanning (ms): Min: 1.4, Avg: 1.6, Max: 1.9, Diff: 0.5, Sum: 16.1]
      [Update RS (ms): Min: 0.4, Avg: 0.6, Max: 0.7, Diff: 0.3, Sum: 5.5]
         [Processed Buffers: Min: 1, Avg: 5.5, Max: 15, Diff: 14, Sum: 55]
      [Scan RS (ms): Min: 0.0, Avg: 0.0, Max: 0.0, Diff: 0.0, Sum: 0.0]
      [Code Root Scanning (ms): Min: 0.0, Avg: 0.0, Max: 0.0, Diff: 0.0, Sum: 0.0]
      [Object Copy (ms): Min: 0.1, Avg: 0.3, Max: 0.4, Diff: 0.3, Sum: 2.6]
      [Termination (ms): Min: 0.0, Avg: 0.0, Max: 0.0, Diff: 0.0, Sum: 0.4]
         [Termination Attempts: Min: 1, Avg: 1.0, Max: 1, Diff: 0, Sum: 10]
      [GC Worker Other (ms): Min: 0.0, Avg: 0.0, Max: 0.0, Diff: 0.0, Sum: 0.1]
      [GC Worker Total (ms): Min: 2.3, Avg: 2.5, Max: 2.7, Diff: 0.4, Sum: 24.7]
      [GC Worker End (ms): Min: 415219275.8, Avg: 415219275.8, Max: 415219275.8, Diff: 0.0]
   [Code Root Fixup: 0.0 ms]
   [Code Root Purge: 0.0 ms]
   [String Dedup Fixup: 2.4 ms, GC Workers: 10]
      [Queue Fixup (ms): Min: 0.0, Avg: 0.0, Max: 0.0, Diff: 0.0, Sum: 0.0]
      [Table Fixup (ms): Min: 1.7, Avg: 1.8, Max: 1.9, Diff: 0.2, Sum: 17.8]
   [Clear CT: 0.8 ms]
   [Other: 1.6 ms]
      [Choose CSet: 0.0 ms]
      [Ref Proc: 0.7 ms]
      [Ref Enq: 0.0 ms]
      [Redirty Cards: 0.7 ms]
      [Humongous Register: 0.0 ms]
      [Humongous Reclaim: 0.0 ms]
      [Free CSet: 0.0 ms]
   [Eden: 48128.0K(48128.0K)->0.0B(48128.0K) Survivors: 2048.0K->2048.0K Heap: 235.2M(267.0M)->188.2M(267.0M)]
 [Times: user=0.16 sys=0.00, real=0.01 secs] 
2020-12-18T06:46:52.710+0530: 415219.281: [GC concurrent-string-deduplication, 0.0B->0.0B(0.0B), avg 59.6%, 0.0000024 secs]
2020-12-18T06:46:52.710+0530   [Last Exec: 0.0000024 secs, Idle: 425.3486105 secs, Blocked: 0/0.0000000 secs]
: 415219.281: [GC concurrent-root-region-scan-start]
      [Inspected:               1]
         [Skipped:              0(  0.0%)]
         [Hashed:               0(  0.0%)]
         [Known:                1(100.0%)]
         [New:                  0(  0.0%)      0.0B]
      [Deduplicated:            0(  0.0%)      0.0B(  0.0%)]
         [Young:                0(  0.0%)      0.0B(  0.0%)]
         [Old:                  0(  0.0%)      0.0B(  0.0%)]
   [Total Exec: 1639/0.8701648 secs, Idle: 1639/415217.9205083 secs, Blocked: 130/0.0925528 secs]
      [Inspected:         2931783]
         [Skipped:              0(  0.0%)]
         [Hashed:         1222541( 41.7%)]
         [Known:           189935(  6.5%)]
         [New:            2741848( 93.5%)    213.4M]
      [Deduplicated:      1919922( 70.0%)    127.3M( 59.6%)]
         [Young:           788604( 41.1%)  61830.6K( 47.4%)]
         [Old:            1131318( 58.9%)  68491.6K( 52.6%)]
   [Table]
      [Memory Usage: 8448.9K]
      [Size: 262144, Min: 1024, Max: 16777216]
      [Entries: 264657, Load: 101.0%, Cached: 8446, Added: 985533, Removed: 720876]
      [Resize Count: 8, Shrink Threshold: 174762(66.7%), Grow Threshold: 524288(200.0%)]
      [Rehash Count: 0, Rehash Threshold: 120, Hash Seed: 0x0]
      [Age Threshold: 3]
   [Queue]
      [Dropped: 0]
[GC concurrent-string-deduplication, deleted 0 entries, 0.0000006 secs]
2020-12-18T06:46:52.712+0530: 415219.283: [GC concurrent-root-region-scan-end, 0.0018030 secs]
2020-12-18T06:46:52.712+0530: 415219.283: [GC concurrent-mark-start]
2020-12-18T06:46:52.790+0530: 415219.361: [GC concurrent-mark-end, 0.0780005 secs]
2020-12-18T06:46:52.790+0530: 415219.361: [GC remark 2020-12-18T06:46:52.790+0530: 415219.361: [Finalize Marking, 0.0010205 secs] 2020-12-18T06:46:52.791+0530: 415219.362: [GC ref-proc, 0.0005764 secs] 2020-12-18T06:46:52.792+0530: 415219.363: [Unloading, 0.0187769 secs], 0.0212733 secs]
 [Times: user=0.16 sys=0.00, real=0.02 secs] 
2020-12-18T06:46:52.816+0530: 415219.386: [GC cleanup 209M->209M(267M), 0.0041972 secs]
 [Times: user=0.00 sys=0.00, real=0.00 secs] 
2020-12-18T06:51:52.896+0530: 415519.467: [GC pause (G1 Evacuation Pause) (young), 0.0077919 secs]
   [Parallel Time: 2.2 ms, GC Workers: 10]
      [GC Worker Start (ms): Min: 415519467.5, Avg: 415519467.7, Max: 415519467.9, Diff: 0.4]
      [Ext Root Scanning (ms): Min: 0.6, Avg: 0.9, Max: 1.8, Diff: 1.1, Sum: 8.7]
      [Update RS (ms): Min: 0.0, Avg: 0.7, Max: 0.9, Diff: 0.9, Sum: 6.6]
         [Processed Buffers: Min: 2, Avg: 5.3, Max: 11, Diff: 9, Sum: 53]
      [Scan RS (ms): Min: 0.0, Avg: 0.0, Max: 0.0, Diff: 0.0, Sum: 0.0]
      [Code Root Scanning (ms): Min: 0.0, Avg: 0.0, Max: 0.0, Diff: 0.0, Sum: 0.0]
      [Object Copy (ms): Min: 0.1, Avg: 0.3, Max: 0.4, Diff: 0.3, Sum: 2.7]
      [Termination (ms): Min: 0.0, Avg: 0.1, Max: 0.1, Diff: 0.1, Sum: 0.6]
         [Termination Attempts: Min: 1, Avg: 1.2, Max: 2, Diff: 1, Sum: 12]
      [GC Worker Other (ms): Min: 0.0, Avg: 0.0, Max: 0.0, Diff: 0.0, Sum: 0.1]
      [GC Worker Total (ms): Min: 1.7, Avg: 1.9, Max: 2.1, Diff: 0.4, Sum: 18.8]
      [GC Worker End (ms): Min: 415519469.6, Avg: 415519469.6, Max: 415519469.6, Diff: 0.0]
   [Code Root Fixup: 0.0 ms]
   [Code Root Purge: 0.0 ms]
   [String Dedup Fixup: 2.9 ms, GC Workers: 10]
      [Queue Fixup (ms): Min: 0.0, Avg: 0.0, Max: 0.0, Diff: 0.0, Sum: 0.0]
      [Table Fixup (ms): Min: 2.2, Avg: 2.2, Max: 2.4, Diff: 0.2, Sum: 22.4]
   [Clear CT: 0.9 ms]
   [Other: 1.8 ms]
      [Choose CSet: 0.0 ms]
      [Ref Proc: 0.8 ms]
      [Ref Enq: 0.0 ms]
      [Redirty Cards: 0.8 ms]
      [Humongous Register: 0.0 ms]
      [Humongous Reclaim: 0.0 ms]
      [Free CSet: 0.1 ms]
   [Eden: 48128.0K(48128.0K)->0.0B(11264.0K) Survivors: 2048.0K->2048.0K Heap: 235.2M(267.0M)->188.1M(267.0M)]
 [Times: user=0.00 sys=0.00, real=0.01 secs] 
2020-12-18T06:51:52.905+0530: 415519.475: [GC concurrent-string-deduplication, 528.0B->528.0B(0.0B), avg 59.6%, 0.0000033 secs]
   [Last Exec: 0.0000033 secs, Idle: 300.1944593 secs, Blocked: 0/0.0000000 secs]
      [Inspected:               2]
         [Skipped:              0(  0.0%)]
         [Hashed:               2(100.0%)]
         [Known:                0(  0.0%)]
         [New:                  2(100.0%)    528.0B]
      [Deduplicated:            0(  0.0%)      0.0B(  0.0%)]
         [Young:                0(  0.0%)      0.0B(  0.0%)]
         [Old:                  0(  0.0%)      0.0B(  0.0%)]
   [Total Exec: 1640/0.8701681 secs, Idle: 1640/415518.1149676 secs, Blocked: 130/0.0925528 secs]
      [Inspected:         2931785]
         [Skipped:              0(  0.0%)]
         [Hashed:         1222543( 41.7%)]
         [Known:           189935(  6.5%)]
         [New:            2741850( 93.5%)    213.4M]
      [Deduplicated:      1919922( 70.0%)    127.3M( 59.6%)]
         [Young:           788604( 41.1%)  61830.6K( 47.4%)]
         [Old:            1131318( 58.9%)  68491.6K( 52.6%)]
   [Table]
      [Memory Usage: 8448.9K]
      [Size: 262144, Min: 1024, Max: 16777216]
      [Entries: 264646, Load: 101.0%, Cached: 8457, Added: 985559, Removed: 720913]
      [Resize Count: 8, Shrink Threshold: 174762(66.7%), Grow Threshold: 524288(200.0%)]
      [Rehash Count: 0, Rehash Threshold: 120, Hash Seed: 0x0]
      [Age Threshold: 3]
   [Queue]
      [Dropped: 0]
[GC concurrent-string-deduplication, deleted 0 entries, 0.0000006 secs]
2020-12-18T06:51:52.926+0530: 415519.497: [GC pause (G1 Evacuation Pause) (mixed), 0.0099909 secs]
   [Parallel Time: 5.0 ms, GC Workers: 10]
      [GC Worker Start (ms): Min: 415519497.3, Avg: 415519497.4, Max: 415519497.5, Diff: 0.3]
      [Ext Root Scanning (ms): Min: 0.6, Avg: 0.8, Max: 1.9, Diff: 1.3, Sum: 8.0]
      [Update RS (ms): Min: 0.0, Avg: 0.3, Max: 0.7, Diff: 0.7, Sum: 3.0]
         [Processed Buffers: Min: 0, Avg: 1.3, Max: 4, Diff: 4, Sum: 13]
      [Scan RS (ms): Min: 0.0, Avg: 1.2, Max: 3.5, Diff: 3.5, Sum: 12.3]
      [Code Root Scanning (ms): Min: 0.0, Avg: 0.0, Max: 0.2, Diff: 0.2, Sum: 0.2]
      [Object Copy (ms): Min: 0.1, Avg: 1.5, Max: 3.4, Diff: 3.3, Sum: 15.0]
      [Termination (ms): Min: 0.0, Avg: 0.9, Max: 2.7, Diff: 2.7, Sum: 9.5]
         [Termination Attempts: Min: 1, Avg: 23.7, Max: 35, Diff: 34, Sum: 237]
      [GC Worker Other (ms): Min: 0.0, Avg: 0.0, Max: 0.0, Diff: 0.0, Sum: 0.1]
      [GC Worker Total (ms): Min: 4.7, Avg: 4.8, Max: 5.0, Diff: 0.3, Sum: 48.1]
      [GC Worker End (ms): Min: 415519502.2, Avg: 415519502.3, Max: 415519502.3, Diff: 0.0]
   [Code Root Fixup: 0.0 ms]
   [Code Root Purge: 0.0 ms]
   [String Dedup Fixup: 2.5 ms, GC Workers: 10]
      [Queue Fixup (ms): Min: 0.0, Avg: 0.0, Max: 0.0, Diff: 0.0, Sum: 0.0]
      [Table Fixup (ms): Min: 1.8, Avg: 1.9, Max: 2.0, Diff: 0.2, Sum: 18.7]
   [Clear CT: 0.8 ms]
   [Other: 1.6 ms]
      [Choose CSet: 0.0 ms]
      [Ref Proc: 0.6 ms]
      [Ref Enq: 0.0 ms]
      [Redirty Cards: 0.8 ms]
      [Humongous Register: 0.0 ms]
      [Humongous Reclaim: 0.0 ms]
      [Free CSet: 0.0 ms]
   [Eden: 11264.0K(11264.0K)->0.0B(51200.0K) Survivors: 2048.0K->1024.0K Heap: 199.1M(267.0M)->187.5M(267.0M)]
 [Times: user=0.00 sys=0.00, real=0.01 secs] 
2020-12-18T06:51:52.937+0530: 415519.507: [GC concurrent-string-deduplication, 264.0B->264.0B(0.0B), avg 59.6%, 0.0000030 secs]
   [Last Exec: 0.0000030 secs, Idle: 0.0319979 secs, Blocked: 0/0.0000000 secs]
      [Inspected:               1]
         [Skipped:              0(  0.0%)]
         [Hashed:               1(100.0%)]
         [Known:                0(  0.0%)]
         [New:                  1(100.0%)    264.0B]
      [Deduplicated:            0(  0.0%)      0.0B(  0.0%)]
         [Young:                0(  0.0%)      0.0B(  0.0%)]
         [Old:                  0(  0.0%)      0.0B(  0.0%)]
   [Total Exec: 1641/0.8701711 secs, Idle: 1641/415518.1469655 secs, Blocked: 130/0.0925528 secs]
      [Inspected:         2931786]
         [Skipped:              0(  0.0%)]
         [Hashed:         1222544( 41.7%)]
         [Known:           189935(  6.5%)]
         [New:            2741851( 93.5%)    213.4M]
      [Deduplicated:      1919922( 70.0%)    127.3M( 59.6%)]
         [Young:           788604( 41.1%)  61830.6K( 47.4%)]
         [Old:            1131318( 58.9%)  68491.6K( 52.6%)]
   [Table]
      [Memory Usage: 8448.9K]
      [Size: 262144, Min: 1024, Max: 16777216]
      [Entries: 264642, Load: 101.0%, Cached: 8461, Added: 985560, Removed: 720918]
      [Resize Count: 8, Shrink Threshold: 174762(66.7%), Grow Threshold: 524288(200.0%)]
      [Rehash Count: 0, Rehash Threshold: 120, Hash Seed: 0x0]
      [Age Threshold: 3]
   [Queue]
      [Dropped: 0]
[GC concurrent-string-deduplication, deleted 0 entries, 0.0000006 secs]
2020-12-18T06:56:53.097+0530: 415819.668: [GC pause (G1 Evacuation Pause) (young), 0.0075669 secs]
   [Parallel Time: 2.5 ms, GC Workers: 10]
      [GC Worker Start (ms): Min: 415819668.4, Avg: 415819668.7, Max: 415819668.9, Diff: 0.5]
      [Ext Root Scanning (ms): Min: 0.4, Avg: 0.7, Max: 1.6, Diff: 1.1, Sum: 7.1]
      [Update RS (ms): Min: 0.6, Avg: 1.1, Max: 1.4, Diff: 0.8, Sum: 10.8]
         [Processed Buffers: Min: 1, Avg: 6.2, Max: 21, Diff: 20, Sum: 62]
      [Scan RS (ms): Min: 0.0, Avg: 0.0, Max: 0.0, Diff: 0.0, Sum: 0.0]
      [Code Root Scanning (ms): Min: 0.0, Avg: 0.0, Max: 0.0, Diff: 0.0, Sum: 0.0]
      [Object Copy (ms): Min: 0.1, Avg: 0.3, Max: 0.4, Diff: 0.2, Sum: 2.5]
      [Termination (ms): Min: 0.0, Avg: 0.1, Max: 0.1, Diff: 0.1, Sum: 0.9]
         [Termination Attempts: Min: 1, Avg: 1.0, Max: 1, Diff: 0, Sum: 10]
      [GC Worker Other (ms): Min: 0.0, Avg: 0.0, Max: 0.0, Diff: 0.0, Sum: 0.1]
      [GC Worker Total (ms): Min: 2.0, Avg: 2.1, Max: 2.4, Diff: 0.5, Sum: 21.5]
      [GC Worker End (ms): Min: 415819670.8, Avg: 415819670.8, Max: 415819670.8, Diff: 0.0]
   [Code Root Fixup: 0.0 ms]
   [Code Root Purge: 0.0 ms]
   [String Dedup Fixup: 2.2 ms, GC Workers: 10]
      [Queue Fixup (ms): Min: 0.0, Avg: 0.0, Max: 0.0, Diff: 0.0, Sum: 0.0]
      [Table Fixup (ms): Min: 1.7, Avg: 1.8, Max: 1.9, Diff: 0.3, Sum: 17.6]
   [Clear CT: 0.9 ms]
   [Other: 1.9 ms]
      [Choose CSet: 0.0 ms]
      [Ref Proc: 0.9 ms]
      [Ref Enq: 0.0 ms]
      [Redirty Cards: 0.8 ms]
      [Humongous Register: 0.0 ms]
      [Humongous Reclaim: 0.0 ms]
      [Free CSet: 0.0 ms]
   [Eden: 51200.0K(51200.0K)->0.0B(50176.0K) Survivors: 1024.0K->1024.0K Heap: 237.5M(267.0M)->187.4M(267.0M)]
 [Times: user=0.00 sys=0.00, real=0.01 secs] 
2020-12-18T06:56:53.105+0530: 415819.676: [GC concurrent-string-deduplication, 2592.0B->2136.0B(456.0B), avg 59.6%, 0.0000189 secs]
   [Last Exec: 0.0000189 secs, Idle: 300.1685916 secs, Blocked: 0/0.0000000 secs]
      [Inspected:              47]
         [Skipped:              0(  0.0%)]
         [Hashed:              18( 38.3%)]
         [Known:               25( 53.2%)]
         [New:                 22( 46.8%)   2592.0B]
      [Deduplicated:           11( 50.0%)    456.0B( 17.6%)]
         [Young:               11(100.0%)    456.0B(100.0%)]
         [Old:                  0(  0.0%)      0.0B(  0.0%)]
   [Total Exec: 1642/0.8701900 secs, Idle: 1642/415818.3155571 secs, Blocked: 130/0.0925528 secs]
      [Inspected:         2931833]
         [Skipped:              0(  0.0%)]
         [Hashed:         1222562( 41.7%)]
         [Known:           189960(  6.5%)]
         [New:            2741873( 93.5%)    213.4M]
      [Deduplicated:      1919933( 70.0%)    127.3M( 59.6%)]
         [Young:           788615( 41.1%)  61831.0K( 47.4%)]
         [Old:            1131318( 58.9%)  68491.6K( 52.6%)]
   [Table]
      [Memory Usage: 8448.9K]
      [Size: 262144, Min: 1024, Max: 16777216]
      [Entries: 264659, Load: 101.0%, Cached: 8444, Added: 985577, Removed: 720918]
      [Resize Count: 8, Shrink Threshold: 174762(66.7%), Grow Threshold: 524288(200.0%)]
      [Rehash Count: 0, Rehash Threshold: 120, Hash Seed: 0x0]
      [Age Threshold: 3]
   [Queue]
      [Dropped: 0]
[GC concurrent-string-deduplication, deleted 0 entries, 0.0000006 secs]
2020-12-18T07:02:58.042+0530: 416184.613: [GC pause (G1 Evacuation Pause) (young) (initial-mark), 0.0115198 secs]
   [Parallel Time: 6.6 ms, GC Workers: 10]
      [GC Worker Start (ms): Min: 416184613.0, Avg: 416184613.5, Max: 416184613.9, Diff: 0.9]
      [Ext Root Scanning (ms): Min: 3.3, Avg: 3.9, Max: 4.7, Diff: 1.4, Sum: 39.0]
      [Update RS (ms): Min: 0.9, Avg: 1.2, Max: 1.5, Diff: 0.7, Sum: 11.8]
         [Processed Buffers: Min: 1, Avg: 5.6, Max: 21, Diff: 20, Sum: 56]
      [Scan RS (ms): Min: 0.0, Avg: 0.0, Max: 0.0, Diff: 0.0, Sum: 0.0]
      [Code Root Scanning (ms): Min: 0.0, Avg: 0.0, Max: 0.0, Diff: 0.0, Sum: 0.0]
      [Object Copy (ms): Min: 0.2, Avg: 0.6, Max: 0.8, Diff: 0.6, Sum: 6.2]
      [Termination (ms): Min: 0.0, Avg: 0.1, Max: 0.1, Diff: 0.1, Sum: 1.2]
         [Termination Attempts: Min: 1, Avg: 1.0, Max: 1, Diff: 0, Sum: 10]
      [GC Worker Other (ms): Min: 0.0, Avg: 0.0, Max: 0.0, Diff: 0.0, Sum: 0.2]
      [GC Worker Total (ms): Min: 5.5, Avg: 5.8, Max: 6.4, Diff: 0.9, Sum: 58.4]
      [GC Worker End (ms): Min: 416184619.4, Avg: 416184619.4, Max: 416184619.4, Diff: 0.0]
   [Code Root Fixup: 0.0 ms]
   [Code Root Purge: 0.0 ms]
   [String Dedup Fixup: 2.4 ms, GC Workers: 10]
      [Queue Fixup (ms): Min: 0.0, Avg: 0.0, Max: 0.0, Diff: 0.0, Sum: 0.0]
      [Table Fixup (ms): Min: 1.7, Avg: 1.8, Max: 1.9, Diff: 0.2, Sum: 17.6]
   [Clear CT: 0.8 ms]
   [Other: 1.7 ms]
      [Choose CSet: 0.0 ms]
      [Ref Proc: 0.7 ms]
      [Ref Enq: 0.0 ms]
      [Redirty Cards: 0.7 ms]
      [Humongous Register: 0.0 ms]
      [Humongous Reclaim: 0.0 ms]
      [Free CSet: 0.0 ms]
   [Eden: 50176.0K(50176.0K)->0.0B(50176.0K) Survivors: 1024.0K->1024.0K Heap: 236.4M(267.0M)->187.6M(267.0M)]
 [Times: user=0.01 sys=0.00, real=0.01 secs] 
2020-12-18T07:02:58.054+0530: 416184.624: [GC concurrent-root-region-scan-start]
2020-12-18T07:02:58.055+0530: 416184.626: [GC concurrent-root-region-scan-end, 0.0014794 secs]
2020-12-18T07:02:58.055+0530: 416184.626: [GC concurrent-mark-start]
2020-12-18T07:02:58.131+0530: 416184.701: [GC concurrent-mark-end, 0.0752022 secs]
2020-12-18T07:02:58.131+0530: 416184.701: [GC remark 2020-12-18T07:02:58.131+0530: 416184.701: [Finalize Marking, 0.0007470 secs] 2020-12-18T07:02:58.132+0530: 416184.702: [GC ref-proc, 0.0004973 secs] 2020-12-18T07:02:58.132+0530: 416184.703: [Unloading, 0.0189246 secs], 0.0210788 secs]
 [Times: user=0.16 sys=0.00, real=0.02 secs] 
2020-12-18T07:02:58.153+0530: 416184.723: [GC cleanup 187M->187M(267M), 0.0021972 secs]
 [Times: user=0.00 sys=0.00, real=0.00 secs] 
2020-12-18T07:11:03.527+0530: 416670.098: [GC pause (G1 Evacuation Pause) (young), 0.0072271 secs]
   [Parallel Time: 2.4 ms, GC Workers: 10]
      [GC Worker Start (ms): Min: 416670097.8, Avg: 416670098.1, Max: 416670098.3, Diff: 0.5]
      [Ext Root Scanning (ms): Min: 0.4, Avg: 0.6, Max: 1.2, Diff: 0.8, Sum: 6.1]
      [Update RS (ms): Min: 0.3, Avg: 0.7, Max: 0.8, Diff: 0.5, Sum: 6.5]
         [Processed Buffers: Min: 1, Avg: 6.2, Max: 24, Diff: 23, Sum: 62]
      [Scan RS (ms): Min: 0.0, Avg: 0.0, Max: 0.0, Diff: 0.0, Sum: 0.0]
      [Code Root Scanning (ms): Min: 0.0, Avg: 0.0, Max: 0.0, Diff: 0.0, Sum: 0.0]
      [Object Copy (ms): Min: 0.0, Avg: 0.1, Max: 0.2, Diff: 0.2, Sum: 1.3]
      [Termination (ms): Min: 0.0, Avg: 0.1, Max: 0.2, Diff: 0.2, Sum: 1.5]
         [Termination Attempts: Min: 1, Avg: 1.1, Max: 2, Diff: 1, Sum: 11]
      [GC Worker Other (ms): Min: 0.0, Avg: 0.0, Max: 0.0, Diff: 0.0, Sum: 0.1]
      [GC Worker Total (ms): Min: 1.4, Avg: 1.6, Max: 1.8, Diff: 0.5, Sum: 15.5]
      [GC Worker End (ms): Min: 416670099.6, Avg: 416670099.7, Max: 416670099.7, Diff: 0.0]
   [Code Root Fixup: 0.0 ms]
   [Code Root Purge: 0.0 ms]
   [String Dedup Fixup: 2.3 ms, GC Workers: 10]
      [Queue Fixup (ms): Min: 0.0, Avg: 0.0, Max: 0.0, Diff: 0.0, Sum: 0.0]
      [Table Fixup (ms): Min: 1.6, Avg: 1.7, Max: 1.9, Diff: 0.3, Sum: 17.3]
   [Clear CT: 0.8 ms]
   [Other: 1.7 ms]
      [Choose CSet: 0.0 ms]
      [Ref Proc: 0.8 ms]
      [Ref Enq: 0.0 ms]
      [Redirty Cards: 0.7 ms]
      [Humongous Register: 0.0 ms]
      [Humongous Reclaim: 0.0 ms]
      [Free CSet: 0.1 ms]
   [Eden: 50176.0K(50176.0K)->0.0B(50176.0K) Survivors: 1024.0K->1024.0K Heap: 236.6M(267.0M)->187.4M(267.0M)]
 [Times: user=0.16 sys=0.00, real=0.01 secs] 
2020-12-18T07:11:03.534+0530: 416670.105: [GC concurrent-string-deduplication, 264.0B->264.0B(0.0B), avg 59.6%, 0.0000065 secs]
   [Last Exec: 0.0000065 secs, Idle: 850.4289361 secs, Blocked: 0/0.0000000 secs]
      [Inspected:               9]
         [Skipped:              0(  0.0%)]
         [Hashed:               1( 11.1%)]
         [Known:                8( 88.9%)]
         [New:                  1( 11.1%)    264.0B]
      [Deduplicated:            0(  0.0%)      0.0B(  0.0%)]
         [Young:                0(  0.0%)      0.0B(  0.0%)]
         [Old:                  0(  0.0%)      0.0B(  0.0%)]
   [Total Exec: 1643/0.8701965 secs, Idle: 1643/416668.7444932 secs, Blocked: 130/0.0925528 secs]
      [Inspected:         2931842]
         [Skipped:              0(  0.0%)]
         [Hashed:         1222563( 41.7%)]
         [Known:           189968(  6.5%)]
         [New:            2741874( 93.5%)    213.4M]
      [Deduplicated:      1919933( 70.0%)    127.3M( 59.6%)]
         [Young:           788615( 41.1%)  61831.0K( 47.4%)]
         [Old:            1131318( 58.9%)  68491.6K( 52.6%)]
   [Table]
      [Memory Usage: 8448.9K]
      [Size: 262144, Min: 1024, Max: 16777216]
      [Entries: 264596, Load: 100.9%, Cached: 8507, Added: 985596, Removed: 721000]
      [Resize Count: 8, Shrink Threshold: 174762(66.7%), Grow Threshold: 524288(200.0%)]
      [Rehash Count: 0, Rehash Threshold: 120, Hash Seed: 0x0]
      [Age Threshold: 3]
   [Queue]
      [Dropped: 0]
[GC concurrent-string-deduplication, deleted 0 entries, 0.0000009 secs]
2020-12-18T07:16:53.674+0530: 417020.245: [GC pause (G1 Evacuation Pause) (young), 0.0070792 secs]
   [Parallel Time: 2.5 ms, GC Workers: 10]
      [GC Worker Start (ms): Min: 417020245.5, Avg: 417020245.8, Max: 417020246.0, Diff: 0.5]
      [Ext Root Scanning (ms): Min: 0.4, Avg: 0.7, Max: 1.4, Diff: 1.0, Sum: 6.8]
      [Update RS (ms): Min: 0.0, Avg: 0.5, Max: 0.7, Diff: 0.7, Sum: 4.5]
         [Processed Buffers: Min: 0, Avg: 4.8, Max: 12, Diff: 12, Sum: 48]
      [Scan RS (ms): Min: 0.0, Avg: 0.0, Max: 0.0, Diff: 0.0, Sum: 0.0]
      [Code Root Scanning (ms): Min: 0.0, Avg: 0.0, Max: 0.0, Diff: 0.0, Sum: 0.0]
      [Object Copy (ms): Min: 0.1, Avg: 0.2, Max: 0.3, Diff: 0.2, Sum: 1.6]
      [Termination (ms): Min: 0.0, Avg: 0.1, Max: 0.2, Diff: 0.2, Sum: 1.4]
         [Termination Attempts: Min: 1, Avg: 5.2, Max: 8, Diff: 7, Sum: 52]
      [GC Worker Other (ms): Min: 0.0, Avg: 0.0, Max: 0.0, Diff: 0.0, Sum: 0.1]
      [GC Worker Total (ms): Min: 1.3, Avg: 1.5, Max: 1.7, Diff: 0.5, Sum: 14.5]
      [GC Worker End (ms): Min: 417020247.3, Avg: 417020247.3, Max: 417020247.3, Diff: 0.0]
   [Code Root Fixup: 0.0 ms]
   [Code Root Purge: 0.0 ms]
   [String Dedup Fixup: 2.4 ms, GC Workers: 10]
      [Queue Fixup (ms): Min: 0.0, Avg: 0.0, Max: 0.0, Diff: 0.0, Sum: 0.0]
      [Table Fixup (ms): Min: 1.7, Avg: 1.7, Max: 1.9, Diff: 0.2, Sum: 17.4]
   [Clear CT: 0.8 ms]
   [Other: 1.4 ms]
      [Choose CSet: 0.0 ms]
      [Ref Proc: 0.4 ms]
      [Ref Enq: 0.0 ms]
      [Redirty Cards: 0.8 ms]
      [Humongous Register: 0.0 ms]
      [Humongous Reclaim: 0.0 ms]
      [Free CSet: 0.0 ms]
   [Eden: 50176.0K(50176.0K)->0.0B(50176.0K) Survivors: 1024.0K->1024.0K Heap: 236.4M(267.0M)->187.4M(267.0M)]
 [Times: user=0.00 sys=0.00, real=0.01 secs] 
2020-12-18T07:16:53.681+0530: 417020.253: [GC concurrent-string-deduplication, 264.0B->264.0B(0.0B), avg 59.6%, 0.0000027 secs]
   [Last Exec: 0.0000027 secs, Idle: 350.1476119 secs, Blocked: 0/0.0000000 secs]
      [Inspected:               1]
         [Skipped:              0(  0.0%)]
         [Hashed:               1(100.0%)]
         [Known:                0(  0.0%)]
         [New:                  1(100.0%)    264.0B]
      [Deduplicated:            0(  0.0%)      0.0B(  0.0%)]
         [Young:                0(  0.0%)      0.0B(  0.0%)]
         [Old:                  0(  0.0%)      0.0B(  0.0%)]
   [Total Exec: 1644/0.8701992 secs, Idle: 1644/417018.8921051 secs, Blocked: 130/0.0925528 secs]
      [Inspected:         2931843]
         [Skipped:              0(  0.0%)]
         [Hashed:         1222564( 41.7%)]
         [Known:           189968(  6.5%)]
         [New:            2741875( 93.5%)    213.4M]
      [Deduplicated:      1919933( 70.0%)    127.3M( 59.6%)]
         [Young:           788615( 41.1%)  61831.0K( 47.4%)]
         [Old:            1131318( 58.9%)  68491.6K( 52.6%)]
   [Table]
      [Memory Usage: 8448.9K]
      [Size: 262144, Min: 1024, Max: 16777216]
      [Entries: 264587, Load: 100.9%, Cached: 8516, Added: 985597, Removed: 721010]
      [Resize Count: 8, Shrink Threshold: 174762(66.7%), Grow Threshold: 524288(200.0%)]
      [Rehash Count: 0, Rehash Threshold: 120, Hash Seed: 0x0]
      [Age Threshold: 3]
   [Queue]
      [Dropped: 0]
[GC concurrent-string-deduplication, deleted 0 entries, 0.0000006 secs]
2020-12-18T07:21:53.768+0530: 417320.339: [GC pause (G1 Evacuation Pause) (young) (initial-mark), 0.0115617 secs]
   [Parallel Time: 3.8 ms, GC Workers: 10]
      [GC Worker Start (ms): Min: 417320339.4, Avg: 417320339.7, Max: 417320339.8, Diff: 0.4]
      [Ext Root Scanning (ms): Min: 1.8, Avg: 2.0, Max: 2.4, Diff: 0.6, Sum: 20.2]
      [Update RS (ms): Min: 0.4, Avg: 0.5, Max: 0.8, Diff: 0.5, Sum: 5.1]
         [Processed Buffers: Min: 1, Avg: 5.7, Max: 19, Diff: 18, Sum: 57]
      [Scan RS (ms): Min: 0.0, Avg: 0.0, Max: 0.0, Diff: 0.0, Sum: 0.1]
      [Code Root Scanning (ms): Min: 0.0, Avg: 0.0, Max: 0.0, Diff: 0.0, Sum: 0.0]
      [Object Copy (ms): Min: 0.1, Avg: 0.3, Max: 0.4, Diff: 0.3, Sum: 2.8]
      [Termination (ms): Min: 0.0, Avg: 0.2, Max: 0.3, Diff: 0.3, Sum: 2.3]
         [Termination Attempts: Min: 1, Avg: 1.3, Max: 3, Diff: 2, Sum: 13]
      [GC Worker Other (ms): Min: 0.0, Avg: 0.0, Max: 0.0, Diff: 0.0, Sum: 0.1]
      [GC Worker Total (ms): Min: 2.9, Avg: 3.1, Max: 3.3, Diff: 0.4, Sum: 30.5]
      [GC Worker End (ms): Min: 417320342.7, Avg: 417320342.7, Max: 417320342.7, Diff: 0.0]
   [Code Root Fixup: 0.0 ms]
   [Code Root Purge: 0.0 ms]
   [String Dedup Fixup: 3.0 ms, GC Workers: 10]
      [Queue Fixup (ms): Min: 0.0, Avg: 0.0, Max: 0.0, Diff: 0.0, Sum: 0.0]
      [Table Fixup (ms): Min: 2.4, Avg: 2.5, Max: 2.7, Diff: 0.2, Sum: 25.3]
   [Clear CT: 1.0 ms]
   [Other: 3.8 ms]
      [Choose CSet: 0.0 ms]
      [Ref Proc: 2.7 ms]
      [Ref Enq: 0.0 ms]
      [Redirty Cards: 0.8 ms]
      [Humongous Register: 0.0 ms]
      [Humongous Reclaim: 0.0 ms]
      [Free CSet: 0.1 ms]
   [Eden: 50176.0K(50176.0K)->0.0B(46080.0K) Survivors: 1024.0K->3072.0K Heap: 236.4M(267.0M)->189.7M(267.0M)]
 [Times: user=0.00 sys=0.00, real=0.01 secs] 
2020-12-18T07:21:53.780+0530: 417320.351: [GC concurrent-string-deduplication, 528.0B->528.0B(0.0B), avg 59.6%, 0.0000102 secs]
2020-12-18T07:21:53.780+0530: 417320.351: [GC concurrent-root-region-scan-start]
   [Last Exec: 0.0000102 secs, Idle: 300.0981492 secs, Blocked: 0/0.0000000 secs]
      [Inspected:              20]
         [Skipped:              0(  0.0%)]
         [Hashed:               2( 10.0%)]
         [Known:               18( 90.0%)]
         [New:                  2( 10.0%)    528.0B]
      [Deduplicated:            0(  0.0%)      0.0B(  0.0%)]
         [Young:                0(  0.0%)      0.0B(  0.0%)]
         [Old:                  0(  0.0%)      0.0B(  0.0%)]
   [Total Exec: 1645/0.8702094 secs, Idle: 1645/417318.9902543 secs, Blocked: 130/0.0925528 secs]
      [Inspected:         2931863]
         [Skipped:              0(  0.0%)]
         [Hashed:         1222566( 41.7%)]
         [Known:           189986(  6.5%)]
         [New:            2741877( 93.5%)    213.4M]
      [Deduplicated:      1919933( 70.0%)    127.3M( 59.6%)]
         [Young:           788615( 41.1%)  61831.0K( 47.4%)]
         [Old:            1131318( 58.9%)  68491.6K( 52.6%)]
   [Table]
      [Memory Usage: 8448.9K]
      [Size: 262144, Min: 1024, Max: 16777216]
      [Entries: 264589, Load: 100.9%, Cached: 8514, Added: 985599, Removed: 721010]
      [Resize Count: 8, Shrink Threshold: 174762(66.7%), Grow Threshold: 524288(200.0%)]
      [Rehash Count: 0, Rehash Threshold: 120, Hash Seed: 0x0]
      [Age Threshold: 3]
   [Queue]
      [Dropped: 0]
[GC concurrent-string-deduplication, deleted 0 entries, 0.0000007 secs]
2020-12-18T07:21:53.783+0530: 417320.354: [GC concurrent-root-region-scan-end, 0.0026448 secs]
2020-12-18T07:21:53.783+0530: 417320.354: [GC concurrent-mark-start]
2020-12-18T07:21:53.867+0530: 417320.437: [GC concurrent-mark-end, 0.0837838 secs]
2020-12-18T07:21:53.867+0530: 417320.438: [GC remark 2020-12-18T07:21:53.867+0530: 417320.438: [Finalize Marking, 0.0004148 secs] 2020-12-18T07:21:53.868+0530: 417320.438: [GC ref-proc, 0.0005785 secs] 2020-12-18T07:21:53.868+0530: 417320.439: [Unloading, 0.0226051 secs], 0.0245255 secs]
 [Times: user=0.16 sys=0.00, real=0.02 secs] 
2020-12-18T07:21:53.892+0530: 417320.463: [GC cleanup 210M->210M(267M), 0.0029126 secs]
 [Times: user=0.00 sys=0.00, real=0.00 secs] 
2020-12-18T07:26:54.018+0530: 417620.590: [GC pause (G1 Evacuation Pause) (young), 0.0067883 secs]
   [Parallel Time: 2.3 ms, GC Workers: 10]
      [GC Worker Start (ms): Min: 417620589.7, Avg: 417620590.0, Max: 417620590.1, Diff: 0.4]
      [Ext Root Scanning (ms): Min: 0.5, Avg: 0.7, Max: 1.4, Diff: 0.9, Sum: 6.9]
      [Update RS (ms): Min: 0.0, Avg: 0.4, Max: 0.7, Diff: 0.7, Sum: 4.0]
         [Processed Buffers: Min: 0, Avg: 5.1, Max: 12, Diff: 12, Sum: 51]
      [Scan RS (ms): Min: 0.0, Avg: 0.0, Max: 0.0, Diff: 0.0, Sum: 0.0]
      [Code Root Scanning (ms): Min: 0.0, Avg: 0.0, Max: 0.0, Diff: 0.0, Sum: 0.0]
      [Object Copy (ms): Min: 0.1, Avg: 0.2, Max: 0.3, Diff: 0.2, Sum: 2.0]
      [Termination (ms): Min: 0.0, Avg: 0.1, Max: 0.2, Diff: 0.2, Sum: 1.3]
         [Termination Attempts: Min: 1, Avg: 1.0, Max: 1, Diff: 0, Sum: 10]
      [GC Worker Other (ms): Min: 0.0, Avg: 0.0, Max: 0.0, Diff: 0.0, Sum: 0.1]
      [GC Worker Total (ms): Min: 1.3, Avg: 1.4, Max: 1.6, Diff: 0.4, Sum: 14.3]
      [GC Worker End (ms): Min: 417620591.4, Avg: 417620591.4, Max: 417620591.4, Diff: 0.0]
   [Code Root Fixup: 0.0 ms]
   [Code Root Purge: 0.0 ms]
   [String Dedup Fixup: 2.0 ms, GC Workers: 10]
      [Queue Fixup (ms): Min: 0.0, Avg: 0.0, Max: 0.0, Diff: 0.0, Sum: 0.0]
      [Table Fixup (ms): Min: 1.7, Avg: 1.7, Max: 1.9, Diff: 0.3, Sum: 17.4]
   [Clear CT: 1.0 ms]
   [Other: 1.5 ms]
      [Choose CSet: 0.0 ms]
      [Ref Proc: 0.7 ms]
      [Ref Enq: 0.0 ms]
      [Redirty Cards: 0.7 ms]
      [Humongous Register: 0.0 ms]
      [Humongous Reclaim: 0.0 ms]
      [Free CSet: 0.0 ms]
   [Eden: 46080.0K(46080.0K)->0.0B(50176.0K) Survivors: 3072.0K->1024.0K Heap: 234.7M(267.0M)->187.8M(267.0M)]
 [Times: user=0.00 sys=0.00, real=0.01 secs] 
2020-12-18T07:26:54.026+0530: 417620.597: [GC concurrent-string-deduplication, 264.0B->264.0B(0.0B), avg 59.6%, 0.0000032 secs]
   [Last Exec: 0.0000032 secs, Idle: 300.2456354 secs, Blocked: 0/0.0000000 secs]
      [Inspected:               1]
         [Skipped:              0(  0.0%)]
         [Hashed:               1(100.0%)]
         [Known:                0(  0.0%)]
         [New:                  1(100.0%)    264.0B]
      [Deduplicated:            0(  0.0%)      0.0B(  0.0%)]
         [Young:                0(  0.0%)      0.0B(  0.0%)]
         [Old:                  0(  0.0%)      0.0B(  0.0%)]
   [Total Exec: 1646/0.8702126 secs, Idle: 1646/417619.2358897 secs, Blocked: 130/0.0925528 secs]
      [Inspected:         2931864]
         [Skipped:              0(  0.0%)]
         [Hashed:         1222567( 41.7%)]
         [Known:           189986(  6.5%)]
         [New:            2741878( 93.5%)    213.4M]
      [Deduplicated:      1919933( 70.0%)    127.3M( 59.6%)]
         [Young:           788615( 41.1%)  61831.0K( 47.4%)]
         [Old:            1131318( 58.9%)  68491.6K( 52.6%)]
   [Table]
      [Memory Usage: 8448.9K]
      [Size: 262144, Min: 1024, Max: 16777216]
      [Entries: 264003, Load: 100.7%, Cached: 9100, Added: 985600, Removed: 721597]
      [Resize Count: 8, Shrink Threshold: 174762(66.7%), Grow Threshold: 524288(200.0%)]
      [Rehash Count: 0, Rehash Threshold: 120, Hash Seed: 0x0]
      [Age Threshold: 3]
   [Queue]
      [Dropped: 0]
[GC concurrent-string-deduplication, deleted 0 entries, 0.0000006 secs]
2020-12-18T07:31:54.192+0530: 417920.763: [GC pause (G1 Evacuation Pause) (young), 0.0074480 secs]
   [Parallel Time: 2.5 ms, GC Workers: 10]
      [GC Worker Start (ms): Min: 417920762.9, Avg: 417920763.1, Max: 417920763.3, Diff: 0.4]
      [Ext Root Scanning (ms): Min: 0.6, Avg: 0.9, Max: 1.8, Diff: 1.2, Sum: 8.5]
      [Update RS (ms): Min: 0.0, Avg: 0.5, Max: 0.8, Diff: 0.8, Sum: 5.1]
         [Processed Buffers: Min: 0, Avg: 5.2, Max: 18, Diff: 18, Sum: 52]
      [Scan RS (ms): Min: 0.0, Avg: 0.0, Max: 0.0, Diff: 0.0, Sum: 0.0]
      [Code Root Scanning (ms): Min: 0.0, Avg: 0.0, Max: 0.0, Diff: 0.0, Sum: 0.0]
      [Object Copy (ms): Min: 0.0, Avg: 0.2, Max: 0.3, Diff: 0.3, Sum: 2.0]
      [Termination (ms): Min: 0.0, Avg: 0.1, Max: 0.2, Diff: 0.2, Sum: 1.3]
         [Termination Attempts: Min: 1, Avg: 1.7, Max: 3, Diff: 2, Sum: 17]
      [GC Worker Other (ms): Min: 0.0, Avg: 0.0, Max: 0.0, Diff: 0.0, Sum: 0.1]
      [GC Worker Total (ms): Min: 1.6, Avg: 1.7, Max: 1.9, Diff: 0.4, Sum: 17.0]
      [GC Worker End (ms): Min: 417920764.8, Avg: 417920764.8, Max: 417920764.8, Diff: 0.0]
   [Code Root Fixup: 0.0 ms]
   [Code Root Purge: 0.0 ms]
   [String Dedup Fixup: 2.4 ms, GC Workers: 10]
      [Queue Fixup (ms): Min: 0.0, Avg: 0.0, Max: 0.0, Diff: 0.0, Sum: 0.0]
      [Table Fixup (ms): Min: 1.7, Avg: 1.7, Max: 1.9, Diff: 0.3, Sum: 17.5]
   [Clear CT: 0.8 ms]
   [Other: 1.7 ms]
      [Choose CSet: 0.0 ms]
      [Ref Proc: 0.7 ms]
      [Ref Enq: 0.0 ms]
      [Redirty Cards: 0.8 ms]
      [Humongous Register: 0.0 ms]
      [Humongous Reclaim: 0.0 ms]
      [Free CSet: 0.0 ms]
   [Eden: 50176.0K(50176.0K)->0.0B(50176.0K) Survivors: 1024.0K->1024.0K Heap: 236.8M(267.0M)->187.8M(267.0M)]
 [Times: user=0.00 sys=0.00, real=0.01 secs] 
2020-12-18T07:31:54.200+0530: 417920.770: [GC concurrent-string-deduplication, 7472.0B->5480.0B(1992.0B), avg 59.6%, 0.0000281 secs]
   [Last Exec: 0.0000281 secs, Idle: 300.1737655 secs, Blocked: 0/0.0000000 secs]
      [Inspected:             100]
         [Skipped:              0(  0.0%)]
         [Hashed:              90( 90.0%)]
         [Known:                0(  0.0%)]
         [New:                100(100.0%)   7472.0B]
      [Deduplicated:           59( 59.0%)   1992.0B( 26.7%)]
         [Young:               59(100.0%)   1992.0B(100.0%)]
         [Old:                  0(  0.0%)      0.0B(  0.0%)]
   [Total Exec: 1647/0.8702407 secs, Idle: 1647/417919.4096552 secs, Blocked: 130/0.0925528 secs]
      [Inspected:         2931964]
         [Skipped:              0(  0.0%)]
         [Hashed:         1222657( 41.7%)]
         [Known:           189986(  6.5%)]
         [New:            2741978( 93.5%)    213.4M]
      [Deduplicated:      1919992( 70.0%)    127.3M( 59.6%)]
         [Young:           788674( 41.1%)  61833.0K( 47.4%)]
         [Old:            1131318( 58.9%)  68491.6K( 52.6%)]
   [Table]
      [Memory Usage: 8448.9K]
      [Size: 262144, Min: 1024, Max: 16777216]
      [Entries: 264044, Load: 100.7%, Cached: 9059, Added: 985641, Removed: 721597]
      [Resize Count: 8, Shrink Threshold: 174762(66.7%), Grow Threshold: 524288(200.0%)]
      [Rehash Count: 0, Rehash Threshold: 120, Hash Seed: 0x0]
      [Age Threshold: 3]
   [Queue]
      [Dropped: 0]
[GC concurrent-string-deduplication, deleted 0 entries, 0.0000007 secs]
2020-12-18T07:36:54.356+0530: 418220.927: [GC pause (G1 Evacuation Pause) (young) (initial-mark), 0.0101588 secs]
   [Parallel Time: 3.9 ms, GC Workers: 10]
      [GC Worker Start (ms): Min: 418220927.3, Avg: 418220927.7, Max: 418220927.9, Diff: 0.6]
      [Ext Root Scanning (ms): Min: 1.7, Avg: 1.9, Max: 2.3, Diff: 0.7, Sum: 18.8]
      [Update RS (ms): Min: 0.3, Avg: 0.4, Max: 0.7, Diff: 0.4, Sum: 4.4]
         [Processed Buffers: Min: 1, Avg: 4.6, Max: 15, Diff: 14, Sum: 46]
      [Scan RS (ms): Min: 0.0, Avg: 0.0, Max: 0.0, Diff: 0.0, Sum: 0.0]
      [Code Root Scanning (ms): Min: 0.0, Avg: 0.0, Max: 0.0, Diff: 0.0, Sum: 0.0]
      [Object Copy (ms): Min: 0.1, Avg: 0.3, Max: 0.4, Diff: 0.3, Sum: 2.9]
      [Termination (ms): Min: 0.0, Avg: 0.2, Max: 0.2, Diff: 0.2, Sum: 1.5]
         [Termination Attempts: Min: 1, Avg: 1.0, Max: 1, Diff: 0, Sum: 10]
      [GC Worker Other (ms): Min: 0.0, Avg: 0.0, Max: 0.0, Diff: 0.0, Sum: 0.1]
      [GC Worker Total (ms): Min: 2.6, Avg: 2.8, Max: 3.2, Diff: 0.6, Sum: 27.7]
      [GC Worker End (ms): Min: 418220930.5, Avg: 418220930.5, Max: 418220930.5, Diff: 0.0]
   [Code Root Fixup: 0.0 ms]
   [Code Root Purge: 0.0 ms]
   [String Dedup Fixup: 3.2 ms, GC Workers: 10]
      [Queue Fixup (ms): Min: 0.0, Avg: 0.0, Max: 0.0, Diff: 0.0, Sum: 0.0]
      [Table Fixup (ms): Min: 2.8, Avg: 2.9, Max: 2.9, Diff: 0.1, Sum: 28.7]
   [Clear CT: 1.2 ms]
   [Other: 1.8 ms]
      [Choose CSet: 0.0 ms]
      [Ref Proc: 0.9 ms]
      [Ref Enq: 0.0 ms]
      [Redirty Cards: 0.7 ms]
      [Humongous Register: 0.0 ms]
      [Humongous Reclaim: 0.0 ms]
      [Free CSet: 0.1 ms]
   [Eden: 50176.0K(50176.0K)->0.0B(50176.0K) Survivors: 1024.0K->1024.0K Heap: 236.8M(267.0M)->187.9M(267.0M)]
 [Times: user=0.02 sys=0.00, real=0.01 secs] 
2020-12-18T07:36:54.367+0530: 418220.938: [GC concurrent-string-deduplication, 264.0B->264.0B(0.0B), avg 59.6%, 0.0000033 secs]
2020-12-18T07:36:54.367+0530:    [Last Exec: 0.0000033 secs, Idle: 300.1670185 secs, Blocked: 0/0.0000000 secs]
418220.938: [GC concurrent-root-region-scan-start]
      [Inspected:               1]
         [Skipped:              0(  0.0%)]
         [Hashed:               1(100.0%)]
         [Known:                0(  0.0%)]
         [New:                  1(100.0%)    264.0B]
      [Deduplicated:            0(  0.0%)      0.0B(  0.0%)]
         [Young:                0(  0.0%)      0.0B(  0.0%)]
         [Old:                  0(  0.0%)      0.0B(  0.0%)]
   [Total Exec: 1648/0.8702440 secs, Idle: 1648/418219.5766737 secs, Blocked: 130/0.0925528 secs]
      [Inspected:         2931965]
         [Skipped:              0(  0.0%)]
         [Hashed:         1222658( 41.7%)]
         [Known:           189986(  6.5%)]
         [New:            2741979( 93.5%)    213.4M]
      [Deduplicated:      1919992( 70.0%)    127.3M( 59.6%)]
         [Young:           788674( 41.1%)  61833.0K( 47.4%)]
         [Old:            1131318( 58.9%)  68491.6K( 52.6%)]
   [Table]
      [Memory Usage: 8448.9K]
      [Size: 262144, Min: 1024, Max: 16777216]
      [Entries: 264045, Load: 100.7%, Cached: 9058, Added: 985642, Removed: 721597]
      [Resize Count: 8, Shrink Threshold: 174762(66.7%), Grow Threshold: 524288(200.0%)]
      [Rehash Count: 0, Rehash Threshold: 120, Hash Seed: 0x0]
      [Age Threshold: 3]
   [Queue]
      [Dropped: 0]
[GC concurrent-string-deduplication, deleted 0 entries, 0.0000006 secs]
2020-12-18T07:36:54.369+0530: 418220.939: [GC concurrent-root-region-scan-end, 0.0018824 secs]
2020-12-18T07:36:54.369+0530: 418220.939: [GC concurrent-mark-start]
2020-12-18T07:36:54.448+0530: 418221.019: [GC concurrent-mark-end, 0.0791241 secs]
2020-12-18T07:36:54.449+0530: 418221.019: [GC remark 2020-12-18T07:36:54.449+0530: 418221.019: [Finalize Marking, 0.0008348 secs] 2020-12-18T07:36:54.450+0530: 418221.020: [GC ref-proc, 0.0006048 secs] 2020-12-18T07:36:54.450+0530: 418221.021: [Unloading, 0.0213126 secs], 0.0238064 secs]
 [Times: user=0.28 sys=0.00, real=0.02 secs] 
2020-12-18T07:36:54.473+0530: 418221.043: [GC cleanup 192M->192M(267M), 0.0032858 secs]
 [Times: user=0.00 sys=0.00, real=0.00 secs] 
2020-12-18T07:42:10.044+0530: 418536.615: [GC pause (G1 Evacuation Pause) (young), 0.0071278 secs]
   [Parallel Time: 2.2 ms, GC Workers: 10]
      [GC Worker Start (ms): Min: 418536615.5, Avg: 418536615.8, Max: 418536615.9, Diff: 0.4]
      [Ext Root Scanning (ms): Min: 0.5, Avg: 0.7, Max: 1.4, Diff: 0.9, Sum: 7.0]
      [Update RS (ms): Min: 0.0, Avg: 0.4, Max: 0.7, Diff: 0.7, Sum: 4.3]
         [Processed Buffers: Min: 0, Avg: 5.6, Max: 18, Diff: 18, Sum: 56]
      [Scan RS (ms): Min: 0.0, Avg: 0.0, Max: 0.0, Diff: 0.0, Sum: 0.0]
      [Code Root Scanning (ms): Min: 0.0, Avg: 0.0, Max: 0.0, Diff: 0.0, Sum: 0.0]
      [Object Copy (ms): Min: 0.0, Avg: 0.1, Max: 0.2, Diff: 0.2, Sum: 1.4]
      [Termination (ms): Min: 0.0, Avg: 0.2, Max: 0.2, Diff: 0.2, Sum: 1.8]
         [Termination Attempts: Min: 1, Avg: 1.0, Max: 1, Diff: 0, Sum: 10]
      [GC Worker Other (ms): Min: 0.0, Avg: 0.0, Max: 0.0, Diff: 0.0, Sum: 0.1]
      [GC Worker Total (ms): Min: 1.3, Avg: 1.5, Max: 1.7, Diff: 0.4, Sum: 14.6]
      [GC Worker End (ms): Min: 418536617.2, Avg: 418536617.2, Max: 418536617.2, Diff: 0.0]
   [Code Root Fixup: 0.0 ms]
   [Code Root Purge: 0.0 ms]
   [String Dedup Fixup: 2.5 ms, GC Workers: 10]
      [Queue Fixup (ms): Min: 0.0, Avg: 0.0, Max: 0.0, Diff: 0.0, Sum: 0.0]
      [Table Fixup (ms): Min: 1.7, Avg: 1.8, Max: 2.0, Diff: 0.4, Sum: 17.7]
   [Clear CT: 0.7 ms]
   [Other: 1.6 ms]
      [Choose CSet: 0.0 ms]
      [Ref Proc: 0.8 ms]
      [Ref Enq: 0.0 ms]
      [Redirty Cards: 0.7 ms]
      [Humongous Register: 0.0 ms]
      [Humongous Reclaim: 0.0 ms]
      [Free CSet: 0.0 ms]
   [Eden: 50176.0K(50176.0K)->0.0B(50176.0K) Survivors: 1024.0K->1024.0K Heap: 236.9M(267.0M)->187.7M(267.0M)]
 [Times: user=0.00 sys=0.00, real=0.01 secs] 
2020-12-18T07:42:10.051+0530: 418536.623: [GC concurrent-string-deduplication, 264.0B->264.0B(0.0B), avg 59.6%, 0.0000032 secs]
   [Last Exec: 0.0000032 secs, Idle: 315.6851613 secs, Blocked: 0/0.0000000 secs]
      [Inspected:               1]
         [Skipped:              0(  0.0%)]
         [Hashed:               1(100.0%)]
         [Known:                0(  0.0%)]
         [New:                  1(100.0%)    264.0B]
      [Deduplicated:            0(  0.0%)      0.0B(  0.0%)]
         [Young:                0(  0.0%)      0.0B(  0.0%)]
         [Old:                  0(  0.0%)      0.0B(  0.0%)]
   [Total Exec: 1649/0.8702472 secs, Idle: 1649/418535.2618350 secs, Blocked: 130/0.0925528 secs]
      [Inspected:         2931966]
         [Skipped:              0(  0.0%)]
         [Hashed:         1222659( 41.7%)]
         [Known:           189986(  6.5%)]
         [New:            2741980( 93.5%)    213.4M]
      [Deduplicated:      1919992( 70.0%)    127.3M( 59.6%)]
         [Young:           788674( 41.1%)  61833.0K( 47.4%)]
         [Old:            1131318( 58.9%)  68491.6K( 52.6%)]
   [Table]
      [Memory Usage: 8448.9K]
      [Size: 262144, Min: 1024, Max: 16777216]
      [Entries: 264032, Load: 100.7%, Cached: 9071, Added: 985643, Removed: 721611]
      [Resize Count: 8, Shrink Threshold: 174762(66.7%), Grow Threshold: 524288(200.0%)]
      [Rehash Count: 0, Rehash Threshold: 120, Hash Seed: 0x0]
      [Age Threshold: 3]
   [Queue]
      [Dropped: 0]
[GC concurrent-string-deduplication, deleted 0 entries, 0.0000007 secs]
2020-12-18T07:48:12.038+0530: 418898.609: [GC pause (G1 Evacuation Pause) (young), 0.0077358 secs]
   [Parallel Time: 2.4 ms, GC Workers: 10]
      [GC Worker Start (ms): Min: 418898608.7, Avg: 418898609.0, Max: 418898609.3, Diff: 0.6]
      [Ext Root Scanning (ms): Min: 0.5, Avg: 0.7, Max: 1.4, Diff: 1.0, Sum: 7.3]
      [Update RS (ms): Min: 0.2, Avg: 0.4, Max: 0.7, Diff: 0.5, Sum: 4.2]
         [Processed Buffers: Min: 1, Avg: 5.2, Max: 20, Diff: 19, Sum: 52]
      [Scan RS (ms): Min: 0.0, Avg: 0.0, Max: 0.0, Diff: 0.0, Sum: 0.0]
      [Code Root Scanning (ms): Min: 0.0, Avg: 0.0, Max: 0.0, Diff: 0.0, Sum: 0.0]
      [Object Copy (ms): Min: 0.0, Avg: 0.1, Max: 0.2, Diff: 0.2, Sum: 1.3]
      [Termination (ms): Min: 0.0, Avg: 0.2, Max: 0.2, Diff: 0.2, Sum: 1.9]
         [Termination Attempts: Min: 1, Avg: 1.8, Max: 3, Diff: 2, Sum: 18]
      [GC Worker Other (ms): Min: 0.0, Avg: 0.0, Max: 0.0, Diff: 0.0, Sum: 0.1]
      [GC Worker Total (ms): Min: 1.3, Avg: 1.5, Max: 1.8, Diff: 0.6, Sum: 14.8]
      [GC Worker End (ms): Min: 418898610.5, Avg: 418898610.5, Max: 418898610.5, Diff: 0.0]
   [Code Root Fixup: 0.0 ms]
   [Code Root Purge: 0.0 ms]
   [String Dedup Fixup: 2.4 ms, GC Workers: 10]
      [Queue Fixup (ms): Min: 0.0, Avg: 0.0, Max: 0.0, Diff: 0.0, Sum: 0.0]
      [Table Fixup (ms): Min: 1.8, Avg: 1.9, Max: 2.1, Diff: 0.3, Sum: 18.9]
   [Clear CT: 0.9 ms]
   [Other: 2.0 ms]
      [Choose CSet: 0.0 ms]
      [Ref Proc: 1.1 ms]
      [Ref Enq: 0.0 ms]
      [Redirty Cards: 0.7 ms]
      [Humongous Register: 0.0 ms]
      [Humongous Reclaim: 0.0 ms]
      [Free CSet: 0.0 ms]
   [Eden: 50176.0K(50176.0K)->0.0B(50176.0K) Survivors: 1024.0K->1024.0K Heap: 236.7M(267.0M)->188.1M(267.0M)]
 [Times: user=0.00 sys=0.00, real=0.01 secs] 
2020-12-18T07:48:12.045+0530: 418898.617: [GC concurrent-string-deduplication, 264.0B->264.0B(0.0B), avg 59.6%, 0.0000031 secs]
   [Last Exec: 0.0000031 secs, Idle: 361.9937978 secs, Blocked: 0/0.0000000 secs]
      [Inspected:               1]
         [Skipped:              0(  0.0%)]
         [Hashed:               1(100.0%)]
         [Known:                0(  0.0%)]
         [New:                  1(100.0%)    264.0B]
      [Deduplicated:            0(  0.0%)      0.0B(  0.0%)]
         [Young:                0(  0.0%)      0.0B(  0.0%)]
         [Old:                  0(  0.0%)      0.0B(  0.0%)]
   [Total Exec: 1650/0.8702503 secs, Idle: 1650/418897.2556328 secs, Blocked: 130/0.0925528 secs]
      [Inspected:         2931967]
         [Skipped:              0(  0.0%)]
         [Hashed:         1222660( 41.7%)]
         [Known:           189986(  6.5%)]
         [New:            2741981( 93.5%)    213.4M]
      [Deduplicated:      1919992( 70.0%)    127.3M( 59.6%)]
         [Young:           788674( 41.1%)  61833.0K( 47.4%)]
         [Old:            1131318( 58.9%)  68491.6K( 52.6%)]
   [Table]
      [Memory Usage: 8448.9K]
      [Size: 262144, Min: 1024, Max: 16777216]
      [Entries: 263994, Load: 100.7%, Cached: 9109, Added: 985644, Removed: 721650]
      [Resize Count: 8, Shrink Threshold: 174762(66.7%), Grow Threshold: 524288(200.0%)]
      [Rehash Count: 0, Rehash Threshold: 120, Hash Seed: 0x0]
      [Age Threshold: 3]
   [Queue]
      [Dropped: 0]
[GC concurrent-string-deduplication, deleted 0 entries, 0.0000007 secs]
2020-12-18T07:55:44.518+0530: 419351.089: [GC pause (G1 Evacuation Pause) (young) (initial-mark), 0.0079292 secs]
   [Parallel Time: 3.0 ms, GC Workers: 10]
      [GC Worker Start (ms): Min: 419351089.1, Avg: 419351089.3, Max: 419351089.5, Diff: 0.4]
      [Ext Root Scanning (ms): Min: 1.2, Avg: 1.5, Max: 1.8, Diff: 0.7, Sum: 14.9]
      [Update RS (ms): Min: 0.3, Avg: 0.4, Max: 0.7, Diff: 0.4, Sum: 4.4]
         [Processed Buffers: Min: 1, Avg: 6.0, Max: 19, Diff: 18, Sum: 60]
      [Scan RS (ms): Min: 0.0, Avg: 0.0, Max: 0.0, Diff: 0.0, Sum: 0.0]
      [Code Root Scanning (ms): Min: 0.0, Avg: 0.0, Max: 0.0, Diff: 0.0, Sum: 0.0]
      [Object Copy (ms): Min: 0.1, Avg: 0.2, Max: 0.2, Diff: 0.2, Sum: 1.6]
      [Termination (ms): Min: 0.0, Avg: 0.2, Max: 0.3, Diff: 0.3, Sum: 2.2]
         [Termination Attempts: Min: 1, Avg: 1.2, Max: 2, Diff: 1, Sum: 12]
      [GC Worker Other (ms): Min: 0.0, Avg: 0.0, Max: 0.0, Diff: 0.0, Sum: 0.1]
      [GC Worker Total (ms): Min: 2.2, Avg: 2.3, Max: 2.6, Diff: 0.4, Sum: 23.3]
      [GC Worker End (ms): Min: 419351091.6, Avg: 419351091.6, Max: 419351091.6, Diff: 0.0]
   [Code Root Fixup: 0.0 ms]
   [Code Root Purge: 0.0 ms]
   [String Dedup Fixup: 2.6 ms, GC Workers: 10]
      [Queue Fixup (ms): Min: 0.0, Avg: 0.0, Max: 0.0, Diff: 0.0, Sum: 0.0]
      [Table Fixup (ms): Min: 1.9, Avg: 2.0, Max: 2.2, Diff: 0.3, Sum: 20.2]
   [Clear CT: 0.8 ms]
   [Other: 1.4 ms]
      [Choose CSet: 0.0 ms]
      [Ref Proc: 0.6 ms]
      [Ref Enq: 0.0 ms]
      [Redirty Cards: 0.6 ms]
      [Humongous Register: 0.0 ms]
      [Humongous Reclaim: 0.0 ms]
      [Free CSet: 0.1 ms]
   [Eden: 50176.0K(50176.0K)->0.0B(50176.0K) Survivors: 1024.0K->1024.0K Heap: 237.1M(267.0M)->187.5M(267.0M)]
 [Times: user=0.00 sys=0.00, real=0.01 secs] 
2020-12-18T07:55:44.526+0530: 419351.097: [GC concurrent-string-deduplication, 264.0B->264.0B(0.0B), avg 59.6%, 0.0000040 secs]
   [Last Exec: 0.0000040 secs, Idle: 452.4803798 secs, Blocked: 0/0.0000000 secs]
2020-12-18T07:55:44.526+0530: 419351.097: [GC concurrent-root-region-scan-start]
      [Inspected:               1]
         [Skipped:              0(  0.0%)]
         [Hashed:               1(100.0%)]
         [Known:                0(  0.0%)]
         [New:                  1(100.0%)    264.0B]
      [Deduplicated:            0(  0.0%)      0.0B(  0.0%)]
         [Young:                0(  0.0%)      0.0B(  0.0%)]
         [Old:                  0(  0.0%)      0.0B(  0.0%)]
   [Total Exec: 1651/0.8702543 secs, Idle: 1651/419349.7360126 secs, Blocked: 130/0.0925528 secs]
      [Inspected:         2931968]
         [Skipped:              0(  0.0%)]
         [Hashed:         1222661( 41.7%)]
         [Known:           189986(  6.5%)]
         [New:            2741982( 93.5%)    213.4M]
      [Deduplicated:      1919992( 70.0%)    127.3M( 59.6%)]
         [Young:           788674( 41.1%)  61833.0K( 47.4%)]
         [Old:            1131318( 58.9%)  68491.6K( 52.6%)]
   [Table]
      [Memory Usage: 8448.9K]
      [Size: 262144, Min: 1024, Max: 16777216]
      [Entries: 263995, Load: 100.7%, Cached: 9108, Added: 985645, Removed: 721650]
      [Resize Count: 8, Shrink Threshold: 174762(66.7%), Grow Threshold: 524288(200.0%)]
      [Rehash Count: 0, Rehash Threshold: 120, Hash Seed: 0x0]
      [Age Threshold: 3]
   [Queue]
      [Dropped: 0]
[GC concurrent-string-deduplication, deleted 0 entries, 0.0000007 secs]
2020-12-18T07:55:44.528+0530: 419351.098: [GC concurrent-root-region-scan-end, 0.0014820 secs]
2020-12-18T07:55:44.528+0530: 419351.098: [GC concurrent-mark-start]
2020-12-18T07:55:44.603+0530: 419351.174: [GC concurrent-mark-end, 0.0755724 secs]
2020-12-18T07:55:44.604+0530: 419351.175: [GC remark 2020-12-18T07:55:44.604+0530: 419351.175: [Finalize Marking, 0.0003383 secs] 2020-12-18T07:55:44.604+0530: 419351.175: [GC ref-proc, 0.0005129 secs] 2020-12-18T07:55:44.604+0530: 419351.175: [Unloading, 0.0197295 secs], 0.0217006 secs]
 [Times: user=0.31 sys=0.00, real=0.02 secs] 
2020-12-18T07:55:44.626+0530: 419351.197: [GC cleanup 187M->187M(267M), 0.0038751 secs]
 [Times: user=0.00 sys=0.00, real=0.00 secs] 
2020-12-18T08:01:55.043+0530: 419721.614: [GC pause (G1 Evacuation Pause) (young), 0.0070309 secs]
   [Parallel Time: 2.2 ms, GC Workers: 10]
      [GC Worker Start (ms): Min: 419721614.5, Avg: 419721614.7, Max: 419721614.9, Diff: 0.4]
      [Ext Root Scanning (ms): Min: 0.5, Avg: 0.7, Max: 1.5, Diff: 1.0, Sum: 7.3]
      [Update RS (ms): Min: 0.0, Avg: 0.4, Max: 0.7, Diff: 0.7, Sum: 4.3]
         [Processed Buffers: Min: 0, Avg: 5.3, Max: 13, Diff: 13, Sum: 53]
      [Scan RS (ms): Min: 0.0, Avg: 0.0, Max: 0.0, Diff: 0.0, Sum: 0.0]
      [Code Root Scanning (ms): Min: 0.0, Avg: 0.0, Max: 0.0, Diff: 0.0, Sum: 0.0]
      [Object Copy (ms): Min: 0.0, Avg: 0.2, Max: 0.3, Diff: 0.3, Sum: 1.7]
      [Termination (ms): Min: 0.0, Avg: 0.1, Max: 0.2, Diff: 0.2, Sum: 1.5]
         [Termination Attempts: Min: 1, Avg: 1.0, Max: 1, Diff: 0, Sum: 10]
      [GC Worker Other (ms): Min: 0.0, Avg: 0.0, Max: 0.0, Diff: 0.0, Sum: 0.1]
      [GC Worker Total (ms): Min: 1.3, Avg: 1.5, Max: 1.7, Diff: 0.4, Sum: 14.8]
      [GC Worker End (ms): Min: 419721616.2, Avg: 419721616.2, Max: 419721616.2, Diff: 0.0]
   [Code Root Fixup: 0.0 ms]
   [Code Root Purge: 0.0 ms]
   [String Dedup Fixup: 2.5 ms, GC Workers: 10]
      [Queue Fixup (ms): Min: 0.0, Avg: 0.0, Max: 0.0, Diff: 0.0, Sum: 0.0]
      [Table Fixup (ms): Min: 1.6, Avg: 1.7, Max: 1.9, Diff: 0.2, Sum: 17.2]
   [Clear CT: 0.8 ms]
   [Other: 1.4 ms]
      [Choose CSet: 0.0 ms]
      [Ref Proc: 0.5 ms]
      [Ref Enq: 0.0 ms]
      [Redirty Cards: 0.7 ms]
      [Humongous Register: 0.0 ms]
      [Humongous Reclaim: 0.0 ms]
      [Free CSet: 0.1 ms]
   [Eden: 50176.0K(50176.0K)->0.0B(50176.0K) Survivors: 1024.0K->1024.0K Heap: 236.5M(267.0M)->187.6M(267.0M)]
 [Times: user=0.16 sys=0.00, real=0.01 secs] 
2020-12-18T08:01:55.050+0530: 419721.622: [GC concurrent-string-deduplication, 1624.0B->984.0B(640.0B), avg 59.6%, 0.0000150 secs]
   [Last Exec: 0.0000150 secs, Idle: 370.5245961 secs, Blocked: 0/0.0000000 secs]
      [Inspected:              27]
         [Skipped:              0(  0.0%)]
         [Hashed:              23( 85.2%)]
         [Known:                0(  0.0%)]
         [New:                 27(100.0%)   1624.0B]
      [Deduplicated:           18( 66.7%)    640.0B( 39.4%)]
         [Young:               18(100.0%)    640.0B(100.0%)]
         [Old:                  0(  0.0%)      0.0B(  0.0%)]
   [Total Exec: 1652/0.8702693 secs, Idle: 1652/419720.2606087 secs, Blocked: 130/0.0925528 secs]
      [Inspected:         2931995]
         [Skipped:              0(  0.0%)]
         [Hashed:         1222684( 41.7%)]
         [Known:           189986(  6.5%)]
         [New:            2742009( 93.5%)    213.4M]
      [Deduplicated:      1920010( 70.0%)    127.3M( 59.6%)]
         [Young:           788692( 41.1%)  61833.6K( 47.4%)]
         [Old:            1131318( 58.9%)  68491.6K( 52.6%)]
   [Table]
      [Memory Usage: 8448.9K]
      [Size: 262144, Min: 1024, Max: 16777216]
      [Entries: 263994, Load: 100.7%, Cached: 9109, Added: 985728, Removed: 721734]
      [Resize Count: 8, Shrink Threshold: 174762(66.7%), Grow Threshold: 524288(200.0%)]
      [Rehash Count: 0, Rehash Threshold: 120, Hash Seed: 0x0]
      [Age Threshold: 3]
   [Queue]
      [Dropped: 0]
[GC concurrent-string-deduplication, deleted 0 entries, 0.0000005 secs]
2020-12-18T08:06:55.216+0530: 420021.787: [GC pause (G1 Evacuation Pause) (young), 0.0074436 secs]
   [Parallel Time: 2.1 ms, GC Workers: 10]
      [GC Worker Start (ms): Min: 420021787.2, Avg: 420021787.4, Max: 420021787.6, Diff: 0.4]
      [Ext Root Scanning (ms): Min: 0.5, Avg: 0.8, Max: 1.5, Diff: 1.0, Sum: 7.8]
      [Update RS (ms): Min: 0.0, Avg: 0.4, Max: 0.7, Diff: 0.7, Sum: 3.9]
         [Processed Buffers: Min: 0, Avg: 4.6, Max: 11, Diff: 11, Sum: 46]
      [Scan RS (ms): Min: 0.0, Avg: 0.0, Max: 0.0, Diff: 0.0, Sum: 0.0]
      [Code Root Scanning (ms): Min: 0.0, Avg: 0.0, Max: 0.0, Diff: 0.0, Sum: 0.0]
      [Object Copy (ms): Min: 0.0, Avg: 0.2, Max: 0.3, Diff: 0.3, Sum: 1.7]
      [Termination (ms): Min: 0.0, Avg: 0.1, Max: 0.2, Diff: 0.2, Sum: 1.4]
         [Termination Attempts: Min: 1, Avg: 1.0, Max: 1, Diff: 0, Sum: 10]
      [GC Worker Other (ms): Min: 0.0, Avg: 0.0, Max: 0.0, Diff: 0.0, Sum: 0.1]
      [GC Worker Total (ms): Min: 1.3, Avg: 1.5, Max: 1.7, Diff: 0.4, Sum: 15.0]
      [GC Worker End (ms): Min: 420021788.9, Avg: 420021788.9, Max: 420021788.9, Diff: 0.0]
   [Code Root Fixup: 0.0 ms]
   [Code Root Purge: 0.0 ms]
   [String Dedup Fixup: 3.1 ms, GC Workers: 10]
      [Queue Fixup (ms): Min: 0.0, Avg: 0.0, Max: 0.0, Diff: 0.0, Sum: 0.0]
      [Table Fixup (ms): Min: 2.4, Avg: 2.5, Max: 2.6, Diff: 0.2, Sum: 25.1]
   [Clear CT: 0.8 ms]
   [Other: 1.4 ms]
      [Choose CSet: 0.0 ms]
      [Ref Proc: 0.6 ms]
      [Ref Enq: 0.0 ms]
      [Redirty Cards: 0.6 ms]
      [Humongous Register: 0.0 ms]
      [Humongous Reclaim: 0.0 ms]
      [Free CSet: 0.1 ms]
   [Eden: 50176.0K(50176.0K)->0.0B(50176.0K) Survivors: 1024.0K->1024.0K Heap: 236.6M(267.0M)->187.6M(267.0M)]
 [Times: user=0.02 sys=0.00, real=0.01 secs] 
2020-12-18T08:06:55.224+0530: 420021.795: [GC concurrent-string-deduplication, 2312.0B->2240.0B(72.0B), avg 59.6%, 0.0000084 secs]
   [Last Exec: 0.0000084 secs, Idle: 300.1730267 secs, Blocked: 0/0.0000000 secs]
      [Inspected:               9]
         [Skipped:              0(  0.0%)]
         [Hashed:               8( 88.9%)]
         [Known:                0(  0.0%)]
         [New:                  9(100.0%)   2312.0B]
      [Deduplicated:            1( 11.1%)     72.0B(  3.1%)]
         [Young:                1(100.0%)     72.0B(100.0%)]
         [Old:                  0(  0.0%)      0.0B(  0.0%)]
   [Total Exec: 1653/0.8702777 secs, Idle: 1653/420020.4336354 secs, Blocked: 130/0.0925528 secs]
      [Inspected:         2932004]
         [Skipped:              0(  0.0%)]
         [Hashed:         1222692( 41.7%)]
         [Known:           189986(  6.5%)]
         [New:            2742018( 93.5%)    213.4M]
      [Deduplicated:      1920011( 70.0%)    127.3M( 59.6%)]
         [Young:           788693( 41.1%)  61833.7K( 47.4%)]
         [Old:            1131318( 58.9%)  68491.6K( 52.6%)]
   [Table]
      [Memory Usage: 8448.9K]
      [Size: 262144, Min: 1024, Max: 16777216]
      [Entries: 264002, Load: 100.7%, Cached: 9101, Added: 985736, Removed: 721734]
      [Resize Count: 8, Shrink Threshold: 174762(66.7%), Grow Threshold: 524288(200.0%)]
      [Rehash Count: 0, Rehash Threshold: 120, Hash Seed: 0x0]
      [Age Threshold: 3]
   [Queue]
      [Dropped: 0]
[GC concurrent-string-deduplication, deleted 0 entries, 0.0000006 secs]
2020-12-18T08:11:55.397+0530: 420321.968: [GC pause (G1 Evacuation Pause) (young) (initial-mark), 0.0101655 secs]
   [Parallel Time: 5.4 ms, GC Workers: 10]
      [GC Worker Start (ms): Min: 420321968.1, Avg: 420321968.4, Max: 420321968.6, Diff: 0.4]
      [Ext Root Scanning (ms): Min: 1.4, Avg: 1.7, Max: 1.9, Diff: 0.5, Sum: 16.8]
      [Update RS (ms): Min: 0.0, Avg: 0.5, Max: 0.9, Diff: 0.9, Sum: 4.8]
         [Processed Buffers: Min: 0, Avg: 5.6, Max: 13, Diff: 13, Sum: 56]
      [Scan RS (ms): Min: 0.0, Avg: 0.0, Max: 0.0, Diff: 0.0, Sum: 0.0]
      [Code Root Scanning (ms): Min: 0.0, Avg: 0.0, Max: 0.0, Diff: 0.0, Sum: 0.0]
      [Object Copy (ms): Min: 0.0, Avg: 0.5, Max: 3.5, Diff: 3.5, Sum: 5.3]
      [Termination (ms): Min: 0.0, Avg: 2.3, Max: 2.6, Diff: 2.6, Sum: 23.5]
         [Termination Attempts: Min: 1, Avg: 1.5, Max: 2, Diff: 1, Sum: 15]
      [GC Worker Other (ms): Min: 0.0, Avg: 0.0, Max: 0.0, Diff: 0.0, Sum: 0.1]
      [GC Worker Total (ms): Min: 4.9, Avg: 5.1, Max: 5.3, Diff: 0.5, Sum: 50.5]
      [GC Worker End (ms): Min: 420321973.4, Avg: 420321973.5, Max: 420321973.5, Diff: 0.0]
   [Code Root Fixup: 0.0 ms]
   [Code Root Purge: 0.0 ms]
   [String Dedup Fixup: 2.5 ms, GC Workers: 10]
      [Queue Fixup (ms): Min: 0.0, Avg: 0.0, Max: 0.0, Diff: 0.0, Sum: 0.0]
      [Table Fixup (ms): Min: 1.8, Avg: 1.9, Max: 2.0, Diff: 0.3, Sum: 18.6]
   [Clear CT: 0.8 ms]
   [Other: 1.4 ms]
      [Choose CSet: 0.0 ms]
      [Ref Proc: 0.4 ms]
      [Ref Enq: 0.0 ms]
      [Redirty Cards: 0.8 ms]
      [Humongous Register: 0.0 ms]
      [Humongous Reclaim: 0.0 ms]
      [Free CSet: 0.0 ms]
   [Eden: 50176.0K(50176.0K)->0.0B(50176.0K) Survivors: 1024.0K->1024.0K Heap: 236.6M(267.0M)->187.7M(267.0M)]
 [Times: user=0.00 sys=0.00, real=0.01 secs] 
2020-12-18T08:11:55.408+0530: 420321.978: [GC concurrent-root-region-scan-start]
2020-12-18T08:11:55.408+0530: 420321.978: [GC concurrent-string-deduplication, 264.0B->264.0B(0.0B), avg 59.6%, 0.0000213 secs]
   [Last Exec: 0.0000213 secs, Idle: 300.1835707 secs, Blocked: 0/0.0000000 secs]
      [Inspected:              78]
         [Skipped:              0(  0.0%)]
         [Hashed:               1(  1.3%)]
         [Known:               77( 98.7%)]
         [New:                  1(  1.3%)    264.0B]
      [Deduplicated:            0(  0.0%)      0.0B(  0.0%)]
         [Young:                0(  0.0%)      0.0B(  0.0%)]
         [Old:                  0(  0.0%)      0.0B(  0.0%)]
   [Total Exec: 1654/0.8702990 secs, Idle: 1654/420320.6172061 secs, Blocked: 130/0.0925528 secs]
      [Inspected:         2932082]
         [Skipped:              0(  0.0%)]
         [Hashed:         1222693( 41.7%)]
         [Known:           190063(  6.5%)]
         [New:            2742019( 93.5%)    213.4M]
      [Deduplicated:      1920011( 70.0%)    127.3M( 59.6%)]
         [Young:           788693( 41.1%)  61833.7K( 47.4%)]
         [Old:            1131318( 58.9%)  68491.6K( 52.6%)]
   [Table]
      [Memory Usage: 8448.9K]
      [Size: 262144, Min: 1024, Max: 16777216]
      [Entries: 264003, Load: 100.7%, Cached: 9100, Added: 985737, Removed: 721734]
      [Resize Count: 8, Shrink Threshold: 174762(66.7%), Grow Threshold: 524288(200.0%)]
      [Rehash Count: 0, Rehash Threshold: 120, Hash Seed: 0x0]
      [Age Threshold: 3]
   [Queue]
      [Dropped: 0]
[GC concurrent-string-deduplication, deleted 0 entries, 0.0000009 secs]
2020-12-18T08:11:55.409+0530: 420321.980: [GC concurrent-root-region-scan-end, 0.0016176 secs]
2020-12-18T08:11:55.409+0530: 420321.980: [GC concurrent-mark-start]
2020-12-18T08:11:55.490+0530: 420322.061: [GC concurrent-mark-end, 0.0810805 secs]
2020-12-18T08:11:55.491+0530: 420322.062: [GC remark 2020-12-18T08:11:55.491+0530: 420322.062: [Finalize Marking, 0.0007085 secs] 2020-12-18T08:11:55.491+0530: 420322.062: [GC ref-proc, 0.0005051 secs] 2020-12-18T08:11:55.492+0530: 420322.063: [Unloading, 0.0189202 secs], 0.0209598 secs]
 [Times: user=0.16 sys=0.00, real=0.02 secs] 
2020-12-18T08:11:55.512+0530: 420322.083: [GC cleanup 192M->192M(267M), 0.0031545 secs]
 [Times: user=0.00 sys=0.00, real=0.00 secs] 
2020-12-18T08:17:46.697+0530: 420673.267: [GC pause (G1 Evacuation Pause) (young), 0.0099577 secs]
   [Parallel Time: 5.1 ms, GC Workers: 10]
      [GC Worker Start (ms): Min: 420673267.5, Avg: 420673267.8, Max: 420673268.1, Diff: 0.5]
      [Ext Root Scanning (ms): Min: 1.7, Avg: 2.0, Max: 2.6, Diff: 0.9, Sum: 20.3]
      [Update RS (ms): Min: 1.2, Avg: 1.3, Max: 1.5, Diff: 0.3, Sum: 13.1]
         [Processed Buffers: Min: 1, Avg: 5.2, Max: 12, Diff: 11, Sum: 52]
      [Scan RS (ms): Min: 0.0, Avg: 0.0, Max: 0.1, Diff: 0.1, Sum: 0.1]
      [Code Root Scanning (ms): Min: 0.0, Avg: 0.0, Max: 0.0, Diff: 0.0, Sum: 0.0]
      [Object Copy (ms): Min: 0.1, Avg: 0.3, Max: 0.5, Diff: 0.4, Sum: 3.4]
      [Termination (ms): Min: 0.0, Avg: 0.2, Max: 0.2, Diff: 0.2, Sum: 1.7]
         [Termination Attempts: Min: 1, Avg: 2.2, Max: 5, Diff: 4, Sum: 22]
      [GC Worker Other (ms): Min: 0.0, Avg: 0.0, Max: 0.0, Diff: 0.0, Sum: 0.2]
      [GC Worker Total (ms): Min: 3.6, Avg: 3.9, Max: 4.2, Diff: 0.5, Sum: 38.8]
      [GC Worker End (ms): Min: 420673271.7, Avg: 420673271.7, Max: 420673271.7, Diff: 0.0]
   [Code Root Fixup: 0.0 ms]
   [Code Root Purge: 0.0 ms]
   [String Dedup Fixup: 2.4 ms, GC Workers: 10]
      [Queue Fixup (ms): Min: 0.0, Avg: 0.0, Max: 0.0, Diff: 0.0, Sum: 0.0]
      [Table Fixup (ms): Min: 1.6, Avg: 1.8, Max: 2.0, Diff: 0.3, Sum: 17.7]
   [Clear CT: 0.7 ms]
   [Other: 1.7 ms]
      [Choose CSet: 0.0 ms]
      [Ref Proc: 0.8 ms]
      [Ref Enq: 0.0 ms]
      [Redirty Cards: 0.7 ms]
      [Humongous Register: 0.0 ms]
      [Humongous Reclaim: 0.0 ms]
      [Free CSet: 0.0 ms]
   [Eden: 50176.0K(50176.0K)->0.0B(50176.0K) Survivors: 1024.0K->1024.0K Heap: 236.7M(267.0M)->187.5M(267.0M)]
 [Times: user=0.16 sys=0.00, real=0.01 secs] 
2020-12-18T08:17:46.707+0530: 420673.277: [GC concurrent-string-deduplication, 264.0B->264.0B(0.0B), avg 59.6%, 0.0000031 secs]
   [Last Exec: 0.0000031 secs, Idle: 351.2989546 secs, Blocked: 0/0.0000000 secs]
      [Inspected:               1]
         [Skipped:              0(  0.0%)]
         [Hashed:               1(100.0%)]
         [Known:                0(  0.0%)]
         [New:                  1(100.0%)    264.0B]
      [Deduplicated:            0(  0.0%)      0.0B(  0.0%)]
         [Young:                0(  0.0%)      0.0B(  0.0%)]
         [Old:                  0(  0.0%)      0.0B(  0.0%)]
   [Total Exec: 1655/0.8703021 secs, Idle: 1655/420671.9161607 secs, Blocked: 130/0.0925528 secs]
      [Inspected:         2932083]
         [Skipped:              0(  0.0%)]
         [Hashed:         1222694( 41.7%)]
         [Known:           190063(  6.5%)]
         [New:            2742020( 93.5%)    213.4M]
      [Deduplicated:      1920011( 70.0%)    127.3M( 59.6%)]
         [Young:           788693( 41.1%)  61833.7K( 47.4%)]
         [Old:            1131318( 58.9%)  68491.6K( 52.6%)]
   [Table]
      [Memory Usage: 8448.9K]
      [Size: 262144, Min: 1024, Max: 16777216]
      [Entries: 263986, Load: 100.7%, Cached: 9117, Added: 985738, Removed: 721752]
      [Resize Count: 8, Shrink Threshold: 174762(66.7%), Grow Threshold: 524288(200.0%)]
      [Rehash Count: 0, Rehash Threshold: 120, Hash Seed: 0x0]
      [Age Threshold: 3]
   [Queue]
      [Dropped: 0]
[GC concurrent-string-deduplication, deleted 0 entries, 0.0000006 secs]
2020-12-18T08:21:55.720+0530: 420922.290: [GC pause (G1 Evacuation Pause) (young), 0.0093274 secs]
   [Parallel Time: 2.2 ms, GC Workers: 10]
      [GC Worker Start (ms): Min: 420922290.5, Avg: 420922290.7, Max: 420922290.9, Diff: 0.4]
      [Ext Root Scanning (ms): Min: 0.4, Avg: 0.7, Max: 1.4, Diff: 1.0, Sum: 6.7]
      [Update RS (ms): Min: 0.0, Avg: 0.4, Max: 0.8, Diff: 0.8, Sum: 4.3]
         [Processed Buffers: Min: 0, Avg: 5.5, Max: 13, Diff: 13, Sum: 55]
      [Scan RS (ms): Min: 0.0, Avg: 0.0, Max: 0.0, Diff: 0.0, Sum: 0.0]
      [Code Root Scanning (ms): Min: 0.0, Avg: 0.0, Max: 0.0, Diff: 0.0, Sum: 0.0]
      [Object Copy (ms): Min: 0.0, Avg: 0.2, Max: 0.3, Diff: 0.3, Sum: 1.9]
      [Termination (ms): Min: 0.0, Avg: 0.2, Max: 0.2, Diff: 0.2, Sum: 1.9]
         [Termination Attempts: Min: 1, Avg: 1.4, Max: 2, Diff: 1, Sum: 14]
      [GC Worker Other (ms): Min: 0.0, Avg: 0.0, Max: 0.0, Diff: 0.0, Sum: 0.1]
      [GC Worker Total (ms): Min: 1.3, Avg: 1.5, Max: 1.7, Diff: 0.4, Sum: 15.0]
      [GC Worker End (ms): Min: 420922292.2, Avg: 420922292.2, Max: 420922292.2, Diff: 0.0]
   [Code Root Fixup: 0.0 ms]
   [Code Root Purge: 0.0 ms]
   [String Dedup Fixup: 2.4 ms, GC Workers: 10]
      [Queue Fixup (ms): Min: 0.0, Avg: 0.0, Max: 0.0, Diff: 0.0, Sum: 0.0]
      [Table Fixup (ms): Min: 1.7, Avg: 1.8, Max: 1.9, Diff: 0.2, Sum: 17.9]
   [Clear CT: 0.8 ms]
   [Other: 3.8 ms]
      [Choose CSet: 0.0 ms]
      [Ref Proc: 2.8 ms]
      [Ref Enq: 0.0 ms]
      [Redirty Cards: 0.8 ms]
      [Humongous Register: 0.0 ms]
      [Humongous Reclaim: 0.0 ms]
      [Free CSet: 0.1 ms]
   [Eden: 50176.0K(50176.0K)->0.0B(46080.0K) Survivors: 1024.0K->3072.0K Heap: 236.5M(267.0M)->190.3M(267.0M)]
 [Times: user=0.00 sys=0.00, real=0.01 secs] 
2020-12-18T08:21:55.729+0530: 420922.300: [GC concurrent-string-deduplication, 264.0B->264.0B(0.0B), avg 59.6%, 0.0000030 secs]
   [Last Exec: 0.0000030 secs, Idle: 249.0224730 secs, Blocked: 0/0.0000000 secs]
      [Inspected:               1]
         [Skipped:              0(  0.0%)]
         [Hashed:               1(100.0%)]
         [Known:                0(  0.0%)]
         [New:                  1(100.0%)    264.0B]
      [Deduplicated:            0(  0.0%)      0.0B(  0.0%)]
         [Young:                0(  0.0%)      0.0B(  0.0%)]
         [Old:                  0(  0.0%)      0.0B(  0.0%)]
   [Total Exec: 1656/0.8703051 secs, Idle: 1656/420920.9386337 secs, Blocked: 130/0.0925528 secs]
      [Inspected:         2932084]
         [Skipped:              0(  0.0%)]
         [Hashed:         1222695( 41.7%)]
         [Known:           190063(  6.5%)]
         [New:            2742021( 93.5%)    213.4M]
      [Deduplicated:      1920011( 70.0%)    127.3M( 59.6%)]
         [Young:           788693( 41.1%)  61833.7K( 47.4%)]
         [Old:            1131318( 58.9%)  68491.6K( 52.6%)]
   [Table]
      [Memory Usage: 8448.9K]
      [Size: 262144, Min: 1024, Max: 16777216]
      [Entries: 263994, Load: 100.7%, Cached: 9109, Added: 985746, Removed: 721752]
      [Resize Count: 8, Shrink Threshold: 174762(66.7%), Grow Threshold: 524288(200.0%)]
      [Rehash Count: 0, Rehash Threshold: 120, Hash Seed: 0x0]
      [Age Threshold: 3]
   [Queue]
      [Dropped: 0]
[GC concurrent-string-deduplication, deleted 0 entries, 0.0000006 secs]
2020-12-18T08:27:10.474+0530: 421237.045: [GC pause (G1 Evacuation Pause) (young) (initial-mark), 0.0109527 secs]
   [Parallel Time: 5.6 ms, GC Workers: 10]
      [GC Worker Start (ms): Min: 421237045.0, Avg: 421237045.4, Max: 421237045.7, Diff: 0.6]
      [Ext Root Scanning (ms): Min: 2.2, Avg: 2.5, Max: 3.0, Diff: 0.8, Sum: 25.2]
      [Update RS (ms): Min: 0.6, Avg: 0.8, Max: 1.2, Diff: 0.6, Sum: 7.8]
         [Processed Buffers: Min: 1, Avg: 5.2, Max: 16, Diff: 15, Sum: 52]
      [Scan RS (ms): Min: 0.0, Avg: 0.0, Max: 0.0, Diff: 0.0, Sum: 0.1]
      [Code Root Scanning (ms): Min: 0.0, Avg: 0.0, Max: 0.0, Diff: 0.0, Sum: 0.0]
      [Object Copy (ms): Min: 0.1, Avg: 0.4, Max: 0.5, Diff: 0.4, Sum: 3.7]
      [Termination (ms): Min: 0.0, Avg: 0.4, Max: 0.4, Diff: 0.4, Sum: 3.7]
         [Termination Attempts: Min: 1, Avg: 1.1, Max: 2, Diff: 1, Sum: 11]
      [GC Worker Other (ms): Min: 0.0, Avg: 0.0, Max: 0.1, Diff: 0.1, Sum: 0.2]
      [GC Worker Total (ms): Min: 3.8, Avg: 4.1, Max: 4.4, Diff: 0.6, Sum: 40.7]
      [GC Worker End (ms): Min: 421237049.4, Avg: 421237049.4, Max: 421237049.5, Diff: 0.0]
   [Code Root Fixup: 0.0 ms]
   [Code Root Purge: 0.0 ms]
   [String Dedup Fixup: 2.8 ms, GC Workers: 10]
      [Queue Fixup (ms): Min: 0.0, Avg: 0.0, Max: 0.0, Diff: 0.0, Sum: 0.0]
      [Table Fixup (ms): Min: 2.0, Avg: 2.1, Max: 2.3, Diff: 0.3, Sum: 21.0]
   [Clear CT: 0.8 ms]
   [Other: 1.8 ms]
      [Choose CSet: 0.0 ms]
      [Ref Proc: 0.7 ms]
      [Ref Enq: 0.0 ms]
      [Redirty Cards: 0.8 ms]
      [Humongous Register: 0.0 ms]
      [Humongous Reclaim: 0.0 ms]
      [Free CSet: 0.0 ms]
   [Eden: 46080.0K(46080.0K)->0.0B(50176.0K) Survivors: 3072.0K->1024.0K Heap: 235.3M(267.0M)->187.8M(267.0M)]
 [Times: user=0.00 sys=0.00, real=0.01 secs] 
2020-12-18T08:27:10.485+0530: 421237.056: [GC concurrent-root-region-scan-start]
2020-12-18T08:27:10.485+0530: 421237.056: [GC concurrent-string-deduplication, 264.0B->264.0B(0.0B), avg 59.6%, 0.0000036 secs]
   [Last Exec: 0.0000036 secs, Idle: 314.7559915 secs, Blocked: 0/0.0000000 secs]
      [Inspected:               1]
         [Skipped:              0(  0.0%)]
         [Hashed:               1(100.0%)]
         [Known:                0(  0.0%)]
         [New:                  1(100.0%)    264.0B]
      [Deduplicated:            0(  0.0%)      0.0B(  0.0%)]
         [Young:                0(  0.0%)      0.0B(  0.0%)]
         [Old:                  0(  0.0%)      0.0B(  0.0%)]
   [Total Exec: 1657/0.8703087 secs, Idle: 1657/421235.6946252 secs, Blocked: 130/0.0925528 secs]
      [Inspected:         2932085]
         [Skipped:              0(  0.0%)]
         [Hashed:         1222696( 41.7%)]
         [Known:           190063(  6.5%)]
         [New:            2742022( 93.5%)    213.4M]
      [Deduplicated:      1920011( 70.0%)    127.3M( 59.6%)]
         [Young:           788693( 41.1%)  61833.7K( 47.4%)]
         [Old:            1131318( 58.9%)  68491.6K( 52.6%)]
   [Table]
      [Memory Usage: 8448.9K]
      [Size: 262144, Min: 1024, Max: 16777216]
      [Entries: 263995, Load: 100.7%, Cached: 9108, Added: 985747, Removed: 721752]
      [Resize Count: 8, Shrink Threshold: 174762(66.7%), Grow Threshold: 524288(200.0%)]
      [Rehash Count: 0, Rehash Threshold: 120, Hash Seed: 0x0]
      [Age Threshold: 3]
   [Queue]
      [Dropped: 0]
[GC concurrent-string-deduplication, deleted 0 entries, 0.0000007 secs]
2020-12-18T08:27:10.486+0530: 421237.057: [GC concurrent-root-region-scan-end, 0.0015464 secs]
2020-12-18T08:27:10.486+0530: 421237.057: [GC concurrent-mark-start]
2020-12-18T08:27:10.568+0530: 421237.139: [GC concurrent-mark-end, 0.0812440 secs]
2020-12-18T08:27:10.568+0530: 421237.139: [GC remark 2020-12-18T08:27:10.568+0530: 421237.139: [Finalize Marking, 0.0006875 secs] 2020-12-18T08:27:10.569+0530: 421237.140: [GC ref-proc, 0.0004963 secs] 2020-12-18T08:27:10.569+0530: 421237.140: [Unloading, 0.0194104 secs], 0.0213520 secs]
 [Times: user=0.16 sys=0.00, real=0.02 secs] 
2020-12-18T08:27:10.590+0530: 421237.161: [GC cleanup 190M->190M(267M), 0.0024590 secs]
 [Times: user=0.00 sys=0.00, real=0.00 secs] 
2020-12-18T08:35:05.610+0530: 421712.181: [GC pause (G1 Evacuation Pause) (young), 0.0115718 secs]
   [Parallel Time: 7.2 ms, GC Workers: 10]
      [GC Worker Start (ms): Min: 421712181.4, Avg: 421712181.9, Max: 421712182.3, Diff: 0.8]
      [Ext Root Scanning (ms): Min: 1.6, Avg: 2.1, Max: 2.9, Diff: 1.3, Sum: 21.3]
      [Update RS (ms): Min: 1.5, Avg: 1.9, Max: 3.6, Diff: 2.1, Sum: 19.4]
         [Processed Buffers: Min: 1, Avg: 5.6, Max: 24, Diff: 23, Sum: 56]
      [Scan RS (ms): Min: 0.0, Avg: 0.0, Max: 0.0, Diff: 0.0, Sum: 0.2]
      [Code Root Scanning (ms): Min: 0.0, Avg: 0.0, Max: 0.0, Diff: 0.0, Sum: 0.0]
      [Object Copy (ms): Min: 0.2, Avg: 0.6, Max: 0.8, Diff: 0.6, Sum: 6.5]
      [Termination (ms): Min: 0.0, Avg: 1.3, Max: 1.6, Diff: 1.6, Sum: 13.4]
         [Termination Attempts: Min: 1, Avg: 7.5, Max: 13, Diff: 12, Sum: 75]
      [GC Worker Other (ms): Min: 0.0, Avg: 0.0, Max: 0.0, Diff: 0.0, Sum: 0.2]
      [GC Worker Total (ms): Min: 5.7, Avg: 6.1, Max: 6.5, Diff: 0.8, Sum: 61.0]
      [GC Worker End (ms): Min: 421712188.0, Avg: 421712188.0, Max: 421712188.0, Diff: 0.0]
   [Code Root Fixup: 0.0 ms]
   [Code Root Purge: 0.0 ms]
   [String Dedup Fixup: 2.2 ms, GC Workers: 10]
      [Queue Fixup (ms): Min: 0.0, Avg: 0.0, Max: 0.0, Diff: 0.0, Sum: 0.0]
      [Table Fixup (ms): Min: 1.6, Avg: 1.7, Max: 1.9, Diff: 0.3, Sum: 17.1]
   [Clear CT: 0.9 ms]
   [Other: 1.2 ms]
      [Choose CSet: 0.0 ms]
      [Ref Proc: 0.3 ms]
      [Ref Enq: 0.0 ms]
      [Redirty Cards: 0.6 ms]
      [Humongous Register: 0.0 ms]
      [Humongous Reclaim: 0.0 ms]
      [Free CSet: 0.0 ms]
   [Eden: 50176.0K(50176.0K)->0.0B(50176.0K) Survivors: 1024.0K->1024.0K Heap: 236.8M(267.0M)->187.8M(267.0M)]
 [Times: user=0.00 sys=0.00, real=0.01 secs] 
2020-12-18T08:35:05.622+0530: 421712.193: [GC concurrent-string-deduplication, 9928.0B->7680.0B(2248.0B), avg 59.6%, 0.0000334 secs]
   [Last Exec: 0.0000334 secs, Idle: 475.1367254 secs, Blocked: 0/0.0000000 secs]
      [Inspected:             121]
         [Skipped:              0(  0.0%)]
         [Hashed:             103( 85.1%)]
         [Known:                7(  5.8%)]
         [New:                114( 94.2%)   9928.0B]
      [Deduplicated:           67( 58.8%)   2248.0B( 22.6%)]
         [Young:               67(100.0%)   2248.0B(100.0%)]
         [Old:                  0(  0.0%)      0.0B(  0.0%)]
   [Total Exec: 1658/0.8703421 secs, Idle: 1658/421710.8313506 secs, Blocked: 130/0.0925528 secs]
      [Inspected:         2932206]
         [Skipped:              0(  0.0%)]
         [Hashed:         1222799( 41.7%)]
         [Known:           190070(  6.5%)]
         [New:            2742136( 93.5%)    213.4M]
      [Deduplicated:      1920078( 70.0%)    127.3M( 59.6%)]
         [Young:           788760( 41.1%)  61835.9K( 47.4%)]
         [Old:            1131318( 58.9%)  68491.6K( 52.6%)]
   [Table]
      [Memory Usage: 8448.9K]
      [Size: 262144, Min: 1024, Max: 16777216]
      [Entries: 264009, Load: 100.7%, Cached: 9094, Added: 985794, Removed: 721785]
      [Resize Count: 8, Shrink Threshold: 174762(66.7%), Grow Threshold: 524288(200.0%)]
      [Rehash Count: 0, Rehash Threshold: 120, Hash Seed: 0x0]
      [Age Threshold: 3]
   [Queue]
      [Dropped: 0]
[GC concurrent-string-deduplication, deleted 0 entries, 0.0000009 secs]
2020-12-18T08:41:56.289+0530: 422122.860: [GC pause (G1 Evacuation Pause) (young), 0.0098595 secs]
   [Parallel Time: 5.0 ms, GC Workers: 10]
      [GC Worker Start (ms): Min: 422122860.2, Avg: 422122860.5, Max: 422122860.8, Diff: 0.6]
      [Ext Root Scanning (ms): Min: 0.4, Avg: 0.8, Max: 1.5, Diff: 1.0, Sum: 7.7]
      [Update RS (ms): Min: 0.1, Avg: 0.7, Max: 3.3, Diff: 3.2, Sum: 7.4]
         [Processed Buffers: Min: 1, Avg: 5.9, Max: 16, Diff: 15, Sum: 59]
      [Scan RS (ms): Min: 0.0, Avg: 0.0, Max: 0.0, Diff: 0.0, Sum: 0.0]
      [Code Root Scanning (ms): Min: 0.0, Avg: 0.0, Max: 0.0, Diff: 0.0, Sum: 0.0]
      [Object Copy (ms): Min: 0.1, Avg: 0.2, Max: 0.4, Diff: 0.3, Sum: 2.2]
      [Termination (ms): Min: 0.0, Avg: 2.4, Max: 2.7, Diff: 2.7, Sum: 24.0]
         [Termination Attempts: Min: 1, Avg: 6.6, Max: 12, Diff: 11, Sum: 66]
      [GC Worker Other (ms): Min: 0.0, Avg: 0.0, Max: 0.0, Diff: 0.0, Sum: 0.1]
      [GC Worker Total (ms): Min: 3.8, Avg: 4.1, Max: 4.4, Diff: 0.6, Sum: 41.4]
      [GC Worker End (ms): Min: 422122864.6, Avg: 422122864.6, Max: 422122864.6, Diff: 0.0]
   [Code Root Fixup: 0.0 ms]
   [Code Root Purge: 0.0 ms]
   [String Dedup Fixup: 2.4 ms, GC Workers: 10]
      [Queue Fixup (ms): Min: 0.0, Avg: 0.0, Max: 0.0, Diff: 0.0, Sum: 0.0]
      [Table Fixup (ms): Min: 1.6, Avg: 1.8, Max: 1.9, Diff: 0.3, Sum: 17.6]
   [Clear CT: 0.9 ms]
   [Other: 1.7 ms]
      [Choose CSet: 0.0 ms]
      [Ref Proc: 0.8 ms]
      [Ref Enq: 0.0 ms]
      [Redirty Cards: 0.7 ms]
      [Humongous Register: 0.0 ms]
      [Humongous Reclaim: 0.0 ms]
      [Free CSet: 0.1 ms]
   [Eden: 50176.0K(50176.0K)->0.0B(50176.0K) Survivors: 1024.0K->1024.0K Heap: 236.8M(267.0M)->187.9M(267.0M)]
 [Times: user=0.16 sys=0.00, real=0.01 secs] 
2020-12-18T08:41:56.300+0530: 422122.870: [GC concurrent-string-deduplication, 264.0B->264.0B(0.0B), avg 59.6%, 0.0000029 secs]
   [Last Exec: 0.0000029 secs, Idle: 410.6773263 secs, Blocked: 0/0.0000000 secs]
      [Inspected:               1]
         [Skipped:              0(  0.0%)]
         [Hashed:               1(100.0%)]
         [Known:                0(  0.0%)]
         [New:                  1(100.0%)    264.0B]
      [Deduplicated:            0(  0.0%)      0.0B(  0.0%)]
         [Young:                0(  0.0%)      0.0B(  0.0%)]
         [Old:                  0(  0.0%)      0.0B(  0.0%)]
   [Total Exec: 1659/0.8703450 secs, Idle: 1659/422121.5086769 secs, Blocked: 130/0.0925528 secs]
      [Inspected:         2932207]
         [Skipped:              0(  0.0%)]
         [Hashed:         1222800( 41.7%)]
         [Known:           190070(  6.5%)]
         [New:            2742137( 93.5%)    213.4M]
      [Deduplicated:      1920078( 70.0%)    127.3M( 59.6%)]
         [Young:           788760( 41.1%)  61835.9K( 47.4%)]
         [Old:            1131318( 58.9%)  68491.6K( 52.6%)]
   [Table]
      [Memory Usage: 8448.9K]
      [Size: 262144, Min: 1024, Max: 16777216]
      [Entries: 264016, Load: 100.7%, Cached: 9087, Added: 985801, Removed: 721785]
      [Resize Count: 8, Shrink Threshold: 174762(66.7%), Grow Threshold: 524288(200.0%)]
      [Rehash Count: 0, Rehash Threshold: 120, Hash Seed: 0x0]
      [Age Threshold: 3]
   [Queue]
      [Dropped: 0]
[GC concurrent-string-deduplication, deleted 0 entries, 0.0000006 secs]
2020-12-18T08:46:56.456+0530: 422423.027: [GC pause (G1 Evacuation Pause) (young) (initial-mark), 0.0091981 secs]
   [Parallel Time: 3.9 ms, GC Workers: 10]
      [GC Worker Start (ms): Min: 422423027.4, Avg: 422423027.7, Max: 422423028.4, Diff: 1.0]
      [Ext Root Scanning (ms): Min: 1.3, Avg: 1.9, Max: 2.4, Diff: 1.0, Sum: 19.1]
      [Update RS (ms): Min: 0.3, Avg: 0.4, Max: 0.7, Diff: 0.3, Sum: 4.1]
         [Processed Buffers: Min: 1, Avg: 4.9, Max: 10, Diff: 9, Sum: 49]
      [Scan RS (ms): Min: 0.0, Avg: 0.0, Max: 0.0, Diff: 0.0, Sum: 0.0]
      [Code Root Scanning (ms): Min: 0.0, Avg: 0.0, Max: 0.0, Diff: 0.0, Sum: 0.0]
      [Object Copy (ms): Min: 0.1, Avg: 0.3, Max: 0.4, Diff: 0.3, Sum: 2.5]
      [Termination (ms): Min: 0.0, Avg: 0.2, Max: 0.2, Diff: 0.2, Sum: 1.9]
         [Termination Attempts: Min: 1, Avg: 1.1, Max: 2, Diff: 1, Sum: 11]
      [GC Worker Other (ms): Min: 0.0, Avg: 0.0, Max: 0.0, Diff: 0.0, Sum: 0.1]
      [GC Worker Total (ms): Min: 2.1, Avg: 2.8, Max: 3.1, Diff: 1.0, Sum: 27.8]
      [GC Worker End (ms): Min: 422423030.5, Avg: 422423030.5, Max: 422423030.5, Diff: 0.0]
   [Code Root Fixup: 0.0 ms]
   [Code Root Purge: 0.0 ms]
   [String Dedup Fixup: 2.8 ms, GC Workers: 10]
      [Queue Fixup (ms): Min: 0.0, Avg: 0.0, Max: 0.0, Diff: 0.0, Sum: 0.0]
      [Table Fixup (ms): Min: 2.1, Avg: 2.1, Max: 2.3, Diff: 0.2, Sum: 21.4]
   [Clear CT: 0.8 ms]
   [Other: 1.7 ms]
      [Choose CSet: 0.0 ms]
      [Ref Proc: 0.7 ms]
      [Ref Enq: 0.0 ms]
      [Redirty Cards: 0.8 ms]
      [Humongous Register: 0.0 ms]
      [Humongous Reclaim: 0.0 ms]
      [Free CSet: 0.0 ms]
   [Eden: 50176.0K(50176.0K)->0.0B(50176.0K) Survivors: 1024.0K->1024.0K Heap: 236.9M(267.0M)->187.7M(267.0M)]
 [Times: user=0.00 sys=0.00, real=0.01 secs] 
2020-12-18T08:46:56.465+0530: 422423.037: [GC concurrent-string-deduplication, 528.0B->528.0B(0.0B), avg 59.6%, 0.0000047 secs]
   [Last Exec: 0.0000047 secs, Idle: 300.1665199 secs, Blocked: 0/0.0000000 secs]
      [Inspected:               2]
         [Skipped:              0(  0.0%)]
         [Hashed:               2(100.0%)]
         [Known:                0(  0.0%)]
         [New:                  2(100.0%)    528.0B]
      [Deduplicated:            0(  0.0%)      0.0B(  0.0%)]
         [Young:                0(  0.0%)      0.0B(  0.0%)]
         [Old:                  0(  0.0%)      0.0B(  0.0%)]
2020-12-18T08:46:56.465+0530: 422423.037: [GC concurrent-root-region-scan-start]
   [Total Exec: 1660/0.8703497 secs, Idle: 1660/422421.6751968 secs, Blocked: 130/0.0925528 secs]
      [Inspected:         2932209]
         [Skipped:              0(  0.0%)]
         [Hashed:         1222802( 41.7%)]
         [Known:           190070(  6.5%)]
         [New:            2742139( 93.5%)    213.4M]
      [Deduplicated:      1920078( 70.0%)    127.3M( 59.6%)]
         [Young:           788760( 41.1%)  61835.9K( 47.4%)]
         [Old:            1131318( 58.9%)  68491.6K( 52.6%)]
   [Table]
      [Memory Usage: 8448.9K]
      [Size: 262144, Min: 1024, Max: 16777216]
      [Entries: 263974, Load: 100.7%, Cached: 9129, Added: 985803, Removed: 721829]
      [Resize Count: 8, Shrink Threshold: 174762(66.7%), Grow Threshold: 524288(200.0%)]
      [Rehash Count: 0, Rehash Threshold: 120, Hash Seed: 0x0]
      [Age Threshold: 3]
   [Queue]
      [Dropped: 0]
[GC concurrent-string-deduplication, deleted 0 entries, 0.0000007 secs]
2020-12-18T08:46:56.467+0530: 422423.038: [GC concurrent-root-region-scan-end, 0.0017204 secs]
2020-12-18T08:46:56.467+0530: 422423.038: [GC concurrent-mark-start]
2020-12-18T08:46:56.549+0530: 422423.121: [GC concurrent-mark-end, 0.0821345 secs]
2020-12-18T08:46:56.550+0530: 422423.121: [GC remark 2020-12-18T08:46:56.550+0530: 422423.121: [Finalize Marking, 0.0006123 secs] 2020-12-18T08:46:56.550+0530: 422423.122: [GC ref-proc, 0.0008777 secs] 2020-12-18T08:46:56.551+0530: 422423.123: [Unloading, 0.0189036 secs], 0.0213198 secs]
 [Times: user=0.16 sys=0.00, real=0.02 secs] 
2020-12-18T08:46:56.572+0530: 422423.143: [GC cleanup 201M->201M(267M), 0.0024571 secs]
 [Times: user=0.00 sys=0.00, real=0.00 secs] 
2020-12-18T08:51:56.630+0530: 422723.201: [GC pause (G1 Evacuation Pause) (young), 0.0078219 secs]
   [Parallel Time: 2.2 ms, GC Workers: 10]
      [GC Worker Start (ms): Min: 422723201.2, Avg: 422723201.4, Max: 422723201.4, Diff: 0.2]
      [Ext Root Scanning (ms): Min: 0.6, Avg: 0.7, Max: 1.5, Diff: 0.9, Sum: 7.2]
      [Update RS (ms): Min: 0.0, Avg: 0.5, Max: 0.7, Diff: 0.7, Sum: 4.7]
         [Processed Buffers: Min: 0, Avg: 5.9, Max: 17, Diff: 17, Sum: 59]
      [Scan RS (ms): Min: 0.0, Avg: 0.0, Max: 0.0, Diff: 0.0, Sum: 0.0]
      [Code Root Scanning (ms): Min: 0.0, Avg: 0.0, Max: 0.0, Diff: 0.0, Sum: 0.0]
      [Object Copy (ms): Min: 0.0, Avg: 0.2, Max: 0.3, Diff: 0.3, Sum: 1.8]
      [Termination (ms): Min: 0.0, Avg: 0.1, Max: 0.1, Diff: 0.1, Sum: 1.2]
         [Termination Attempts: Min: 1, Avg: 1.0, Max: 1, Diff: 0, Sum: 10]
      [GC Worker Other (ms): Min: 0.0, Avg: 0.0, Max: 0.0, Diff: 0.0, Sum: 0.1]
      [GC Worker Total (ms): Min: 1.4, Avg: 1.5, Max: 1.7, Diff: 0.2, Sum: 15.0]
      [GC Worker End (ms): Min: 422723202.9, Avg: 422723202.9, Max: 422723202.9, Diff: 0.0]
   [Code Root Fixup: 0.0 ms]
   [Code Root Purge: 0.0 ms]
   [String Dedup Fixup: 2.4 ms, GC Workers: 10]
      [Queue Fixup (ms): Min: 0.0, Avg: 0.0, Max: 0.0, Diff: 0.0, Sum: 0.0]
      [Table Fixup (ms): Min: 1.7, Avg: 1.7, Max: 1.9, Diff: 0.2, Sum: 17.4]
   [Clear CT: 0.8 ms]
   [Other: 2.4 ms]
      [Choose CSet: 0.0 ms]
      [Ref Proc: 1.4 ms]
      [Ref Enq: 0.0 ms]
      [Redirty Cards: 0.8 ms]
      [Humongous Register: 0.0 ms]
      [Humongous Reclaim: 0.0 ms]
      [Free CSet: 0.1 ms]
   [Eden: 50176.0K(50176.0K)->0.0B(50176.0K) Survivors: 1024.0K->1024.0K Heap: 236.7M(267.0M)->188.3M(267.0M)]
 [Times: user=0.00 sys=0.00, real=0.01 secs] 
2020-12-18T08:51:56.638+0530: 422723.209: [GC concurrent-string-deduplication, 264.0B->264.0B(0.0B), avg 59.6%, 0.0000064 secs]
   [Last Exec: 0.0000064 secs, Idle: 300.1723346 secs, Blocked: 0/0.0000000 secs]
      [Inspected:               9]
         [Skipped:              0(  0.0%)]
         [Hashed:               1( 11.1%)]
         [Known:                8( 88.9%)]
         [New:                  1( 11.1%)    264.0B]
      [Deduplicated:            0(  0.0%)      0.0B(  0.0%)]
         [Young:                0(  0.0%)      0.0B(  0.0%)]
         [Old:                  0(  0.0%)      0.0B(  0.0%)]
   [Total Exec: 1661/0.8703561 secs, Idle: 1661/422721.8475314 secs, Blocked: 130/0.0925528 secs]
      [Inspected:         2932218]
         [Skipped:              0(  0.0%)]
         [Hashed:         1222803( 41.7%)]
         [Known:           190078(  6.5%)]
         [New:            2742140( 93.5%)    213.4M]
      [Deduplicated:      1920078( 70.0%)    127.3M( 59.6%)]
         [Young:           788760( 41.1%)  61835.9K( 47.4%)]
         [Old:            1131318( 58.9%)  68491.6K( 52.6%)]
   [Table]
      [Memory Usage: 8448.9K]
      [Size: 262144, Min: 1024, Max: 16777216]
      [Entries: 263989, Load: 100.7%, Cached: 9114, Added: 985828, Removed: 721839]
      [Resize Count: 8, Shrink Threshold: 174762(66.7%), Grow Threshold: 524288(200.0%)]
      [Rehash Count: 0, Rehash Threshold: 120, Hash Seed: 0x0]
      [Age Threshold: 3]
   [Queue]
      [Dropped: 0]
[GC concurrent-string-deduplication, deleted 0 entries, 0.0000006 secs]
2020-12-18T08:56:56.797+0530: 423023.367: [GC pause (G1 Evacuation Pause) (young), 0.0072103 secs]
   [Parallel Time: 2.4 ms, GC Workers: 10]
      [GC Worker Start (ms): Min: 423023367.1, Avg: 423023367.3, Max: 423023367.5, Diff: 0.3]
      [Ext Root Scanning (ms): Min: 0.6, Avg: 0.8, Max: 1.7, Diff: 1.1, Sum: 8.2]
      [Update RS (ms): Min: 0.0, Avg: 0.5, Max: 0.8, Diff: 0.8, Sum: 5.1]
         [Processed Buffers: Min: 0, Avg: 5.5, Max: 19, Diff: 19, Sum: 55]
      [Scan RS (ms): Min: 0.0, Avg: 0.0, Max: 0.0, Diff: 0.0, Sum: 0.1]
      [Code Root Scanning (ms): Min: 0.0, Avg: 0.0, Max: 0.0, Diff: 0.0, Sum: 0.0]
      [Object Copy (ms): Min: 0.0, Avg: 0.2, Max: 0.3, Diff: 0.3, Sum: 2.1]
      [Termination (ms): Min: 0.0, Avg: 0.2, Max: 0.2, Diff: 0.2, Sum: 1.6]
         [Termination Attempts: Min: 1, Avg: 1.0, Max: 1, Diff: 0, Sum: 10]
      [GC Worker Other (ms): Min: 0.0, Avg: 0.0, Max: 0.0, Diff: 0.0, Sum: 0.1]
      [GC Worker Total (ms): Min: 1.6, Avg: 1.7, Max: 1.9, Diff: 0.3, Sum: 17.1]
      [GC Worker End (ms): Min: 423023369.0, Avg: 423023369.1, Max: 423023369.1, Diff: 0.0]
   [Code Root Fixup: 0.0 ms]
   [Code Root Purge: 0.0 ms]
   [String Dedup Fixup: 2.5 ms, GC Workers: 10]
      [Queue Fixup (ms): Min: 0.0, Avg: 0.0, Max: 0.0, Diff: 0.0, Sum: 0.0]
      [Table Fixup (ms): Min: 1.8, Avg: 1.9, Max: 2.0, Diff: 0.2, Sum: 18.9]
   [Clear CT: 0.8 ms]
   [Other: 1.5 ms]
      [Choose CSet: 0.0 ms]
      [Ref Proc: 0.7 ms]
      [Ref Enq: 0.0 ms]
      [Redirty Cards: 0.7 ms]
      [Humongous Register: 0.0 ms]
      [Humongous Reclaim: 0.0 ms]
      [Free CSet: 0.0 ms]
   [Eden: 50176.0K(50176.0K)->0.0B(50176.0K) Survivors: 1024.0K->1024.0K Heap: 237.3M(267.0M)->187.8M(267.0M)]
 [Times: user=0.00 sys=0.00, real=0.01 secs] 
2020-12-18T08:56:56.804+0530: 423023.374: [GC concurrent-string-deduplication, 264.0B->264.0B(0.0B), avg 59.6%, 0.0000034 secs]
   [Last Exec: 0.0000034 secs, Idle: 300.1652722 secs, Blocked: 0/0.0000000 secs]
      [Inspected:               1]
         [Skipped:              0(  0.0%)]
         [Hashed:               1(100.0%)]
         [Known:                0(  0.0%)]
         [New:                  1(100.0%)    264.0B]
      [Deduplicated:            0(  0.0%)      0.0B(  0.0%)]
         [Young:                0(  0.0%)      0.0B(  0.0%)]
         [Old:                  0(  0.0%)      0.0B(  0.0%)]
   [Total Exec: 1662/0.8703595 secs, Idle: 1662/423022.0128036 secs, Blocked: 130/0.0925528 secs]
      [Inspected:         2932219]
         [Skipped:              0(  0.0%)]
         [Hashed:         1222804( 41.7%)]
         [Known:           190078(  6.5%)]
         [New:            2742141( 93.5%)    213.4M]
      [Deduplicated:      1920078( 70.0%)    127.3M( 59.6%)]
         [Young:           788760( 41.1%)  61835.9K( 47.4%)]
         [Old:            1131318( 58.9%)  68491.6K( 52.6%)]
   [Table]
      [Memory Usage: 8448.9K]
      [Size: 262144, Min: 1024, Max: 16777216]
      [Entries: 263990, Load: 100.7%, Cached: 9113, Added: 985829, Removed: 721839]
      [Resize Count: 8, Shrink Threshold: 174762(66.7%), Grow Threshold: 524288(200.0%)]
      [Rehash Count: 0, Rehash Threshold: 120, Hash Seed: 0x0]
      [Age Threshold: 3]
   [Queue]
      [Dropped: 0]
[GC concurrent-string-deduplication, deleted 0 entries, 0.0000008 secs]
2020-12-18T09:02:10.812+0530: 423337.383: [GC pause (G1 Evacuation Pause) (young) (initial-mark), 0.0081689 secs]
   [Parallel Time: 3.2 ms, GC Workers: 10]
      [GC Worker Start (ms): Min: 423337382.9, Avg: 423337383.2, Max: 423337383.3, Diff: 0.4]
      [Ext Root Scanning (ms): Min: 1.3, Avg: 1.6, Max: 1.8, Diff: 0.4, Sum: 15.5]
      [Update RS (ms): Min: 0.2, Avg: 0.4, Max: 0.6, Diff: 0.4, Sum: 3.9]
         [Processed Buffers: Min: 1, Avg: 5.0, Max: 15, Diff: 14, Sum: 50]
      [Scan RS (ms): Min: 0.0, Avg: 0.0, Max: 0.0, Diff: 0.0, Sum: 0.0]
      [Code Root Scanning (ms): Min: 0.0, Avg: 0.0, Max: 0.0, Diff: 0.0, Sum: 0.0]
      [Object Copy (ms): Min: 0.0, Avg: 0.2, Max: 0.2, Diff: 0.2, Sum: 1.6]
      [Termination (ms): Min: 0.0, Avg: 0.2, Max: 0.3, Diff: 0.3, Sum: 2.3]
         [Termination Attempts: Min: 1, Avg: 2.0, Max: 3, Diff: 2, Sum: 20]
      [GC Worker Other (ms): Min: 0.0, Avg: 0.0, Max: 0.0, Diff: 0.0, Sum: 0.1]
      [GC Worker Total (ms): Min: 2.2, Avg: 2.3, Max: 2.6, Diff: 0.4, Sum: 23.5]
      [GC Worker End (ms): Min: 423337385.5, Avg: 423337385.5, Max: 423337385.5, Diff: 0.0]
   [Code Root Fixup: 0.0 ms]
   [Code Root Purge: 0.0 ms]
   [String Dedup Fixup: 2.3 ms, GC Workers: 10]
      [Queue Fixup (ms): Min: 0.0, Avg: 0.0, Max: 0.0, Diff: 0.0, Sum: 0.0]
      [Table Fixup (ms): Min: 1.6, Avg: 1.8, Max: 2.0, Diff: 0.3, Sum: 17.7]
   [Clear CT: 0.9 ms]
   [Other: 1.8 ms]
      [Choose CSet: 0.0 ms]
      [Ref Proc: 0.8 ms]
      [Ref Enq: 0.0 ms]
      [Redirty Cards: 0.8 ms]
      [Humongous Register: 0.0 ms]
      [Humongous Reclaim: 0.0 ms]
      [Free CSet: 0.0 ms]
   [Eden: 50176.0K(50176.0K)->0.0B(50176.0K) Survivors: 1024.0K->1024.0K Heap: 236.8M(267.0M)->187.7M(267.0M)]
 [Times: user=0.16 sys=0.00, real=0.01 secs] 
2020-12-18T09:02:10.820+0530: 423337.391: [GC concurrent-root-region-scan-start]
2020-12-18T09:02:10.820+0530: 423337.391: [GC concurrent-string-deduplication, 2032.0B->1320.0B(712.0B), avg 59.6%, 0.0000228 secs]
   [Last Exec: 0.0000228 secs, Idle: 314.0167803 secs, Blocked: 0/0.0000000 secs]
      [Inspected:              55]
         [Skipped:              0(  0.0%)]
         [Hashed:              25( 45.5%)]
         [Known:               25( 45.5%)]
         [New:                 30( 54.5%)   2032.0B]
      [Deduplicated:           19( 63.3%)    712.0B( 35.0%)]
         [Young:               19(100.0%)    712.0B(100.0%)]
         [Old:                  0(  0.0%)      0.0B(  0.0%)]
   [Total Exec: 1663/0.8703823 secs, Idle: 1663/423336.0295839 secs, Blocked: 130/0.0925528 secs]
      [Inspected:         2932274]
         [Skipped:              0(  0.0%)]
         [Hashed:         1222829( 41.7%)]
         [Known:           190103(  6.5%)]
         [New:            2742171( 93.5%)    213.4M]
      [Deduplicated:      1920097( 70.0%)    127.3M( 59.6%)]
         [Young:           788779( 41.1%)  61836.5K( 47.4%)]
         [Old:            1131318( 58.9%)  68491.6K( 52.6%)]
   [Table]
      [Memory Usage: 8448.9K]
      [Size: 262144, Min: 1024, Max: 16777216]
      [Entries: 264005, Load: 100.7%, Cached: 9098, Added: 985844, Removed: 721839]
      [Resize Count: 8, Shrink Threshold: 174762(66.7%), Grow Threshold: 524288(200.0%)]
      [Rehash Count: 0, Rehash Threshold: 120, Hash Seed: 0x0]
      [Age Threshold: 3]
   [Queue]
      [Dropped: 0]
[GC concurrent-string-deduplication, deleted 0 entries, 0.0000007 secs]
2020-12-18T09:02:10.822+0530: 423337.393: [GC concurrent-root-region-scan-end, 0.0020439 secs]
2020-12-18T09:02:10.822+0530: 423337.393: [GC concurrent-mark-start]
2020-12-18T09:02:10.903+0530: 423337.474: [GC concurrent-mark-end, 0.0809037 secs]
2020-12-18T09:02:10.904+0530: 423337.475: [GC remark 2020-12-18T09:02:10.904+0530: 423337.475: [Finalize Marking, 0.0006895 secs] 2020-12-18T09:02:10.904+0530: 423337.475: [GC ref-proc, 0.0005003 secs] 2020-12-18T09:02:10.905+0530: 423337.476: [Unloading, 0.0191491 secs], 0.0213404 secs]
 [Times: user=0.22 sys=0.00, real=0.02 secs] 
2020-12-18T09:02:10.925+0530: 423337.496: [GC cleanup 188M->188M(267M), 0.0032920 secs]
 [Times: user=0.00 sys=0.00, real=0.00 secs] 
2020-12-18T09:09:48.058+0530: 423794.630: [GC pause (G1 Evacuation Pause) (young), 0.0062031 secs]
   [Parallel Time: 1.8 ms, GC Workers: 10]
      [GC Worker Start (ms): Min: 423794629.7, Avg: 423794630.0, Max: 423794630.2, Diff: 0.5]
      [Ext Root Scanning (ms): Min: 0.4, Avg: 0.6, Max: 1.2, Diff: 0.9, Sum: 6.1]
      [Update RS (ms): Min: 0.2, Avg: 0.4, Max: 0.7, Diff: 0.6, Sum: 4.5]
         [Processed Buffers: Min: 2, Avg: 5.9, Max: 21, Diff: 19, Sum: 59]
      [Scan RS (ms): Min: 0.0, Avg: 0.0, Max: 0.0, Diff: 0.0, Sum: 0.0]
      [Code Root Scanning (ms): Min: 0.0, Avg: 0.0, Max: 0.0, Diff: 0.0, Sum: 0.0]
      [Object Copy (ms): Min: 0.1, Avg: 0.1, Max: 0.2, Diff: 0.1, Sum: 1.3]
      [Termination (ms): Min: 0.0, Avg: 0.2, Max: 0.3, Diff: 0.3, Sum: 2.1]
         [Termination Attempts: Min: 1, Avg: 1.0, Max: 1, Diff: 0, Sum: 10]
      [GC Worker Other (ms): Min: 0.0, Avg: 0.0, Max: 0.0, Diff: 0.0, Sum: 0.1]
      [GC Worker Total (ms): Min: 1.2, Avg: 1.4, Max: 1.8, Diff: 0.5, Sum: 14.2]
      [GC Worker End (ms): Min: 423794631.4, Avg: 423794631.4, Max: 423794631.4, Diff: 0.0]
   [Code Root Fixup: 0.0 ms]
   [Code Root Purge: 0.0 ms]
   [String Dedup Fixup: 2.4 ms, GC Workers: 10]
      [Queue Fixup (ms): Min: 0.0, Avg: 0.0, Max: 0.0, Diff: 0.0, Sum: 0.0]
      [Table Fixup (ms): Min: 1.7, Avg: 1.7, Max: 1.9, Diff: 0.3, Sum: 17.5]
   [Clear CT: 0.8 ms]
   [Other: 1.2 ms]
      [Choose CSet: 0.0 ms]
      [Ref Proc: 0.3 ms]
      [Ref Enq: 0.0 ms]
      [Redirty Cards: 0.7 ms]
      [Humongous Register: 0.0 ms]
      [Humongous Reclaim: 0.0 ms]
      [Free CSet: 0.1 ms]
   [Eden: 50176.0K(50176.0K)->0.0B(50176.0K) Survivors: 1024.0K->1024.0K Heap: 236.7M(267.0M)->187.6M(267.0M)]
 [Times: user=0.16 sys=0.00, real=0.01 secs] 
2020-12-18T09:09:48.065+0530: 423794.636: [GC concurrent-string-deduplication, 264.0B->264.0B(0.0B), avg 59.6%, 0.0000037 secs]
   [Last Exec: 0.0000037 secs, Idle: 457.2446441 secs, Blocked: 0/0.0000000 secs]
      [Inspected:               1]
         [Skipped:              0(  0.0%)]
         [Hashed:               1(100.0%)]
         [Known:                0(  0.0%)]
         [New:                  1(100.0%)    264.0B]
      [Deduplicated:            0(  0.0%)      0.0B(  0.0%)]
         [Young:                0(  0.0%)      0.0B(  0.0%)]
         [Old:                  0(  0.0%)      0.0B(  0.0%)]
   [Total Exec: 1664/0.8703860 secs, Idle: 1664/423793.2742280 secs, Blocked: 130/0.0925528 secs]
      [Inspected:         2932275]
         [Skipped:              0(  0.0%)]
         [Hashed:         1222830( 41.7%)]
         [Known:           190103(  6.5%)]
         [New:            2742172( 93.5%)    213.4M]
      [Deduplicated:      1920097( 70.0%)    127.3M( 59.6%)]
         [Young:           788779( 41.1%)  61836.5K( 47.4%)]
         [Old:            1131318( 58.9%)  68491.6K( 52.6%)]
   [Table]
      [Memory Usage: 8448.9K]
      [Size: 262144, Min: 1024, Max: 16777216]
      [Entries: 264002, Load: 100.7%, Cached: 9101, Added: 985856, Removed: 721854]
      [Resize Count: 8, Shrink Threshold: 174762(66.7%), Grow Threshold: 524288(200.0%)]
      [Rehash Count: 0, Rehash Threshold: 120, Hash Seed: 0x0]
      [Age Threshold: 3]
   [Queue]
      [Dropped: 0]
[GC concurrent-string-deduplication, deleted 0 entries, 0.0000006 secs]
2020-12-18T09:16:57.324+0530: 424223.895: [GC pause (G1 Evacuation Pause) (young), 0.0104949 secs]
   [Parallel Time: 5.3 ms, GC Workers: 10]
      [GC Worker Start (ms): Min: 424223895.1, Avg: 424223895.5, Max: 424223895.7, Diff: 0.5]
      [Ext Root Scanning (ms): Min: 0.4, Avg: 0.7, Max: 1.4, Diff: 1.0, Sum: 7.0]
      [Update RS (ms): Min: 0.0, Avg: 0.7, Max: 3.4, Diff: 3.4, Sum: 7.1]
         [Processed Buffers: Min: 1, Avg: 5.1, Max: 12, Diff: 11, Sum: 51]
      [Scan RS (ms): Min: 0.0, Avg: 0.0, Max: 0.0, Diff: 0.0, Sum: 0.0]
      [Code Root Scanning (ms): Min: 0.0, Avg: 0.0, Max: 0.0, Diff: 0.0, Sum: 0.0]
      [Object Copy (ms): Min: 0.1, Avg: 0.5, Max: 3.4, Diff: 3.3, Sum: 4.9]
      [Termination (ms): Min: 0.0, Avg: 2.6, Max: 3.2, Diff: 3.2, Sum: 25.9]
         [Termination Attempts: Min: 1, Avg: 9.0, Max: 15, Diff: 14, Sum: 90]
      [GC Worker Other (ms): Min: 0.0, Avg: 0.0, Max: 0.0, Diff: 0.0, Sum: 0.1]
      [GC Worker Total (ms): Min: 4.3, Avg: 4.5, Max: 4.8, Diff: 0.5, Sum: 45.0]
      [GC Worker End (ms): Min: 424223899.9, Avg: 424223900.0, Max: 424223900.0, Diff: 0.0]
   [Code Root Fixup: 0.0 ms]
   [Code Root Purge: 0.0 ms]
   [String Dedup Fixup: 2.4 ms, GC Workers: 10]
      [Queue Fixup (ms): Min: 0.0, Avg: 0.0, Max: 0.0, Diff: 0.0, Sum: 0.0]
      [Table Fixup (ms): Min: 1.7, Avg: 1.8, Max: 1.9, Diff: 0.3, Sum: 17.6]
   [Clear CT: 0.8 ms]
   [Other: 1.9 ms]
      [Choose CSet: 0.0 ms]
      [Ref Proc: 0.9 ms]
      [Ref Enq: 0.0 ms]
      [Redirty Cards: 0.8 ms]
      [Humongous Register: 0.0 ms]
      [Humongous Reclaim: 0.0 ms]
      [Free CSet: 0.0 ms]
   [Eden: 50176.0K(50176.0K)->0.0B(50176.0K) Survivors: 1024.0K->1024.0K Heap: 236.6M(267.0M)->187.7M(267.0M)]
 [Times: user=0.13 sys=0.00, real=0.01 secs] 
2020-12-18T09:16:57.334+0530: 424223.906: [GC concurrent-string-deduplication, 728.0B->728.0B(0.0B), avg 59.6%, 0.0000064 secs]
   [Last Exec: 0.0000064 secs, Idle: 429.2697646 secs, Blocked: 0/0.0000000 secs]
      [Inspected:               8]
         [Skipped:              0(  0.0%)]
         [Hashed:               3( 37.5%)]
         [Known:                5( 62.5%)]
         [New:                  3( 37.5%)    728.0B]
      [Deduplicated:            0(  0.0%)      0.0B(  0.0%)]
         [Young:                0(  0.0%)      0.0B(  0.0%)]
         [Old:                  0(  0.0%)      0.0B(  0.0%)]
   [Total Exec: 1665/0.8703924 secs, Idle: 1665/424222.5439926 secs, Blocked: 130/0.0925528 secs]
      [Inspected:         2932283]
         [Skipped:              0(  0.0%)]
         [Hashed:         1222833( 41.7%)]
         [Known:           190108(  6.5%)]
         [New:            2742175( 93.5%)    213.4M]
      [Deduplicated:      1920097( 70.0%)    127.3M( 59.6%)]
         [Young:           788779( 41.1%)  61836.5K( 47.4%)]
         [Old:            1131318( 58.9%)  68491.6K( 52.6%)]
   [Table]
      [Memory Usage: 8448.9K]
      [Size: 262144, Min: 1024, Max: 16777216]
      [Entries: 263995, Load: 100.7%, Cached: 9108, Added: 985859, Removed: 721864]
      [Resize Count: 8, Shrink Threshold: 174762(66.7%), Grow Threshold: 524288(200.0%)]
      [Rehash Count: 0, Rehash Threshold: 120, Hash Seed: 0x0]
      [Age Threshold: 3]
   [Queue]
      [Dropped: 0]
[GC concurrent-string-deduplication, deleted 0 entries, 0.0000006 secs]
2020-12-18T09:20:56.980+0530: 424463.551: [GC pause (G1 Evacuation Pause) (young) (initial-mark), 0.0202529 secs]
   [Parallel Time: 6.2 ms, GC Workers: 10]
      [GC Worker Start (ms): Min: 424463551.2, Avg: 424463551.5, Max: 424463551.8, Diff: 0.6]
      [Ext Root Scanning (ms): Min: 2.7, Avg: 3.1, Max: 3.4, Diff: 0.7, Sum: 30.8]
      [Update RS (ms): Min: 0.7, Avg: 1.1, Max: 1.8, Diff: 1.1, Sum: 10.7]
         [Processed Buffers: Min: 1, Avg: 5.7, Max: 17, Diff: 16, Sum: 57]
      [Scan RS (ms): Min: 0.0, Avg: 0.0, Max: 0.0, Diff: 0.0, Sum: 0.1]
      [Code Root Scanning (ms): Min: 0.0, Avg: 0.0, Max: 0.0, Diff: 0.0, Sum: 0.0]
      [Object Copy (ms): Min: 0.0, Avg: 0.5, Max: 0.7, Diff: 0.7, Sum: 5.2]
      [Termination (ms): Min: 0.0, Avg: 0.3, Max: 0.3, Diff: 0.3, Sum: 2.5]
         [Termination Attempts: Min: 1, Avg: 1.4, Max: 2, Diff: 1, Sum: 14]
      [GC Worker Other (ms): Min: 0.0, Avg: 0.0, Max: 0.1, Diff: 0.0, Sum: 0.3]
      [GC Worker Total (ms): Min: 4.7, Avg: 5.0, Max: 5.3, Diff: 0.6, Sum: 49.6]
      [GC Worker End (ms): Min: 424463556.4, Avg: 424463556.4, Max: 424463556.5, Diff: 0.1]
   [Code Root Fixup: 0.0 ms]
   [Code Root Purge: 0.0 ms]
   [String Dedup Fixup: 4.2 ms, GC Workers: 10]
      [Queue Fixup (ms): Min: 0.0, Avg: 0.0, Max: 0.0, Diff: 0.0, Sum: 0.0]
      [Table Fixup (ms): Min: 3.0, Avg: 3.2, Max: 3.4, Diff: 0.5, Sum: 31.6]
   [Clear CT: 1.3 ms]
   [Other: 8.6 ms]
      [Choose CSet: 0.0 ms]
      [Ref Proc: 7.2 ms]
      [Ref Enq: 0.0 ms]
      [Redirty Cards: 1.0 ms]
      [Humongous Register: 0.0 ms]
      [Humongous Reclaim: 0.0 ms]
      [Free CSet: 0.0 ms]
   [Eden: 50176.0K(50176.0K)->0.0B(46080.0K) Survivors: 1024.0K->3072.0K Heap: 236.7M(267.0M)->190.4M(267.0M)]
 [Times: user=0.11 sys=0.02, real=0.02 secs] 
2020-12-18T09:20:57.000+0530: 424463.571: [GC concurrent-string-deduplication, 528.0B->528.0B(0.0B), avg 59.6%, 0.0000084 secs]
   [Last Exec: 0.0000084 secs, Idle: 239.6654337 secs, Blocked: 0/0.0000000 secs]
      [Inspected:              13]
         [Skipped:              0(  0.0%)]
         [Hashed:               2( 15.4%)]
         [Known:               11( 84.6%)]
         [New:                  2( 15.4%)    528.0B]
      [Deduplicated:            0(  0.0%)      0.0B(  0.0%)]
         [Young:                0(  0.0%)      0.0B(  0.0%)]
         [Old:                  0(  0.0%)      0.0B(  0.0%)]
   [Total Exec: 1666/0.8704008 secs, Idle: 1666/424462.2094263 secs, Blocked: 130/0.0925528 secs]
      [Inspected:         2932296]
         [Skipped:              0(  0.0%)]
         [Hashed:         1222835( 41.7%)]
         [Known:           190119(  6.5%)]
         [New:            2742177( 93.5%)    213.4M]
      [Deduplicated:      1920097( 70.0%)    127.3M( 59.6%)]
         [Young:           788779( 41.1%)  61836.5K( 47.4%)]
         [Old:            1131318( 58.9%)  68491.6K( 52.6%)]
2020-12-18T09:20:57.000+0530: 424463.571: [GC concurrent-root-region-scan-start]
   [Table]
      [Memory Usage: 8448.9K]
      [Size: 262144, Min: 1024, Max: 16777216]
      [Entries: 263997, Load: 100.7%, Cached: 9106, Added: 985861, Removed: 721864]
      [Resize Count: 8, Shrink Threshold: 174762(66.7%), Grow Threshold: 524288(200.0%)]
      [Rehash Count: 0, Rehash Threshold: 120, Hash Seed: 0x0]
      [Age Threshold: 3]
   [Queue]
      [Dropped: 0]
[GC concurrent-string-deduplication, deleted 0 entries, 0.0000006 secs]
2020-12-18T09:20:57.003+0530: 424463.573: [GC concurrent-root-region-scan-end, 0.0018319 secs]
2020-12-18T09:20:57.003+0530: 424463.573: [GC concurrent-mark-start]
2020-12-18T09:20:57.078+0530: 424463.649: [GC concurrent-mark-end, 0.0759133 secs]
2020-12-18T09:20:57.079+0530: 424463.650: [GC remark 2020-12-18T09:20:57.079+0530: 424463.650: [Finalize Marking, 0.0007576 secs] 2020-12-18T09:20:57.080+0530: 424463.650: [GC ref-proc, 0.0004927 secs] 2020-12-18T09:20:57.080+0530: 424463.651: [Unloading, 0.0186843 secs], 0.0210783 secs]
 [Times: user=0.14 sys=0.02, real=0.02 secs] 
2020-12-18T09:20:57.100+0530: 424463.671: [GC cleanup 190M->190M(267M), 0.0039133 secs]
 [Times: user=0.00 sys=0.00, real=0.00 secs] 
2020-12-18T09:26:57.634+0530: 424824.205: [GC pause (G1 Evacuation Pause) (young), 0.0095477 secs]
   [Parallel Time: 4.9 ms, GC Workers: 10]
      [GC Worker Start (ms): Min: 424824205.2, Avg: 424824205.6, Max: 424824205.8, Diff: 0.5]
      [Ext Root Scanning (ms): Min: 0.4, Avg: 0.7, Max: 1.4, Diff: 1.0, Sum: 6.8]
      [Update RS (ms): Min: 0.1, Avg: 1.1, Max: 3.5, Diff: 3.4, Sum: 10.9]
         [Processed Buffers: Min: 1, Avg: 5.7, Max: 11, Diff: 10, Sum: 57]
      [Scan RS (ms): Min: 0.0, Avg: 0.0, Max: 0.0, Diff: 0.0, Sum: 0.0]
      [Code Root Scanning (ms): Min: 0.0, Avg: 0.0, Max: 0.0, Diff: 0.0, Sum: 0.0]
      [Object Copy (ms): Min: 0.0, Avg: 0.2, Max: 0.3, Diff: 0.3, Sum: 1.7]
      [Termination (ms): Min: 0.0, Avg: 2.2, Max: 2.8, Diff: 2.8, Sum: 22.4]
         [Termination Attempts: Min: 1, Avg: 15.4, Max: 29, Diff: 28, Sum: 154]
      [GC Worker Other (ms): Min: 0.0, Avg: 0.0, Max: 0.0, Diff: 0.0, Sum: 0.1]
      [GC Worker Total (ms): Min: 4.0, Avg: 4.2, Max: 4.5, Diff: 0.5, Sum: 42.0]
      [GC Worker End (ms): Min: 424824209.8, Avg: 424824209.8, Max: 424824209.8, Diff: 0.0]
   [Code Root Fixup: 0.0 ms]
   [Code Root Purge: 0.0 ms]
   [String Dedup Fixup: 2.3 ms, GC Workers: 10]
      [Queue Fixup (ms): Min: 0.0, Avg: 0.0, Max: 0.0, Diff: 0.0, Sum: 0.0]
      [Table Fixup (ms): Min: 1.7, Avg: 1.7, Max: 1.9, Diff: 0.2, Sum: 17.3]
   [Clear CT: 0.8 ms]
   [Other: 1.5 ms]
      [Choose CSet: 0.0 ms]
      [Ref Proc: 0.8 ms]
      [Ref Enq: 0.0 ms]
      [Redirty Cards: 0.6 ms]
      [Humongous Register: 0.0 ms]
      [Humongous Reclaim: 0.0 ms]
      [Free CSet: 0.1 ms]
   [Eden: 46080.0K(46080.0K)->0.0B(12288.0K) Survivors: 3072.0K->1024.0K Heap: 235.4M(267.0M)->188.0M(267.0M)]
 [Times: user=0.16 sys=0.00, real=0.01 secs] 
2020-12-18T09:26:57.644+0530: 424824.215: [GC concurrent-string-deduplication, 264.0B->264.0B(0.0B), avg 59.6%, 0.0000031 secs]
   [Last Exec: 0.0000031 secs, Idle: 360.6434741 secs, Blocked: 0/0.0000000 secs]
      [Inspected:               1]
         [Skipped:              0(  0.0%)]
         [Hashed:               1(100.0%)]
         [Known:                0(  0.0%)]
         [New:                  1(100.0%)    264.0B]
      [Deduplicated:            0(  0.0%)      0.0B(  0.0%)]
         [Young:                0(  0.0%)      0.0B(  0.0%)]
         [Old:                  0(  0.0%)      0.0B(  0.0%)]
   [Total Exec: 1667/0.8704039 secs, Idle: 1667/424822.8529004 secs, Blocked: 130/0.0925528 secs]
      [Inspected:         2932297]
         [Skipped:              0(  0.0%)]
         [Hashed:         1222836( 41.7%)]
         [Known:           190119(  6.5%)]
         [New:            2742178( 93.5%)    213.4M]
      [Deduplicated:      1920097( 70.0%)    127.3M( 59.6%)]
         [Young:           788779( 41.1%)  61836.5K( 47.4%)]
         [Old:            1131318( 58.9%)  68491.6K( 52.6%)]
   [Table]
      [Memory Usage: 8448.9K]
      [Size: 262144, Min: 1024, Max: 16777216]
      [Entries: 263993, Load: 100.7%, Cached: 9110, Added: 985869, Removed: 721876]
      [Resize Count: 8, Shrink Threshold: 174762(66.7%), Grow Threshold: 524288(200.0%)]
      [Rehash Count: 0, Rehash Threshold: 120, Hash Seed: 0x0]
      [Age Threshold: 3]
   [Queue]
      [Dropped: 0]
[GC concurrent-string-deduplication, deleted 0 entries, 0.0000005 secs]
2020-12-18T09:26:57.674+0530: 424824.244: [GC pause (G1 Evacuation Pause) (mixed), 0.0079948 secs]
   [Parallel Time: 3.0 ms, GC Workers: 10]
      [GC Worker Start (ms): Min: 424824244.4, Avg: 424824244.6, Max: 424824244.7, Diff: 0.3]
      [Ext Root Scanning (ms): Min: 0.6, Avg: 0.8, Max: 1.6, Diff: 1.0, Sum: 7.8]
      [Update RS (ms): Min: 0.0, Avg: 0.1, Max: 0.5, Diff: 0.5, Sum: 1.2]
         [Processed Buffers: Min: 0, Avg: 1.7, Max: 5, Diff: 5, Sum: 17]
      [Scan RS (ms): Min: 0.3, Avg: 0.8, Max: 1.0, Diff: 0.8, Sum: 7.7]
      [Code Root Scanning (ms): Min: 0.0, Avg: 0.0, Max: 0.0, Diff: 0.0, Sum: 0.0]
      [Object Copy (ms): Min: 0.4, Avg: 0.5, Max: 0.6, Diff: 0.3, Sum: 5.5]
      [Termination (ms): Min: 0.0, Avg: 0.0, Max: 0.0, Diff: 0.0, Sum: 0.0]
         [Termination Attempts: Min: 1, Avg: 9.2, Max: 14, Diff: 13, Sum: 92]
      [GC Worker Other (ms): Min: 0.0, Avg: 0.0, Max: 0.0, Diff: 0.0, Sum: 0.1]
      [GC Worker Total (ms): Min: 2.1, Avg: 2.2, Max: 2.4, Diff: 0.3, Sum: 22.4]
      [GC Worker End (ms): Min: 424824246.8, Avg: 424824246.8, Max: 424824246.8, Diff: 0.0]
   [Code Root Fixup: 0.0 ms]
   [Code Root Purge: 0.0 ms]
   [String Dedup Fixup: 2.5 ms, GC Workers: 10]
      [Queue Fixup (ms): Min: 0.0, Avg: 0.0, Max: 0.0, Diff: 0.0, Sum: 0.0]
      [Table Fixup (ms): Min: 1.7, Avg: 1.8, Max: 2.0, Diff: 0.3, Sum: 18.1]
   [Clear CT: 0.7 ms]
   [Other: 1.7 ms]
      [Choose CSet: 0.0 ms]
      [Ref Proc: 0.8 ms]
      [Ref Enq: 0.0 ms]
      [Redirty Cards: 0.7 ms]
      [Humongous Register: 0.0 ms]
      [Humongous Reclaim: 0.0 ms]
      [Free CSet: 0.0 ms]
   [Eden: 12288.0K(12288.0K)->0.0B(50176.0K) Survivors: 1024.0K->1024.0K Heap: 200.0M(267.0M)->187.8M(267.0M)]
 [Times: user=0.00 sys=0.00, real=0.01 secs] 
2020-12-18T09:26:57.682+0530: 424824.253: [GC concurrent-string-deduplication, 7624.0B->5376.0B(2248.0B), avg 59.6%, 0.0000264 secs]
   [Last Exec: 0.0000264 secs, Idle: 0.0376857 secs, Blocked: 0/0.0000000 secs]
      [Inspected:             111]
         [Skipped:              0(  0.0%)]
         [Hashed:             100( 90.1%)]
         [Known:                0(  0.0%)]
         [New:                111(100.0%)   7624.0B]
      [Deduplicated:           67( 60.4%)   2248.0B( 29.5%)]
         [Young:               67(100.0%)   2248.0B(100.0%)]
         [Old:                  0(  0.0%)      0.0B(  0.0%)]
   [Total Exec: 1668/0.8704303 secs, Idle: 1668/424822.8905861 secs, Blocked: 130/0.0925528 secs]
      [Inspected:         2932408]
         [Skipped:              0(  0.0%)]
         [Hashed:         1222936( 41.7%)]
         [Known:           190119(  6.5%)]
         [New:            2742289( 93.5%)    213.4M]
      [Deduplicated:      1920164( 70.0%)    127.3M( 59.6%)]
         [Young:           788846( 41.1%)  61838.7K( 47.4%)]
         [Old:            1131318( 58.9%)  68491.6K( 52.6%)]
   [Table]
      [Memory Usage: 8448.9K]
      [Size: 262144, Min: 1024, Max: 16777216]
      [Entries: 264037, Load: 100.7%, Cached: 9066, Added: 985913, Removed: 721876]
      [Resize Count: 8, Shrink Threshold: 174762(66.7%), Grow Threshold: 524288(200.0%)]
      [Rehash Count: 0, Rehash Threshold: 120, Hash Seed: 0x0]
      [Age Threshold: 3]
   [Queue]
      [Dropped: 0]
[GC concurrent-string-deduplication, deleted 0 entries, 0.0000006 secs]
2020-12-18T09:31:57.839+0530: 425124.410: [GC pause (G1 Evacuation Pause) (young), 0.0074429 secs]
   [Parallel Time: 3.0 ms, GC Workers: 10]
      [GC Worker Start (ms): Min: 425124410.1, Avg: 425124410.4, Max: 425124410.6, Diff: 0.6]
      [Ext Root Scanning (ms): Min: 0.4, Avg: 0.8, Max: 1.5, Diff: 1.1, Sum: 7.5]
      [Update RS (ms): Min: 0.9, Avg: 1.3, Max: 1.5, Diff: 0.6, Sum: 12.6]
         [Processed Buffers: Min: 2, Avg: 6.5, Max: 21, Diff: 19, Sum: 65]
      [Scan RS (ms): Min: 0.0, Avg: 0.0, Max: 0.0, Diff: 0.0, Sum: 0.0]
      [Code Root Scanning (ms): Min: 0.0, Avg: 0.0, Max: 0.0, Diff: 0.0, Sum: 0.0]
      [Object Copy (ms): Min: 0.1, Avg: 0.2, Max: 0.3, Diff: 0.2, Sum: 1.9]
      [Termination (ms): Min: 0.0, Avg: 0.1, Max: 0.1, Diff: 0.1, Sum: 1.0]
         [Termination Attempts: Min: 1, Avg: 1.1, Max: 2, Diff: 1, Sum: 11]
      [GC Worker Other (ms): Min: 0.0, Avg: 0.0, Max: 0.0, Diff: 0.0, Sum: 0.1]
      [GC Worker Total (ms): Min: 2.0, Avg: 2.3, Max: 2.6, Diff: 0.6, Sum: 23.1]
      [GC Worker End (ms): Min: 425124412.7, Avg: 425124412.7, Max: 425124412.7, Diff: 0.0]
   [Code Root Fixup: 0.0 ms]
   [Code Root Purge: 0.0 ms]
   [String Dedup Fixup: 2.4 ms, GC Workers: 10]
      [Queue Fixup (ms): Min: 0.0, Avg: 0.0, Max: 0.0, Diff: 0.0, Sum: 0.0]
      [Table Fixup (ms): Min: 1.7, Avg: 1.8, Max: 1.9, Diff: 0.3, Sum: 17.6]
   [Clear CT: 0.9 ms]
   [Other: 1.2 ms]
      [Choose CSet: 0.0 ms]
      [Ref Proc: 0.3 ms]
      [Ref Enq: 0.0 ms]
      [Redirty Cards: 0.8 ms]
      [Humongous Register: 0.0 ms]
      [Humongous Reclaim: 0.0 ms]
      [Free CSet: 0.0 ms]
   [Eden: 50176.0K(50176.0K)->0.0B(50176.0K) Survivors: 1024.0K->1024.0K Heap: 236.8M(267.0M)->188.1M(267.0M)]
 [Times: user=0.16 sys=0.00, real=0.01 secs] 
2020-12-18T09:31:57.846+0530: 425124.418: [GC concurrent-string-deduplication, 432.0B->432.0B(0.0B), avg 59.6%, 0.0000063 secs]
   [Last Exec: 0.0000063 secs, Idle: 300.1650030 secs, Blocked: 0/0.0000000 secs]
      [Inspected:               9]
         [Skipped:              0(  0.0%)]
         [Hashed:               2( 22.2%)]
         [Known:                7( 77.8%)]
         [New:                  2( 22.2%)    432.0B]
      [Deduplicated:            0(  0.0%)      0.0B(  0.0%)]
         [Young:                0(  0.0%)      0.0B(  0.0%)]
         [Old:                  0(  0.0%)      0.0B(  0.0%)]
   [Total Exec: 1669/0.8704366 secs, Idle: 1669/425123.0555891 secs, Blocked: 130/0.0925528 secs]
      [Inspected:         2932417]
         [Skipped:              0(  0.0%)]
         [Hashed:         1222938( 41.7%)]
         [Known:           190126(  6.5%)]
         [New:            2742291( 93.5%)    213.4M]
      [Deduplicated:      1920164( 70.0%)    127.3M( 59.6%)]
         [Young:           788846( 41.1%)  61838.7K( 47.4%)]
         [Old:            1131318( 58.9%)  68491.6K( 52.6%)]
   [Table]
      [Memory Usage: 8448.9K]
      [Size: 262144, Min: 1024, Max: 16777216]
      [Entries: 264039, Load: 100.7%, Cached: 9064, Added: 985915, Removed: 721876]
      [Resize Count: 8, Shrink Threshold: 174762(66.7%), Grow Threshold: 524288(200.0%)]
      [Rehash Count: 0, Rehash Threshold: 120, Hash Seed: 0x0]
      [Age Threshold: 3]
   [Queue]
      [Dropped: 0]
[GC concurrent-string-deduplication, deleted 0 entries, 0.0000006 secs]
2020-12-18T09:37:11.190+0530: 425437.761: [GC pause (G1 Evacuation Pause) (young) (initial-mark), 0.0079993 secs]
   [Parallel Time: 3.4 ms, GC Workers: 10]
      [GC Worker Start (ms): Min: 425437761.6, Avg: 425437761.9, Max: 425437762.2, Diff: 0.6]
      [Ext Root Scanning (ms): Min: 1.1, Avg: 1.5, Max: 2.0, Diff: 0.9, Sum: 15.2]
      [Update RS (ms): Min: 0.3, Avg: 0.4, Max: 0.7, Diff: 0.4, Sum: 4.0]
         [Processed Buffers: Min: 1, Avg: 5.5, Max: 18, Diff: 17, Sum: 55]
      [Scan RS (ms): Min: 0.0, Avg: 0.0, Max: 0.0, Diff: 0.0, Sum: 0.0]
      [Code Root Scanning (ms): Min: 0.0, Avg: 0.0, Max: 0.0, Diff: 0.0, Sum: 0.0]
      [Object Copy (ms): Min: 0.0, Avg: 0.2, Max: 0.3, Diff: 0.2, Sum: 1.8]
      [Termination (ms): Min: 0.0, Avg: 0.2, Max: 0.2, Diff: 0.2, Sum: 1.6]
         [Termination Attempts: Min: 1, Avg: 7.1, Max: 12, Diff: 11, Sum: 71]
      [GC Worker Other (ms): Min: 0.0, Avg: 0.0, Max: 0.0, Diff: 0.0, Sum: 0.1]
      [GC Worker Total (ms): Min: 2.0, Avg: 2.3, Max: 2.6, Diff: 0.6, Sum: 22.8]
      [GC Worker End (ms): Min: 425437764.2, Avg: 425437764.2, Max: 425437764.2, Diff: 0.0]
   [Code Root Fixup: 0.0 ms]
   [Code Root Purge: 0.0 ms]
   [String Dedup Fixup: 2.4 ms, GC Workers: 10]
      [Queue Fixup (ms): Min: 0.0, Avg: 0.0, Max: 0.0, Diff: 0.0, Sum: 0.0]
      [Table Fixup (ms): Min: 1.7, Avg: 1.7, Max: 1.9, Diff: 0.2, Sum: 17.5]
   [Clear CT: 0.7 ms]
   [Other: 1.5 ms]
      [Choose CSet: 0.0 ms]
      [Ref Proc: 0.7 ms]
      [Ref Enq: 0.0 ms]
      [Redirty Cards: 0.6 ms]
      [Humongous Register: 0.0 ms]
      [Humongous Reclaim: 0.0 ms]
      [Free CSet: 0.1 ms]
   [Eden: 50176.0K(50176.0K)->0.0B(50176.0K) Survivors: 1024.0K->1024.0K Heap: 237.1M(267.0M)->188.1M(267.0M)]
 [Times: user=0.00 sys=0.00, real=0.01 secs] 
2020-12-18T09:37:11.198+0530: 425437.770: [GC concurrent-root-region-scan-start]
2020-12-18T09:37:11.200+0530: 425437.771: [GC concurrent-root-region-scan-end, 0.0016673 secs]
2020-12-18T09:37:11.200+0530: 425437.771: [GC concurrent-mark-start]
2020-12-18T09:37:11.280+0530: 425437.851: [GC concurrent-mark-end, 0.0795410 secs]
2020-12-18T09:37:11.280+0530: 425437.851: [GC remark 2020-12-18T09:37:11.280+0530: 425437.851: [Finalize Marking, 0.0004068 secs] 2020-12-18T09:37:11.280+0530: 425437.852: [GC ref-proc, 0.0005038 secs] 2020-12-18T09:37:11.281+0530: 425437.852: [Unloading, 0.0197911 secs], 0.0216563 secs]
 [Times: user=0.17 sys=0.00, real=0.02 secs] 
2020-12-18T09:37:11.302+0530: 425437.873: [GC cleanup 188M->188M(267M), 0.0034252 secs]
 [Times: user=0.00 sys=0.00, real=0.00 secs] 
2020-12-18T09:45:48.317+0530: 425954.888: [GC pause (G1 Evacuation Pause) (young), 0.0078505 secs]
   [Parallel Time: 2.9 ms, GC Workers: 10]
      [GC Worker Start (ms): Min: 425954888.1, Avg: 425954888.7, Max: 425954889.0, Diff: 0.8]
      [Ext Root Scanning (ms): Min: 0.5, Avg: 0.8, Max: 1.8, Diff: 1.3, Sum: 8.0]
      [Update RS (ms): Min: 0.2, Avg: 0.5, Max: 0.8, Diff: 0.6, Sum: 5.3]
         [Processed Buffers: Min: 2, Avg: 5.9, Max: 17, Diff: 15, Sum: 59]
      [Scan RS (ms): Min: 0.0, Avg: 0.0, Max: 0.0, Diff: 0.0, Sum: 0.0]
      [Code Root Scanning (ms): Min: 0.0, Avg: 0.0, Max: 0.0, Diff: 0.0, Sum: 0.0]
      [Object Copy (ms): Min: 0.0, Avg: 0.2, Max: 0.2, Diff: 0.2, Sum: 1.5]
      [Termination (ms): Min: 0.0, Avg: 0.2, Max: 0.3, Diff: 0.3, Sum: 2.2]
         [Termination Attempts: Min: 1, Avg: 3.4, Max: 6, Diff: 5, Sum: 34]
      [GC Worker Other (ms): Min: 0.0, Avg: 0.0, Max: 0.0, Diff: 0.0, Sum: 0.1]
      [GC Worker Total (ms): Min: 1.5, Avg: 1.7, Max: 2.3, Diff: 0.8, Sum: 17.1]
      [GC Worker End (ms): Min: 425954890.4, Avg: 425954890.4, Max: 425954890.5, Diff: 0.0]
   [Code Root Fixup: 0.0 ms]
   [Code Root Purge: 0.0 ms]
   [String Dedup Fixup: 2.5 ms, GC Workers: 10]
      [Queue Fixup (ms): Min: 0.0, Avg: 0.0, Max: 0.0, Diff: 0.0, Sum: 0.0]
      [Table Fixup (ms): Min: 1.8, Avg: 1.9, Max: 2.1, Diff: 0.3, Sum: 19.0]
   [Clear CT: 0.8 ms]
   [Other: 1.6 ms]
      [Choose CSet: 0.0 ms]
      [Ref Proc: 0.7 ms]
      [Ref Enq: 0.0 ms]
      [Redirty Cards: 0.6 ms]
      [Humongous Register: 0.0 ms]
      [Humongous Reclaim: 0.0 ms]
      [Free CSet: 0.0 ms]
   [Eden: 50176.0K(50176.0K)->0.0B(12288.0K) Survivors: 1024.0K->1024.0K Heap: 237.1M(267.0M)->187.8M(267.0M)]
 [Times: user=0.00 sys=0.00, real=0.01 secs] 
2020-12-18T09:45:48.325+0530: 425954.896: [GC concurrent-string-deduplication, 264.0B->264.0B(0.0B), avg 59.6%, 0.0000035 secs]
   [Last Exec: 0.0000035 secs, Idle: 830.4781842 secs, Blocked: 0/0.0000000 secs]
      [Inspected:               1]
         [Skipped:              0(  0.0%)]
         [Hashed:               1(100.0%)]
         [Known:                0(  0.0%)]
         [New:                  1(100.0%)    264.0B]
      [Deduplicated:            0(  0.0%)      0.0B(  0.0%)]
         [Young:                0(  0.0%)      0.0B(  0.0%)]
         [Old:                  0(  0.0%)      0.0B(  0.0%)]
   [Total Exec: 1670/0.8704401 secs, Idle: 1670/425953.5337733 secs, Blocked: 130/0.0925528 secs]
      [Inspected:         2932418]
         [Skipped:              0(  0.0%)]
         [Hashed:         1222939( 41.7%)]
         [Known:           190126(  6.5%)]
         [New:            2742292( 93.5%)    213.4M]
      [Deduplicated:      1920164( 70.0%)    127.3M( 59.6%)]
         [Young:           788846( 41.1%)  61838.7K( 47.4%)]
         [Old:            1131318( 58.9%)  68491.6K( 52.6%)]
   [Table]
      [Memory Usage: 8448.9K]
      [Size: 262144, Min: 1024, Max: 16777216]
      [Entries: 263997, Load: 100.7%, Cached: 9106, Added: 985957, Removed: 721960]
      [Resize Count: 8, Shrink Threshold: 174762(66.7%), Grow Threshold: 524288(200.0%)]
      [Rehash Count: 0, Rehash Threshold: 120, Hash Seed: 0x0]
      [Age Threshold: 3]
   [Queue]
      [Dropped: 0]
[GC concurrent-string-deduplication, deleted 0 entries, 0.0000008 secs]
2020-12-18T09:46:58.249+0530: 426024.819: [GC pause (G1 Evacuation Pause) (mixed), 0.0068773 secs]
   [Parallel Time: 2.0 ms, GC Workers: 10]
      [GC Worker Start (ms): Min: 426024819.5, Avg: 426024819.7, Max: 426024819.8, Diff: 0.3]
      [Ext Root Scanning (ms): Min: 0.6, Avg: 0.8, Max: 1.6, Diff: 1.0, Sum: 7.6]
      [Update RS (ms): Min: 0.0, Avg: 0.4, Max: 0.6, Diff: 0.6, Sum: 3.9]
         [Processed Buffers: Min: 0, Avg: 3.2, Max: 10, Diff: 10, Sum: 32]
      [Scan RS (ms): Min: 0.1, Avg: 0.3, Max: 0.4, Diff: 0.3, Sum: 2.9]
      [Code Root Scanning (ms): Min: 0.0, Avg: 0.0, Max: 0.0, Diff: 0.0, Sum: 0.0]
      [Object Copy (ms): Min: 0.2, Avg: 0.3, Max: 0.3, Diff: 0.1, Sum: 3.1]
      [Termination (ms): Min: 0.0, Avg: 0.0, Max: 0.0, Diff: 0.0, Sum: 0.0]
         [Termination Attempts: Min: 1, Avg: 1.7, Max: 3, Diff: 2, Sum: 17]
      [GC Worker Other (ms): Min: 0.0, Avg: 0.0, Max: 0.0, Diff: 0.0, Sum: 0.1]
      [GC Worker Total (ms): Min: 1.7, Avg: 1.8, Max: 1.9, Diff: 0.3, Sum: 17.7]
      [GC Worker End (ms): Min: 426024821.4, Avg: 426024821.4, Max: 426024821.5, Diff: 0.0]
   [Code Root Fixup: 0.0 ms]
   [Code Root Purge: 0.0 ms]
   [String Dedup Fixup: 2.4 ms, GC Workers: 10]
      [Queue Fixup (ms): Min: 0.0, Avg: 0.0, Max: 0.0, Diff: 0.0, Sum: 0.0]
      [Table Fixup (ms): Min: 1.7, Avg: 1.8, Max: 1.9, Diff: 0.2, Sum: 17.6]
   [Clear CT: 0.9 ms]
   [Other: 1.6 ms]
      [Choose CSet: 0.0 ms]
      [Ref Proc: 0.6 ms]
      [Ref Enq: 0.0 ms]
      [Redirty Cards: 0.8 ms]
      [Humongous Register: 0.0 ms]
      [Humongous Reclaim: 0.0 ms]
      [Free CSet: 0.0 ms]
   [Eden: 12288.0K(12288.0K)->0.0B(50176.0K) Survivors: 1024.0K->1024.0K Heap: 199.8M(267.0M)->187.3M(267.0M)]
 [Times: user=0.16 sys=0.00, real=0.01 secs] 
2020-12-18T09:46:58.256+0530: 426024.826: [GC concurrent-string-deduplication, 264.0B->264.0B(0.0B), avg 59.6%, 0.0000032 secs]
   [Last Exec: 0.0000032 secs, Idle: 69.9305583 secs, Blocked: 0/0.0000000 secs]
      [Inspected:               1]
         [Skipped:              0(  0.0%)]
         [Hashed:               1(100.0%)]
         [Known:                0(  0.0%)]
         [New:                  1(100.0%)    264.0B]
      [Deduplicated:            0(  0.0%)      0.0B(  0.0%)]
         [Young:                0(  0.0%)      0.0B(  0.0%)]
         [Old:                  0(  0.0%)      0.0B(  0.0%)]
   [Total Exec: 1671/0.8704433 secs, Idle: 1671/426023.4643316 secs, Blocked: 130/0.0925528 secs]
      [Inspected:         2932419]
         [Skipped:              0(  0.0%)]
         [Hashed:         1222940( 41.7%)]
         [Known:           190126(  6.5%)]
         [New:            2742293( 93.5%)    213.4M]
      [Deduplicated:      1920164( 70.0%)    127.3M( 59.6%)]
         [Young:           788846( 41.1%)  61838.7K( 47.4%)]
         [Old:            1131318( 58.9%)  68491.6K( 52.6%)]
   [Table]
      [Memory Usage: 8448.9K]
      [Size: 262144, Min: 1024, Max: 16777216]
      [Entries: 263998, Load: 100.7%, Cached: 9105, Added: 985958, Removed: 721960]
      [Resize Count: 8, Shrink Threshold: 174762(66.7%), Grow Threshold: 524288(200.0%)]
      [Rehash Count: 0, Rehash Threshold: 120, Hash Seed: 0x0]
      [Age Threshold: 3]
   [Queue]
      [Dropped: 0]
[GC concurrent-string-deduplication, deleted 0 entries, 0.0000007 secs]
2020-12-18T09:51:58.400+0530: 426324.971: [GC pause (G1 Evacuation Pause) (young), 0.0086011 secs]
   [Parallel Time: 3.4 ms, GC Workers: 10]
      [GC Worker Start (ms): Min: 426324971.1, Avg: 426324971.3, Max: 426324971.4, Diff: 0.3]
      [Ext Root Scanning (ms): Min: 0.6, Avg: 0.9, Max: 1.8, Diff: 1.2, Sum: 8.7]
      [Update RS (ms): Min: 1.0, Avg: 1.6, Max: 1.9, Diff: 0.9, Sum: 15.7]
         [Processed Buffers: Min: 2, Avg: 5.7, Max: 15, Diff: 13, Sum: 57]
      [Scan RS (ms): Min: 0.0, Avg: 0.0, Max: 0.0, Diff: 0.0, Sum: 0.0]
      [Code Root Scanning (ms): Min: 0.0, Avg: 0.0, Max: 0.0, Diff: 0.0, Sum: 0.0]
      [Object Copy (ms): Min: 0.0, Avg: 0.2, Max: 0.3, Diff: 0.3, Sum: 1.9]
      [Termination (ms): Min: 0.0, Avg: 0.1, Max: 0.2, Diff: 0.2, Sum: 1.5]
         [Termination Attempts: Min: 1, Avg: 1.0, Max: 1, Diff: 0, Sum: 10]
      [GC Worker Other (ms): Min: 0.0, Avg: 0.0, Max: 0.0, Diff: 0.0, Sum: 0.1]
      [GC Worker Total (ms): Min: 2.7, Avg: 2.8, Max: 2.9, Diff: 0.3, Sum: 27.9]
      [GC Worker End (ms): Min: 426324974.1, Avg: 426324974.1, Max: 426324974.1, Diff: 0.0]
   [Code Root Fixup: 0.0 ms]
   [Code Root Purge: 0.0 ms]
   [String Dedup Fixup: 2.6 ms, GC Workers: 10]
      [Queue Fixup (ms): Min: 0.0, Avg: 0.0, Max: 0.0, Diff: 0.0, Sum: 0.0]
      [Table Fixup (ms): Min: 2.0, Avg: 2.1, Max: 2.3, Diff: 0.2, Sum: 21.2]
   [Clear CT: 0.9 ms]
   [Other: 1.7 ms]
      [Choose CSet: 0.0 ms]
      [Ref Proc: 0.7 ms]
      [Ref Enq: 0.0 ms]
      [Redirty Cards: 0.8 ms]
      [Humongous Register: 0.0 ms]
      [Humongous Reclaim: 0.0 ms]
      [Free CSet: 0.0 ms]
   [Eden: 50176.0K(50176.0K)->0.0B(50176.0K) Survivors: 1024.0K->1024.0K Heap: 236.3M(267.0M)->187.7M(267.0M)]
 [Times: user=0.16 sys=0.00, real=0.01 secs] 
2020-12-18T09:51:58.409+0530: 426324.980: [GC concurrent-string-deduplication, 528.0B->528.0B(0.0B), avg 59.6%, 0.0000156 secs]
   [Last Exec: 0.0000156 secs, Idle: 300.1533311 secs, Blocked: 0/0.0000000 secs]
      [Inspected:              43]
         [Skipped:              0(  0.0%)]
         [Hashed:               2(  4.7%)]
         [Known:               41( 95.3%)]
         [New:                  2(  4.7%)    528.0B]
      [Deduplicated:            0(  0.0%)      0.0B(  0.0%)]
         [Young:                0(  0.0%)      0.0B(  0.0%)]
         [Old:                  0(  0.0%)      0.0B(  0.0%)]
   [Total Exec: 1672/0.8704589 secs, Idle: 1672/426323.6176627 secs, Blocked: 130/0.0925528 secs]
      [Inspected:         2932462]
         [Skipped:              0(  0.0%)]
         [Hashed:         1222942( 41.7%)]
         [Known:           190167(  6.5%)]
         [New:            2742295( 93.5%)    213.4M]
      [Deduplicated:      1920164( 70.0%)    127.3M( 59.6%)]
         [Young:           788846( 41.1%)  61838.7K( 47.4%)]
         [Old:            1131318( 58.9%)  68491.6K( 52.6%)]
   [Table]
      [Memory Usage: 8448.9K]
      [Size: 262144, Min: 1024, Max: 16777216]
      [Entries: 263999, Load: 100.7%, Cached: 9104, Added: 985960, Removed: 721961]
      [Resize Count: 8, Shrink Threshold: 174762(66.7%), Grow Threshold: 524288(200.0%)]
      [Rehash Count: 0, Rehash Threshold: 120, Hash Seed: 0x0]
      [Age Threshold: 3]
   [Queue]
      [Dropped: 0]
[GC concurrent-string-deduplication, deleted 0 entries, 0.0000007 secs]
2020-12-18T09:56:58.567+0530: 426625.138: [GC pause (G1 Evacuation Pause) (young) (initial-mark), 0.0082415 secs]
   [Parallel Time: 2.9 ms, GC Workers: 10]
      [GC Worker Start (ms): Min: 426625138.1, Avg: 426625138.3, Max: 426625138.5, Diff: 0.4]
      [Ext Root Scanning (ms): Min: 1.4, Avg: 1.7, Max: 2.0, Diff: 0.6, Sum: 17.1]
      [Update RS (ms): Min: 0.3, Avg: 0.5, Max: 0.7, Diff: 0.4, Sum: 4.8]
         [Processed Buffers: Min: 1, Avg: 5.0, Max: 13, Diff: 12, Sum: 50]
      [Scan RS (ms): Min: 0.0, Avg: 0.0, Max: 0.0, Diff: 0.0, Sum: 0.0]
      [Code Root Scanning (ms): Min: 0.0, Avg: 0.0, Max: 0.0, Diff: 0.0, Sum: 0.0]
      [Object Copy (ms): Min: 0.1, Avg: 0.2, Max: 0.3, Diff: 0.2, Sum: 1.8]
      [Termination (ms): Min: 0.0, Avg: 0.1, Max: 0.2, Diff: 0.2, Sum: 1.4]
         [Termination Attempts: Min: 1, Avg: 1.0, Max: 1, Diff: 0, Sum: 10]
      [GC Worker Other (ms): Min: 0.0, Avg: 0.0, Max: 0.0, Diff: 0.0, Sum: 0.1]
      [GC Worker Total (ms): Min: 2.3, Avg: 2.5, Max: 2.8, Diff: 0.4, Sum: 25.3]
      [GC Worker End (ms): Min: 426625140.8, Avg: 426625140.8, Max: 426625140.8, Diff: 0.0]
   [Code Root Fixup: 0.0 ms]
   [Code Root Purge: 0.0 ms]
   [String Dedup Fixup: 2.4 ms, GC Workers: 10]
      [Queue Fixup (ms): Min: 0.0, Avg: 0.0, Max: 0.0, Diff: 0.0, Sum: 0.0]
      [Table Fixup (ms): Min: 1.7, Avg: 1.8, Max: 2.0, Diff: 0.3, Sum: 17.9]
   [Clear CT: 0.9 ms]
   [Other: 2.0 ms]
      [Choose CSet: 0.0 ms]
      [Ref Proc: 0.9 ms]
      [Ref Enq: 0.0 ms]
      [Redirty Cards: 0.9 ms]
      [Humongous Register: 0.0 ms]
      [Humongous Reclaim: 0.0 ms]
      [Free CSet: 0.1 ms]
   [Eden: 50176.0K(50176.0K)->0.0B(50176.0K) Survivors: 1024.0K->1024.0K Heap: 236.7M(267.0M)->187.5M(267.0M)]
 [Times: user=0.00 sys=0.00, real=0.01 secs] 
2020-12-18T09:56:58.575+0530: 426625.146: [GC concurrent-root-region-scan-start]
2020-12-18T09:56:58.577+0530: 426625.148: [GC concurrent-root-region-scan-end, 0.0016767 secs]
2020-12-18T09:56:58.577+0530: 426625.148: [GC concurrent-mark-start]
2020-12-18T09:56:58.663+0530: 426625.234: [GC concurrent-mark-end, 0.0862520 secs]
2020-12-18T09:56:58.664+0530: 426625.235: [GC remark 2020-12-18T09:56:58.664+0530: 426625.235: [Finalize Marking, 0.0008429 secs] 2020-12-18T09:56:58.665+0530: 426625.236: [GC ref-proc, 0.0005166 secs] 2020-12-18T09:56:58.665+0530: 426625.236: [Unloading, 0.0213324 secs], 0.0235991 secs]
 [Times: user=0.16 sys=0.00, real=0.02 secs] 
2020-12-18T09:56:58.688+0530: 426625.259: [GC cleanup 194M->194M(267M), 0.0081883 secs]
 [Times: user=0.00 sys=0.00, real=0.01 secs] 
2020-12-18T10:01:58.763+0530: 426925.334: [GC pause (G1 Evacuation Pause) (young), 0.0068918 secs]
   [Parallel Time: 2.3 ms, GC Workers: 10]
      [GC Worker Start (ms): Min: 426925334.2, Avg: 426925334.4, Max: 426925334.5, Diff: 0.4]
      [Ext Root Scanning (ms): Min: 0.6, Avg: 0.8, Max: 1.8, Diff: 1.3, Sum: 7.9]
      [Update RS (ms): Min: 0.0, Avg: 0.5, Max: 0.8, Diff: 0.8, Sum: 5.1]
         [Processed Buffers: Min: 0, Avg: 5.4, Max: 13, Diff: 13, Sum: 54]
      [Scan RS (ms): Min: 0.0, Avg: 0.0, Max: 0.0, Diff: 0.0, Sum: 0.0]
      [Code Root Scanning (ms): Min: 0.0, Avg: 0.0, Max: 0.0, Diff: 0.0, Sum: 0.0]
      [Object Copy (ms): Min: 0.0, Avg: 0.1, Max: 0.3, Diff: 0.3, Sum: 1.4]
      [Termination (ms): Min: 0.0, Avg: 0.1, Max: 0.2, Diff: 0.2, Sum: 1.5]
         [Termination Attempts: Min: 1, Avg: 5.9, Max: 14, Diff: 13, Sum: 59]
      [GC Worker Other (ms): Min: 0.0, Avg: 0.0, Max: 0.0, Diff: 0.0, Sum: 0.1]
      [GC Worker Total (ms): Min: 1.5, Avg: 1.6, Max: 1.8, Diff: 0.4, Sum: 16.0]
      [GC Worker End (ms): Min: 426925336.0, Avg: 426925336.0, Max: 426925336.0, Diff: 0.0]
   [Code Root Fixup: 0.0 ms]
   [Code Root Purge: 0.0 ms]
   [String Dedup Fixup: 2.4 ms, GC Workers: 10]
      [Queue Fixup (ms): Min: 0.0, Avg: 0.0, Max: 0.0, Diff: 0.0, Sum: 0.0]
      [Table Fixup (ms): Min: 1.7, Avg: 1.8, Max: 1.9, Diff: 0.2, Sum: 17.9]
   [Clear CT: 0.8 ms]
   [Other: 1.3 ms]
      [Choose CSet: 0.0 ms]
      [Ref Proc: 0.4 ms]
      [Ref Enq: 0.0 ms]
      [Redirty Cards: 0.8 ms]
      [Humongous Register: 0.0 ms]
      [Humongous Reclaim: 0.0 ms]
      [Free CSet: 0.0 ms]
   [Eden: 50176.0K(50176.0K)->0.0B(12288.0K) Survivors: 1024.0K->1024.0K Heap: 236.5M(267.0M)->187.4M(267.0M)]
 [Times: user=0.16 sys=0.00, real=0.01 secs] 
2020-12-18T10:01:58.770+0530: 426925.341: [GC concurrent-string-deduplication, 1416.0B->960.0B(456.0B), avg 59.6%, 0.0000099 secs]
   [Last Exec: 0.0000099 secs, Idle: 600.3612048 secs, Blocked: 0/0.0000000 secs]
      [Inspected:              18]
         [Skipped:              0(  0.0%)]
         [Hashed:              14( 77.8%)]
         [Known:                0(  0.0%)]
         [New:                 18(100.0%)   1416.0B]
      [Deduplicated:           11( 61.1%)    456.0B( 32.2%)]
         [Young:               11(100.0%)    456.0B(100.0%)]
         [Old:                  0(  0.0%)      0.0B(  0.0%)]
   [Total Exec: 1673/0.8704688 secs, Idle: 1673/426923.9788675 secs, Blocked: 130/0.0925528 secs]
      [Inspected:         2932480]
         [Skipped:              0(  0.0%)]
         [Hashed:         1222956( 41.7%)]
         [Known:           190167(  6.5%)]
         [New:            2742313( 93.5%)    213.4M]
      [Deduplicated:      1920175( 70.0%)    127.3M( 59.6%)]
         [Young:           788857( 41.1%)  61839.2K( 47.4%)]
         [Old:            1131318( 58.9%)  68491.6K( 52.6%)]
   [Table]
      [Memory Usage: 8448.9K]
      [Size: 262144, Min: 1024, Max: 16777216]
      [Entries: 264013, Load: 100.7%, Cached: 9090, Added: 985984, Removed: 721971]
      [Resize Count: 8, Shrink Threshold: 174762(66.7%), Grow Threshold: 524288(200.0%)]
      [Rehash Count: 0, Rehash Threshold: 120, Hash Seed: 0x0]
      [Age Threshold: 3]
   [Queue]
      [Dropped: 0]
[GC concurrent-string-deduplication, deleted 0 entries, 0.0000008 secs]
2020-12-18T10:05:29.603+0530: 427136.174: [GC pause (G1 Evacuation Pause) (mixed), 0.0078614 secs]
   [Parallel Time: 3.0 ms, GC Workers: 10]
      [GC Worker Start (ms): Min: 427136173.9, Avg: 427136174.1, Max: 427136174.2, Diff: 0.3]
      [Ext Root Scanning (ms): Min: 0.5, Avg: 0.7, Max: 1.4, Diff: 0.9, Sum: 6.8]
      [Update RS (ms): Min: 0.0, Avg: 0.5, Max: 0.7, Diff: 0.7, Sum: 4.5]
         [Processed Buffers: Min: 0, Avg: 4.3, Max: 13, Diff: 13, Sum: 43]
      [Scan RS (ms): Min: 0.3, Avg: 0.6, Max: 1.0, Diff: 0.7, Sum: 5.5]
      [Code Root Scanning (ms): Min: 0.0, Avg: 0.0, Max: 0.0, Diff: 0.0, Sum: 0.0]
      [Object Copy (ms): Min: 0.2, Avg: 0.6, Max: 0.7, Diff: 0.6, Sum: 6.2]
      [Termination (ms): Min: 0.0, Avg: 0.0, Max: 0.0, Diff: 0.0, Sum: 0.0]
         [Termination Attempts: Min: 1, Avg: 1.0, Max: 1, Diff: 0, Sum: 10]
      [GC Worker Other (ms): Min: 0.0, Avg: 0.0, Max: 0.0, Diff: 0.0, Sum: 0.1]
      [GC Worker Total (ms): Min: 2.2, Avg: 2.3, Max: 2.5, Diff: 0.3, Sum: 23.2]
      [GC Worker End (ms): Min: 427136176.4, Avg: 427136176.4, Max: 427136176.4, Diff: 0.0]
   [Code Root Fixup: 0.0 ms]
   [Code Root Purge: 0.0 ms]
   [String Dedup Fixup: 2.5 ms, GC Workers: 10]
      [Queue Fixup (ms): Min: 0.0, Avg: 0.0, Max: 0.0, Diff: 0.0, Sum: 0.0]
      [Table Fixup (ms): Min: 1.8, Avg: 1.9, Max: 2.0, Diff: 0.3, Sum: 18.6]
   [Clear CT: 0.8 ms]
   [Other: 1.5 ms]
      [Choose CSet: 0.0 ms]
      [Ref Proc: 0.5 ms]
      [Ref Enq: 0.0 ms]
      [Redirty Cards: 0.9 ms]
      [Humongous Register: 0.0 ms]
      [Humongous Reclaim: 0.0 ms]
      [Free CSet: 0.0 ms]
   [Eden: 12288.0K(12288.0K)->0.0B(50176.0K) Survivors: 1024.0K->1024.0K Heap: 199.4M(267.0M)->187.1M(267.0M)]
 [Times: user=0.00 sys=0.00, real=0.01 secs] 
2020-12-18T10:05:29.611+0530: 427136.182: [GC concurrent-string-deduplication, 264.0B->264.0B(0.0B), avg 59.6%, 0.0000036 secs]
   [Last Exec: 0.0000036 secs, Idle: 210.8407453 secs, Blocked: 0/0.0000000 secs]
      [Inspected:               1]
         [Skipped:              0(  0.0%)]
         [Hashed:               1(100.0%)]
         [Known:                0(  0.0%)]
         [New:                  1(100.0%)    264.0B]
      [Deduplicated:            0(  0.0%)      0.0B(  0.0%)]
         [Young:                0(  0.0%)      0.0B(  0.0%)]
         [Old:                  0(  0.0%)      0.0B(  0.0%)]
   [Total Exec: 1674/0.8704724 secs, Idle: 1674/427134.8196128 secs, Blocked: 130/0.0925528 secs]
      [Inspected:         2932481]
         [Skipped:              0(  0.0%)]
         [Hashed:         1222957( 41.7%)]
         [Known:           190167(  6.5%)]
         [New:            2742314( 93.5%)    213.4M]
      [Deduplicated:      1920175( 70.0%)    127.3M( 59.6%)]
         [Young:           788857( 41.1%)  61839.2K( 47.4%)]
         [Old:            1131318( 58.9%)  68491.6K( 52.6%)]
   [Table]
      [Memory Usage: 8448.9K]
      [Size: 262144, Min: 1024, Max: 16777216]
      [Entries: 264014, Load: 100.7%, Cached: 9089, Added: 985985, Removed: 721971]
      [Resize Count: 8, Shrink Threshold: 174762(66.7%), Grow Threshold: 524288(200.0%)]
      [Rehash Count: 0, Rehash Threshold: 120, Hash Seed: 0x0]
      [Age Threshold: 3]
   [Queue]
      [Dropped: 0]
[GC concurrent-string-deduplication, deleted 0 entries, 0.0000006 secs]
2020-12-18T10:11:58.991+0530: 427525.561: [GC pause (G1 Evacuation Pause) (young), 0.0086705 secs]
   [Parallel Time: 3.4 ms, GC Workers: 10]
      [GC Worker Start (ms): Min: 427525561.4, Avg: 427525561.6, Max: 427525561.7, Diff: 0.3]
      [Ext Root Scanning (ms): Min: 0.7, Avg: 0.9, Max: 2.0, Diff: 1.3, Sum: 9.0]
      [Update RS (ms): Min: 0.8, Avg: 1.4, Max: 1.8, Diff: 1.0, Sum: 14.2]
         [Processed Buffers: Min: 3, Avg: 7.0, Max: 15, Diff: 12, Sum: 70]
      [Scan RS (ms): Min: 0.0, Avg: 0.0, Max: 0.0, Diff: 0.0, Sum: 0.0]
      [Code Root Scanning (ms): Min: 0.0, Avg: 0.0, Max: 0.0, Diff: 0.0, Sum: 0.0]
      [Object Copy (ms): Min: 0.0, Avg: 0.2, Max: 0.3, Diff: 0.3, Sum: 1.9]
      [Termination (ms): Min: 0.0, Avg: 0.1, Max: 0.1, Diff: 0.1, Sum: 1.2]
         [Termination Attempts: Min: 1, Avg: 2.2, Max: 3, Diff: 2, Sum: 22]
      [GC Worker Other (ms): Min: 0.0, Avg: 0.0, Max: 0.1, Diff: 0.0, Sum: 0.3]
      [GC Worker Total (ms): Min: 2.5, Avg: 2.7, Max: 2.8, Diff: 0.3, Sum: 26.6]
      [GC Worker End (ms): Min: 427525564.2, Avg: 427525564.3, Max: 427525564.3, Diff: 0.0]
   [Code Root Fixup: 0.0 ms]
   [Code Root Purge: 0.0 ms]
   [String Dedup Fixup: 2.6 ms, GC Workers: 10]
      [Queue Fixup (ms): Min: 0.0, Avg: 0.0, Max: 0.0, Diff: 0.0, Sum: 0.0]
      [Table Fixup (ms): Min: 1.9, Avg: 2.0, Max: 2.2, Diff: 0.3, Sum: 20.0]
   [Clear CT: 0.8 ms]
   [Other: 1.9 ms]
      [Choose CSet: 0.0 ms]
      [Ref Proc: 0.8 ms]
      [Ref Enq: 0.0 ms]
      [Redirty Cards: 0.8 ms]
      [Humongous Register: 0.0 ms]
      [Humongous Reclaim: 0.0 ms]
      [Free CSet: 0.0 ms]
   [Eden: 50176.0K(50176.0K)->0.0B(50176.0K) Survivors: 1024.0K->1024.0K Heap: 236.1M(267.0M)->187.4M(267.0M)]
 [Times: user=0.00 sys=0.00, real=0.01 secs] 
2020-12-18T10:11:59.000+0530: 427525.570: [GC concurrent-string-deduplication, 5048.0B->1136.0B(3912.0B), avg 59.6%, 0.0000203 secs]
   [Last Exec: 0.0000203 secs, Idle: 389.3881905 secs, Blocked: 0/0.0000000 secs]
      [Inspected:              73]
         [Skipped:              0(  0.0%)]
         [Hashed:              56( 76.7%)]
         [Known:               17( 23.3%)]
         [New:                 56( 76.7%)   5048.0B]
      [Deduplicated:           52( 92.9%)   3912.0B( 77.5%)]
         [Young:               52(100.0%)   3912.0B(100.0%)]
         [Old:                  0(  0.0%)      0.0B(  0.0%)]
   [Total Exec: 1675/0.8704927 secs, Idle: 1675/427524.2078033 secs, Blocked: 130/0.0925528 secs]
      [Inspected:         2932554]
         [Skipped:              0(  0.0%)]
         [Hashed:         1223013( 41.7%)]
         [Known:           190184(  6.5%)]
         [New:            2742370( 93.5%)    213.4M]
      [Deduplicated:      1920227( 70.0%)    127.3M( 59.6%)]
         [Young:           788909( 41.1%)  61843.0K( 47.4%)]
         [Old:            1131318( 58.9%)  68491.6K( 52.6%)]
   [Table]
      [Memory Usage: 8448.9K]
      [Size: 262144, Min: 1024, Max: 16777216]
      [Entries: 264018, Load: 100.7%, Cached: 9085, Added: 985989, Removed: 721971]
      [Resize Count: 8, Shrink Threshold: 174762(66.7%), Grow Threshold: 524288(200.0%)]
      [Rehash Count: 0, Rehash Threshold: 120, Hash Seed: 0x0]
      [Age Threshold: 3]
   [Queue]
      [Dropped: 0]
[GC concurrent-string-deduplication, deleted 0 entries, 0.0000008 secs]
2020-12-18T10:16:59.145+0530: 427825.716: [GC pause (G1 Evacuation Pause) (young) (initial-mark), 0.0081970 secs]
   [Parallel Time: 3.8 ms, GC Workers: 10]
      [GC Worker Start (ms): Min: 427825716.2, Avg: 427825716.4, Max: 427825716.5, Diff: 0.3]
      [Ext Root Scanning (ms): Min: 1.9, Avg: 2.1, Max: 2.5, Diff: 0.6, Sum: 20.7]
      [Update RS (ms): Min: 0.3, Avg: 0.4, Max: 0.8, Diff: 0.5, Sum: 4.4]
         [Processed Buffers: Min: 1, Avg: 4.8, Max: 17, Diff: 16, Sum: 48]
      [Scan RS (ms): Min: 0.0, Avg: 0.0, Max: 0.0, Diff: 0.0, Sum: 0.0]
      [Code Root Scanning (ms): Min: 0.0, Avg: 0.0, Max: 0.0, Diff: 0.0, Sum: 0.0]
      [Object Copy (ms): Min: 0.1, Avg: 0.2, Max: 0.3, Diff: 0.2, Sum: 2.2]
      [Termination (ms): Min: 0.0, Avg: 0.2, Max: 0.2, Diff: 0.2, Sum: 1.8]
         [Termination Attempts: Min: 1, Avg: 1.3, Max: 2, Diff: 1, Sum: 13]
      [GC Worker Other (ms): Min: 0.0, Avg: 0.0, Max: 0.0, Diff: 0.0, Sum: 0.1]
      [GC Worker Total (ms): Min: 2.8, Avg: 2.9, Max: 3.1, Diff: 0.3, Sum: 29.3]
      [GC Worker End (ms): Min: 427825719.3, Avg: 427825719.3, Max: 427825719.3, Diff: 0.0]
   [Code Root Fixup: 0.0 ms]
   [Code Root Purge: 0.0 ms]
   [String Dedup Fixup: 2.5 ms, GC Workers: 10]
      [Queue Fixup (ms): Min: 0.0, Avg: 0.0, Max: 0.0, Diff: 0.0, Sum: 0.0]
      [Table Fixup (ms): Min: 1.7, Avg: 1.8, Max: 2.0, Diff: 0.3, Sum: 18.1]
   [Clear CT: 0.6 ms]
   [Other: 1.3 ms]
      [Choose CSet: 0.0 ms]
      [Ref Proc: 0.8 ms]
      [Ref Enq: 0.0 ms]
      [Redirty Cards: 0.2 ms]
      [Humongous Register: 0.0 ms]
      [Humongous Reclaim: 0.0 ms]
      [Free CSet: 0.1 ms]
   [Eden: 50176.0K(50176.0K)->0.0B(50176.0K) Survivors: 1024.0K->1024.0K Heap: 236.4M(267.0M)->187.5M(267.0M)]
 [Times: user=0.00 sys=0.00, real=0.01 secs] 
2020-12-18T10:16:59.153+0530: 427825.724: 2020-12-18T10:16:59.153+0530: 427825.724: [GC concurrent-string-deduplication, 264.0B->264.0B(0.0B), avg 59.6%, 0.0000053 secs]
[GC concurrent-root-region-scan-start]
   [Last Exec: 0.0000053 secs, Idle: 300.1542202 secs, Blocked: 0/0.0000000 secs]
      [Inspected:               1]
         [Skipped:              0(  0.0%)]
         [Hashed:               1(100.0%)]
         [Known:                0(  0.0%)]
         [New:                  1(100.0%)    264.0B]
      [Deduplicated:            0(  0.0%)      0.0B(  0.0%)]
         [Young:                0(  0.0%)      0.0B(  0.0%)]
         [Old:                  0(  0.0%)      0.0B(  0.0%)]
   [Total Exec: 1676/0.8704980 secs, Idle: 1676/427824.3620235 secs, Blocked: 130/0.0925528 secs]
      [Inspected:         2932555]
         [Skipped:              0(  0.0%)]
         [Hashed:         1223014( 41.7%)]
         [Known:           190184(  6.5%)]
         [New:            2742371( 93.5%)    213.4M]
      [Deduplicated:      1920227( 70.0%)    127.3M( 59.6%)]
         [Young:           788909( 41.1%)  61843.0K( 47.4%)]
         [Old:            1131318( 58.9%)  68491.6K( 52.6%)]
   [Table]
      [Memory Usage: 8448.9K]
      [Size: 262144, Min: 1024, Max: 16777216]
      [Entries: 264014, Load: 100.7%, Cached: 9089, Added: 985990, Removed: 721976]
      [Resize Count: 8, Shrink Threshold: 174762(66.7%), Grow Threshold: 524288(200.0%)]
      [Rehash Count: 0, Rehash Threshold: 120, Hash Seed: 0x0]
      [Age Threshold: 3]
   [Queue]
      [Dropped: 0]
[GC concurrent-string-deduplication, deleted 0 entries, 0.0000007 secs]
2020-12-18T10:16:59.156+0530: 427825.728: [GC concurrent-root-region-scan-end, 0.0030988 secs]
2020-12-18T10:16:59.156+0530: 427825.728: [GC concurrent-mark-start]
2020-12-18T10:16:59.241+0530: 427825.812: [GC concurrent-mark-end, 0.0842627 secs]
2020-12-18T10:16:59.241+0530: 427825.812: [GC remark 2020-12-18T10:16:59.241+0530: 427825.812: [Finalize Marking, 0.0007074 secs] 2020-12-18T10:16:59.242+0530: 427825.813: [GC ref-proc, 0.0005394 secs] 2020-12-18T10:16:59.242+0530: 427825.814: [Unloading, 0.0212831 secs], 0.0235116 secs]
 [Times: user=0.16 sys=0.00, real=0.02 secs] 
2020-12-18T10:16:59.265+0530: 427825.836: [GC cleanup 200M->200M(267M), 0.0041627 secs]
 [Times: user=0.00 sys=0.00, real=0.00 secs] 
2020-12-18T10:21:59.326+0530: 428125.898: [GC pause (G1 Evacuation Pause) (young), 0.0097259 secs]
   [Parallel Time: 2.3 ms, GC Workers: 10]
      [GC Worker Start (ms): Min: 428125897.8, Avg: 428125897.9, Max: 428125898.0, Diff: 0.3]
      [Ext Root Scanning (ms): Min: 0.5, Avg: 0.7, Max: 1.4, Diff: 0.8, Sum: 7.2]
      [Update RS (ms): Min: 0.4, Avg: 0.6, Max: 0.7, Diff: 0.3, Sum: 5.5]
         [Processed Buffers: Min: 2, Avg: 5.8, Max: 13, Diff: 11, Sum: 58]
      [Scan RS (ms): Min: 0.0, Avg: 0.0, Max: 0.0, Diff: 0.0, Sum: 0.0]
      [Code Root Scanning (ms): Min: 0.0, Avg: 0.0, Max: 0.0, Diff: 0.0, Sum: 0.0]
      [Object Copy (ms): Min: 0.0, Avg: 0.2, Max: 0.3, Diff: 0.3, Sum: 2.1]
      [Termination (ms): Min: 0.0, Avg: 0.1, Max: 0.1, Diff: 0.1, Sum: 1.2]
         [Termination Attempts: Min: 1, Avg: 1.0, Max: 1, Diff: 0, Sum: 10]
      [GC Worker Other (ms): Min: 0.0, Avg: 0.0, Max: 0.0, Diff: 0.0, Sum: 0.1]
      [GC Worker Total (ms): Min: 1.5, Avg: 1.6, Max: 1.8, Diff: 0.3, Sum: 16.1]
      [GC Worker End (ms): Min: 428125899.5, Avg: 428125899.5, Max: 428125899.5, Diff: 0.0]
   [Code Root Fixup: 0.0 ms]
   [Code Root Purge: 0.0 ms]
   [String Dedup Fixup: 2.5 ms, GC Workers: 10]
      [Queue Fixup (ms): Min: 0.0, Avg: 0.0, Max: 0.0, Diff: 0.0, Sum: 0.0]
      [Table Fixup (ms): Min: 1.8, Avg: 1.9, Max: 2.0, Diff: 0.3, Sum: 18.9]
   [Clear CT: 0.8 ms]
   [Other: 4.0 ms]
      [Choose CSet: 0.0 ms]
      [Ref Proc: 3.0 ms]
      [Ref Enq: 0.0 ms]
      [Redirty Cards: 0.8 ms]
      [Humongous Register: 0.0 ms]
      [Humongous Reclaim: 0.0 ms]
      [Free CSet: 0.1 ms]
   [Eden: 50176.0K(50176.0K)->0.0B(46080.0K) Survivors: 1024.0K->3072.0K Heap: 236.5M(267.0M)->189.9M(267.0M)]
 [Times: user=0.16 sys=0.00, real=0.01 secs] 
2020-12-18T10:21:59.336+0530: 428125.908: [GC concurrent-string-deduplication, 264.0B->264.0B(0.0B), avg 59.6%, 0.0000034 secs]
   [Last Exec: 0.0000034 secs, Idle: 300.1830328 secs, Blocked: 0/0.0000000 secs]
      [Inspected:               1]
         [Skipped:              0(  0.0%)]
         [Hashed:               1(100.0%)]
         [Known:                0(  0.0%)]
         [New:                  1(100.0%)    264.0B]
      [Deduplicated:            0(  0.0%)      0.0B(  0.0%)]
         [Young:                0(  0.0%)      0.0B(  0.0%)]
         [Old:                  0(  0.0%)      0.0B(  0.0%)]
   [Total Exec: 1677/0.8705014 secs, Idle: 1677/428124.5450563 secs, Blocked: 130/0.0925528 secs]
      [Inspected:         2932556]
         [Skipped:              0(  0.0%)]
         [Hashed:         1223015( 41.7%)]
         [Known:           190184(  6.5%)]
         [New:            2742372( 93.5%)    213.4M]
      [Deduplicated:      1920227( 70.0%)    127.3M( 59.6%)]
         [Young:           788909( 41.1%)  61843.0K( 47.4%)]
         [Old:            1131318( 58.9%)  68491.6K( 52.6%)]
   [Table]
      [Memory Usage: 8448.9K]
      [Size: 262144, Min: 1024, Max: 16777216]
      [Entries: 264012, Load: 100.7%, Cached: 9091, Added: 986029, Removed: 722017]
      [Resize Count: 8, Shrink Threshold: 174762(66.7%), Grow Threshold: 524288(200.0%)]
      [Rehash Count: 0, Rehash Threshold: 120, Hash Seed: 0x0]
      [Age Threshold: 3]
   [Queue]
      [Dropped: 0]
[GC concurrent-string-deduplication, deleted 0 entries, 0.0000006 secs]
2020-12-18T10:26:59.491+0530: 428426.062: [GC pause (G1 Evacuation Pause) (young), 0.0071150 secs]
   [Parallel Time: 2.5 ms, GC Workers: 10]
      [GC Worker Start (ms): Min: 428426062.1, Avg: 428426062.3, Max: 428426062.5, Diff: 0.5]
      [Ext Root Scanning (ms): Min: 0.4, Avg: 0.7, Max: 1.6, Diff: 1.1, Sum: 7.1]
      [Update RS (ms): Min: 0.0, Avg: 0.5, Max: 0.9, Diff: 0.9, Sum: 5.4]
         [Processed Buffers: Min: 0, Avg: 5.1, Max: 17, Diff: 17, Sum: 51]
      [Scan RS (ms): Min: 0.0, Avg: 0.0, Max: 0.0, Diff: 0.0, Sum: 0.0]
      [Code Root Scanning (ms): Min: 0.0, Avg: 0.0, Max: 0.0, Diff: 0.0, Sum: 0.0]
      [Object Copy (ms): Min: 0.1, Avg: 0.2, Max: 0.3, Diff: 0.2, Sum: 2.0]
      [Termination (ms): Min: 0.0, Avg: 0.2, Max: 0.2, Diff: 0.2, Sum: 1.8]
         [Termination Attempts: Min: 1, Avg: 1.0, Max: 1, Diff: 0, Sum: 10]
      [GC Worker Other (ms): Min: 0.0, Avg: 0.0, Max: 0.0, Diff: 0.0, Sum: 0.1]
      [GC Worker Total (ms): Min: 1.4, Avg: 1.6, Max: 1.9, Diff: 0.5, Sum: 16.4]
      [GC Worker End (ms): Min: 428426064.0, Avg: 428426064.0, Max: 428426064.0, Diff: 0.0]
   [Code Root Fixup: 0.0 ms]
   [Code Root Purge: 0.0 ms]
   [String Dedup Fixup: 2.3 ms, GC Workers: 10]
      [Queue Fixup (ms): Min: 0.0, Avg: 0.0, Max: 0.0, Diff: 0.0, Sum: 0.0]
      [Table Fixup (ms): Min: 1.7, Avg: 1.7, Max: 1.9, Diff: 0.2, Sum: 17.5]
   [Clear CT: 0.8 ms]
   [Other: 1.5 ms]
      [Choose CSet: 0.0 ms]
      [Ref Proc: 0.7 ms]
      [Ref Enq: 0.0 ms]
      [Redirty Cards: 0.7 ms]
      [Humongous Register: 0.0 ms]
      [Humongous Reclaim: 0.0 ms]
      [Free CSet: 0.0 ms]
   [Eden: 46080.0K(46080.0K)->0.0B(50176.0K) Survivors: 3072.0K->1024.0K Heap: 234.9M(267.0M)->187.8M(267.0M)]
 [Times: user=0.00 sys=0.00, real=0.01 secs] 
2020-12-18T10:26:59.499+0530: 428426.069: [GC concurrent-string-deduplication, 264.0B->264.0B(0.0B), avg 59.6%, 0.0000032 secs]
   [Last Exec: 0.0000032 secs, Idle: 300.1617332 secs, Blocked: 0/0.0000000 secs]
      [Inspected:               1]
         [Skipped:              0(  0.0%)]
         [Hashed:               1(100.0%)]
         [Known:                0(  0.0%)]
         [New:                  1(100.0%)    264.0B]
      [Deduplicated:            0(  0.0%)      0.0B(  0.0%)]
         [Young:                0(  0.0%)      0.0B(  0.0%)]
         [Old:                  0(  0.0%)      0.0B(  0.0%)]
   [Total Exec: 1678/0.8705046 secs, Idle: 1678/428424.7067895 secs, Blocked: 130/0.0925528 secs]
      [Inspected:         2932557]
         [Skipped:              0(  0.0%)]
         [Hashed:         1223016( 41.7%)]
         [Known:           190184(  6.5%)]
         [New:            2742373( 93.5%)    213.4M]
      [Deduplicated:      1920227( 70.0%)    127.3M( 59.6%)]
         [Young:           788909( 41.1%)  61843.0K( 47.4%)]
         [Old:            1131318( 58.9%)  68491.6K( 52.6%)]
   [Table]
      [Memory Usage: 8448.9K]
      [Size: 262144, Min: 1024, Max: 16777216]
      [Entries: 264018, Load: 100.7%, Cached: 9085, Added: 986035, Removed: 722017]
      [Resize Count: 8, Shrink Threshold: 174762(66.7%), Grow Threshold: 524288(200.0%)]
      [Rehash Count: 0, Rehash Threshold: 120, Hash Seed: 0x0]
      [Age Threshold: 3]
   [Queue]
      [Dropped: 0]
[GC concurrent-string-deduplication, deleted 0 entries, 0.0000006 secs]
2020-12-18T10:31:59.651+0530: 428726.222: [GC pause (G1 Evacuation Pause) (young) (initial-mark), 0.0081695 secs]
   [Parallel Time: 3.6 ms, GC Workers: 10]
      [GC Worker Start (ms): Min: 428726222.4, Avg: 428726222.6, Max: 428726222.7, Diff: 0.3]
      [Ext Root Scanning (ms): Min: 1.6, Avg: 1.8, Max: 2.2, Diff: 0.6, Sum: 18.5]
      [Update RS (ms): Min: 0.3, Avg: 0.5, Max: 0.7, Diff: 0.4, Sum: 4.7]
         [Processed Buffers: Min: 1, Avg: 4.9, Max: 13, Diff: 12, Sum: 49]
      [Scan RS (ms): Min: 0.0, Avg: 0.0, Max: 0.0, Diff: 0.0, Sum: 0.0]
      [Code Root Scanning (ms): Min: 0.0, Avg: 0.0, Max: 0.0, Diff: 0.0, Sum: 0.0]
      [Object Copy (ms): Min: 0.0, Avg: 0.3, Max: 0.4, Diff: 0.4, Sum: 2.5]
      [Termination (ms): Min: 0.0, Avg: 0.1, Max: 0.2, Diff: 0.2, Sum: 1.3]
         [Termination Attempts: Min: 1, Avg: 1.1, Max: 2, Diff: 1, Sum: 11]
      [GC Worker Other (ms): Min: 0.0, Avg: 0.0, Max: 0.0, Diff: 0.0, Sum: 0.1]
      [GC Worker Total (ms): Min: 2.6, Avg: 2.7, Max: 2.9, Diff: 0.3, Sum: 27.2]
      [GC Worker End (ms): Min: 428726225.3, Avg: 428726225.3, Max: 428726225.3, Diff: 0.0]
   [Code Root Fixup: 0.0 ms]
   [Code Root Purge: 0.0 ms]
   [String Dedup Fixup: 2.7 ms, GC Workers: 10]
      [Queue Fixup (ms): Min: 0.0, Avg: 0.0, Max: 0.0, Diff: 0.0, Sum: 0.0]
      [Table Fixup (ms): Min: 2.0, Avg: 2.0, Max: 2.1, Diff: 0.2, Sum: 20.4]
   [Clear CT: 0.8 ms]
   [Other: 1.2 ms]
      [Choose CSet: 0.0 ms]
      [Ref Proc: 0.2 ms]
      [Ref Enq: 0.0 ms]
      [Redirty Cards: 0.7 ms]
      [Humongous Register: 0.0 ms]
      [Humongous Reclaim: 0.0 ms]
      [Free CSet: 0.0 ms]
   [Eden: 50176.0K(50176.0K)->0.0B(50176.0K) Survivors: 1024.0K->1024.0K Heap: 236.8M(267.0M)->187.8M(267.0M)]
 [Times: user=0.14 sys=0.00, real=0.01 secs] 
2020-12-18T10:31:59.659+0530: 428726.231: [GC concurrent-root-region-scan-start]
2020-12-18T10:31:59.660+0530: 428726.231: [GC concurrent-string-deduplication, 9680.0B->7688.0B(1992.0B), avg 59.6%, 0.0000525 secs]
   [Last Exec: 0.0000525 secs, Idle: 300.1612709 secs, Blocked: 0/0.0000000 secs]
      [Inspected:             147]
         [Skipped:              0(  0.0%)]
         [Hashed:              98( 66.7%)]
         [Known:               39( 26.5%)]
         [New:                108( 73.5%)   9680.0B]
      [Deduplicated:           59( 54.6%)   1992.0B( 20.6%)]
         [Young:               59(100.0%)   1992.0B(100.0%)]
         [Old:                  0(  0.0%)      0.0B(  0.0%)]
   [Total Exec: 1679/0.8705571 secs, Idle: 1679/428724.8680604 secs, Blocked: 130/0.0925528 secs]
      [Inspected:         2932704]
         [Skipped:              0(  0.0%)]
         [Hashed:         1223114( 41.7%)]
         [Known:           190223(  6.5%)]
         [New:            2742481( 93.5%)    213.4M]
      [Deduplicated:      1920286( 70.0%)    127.3M( 59.6%)]
         [Young:           788968( 41.1%)  61845.0K( 47.5%)]
         [Old:            1131318( 58.9%)  68491.6K( 52.5%)]
   [Table]
      [Memory Usage: 8448.9K]
      [Size: 262144, Min: 1024, Max: 16777216]
      [Entries: 264067, Load: 100.7%, Cached: 9036, Added: 986084, Removed: 722017]
      [Resize Count: 8, Shrink Threshold: 174762(66.7%), Grow Threshold: 524288(200.0%)]
      [Rehash Count: 0, Rehash Threshold: 120, Hash Seed: 0x0]
      [Age Threshold: 3]
   [Queue]
      [Dropped: 0]
[GC concurrent-string-deduplication, deleted 0 entries, 0.0000010 secs]
2020-12-18T10:31:59.661+0530: 428726.233: [GC concurrent-root-region-scan-end, 0.0019764 secs]
2020-12-18T10:31:59.661+0530: 428726.233: [GC concurrent-mark-start]
2020-12-18T10:31:59.741+0530: 428726.313: [GC concurrent-mark-end, 0.0799928 secs]
2020-12-18T10:31:59.742+0530: 428726.313: [GC remark 2020-12-18T10:31:59.742+0530: 428726.313: [Finalize Marking, 0.0006785 secs] 2020-12-18T10:31:59.743+0530: 428726.314: [GC ref-proc, 0.0004981 secs] 2020-12-18T10:31:59.743+0530: 428726.314: [Unloading, 0.0191372 secs], 0.0213958 secs]
 [Times: user=0.16 sys=0.00, real=0.02 secs] 
2020-12-18T10:31:59.764+0530: 428726.335: [GC cleanup 195M->195M(267M), 0.0039234 secs]
 [Times: user=0.02 sys=0.00, real=0.00 secs] 
2020-12-18T10:37:08.013+0530: 429034.583: [GC pause (G1 Evacuation Pause) (young), 0.0074972 secs]
   [Parallel Time: 2.4 ms, GC Workers: 10]
      [GC Worker Start (ms): Min: 429034583.2, Avg: 429034583.4, Max: 429034583.5, Diff: 0.3]
      [Ext Root Scanning (ms): Min: 0.6, Avg: 0.8, Max: 1.5, Diff: 0.9, Sum: 8.2]
      [Update RS (ms): Min: 0.0, Avg: 0.5, Max: 0.8, Diff: 0.8, Sum: 4.6]
         [Processed Buffers: Min: 0, Avg: 5.3, Max: 20, Diff: 20, Sum: 53]
      [Scan RS (ms): Min: 0.0, Avg: 0.0, Max: 0.0, Diff: 0.0, Sum: 0.0]
      [Code Root Scanning (ms): Min: 0.0, Avg: 0.0, Max: 0.0, Diff: 0.0, Sum: 0.0]
      [Object Copy (ms): Min: 0.1, Avg: 0.2, Max: 0.3, Diff: 0.2, Sum: 1.8]
      [Termination (ms): Min: 0.0, Avg: 0.2, Max: 0.2, Diff: 0.2, Sum: 1.6]
         [Termination Attempts: Min: 1, Avg: 7.2, Max: 13, Diff: 12, Sum: 72]
      [GC Worker Other (ms): Min: 0.0, Avg: 0.0, Max: 0.0, Diff: 0.0, Sum: 0.1]
      [GC Worker Total (ms): Min: 1.5, Avg: 1.6, Max: 1.9, Diff: 0.4, Sum: 16.3]
      [GC Worker End (ms): Min: 429034585.0, Avg: 429034585.0, Max: 429034585.0, Diff: 0.0]
   [Code Root Fixup: 0.0 ms]
   [Code Root Purge: 0.0 ms]
   [String Dedup Fixup: 2.4 ms, GC Workers: 10]
      [Queue Fixup (ms): Min: 0.0, Avg: 0.0, Max: 0.0, Diff: 0.0, Sum: 0.0]
      [Table Fixup (ms): Min: 1.7, Avg: 1.8, Max: 1.9, Diff: 0.2, Sum: 17.8]
   [Clear CT: 0.8 ms]
   [Other: 1.8 ms]
      [Choose CSet: 0.0 ms]
      [Ref Proc: 1.0 ms]
      [Ref Enq: 0.0 ms]
      [Redirty Cards: 0.7 ms]
      [Humongous Register: 0.0 ms]
      [Humongous Reclaim: 0.0 ms]
      [Free CSet: 0.1 ms]
   [Eden: 50176.0K(50176.0K)->0.0B(50176.0K) Survivors: 1024.0K->1024.0K Heap: 236.8M(267.0M)->187.8M(267.0M)]
 [Times: user=0.02 sys=0.00, real=0.01 secs] 
2020-12-18T10:37:08.020+0530: 429034.591: [GC concurrent-string-deduplication, 264.0B->264.0B(0.0B), avg 59.6%, 0.0000065 secs]
   [Last Exec: 0.0000065 secs, Idle: 308.3599848 secs, Blocked: 0/0.0000000 secs]
      [Inspected:               8]
         [Skipped:              0(  0.0%)]
         [Hashed:               1( 12.5%)]
         [Known:                7( 87.5%)]
         [New:                  1( 12.5%)    264.0B]
      [Deduplicated:            0(  0.0%)      0.0B(  0.0%)]
         [Young:                0(  0.0%)      0.0B(  0.0%)]
         [Old:                  0(  0.0%)      0.0B(  0.0%)]
   [Total Exec: 1680/0.8705636 secs, Idle: 1680/429033.2280452 secs, Blocked: 130/0.0925528 secs]
      [Inspected:         2932712]
         [Skipped:              0(  0.0%)]
         [Hashed:         1223115( 41.7%)]
         [Known:           190230(  6.5%)]
         [New:            2742482( 93.5%)    213.4M]
      [Deduplicated:      1920286( 70.0%)    127.3M( 59.6%)]
         [Young:           788968( 41.1%)  61845.0K( 47.5%)]
         [Old:            1131318( 58.9%)  68491.6K( 52.5%)]
   [Table]
      [Memory Usage: 8448.9K]
      [Size: 262144, Min: 1024, Max: 16777216]
      [Entries: 264057, Load: 100.7%, Cached: 9046, Added: 986085, Removed: 722028]
      [Resize Count: 8, Shrink Threshold: 174762(66.7%), Grow Threshold: 524288(200.0%)]
      [Rehash Count: 0, Rehash Threshold: 120, Hash Seed: 0x0]
      [Age Threshold: 3]
   [Queue]
      [Dropped: 0]
[GC concurrent-string-deduplication, deleted 0 entries, 0.0000010 secs]
2020-12-18T10:44:01.919+0530: 429448.490: [GC pause (G1 Evacuation Pause) (young), 0.0070295 secs]
   [Parallel Time: 2.6 ms, GC Workers: 10]
      [GC Worker Start (ms): Min: 429448490.5, Avg: 429448490.8, Max: 429448491.0, Diff: 0.5]
      [Ext Root Scanning (ms): Min: 0.4, Avg: 0.8, Max: 1.9, Diff: 1.4, Sum: 7.9]
      [Update RS (ms): Min: 0.0, Avg: 0.5, Max: 0.9, Diff: 0.9, Sum: 5.3]
         [Processed Buffers: Min: 0, Avg: 5.9, Max: 21, Diff: 21, Sum: 59]
      [Scan RS (ms): Min: 0.0, Avg: 0.0, Max: 0.0, Diff: 0.0, Sum: 0.0]
      [Code Root Scanning (ms): Min: 0.0, Avg: 0.0, Max: 0.0, Diff: 0.0, Sum: 0.0]
      [Object Copy (ms): Min: 0.0, Avg: 0.1, Max: 0.3, Diff: 0.3, Sum: 1.4]
      [Termination (ms): Min: 0.0, Avg: 0.2, Max: 0.3, Diff: 0.3, Sum: 2.3]
         [Termination Attempts: Min: 1, Avg: 1.1, Max: 2, Diff: 1, Sum: 11]
      [GC Worker Other (ms): Min: 0.0, Avg: 0.1, Max: 0.2, Diff: 0.2, Sum: 0.6]
      [GC Worker Total (ms): Min: 1.5, Avg: 1.8, Max: 2.0, Diff: 0.5, Sum: 17.6]
      [GC Worker End (ms): Min: 429448492.5, Avg: 429448492.5, Max: 429448492.7, Diff: 0.2]
   [Code Root Fixup: 0.0 ms]
   [Code Root Purge: 0.0 ms]
   [String Dedup Fixup: 2.5 ms, GC Workers: 10]
      [Queue Fixup (ms): Min: 0.0, Avg: 0.0, Max: 0.0, Diff: 0.0, Sum: 0.0]
      [Table Fixup (ms): Min: 1.8, Avg: 1.8, Max: 2.0, Diff: 0.3, Sum: 18.4]
   [Clear CT: 0.8 ms]
   [Other: 1.2 ms]
      [Choose CSet: 0.0 ms]
      [Ref Proc: 0.3 ms]
      [Ref Enq: 0.0 ms]
      [Redirty Cards: 0.7 ms]
      [Humongous Register: 0.0 ms]
      [Humongous Reclaim: 0.0 ms]
      [Free CSet: 0.0 ms]
   [Eden: 50176.0K(50176.0K)->0.0B(50176.0K) Survivors: 1024.0K->1024.0K Heap: 236.8M(267.0M)->187.7M(267.0M)]
 [Times: user=0.00 sys=0.00, real=0.01 secs] 
2020-12-18T10:44:01.926+0530: 429448.498: [GC concurrent-string-deduplication, 264.0B->264.0B(0.0B), avg 59.6%, 0.0000037 secs]
   [Last Exec: 0.0000037 secs, Idle: 413.9068574 secs, Blocked: 0/0.0000000 secs]
      [Inspected:               1]
         [Skipped:              0(  0.0%)]
         [Hashed:               1(100.0%)]
         [Known:                0(  0.0%)]
         [New:                  1(100.0%)    264.0B]
      [Deduplicated:            0(  0.0%)      0.0B(  0.0%)]
         [Young:                0(  0.0%)      0.0B(  0.0%)]
         [Old:                  0(  0.0%)      0.0B(  0.0%)]
   [Total Exec: 1681/0.8705673 secs, Idle: 1681/429447.1349026 secs, Blocked: 130/0.0925528 secs]
      [Inspected:         2932713]
         [Skipped:              0(  0.0%)]
         [Hashed:         1223116( 41.7%)]
         [Known:           190230(  6.5%)]
         [New:            2742483( 93.5%)    213.4M]
      [Deduplicated:      1920286( 70.0%)    127.3M( 59.6%)]
         [Young:           788968( 41.1%)  61845.0K( 47.5%)]
         [Old:            1131318( 58.9%)  68491.6K( 52.5%)]
   [Table]
      [Memory Usage: 8448.9K]
      [Size: 262144, Min: 1024, Max: 16777216]
      [Entries: 264058, Load: 100.7%, Cached: 9045, Added: 986086, Removed: 722028]
      [Resize Count: 8, Shrink Threshold: 174762(66.7%), Grow Threshold: 524288(200.0%)]
      [Rehash Count: 0, Rehash Threshold: 120, Hash Seed: 0x0]
      [Age Threshold: 3]
   [Queue]
      [Dropped: 0]
[GC concurrent-string-deduplication, deleted 0 entries, 0.0000008 secs]
2020-12-18T10:49:44.416+0530: 429790.986: [GC pause (G1 Evacuation Pause) (young) (initial-mark), 0.0112932 secs]
   [Parallel Time: 6.0 ms, GC Workers: 10]
      [GC Worker Start (ms): Min: 429790987.1, Avg: 429790987.7, Max: 429790988.1, Diff: 1.0]
      [Ext Root Scanning (ms): Min: 2.8, Avg: 3.5, Max: 4.4, Diff: 1.6, Sum: 35.0]
      [Update RS (ms): Min: 0.3, Avg: 0.5, Max: 0.8, Diff: 0.5, Sum: 4.8]
         [Processed Buffers: Min: 1, Avg: 4.9, Max: 14, Diff: 13, Sum: 49]
      [Scan RS (ms): Min: 0.0, Avg: 0.0, Max: 0.0, Diff: 0.0, Sum: 0.1]
      [Code Root Scanning (ms): Min: 0.0, Avg: 0.0, Max: 0.0, Diff: 0.0, Sum: 0.0]
      [Object Copy (ms): Min: 0.0, Avg: 0.4, Max: 0.6, Diff: 0.6, Sum: 4.1]
      [Termination (ms): Min: 0.0, Avg: 0.2, Max: 0.2, Diff: 0.2, Sum: 1.6]
         [Termination Attempts: Min: 1, Avg: 1.0, Max: 1, Diff: 0, Sum: 10]
      [GC Worker Other (ms): Min: 0.0, Avg: 0.0, Max: 0.0, Diff: 0.0, Sum: 0.2]
      [GC Worker Total (ms): Min: 4.2, Avg: 4.6, Max: 5.2, Diff: 1.0, Sum: 45.8]
      [GC Worker End (ms): Min: 429790992.3, Avg: 429790992.3, Max: 429790992.3, Diff: 0.0]
   [Code Root Fixup: 0.0 ms]
   [Code Root Purge: 0.0 ms]
   [String Dedup Fixup: 2.3 ms, GC Workers: 10]
      [Queue Fixup (ms): Min: 0.0, Avg: 0.0, Max: 0.0, Diff: 0.0, Sum: 0.0]
      [Table Fixup (ms): Min: 1.7, Avg: 1.8, Max: 2.0, Diff: 0.2, Sum: 18.2]
   [Clear CT: 0.9 ms]
   [Other: 2.1 ms]
      [Choose CSet: 0.0 ms]
      [Ref Proc: 0.9 ms]
      [Ref Enq: 0.0 ms]
      [Redirty Cards: 0.7 ms]
      [Humongous Register: 0.0 ms]
      [Humongous Reclaim: 0.0 ms]
      [Free CSet: 0.0 ms]
   [Eden: 50176.0K(50176.0K)->0.0B(50176.0K) Survivors: 1024.0K->1024.0K Heap: 236.7M(267.0M)->188.3M(267.0M)]
 [Times: user=0.00 sys=0.00, real=0.01 secs] 
2020-12-18T10:49:44.427+0530: 429790.998: [GC concurrent-string-deduplication, 264.0B->264.0B(0.0B), avg 59.6%, 0.0000033 secs]
   [Last Exec: 0.0000033 secs, Idle: 342.5003165 secs, Blocked: 0/0.0000000 secs]
      [Inspected:               1]
         [Skipped:              0(  0.0%)]
         [Hashed:               1(100.0%)]
         [Known:                0(  0.0%)]
         [New:                  1(100.0%)    264.0B]
      [Deduplicated:            0(  0.0%)      0.0B(  0.0%)]
         [Young:                0(  0.0%)      0.0B(  0.0%)]
         [Old:                  0(  0.0%)      0.0B(  0.0%)]
   [Total Exec: 1682/0.8705706 secs, Idle: 1682/429789.6352191 secs, Blocked: 130/0.0925528 secs]
      [Inspected:         2932714]
         [Skipped:              0(  0.0%)]
         [Hashed:         1223117( 41.7%)]
         [Known:           190230(  6.5%)]
         [New:            2742484( 93.5%)    213.4M]
      [Deduplicated:      1920286( 70.0%)    127.3M( 59.6%)]
         [Young:           788968( 41.1%)  61845.0K( 47.5%)]
         [Old:            1131318( 58.9%)  68491.6K( 52.5%)]
   [Table]
      [Memory Usage: 8448.9K]
      [Size: 262144, Min: 1024, Max: 16777216]
      [Entries: 264012, Load: 100.7%, Cached: 9091, Added: 986087, Removed: 722075]
      [Resize Count: 8, Shrink Threshold: 174762(66.7%), Grow Threshold: 524288(200.0%)]
      [Rehash Count: 0, Rehash Threshold: 120, Hash Seed: 0x0]
      [Age Threshold: 3]
   [Queue]
      [Dropped: 0]
2020-12-18T10:49:44.427+0530[GC concurrent-string-deduplication, deleted 0 entries, 0.0000007 secs]
: 429790.998: [GC concurrent-root-region-scan-start]
2020-12-18T10:49:44.429+0530: 429791.000: [GC concurrent-root-region-scan-end, 0.0019698 secs]
2020-12-18T10:49:44.429+0530: 429791.000: [GC concurrent-mark-start]
2020-12-18T10:49:44.516+0530: 429791.087: [GC concurrent-mark-end, 0.0868647 secs]
2020-12-18T10:49:44.516+0530: 429791.087: [GC remark 2020-12-18T10:49:44.516+0530: 429791.087: [Finalize Marking, 0.0007492 secs] 2020-12-18T10:49:44.517+0530: 429791.088: [GC ref-proc, 0.0005064 secs] 2020-12-18T10:49:44.518+0530: 429791.089: [Unloading, 0.0210273 secs], 0.0233874 secs]
 [Times: user=0.16 sys=0.00, real=0.02 secs] 
2020-12-18T10:49:44.540+0530: 429791.111: [GC cleanup 188M->188M(267M), 0.0037058 secs]
 [Times: user=0.00 sys=0.00, real=0.00 secs] 
2020-12-18T10:50:10.278+0530: 429816.849: [GC pause (G1 Evacuation Pause) (young), 0.0089888 secs]
   [Parallel Time: 3.8 ms, GC Workers: 10]
      [GC Worker Start (ms): Min: 429816848.8, Avg: 429816849.0, Max: 429816849.1, Diff: 0.3]
      [Ext Root Scanning (ms): Min: 0.6, Avg: 0.7, Max: 1.5, Diff: 0.9, Sum: 7.5]
      [Update RS (ms): Min: 0.2, Avg: 0.8, Max: 1.5, Diff: 1.3, Sum: 7.5]
         [Processed Buffers: Min: 2, Avg: 6.3, Max: 18, Diff: 16, Sum: 63]
      [Scan RS (ms): Min: 0.0, Avg: 0.0, Max: 0.0, Diff: 0.0, Sum: 0.0]
      [Code Root Scanning (ms): Min: 0.0, Avg: 0.0, Max: 0.0, Diff: 0.0, Sum: 0.0]
      [Object Copy (ms): Min: 0.1, Avg: 0.7, Max: 1.7, Diff: 1.6, Sum: 7.3]
      [Termination (ms): Min: 0.0, Avg: 0.8, Max: 1.0, Diff: 1.0, Sum: 7.8]
         [Termination Attempts: Min: 1, Avg: 12.3, Max: 26, Diff: 25, Sum: 123]
      [GC Worker Other (ms): Min: 0.0, Avg: 0.0, Max: 0.0, Diff: 0.0, Sum: 0.1]
      [GC Worker Total (ms): Min: 2.9, Avg: 3.0, Max: 3.2, Diff: 0.2, Sum: 30.2]
      [GC Worker End (ms): Min: 429816852.0, Avg: 429816852.0, Max: 429816852.0, Diff: 0.0]
   [Code Root Fixup: 0.0 ms]
   [Code Root Purge: 0.0 ms]
   [String Dedup Fixup: 3.1 ms, GC Workers: 10]
      [Queue Fixup (ms): Min: 0.0, Avg: 0.0, Max: 0.0, Diff: 0.0, Sum: 0.0]
      [Table Fixup (ms): Min: 2.7, Avg: 2.7, Max: 2.8, Diff: 0.2, Sum: 27.3]
   [Clear CT: 0.8 ms]
   [Other: 1.3 ms]
      [Choose CSet: 0.0 ms]
      [Ref Proc: 0.5 ms]
      [Ref Enq: 0.0 ms]
      [Redirty Cards: 0.3 ms]
      [Humongous Register: 0.0 ms]
      [Humongous Reclaim: 0.1 ms]
      [Free CSet: 0.2 ms]
   [Eden: 50176.0K(50176.0K)->0.0B(46080.0K) Survivors: 1024.0K->3072.0K Heap: 238.3M(267.0M)->189.4M(267.0M)]
 [Times: user=0.00 sys=0.00, real=0.01 secs] 
2020-12-18T10:50:10.287+0530: 429816.858: [GC concurrent-string-deduplication, 528.0B->528.0B(0.0B), avg 59.6%, 0.0000065 secs]
   [Last Exec: 0.0000065 secs, Idle: 25.8600870 secs, Blocked: 0/0.0000000 secs]
      [Inspected:               2]
         [Skipped:              0(  0.0%)]
         [Hashed:               2(100.0%)]
         [Known:                0(  0.0%)]
         [New:                  2(100.0%)    528.0B]
      [Deduplicated:            0(  0.0%)      0.0B(  0.0%)]
         [Young:                0(  0.0%)      0.0B(  0.0%)]
         [Old:                  0(  0.0%)      0.0B(  0.0%)]
   [Total Exec: 1683/0.8705771 secs, Idle: 1683/429815.4953061 secs, Blocked: 130/0.0925528 secs]
      [Inspected:         2932716]
         [Skipped:              0(  0.0%)]
         [Hashed:         1223119( 41.7%)]
         [Known:           190230(  6.5%)]
         [New:            2742486( 93.5%)    213.4M]
      [Deduplicated:      1920286( 70.0%)    127.3M( 59.6%)]
         [Young:           788968( 41.1%)  61845.0K( 47.5%)]
         [Old:            1131318( 58.9%)  68491.6K( 52.5%)]
   [Table]
      [Memory Usage: 8448.9K]
      [Size: 262144, Min: 1024, Max: 16777216]
      [Entries: 264221, Load: 100.8%, Cached: 8882, Added: 986317, Removed: 722096]
      [Resize Count: 8, Shrink Threshold: 174762(66.7%), Grow Threshold: 524288(200.0%)]
      [Rehash Count: 0, Rehash Threshold: 120, Hash Seed: 0x0]
      [Age Threshold: 3]
   [Queue]
      [Dropped: 0]
[GC concurrent-string-deduplication, deleted 0 entries, 0.0000015 secs]
2020-12-18T10:50:13.009+0530: 429819.580: [GC pause (G1 Evacuation Pause) (young), 0.0094048 secs]
   [Parallel Time: 4.3 ms, GC Workers: 10]
      [GC Worker Start (ms): Min: 429819580.2, Avg: 429819580.3, Max: 429819580.3, Diff: 0.2]
      [Ext Root Scanning (ms): Min: 0.8, Avg: 1.0, Max: 1.8, Diff: 1.0, Sum: 9.6]
      [Update RS (ms): Min: 0.1, Avg: 0.8, Max: 1.3, Diff: 1.3, Sum: 8.3]
         [Processed Buffers: Min: 3, Avg: 5.3, Max: 10, Diff: 7, Sum: 53]
      [Scan RS (ms): Min: 0.0, Avg: 0.0, Max: 0.0, Diff: 0.0, Sum: 0.0]
      [Code Root Scanning (ms): Min: 0.0, Avg: 0.0, Max: 0.0, Diff: 0.0, Sum: 0.0]
      [Object Copy (ms): Min: 0.7, Avg: 1.3, Max: 1.6, Diff: 0.9, Sum: 12.9]
      [Termination (ms): Min: 0.0, Avg: 0.4, Max: 0.5, Diff: 0.5, Sum: 4.4]
         [Termination Attempts: Min: 1, Avg: 3.8, Max: 6, Diff: 5, Sum: 38]
      [GC Worker Other (ms): Min: 0.0, Avg: 0.0, Max: 0.0, Diff: 0.0, Sum: 0.1]
      [GC Worker Total (ms): Min: 3.5, Avg: 3.5, Max: 3.6, Diff: 0.2, Sum: 35.4]
      [GC Worker End (ms): Min: 429819583.8, Avg: 429819583.8, Max: 429819583.8, Diff: 0.0]
   [Code Root Fixup: 0.0 ms]
   [Code Root Purge: 0.0 ms]
   [String Dedup Fixup: 3.2 ms, GC Workers: 10]
      [Queue Fixup (ms): Min: 0.0, Avg: 0.0, Max: 0.0, Diff: 0.0, Sum: 0.0]
      [Table Fixup (ms): Min: 2.5, Avg: 2.7, Max: 2.8, Diff: 0.3, Sum: 27.3]
   [Clear CT: 0.4 ms]
   [Other: 1.5 ms]
      [Choose CSet: 0.0 ms]
      [Ref Proc: 0.9 ms]
      [Ref Enq: 0.0 ms]
      [Redirty Cards: 0.3 ms]
      [Humongous Register: 0.0 ms]
      [Humongous Reclaim: 0.0 ms]
      [Free CSet: 0.1 ms]
   [Eden: 46080.0K(46080.0K)->0.0B(39936.0K) Survivors: 3072.0K->6144.0K Heap: 234.4M(267.0M)->192.9M(267.0M)]
 [Times: user=0.14 sys=0.00, real=0.01 secs] 
2020-12-18T10:50:13.019+0530: 429819.590: [GC concurrent-string-deduplication, 1968.0B->984.0B(984.0B), avg 59.6%, 0.0000462 secs]
   [Last Exec: 0.0000462 secs, Idle: 2.7316225 secs, Blocked: 0/0.0000000 secs]
      [Inspected:              32]
         [Skipped:              0(  0.0%)]
         [Hashed:              23( 71.9%)]
         [Known:                0(  0.0%)]
         [New:                 32(100.0%)   1968.0B]
      [Deduplicated:           23( 71.9%)    984.0B( 50.0%)]
         [Young:               23(100.0%)    984.0B(100.0%)]
         [Old:                  0(  0.0%)      0.0B(  0.0%)]
   [Total Exec: 1684/0.8706233 secs, Idle: 1684/429818.2269286 secs, Blocked: 130/0.0925528 secs]
      [Inspected:         2932748]
         [Skipped:              0(  0.0%)]
         [Hashed:         1223142( 41.7%)]
         [Known:           190230(  6.5%)]
         [New:            2742518( 93.5%)    213.4M]
      [Deduplicated:      1920309( 70.0%)    127.3M( 59.6%)]
         [Young:           788991( 41.1%)  61845.9K( 47.5%)]
         [Old:            1131318( 58.9%)  68491.6K( 52.5%)]
   [Table]
      [Memory Usage: 8448.9K]
      [Size: 262144, Min: 1024, Max: 16777216]
      [Entries: 264361, Load: 100.8%, Cached: 8742, Added: 986457, Removed: 722096]
      [Resize Count: 8, Shrink Threshold: 174762(66.7%), Grow Threshold: 524288(200.0%)]
      [Rehash Count: 0, Rehash Threshold: 120, Hash Seed: 0x0]
      [Age Threshold: 3]
   [Queue]
      [Dropped: 0]
[GC concurrent-string-deduplication, deleted 0 entries, 0.0000010 secs]
2020-12-18T10:50:13.078+0530: 429819.649: [GC pause (G1 Humongous Allocation) (young) (initial-mark), 0.0080228 secs]
   [Parallel Time: 3.4 ms, GC Workers: 10]
      [GC Worker Start (ms): Min: 429819648.9, Avg: 429819649.0, Max: 429819649.1, Diff: 0.2]
      [Ext Root Scanning (ms): Min: 1.8, Avg: 1.9, Max: 2.2, Diff: 0.4, Sum: 19.2]
      [Update RS (ms): Min: 0.2, Avg: 0.3, Max: 0.5, Diff: 0.3, Sum: 3.4]
         [Processed Buffers: Min: 1, Avg: 2.3, Max: 7, Diff: 6, Sum: 23]
      [Scan RS (ms): Min: 0.0, Avg: 0.0, Max: 0.0, Diff: 0.0, Sum: 0.0]
      [Code Root Scanning (ms): Min: 0.0, Avg: 0.0, Max: 0.0, Diff: 0.0, Sum: 0.0]
      [Object Copy (ms): Min: 0.5, Avg: 0.8, Max: 1.0, Diff: 0.5, Sum: 7.9]
      [Termination (ms): Min: 0.0, Avg: 0.1, Max: 0.2, Diff: 0.2, Sum: 1.1]
         [Termination Attempts: Min: 1, Avg: 1.0, Max: 1, Diff: 0, Sum: 10]
      [GC Worker Other (ms): Min: 0.0, Avg: 0.0, Max: 0.0, Diff: 0.0, Sum: 0.1]
      [GC Worker Total (ms): Min: 3.1, Avg: 3.2, Max: 3.3, Diff: 0.2, Sum: 31.7]
      [GC Worker End (ms): Min: 429819652.2, Avg: 429819652.2, Max: 429819652.2, Diff: 0.0]
   [Code Root Fixup: 0.0 ms]
   [Code Root Purge: 0.0 ms]
   [String Dedup Fixup: 3.2 ms, GC Workers: 10]
      [Queue Fixup (ms): Min: 0.0, Avg: 0.0, Max: 0.0, Diff: 0.0, Sum: 0.0]
      [Table Fixup (ms): Min: 2.8, Avg: 2.8, Max: 2.9, Diff: 0.1, Sum: 28.2]
   [Clear CT: 0.6 ms]
   [Other: 0.7 ms]
      [Choose CSet: 0.0 ms]
      [Ref Proc: 0.2 ms]
      [Ref Enq: 0.0 ms]
      [Redirty Cards: 0.3 ms]
      [Humongous Register: 0.0 ms]
      [Humongous Reclaim: 0.0 ms]
      [Free CSet: 0.0 ms]
   [Eden: 15360.0K(39936.0K)->0.0B(44032.0K) Survivors: 6144.0K->3072.0K Heap: 207.2M(267.0M)->192.3M(267.0M)]
 [Times: user=0.00 sys=0.00, real=0.01 secs] 
2020-12-18T10:50:13.086+0530: 429819.657: [GC concurrent-root-region-scan-start]
2020-12-18T10:50:13.088+0530: 429819.659: [GC concurrent-string-deduplication, 52256.0B->11280.0B(40976.0B), avg 59.6%, 0.0005549 secs]
   [Last Exec: 0.0005549 secs, Idle: 0.0670542 secs, Blocked: 3/0.0018016 secs]
      [Inspected:             678]
         [Skipped:              0(  0.0%)]
         [Hashed:             233( 34.4%)]
         [Known:              260( 38.3%)]
         [New:                418( 61.7%)  52256.0B]
      [Deduplicated:          320( 76.6%)  40976.0B( 78.4%)]
         [Young:                0(  0.0%)      0.0B(  0.0%)]
         [Old:                320(100.0%)  40976.0B(100.0%)]
   [Total Exec: 1685/0.8711782 secs, Idle: 1685/429818.2939828 secs, Blocked: 133/0.0943544 secs]
      [Inspected:         2933426]
         [Skipped:              0(  0.0%)]
         [Hashed:         1223375( 41.7%)]
         [Known:           190490(  6.5%)]
         [New:            2742936( 93.5%)    213.5M]
      [Deduplicated:      1920629( 70.0%)    127.3M( 59.6%)]
         [Young:           788991( 41.1%)  61845.9K( 47.4%)]
         [Old:            1131638( 58.9%)  68531.6K( 52.6%)]
   [Table]
      [Memory Usage: 8448.9K]
      [Size: 262144, Min: 1024, Max: 16777216]
      [Entries: 264459, Load: 100.9%, Cached: 8644, Added: 986555, Removed: 722096]
      [Resize Count: 8, Shrink Threshold: 174762(66.7%), Grow Threshold: 524288(200.0%)]
      [Rehash Count: 0, Rehash Threshold: 120, Hash Seed: 0x0]
      [Age Threshold: 3]
   [Queue]
      [Dropped: 0]
[GC concurrent-string-deduplication, deleted 0 entries, 0.0000008 secs]
2020-12-18T10:50:13.088+0530: 429819.660: [GC concurrent-root-region-scan-end, 0.0027015 secs]
2020-12-18T10:50:13.088+0530: 429819.660: [GC concurrent-mark-start]
2020-12-18T10:50:13.193+0530: 429819.764: [GC concurrent-mark-end, 0.1043189 secs]
2020-12-18T10:50:13.193+0530: 429819.764: [GC remark 2020-12-18T10:50:13.193+0530: 429819.764: [Finalize Marking, 0.0003640 secs] 2020-12-18T10:50:13.194+0530: 429819.765: [GC ref-proc, 0.0005137 secs] 2020-12-18T10:50:13.194+0530: 429819.765: [Unloading, 0.0247716 secs], 0.0266780 secs]
 [Times: user=0.31 sys=0.00, real=0.03 secs] 
2020-12-18T10:50:13.221+0530: 429819.792: [GC cleanup 196M->196M(267M), 0.0025273 secs]
 [Times: user=0.00 sys=0.00, real=0.00 secs] 
2020-12-18T10:50:54.315+0530: 429860.885: [GC pause (G1 Evacuation Pause) (young), 0.0085552 secs]
   [Parallel Time: 2.9 ms, GC Workers: 10]
      [GC Worker Start (ms): Min: 429860885.7, Avg: 429860885.8, Max: 429860885.9, Diff: 0.3]
      [Ext Root Scanning (ms): Min: 0.5, Avg: 0.8, Max: 1.3, Diff: 0.8, Sum: 7.6]
      [Update RS (ms): Min: 0.4, Avg: 0.9, Max: 1.3, Diff: 0.8, Sum: 8.5]
         [Processed Buffers: Min: 2, Avg: 5.8, Max: 10, Diff: 8, Sum: 58]
      [Scan RS (ms): Min: 0.0, Avg: 0.0, Max: 0.0, Diff: 0.0, Sum: 0.0]
      [Code Root Scanning (ms): Min: 0.0, Avg: 0.0, Max: 0.0, Diff: 0.0, Sum: 0.0]
      [Object Copy (ms): Min: 0.3, Avg: 0.6, Max: 0.8, Diff: 0.5, Sum: 5.7]
      [Termination (ms): Min: 0.0, Avg: 0.0, Max: 0.0, Diff: 0.0, Sum: 0.0]
         [Termination Attempts: Min: 1, Avg: 1.1, Max: 2, Diff: 1, Sum: 11]
      [GC Worker Other (ms): Min: 0.0, Avg: 0.0, Max: 0.1, Diff: 0.1, Sum: 0.2]
      [GC Worker Total (ms): Min: 2.1, Avg: 2.2, Max: 2.4, Diff: 0.3, Sum: 22.1]
      [GC Worker End (ms): Min: 429860888.0, Avg: 429860888.0, Max: 429860888.1, Diff: 0.0]
   [Code Root Fixup: 0.0 ms]
   [Code Root Purge: 0.0 ms]
   [String Dedup Fixup: 3.2 ms, GC Workers: 10]
      [Queue Fixup (ms): Min: 0.0, Avg: 0.0, Max: 0.0, Diff: 0.0, Sum: 0.0]
      [Table Fixup (ms): Min: 2.4, Avg: 2.6, Max: 2.7, Diff: 0.3, Sum: 25.7]
   [Clear CT: 0.8 ms]
   [Other: 1.6 ms]
      [Choose CSet: 0.0 ms]
      [Ref Proc: 0.7 ms]
      [Ref Enq: 0.0 ms]
      [Redirty Cards: 0.7 ms]
      [Humongous Register: 0.0 ms]
      [Humongous Reclaim: 0.0 ms]
      [Free CSet: 0.0 ms]
   [Eden: 44032.0K(44032.0K)->0.0B(10240.0K) Survivors: 3072.0K->3072.0K Heap: 237.3M(267.0M)->192.1M(267.0M)]
 [Times: user=0.00 sys=0.00, real=0.01 secs] 
2020-12-18T10:50:54.323+0530: 429860.894: [GC concurrent-string-deduplication, 45456.0B->18056.0B(27400.0B), avg 59.6%, 0.0001103 secs]
   [Last Exec: 0.0001103 secs, Idle: 41.2347987 secs, Blocked: 0/0.0000000 secs]
      [Inspected:             470]
         [Skipped:              0(  0.0%)]
         [Hashed:             217( 46.2%)]
         [Known:              134( 28.5%)]
         [New:                336( 71.5%)  45456.0B]
      [Deduplicated:          215( 64.0%)  27400.0B( 60.3%)]
         [Young:              215(100.0%)  27400.0B(100.0%)]
         [Old:                  0(  0.0%)      0.0B(  0.0%)]
   [Total Exec: 1686/0.8712885 secs, Idle: 1686/429859.5287815 secs, Blocked: 133/0.0943544 secs]
      [Inspected:         2933896]
         [Skipped:              0(  0.0%)]
         [Hashed:         1223592( 41.7%)]
         [Known:           190624(  6.5%)]
         [New:            2743272( 93.5%)    213.5M]
      [Deduplicated:      1920844( 70.0%)    127.3M( 59.6%)]
         [Young:           789206( 41.1%)  61872.7K( 47.4%)]
         [Old:            1131638( 58.9%)  68531.6K( 52.6%)]
   [Table]
      [Memory Usage: 8448.9K]
      [Size: 262144, Min: 1024, Max: 16777216]
      [Entries: 264176, Load: 100.8%, Cached: 8927, Added: 986727, Removed: 722551]
      [Resize Count: 8, Shrink Threshold: 174762(66.7%), Grow Threshold: 524288(200.0%)]
      [Rehash Count: 0, Rehash Threshold: 120, Hash Seed: 0x0]
      [Age Threshold: 3]
   [Queue]
      [Dropped: 0]
[GC concurrent-string-deduplication, deleted 0 entries, 0.0000009 secs]
2020-12-18T10:50:54.359+0530: 429860.930: [GC pause (G1 Evacuation Pause) (mixed), 0.0258150 secs]
   [Parallel Time: 19.8 ms, GC Workers: 10]
      [GC Worker Start (ms): Min: 429860929.9, Avg: 429860930.1, Max: 429860930.2, Diff: 0.3]
      [Ext Root Scanning (ms): Min: 0.6, Avg: 0.8, Max: 1.7, Diff: 1.1, Sum: 8.0]
      [Update RS (ms): Min: 0.0, Avg: 0.4, Max: 0.8, Diff: 0.8, Sum: 3.6]
         [Processed Buffers: Min: 0, Avg: 1.5, Max: 5, Diff: 5, Sum: 15]
      [Scan RS (ms): Min: 1.7, Avg: 2.0, Max: 2.3, Diff: 0.6, Sum: 19.7]
      [Code Root Scanning (ms): Min: 0.0, Avg: 0.1, Max: 0.7, Diff: 0.7, Sum: 0.9]
      [Object Copy (ms): Min: 15.4, Avg: 16.0, Max: 16.4, Diff: 1.0, Sum: 159.7]
      [Termination (ms): Min: 0.0, Avg: 0.3, Max: 0.5, Diff: 0.5, Sum: 3.5]
         [Termination Attempts: Min: 1, Avg: 1.2, Max: 2, Diff: 1, Sum: 12]
      [GC Worker Other (ms): Min: 0.0, Avg: 0.0, Max: 0.0, Diff: 0.0, Sum: 0.1]
      [GC Worker Total (ms): Min: 19.4, Avg: 19.5, Max: 19.7, Diff: 0.3, Sum: 195.5]
      [GC Worker End (ms): Min: 429860949.6, Avg: 429860949.6, Max: 429860949.6, Diff: 0.0]
   [Code Root Fixup: 0.0 ms]
   [Code Root Purge: 0.0 ms]
   [String Dedup Fixup: 2.5 ms, GC Workers: 10]
      [Queue Fixup (ms): Min: 0.0, Avg: 0.0, Max: 0.0, Diff: 0.0, Sum: 0.0]
      [Table Fixup (ms): Min: 2.0, Avg: 2.1, Max: 2.2, Diff: 0.2, Sum: 20.7]
   [Clear CT: 0.7 ms]
   [Other: 2.8 ms]
      [Choose CSet: 0.1 ms]
      [Ref Proc: 0.5 ms]
      [Ref Enq: 0.0 ms]
      [Redirty Cards: 0.6 ms]
      [Humongous Register: 0.0 ms]
      [Humongous Reclaim: 0.0 ms]
      [Free CSet: 1.5 ms]
   [Eden: 10240.0K(10240.0K)->0.0B(48128.0K) Survivors: 3072.0K->2048.0K Heap: 202.1M(267.0M)->188.2M(267.0M)]
 [Times: user=0.02 sys=0.02, real=0.03 secs] 
2020-12-18T10:50:54.385+0530: 429860.956: [GC concurrent-string-deduplication, 91496.0B->24696.0B(66800.0B), avg 59.6%, 0.0003542 secs]
   [Last Exec: 0.0003542 secs, Idle: 0.0614103 secs, Blocked: 0/0.0000000 secs]
      [Inspected:            1025]
         [Skipped:              0(  0.0%)]
         [Hashed:             628( 61.3%)]
         [Known:               55(  5.4%)]
         [New:                970( 94.6%)  91496.0B]
      [Deduplicated:          904( 93.2%)  66800.0B( 73.0%)]
         [Young:                0(  0.0%)      0.0B(  0.0%)]
         [Old:                904(100.0%)  66800.0B(100.0%)]
   [Total Exec: 1687/0.8716427 secs, Idle: 1687/429859.5901918 secs, Blocked: 133/0.0943544 secs]
      [Inspected:         2934921]
         [Skipped:              0(  0.0%)]
         [Hashed:         1224220( 41.7%)]
         [Known:           190679(  6.5%)]
         [New:            2744242( 93.5%)    213.6M]
      [Deduplicated:      1921748( 70.0%)    127.4M( 59.6%)]
         [Young:           789206( 41.1%)  61872.7K( 47.4%)]
         [Old:            1132542( 58.9%)  68596.8K( 52.6%)]
   [Table]
      [Memory Usage: 8448.9K]
      [Size: 262144, Min: 1024, Max: 16777216]
      [Entries: 264235, Load: 100.8%, Cached: 8868, Added: 986816, Removed: 722581]
      [Resize Count: 8, Shrink Threshold: 174762(66.7%), Grow Threshold: 524288(200.0%)]
      [Rehash Count: 0, Rehash Threshold: 120, Hash Seed: 0x0]
      [Age Threshold: 3]
   [Queue]
      [Dropped: 0]
[GC concurrent-string-deduplication, deleted 0 entries, 0.0000006 secs]
2020-12-18T10:50:54.818+0530: 429861.389: [GC pause (G1 Evacuation Pause) (young), 0.0137055 secs]
   [Parallel Time: 8.7 ms, GC Workers: 10]
      [GC Worker Start (ms): Min: 429861389.2, Avg: 429861389.3, Max: 429861389.3, Diff: 0.2]
      [Ext Root Scanning (ms): Min: 0.9, Avg: 1.1, Max: 2.0, Diff: 1.1, Sum: 10.9]
      [Update RS (ms): Min: 5.9, Avg: 6.7, Max: 6.9, Diff: 1.0, Sum: 66.8]
         [Processed Buffers: Min: 9, Avg: 11.8, Max: 18, Diff: 9, Sum: 118]
      [Scan RS (ms): Min: 0.0, Avg: 0.0, Max: 0.0, Diff: 0.0, Sum: 0.0]
      [Code Root Scanning (ms): Min: 0.0, Avg: 0.0, Max: 0.0, Diff: 0.0, Sum: 0.0]
      [Object Copy (ms): Min: 0.2, Avg: 0.3, Max: 0.4, Diff: 0.2, Sum: 3.0]
      [Termination (ms): Min: 0.0, Avg: 0.0, Max: 0.0, Diff: 0.0, Sum: 0.0]
         [Termination Attempts: Min: 1, Avg: 1.2, Max: 2, Diff: 1, Sum: 12]
      [GC Worker Other (ms): Min: 0.0, Avg: 0.0, Max: 0.1, Diff: 0.0, Sum: 0.2]
      [GC Worker Total (ms): Min: 8.0, Avg: 8.1, Max: 8.2, Diff: 0.1, Sum: 81.0]
      [GC Worker End (ms): Min: 429861397.4, Avg: 429861397.4, Max: 429861397.4, Diff: 0.0]
   [Code Root Fixup: 0.0 ms]
   [Code Root Purge: 0.0 ms]
   [String Dedup Fixup: 2.5 ms, GC Workers: 10]
      [Queue Fixup (ms): Min: 0.0, Avg: 0.0, Max: 0.0, Diff: 0.0, Sum: 0.0]
      [Table Fixup (ms): Min: 1.8, Avg: 1.9, Max: 2.1, Diff: 0.3, Sum: 18.8]
   [Clear CT: 0.8 ms]
   [Other: 1.7 ms]
      [Choose CSet: 0.0 ms]
      [Ref Proc: 0.5 ms]
      [Ref Enq: 0.0 ms]
      [Redirty Cards: 0.7 ms]
      [Humongous Register: 0.1 ms]
      [Humongous Reclaim: 0.0 ms]
      [Free CSet: 0.0 ms]
   [Eden: 48128.0K(48128.0K)->0.0B(49152.0K) Survivors: 2048.0K->1024.0K Heap: 235.2M(267.0M)->187.5M(267.0M)]
 [Times: user=0.11 sys=0.00, real=0.01 secs] 
2020-12-18T10:57:00.374+0530: 430226.945: [GC pause (G1 Evacuation Pause) (young) (initial-mark), 0.0121881 secs]
   [Parallel Time: 5.4 ms, GC Workers: 10]
      [GC Worker Start (ms): Min: 430226945.2, Avg: 430226945.4, Max: 430226945.6, Diff: 0.4]
      [Ext Root Scanning (ms): Min: 2.9, Avg: 3.2, Max: 3.6, Diff: 0.7, Sum: 32.0]
      [Update RS (ms): Min: 0.8, Avg: 1.1, Max: 1.5, Diff: 0.7, Sum: 11.1]
         [Processed Buffers: Min: 2, Avg: 8.3, Max: 16, Diff: 14, Sum: 83]
      [Scan RS (ms): Min: 0.0, Avg: 0.0, Max: 0.0, Diff: 0.0, Sum: 0.1]
      [Code Root Scanning (ms): Min: 0.0, Avg: 0.0, Max: 0.0, Diff: 0.0, Sum: 0.0]
      [Object Copy (ms): Min: 0.3, Avg: 0.7, Max: 0.9, Diff: 0.7, Sum: 7.0]
      [Termination (ms): Min: 0.0, Avg: 0.0, Max: 0.0, Diff: 0.0, Sum: 0.1]
         [Termination Attempts: Min: 1, Avg: 1.0, Max: 1, Diff: 0, Sum: 10]
      [GC Worker Other (ms): Min: 0.0, Avg: 0.0, Max: 0.0, Diff: 0.0, Sum: 0.2]
      [GC Worker Total (ms): Min: 4.9, Avg: 5.0, Max: 5.3, Diff: 0.4, Sum: 50.5]
      [GC Worker End (ms): Min: 430226950.5, Avg: 430226950.5, Max: 430226950.5, Diff: 0.0]
   [Code Root Fixup: 0.0 ms]
   [Code Root Purge: 0.0 ms]
   [String Dedup Fixup: 3.5 ms, GC Workers: 10]
      [Queue Fixup (ms): Min: 0.0, Avg: 0.0, Max: 0.0, Diff: 0.0, Sum: 0.0]
      [Table Fixup (ms): Min: 2.4, Avg: 2.5, Max: 2.7, Diff: 0.4, Sum: 25.5]
   [Clear CT: 1.3 ms]
   [Other: 1.9 ms]
      [Choose CSet: 0.0 ms]
      [Ref Proc: 0.5 ms]
      [Ref Enq: 0.0 ms]
      [Redirty Cards: 1.0 ms]
      [Humongous Register: 0.0 ms]
      [Humongous Reclaim: 0.0 ms]
      [Free CSet: 0.1 ms]
   [Eden: 49152.0K(49152.0K)->0.0B(49152.0K) Survivors: 1024.0K->1024.0K Heap: 235.5M(267.0M)->187.7M(267.0M)]
 [Times: user=0.02 sys=0.00, real=0.01 secs] 
2020-12-18T10:57:00.387+0530: 430226.957: [GC concurrent-root-region-scan-start]
2020-12-18T10:57:00.388+0530: 430226.959: [GC concurrent-string-deduplication, 101200.0B->16264.0B(84936.0B), avg 59.7%, 0.0013178 secs]
   [Last Exec: 0.0013178 secs, Idle: 366.0012198 secs, Blocked: 0/0.0000000 secs]
      [Inspected:            2126]
         [Skipped:              0(  0.0%)]
         [Hashed:            1336( 62.8%)]
         [Known:               23(  1.1%)]
         [New:               2103( 98.9%) 101200.0B]
      [Deduplicated:         2098( 99.8%)  84936.0B( 83.9%)]
         [Young:             2098(100.0%)  84936.0B(100.0%)]
         [Old:                  0(  0.0%)      0.0B(  0.0%)]
   [Total Exec: 1688/0.8729605 secs, Idle: 1688/430225.5914116 secs, Blocked: 133/0.0943544 secs]
      [Inspected:         2937047]
         [Skipped:              0(  0.0%)]
         [Hashed:         1225556( 41.7%)]
         [Known:           190702(  6.5%)]
         [New:            2746345( 93.5%)    213.7M]
      [Deduplicated:      1923846( 70.1%)    127.5M( 59.7%)]
         [Young:           791304( 41.1%)  61955.6K( 47.5%)]
         [Old:            1132542( 58.9%)  68596.8K( 52.5%)]
   [Table]
      [Memory Usage: 8448.9K]
      [Size: 262144, Min: 1024, Max: 16777216]
      [Entries: 264296, Load: 100.8%, Cached: 8807, Added: 986877, Removed: 722581]
      [Resize Count: 8, Shrink Threshold: 174762(66.7%), Grow Threshold: 524288(200.0%)]
      [Rehash Count: 0, Rehash Threshold: 120, Hash Seed: 0x0]
      [Age Threshold: 3]
   [Queue]
      [Dropped: 0]
[GC concurrent-string-deduplication, deleted 0 entries, 0.0000011 secs]
2020-12-18T10:57:00.390+0530: 430226.961: [GC concurrent-root-region-scan-end, 0.0032645 secs]
2020-12-18T10:57:00.390+0530: 430226.961: [GC concurrent-mark-start]
2020-12-18T10:57:00.474+0530: 430227.044: [GC concurrent-mark-end, 0.0836671 secs]
2020-12-18T10:57:00.474+0530: 430227.045: [GC remark 2020-12-18T10:57:00.474+0530: 430227.045: [Finalize Marking, 0.0007409 secs] 2020-12-18T10:57:00.475+0530: 430227.045: [GC ref-proc, 0.0005163 secs] 2020-12-18T10:57:00.475+0530: 430227.046: [Unloading, 0.0211022 secs], 0.0231254 secs]
 [Times: user=0.16 sys=0.00, real=0.02 secs] 
2020-12-18T10:57:00.498+0530: 430227.068: [GC cleanup 208M->208M(267M), 0.0022328 secs]
 [Times: user=0.00 sys=0.02, real=0.00 secs] 
2020-12-18T11:02:00.639+0530: 430527.210: [GC pause (G1 Evacuation Pause) (young), 0.0073003 secs]
   [Parallel Time: 2.3 ms, GC Workers: 10]
      [GC Worker Start (ms): Min: 430527209.9, Avg: 430527210.0, Max: 430527210.1, Diff: 0.2]
      [Ext Root Scanning (ms): Min: 0.6, Avg: 0.8, Max: 1.7, Diff: 1.0, Sum: 8.3]
      [Update RS (ms): Min: 0.0, Avg: 0.6, Max: 1.0, Diff: 1.0, Sum: 6.2]
         [Processed Buffers: Min: 0, Avg: 5.1, Max: 15, Diff: 15, Sum: 51]
      [Scan RS (ms): Min: 0.0, Avg: 0.0, Max: 0.0, Diff: 0.0, Sum: 0.1]
      [Code Root Scanning (ms): Min: 0.0, Avg: 0.0, Max: 0.0, Diff: 0.0, Sum: 0.0]
      [Object Copy (ms): Min: 0.1, Avg: 0.3, Max: 0.5, Diff: 0.4, Sum: 3.2]
      [Termination (ms): Min: 0.0, Avg: 0.2, Max: 0.2, Diff: 0.2, Sum: 1.6]
         [Termination Attempts: Min: 1, Avg: 2.3, Max: 4, Diff: 3, Sum: 23]
      [GC Worker Other (ms): Min: 0.0, Avg: 0.0, Max: 0.0, Diff: 0.0, Sum: 0.2]
      [GC Worker Total (ms): Min: 1.9, Avg: 2.0, Max: 2.1, Diff: 0.2, Sum: 19.6]
      [GC Worker End (ms): Min: 430527212.0, Avg: 430527212.0, Max: 430527212.0, Diff: 0.0]
   [Code Root Fixup: 0.0 ms]
   [Code Root Purge: 0.0 ms]
   [String Dedup Fixup: 2.9 ms, GC Workers: 10]
      [Queue Fixup (ms): Min: 0.0, Avg: 0.0, Max: 0.0, Diff: 0.0, Sum: 0.0]
      [Table Fixup (ms): Min: 2.1, Avg: 2.3, Max: 2.4, Diff: 0.3, Sum: 22.5]
   [Clear CT: 0.8 ms]
   [Other: 1.3 ms]
      [Choose CSet: 0.0 ms]
      [Ref Proc: 0.3 ms]
      [Ref Enq: 0.0 ms]
      [Redirty Cards: 0.8 ms]
      [Humongous Register: 0.0 ms]
      [Humongous Reclaim: 0.0 ms]
      [Free CSet: 0.0 ms]
   [Eden: 49152.0K(49152.0K)->0.0B(12288.0K) Survivors: 1024.0K->1024.0K Heap: 235.7M(267.0M)->187.6M(267.0M)]
 [Times: user=0.16 sys=0.00, real=0.01 secs] 
2020-12-18T11:02:00.647+0530: 430527.218: [GC concurrent-string-deduplication, 43456.0B->25120.0B(18336.0B), avg 59.7%, 0.0002047 secs]
   [Last Exec: 0.0002047 secs, Idle: 300.2586030 secs, Blocked: 0/0.0000000 secs]
      [Inspected:             422]
         [Skipped:              0(  0.0%)]
         [Hashed:             325( 77.0%)]
         [Known:               10(  2.4%)]
         [New:                412( 97.6%)  43456.0B]
      [Deduplicated:          386( 93.7%)  18336.0B( 42.2%)]
         [Young:              386(100.0%)  18336.0B(100.0%)]
         [Old:                  0(  0.0%)      0.0B(  0.0%)]
   [Total Exec: 1689/0.8731652 secs, Idle: 1689/430525.8500146 secs, Blocked: 133/0.0943544 secs]
      [Inspected:         2937469]
         [Skipped:              0(  0.0%)]
         [Hashed:         1225881( 41.7%)]
         [Known:           190712(  6.5%)]
         [New:            2746757( 93.5%)    213.7M]
      [Deduplicated:      1924232( 70.1%)    127.5M( 59.7%)]
         [Young:           791690( 41.1%)  61973.5K( 47.5%)]
         [Old:            1132542( 58.9%)  68596.8K( 52.5%)]
   [Table]
      [Memory Usage: 8448.9K]
      [Size: 262144, Min: 1024, Max: 16777216]
      [Entries: 263895, Load: 100.7%, Cached: 9208, Added: 986922, Removed: 723027]
      [Resize Count: 8, Shrink Threshold: 174762(66.7%), Grow Threshold: 524288(200.0%)]
      [Rehash Count: 0, Rehash Threshold: 120, Hash Seed: 0x0]
      [Age Threshold: 3]
   [Queue]
      [Dropped: 0]
[GC concurrent-string-deduplication, deleted 0 entries, 0.0000007 secs]
2020-12-18T11:02:00.667+0530: 430527.238: [GC pause (G1 Evacuation Pause) (mixed), 0.0076549 secs]
   [Parallel Time: 3.3 ms, GC Workers: 10]
      [GC Worker Start (ms): Min: 430527237.9, Avg: 430527238.0, Max: 430527238.0, Diff: 0.2]
      [Ext Root Scanning (ms): Min: 0.7, Avg: 0.9, Max: 1.7, Diff: 1.0, Sum: 8.9]
      [Update RS (ms): Min: 0.0, Avg: 0.1, Max: 0.2, Diff: 0.2, Sum: 1.4]
         [Processed Buffers: Min: 0, Avg: 1.1, Max: 3, Diff: 3, Sum: 11]
      [Scan RS (ms): Min: 0.2, Avg: 0.6, Max: 0.7, Diff: 0.5, Sum: 6.0]
      [Code Root Scanning (ms): Min: 0.0, Avg: 0.0, Max: 0.0, Diff: 0.0, Sum: 0.0]
      [Object Copy (ms): Min: 0.8, Avg: 1.0, Max: 1.1, Diff: 0.3, Sum: 9.9]
      [Termination (ms): Min: 0.0, Avg: 0.0, Max: 0.0, Diff: 0.0, Sum: 0.1]
         [Termination Attempts: Min: 2, Avg: 21.2, Max: 27, Diff: 25, Sum: 212]
      [GC Worker Other (ms): Min: 0.0, Avg: 0.0, Max: 0.0, Diff: 0.0, Sum: 0.1]
      [GC Worker Total (ms): Min: 2.6, Avg: 2.6, Max: 2.8, Diff: 0.2, Sum: 26.5]
      [GC Worker End (ms): Min: 430527240.6, Avg: 430527240.6, Max: 430527240.6, Diff: 0.0]
   [Code Root Fixup: 0.0 ms]
   [Code Root Purge: 0.0 ms]
   [String Dedup Fixup: 2.5 ms, GC Workers: 10]
      [Queue Fixup (ms): Min: 0.0, Avg: 0.0, Max: 0.0, Diff: 0.0, Sum: 0.0]
      [Table Fixup (ms): Min: 1.9, Avg: 1.9, Max: 2.0, Diff: 0.2, Sum: 19.4]
   [Clear CT: 0.7 ms]
   [Other: 1.1 ms]
      [Choose CSet: 0.0 ms]
      [Ref Proc: 0.3 ms]
      [Ref Enq: 0.0 ms]
      [Redirty Cards: 0.6 ms]
      [Humongous Register: 0.0 ms]
      [Humongous Reclaim: 0.0 ms]
      [Free CSet: 0.0 ms]
   [Eden: 12288.0K(12288.0K)->0.0B(51200.0K) Survivors: 1024.0K->1024.0K Heap: 199.6M(267.0M)->187.1M(267.0M)]
 [Times: user=0.16 sys=0.00, real=0.01 secs] 
2020-12-18T11:02:00.675+0530: 430527.246: [GC concurrent-string-deduplication, 1536.0B->1184.0B(352.0B), avg 59.7%, 0.0000198 secs]
   [Last Exec: 0.0000198 secs, Idle: 0.0279448 secs, Blocked: 0/0.0000000 secs]
      [Inspected:              60]
         [Skipped:              0(  0.0%)]
         [Hashed:               7( 11.7%)]
         [Known:               47( 78.3%)]
         [New:                 13( 21.7%)   1536.0B]
      [Deduplicated:            5( 38.5%)    352.0B( 22.9%)]
         [Young:                5(100.0%)    352.0B(100.0%)]
         [Old:                  0(  0.0%)      0.0B(  0.0%)]
   [Total Exec: 1690/0.8731850 secs, Idle: 1690/430525.8779594 secs, Blocked: 133/0.0943544 secs]
      [Inspected:         2937529]
         [Skipped:              0(  0.0%)]
         [Hashed:         1225888( 41.7%)]
         [Known:           190759(  6.5%)]
         [New:            2746770( 93.5%)    213.7M]
      [Deduplicated:      1924237( 70.1%)    127.5M( 59.7%)]
         [Young:           791695( 41.1%)  61973.9K( 47.5%)]
         [Old:            1132542( 58.9%)  68596.8K( 52.5%)]
   [Table]
      [Memory Usage: 8448.9K]
      [Size: 262144, Min: 1024, Max: 16777216]
      [Entries: 263897, Load: 100.7%, Cached: 9206, Added: 986930, Removed: 723033]
      [Resize Count: 8, Shrink Threshold: 174762(66.7%), Grow Threshold: 524288(200.0%)]
      [Rehash Count: 0, Rehash Threshold: 120, Hash Seed: 0x0]
      [Age Threshold: 3]
   [Queue]
      [Dropped: 0]
[GC concurrent-string-deduplication, deleted 0 entries, 0.0000006 secs]
2020-12-18T11:07:12.055+0530: 430838.626: [GC pause (G1 Evacuation Pause) (young), 0.0083197 secs]
   [Parallel Time: 3.7 ms, GC Workers: 10]
      [GC Worker Start (ms): Min: 430838626.1, Avg: 430838626.2, Max: 430838626.3, Diff: 0.2]
      [Ext Root Scanning (ms): Min: 0.6, Avg: 0.8, Max: 1.9, Diff: 1.3, Sum: 8.4]
      [Update RS (ms): Min: 0.9, Avg: 1.9, Max: 2.1, Diff: 1.2, Sum: 18.6]
         [Processed Buffers: Min: 3, Avg: 6.7, Max: 15, Diff: 12, Sum: 67]
      [Scan RS (ms): Min: 0.0, Avg: 0.0, Max: 0.0, Diff: 0.0, Sum: 0.0]
      [Code Root Scanning (ms): Min: 0.0, Avg: 0.0, Max: 0.0, Diff: 0.0, Sum: 0.0]
      [Object Copy (ms): Min: 0.1, Avg: 0.3, Max: 0.4, Diff: 0.3, Sum: 2.8]
      [Termination (ms): Min: 0.0, Avg: 0.0, Max: 0.0, Diff: 0.0, Sum: 0.0]
         [Termination Attempts: Min: 1, Avg: 1.7, Max: 2, Diff: 1, Sum: 17]
      [GC Worker Other (ms): Min: 0.0, Avg: 0.0, Max: 0.0, Diff: 0.0, Sum: 0.2]
      [GC Worker Total (ms): Min: 2.9, Avg: 3.0, Max: 3.1, Diff: 0.2, Sum: 30.1]
      [GC Worker End (ms): Min: 430838629.2, Avg: 430838629.2, Max: 430838629.3, Diff: 0.0]
   [Code Root Fixup: 0.0 ms]
   [Code Root Purge: 0.0 ms]
   [String Dedup Fixup: 2.5 ms, GC Workers: 10]
      [Queue Fixup (ms): Min: 0.0, Avg: 0.0, Max: 0.0, Diff: 0.0, Sum: 0.0]
      [Table Fixup (ms): Min: 1.8, Avg: 1.9, Max: 2.1, Diff: 0.3, Sum: 18.5]
   [Clear CT: 0.8 ms]
   [Other: 1.3 ms]
      [Choose CSet: 0.0 ms]
      [Ref Proc: 0.3 ms]
      [Ref Enq: 0.0 ms]
      [Redirty Cards: 0.7 ms]
      [Humongous Register: 0.0 ms]
      [Humongous Reclaim: 0.0 ms]
      [Free CSet: 0.1 ms]
   [Eden: 51200.0K(51200.0K)->0.0B(51200.0K) Survivors: 1024.0K->1024.0K Heap: 237.1M(267.0M)->186.8M(267.0M)]
 [Times: user=0.02 sys=0.00, real=0.01 secs] 
2020-12-18T11:07:12.064+0530: 430838.634: [GC concurrent-string-deduplication, 264.0B->264.0B(0.0B), avg 59.7%, 0.0000092 secs]
   [Last Exec: 0.0000092 secs, Idle: 311.3888015 secs, Blocked: 0/0.0000000 secs]
      [Inspected:              20]
         [Skipped:              0(  0.0%)]
         [Hashed:               1(  5.0%)]
         [Known:               19( 95.0%)]
         [New:                  1(  5.0%)    264.0B]
      [Deduplicated:            0(  0.0%)      0.0B(  0.0%)]
         [Young:                0(  0.0%)      0.0B(  0.0%)]
         [Old:                  0(  0.0%)      0.0B(  0.0%)]
   [Total Exec: 1691/0.8731942 secs, Idle: 1691/430837.2667609 secs, Blocked: 133/0.0943544 secs]
      [Inspected:         2937549]
         [Skipped:              0(  0.0%)]
         [Hashed:         1225889( 41.7%)]
         [Known:           190778(  6.5%)]
         [New:            2746771( 93.5%)    213.7M]
      [Deduplicated:      1924237( 70.1%)    127.5M( 59.7%)]
         [Young:           791695( 41.1%)  61973.9K( 47.5%)]
         [Old:            1132542( 58.9%)  68596.8K( 52.5%)]
   [Table]
      [Memory Usage: 8448.9K]
      [Size: 262144, Min: 1024, Max: 16777216]
      [Entries: 263904, Load: 100.7%, Cached: 9199, Added: 986937, Removed: 723033]
      [Resize Count: 8, Shrink Threshold: 174762(66.7%), Grow Threshold: 524288(200.0%)]
      [Rehash Count: 0, Rehash Threshold: 120, Hash Seed: 0x0]
      [Age Threshold: 3]
   [Queue]
      [Dropped: 0]
[GC concurrent-string-deduplication, deleted 0 entries, 0.0000010 secs]
2020-12-18T11:16:03.853+0530: 431370.424: [GC pause (G1 Evacuation Pause) (young) (initial-mark), 0.0115113 secs]
   [Parallel Time: 7.0 ms, GC Workers: 10]
      [GC Worker Start (ms): Min: 431370424.5, Avg: 431370425.1, Max: 431370425.5, Diff: 1.0]
      [Ext Root Scanning (ms): Min: 4.0, Avg: 4.5, Max: 5.4, Diff: 1.4, Sum: 45.2]
      [Update RS (ms): Min: 0.3, Avg: 0.5, Max: 1.0, Diff: 0.7, Sum: 5.5]
         [Processed Buffers: Min: 1, Avg: 6.0, Max: 16, Diff: 15, Sum: 60]
      [Scan RS (ms): Min: 0.0, Avg: 0.0, Max: 0.0, Diff: 0.0, Sum: 0.0]
      [Code Root Scanning (ms): Min: 0.0, Avg: 0.0, Max: 0.0, Diff: 0.0, Sum: 0.0]
      [Object Copy (ms): Min: 0.3, Avg: 0.6, Max: 0.9, Diff: 0.5, Sum: 6.2]
      [Termination (ms): Min: 0.0, Avg: 0.1, Max: 0.1, Diff: 0.1, Sum: 0.6]
         [Termination Attempts: Min: 1, Avg: 2.5, Max: 5, Diff: 4, Sum: 25]
      [GC Worker Other (ms): Min: 0.0, Avg: 0.0, Max: 0.0, Diff: 0.0, Sum: 0.2]
      [GC Worker Total (ms): Min: 5.3, Avg: 5.8, Max: 6.3, Diff: 1.0, Sum: 57.7]
      [GC Worker End (ms): Min: 431370430.8, Avg: 431370430.8, Max: 431370430.8, Diff: 0.0]
   [Code Root Fixup: 0.0 ms]
   [Code Root Purge: 0.0 ms]
   [String Dedup Fixup: 2.3 ms, GC Workers: 10]
      [Queue Fixup (ms): Min: 0.0, Avg: 0.0, Max: 0.0, Diff: 0.0, Sum: 0.0]
      [Table Fixup (ms): Min: 1.6, Avg: 1.7, Max: 1.9, Diff: 0.3, Sum: 17.4]
   [Clear CT: 0.8 ms]
   [Other: 1.4 ms]
      [Choose CSet: 0.0 ms]
      [Ref Proc: 0.4 ms]
      [Ref Enq: 0.0 ms]
      [Redirty Cards: 0.7 ms]
      [Humongous Register: 0.0 ms]
      [Humongous Reclaim: 0.0 ms]
      [Free CSet: 0.0 ms]
   [Eden: 51200.0K(51200.0K)->0.0B(51200.0K) Survivors: 1024.0K->1024.0K Heap: 236.8M(267.0M)->186.9M(267.0M)]
 [Times: user=0.13 sys=0.03, real=0.01 secs] 
2020-12-18T11:16:03.865+0530: 431370.436: [GC concurrent-root-region-scan-start]
2020-12-18T11:16:03.868+0530: 431370.438: [GC concurrent-root-region-scan-end, 0.0026012 secs]
2020-12-18T11:16:03.868+0530: 431370.438: [GC concurrent-mark-start]
2020-12-18T11:16:03.946+0530: 431370.516: [GC concurrent-mark-end, 0.0779065 secs]
2020-12-18T11:16:03.946+0530: 431370.517: [GC remark 2020-12-18T11:16:03.946+0530: 431370.517: [Finalize Marking, 0.0006203 secs] 2020-12-18T11:16:03.947+0530: 431370.517: [GC ref-proc, 0.0005880 secs] 2020-12-18T11:16:03.947+0530: 431370.518: [Unloading, 0.0209591 secs], 0.0231098 secs]
 [Times: user=0.14 sys=0.03, real=0.02 secs] 
2020-12-18T11:16:03.970+0530: 431370.540: [GC cleanup 187M->187M(267M), 0.0036860 secs]
 [Times: user=0.00 sys=0.00, real=0.00 secs] 
2020-12-18T11:19:14.061+0530: 431560.632: [GC pause (G1 Evacuation Pause) (young), 0.0111214 secs]
   [Parallel Time: 4.9 ms, GC Workers: 10]
      [GC Worker Start (ms): Min: 431560632.1, Avg: 431560632.4, Max: 431560632.6, Diff: 0.5]
      [Ext Root Scanning (ms): Min: 1.7, Avg: 2.0, Max: 2.6, Diff: 0.9, Sum: 19.7]
      [Update RS (ms): Min: 1.2, Avg: 1.3, Max: 1.6, Diff: 0.4, Sum: 13.5]
         [Processed Buffers: Min: 2, Avg: 5.6, Max: 14, Diff: 12, Sum: 56]
      [Scan RS (ms): Min: 0.0, Avg: 0.0, Max: 0.0, Diff: 0.0, Sum: 0.0]
      [Code Root Scanning (ms): Min: 0.0, Avg: 0.0, Max: 0.0, Diff: 0.0, Sum: 0.0]
      [Object Copy (ms): Min: 0.1, Avg: 0.5, Max: 0.7, Diff: 0.6, Sum: 5.3]
      [Termination (ms): Min: 0.0, Avg: 0.1, Max: 0.1, Diff: 0.1, Sum: 0.7]
         [Termination Attempts: Min: 1, Avg: 1.2, Max: 2, Diff: 1, Sum: 12]
      [GC Worker Other (ms): Min: 0.0, Avg: 0.0, Max: 0.0, Diff: 0.0, Sum: 0.2]
      [GC Worker Total (ms): Min: 3.7, Avg: 3.9, Max: 4.2, Diff: 0.5, Sum: 39.4]
      [GC Worker End (ms): Min: 431560636.4, Avg: 431560636.4, Max: 431560636.4, Diff: 0.0]
   [Code Root Fixup: 0.0 ms]
   [Code Root Purge: 0.0 ms]
   [String Dedup Fixup: 2.1 ms, GC Workers: 10]
      [Queue Fixup (ms): Min: 0.0, Avg: 0.0, Max: 0.0, Diff: 0.0, Sum: 0.0]
      [Table Fixup (ms): Min: 1.7, Avg: 1.8, Max: 2.0, Diff: 0.3, Sum: 18.2]
   [Clear CT: 1.1 ms]
   [Other: 3.1 ms]
      [Choose CSet: 0.0 ms]
      [Ref Proc: 2.1 ms]
      [Ref Enq: 0.0 ms]
      [Redirty Cards: 0.7 ms]
      [Humongous Register: 0.0 ms]
      [Humongous Reclaim: 0.0 ms]
      [Free CSet: 0.0 ms]
   [Eden: 51200.0K(51200.0K)->0.0B(47104.0K) Survivors: 1024.0K->3072.0K Heap: 236.9M(267.0M)->188.7M(267.0M)]
 [Times: user=0.11 sys=0.01, real=0.01 secs] 
2020-12-18T11:19:14.072+0530: 431560.643: [GC concurrent-string-deduplication, 264.0B->264.0B(0.0B), avg 59.7%, 0.0000063 secs]
   [Last Exec: 0.0000063 secs, Idle: 722.0086226 secs, Blocked: 0/0.0000000 secs]
      [Inspected:               9]
         [Skipped:              0(  0.0%)]
         [Hashed:               1( 11.1%)]
         [Known:                8( 88.9%)]
         [New:                  1( 11.1%)    264.0B]
      [Deduplicated:            0(  0.0%)      0.0B(  0.0%)]
         [Young:                0(  0.0%)      0.0B(  0.0%)]
         [Old:                  0(  0.0%)      0.0B(  0.0%)]
   [Total Exec: 1692/0.8732005 secs, Idle: 1692/431559.2753835 secs, Blocked: 133/0.0943544 secs]
      [Inspected:         2937558]
         [Skipped:              0(  0.0%)]
         [Hashed:         1225890( 41.7%)]
         [Known:           190786(  6.5%)]
         [New:            2746772( 93.5%)    213.7M]
      [Deduplicated:      1924237( 70.1%)    127.5M( 59.7%)]
         [Young:           791695( 41.1%)  61973.9K( 47.5%)]
         [Old:            1132542( 58.9%)  68596.8K( 52.5%)]
   [Table]
      [Memory Usage: 8448.9K]
      [Size: 262144, Min: 1024, Max: 16777216]
      [Entries: 263939, Load: 100.7%, Cached: 9164, Added: 987000, Removed: 723061]
      [Resize Count: 8, Shrink Threshold: 174762(66.7%), Grow Threshold: 524288(200.0%)]
      [Rehash Count: 0, Rehash Threshold: 120, Hash Seed: 0x0]
      [Age Threshold: 3]
   [Queue]
      [Dropped: 0]
[GC concurrent-string-deduplication, deleted 0 entries, 0.0000006 secs]
2020-12-18T11:26:30.434+0530: 431997.005: [GC pause (G1 Evacuation Pause) (young), 0.0071311 secs]
   [Parallel Time: 2.0 ms, GC Workers: 10]
      [GC Worker Start (ms): Min: 431997005.0, Avg: 431997005.1, Max: 431997005.2, Diff: 0.3]
      [Ext Root Scanning (ms): Min: 0.5, Avg: 0.7, Max: 1.4, Diff: 0.8, Sum: 7.4]
      [Update RS (ms): Min: 0.2, Avg: 0.6, Max: 0.9, Diff: 0.7, Sum: 5.8]
         [Processed Buffers: Min: 2, Avg: 5.9, Max: 15, Diff: 13, Sum: 59]
      [Scan RS (ms): Min: 0.0, Avg: 0.0, Max: 0.0, Diff: 0.0, Sum: 0.0]
      [Code Root Scanning (ms): Min: 0.0, Avg: 0.0, Max: 0.0, Diff: 0.0, Sum: 0.0]
      [Object Copy (ms): Min: 0.1, Avg: 0.3, Max: 0.4, Diff: 0.3, Sum: 3.4]
      [Termination (ms): Min: 0.0, Avg: 0.1, Max: 0.1, Diff: 0.1, Sum: 1.0]
         [Termination Attempts: Min: 1, Avg: 1.0, Max: 1, Diff: 0, Sum: 10]
      [GC Worker Other (ms): Min: 0.0, Avg: 0.0, Max: 0.0, Diff: 0.0, Sum: 0.1]
      [GC Worker Total (ms): Min: 1.6, Avg: 1.8, Max: 1.9, Diff: 0.3, Sum: 17.7]
      [GC Worker End (ms): Min: 431997006.9, Avg: 431997006.9, Max: 431997006.9, Diff: 0.0]
   [Code Root Fixup: 0.0 ms]
   [Code Root Purge: 0.0 ms]
   [String Dedup Fixup: 2.5 ms, GC Workers: 10]
      [Queue Fixup (ms): Min: 0.0, Avg: 0.0, Max: 0.0, Diff: 0.0, Sum: 0.0]
      [Table Fixup (ms): Min: 1.7, Avg: 1.8, Max: 2.0, Diff: 0.3, Sum: 17.9]
   [Clear CT: 0.8 ms]
   [Other: 1.8 ms]
      [Choose CSet: 0.0 ms]
      [Ref Proc: 0.9 ms]
      [Ref Enq: 0.0 ms]
      [Redirty Cards: 0.8 ms]
      [Humongous Register: 0.0 ms]
      [Humongous Reclaim: 0.0 ms]
      [Free CSet: 0.0 ms]
   [Eden: 47104.0K(47104.0K)->0.0B(49152.0K) Survivors: 3072.0K->2048.0K Heap: 234.7M(267.0M)->187.3M(267.0M)]
 [Times: user=0.02 sys=0.00, real=0.01 secs] 
2020-12-18T11:26:30.441+0530: 431997.012: [GC concurrent-string-deduplication, 528.0B->528.0B(0.0B), avg 59.7%, 0.0000034 secs]
   [Last Exec: 0.0000034 secs, Idle: 436.3689515 secs, Blocked: 0/0.0000000 secs]
      [Inspected:               2]
         [Skipped:              0(  0.0%)]
         [Hashed:               2(100.0%)]
         [Known:                0(  0.0%)]
         [New:                  2(100.0%)    528.0B]
      [Deduplicated:            0(  0.0%)      0.0B(  0.0%)]
         [Young:                0(  0.0%)      0.0B(  0.0%)]
         [Old:                  0(  0.0%)      0.0B(  0.0%)]
   [Total Exec: 1693/0.8732039 secs, Idle: 1693/431995.6443350 secs, Blocked: 133/0.0943544 secs]
      [Inspected:         2937560]
         [Skipped:              0(  0.0%)]
         [Hashed:         1225892( 41.7%)]
         [Known:           190786(  6.5%)]
         [New:            2746774( 93.5%)    213.7M]
      [Deduplicated:      1924237( 70.1%)    127.5M( 59.7%)]
         [Young:           791695( 41.1%)  61973.9K( 47.5%)]
         [Old:            1132542( 58.9%)  68596.8K( 52.5%)]
   [Table]
      [Memory Usage: 8448.9K]
      [Size: 262144, Min: 1024, Max: 16777216]
      [Entries: 263941, Load: 100.7%, Cached: 9162, Added: 987002, Removed: 723061]
      [Resize Count: 8, Shrink Threshold: 174762(66.7%), Grow Threshold: 524288(200.0%)]
      [Rehash Count: 0, Rehash Threshold: 120, Hash Seed: 0x0]
      [Age Threshold: 3]
   [Queue]
      [Dropped: 0]
[GC concurrent-string-deduplication, deleted 0 entries, 0.0000006 secs]
2020-12-18T11:32:01.589+0530: 432328.160: [GC pause (G1 Evacuation Pause) (young) (initial-mark), 0.0083336 secs]
   [Parallel Time: 3.3 ms, GC Workers: 10]
      [GC Worker Start (ms): Min: 432328159.8, Avg: 432328160.0, Max: 432328160.1, Diff: 0.3]
      [Ext Root Scanning (ms): Min: 1.7, Avg: 1.9, Max: 2.3, Diff: 0.6, Sum: 19.5]
      [Update RS (ms): Min: 0.3, Avg: 0.5, Max: 0.8, Diff: 0.4, Sum: 5.4]
         [Processed Buffers: Min: 2, Avg: 5.4, Max: 12, Diff: 10, Sum: 54]
      [Scan RS (ms): Min: 0.0, Avg: 0.0, Max: 0.0, Diff: 0.0, Sum: 0.0]
      [Code Root Scanning (ms): Min: 0.0, Avg: 0.0, Max: 0.0, Diff: 0.0, Sum: 0.0]
      [Object Copy (ms): Min: 0.1, Avg: 0.4, Max: 0.5, Diff: 0.5, Sum: 3.6]
      [Termination (ms): Min: 0.0, Avg: 0.1, Max: 0.1, Diff: 0.1, Sum: 0.5]
         [Termination Attempts: Min: 1, Avg: 1.0, Max: 1, Diff: 0, Sum: 10]
      [GC Worker Other (ms): Min: 0.0, Avg: 0.0, Max: 0.1, Diff: 0.1, Sum: 0.2]
      [GC Worker Total (ms): Min: 2.8, Avg: 2.9, Max: 3.1, Diff: 0.3, Sum: 29.2]
      [GC Worker End (ms): Min: 432328162.9, Avg: 432328162.9, Max: 432328162.9, Diff: 0.0]
   [Code Root Fixup: 0.0 ms]
   [Code Root Purge: 0.0 ms]
   [String Dedup Fixup: 2.8 ms, GC Workers: 10]
      [Queue Fixup (ms): Min: 0.0, Avg: 0.0, Max: 0.0, Diff: 0.0, Sum: 0.0]
      [Table Fixup (ms): Min: 2.1, Avg: 2.2, Max: 2.3, Diff: 0.2, Sum: 21.9]
   [Clear CT: 0.8 ms]
   [Other: 1.4 ms]
      [Choose CSet: 0.0 ms]
      [Ref Proc: 0.3 ms]
      [Ref Enq: 0.0 ms]
      [Redirty Cards: 0.8 ms]
      [Humongous Register: 0.0 ms]
      [Humongous Reclaim: 0.0 ms]
      [Free CSet: 0.1 ms]
   [Eden: 49152.0K(49152.0K)->0.0B(49152.0K) Survivors: 2048.0K->2048.0K Heap: 235.3M(267.0M)->187.6M(267.0M)]
 [Times: user=0.16 sys=0.00, real=0.01 secs] 
2020-12-18T11:32:01.597+0530: 432328.168: [GC concurrent-root-region-scan-start]
2020-12-18T11:32:01.597+0530: 432328.168: [GC concurrent-string-deduplication, 10288.0B->8208.0B(2080.0B), avg 59.7%, 0.0000508 secs]
   [Last Exec: 0.0000508 secs, Idle: 331.1559396 secs, Blocked: 0/0.0000000 secs]
      [Inspected:             155]
         [Skipped:              0(  0.0%)]
         [Hashed:              82( 52.9%)]
         [Known:               65( 41.9%)]
         [New:                 90( 58.1%)  10288.0B]
      [Deduplicated:           46( 51.1%)   2080.0B( 20.2%)]
         [Young:               46(100.0%)   2080.0B(100.0%)]
         [Old:                  0(  0.0%)      0.0B(  0.0%)]
   [Total Exec: 1694/0.8732547 secs, Idle: 1694/432326.8002746 secs, Blocked: 133/0.0943544 secs]
      [Inspected:         2937715]
         [Skipped:              0(  0.0%)]
         [Hashed:         1225974( 41.7%)]
         [Known:           190851(  6.5%)]
         [New:            2746864( 93.5%)    213.8M]
      [Deduplicated:      1924283( 70.1%)    127.5M( 59.7%)]
         [Young:           791741( 41.1%)  61975.9K( 47.5%)]
         [Old:            1132542( 58.9%)  68596.8K( 52.5%)]
   [Table]
      [Memory Usage: 8448.9K]
      [Size: 262144, Min: 1024, Max: 16777216]
      [Entries: 263985, Load: 100.7%, Cached: 9118, Added: 987046, Removed: 723061]
      [Resize Count: 8, Shrink Threshold: 174762(66.7%), Grow Threshold: 524288(200.0%)]
      [Rehash Count: 0, Rehash Threshold: 120, Hash Seed: 0x0]
      [Age Threshold: 3]
   [Queue]
      [Dropped: 0]
[GC concurrent-string-deduplication, deleted 0 entries, 0.0000007 secs]
2020-12-18T11:32:01.599+0530: 432328.170: [GC concurrent-root-region-scan-end, 0.0022476 secs]
2020-12-18T11:32:01.599+0530: 432328.170: [GC concurrent-mark-start]
2020-12-18T11:32:01.683+0530: 432328.254: [GC concurrent-mark-end, 0.0838553 secs]
2020-12-18T11:32:01.684+0530: 432328.255: [GC remark 2020-12-18T11:32:01.684+0530: 432328.255: [Finalize Marking, 0.0006363 secs] 2020-12-18T11:32:01.685+0530: 432328.255: [GC ref-proc, 0.0006165 secs] 2020-12-18T11:32:01.685+0530: 432328.256: [Unloading, 0.0218178 secs], 0.0238401 secs]
 [Times: user=0.30 sys=0.00, real=0.02 secs] 
2020-12-18T11:32:01.708+0530: 432328.279: [GC cleanup 206M->206M(267M), 0.0039290 secs]
 [Times: user=0.00 sys=0.00, real=0.00 secs] 
2020-12-18T11:37:01.789+0530: 432628.360: [GC pause (G1 Evacuation Pause) (young), 0.0070232 secs]
   [Parallel Time: 2.2 ms, GC Workers: 10]
      [GC Worker Start (ms): Min: 432628360.1, Avg: 432628360.3, Max: 432628360.4, Diff: 0.3]
      [Ext Root Scanning (ms): Min: 0.5, Avg: 0.7, Max: 1.3, Diff: 0.8, Sum: 6.7]
      [Update RS (ms): Min: 0.1, Avg: 0.5, Max: 0.8, Diff: 0.7, Sum: 5.3]
         [Processed Buffers: Min: 1, Avg: 5.5, Max: 19, Diff: 18, Sum: 55]
      [Scan RS (ms): Min: 0.0, Avg: 0.0, Max: 0.0, Diff: 0.0, Sum: 0.0]
      [Code Root Scanning (ms): Min: 0.0, Avg: 0.0, Max: 0.0, Diff: 0.0, Sum: 0.0]
      [Object Copy (ms): Min: 0.1, Avg: 0.3, Max: 0.5, Diff: 0.3, Sum: 3.3]
      [Termination (ms): Min: 0.0, Avg: 0.0, Max: 0.0, Diff: 0.0, Sum: 0.0]
         [Termination Attempts: Min: 1, Avg: 1.0, Max: 1, Diff: 0, Sum: 10]
      [GC Worker Other (ms): Min: 0.0, Avg: 0.0, Max: 0.0, Diff: 0.0, Sum: 0.2]
      [GC Worker Total (ms): Min: 1.4, Avg: 1.5, Max: 1.7, Diff: 0.3, Sum: 15.5]
      [GC Worker End (ms): Min: 432628361.8, Avg: 432628361.8, Max: 432628361.8, Diff: 0.0]
   [Code Root Fixup: 0.0 ms]
   [Code Root Purge: 0.0 ms]
   [String Dedup Fixup: 2.4 ms, GC Workers: 10]
      [Queue Fixup (ms): Min: 0.0, Avg: 0.0, Max: 0.0, Diff: 0.0, Sum: 0.0]
      [Table Fixup (ms): Min: 1.7, Avg: 1.8, Max: 1.9, Diff: 0.3, Sum: 17.5]
   [Clear CT: 0.7 ms]
   [Other: 1.7 ms]
      [Choose CSet: 0.0 ms]
      [Ref Proc: 0.8 ms]
      [Ref Enq: 0.0 ms]
      [Redirty Cards: 0.7 ms]
      [Humongous Register: 0.0 ms]
      [Humongous Reclaim: 0.0 ms]
      [Free CSet: 0.0 ms]
   [Eden: 49152.0K(49152.0K)->0.0B(11264.0K) Survivors: 2048.0K->2048.0K Heap: 235.6M(267.0M)->187.3M(267.0M)]
 [Times: user=0.00 sys=0.00, real=0.01 secs] 
2020-12-18T11:37:01.796+0530: 432628.367: [GC concurrent-string-deduplication, 264.0B->264.0B(0.0B), avg 59.7%, 0.0000031 secs]
   [Last Exec: 0.0000031 secs, Idle: 300.1989799 secs, Blocked: 0/0.0000000 secs]
      [Inspected:               1]
         [Skipped:              0(  0.0%)]
         [Hashed:               1(100.0%)]
         [Known:                0(  0.0%)]
         [New:                  1(100.0%)    264.0B]
      [Deduplicated:            0(  0.0%)      0.0B(  0.0%)]
         [Young:                0(  0.0%)      0.0B(  0.0%)]
         [Old:                  0(  0.0%)      0.0B(  0.0%)]
   [Total Exec: 1695/0.8732578 secs, Idle: 1695/432626.9992545 secs, Blocked: 133/0.0943544 secs]
      [Inspected:         2937716]
         [Skipped:              0(  0.0%)]
         [Hashed:         1225975( 41.7%)]
         [Known:           190851(  6.5%)]
         [New:            2746865( 93.5%)    213.8M]
      [Deduplicated:      1924283( 70.1%)    127.5M( 59.7%)]
         [Young:           791741( 41.1%)  61975.9K( 47.5%)]
         [Old:            1132542( 58.9%)  68596.8K( 52.5%)]
   [Table]
      [Memory Usage: 8448.9K]
      [Size: 262144, Min: 1024, Max: 16777216]
      [Entries: 263888, Load: 100.7%, Cached: 9215, Added: 987047, Removed: 723159]
      [Resize Count: 8, Shrink Threshold: 174762(66.7%), Grow Threshold: 524288(200.0%)]
      [Rehash Count: 0, Rehash Threshold: 120, Hash Seed: 0x0]
      [Age Threshold: 3]
   [Queue]
      [Dropped: 0]
[GC concurrent-string-deduplication, deleted 0 entries, 0.0000006 secs]
2020-12-18T11:37:01.855+0530: 432628.426: [GC pause (G1 Evacuation Pause) (mixed), 0.0110446 secs]
   [Parallel Time: 6.2 ms, GC Workers: 10]
      [GC Worker Start (ms): Min: 432628425.7, Avg: 432628425.8, Max: 432628425.9, Diff: 0.3]
      [Ext Root Scanning (ms): Min: 0.5, Avg: 0.7, Max: 1.6, Diff: 1.0, Sum: 7.4]
      [Update RS (ms): Min: 0.0, Avg: 0.2, Max: 0.3, Diff: 0.3, Sum: 1.6]
         [Processed Buffers: Min: 0, Avg: 1.4, Max: 3, Diff: 3, Sum: 14]
      [Scan RS (ms): Min: 0.1, Avg: 0.3, Max: 0.4, Diff: 0.3, Sum: 2.7]
      [Code Root Scanning (ms): Min: 0.0, Avg: 0.1, Max: 0.5, Diff: 0.5, Sum: 0.5]
      [Object Copy (ms): Min: 3.7, Avg: 4.2, Max: 4.4, Diff: 0.7, Sum: 42.0]
      [Termination (ms): Min: 0.0, Avg: 0.1, Max: 0.1, Diff: 0.1, Sum: 0.7]
         [Termination Attempts: Min: 1, Avg: 1.6, Max: 3, Diff: 2, Sum: 16]
      [GC Worker Other (ms): Min: 0.0, Avg: 0.0, Max: 0.0, Diff: 0.0, Sum: 0.1]
      [GC Worker Total (ms): Min: 5.4, Avg: 5.5, Max: 5.7, Diff: 0.3, Sum: 55.0]
      [GC Worker End (ms): Min: 432628431.3, Avg: 432628431.3, Max: 432628431.3, Diff: 0.0]
   [Code Root Fixup: 0.0 ms]
   [Code Root Purge: 0.0 ms]
   [String Dedup Fixup: 2.4 ms, GC Workers: 10]
      [Queue Fixup (ms): Min: 0.0, Avg: 0.0, Max: 0.0, Diff: 0.0, Sum: 0.0]
      [Table Fixup (ms): Min: 1.7, Avg: 1.8, Max: 1.9, Diff: 0.2, Sum: 17.8]
   [Clear CT: 0.8 ms]
   [Other: 1.5 ms]
      [Choose CSet: 0.0 ms]
      [Ref Proc: 0.6 ms]
      [Ref Enq: 0.0 ms]
      [Redirty Cards: 0.8 ms]
      [Humongous Register: 0.0 ms]
      [Humongous Reclaim: 0.0 ms]
      [Free CSet: 0.0 ms]
   [Eden: 11264.0K(11264.0K)->0.0B(49152.0K) Survivors: 2048.0K->2048.0K Heap: 198.3M(267.0M)->187.6M(267.0M)]
 [Times: user=0.00 sys=0.00, real=0.01 secs] 
2020-12-18T11:37:01.866+0530: 432628.437: [GC concurrent-string-deduplication, 264.0B->264.0B(0.0B), avg 59.7%, 0.0000034 secs]
   [Last Exec: 0.0000034 secs, Idle: 0.0695870 secs, Blocked: 0/0.0000000 secs]
      [Inspected:               1]
         [Skipped:              0(  0.0%)]
         [Hashed:               1(100.0%)]
         [Known:                0(  0.0%)]
         [New:                  1(100.0%)    264.0B]
      [Deduplicated:            0(  0.0%)      0.0B(  0.0%)]
         [Young:                0(  0.0%)      0.0B(  0.0%)]
         [Old:                  0(  0.0%)      0.0B(  0.0%)]
   [Total Exec: 1696/0.8732612 secs, Idle: 1696/432627.0688415 secs, Blocked: 133/0.0943544 secs]
      [Inspected:         2937717]
         [Skipped:              0(  0.0%)]
         [Hashed:         1225976( 41.7%)]
         [Known:           190851(  6.5%)]
         [New:            2746866( 93.5%)    213.8M]
      [Deduplicated:      1924283( 70.1%)    127.5M( 59.7%)]
         [Young:           791741( 41.1%)  61975.9K( 47.5%)]
         [Old:            1132542( 58.9%)  68596.8K( 52.5%)]
   [Table]
      [Memory Usage: 8448.9K]
      [Size: 262144, Min: 1024, Max: 16777216]
      [Entries: 263888, Load: 100.7%, Cached: 9215, Added: 987048, Removed: 723160]
      [Resize Count: 8, Shrink Threshold: 174762(66.7%), Grow Threshold: 524288(200.0%)]
      [Rehash Count: 0, Rehash Threshold: 120, Hash Seed: 0x0]
      [Age Threshold: 3]
   [Queue]
      [Dropped: 0]
[GC concurrent-string-deduplication, deleted 0 entries, 0.0000006 secs]
2020-12-18T11:43:15.532+0530: 433002.102: [GC pause (G1 Evacuation Pause) (young), 0.0106215 secs]
   [Parallel Time: 5.2 ms, GC Workers: 10]
      [GC Worker Start (ms): Min: 433002102.7, Avg: 433002103.1, Max: 433002103.4, Diff: 0.7]
      [Ext Root Scanning (ms): Min: 1.0, Avg: 1.4, Max: 3.0, Diff: 2.0, Sum: 13.9]
      [Update RS (ms): Min: 1.3, Avg: 2.0, Max: 2.4, Diff: 1.1, Sum: 20.4]
         [Processed Buffers: Min: 2, Avg: 6.2, Max: 13, Diff: 11, Sum: 62]
      [Scan RS (ms): Min: 0.0, Avg: 0.0, Max: 0.0, Diff: 0.0, Sum: 0.1]
      [Code Root Scanning (ms): Min: 0.0, Avg: 0.0, Max: 0.0, Diff: 0.0, Sum: 0.0]
      [Object Copy (ms): Min: 0.1, Avg: 0.6, Max: 0.8, Diff: 0.7, Sum: 5.8]
      [Termination (ms): Min: 0.0, Avg: 0.0, Max: 0.0, Diff: 0.0, Sum: 0.0]
         [Termination Attempts: Min: 1, Avg: 1.0, Max: 1, Diff: 0, Sum: 10]
      [GC Worker Other (ms): Min: 0.0, Avg: 0.0, Max: 0.0, Diff: 0.0, Sum: 0.2]
      [GC Worker Total (ms): Min: 3.7, Avg: 4.0, Max: 4.4, Diff: 0.7, Sum: 40.5]
      [GC Worker End (ms): Min: 433002107.1, Avg: 433002107.1, Max: 433002107.1, Diff: 0.0]
   [Code Root Fixup: 0.0 ms]
   [Code Root Purge: 0.0 ms]
   [String Dedup Fixup: 2.8 ms, GC Workers: 10]
      [Queue Fixup (ms): Min: 0.0, Avg: 0.0, Max: 0.0, Diff: 0.0, Sum: 0.0]
      [Table Fixup (ms): Min: 2.0, Avg: 2.2, Max: 2.4, Diff: 0.4, Sum: 21.7]
   [Clear CT: 1.2 ms]
   [Other: 1.4 ms]
      [Choose CSet: 0.0 ms]
      [Ref Proc: 0.6 ms]
      [Ref Enq: 0.0 ms]
      [Redirty Cards: 0.6 ms]
      [Humongous Register: 0.0 ms]
      [Humongous Reclaim: 0.0 ms]
      [Free CSet: 0.0 ms]
   [Eden: 49152.0K(49152.0K)->0.0B(51200.0K) Survivors: 2048.0K->1024.0K Heap: 235.6M(267.0M)->187.2M(267.0M)]
 [Times: user=0.00 sys=0.00, real=0.01 secs] 
2020-12-18T11:43:15.542+0530: 433002.113: [GC concurrent-string-deduplication, 264.0B->264.0B(0.0B), avg 59.7%, 0.0000031 secs]
   [Last Exec: 0.0000031 secs, Idle: 373.6764903 secs, Blocked: 0/0.0000000 secs]
      [Inspected:               1]
         [Skipped:              0(  0.0%)]
         [Hashed:               1(100.0%)]
         [Known:                0(  0.0%)]
         [New:                  1(100.0%)    264.0B]
      [Deduplicated:            0(  0.0%)      0.0B(  0.0%)]
         [Young:                0(  0.0%)      0.0B(  0.0%)]
         [Old:                  0(  0.0%)      0.0B(  0.0%)]
   [Total Exec: 1697/0.8732643 secs, Idle: 1697/433000.7453318 secs, Blocked: 133/0.0943544 secs]
      [Inspected:         2937718]
         [Skipped:              0(  0.0%)]
         [Hashed:         1225977( 41.7%)]
         [Known:           190851(  6.5%)]
         [New:            2746867( 93.5%)    213.8M]
      [Deduplicated:      1924283( 70.1%)    127.5M( 59.7%)]
         [Young:           791741( 41.1%)  61975.9K( 47.5%)]
         [Old:            1132542( 58.9%)  68596.8K( 52.5%)]
   [Table]
      [Memory Usage: 8448.9K]
      [Size: 262144, Min: 1024, Max: 16777216]
      [Entries: 263889, Load: 100.7%, Cached: 9214, Added: 987049, Removed: 723160]
      [Resize Count: 8, Shrink Threshold: 174762(66.7%), Grow Threshold: 524288(200.0%)]
      [Rehash Count: 0, Rehash Threshold: 120, Hash Seed: 0x0]
      [Age Threshold: 3]
   [Queue]
      [Dropped: 0]
[GC concurrent-string-deduplication, deleted 0 entries, 0.0000008 secs]
2020-12-18T11:48:59.505+0530: 433346.075: [GC pause (G1 Evacuation Pause) (young) (initial-mark), 0.0086463 secs]
   [Parallel Time: 3.3 ms, GC Workers: 10]
      [GC Worker Start (ms): Min: 433346075.7, Avg: 433346075.9, Max: 433346076.1, Diff: 0.3]
      [Ext Root Scanning (ms): Min: 1.3, Avg: 1.5, Max: 1.8, Diff: 0.5, Sum: 14.8]
      [Update RS (ms): Min: 0.4, Avg: 0.6, Max: 0.9, Diff: 0.5, Sum: 5.5]
         [Processed Buffers: Min: 2, Avg: 6.0, Max: 10, Diff: 8, Sum: 60]
      [Scan RS (ms): Min: 0.0, Avg: 0.0, Max: 0.0, Diff: 0.0, Sum: 0.0]
      [Code Root Scanning (ms): Min: 0.0, Avg: 0.0, Max: 0.0, Diff: 0.0, Sum: 0.0]
      [Object Copy (ms): Min: 0.1, Avg: 0.3, Max: 0.4, Diff: 0.3, Sum: 2.9]
      [Termination (ms): Min: 0.0, Avg: 0.1, Max: 0.1, Diff: 0.1, Sum: 1.1]
         [Termination Attempts: Min: 1, Avg: 1.0, Max: 1, Diff: 0, Sum: 10]
      [GC Worker Other (ms): Min: 0.0, Avg: 0.0, Max: 0.0, Diff: 0.0, Sum: 0.1]
      [GC Worker Total (ms): Min: 2.3, Avg: 2.4, Max: 2.6, Diff: 0.3, Sum: 24.4]
      [GC Worker End (ms): Min: 433346078.4, Avg: 433346078.4, Max: 433346078.4, Diff: 0.0]
   [Code Root Fixup: 0.0 ms]
   [Code Root Purge: 0.0 ms]
   [String Dedup Fixup: 2.5 ms, GC Workers: 10]
      [Queue Fixup (ms): Min: 0.0, Avg: 0.0, Max: 0.0, Diff: 0.0, Sum: 0.0]
      [Table Fixup (ms): Min: 1.8, Avg: 1.9, Max: 2.0, Diff: 0.2, Sum: 18.8]
   [Clear CT: 0.9 ms]
   [Other: 2.0 ms]
      [Choose CSet: 0.0 ms]
      [Ref Proc: 1.0 ms]
      [Ref Enq: 0.0 ms]
      [Redirty Cards: 0.8 ms]
      [Humongous Register: 0.0 ms]
      [Humongous Reclaim: 0.0 ms]
      [Free CSet: 0.0 ms]
   [Eden: 51200.0K(51200.0K)->0.0B(49152.0K) Survivors: 1024.0K->2048.0K Heap: 237.2M(267.0M)->187.9M(267.0M)]
 [Times: user=0.00 sys=0.00, real=0.01 secs] 
2020-12-18T11:48:59.513+0530: 433346.084: [GC concurrent-root-region-scan-start]
2020-12-18T11:48:59.515+0530: 433346.087: [GC concurrent-root-region-scan-end, 0.0022858 secs]
2020-12-18T11:48:59.515+0530: 433346.087: [GC concurrent-mark-start]
2020-12-18T11:48:59.593+0530: 433346.164: [GC concurrent-mark-end, 0.0772006 secs]
2020-12-18T11:48:59.593+0530: 433346.164: [GC remark 2020-12-18T11:48:59.593+0530: 433346.164: [Finalize Marking, 0.0007305 secs] 2020-12-18T11:48:59.594+0530: 433346.165: [GC ref-proc, 0.0005006 secs] 2020-12-18T11:48:59.594+0530: 433346.166: [Unloading, 0.0200268 secs], 0.0223652 secs]
 [Times: user=0.31 sys=0.00, real=0.02 secs] 
2020-12-18T11:48:59.616+0530: 433346.187: [GC cleanup 188M->188M(267M), 0.0038529 secs]
 [Times: user=0.00 sys=0.00, real=0.00 secs] 
2020-12-18T11:57:02.359+0530: 433828.930: [GC pause (G1 Evacuation Pause) (young), 0.0110550 secs]
   [Parallel Time: 4.2 ms, GC Workers: 10]
      [GC Worker Start (ms): Min: 433828930.4, Avg: 433828930.8, Max: 433828931.0, Diff: 0.6]
      [Ext Root Scanning (ms): Min: 0.8, Avg: 1.2, Max: 2.7, Diff: 1.9, Sum: 12.1]
      [Update RS (ms): Min: 0.0, Avg: 1.0, Max: 1.7, Diff: 1.7, Sum: 10.3]
         [Processed Buffers: Min: 0, Avg: 6.0, Max: 15, Diff: 15, Sum: 60]
      [Scan RS (ms): Min: 0.0, Avg: 0.0, Max: 0.0, Diff: 0.0, Sum: 0.1]
      [Code Root Scanning (ms): Min: 0.0, Avg: 0.0, Max: 0.0, Diff: 0.0, Sum: 0.0]
      [Object Copy (ms): Min: 0.2, Avg: 0.6, Max: 0.8, Diff: 0.6, Sum: 5.6]
      [Termination (ms): Min: 0.0, Avg: 0.2, Max: 0.2, Diff: 0.2, Sum: 1.5]
         [Termination Attempts: Min: 1, Avg: 1.4, Max: 2, Diff: 1, Sum: 14]
      [GC Worker Other (ms): Min: 0.0, Avg: 0.0, Max: 0.0, Diff: 0.0, Sum: 0.2]
      [GC Worker Total (ms): Min: 2.7, Avg: 3.0, Max: 3.4, Diff: 0.6, Sum: 29.8]
      [GC Worker End (ms): Min: 433828933.8, Avg: 433828933.8, Max: 433828933.8, Diff: 0.0]
   [Code Root Fixup: 0.0 ms]
   [Code Root Purge: 0.0 ms]
   [String Dedup Fixup: 3.4 ms, GC Workers: 10]
      [Queue Fixup (ms): Min: 0.0, Avg: 0.0, Max: 0.0, Diff: 0.0, Sum: 0.0]
      [Table Fixup (ms): Min: 2.3, Avg: 2.5, Max: 2.7, Diff: 0.4, Sum: 25.0]
   [Clear CT: 1.1 ms]
   [Other: 2.4 ms]
      [Choose CSet: 0.0 ms]
      [Ref Proc: 1.1 ms]
      [Ref Enq: 0.0 ms]
      [Redirty Cards: 1.0 ms]
      [Humongous Register: 0.0 ms]
      [Humongous Reclaim: 0.0 ms]
      [Free CSet: 0.0 ms]
   [Eden: 49152.0K(49152.0K)->0.0B(12288.0K) Survivors: 2048.0K->1024.0K Heap: 235.9M(267.0M)->187.2M(267.0M)]
 [Times: user=0.01 sys=0.00, real=0.01 secs] 
2020-12-18T11:57:02.371+0530: 433828.941: [GC concurrent-string-deduplication, 264.0B->264.0B(0.0B), avg 59.7%, 0.0000038 secs]
   [Last Exec: 0.0000038 secs, Idle: 826.8280532 secs, Blocked: 0/0.0000000 secs]
      [Inspected:               1]
         [Skipped:              0(  0.0%)]
         [Hashed:               1(100.0%)]
         [Known:                0(  0.0%)]
         [New:                  1(100.0%)    264.0B]
      [Deduplicated:            0(  0.0%)      0.0B(  0.0%)]
         [Young:                0(  0.0%)      0.0B(  0.0%)]
         [Old:                  0(  0.0%)      0.0B(  0.0%)]
   [Total Exec: 1698/0.8732681 secs, Idle: 1698/433827.5733850 secs, Blocked: 133/0.0943544 secs]
      [Inspected:         2937719]
         [Skipped:              0(  0.0%)]
         [Hashed:         1225978( 41.7%)]
         [Known:           190851(  6.5%)]
         [New:            2746868( 93.5%)    213.8M]
      [Deduplicated:      1924283( 70.1%)    127.5M( 59.7%)]
         [Young:           791741( 41.1%)  61975.9K( 47.5%)]
         [Old:            1132542( 58.9%)  68596.8K( 52.5%)]
   [Table]
      [Memory Usage: 8448.9K]
      [Size: 262144, Min: 1024, Max: 16777216]
      [Entries: 263857, Load: 100.7%, Cached: 9246, Added: 987050, Removed: 723193]
      [Resize Count: 8, Shrink Threshold: 174762(66.7%), Grow Threshold: 524288(200.0%)]
      [Rehash Count: 0, Rehash Threshold: 120, Hash Seed: 0x0]
      [Age Threshold: 3]
   [Queue]
      [Dropped: 0]
[GC concurrent-string-deduplication, deleted 0 entries, 0.0000012 secs]
2020-12-18T11:57:02.431+0530: 433829.001: [GC pause (G1 Evacuation Pause) (mixed), 0.0119288 secs]
   [Parallel Time: 6.8 ms, GC Workers: 10]
      [GC Worker Start (ms): Min: 433829001.6, Avg: 433829001.7, Max: 433829001.8, Diff: 0.2]
      [Ext Root Scanning (ms): Min: 0.6, Avg: 0.8, Max: 1.8, Diff: 1.3, Sum: 8.0]
      [Update RS (ms): Min: 0.0, Avg: 0.2, Max: 0.7, Diff: 0.7, Sum: 2.0]
         [Processed Buffers: Min: 0, Avg: 1.3, Max: 3, Diff: 3, Sum: 13]
      [Scan RS (ms): Min: 0.1, Avg: 0.3, Max: 0.4, Diff: 0.3, Sum: 2.8]
      [Code Root Scanning (ms): Min: 0.0, Avg: 0.1, Max: 0.5, Diff: 0.5, Sum: 0.5]
      [Object Copy (ms): Min: 4.3, Avg: 4.7, Max: 4.9, Diff: 0.6, Sum: 46.7]
      [Termination (ms): Min: 0.0, Avg: 0.0, Max: 0.0, Diff: 0.0, Sum: 0.0]
         [Termination Attempts: Min: 1, Avg: 1.0, Max: 1, Diff: 0, Sum: 10]
      [GC Worker Other (ms): Min: 0.0, Avg: 0.0, Max: 0.0, Diff: 0.0, Sum: 0.2]
      [GC Worker Total (ms): Min: 5.9, Avg: 6.0, Max: 6.2, Diff: 0.2, Sum: 60.1]
      [GC Worker End (ms): Min: 433829007.7, Avg: 433829007.8, Max: 433829007.8, Diff: 0.0]
   [Code Root Fixup: 0.0 ms]
   [Code Root Purge: 0.0 ms]
   [String Dedup Fixup: 2.8 ms, GC Workers: 10]
      [Queue Fixup (ms): Min: 0.0, Avg: 0.0, Max: 0.0, Diff: 0.0, Sum: 0.0]
      [Table Fixup (ms): Min: 1.9, Avg: 2.0, Max: 2.2, Diff: 0.2, Sum: 20.3]
   [Clear CT: 0.7 ms]
   [Other: 1.6 ms]
      [Choose CSet: 0.0 ms]
      [Ref Proc: 0.7 ms]
      [Ref Enq: 0.0 ms]
      [Redirty Cards: 0.7 ms]
      [Humongous Register: 0.0 ms]
      [Humongous Reclaim: 0.0 ms]
      [Free CSet: 0.0 ms]
   [Eden: 12288.0K(12288.0K)->0.0B(51200.0K) Survivors: 1024.0K->1024.0K Heap: 199.2M(267.0M)->187.2M(267.0M)]
 [Times: user=0.02 sys=0.00, real=0.01 secs] 
2020-12-18T11:57:02.443+0530: 433829.014: [GC concurrent-string-deduplication, 2296.0B->1584.0B(712.0B), avg 59.7%, 0.0000136 secs]
   [Last Exec: 0.0000136 secs, Idle: 0.0721154 secs, Blocked: 0/0.0000000 secs]
      [Inspected:              31]
         [Skipped:              0(  0.0%)]
         [Hashed:              26( 83.9%)]
         [Known:                0(  0.0%)]
         [New:                 31(100.0%)   2296.0B]
      [Deduplicated:           19( 61.3%)    712.0B( 31.0%)]
         [Young:               19(100.0%)    712.0B(100.0%)]
         [Old:                  0(  0.0%)      0.0B(  0.0%)]
   [Total Exec: 1699/0.8732817 secs, Idle: 1699/433827.6455004 secs, Blocked: 133/0.0943544 secs]
      [Inspected:         2937750]
         [Skipped:              0(  0.0%)]
         [Hashed:         1226004( 41.7%)]
         [Known:           190851(  6.5%)]
         [New:            2746899( 93.5%)    213.8M]
      [Deduplicated:      1924302( 70.1%)    127.5M( 59.7%)]
         [Young:           791760( 41.1%)  61976.6K( 47.5%)]
         [Old:            1132542( 58.9%)  68596.8K( 52.5%)]
   [Table]
      [Memory Usage: 8448.9K]
      [Size: 262144, Min: 1024, Max: 16777216]
      [Entries: 263869, Load: 100.7%, Cached: 9234, Added: 987062, Removed: 723193]
      [Resize Count: 8, Shrink Threshold: 174762(66.7%), Grow Threshold: 524288(200.0%)]
      [Rehash Count: 0, Rehash Threshold: 120, Hash Seed: 0x0]
      [Age Threshold: 3]
   [Queue]
      [Dropped: 0]
[GC concurrent-string-deduplication, deleted 0 entries, 0.0000007 secs]
2020-12-18T12:00:00.163+0530: 434006.733: [GC pause (G1 Evacuation Pause) (young), 0.0078434 secs]
   [Parallel Time: 3.5 ms, GC Workers: 10]
      [GC Worker Start (ms): Min: 434006733.4, Avg: 434006733.5, Max: 434006733.6, Diff: 0.2]
      [Ext Root Scanning (ms): Min: 0.8, Avg: 1.1, Max: 2.0, Diff: 1.2, Sum: 11.4]
      [Update RS (ms): Min: 1.0, Avg: 1.2, Max: 1.4, Diff: 0.4, Sum: 11.9]
         [Processed Buffers: Min: 2, Avg: 6.3, Max: 15, Diff: 13, Sum: 63]
      [Scan RS (ms): Min: 0.0, Avg: 0.0, Max: 0.0, Diff: 0.0, Sum: 0.0]
      [Code Root Scanning (ms): Min: 0.0, Avg: 0.0, Max: 0.0, Diff: 0.0, Sum: 0.0]
      [Object Copy (ms): Min: 0.0, Avg: 0.3, Max: 0.5, Diff: 0.5, Sum: 3.4]
      [Termination (ms): Min: 0.0, Avg: 0.3, Max: 0.3, Diff: 0.3, Sum: 3.0]
         [Termination Attempts: Min: 1, Avg: 19.7, Max: 27, Diff: 26, Sum: 197]
      [GC Worker Other (ms): Min: 0.0, Avg: 0.0, Max: 0.0, Diff: 0.0, Sum: 0.1]
      [GC Worker Total (ms): Min: 2.9, Avg: 3.0, Max: 3.1, Diff: 0.2, Sum: 29.9]
      [GC Worker End (ms): Min: 434006736.5, Avg: 434006736.5, Max: 434006736.5, Diff: 0.0]
   [Code Root Fixup: 0.0 ms]
   [Code Root Purge: 0.0 ms]
   [String Dedup Fixup: 2.4 ms, GC Workers: 10]
      [Queue Fixup (ms): Min: 0.0, Avg: 0.0, Max: 0.0, Diff: 0.0, Sum: 0.0]
      [Table Fixup (ms): Min: 1.8, Avg: 1.8, Max: 1.9, Diff: 0.2, Sum: 18.4]
   [Clear CT: 0.7 ms]
   [Other: 1.2 ms]
      [Choose CSet: 0.0 ms]
      [Ref Proc: 0.5 ms]
      [Ref Enq: 0.0 ms]
      [Redirty Cards: 0.6 ms]
      [Humongous Register: 0.0 ms]
      [Humongous Reclaim: 0.0 ms]
      [Free CSet: 0.0 ms]
   [Eden: 51200.0K(51200.0K)->0.0B(50176.0K) Survivors: 1024.0K->1024.0K Heap: 237.2M(267.0M)->187.3M(267.0M)]
 [Times: user=0.00 sys=0.00, real=0.01 secs] 
2020-12-18T12:00:00.171+0530: 434006.741: [GC concurrent-string-deduplication, 264.0B->264.0B(0.0B), avg 59.7%, 0.0000025 secs]
   [Last Exec: 0.0000025 secs, Idle: 177.7276891 secs, Blocked: 0/0.0000000 secs]
      [Inspected:               1]
         [Skipped:              0(  0.0%)]
         [Hashed:               1(100.0%)]
         [Known:                0(  0.0%)]
         [New:                  1(100.0%)    264.0B]
      [Deduplicated:            0(  0.0%)      0.0B(  0.0%)]
         [Young:                0(  0.0%)      0.0B(  0.0%)]
         [Old:                  0(  0.0%)      0.0B(  0.0%)]
   [Total Exec: 1700/0.8732842 secs, Idle: 1700/434005.3731895 secs, Blocked: 133/0.0943544 secs]
      [Inspected:         2937751]
         [Skipped:              0(  0.0%)]
         [Hashed:         1226005( 41.7%)]
         [Known:           190851(  6.5%)]
         [New:            2746900( 93.5%)    213.8M]
      [Deduplicated:      1924302( 70.1%)    127.5M( 59.7%)]
         [Young:           791760( 41.1%)  61976.6K( 47.5%)]
         [Old:            1132542( 58.9%)  68596.8K( 52.5%)]
   [Table]
      [Memory Usage: 8448.9K]
      [Size: 262144, Min: 1024, Max: 16777216]
      [Entries: 263934, Load: 100.7%, Cached: 9169, Added: 987130, Removed: 723196]
      [Resize Count: 8, Shrink Threshold: 174762(66.7%), Grow Threshold: 524288(200.0%)]
      [Rehash Count: 0, Rehash Threshold: 120, Hash Seed: 0x0]
      [Age Threshold: 3]
   [Queue]
      [Dropped: 0]
[GC concurrent-string-deduplication, deleted 0 entries, 0.0000009 secs]
2020-12-18T12:02:02.612+0530: 434129.183: [GC pause (G1 Evacuation Pause) (young) (initial-mark), 0.0089322 secs]
   [Parallel Time: 3.7 ms, GC Workers: 10]
      [GC Worker Start (ms): Min: 434129183.3, Avg: 434129183.5, Max: 434129183.6, Diff: 0.3]
      [Ext Root Scanning (ms): Min: 1.4, Avg: 1.6, Max: 1.9, Diff: 0.5, Sum: 16.2]
      [Update RS (ms): Min: 0.5, Avg: 0.7, Max: 1.3, Diff: 0.9, Sum: 6.6]
         [Processed Buffers: Min: 1, Avg: 5.0, Max: 10, Diff: 9, Sum: 50]
      [Scan RS (ms): Min: 0.0, Avg: 0.0, Max: 0.0, Diff: 0.0, Sum: 0.0]
      [Code Root Scanning (ms): Min: 0.0, Avg: 0.0, Max: 0.1, Diff: 0.1, Sum: 0.1]
      [Object Copy (ms): Min: 0.1, Avg: 0.3, Max: 0.4, Diff: 0.3, Sum: 2.8]
      [Termination (ms): Min: 0.0, Avg: 0.3, Max: 0.4, Diff: 0.4, Sum: 3.5]
         [Termination Attempts: Min: 1, Avg: 1.8, Max: 4, Diff: 3, Sum: 18]
      [GC Worker Other (ms): Min: 0.0, Avg: 0.0, Max: 0.0, Diff: 0.0, Sum: 0.1]
      [GC Worker Total (ms): Min: 2.8, Avg: 2.9, Max: 3.1, Diff: 0.3, Sum: 29.2]
      [GC Worker End (ms): Min: 434129186.4, Avg: 434129186.4, Max: 434129186.4, Diff: 0.0]
   [Code Root Fixup: 0.0 ms]
   [Code Root Purge: 0.0 ms]
   [String Dedup Fixup: 2.5 ms, GC Workers: 10]
      [Queue Fixup (ms): Min: 0.0, Avg: 0.0, Max: 0.0, Diff: 0.0, Sum: 0.0]
      [Table Fixup (ms): Min: 1.8, Avg: 1.9, Max: 2.0, Diff: 0.2, Sum: 19.0]
   [Clear CT: 0.8 ms]
   [Other: 1.8 ms]
      [Choose CSet: 0.0 ms]
      [Ref Proc: 0.8 ms]
      [Ref Enq: 0.0 ms]
      [Redirty Cards: 0.9 ms]
      [Humongous Register: 0.0 ms]
      [Humongous Reclaim: 0.0 ms]
      [Free CSet: 0.0 ms]
   [Eden: 50176.0K(50176.0K)->0.0B(48128.0K) Survivors: 1024.0K->2048.0K Heap: 236.3M(267.0M)->188.4M(267.0M)]
 [Times: user=0.00 sys=0.00, real=0.01 secs] 
2020-12-18T12:02:02.622+0530: 434129.192: [GC concurrent-root-region-scan-start]
2020-12-18T12:02:02.624+0530: 434129.195: [GC concurrent-root-region-scan-end, 0.0024766 secs]
2020-12-18T12:02:02.624+0530: 434129.195: [GC concurrent-mark-start]
2020-12-18T12:02:02.713+0530: 434129.283: [GC concurrent-mark-end, 0.0884641 secs]
2020-12-18T12:02:02.713+0530: 434129.284: [GC remark 2020-12-18T12:02:02.713+0530: 434129.284: [Finalize Marking, 0.0004685 secs] 2020-12-18T12:02:02.713+0530: 434129.284: [GC ref-proc, 0.0005099 secs] 2020-12-18T12:02:02.714+0530: 434129.285: [Unloading, 0.0219095 secs], 0.0238332 secs]
 [Times: user=0.31 sys=0.00, real=0.02 secs] 
2020-12-18T12:02:02.737+0530: 434129.308: [GC cleanup 194M->194M(267M), 0.0042355 secs]
 [Times: user=0.00 sys=0.00, real=0.01 secs] 
2020-12-18T12:07:08.001+0530: 434434.572: [GC pause (G1 Evacuation Pause) (young), 0.0133320 secs]
   [Parallel Time: 5.0 ms, GC Workers: 10]
      [GC Worker Start (ms): Min: 434434571.7, Avg: 434434572.0, Max: 434434572.1, Diff: 0.4]
      [Ext Root Scanning (ms): Min: 0.4, Avg: 0.7, Max: 1.6, Diff: 1.2, Sum: 7.0]
      [Update RS (ms): Min: 0.9, Avg: 3.0, Max: 3.6, Diff: 2.7, Sum: 30.2]
         [Processed Buffers: Min: 1, Avg: 5.4, Max: 27, Diff: 26, Sum: 54]
      [Scan RS (ms): Min: 0.0, Avg: 0.0, Max: 0.0, Diff: 0.0, Sum: 0.0]
      [Code Root Scanning (ms): Min: 0.0, Avg: 0.0, Max: 0.1, Diff: 0.1, Sum: 0.1]
      [Object Copy (ms): Min: 0.1, Avg: 0.2, Max: 0.4, Diff: 0.3, Sum: 2.0]
      [Termination (ms): Min: 0.0, Avg: 0.4, Max: 1.6, Diff: 1.6, Sum: 3.7]
         [Termination Attempts: Min: 1, Avg: 18.1, Max: 48, Diff: 47, Sum: 181]
      [GC Worker Other (ms): Min: 0.0, Avg: 0.0, Max: 0.0, Diff: 0.0, Sum: 0.1]
      [GC Worker Total (ms): Min: 4.2, Avg: 4.3, Max: 4.6, Diff: 0.4, Sum: 43.2]
      [GC Worker End (ms): Min: 434434576.3, Avg: 434434576.3, Max: 434434576.3, Diff: 0.0]
   [Code Root Fixup: 0.0 ms]
   [Code Root Purge: 0.0 ms]
   [String Dedup Fixup: 5.5 ms, GC Workers: 10]
      [Queue Fixup (ms): Min: 0.0, Avg: 0.0, Max: 0.0, Diff: 0.0, Sum: 0.0]
      [Table Fixup (ms): Min: 4.9, Avg: 5.1, Max: 5.3, Diff: 0.4, Sum: 50.9]
   [Clear CT: 1.0 ms]
   [Other: 1.7 ms]
      [Choose CSet: 0.0 ms]
      [Ref Proc: 0.7 ms]
      [Ref Enq: 0.0 ms]
      [Redirty Cards: 0.8 ms]
      [Humongous Register: 0.0 ms]
      [Humongous Reclaim: 0.0 ms]
      [Free CSet: 0.0 ms]
   [Eden: 48128.0K(48128.0K)->0.0B(12288.0K) Survivors: 2048.0K->1024.0K Heap: 235.4M(267.0M)->187.7M(267.0M)]
 [Times: user=0.00 sys=0.00, real=0.01 secs] 
2020-12-18T12:07:08.014+0530: 434434.585: [GC concurrent-string-deduplication, 18664.0B->15432.0B(3232.0B), avg 59.7%, 0.0000706 secs]
   [Last Exec: 0.0000706 secs, Idle: 427.8437405 secs, Blocked: 0/0.0000000 secs]
      [Inspected:             169]
         [Skipped:              0(  0.0%)]
         [Hashed:              74( 43.8%)]
         [Known:               68( 40.2%)]
         [New:                101( 59.8%)  18664.0B]
      [Deduplicated:           74( 73.3%)   3232.0B( 17.3%)]
         [Young:               74(100.0%)   3232.0B(100.0%)]
         [Old:                  0(  0.0%)      0.0B(  0.0%)]
   [Total Exec: 1701/0.8733548 secs, Idle: 1701/434433.2169300 secs, Blocked: 133/0.0943544 secs]
      [Inspected:         2937920]
         [Skipped:              0(  0.0%)]
         [Hashed:         1226079( 41.7%)]
         [Known:           190919(  6.5%)]
         [New:            2747001( 93.5%)    213.8M]
      [Deduplicated:      1924376( 70.1%)    127.5M( 59.7%)]
         [Young:           791834( 41.1%)  61979.8K( 47.5%)]
         [Old:            1132542( 58.9%)  68596.8K( 52.5%)]
   [Table]
      [Memory Usage: 8448.9K]
      [Size: 262144, Min: 1024, Max: 16777216]
      [Entries: 264002, Load: 100.7%, Cached: 9101, Added: 987249, Removed: 723247]
      [Resize Count: 8, Shrink Threshold: 174762(66.7%), Grow Threshold: 524288(200.0%)]
      [Rehash Count: 0, Rehash Threshold: 120, Hash Seed: 0x0]
      [Age Threshold: 3]
   [Queue]
      [Dropped: 0]
[GC concurrent-string-deduplication, deleted 0 entries, 0.0000009 secs]
2020-12-18T12:10:49.455+0530: 434656.025: [GC pause (G1 Evacuation Pause) (mixed), 0.0124051 secs]
   [Parallel Time: 3.2 ms, GC Workers: 10]
      [GC Worker Start (ms): Min: 434656025.4, Avg: 434656025.6, Max: 434656025.8, Diff: 0.4]
      [Ext Root Scanning (ms): Min: 0.5, Avg: 0.7, Max: 1.4, Diff: 0.9, Sum: 7.1]
      [Update RS (ms): Min: 0.2, Avg: 0.6, Max: 0.9, Diff: 0.6, Sum: 6.1]
         [Processed Buffers: Min: 1, Avg: 4.9, Max: 13, Diff: 12, Sum: 49]
      [Scan RS (ms): Min: 0.0, Avg: 0.1, Max: 0.2, Diff: 0.2, Sum: 0.8]
      [Code Root Scanning (ms): Min: 0.0, Avg: 0.0, Max: 0.1, Diff: 0.1, Sum: 0.2]
      [Object Copy (ms): Min: 0.8, Avg: 0.9, Max: 1.0, Diff: 0.2, Sum: 8.9]
      [Termination (ms): Min: 0.0, Avg: 0.0, Max: 0.0, Diff: 0.0, Sum: 0.0]
         [Termination Attempts: Min: 1, Avg: 1.0, Max: 1, Diff: 0, Sum: 10]
      [GC Worker Other (ms): Min: 0.0, Avg: 0.0, Max: 0.0, Diff: 0.0, Sum: 0.1]
      [GC Worker Total (ms): Min: 2.2, Avg: 2.3, Max: 2.5, Diff: 0.4, Sum: 23.2]
      [GC Worker End (ms): Min: 434656028.0, Avg: 434656028.0, Max: 434656028.0, Diff: 0.0]
   [Code Root Fixup: 0.0 ms]
   [Code Root Purge: 0.0 ms]
   [String Dedup Fixup: 6.7 ms, GC Workers: 10]
      [Queue Fixup (ms): Min: 0.0, Avg: 0.0, Max: 0.0, Diff: 0.0, Sum: 0.0]
      [Table Fixup (ms): Min: 5.9, Avg: 6.1, Max: 6.2, Diff: 0.2, Sum: 61.2]
   [Clear CT: 0.9 ms]
   [Other: 1.6 ms]
      [Choose CSet: 0.0 ms]
      [Ref Proc: 0.5 ms]
      [Ref Enq: 0.0 ms]
      [Redirty Cards: 0.8 ms]
      [Humongous Register: 0.0 ms]
      [Humongous Reclaim: 0.0 ms]
      [Free CSet: 0.0 ms]
   [Eden: 12288.0K(12288.0K)->0.0B(51200.0K) Survivors: 1024.0K->1024.0K Heap: 199.7M(267.0M)->187.3M(267.0M)]
 [Times: user=0.00 sys=0.00, real=0.01 secs] 
2020-12-18T12:10:49.467+0530: 434656.038: [GC concurrent-string-deduplication, 17808.0B->13928.0B(3880.0B), avg 59.6%, 0.0001145 secs]
   [Last Exec: 0.0001145 secs, Idle: 221.4526360 secs, Blocked: 0/0.0000000 secs]
      [Inspected:             249]
         [Skipped:              0(  0.0%)]
         [Hashed:              86( 34.5%)]
         [Known:               96( 38.6%)]
         [New:                153( 61.4%)  17808.0B]
      [Deduplicated:          116( 75.8%)   3880.0B( 21.8%)]
         [Young:              116(100.0%)   3880.0B(100.0%)]
         [Old:                  0(  0.0%)      0.0B(  0.0%)]
   [Total Exec: 1702/0.8734693 secs, Idle: 1702/434654.6695660 secs, Blocked: 133/0.0943544 secs]
      [Inspected:         2938169]
         [Skipped:              0(  0.0%)]
         [Hashed:         1226165( 41.7%)]
         [Known:           191015(  6.5%)]
         [New:            2747154( 93.5%)    213.8M]
      [Deduplicated:      1924492( 70.1%)    127.5M( 59.6%)]
         [Young:           791950( 41.2%)  61983.5K( 47.5%)]
         [Old:            1132542( 58.8%)  68596.8K( 52.5%)]
   [Table]
      [Memory Usage: 8448.9K]
      [Size: 262144, Min: 1024, Max: 16777216]
      [Entries: 264039, Load: 100.7%, Cached: 9064, Added: 987286, Removed: 723247]
      [Resize Count: 8, Shrink Threshold: 174762(66.7%), Grow Threshold: 524288(200.0%)]
      [Rehash Count: 0, Rehash Threshold: 120, Hash Seed: 0x0]
      [Age Threshold: 3]
   [Queue]
      [Dropped: 0]
[GC concurrent-string-deduplication, deleted 0 entries, 0.0000007 secs]
2020-12-18T12:17:03.139+0530: 435029.709: [GC pause (G1 Evacuation Pause) (young), 0.0097052 secs]
   [Parallel Time: 4.9 ms, GC Workers: 10]
      [GC Worker Start (ms): Min: 435029709.6, Avg: 435029709.8, Max: 435029710.0, Diff: 0.4]
      [Ext Root Scanning (ms): Min: 0.5, Avg: 0.8, Max: 1.9, Diff: 1.4, Sum: 8.2]
      [Update RS (ms): Min: 0.0, Avg: 0.9, Max: 2.1, Diff: 2.1, Sum: 8.7]
         [Processed Buffers: Min: 0, Avg: 5.5, Max: 21, Diff: 21, Sum: 55]
      [Scan RS (ms): Min: 0.0, Avg: 0.0, Max: 0.0, Diff: 0.0, Sum: 0.0]
      [Code Root Scanning (ms): Min: 0.0, Avg: 0.0, Max: 0.1, Diff: 0.1, Sum: 0.1]
      [Object Copy (ms): Min: 0.6, Avg: 2.2, Max: 3.5, Diff: 2.9, Sum: 22.2]
      [Termination (ms): Min: 0.0, Avg: 0.1, Max: 0.5, Diff: 0.5, Sum: 1.1]
         [Termination Attempts: Min: 1, Avg: 2.5, Max: 6, Diff: 5, Sum: 25]
      [GC Worker Other (ms): Min: 0.0, Avg: 0.0, Max: 0.0, Diff: 0.0, Sum: 0.1]
      [GC Worker Total (ms): Min: 3.9, Avg: 4.0, Max: 4.3, Diff: 0.4, Sum: 40.5]
      [GC Worker End (ms): Min: 435029713.9, Avg: 435029713.9, Max: 435029713.9, Diff: 0.0]
   [Code Root Fixup: 0.0 ms]
   [Code Root Purge: 0.0 ms]
   [String Dedup Fixup: 2.6 ms, GC Workers: 10]
      [Queue Fixup (ms): Min: 0.0, Avg: 0.0, Max: 0.0, Diff: 0.0, Sum: 0.0]
      [Table Fixup (ms): Min: 1.9, Avg: 1.9, Max: 2.1, Diff: 0.2, Sum: 19.4]
   [Clear CT: 0.8 ms]
   [Other: 1.4 ms]
      [Choose CSet: 0.0 ms]
      [Ref Proc: 0.6 ms]
      [Ref Enq: 0.0 ms]
      [Redirty Cards: 0.6 ms]
      [Humongous Register: 0.0 ms]
      [Humongous Reclaim: 0.0 ms]
      [Free CSet: 0.0 ms]
   [Eden: 51200.0K(51200.0K)->0.0B(50176.0K) Survivors: 1024.0K->1024.0K Heap: 237.3M(267.0M)->187.7M(267.0M)]
 [Times: user=0.08 sys=0.00, real=0.01 secs] 
2020-12-18T12:17:03.148+0530: 435029.719: [GC concurrent-string-deduplication, 264.0B->264.0B(0.0B), avg 59.6%, 0.0000033 secs]
   [Last Exec: 0.0000033 secs, Idle: 373.6813002 secs, Blocked: 0/0.0000000 secs]
      [Inspected:               1]
         [Skipped:              0(  0.0%)]
         [Hashed:               1(100.0%)]
         [Known:                0(  0.0%)]
         [New:                  1(100.0%)    264.0B]
      [Deduplicated:            0(  0.0%)      0.0B(  0.0%)]
         [Young:                0(  0.0%)      0.0B(  0.0%)]
         [Old:                  0(  0.0%)      0.0B(  0.0%)]
   [Total Exec: 1703/0.8734726 secs, Idle: 1703/435028.3508662 secs, Blocked: 133/0.0943544 secs]
      [Inspected:         2938170]
         [Skipped:              0(  0.0%)]
         [Hashed:         1226166( 41.7%)]
         [Known:           191015(  6.5%)]
         [New:            2747155( 93.5%)    213.8M]
      [Deduplicated:      1924492( 70.1%)    127.5M( 59.6%)]
         [Young:           791950( 41.2%)  61983.5K( 47.5%)]
         [Old:            1132542( 58.8%)  68596.8K( 52.5%)]
   [Table]
      [Memory Usage: 8448.9K]
      [Size: 262144, Min: 1024, Max: 16777216]
      [Entries: 264040, Load: 100.7%, Cached: 9063, Added: 987287, Removed: 723247]
      [Resize Count: 8, Shrink Threshold: 174762(66.7%), Grow Threshold: 524288(200.0%)]
      [Rehash Count: 0, Rehash Threshold: 120, Hash Seed: 0x0]
      [Age Threshold: 3]
   [Queue]
      [Dropped: 0]
[GC concurrent-string-deduplication, deleted 0 entries, 0.0000010 secs]
2020-12-18T12:22:03.288+0530: 435329.859: [GC pause (G1 Evacuation Pause) (young) (initial-mark), 0.0098785 secs]
   [Parallel Time: 3.9 ms, GC Workers: 10]
      [GC Worker Start (ms): Min: 435329858.7, Avg: 435329858.9, Max: 435329859.1, Diff: 0.4]
      [Ext Root Scanning (ms): Min: 1.9, Avg: 2.2, Max: 2.5, Diff: 0.6, Sum: 21.6]
      [Update RS (ms): Min: 0.4, Avg: 0.6, Max: 0.9, Diff: 0.5, Sum: 6.2]
         [Processed Buffers: Min: 1, Avg: 5.5, Max: 14, Diff: 13, Sum: 55]
      [Scan RS (ms): Min: 0.0, Avg: 0.0, Max: 0.0, Diff: 0.0, Sum: 0.1]
      [Code Root Scanning (ms): Min: 0.0, Avg: 0.0, Max: 0.1, Diff: 0.1, Sum: 0.1]
      [Object Copy (ms): Min: 0.1, Avg: 0.3, Max: 0.5, Diff: 0.4, Sum: 3.5]
      [Termination (ms): Min: 0.0, Avg: 0.0, Max: 0.0, Diff: 0.0, Sum: 0.0]
         [Termination Attempts: Min: 1, Avg: 1.2, Max: 2, Diff: 1, Sum: 12]
      [GC Worker Other (ms): Min: 0.0, Avg: 0.0, Max: 0.0, Diff: 0.0, Sum: 0.2]
      [GC Worker Total (ms): Min: 3.0, Avg: 3.2, Max: 3.4, Diff: 0.4, Sum: 31.7]
      [GC Worker End (ms): Min: 435329862.1, Avg: 435329862.1, Max: 435329862.1, Diff: 0.0]
   [Code Root Fixup: 0.0 ms]
   [Code Root Purge: 0.0 ms]
   [String Dedup Fixup: 2.5 ms, GC Workers: 10]
      [Queue Fixup (ms): Min: 0.0, Avg: 0.0, Max: 0.0, Diff: 0.0, Sum: 0.0]
      [Table Fixup (ms): Min: 1.7, Avg: 1.8, Max: 2.0, Diff: 0.3, Sum: 18.3]
   [Clear CT: 0.8 ms]
   [Other: 2.7 ms]
      [Choose CSet: 0.0 ms]
      [Ref Proc: 1.7 ms]
      [Ref Enq: 0.0 ms]
      [Redirty Cards: 0.8 ms]
      [Humongous Register: 0.0 ms]
      [Humongous Reclaim: 0.0 ms]
      [Free CSet: 0.0 ms]
   [Eden: 50176.0K(50176.0K)->0.0B(46080.0K) Survivors: 1024.0K->3072.0K Heap: 236.7M(267.0M)->189.2M(267.0M)]
 [Times: user=0.00 sys=0.00, real=0.01 secs] 
2020-12-18T12:22:03.298+0530: 435329.869: [GC concurrent-string-deduplication, 264.0B->264.0B(0.0B), avg 59.6%, 0.0000033 secs]
   [Last Exec: 0.0000033 secs, Idle: 300.1492324 secs, Blocked: 0/0.0000000 secs]
      [Inspected:               1]
         [Skipped:              0(  0.0%)]
         [Hashed:               1(100.0%)]
         [Known:                0(  0.0%)]
         [New:                  1(100.0%)    264.0B]
      [Deduplicated:            0(  0.0%)      0.0B(  0.0%)]
         [Young:                0(  0.0%)      0.0B(  0.0%)]
         [Old:                  0(  0.0%)      0.0B(  0.0%)]
   [Total Exec: 1704/0.8734759 secs, Idle: 1704/435328.5000986 secs, Blocked: 133/0.0943544 secs]
2020-12-18T12:22:03.298+0530: 435329.869: [GC concurrent-root-region-scan-start]
      [Inspected:         2938171]
         [Skipped:              0(  0.0%)]
         [Hashed:         1226167( 41.7%)]
         [Known:           191015(  6.5%)]
         [New:            2747156( 93.5%)    213.8M]
      [Deduplicated:      1924492( 70.1%)    127.5M( 59.6%)]
         [Young:           791950( 41.2%)  61983.5K( 47.5%)]
         [Old:            1132542( 58.8%)  68596.8K( 52.5%)]
   [Table]
      [Memory Usage: 8448.9K]
      [Size: 262144, Min: 1024, Max: 16777216]
      [Entries: 264033, Load: 100.7%, Cached: 9070, Added: 987288, Removed: 723255]
      [Resize Count: 8, Shrink Threshold: 174762(66.7%), Grow Threshold: 524288(200.0%)]
      [Rehash Count: 0, Rehash Threshold: 120, Hash Seed: 0x0]
      [Age Threshold: 3]
   [Queue]
      [Dropped: 0]
[GC concurrent-string-deduplication, deleted 0 entries, 0.0000006 secs]
2020-12-18T12:22:03.300+0530: 435329.871: [GC concurrent-root-region-scan-end, 0.0019551 secs]
2020-12-18T12:22:03.300+0530: 435329.871: [GC concurrent-mark-start]
2020-12-18T12:22:03.380+0530: 435329.951: [GC concurrent-mark-end, 0.0800677 secs]
2020-12-18T12:22:03.381+0530: 435329.951: [GC remark 2020-12-18T12:22:03.381+0530: 435329.951: [Finalize Marking, 0.0010108 secs] 2020-12-18T12:22:03.382+0530: 435329.952: [GC ref-proc, 0.0005280 secs] 2020-12-18T12:22:03.382+0530: 435329.953: [Unloading, 0.0212771 secs], 0.0238535 secs]
 [Times: user=0.16 sys=0.00, real=0.02 secs] 
2020-12-18T12:22:03.405+0530: 435329.976: [GC cleanup 211M->211M(267M), 0.0040402 secs]
 [Times: user=0.00 sys=0.00, real=0.00 secs] 
2020-12-18T12:27:03.501+0530: 435630.072: [GC pause (G1 Evacuation Pause) (young), 0.0077373 secs]
   [Parallel Time: 2.6 ms, GC Workers: 10]
      [GC Worker Start (ms): Min: 435630071.8, Avg: 435630072.1, Max: 435630072.2, Diff: 0.4]
      [Ext Root Scanning (ms): Min: 0.5, Avg: 0.7, Max: 1.4, Diff: 0.8, Sum: 7.1]
      [Update RS (ms): Min: 0.3, Avg: 0.6, Max: 0.9, Diff: 0.6, Sum: 6.3]
         [Processed Buffers: Min: 2, Avg: 5.6, Max: 18, Diff: 16, Sum: 56]
      [Scan RS (ms): Min: 0.0, Avg: 0.0, Max: 0.0, Diff: 0.0, Sum: 0.0]
      [Code Root Scanning (ms): Min: 0.0, Avg: 0.0, Max: 0.2, Diff: 0.2, Sum: 0.2]
      [Object Copy (ms): Min: 0.2, Avg: 0.3, Max: 0.4, Diff: 0.2, Sum: 2.9]
      [Termination (ms): Min: 0.0, Avg: 0.0, Max: 0.0, Diff: 0.0, Sum: 0.0]
         [Termination Attempts: Min: 1, Avg: 1.0, Max: 1, Diff: 0, Sum: 10]
      [GC Worker Other (ms): Min: 0.0, Avg: 0.0, Max: 0.0, Diff: 0.0, Sum: 0.2]
      [GC Worker Total (ms): Min: 1.5, Avg: 1.7, Max: 1.9, Diff: 0.4, Sum: 16.7]
      [GC Worker End (ms): Min: 435630073.7, Avg: 435630073.7, Max: 435630073.7, Diff: 0.0]
   [Code Root Fixup: 0.0 ms]
   [Code Root Purge: 0.0 ms]
   [String Dedup Fixup: 2.4 ms, GC Workers: 10]
      [Queue Fixup (ms): Min: 0.0, Avg: 0.0, Max: 0.0, Diff: 0.0, Sum: 0.0]
      [Table Fixup (ms): Min: 2.0, Avg: 2.1, Max: 2.2, Diff: 0.3, Sum: 20.7]
   [Clear CT: 1.0 ms]
   [Other: 1.6 ms]
      [Choose CSet: 0.0 ms]
      [Ref Proc: 0.6 ms]
      [Ref Enq: 0.0 ms]
      [Redirty Cards: 0.8 ms]
      [Humongous Register: 0.0 ms]
      [Humongous Reclaim: 0.0 ms]
      [Free CSet: 0.1 ms]
   [Eden: 46080.0K(46080.0K)->0.0B(11264.0K) Survivors: 3072.0K->2048.0K Heap: 234.2M(267.0M)->188.2M(267.0M)]
 [Times: user=0.00 sys=0.00, real=0.01 secs] 
2020-12-18T12:27:03.509+0530: 435630.080: [GC concurrent-string-deduplication, 264.0B->264.0B(0.0B), avg 59.6%, 0.0000029 secs]
   [Last Exec: 0.0000029 secs, Idle: 300.2109114 secs, Blocked: 0/0.0000000 secs]
      [Inspected:               1]
         [Skipped:              0(  0.0%)]
         [Hashed:               1(100.0%)]
         [Known:                0(  0.0%)]
         [New:                  1(100.0%)    264.0B]
      [Deduplicated:            0(  0.0%)      0.0B(  0.0%)]
         [Young:                0(  0.0%)      0.0B(  0.0%)]
         [Old:                  0(  0.0%)      0.0B(  0.0%)]
   [Total Exec: 1705/0.8734788 secs, Idle: 1705/435628.7110100 secs, Blocked: 133/0.0943544 secs]
      [Inspected:         2938172]
         [Skipped:              0(  0.0%)]
         [Hashed:         1226168( 41.7%)]
         [Known:           191015(  6.5%)]
         [New:            2747157( 93.5%)    213.8M]
      [Deduplicated:      1924492( 70.1%)    127.5M( 59.6%)]
         [Young:           791950( 41.2%)  61983.5K( 47.5%)]
         [Old:            1132542( 58.8%)  68596.8K( 52.5%)]
   [Table]
      [Memory Usage: 8448.9K]
      [Size: 262144, Min: 1024, Max: 16777216]
      [Entries: 264001, Load: 100.7%, Cached: 9102, Added: 987333, Removed: 723332]
      [Resize Count: 8, Shrink Threshold: 174762(66.7%), Grow Threshold: 524288(200.0%)]
      [Rehash Count: 0, Rehash Threshold: 120, Hash Seed: 0x0]
      [Age Threshold: 3]
   [Queue]
      [Dropped: 0]
[GC concurrent-string-deduplication, deleted 0 entries, 0.0000009 secs]
2020-12-18T12:27:03.527+0530: 435630.097: [GC pause (G1 Evacuation Pause) (mixed), 0.0100386 secs]
   [Parallel Time: 3.6 ms, GC Workers: 10]
      [GC Worker Start (ms): Min: 435630097.1, Avg: 435630097.3, Max: 435630097.4, Diff: 0.3]
      [Ext Root Scanning (ms): Min: 0.6, Avg: 0.8, Max: 1.8, Diff: 1.3, Sum: 8.1]
      [Update RS (ms): Min: 0.0, Avg: 0.2, Max: 0.4, Diff: 0.4, Sum: 2.3]
         [Processed Buffers: Min: 0, Avg: 1.3, Max: 3, Diff: 3, Sum: 13]
      [Scan RS (ms): Min: 0.0, Avg: 0.1, Max: 0.2, Diff: 0.2, Sum: 0.9]
      [Code Root Scanning (ms): Min: 0.0, Avg: 0.0, Max: 0.1, Diff: 0.1, Sum: 0.2]
      [Object Copy (ms): Min: 1.0, Avg: 1.5, Max: 1.7, Diff: 0.6, Sum: 15.4]
      [Termination (ms): Min: 0.0, Avg: 0.0, Max: 0.0, Diff: 0.0, Sum: 0.0]
         [Termination Attempts: Min: 1, Avg: 1.7, Max: 3, Diff: 2, Sum: 17]
      [GC Worker Other (ms): Min: 0.0, Avg: 0.0, Max: 0.0, Diff: 0.0, Sum: 0.1]
      [GC Worker Total (ms): Min: 2.6, Avg: 2.7, Max: 2.9, Diff: 0.3, Sum: 27.0]
      [GC Worker End (ms): Min: 435630100.0, Avg: 435630100.0, Max: 435630100.0, Diff: 0.0]
   [Code Root Fixup: 0.0 ms]
   [Code Root Purge: 0.0 ms]
   [String Dedup Fixup: 3.4 ms, GC Workers: 10]
      [Queue Fixup (ms): Min: 0.0, Avg: 0.0, Max: 0.0, Diff: 0.0, Sum: 0.0]
      [Table Fixup (ms): Min: 2.8, Avg: 2.9, Max: 3.1, Diff: 0.2, Sum: 29.3]
   [Clear CT: 1.1 ms]
   [Other: 2.0 ms]
      [Choose CSet: 0.0 ms]
      [Ref Proc: 0.9 ms]
      [Ref Enq: 0.0 ms]
      [Redirty Cards: 0.9 ms]
      [Humongous Register: 0.0 ms]
      [Humongous Reclaim: 0.0 ms]
      [Free CSet: 0.0 ms]
   [Eden: 11264.0K(11264.0K)->0.0B(48128.0K) Survivors: 2048.0K->2048.0K Heap: 199.2M(267.0M)->187.8M(267.0M)]
 [Times: user=0.16 sys=0.00, real=0.01 secs] 
2020-12-18T12:27:03.537+0530: 435630.107: [GC concurrent-string-deduplication, 4272.0B->3048.0B(1224.0B), avg 59.6%, 0.0000207 secs]
   [Last Exec: 0.0000207 secs, Idle: 0.0276106 secs, Blocked: 0/0.0000000 secs]
      [Inspected:              60]
         [Skipped:              0(  0.0%)]
         [Hashed:              53( 88.3%)]
         [Known:                0(  0.0%)]
         [New:                 60(100.0%)   4272.0B]
      [Deduplicated:           35( 58.3%)   1224.0B( 28.7%)]
         [Young:               35(100.0%)   1224.0B(100.0%)]
         [Old:                  0(  0.0%)      0.0B(  0.0%)]
   [Total Exec: 1706/0.8734995 secs, Idle: 1706/435628.7386206 secs, Blocked: 133/0.0943544 secs]
      [Inspected:         2938232]
         [Skipped:              0(  0.0%)]
         [Hashed:         1226221( 41.7%)]
         [Known:           191015(  6.5%)]
         [New:            2747217( 93.5%)    213.8M]
      [Deduplicated:      1924527( 70.1%)    127.5M( 59.6%)]
         [Young:           791985( 41.2%)  61984.7K( 47.5%)]
         [Old:            1132542( 58.8%)  68596.8K( 52.5%)]
   [Table]
      [Memory Usage: 8448.9K]
      [Size: 262144, Min: 1024, Max: 16777216]
      [Entries: 264026, Load: 100.7%, Cached: 9077, Added: 987358, Removed: 723332]
      [Resize Count: 8, Shrink Threshold: 174762(66.7%), Grow Threshold: 524288(200.0%)]
      [Rehash Count: 0, Rehash Threshold: 120, Hash Seed: 0x0]
      [Age Threshold: 3]
   [Queue]
      [Dropped: 0]
[GC concurrent-string-deduplication, deleted 0 entries, 0.0000006 secs]
2020-12-18T12:30:00.147+0530: 435806.718: [GC pause (G1 Evacuation Pause) (young), 0.0083495 secs]
   [Parallel Time: 3.3 ms, GC Workers: 10]
      [GC Worker Start (ms): Min: 435806717.8, Avg: 435806717.9, Max: 435806718.0, Diff: 0.2]
      [Ext Root Scanning (ms): Min: 0.8, Avg: 1.0, Max: 2.1, Diff: 1.3, Sum: 10.4]
      [Update RS (ms): Min: 0.5, Avg: 1.1, Max: 1.6, Diff: 1.1, Sum: 10.7]
         [Processed Buffers: Min: 2, Avg: 5.4, Max: 11, Diff: 9, Sum: 54]
      [Scan RS (ms): Min: 0.0, Avg: 0.0, Max: 0.0, Diff: 0.0, Sum: 0.0]
      [Code Root Scanning (ms): Min: 0.0, Avg: 0.0, Max: 0.1, Diff: 0.1, Sum: 0.1]
      [Object Copy (ms): Min: 0.0, Avg: 0.4, Max: 0.6, Diff: 0.6, Sum: 3.5]
      [Termination (ms): Min: 0.0, Avg: 0.2, Max: 0.2, Diff: 0.2, Sum: 1.7]
         [Termination Attempts: Min: 1, Avg: 2.5, Max: 4, Diff: 3, Sum: 25]
      [GC Worker Other (ms): Min: 0.0, Avg: 0.0, Max: 0.0, Diff: 0.0, Sum: 0.1]
      [GC Worker Total (ms): Min: 2.6, Avg: 2.7, Max: 2.8, Diff: 0.2, Sum: 26.6]
      [GC Worker End (ms): Min: 435806720.6, Avg: 435806720.6, Max: 435806720.6, Diff: 0.0]
   [Code Root Fixup: 0.0 ms]
   [Code Root Purge: 0.0 ms]
   [String Dedup Fixup: 2.7 ms, GC Workers: 10]
      [Queue Fixup (ms): Min: 0.0, Avg: 0.0, Max: 0.0, Diff: 0.0, Sum: 0.0]
      [Table Fixup (ms): Min: 2.2, Avg: 2.3, Max: 2.4, Diff: 0.2, Sum: 23.0]
   [Clear CT: 0.9 ms]
   [Other: 1.4 ms]
      [Choose CSet: 0.0 ms]
      [Ref Proc: 0.6 ms]
      [Ref Enq: 0.0 ms]
      [Redirty Cards: 0.6 ms]
      [Humongous Register: 0.0 ms]
      [Humongous Reclaim: 0.0 ms]
      [Free CSet: 0.0 ms]
   [Eden: 48128.0K(48128.0K)->0.0B(48128.0K) Survivors: 2048.0K->2048.0K Heap: 234.8M(267.0M)->188.1M(267.0M)]
 [Times: user=0.00 sys=0.00, real=0.01 secs] 
2020-12-18T12:30:00.155+0530: 435806.726: [GC concurrent-string-deduplication, 264.0B->264.0B(0.0B), avg 59.6%, 0.0000512 secs]
   [Last Exec: 0.0000512 secs, Idle: 176.6188992 secs, Blocked: 0/0.0000000 secs]
      [Inspected:              47]
         [Skipped:              0(  0.0%)]
         [Hashed:               1(  2.1%)]
         [Known:               46( 97.9%)]
         [New:                  1(  2.1%)    264.0B]
      [Deduplicated:            0(  0.0%)      0.0B(  0.0%)]
         [Young:                0(  0.0%)      0.0B(  0.0%)]
         [Old:                  0(  0.0%)      0.0B(  0.0%)]
   [Total Exec: 1707/0.8735507 secs, Idle: 1707/435805.3575198 secs, Blocked: 133/0.0943544 secs]
      [Inspected:         2938279]
         [Skipped:              0(  0.0%)]
         [Hashed:         1226222( 41.7%)]
         [Known:           191061(  6.5%)]
         [New:            2747218( 93.5%)    213.8M]
      [Deduplicated:      1924527( 70.1%)    127.5M( 59.6%)]
         [Young:           791985( 41.2%)  61984.7K( 47.5%)]
         [Old:            1132542( 58.8%)  68596.8K( 52.5%)]
   [Table]
      [Memory Usage: 8448.9K]
      [Size: 262144, Min: 1024, Max: 16777216]
      [Entries: 264030, Load: 100.7%, Cached: 9073, Added: 987370, Removed: 723340]
      [Resize Count: 8, Shrink Threshold: 174762(66.7%), Grow Threshold: 524288(200.0%)]
      [Rehash Count: 0, Rehash Threshold: 120, Hash Seed: 0x0]
      [Age Threshold: 3]
   [Queue]
      [Dropped: 0]
[GC concurrent-string-deduplication, deleted 0 entries, 0.0000010 secs]
2020-12-18T12:30:00.401+0530: 435806.972: [GC pause (G1 Evacuation Pause) (young) (initial-mark), 0.0103012 secs]
   [Parallel Time: 5.3 ms, GC Workers: 10]
      [GC Worker Start (ms): Min: 435806972.3, Avg: 435806972.5, Max: 435806972.6, Diff: 0.3]
      [Ext Root Scanning (ms): Min: 3.8, Avg: 4.1, Max: 4.4, Diff: 0.6, Sum: 41.2]
      [Update RS (ms): Min: 0.0, Avg: 0.3, Max: 0.8, Diff: 0.8, Sum: 3.3]
         [Processed Buffers: Min: 1, Avg: 3.1, Max: 6, Diff: 5, Sum: 31]
      [Scan RS (ms): Min: 0.0, Avg: 0.0, Max: 0.0, Diff: 0.0, Sum: 0.0]
      [Code Root Scanning (ms): Min: 0.0, Avg: 0.0, Max: 0.1, Diff: 0.1, Sum: 0.1]
      [Object Copy (ms): Min: 0.2, Avg: 0.5, Max: 0.7, Diff: 0.6, Sum: 5.0]
      [Termination (ms): Min: 0.0, Avg: 0.1, Max: 0.1, Diff: 0.1, Sum: 0.7]
         [Termination Attempts: Min: 1, Avg: 4.1, Max: 10, Diff: 9, Sum: 41]
      [GC Worker Other (ms): Min: 0.0, Avg: 0.0, Max: 0.0, Diff: 0.0, Sum: 0.1]
      [GC Worker Total (ms): Min: 5.0, Avg: 5.0, Max: 5.2, Diff: 0.3, Sum: 50.5]
      [GC Worker End (ms): Min: 435806977.5, Avg: 435806977.5, Max: 435806977.5, Diff: 0.0]
   [Code Root Fixup: 0.0 ms]
   [Code Root Purge: 0.0 ms]
   [String Dedup Fixup: 2.5 ms, GC Workers: 10]
      [Queue Fixup (ms): Min: 0.0, Avg: 0.0, Max: 0.0, Diff: 0.0, Sum: 0.0]
      [Table Fixup (ms): Min: 1.7, Avg: 1.8, Max: 2.0, Diff: 0.3, Sum: 17.9]
   [Clear CT: 0.8 ms]
   [Other: 1.7 ms]
      [Choose CSet: 0.0 ms]
      [Ref Proc: 0.6 ms]
      [Ref Enq: 0.0 ms]
      [Redirty Cards: 0.8 ms]
      [Humongous Register: 0.0 ms]
      [Humongous Reclaim: 0.0 ms]
      [Free CSet: 0.0 ms]
   [Eden: 48128.0K(48128.0K)->0.0B(48128.0K) Survivors: 2048.0K->2048.0K Heap: 235.1M(267.0M)->188.9M(267.0M)]
 [Times: user=0.16 sys=0.00, real=0.01 secs] 
2020-12-18T12:30:00.412+0530: 435806.983: [GC concurrent-root-region-scan-start]
2020-12-18T12:30:00.414+0530: 435806.985: [GC concurrent-root-region-scan-end, 0.0022001 secs]
2020-12-18T12:30:00.414+0530: 435806.985: [GC concurrent-mark-start]
2020-12-18T12:30:00.507+0530: 435807.077: [GC concurrent-mark-end, 0.0925752 secs]
2020-12-18T12:30:00.508+0530: 435807.078: [GC remark 2020-12-18T12:30:00.508+0530: 435807.078: [Finalize Marking, 0.0007785 secs] 2020-12-18T12:30:00.508+0530: 435807.079: [GC ref-proc, 0.0005469 secs] 2020-12-18T12:30:00.509+0530: 435807.080: [Unloading, 0.0226877 secs], 0.0248076 secs]
 [Times: user=0.16 sys=0.00, real=0.02 secs] 
2020-12-18T12:30:00.533+0530: 435807.104: [GC cleanup 208M->208M(267M), 0.0030999 secs]
 [Times: user=0.00 sys=0.00, real=0.00 secs] 
2020-12-18T12:32:03.685+0530: 435930.256: [GC pause (G1 Evacuation Pause) (young), 0.0112310 secs]
   [Parallel Time: 5.4 ms, GC Workers: 10]
      [GC Worker Start (ms): Min: 435930256.2, Avg: 435930256.3, Max: 435930256.4, Diff: 0.2]
      [Ext Root Scanning (ms): Min: 0.5, Avg: 0.7, Max: 1.4, Diff: 1.0, Sum: 7.2]
      [Update RS (ms): Min: 0.1, Avg: 0.6, Max: 1.2, Diff: 1.1, Sum: 6.4]
         [Processed Buffers: Min: 1, Avg: 5.2, Max: 9, Diff: 8, Sum: 52]
      [Scan RS (ms): Min: 0.0, Avg: 0.0, Max: 0.0, Diff: 0.0, Sum: 0.1]
      [Code Root Scanning (ms): Min: 0.0, Avg: 0.0, Max: 0.3, Diff: 0.3, Sum: 0.3]
      [Object Copy (ms): Min: 0.1, Avg: 0.7, Max: 3.5, Diff: 3.4, Sum: 7.1]
      [Termination (ms): Min: 0.0, Avg: 2.6, Max: 2.9, Diff: 2.9, Sum: 25.9]
         [Termination Attempts: Min: 1, Avg: 3.7, Max: 7, Diff: 6, Sum: 37]
      [GC Worker Other (ms): Min: 0.0, Avg: 0.0, Max: 0.1, Diff: 0.1, Sum: 0.2]
      [GC Worker Total (ms): Min: 4.6, Avg: 4.7, Max: 4.9, Diff: 0.2, Sum: 47.1]
      [GC Worker End (ms): Min: 435930261.1, Avg: 435930261.1, Max: 435930261.1, Diff: 0.0]
   [Code Root Fixup: 0.0 ms]
   [Code Root Purge: 0.0 ms]
   [String Dedup Fixup: 2.6 ms, GC Workers: 10]
      [Queue Fixup (ms): Min: 0.0, Avg: 0.0, Max: 0.0, Diff: 0.0, Sum: 0.0]
      [Table Fixup (ms): Min: 1.9, Avg: 1.9, Max: 2.1, Diff: 0.2, Sum: 19.4]
   [Clear CT: 0.8 ms]
   [Other: 2.4 ms]
      [Choose CSet: 0.0 ms]
      [Ref Proc: 1.4 ms]
      [Ref Enq: 0.0 ms]
      [Redirty Cards: 0.8 ms]
      [Humongous Register: 0.0 ms]
      [Humongous Reclaim: 0.0 ms]
      [Free CSet: 0.0 ms]
   [Eden: 48128.0K(48128.0K)->0.0B(10240.0K) Survivors: 2048.0K->3072.0K Heap: 235.9M(267.0M)->189.5M(267.0M)]
 [Times: user=0.13 sys=0.02, real=0.01 secs] 
2020-12-18T12:32:03.697+0530: 435930.268: [GC concurrent-string-deduplication, 2440.0B->1960.0B(480.0B), avg 59.6%, 0.0000151 secs]
   [Last Exec: 0.0000151 secs, Idle: 123.5411868 secs, Blocked: 0/0.0000000 secs]
      [Inspected:              28]
         [Skipped:              0(  0.0%)]
         [Hashed:              13( 46.4%)]
         [Known:               11( 39.3%)]
         [New:                 17( 60.7%)   2440.0B]
      [Deduplicated:            7( 41.2%)    480.0B( 19.7%)]
         [Young:                7(100.0%)    480.0B(100.0%)]
         [Old:                  0(  0.0%)      0.0B(  0.0%)]
   [Total Exec: 1708/0.8735658 secs, Idle: 1708/435928.8987066 secs, Blocked: 133/0.0943544 secs]
      [Inspected:         2938307]
         [Skipped:              0(  0.0%)]
         [Hashed:         1226235( 41.7%)]
         [Known:           191072(  6.5%)]
         [New:            2747235( 93.5%)    213.8M]
      [Deduplicated:      1924534( 70.1%)    127.5M( 59.6%)]
         [Young:           791992( 41.2%)  61985.2K( 47.5%)]
         [Old:            1132542( 58.8%)  68596.8K( 52.5%)]
   [Table]
      [Memory Usage: 8448.9K]
      [Size: 262144, Min: 1024, Max: 16777216]
      [Entries: 264474, Load: 100.9%, Cached: 8629, Added: 987904, Removed: 723430]
      [Resize Count: 8, Shrink Threshold: 174762(66.7%), Grow Threshold: 524288(200.0%)]
      [Rehash Count: 0, Rehash Threshold: 120, Hash Seed: 0x0]
      [Age Threshold: 3]
   [Queue]
      [Dropped: 0]
[GC concurrent-string-deduplication, deleted 0 entries, 0.0000006 secs]
2020-12-18T12:32:12.930+0530: 435939.500: [GC pause (G1 Evacuation Pause) (mixed), 0.0094365 secs]
   [Parallel Time: 4.6 ms, GC Workers: 10]
      [GC Worker Start (ms): Min: 435939500.4, Avg: 435939500.5, Max: 435939500.6, Diff: 0.3]
      [Ext Root Scanning (ms): Min: 0.7, Avg: 0.9, Max: 1.6, Diff: 0.9, Sum: 8.8]
      [Update RS (ms): Min: 0.4, Avg: 0.7, Max: 1.0, Diff: 0.6, Sum: 6.7]
         [Processed Buffers: Min: 1, Avg: 3.2, Max: 10, Diff: 9, Sum: 32]
      [Scan RS (ms): Min: 0.0, Avg: 0.1, Max: 0.2, Diff: 0.2, Sum: 1.1]
      [Code Root Scanning (ms): Min: 0.0, Avg: 0.0, Max: 0.2, Diff: 0.2, Sum: 0.2]
      [Object Copy (ms): Min: 1.1, Avg: 1.4, Max: 2.2, Diff: 1.1, Sum: 14.1]
      [Termination (ms): Min: 0.0, Avg: 0.7, Max: 1.0, Diff: 1.0, Sum: 7.4]
         [Termination Attempts: Min: 1, Avg: 1.0, Max: 1, Diff: 0, Sum: 10]
      [GC Worker Other (ms): Min: 0.0, Avg: 0.0, Max: 0.0, Diff: 0.0, Sum: 0.1]
      [GC Worker Total (ms): Min: 3.7, Avg: 3.8, Max: 4.0, Diff: 0.3, Sum: 38.4]
      [GC Worker End (ms): Min: 435939504.3, Avg: 435939504.4, Max: 435939504.4, Diff: 0.0]
   [Code Root Fixup: 0.0 ms]
   [Code Root Purge: 0.0 ms]
   [String Dedup Fixup: 2.6 ms, GC Workers: 10]
      [Queue Fixup (ms): Min: 0.0, Avg: 0.0, Max: 0.0, Diff: 0.0, Sum: 0.0]
      [Table Fixup (ms): Min: 1.8, Avg: 1.9, Max: 2.0, Diff: 0.3, Sum: 18.7]
   [Clear CT: 0.7 ms]
   [Other: 1.5 ms]
      [Choose CSet: 0.0 ms]
      [Ref Proc: 0.7 ms]
      [Ref Enq: 0.0 ms]
      [Redirty Cards: 0.6 ms]
      [Humongous Register: 0.0 ms]
      [Humongous Reclaim: 0.0 ms]
      [Free CSet: 0.0 ms]
   [Eden: 10240.0K(10240.0K)->0.0B(49152.0K) Survivors: 3072.0K->2048.0K Heap: 199.5M(267.0M)->188.3M(267.0M)]
 [Times: user=0.16 sys=0.00, real=0.01 secs] 
2020-12-18T12:32:12.939+0530: 435939.510: [GC concurrent-string-deduplication, 31760.0B->17816.0B(13944.0B), avg 59.6%, 0.0001946 secs]
   [Last Exec: 0.0001946 secs, Idle: 9.2423213 secs, Blocked: 0/0.0000000 secs]
      [Inspected:            1021]
         [Skipped:              0(  0.0%)]
         [Hashed:             317( 31.0%)]
         [Known:              599( 58.7%)]
         [New:                422( 41.3%)  31760.0B]
      [Deduplicated:          346( 82.0%)  13944.0B( 43.9%)]
         [Young:              346(100.0%)  13944.0B(100.0%)]
         [Old:                  0(  0.0%)      0.0B(  0.0%)]
   [Total Exec: 1709/0.8737604 secs, Idle: 1709/435938.1410279 secs, Blocked: 133/0.0943544 secs]
      [Inspected:         2939328]
         [Skipped:              0(  0.0%)]
         [Hashed:         1226552( 41.7%)]
         [Known:           191671(  6.5%)]
         [New:            2747657( 93.5%)    213.8M]
      [Deduplicated:      1924880( 70.1%)    127.5M( 59.6%)]
         [Young:           792338( 41.2%)  61998.8K( 47.5%)]
         [Old:            1132542( 58.8%)  68596.8K( 52.5%)]
   [Table]
      [Memory Usage: 8448.9K]
      [Size: 262144, Min: 1024, Max: 16777216]
      [Entries: 264535, Load: 100.9%, Cached: 8568, Added: 987981, Removed: 723446]
      [Resize Count: 8, Shrink Threshold: 174762(66.7%), Grow Threshold: 524288(200.0%)]
      [Rehash Count: 0, Rehash Threshold: 120, Hash Seed: 0x0]
      [Age Threshold: 3]
   [Queue]
      [Dropped: 0]
[GC concurrent-string-deduplication, deleted 0 entries, 0.0000006 secs]
2020-12-18T12:38:48.680+0530: 436335.251: [GC pause (G1 Evacuation Pause) (young), 0.0121806 secs]
   [Parallel Time: 7.2 ms, GC Workers: 10]
      [GC Worker Start (ms): Min: 436335251.9, Avg: 436335252.4, Max: 436335252.9, Diff: 1.0]
      [Ext Root Scanning (ms): Min: 1.7, Avg: 2.4, Max: 5.1, Diff: 3.4, Sum: 23.8]
      [Update RS (ms): Min: 1.1, Avg: 2.9, Max: 3.4, Diff: 2.3, Sum: 29.2]
         [Processed Buffers: Min: 1, Avg: 6.1, Max: 12, Diff: 11, Sum: 61]
      [Scan RS (ms): Min: 0.0, Avg: 0.0, Max: 0.0, Diff: 0.0, Sum: 0.0]
      [Code Root Scanning (ms): Min: 0.0, Avg: 0.0, Max: 0.1, Diff: 0.1, Sum: 0.1]
      [Object Copy (ms): Min: 0.1, Avg: 0.6, Max: 0.8, Diff: 0.6, Sum: 5.6]
      [Termination (ms): Min: 0.0, Avg: 0.0, Max: 0.0, Diff: 0.0, Sum: 0.3]
         [Termination Attempts: Min: 1, Avg: 1.0, Max: 1, Diff: 0, Sum: 10]
      [GC Worker Other (ms): Min: 0.0, Avg: 0.0, Max: 0.1, Diff: 0.0, Sum: 0.2]
      [GC Worker Total (ms): Min: 5.5, Avg: 5.9, Max: 6.5, Diff: 1.0, Sum: 59.4]
      [GC Worker End (ms): Min: 436335258.4, Avg: 436335258.4, Max: 436335258.4, Diff: 0.0]
   [Code Root Fixup: 0.0 ms]
   [Code Root Purge: 0.0 ms]
   [String Dedup Fixup: 2.5 ms, GC Workers: 10]
      [Queue Fixup (ms): Min: 0.0, Avg: 0.0, Max: 0.0, Diff: 0.0, Sum: 0.0]
      [Table Fixup (ms): Min: 1.8, Avg: 1.9, Max: 2.0, Diff: 0.2, Sum: 18.6]
   [Clear CT: 0.7 ms]
   [Other: 1.8 ms]
      [Choose CSet: 0.0 ms]
      [Ref Proc: 0.7 ms]
      [Ref Enq: 0.0 ms]
      [Redirty Cards: 0.7 ms]
      [Humongous Register: 0.1 ms]
      [Humongous Reclaim: 0.0 ms]
      [Free CSet: 0.0 ms]
   [Eden: 49152.0K(49152.0K)->0.0B(49152.0K) Survivors: 2048.0K->2048.0K Heap: 236.3M(267.0M)->187.9M(267.0M)]
 [Times: user=0.16 sys=0.00, real=0.01 secs] 
2020-12-18T12:38:48.693+0530: 436335.264: [GC concurrent-string-deduplication, 1032.0B->832.0B(200.0B), avg 59.6%, 0.0000264 secs]
   [Last Exec: 0.0000264 secs, Idle: 395.7536791 secs, Blocked: 0/0.0000000 secs]
      [Inspected:              84]
         [Skipped:              0(  0.0%)]
         [Hashed:               6(  7.1%)]
         [Known:               72( 85.7%)]
         [New:                 12( 14.3%)   1032.0B]
      [Deduplicated:            6( 50.0%)    200.0B( 19.4%)]
         [Young:                6(100.0%)    200.0B(100.0%)]
         [Old:                  0(  0.0%)      0.0B(  0.0%)]
   [Total Exec: 1710/0.8737868 secs, Idle: 1710/436333.8947070 secs, Blocked: 133/0.0943544 secs]
      [Inspected:         2939412]
         [Skipped:              0(  0.0%)]
         [Hashed:         1226558( 41.7%)]
         [Known:           191743(  6.5%)]
         [New:            2747669( 93.5%)    213.8M]
      [Deduplicated:      1924886( 70.1%)    127.5M( 59.6%)]
         [Young:           792344( 41.2%)  61999.0K( 47.5%)]
         [Old:            1132542( 58.8%)  68596.8K( 52.5%)]
   [Table]
      [Memory Usage: 8448.9K]
      [Size: 262144, Min: 1024, Max: 16777216]
      [Entries: 264548, Load: 100.9%, Cached: 8555, Added: 987994, Removed: 723446]
      [Resize Count: 8, Shrink Threshold: 174762(66.7%), Grow Threshold: 524288(200.0%)]
      [Rehash Count: 0, Rehash Threshold: 120, Hash Seed: 0x0]
      [Age Threshold: 3]
   [Queue]
      [Dropped: 0]
[GC concurrent-string-deduplication, deleted 0 entries, 0.0000008 secs]
2020-12-18T12:46:49.739+0530: 436816.310: [GC pause (G1 Evacuation Pause) (young) (initial-mark), 0.0111690 secs]
   [Parallel Time: 6.3 ms, GC Workers: 10]
      [GC Worker Start (ms): Min: 436816310.4, Avg: 436816310.7, Max: 436816310.9, Diff: 0.6]
      [Ext Root Scanning (ms): Min: 2.8, Avg: 3.4, Max: 3.7, Diff: 0.9, Sum: 33.9]
      [Update RS (ms): Min: 1.2, Avg: 1.6, Max: 1.9, Diff: 0.7, Sum: 15.6]
         [Processed Buffers: Min: 2, Avg: 6.0, Max: 20, Diff: 18, Sum: 60]
      [Scan RS (ms): Min: 0.0, Avg: 0.0, Max: 0.0, Diff: 0.0, Sum: 0.0]
      [Code Root Scanning (ms): Min: 0.0, Avg: 0.0, Max: 0.2, Diff: 0.2, Sum: 0.2]
      [Object Copy (ms): Min: 0.2, Avg: 0.6, Max: 0.8, Diff: 0.7, Sum: 6.3]
      [Termination (ms): Min: 0.0, Avg: 0.0, Max: 0.0, Diff: 0.0, Sum: 0.1]
         [Termination Attempts: Min: 1, Avg: 1.3, Max: 2, Diff: 1, Sum: 13]
      [GC Worker Other (ms): Min: 0.0, Avg: 0.0, Max: 0.0, Diff: 0.0, Sum: 0.3]
      [GC Worker Total (ms): Min: 5.4, Avg: 5.6, Max: 5.9, Diff: 0.6, Sum: 56.4]
      [GC Worker End (ms): Min: 436816316.3, Avg: 436816316.3, Max: 436816316.3, Diff: 0.0]
   [Code Root Fixup: 0.0 ms]
   [Code Root Purge: 0.0 ms]
   [String Dedup Fixup: 2.5 ms, GC Workers: 10]
      [Queue Fixup (ms): Min: 0.0, Avg: 0.0, Max: 0.0, Diff: 0.0, Sum: 0.0]
      [Table Fixup (ms): Min: 1.8, Avg: 1.9, Max: 2.1, Diff: 0.3, Sum: 18.8]
   [Clear CT: 0.8 ms]
   [Other: 1.6 ms]
      [Choose CSet: 0.0 ms]
      [Ref Proc: 0.4 ms]
      [Ref Enq: 0.0 ms]
      [Redirty Cards: 0.8 ms]
      [Humongous Register: 0.1 ms]
      [Humongous Reclaim: 0.0 ms]
      [Free CSet: 0.1 ms]
   [Eden: 49152.0K(49152.0K)->0.0B(49152.0K) Survivors: 2048.0K->2048.0K Heap: 235.9M(267.0M)->187.8M(267.0M)]
 [Times: user=0.02 sys=0.00, real=0.01 secs] 
2020-12-18T12:46:49.751+0530: 436816.321: [GC concurrent-root-region-scan-start]
2020-12-18T12:46:49.751+0530: 436816.321: [GC concurrent-string-deduplication, 0.0B->0.0B(0.0B), avg 59.6%, 0.0000042 secs]
   [Last Exec: 0.0000042 secs, Idle: 481.0572743 secs, Blocked: 0/0.0000000 secs]
      [Inspected:               1]
         [Skipped:              0(  0.0%)]
         [Hashed:               0(  0.0%)]
         [Known:                1(100.0%)]
         [New:                  0(  0.0%)      0.0B]
      [Deduplicated:            0(  0.0%)      0.0B(  0.0%)]
         [Young:                0(  0.0%)      0.0B(  0.0%)]
         [Old:                  0(  0.0%)      0.0B(  0.0%)]
   [Total Exec: 1711/0.8737910 secs, Idle: 1711/436814.9519813 secs, Blocked: 133/0.0943544 secs]
      [Inspected:         2939413]
         [Skipped:              0(  0.0%)]
         [Hashed:         1226558( 41.7%)]
         [Known:           191744(  6.5%)]
         [New:            2747669( 93.5%)    213.8M]
      [Deduplicated:      1924886( 70.1%)    127.5M( 59.6%)]
         [Young:           792344( 41.2%)  61999.0K( 47.5%)]
         [Old:            1132542( 58.8%)  68596.8K( 52.5%)]
   [Table]
      [Memory Usage: 8448.9K]
      [Size: 262144, Min: 1024, Max: 16777216]
      [Entries: 264538, Load: 100.9%, Cached: 8565, Added: 987994, Removed: 723456]
      [Resize Count: 8, Shrink Threshold: 174762(66.7%), Grow Threshold: 524288(200.0%)]
      [Rehash Count: 0, Rehash Threshold: 120, Hash Seed: 0x0]
      [Age Threshold: 3]
   [Queue]
      [Dropped: 0]
[GC concurrent-string-deduplication, deleted 0 entries, 0.0000006 secs]
2020-12-18T12:46:49.753+0530: 436816.324: [GC concurrent-root-region-scan-end, 0.0023838 secs]
2020-12-18T12:46:49.753+0530: 436816.324: [GC concurrent-mark-start]
2020-12-18T12:46:49.830+0530: 436816.400: [GC concurrent-mark-end, 0.0766500 secs]
2020-12-18T12:46:49.830+0530: 436816.401: [GC remark 2020-12-18T12:46:49.830+0530: 436816.401: [Finalize Marking, 0.0004771 secs] 2020-12-18T12:46:49.831+0530: 436816.401: [GC ref-proc, 0.0004961 secs] 2020-12-18T12:46:49.831+0530: 436816.402: [Unloading, 0.0210132 secs], 0.0230228 secs]
 [Times: user=0.16 sys=0.00, real=0.02 secs] 
2020-12-18T12:46:49.854+0530: 436816.424: [GC cleanup 187M->187M(267M), 0.0039496 secs]
 [Times: user=0.00 sys=0.00, real=0.00 secs] 
2020-12-18T12:52:04.251+0530: 437130.822: [GC pause (G1 Evacuation Pause) (young), 0.0092388 secs]
   [Parallel Time: 4.3 ms, GC Workers: 10]
      [GC Worker Start (ms): Min: 437130822.0, Avg: 437130822.3, Max: 437130822.5, Diff: 0.5]
      [Ext Root Scanning (ms): Min: 1.1, Avg: 1.5, Max: 2.2, Diff: 1.1, Sum: 14.8]
      [Update RS (ms): Min: 1.2, Avg: 1.4, Max: 1.6, Diff: 0.4, Sum: 13.9]
         [Processed Buffers: Min: 2, Avg: 5.4, Max: 15, Diff: 13, Sum: 54]
      [Scan RS (ms): Min: 0.0, Avg: 0.0, Max: 0.0, Diff: 0.0, Sum: 0.1]
      [Code Root Scanning (ms): Min: 0.0, Avg: 0.0, Max: 0.2, Diff: 0.2, Sum: 0.2]
      [Object Copy (ms): Min: 0.2, Avg: 0.5, Max: 0.7, Diff: 0.5, Sum: 5.1]
      [Termination (ms): Min: 0.0, Avg: 0.0, Max: 0.0, Diff: 0.0, Sum: 0.2]
         [Termination Attempts: Min: 1, Avg: 1.0, Max: 1, Diff: 0, Sum: 10]
      [GC Worker Other (ms): Min: 0.0, Avg: 0.0, Max: 0.0, Diff: 0.0, Sum: 0.2]
      [GC Worker Total (ms): Min: 3.2, Avg: 3.4, Max: 3.7, Diff: 0.5, Sum: 34.5]
      [GC Worker End (ms): Min: 437130825.7, Avg: 437130825.8, Max: 437130825.8, Diff: 0.0]
   [Code Root Fixup: 0.0 ms]
   [Code Root Purge: 0.0 ms]
   [String Dedup Fixup: 2.4 ms, GC Workers: 10]
      [Queue Fixup (ms): Min: 0.0, Avg: 0.0, Max: 0.0, Diff: 0.0, Sum: 0.0]
      [Table Fixup (ms): Min: 1.7, Avg: 1.7, Max: 1.9, Diff: 0.3, Sum: 17.5]
   [Clear CT: 0.8 ms]
   [Other: 1.8 ms]
      [Choose CSet: 0.0 ms]
      [Ref Proc: 0.8 ms]
      [Ref Enq: 0.0 ms]
      [Redirty Cards: 0.7 ms]
      [Humongous Register: 0.0 ms]
      [Humongous Reclaim: 0.0 ms]
      [Free CSet: 0.0 ms]
   [Eden: 49152.0K(49152.0K)->0.0B(11264.0K) Survivors: 2048.0K->2048.0K Heap: 235.8M(267.0M)->187.8M(267.0M)]
 [Times: user=0.00 sys=0.00, real=0.01 secs] 
2020-12-18T12:52:04.261+0530: 437130.831: [GC concurrent-string-deduplication, 496.0B->472.0B(24.0B), avg 59.6%, 0.0000084 secs]
   [Last Exec: 0.0000084 secs, Idle: 314.5099779 secs, Blocked: 0/0.0000000 secs]
      [Inspected:              11]
         [Skipped:              0(  0.0%)]
         [Hashed:               2( 18.2%)]
         [Known:                8( 72.7%)]
         [New:                  3( 27.3%)    496.0B]
      [Deduplicated:            1( 33.3%)     24.0B(  4.8%)]
         [Young:                1(100.0%)     24.0B(100.0%)]
         [Old:                  0(  0.0%)      0.0B(  0.0%)]
   [Total Exec: 1712/0.8737994 secs, Idle: 1712/437129.4619592 secs, Blocked: 133/0.0943544 secs]
      [Inspected:         2939424]
         [Skipped:              0(  0.0%)]
         [Hashed:         1226560( 41.7%)]
         [Known:           191752(  6.5%)]
         [New:            2747672( 93.5%)    213.8M]
      [Deduplicated:      1924887( 70.1%)    127.5M( 59.6%)]
         [Young:           792345( 41.2%)  61999.0K( 47.5%)]
         [Old:            1132542( 58.8%)  68596.8K( 52.5%)]
   [Table]
      [Memory Usage: 8448.9K]
      [Size: 262144, Min: 1024, Max: 16777216]
      [Entries: 264500, Load: 100.9%, Cached: 8603, Added: 988048, Removed: 723548]
      [Resize Count: 8, Shrink Threshold: 174762(66.7%), Grow Threshold: 524288(200.0%)]
      [Rehash Count: 0, Rehash Threshold: 120, Hash Seed: 0x0]
      [Age Threshold: 3]
   [Queue]
      [Dropped: 0]
[GC concurrent-string-deduplication, deleted 0 entries, 0.0000006 secs]
2020-12-18T12:52:04.316+0530: 437130.888: [GC pause (G1 Evacuation Pause) (mixed), 0.0096230 secs]
   [Parallel Time: 4.6 ms, GC Workers: 10]
      [GC Worker Start (ms): Min: 437130887.7, Avg: 437130887.8, Max: 437130887.9, Diff: 0.2]
      [Ext Root Scanning (ms): Min: 0.6, Avg: 0.8, Max: 1.6, Diff: 1.1, Sum: 7.6]
      [Update RS (ms): Min: 0.0, Avg: 0.6, Max: 3.6, Diff: 3.6, Sum: 6.4]
         [Processed Buffers: Min: 0, Avg: 1.3, Max: 3, Diff: 3, Sum: 13]
      [Scan RS (ms): Min: 0.0, Avg: 0.1, Max: 0.2, Diff: 0.2, Sum: 0.7]
      [Code Root Scanning (ms): Min: 0.0, Avg: 0.0, Max: 0.1, Diff: 0.1, Sum: 0.2]
      [Object Copy (ms): Min: 0.1, Avg: 0.5, Max: 0.6, Diff: 0.5, Sum: 4.5]
      [Termination (ms): Min: 0.0, Avg: 2.5, Max: 2.8, Diff: 2.8, Sum: 24.8]
         [Termination Attempts: Min: 1, Avg: 2.9, Max: 6, Diff: 5, Sum: 29]
      [GC Worker Other (ms): Min: 0.0, Avg: 0.0, Max: 0.0, Diff: 0.0, Sum: 0.1]
      [GC Worker Total (ms): Min: 4.3, Avg: 4.4, Max: 4.6, Diff: 0.2, Sum: 44.3]
      [GC Worker End (ms): Min: 437130892.2, Avg: 437130892.2, Max: 437130892.2, Diff: 0.0]
   [Code Root Fixup: 0.0 ms]
   [Code Root Purge: 0.0 ms]
   [String Dedup Fixup: 2.4 ms, GC Workers: 10]
      [Queue Fixup (ms): Min: 0.0, Avg: 0.0, Max: 0.0, Diff: 0.0, Sum: 0.0]
      [Table Fixup (ms): Min: 1.7, Avg: 1.8, Max: 2.0, Diff: 0.2, Sum: 18.4]
   [Clear CT: 0.9 ms]
   [Other: 1.7 ms]
      [Choose CSet: 0.0 ms]
      [Ref Proc: 0.7 ms]
      [Ref Enq: 0.0 ms]
      [Redirty Cards: 0.8 ms]
      [Humongous Register: 0.0 ms]
      [Humongous Reclaim: 0.0 ms]
      [Free CSet: 0.0 ms]
   [Eden: 11264.0K(11264.0K)->0.0B(49152.0K) Survivors: 2048.0K->2048.0K Heap: 198.8M(267.0M)->187.7M(267.0M)]
 [Times: user=0.00 sys=0.00, real=0.01 secs] 
2020-12-18T12:52:04.326+0530: 437130.897: [GC concurrent-string-deduplication, 528.0B->528.0B(0.0B), avg 59.6%, 0.0000031 secs]
   [Last Exec: 0.0000031 secs, Idle: 0.0661416 secs, Blocked: 0/0.0000000 secs]
      [Inspected:               2]
         [Skipped:              0(  0.0%)]
         [Hashed:               2(100.0%)]
         [Known:                0(  0.0%)]
         [New:                  2(100.0%)    528.0B]
      [Deduplicated:            0(  0.0%)      0.0B(  0.0%)]
         [Young:                0(  0.0%)      0.0B(  0.0%)]
         [Old:                  0(  0.0%)      0.0B(  0.0%)]
   [Total Exec: 1713/0.8738025 secs, Idle: 1713/437129.5281008 secs, Blocked: 133/0.0943544 secs]
      [Inspected:         2939426]
         [Skipped:              0(  0.0%)]
         [Hashed:         1226562( 41.7%)]
         [Known:           191752(  6.5%)]
         [New:            2747674( 93.5%)    213.8M]
      [Deduplicated:      1924887( 70.1%)    127.5M( 59.6%)]
         [Young:           792345( 41.2%)  61999.0K( 47.5%)]
         [Old:            1132542( 58.8%)  68596.8K( 52.5%)]
   [Table]
      [Memory Usage: 8448.9K]
      [Size: 262144, Min: 1024, Max: 16777216]
      [Entries: 264498, Load: 100.9%, Cached: 8605, Added: 988050, Removed: 723552]
      [Resize Count: 8, Shrink Threshold: 174762(66.7%), Grow Threshold: 524288(200.0%)]
      [Rehash Count: 0, Rehash Threshold: 120, Hash Seed: 0x0]
      [Age Threshold: 3]
   [Queue]
      [Dropped: 0]
[GC concurrent-string-deduplication, deleted 0 entries, 0.0000007 secs]
2020-12-18T12:57:04.492+0530: 437431.062: [GC pause (G1 Evacuation Pause) (young), 0.0071586 secs]
   [Parallel Time: 2.2 ms, GC Workers: 10]
      [GC Worker Start (ms): Min: 437431062.4, Avg: 437431062.6, Max: 437431062.8, Diff: 0.3]
      [Ext Root Scanning (ms): Min: 0.5, Avg: 0.7, Max: 1.5, Diff: 0.9, Sum: 7.5]
      [Update RS (ms): Min: 0.4, Avg: 0.7, Max: 1.0, Diff: 0.7, Sum: 7.4]
         [Processed Buffers: Min: 2, Avg: 5.6, Max: 14, Diff: 12, Sum: 56]
      [Scan RS (ms): Min: 0.0, Avg: 0.0, Max: 0.0, Diff: 0.0, Sum: 0.0]
      [Code Root Scanning (ms): Min: 0.0, Avg: 0.0, Max: 0.1, Diff: 0.1, Sum: 0.1]
      [Object Copy (ms): Min: 0.1, Avg: 0.4, Max: 0.5, Diff: 0.3, Sum: 3.6]
      [Termination (ms): Min: 0.0, Avg: 0.0, Max: 0.0, Diff: 0.0, Sum: 0.0]
         [Termination Attempts: Min: 1, Avg: 1.0, Max: 1, Diff: 0, Sum: 10]
      [GC Worker Other (ms): Min: 0.0, Avg: 0.0, Max: 0.0, Diff: 0.0, Sum: 0.1]
      [GC Worker Total (ms): Min: 1.7, Avg: 1.9, Max: 2.1, Diff: 0.3, Sum: 18.7]
      [GC Worker End (ms): Min: 437431064.5, Avg: 437431064.5, Max: 437431064.5, Diff: 0.0]
   [Code Root Fixup: 0.0 ms]
   [Code Root Purge: 0.0 ms]
   [String Dedup Fixup: 2.5 ms, GC Workers: 10]
      [Queue Fixup (ms): Min: 0.0, Avg: 0.0, Max: 0.0, Diff: 0.0, Sum: 0.0]
      [Table Fixup (ms): Min: 1.7, Avg: 1.8, Max: 1.9, Diff: 0.3, Sum: 17.7]
   [Clear CT: 0.8 ms]
   [Other: 1.7 ms]
      [Choose CSet: 0.0 ms]
      [Ref Proc: 0.7 ms]
      [Ref Enq: 0.0 ms]
      [Redirty Cards: 0.8 ms]
      [Humongous Register: 0.0 ms]
      [Humongous Reclaim: 0.0 ms]
      [Free CSet: 0.1 ms]
   [Eden: 49152.0K(49152.0K)->0.0B(49152.0K) Survivors: 2048.0K->2048.0K Heap: 235.7M(267.0M)->187.9M(267.0M)]
 [Times: user=0.00 sys=0.00, real=0.01 secs] 
2020-12-18T12:57:04.499+0530: 437431.070: [GC concurrent-string-deduplication, 752.0B->600.0B(152.0B), avg 59.6%, 0.0000178 secs]
   [Last Exec: 0.0000178 secs, Idle: 300.1722948 secs, Blocked: 0/0.0000000 secs]
      [Inspected:              61]
         [Skipped:              0(  0.0%)]
         [Hashed:               3(  4.9%)]
         [Known:               56( 91.8%)]
         [New:                  5(  8.2%)    752.0B]
      [Deduplicated:            2( 40.0%)    152.0B( 20.2%)]
         [Young:                2(100.0%)    152.0B(100.0%)]
         [Old:                  0(  0.0%)      0.0B(  0.0%)]
   [Total Exec: 1714/0.8738203 secs, Idle: 1714/437429.7003956 secs, Blocked: 133/0.0943544 secs]
      [Inspected:         2939487]
         [Skipped:              0(  0.0%)]
         [Hashed:         1226565( 41.7%)]
         [Known:           191808(  6.5%)]
         [New:            2747679( 93.5%)    213.8M]
      [Deduplicated:      1924889( 70.1%)    127.5M( 59.6%)]
         [Young:           792347( 41.2%)  61999.2K( 47.5%)]
         [Old:            1132542( 58.8%)  68596.8K( 52.5%)]
   [Table]
      [Memory Usage: 8448.9K]
      [Size: 262144, Min: 1024, Max: 16777216]
      [Entries: 264501, Load: 100.9%, Cached: 8602, Added: 988053, Removed: 723552]
      [Resize Count: 8, Shrink Threshold: 174762(66.7%), Grow Threshold: 524288(200.0%)]
      [Rehash Count: 0, Rehash Threshold: 120, Hash Seed: 0x0]
      [Age Threshold: 3]
   [Queue]
      [Dropped: 0]
[GC concurrent-string-deduplication, deleted 0 entries, 0.0000007 secs]
2020-12-18T13:02:04.679+0530: 437731.250: [GC pause (G1 Evacuation Pause) (young) (initial-mark), 0.0086369 secs]
   [Parallel Time: 3.2 ms, GC Workers: 10]
      [GC Worker Start (ms): Min: 437731250.4, Avg: 437731250.6, Max: 437731250.8, Diff: 0.4]
      [Ext Root Scanning (ms): Min: 1.2, Avg: 1.5, Max: 1.9, Diff: 0.6, Sum: 15.1]
      [Update RS (ms): Min: 0.4, Avg: 0.5, Max: 0.7, Diff: 0.3, Sum: 5.4]
         [Processed Buffers: Min: 1, Avg: 5.2, Max: 14, Diff: 13, Sum: 52]
      [Scan RS (ms): Min: 0.0, Avg: 0.0, Max: 0.0, Diff: 0.0, Sum: 0.0]
      [Code Root Scanning (ms): Min: 0.0, Avg: 0.0, Max: 0.0, Diff: 0.0, Sum: 0.0]
      [Object Copy (ms): Min: 0.2, Avg: 0.3, Max: 0.4, Diff: 0.2, Sum: 2.9]
      [Termination (ms): Min: 0.0, Avg: 0.1, Max: 0.1, Diff: 0.1, Sum: 0.5]
         [Termination Attempts: Min: 1, Avg: 1.9, Max: 3, Diff: 2, Sum: 19]
      [GC Worker Other (ms): Min: 0.0, Avg: 0.0, Max: 0.0, Diff: 0.0, Sum: 0.1]
      [GC Worker Total (ms): Min: 2.3, Avg: 2.4, Max: 2.6, Diff: 0.4, Sum: 24.1]
      [GC Worker End (ms): Min: 437731253.1, Avg: 437731253.1, Max: 437731253.1, Diff: 0.0]
   [Code Root Fixup: 0.0 ms]
   [Code Root Purge: 0.0 ms]
   [String Dedup Fixup: 2.4 ms, GC Workers: 10]
      [Queue Fixup (ms): Min: 0.0, Avg: 0.0, Max: 0.0, Diff: 0.0, Sum: 0.0]
      [Table Fixup (ms): Min: 1.7, Avg: 1.8, Max: 2.0, Diff: 0.3, Sum: 18.0]
   [Clear CT: 0.9 ms]
   [Other: 2.2 ms]
      [Choose CSet: 0.0 ms]
      [Ref Proc: 1.1 ms]
      [Ref Enq: 0.0 ms]
      [Redirty Cards: 0.8 ms]
      [Humongous Register: 0.0 ms]
      [Humongous Reclaim: 0.0 ms]
      [Free CSet: 0.0 ms]
   [Eden: 49152.0K(49152.0K)->0.0B(49152.0K) Survivors: 2048.0K->2048.0K Heap: 235.9M(267.0M)->187.8M(267.0M)]
 [Times: user=0.00 sys=0.00, real=0.01 secs] 
2020-12-18T13:02:04.688+0530: 437731.259: [GC concurrent-root-region-scan-start]
2020-12-18T13:02:04.690+0530: 437731.261: [GC concurrent-root-region-scan-end, 0.0020071 secs]
2020-12-18T13:02:04.690+0530: 437731.261: [GC concurrent-mark-start]
2020-12-18T13:02:04.767+0530: 437731.338: [GC concurrent-mark-end, 0.0768143 secs]
2020-12-18T13:02:04.767+0530: 437731.338: [GC remark 2020-12-18T13:02:04.768+0530: 437731.338: [Finalize Marking, 0.0008186 secs] 2020-12-18T13:02:04.768+0530: 437731.339: [GC ref-proc, 0.0004847 secs] 2020-12-18T13:02:04.769+0530: 437731.340: [Unloading, 0.0200675 secs], 0.0222082 secs]
 [Times: user=0.16 sys=0.00, real=0.02 secs] 
2020-12-18T13:02:04.790+0530: 437731.361: [GC cleanup 191M->191M(267M), 0.0039011 secs]
 [Times: user=0.00 sys=0.00, real=0.00 secs] 
2020-12-18T13:07:13.317+0530: 438039.888: [GC pause (G1 Evacuation Pause) (young), 0.0074395 secs]
   [Parallel Time: 2.3 ms, GC Workers: 10]
      [GC Worker Start (ms): Min: 438039888.4, Avg: 438039888.7, Max: 438039888.9, Diff: 0.5]
      [Ext Root Scanning (ms): Min: 0.4, Avg: 0.7, Max: 1.4, Diff: 1.0, Sum: 6.7]
      [Update RS (ms): Min: 0.1, Avg: 0.6, Max: 0.8, Diff: 0.7, Sum: 5.6]
         [Processed Buffers: Min: 2, Avg: 5.6, Max: 16, Diff: 14, Sum: 56]
      [Scan RS (ms): Min: 0.0, Avg: 0.0, Max: 0.0, Diff: 0.0, Sum: 0.0]
      [Code Root Scanning (ms): Min: 0.0, Avg: 0.0, Max: 0.0, Diff: 0.0, Sum: 0.0]
      [Object Copy (ms): Min: 0.0, Avg: 0.3, Max: 0.4, Diff: 0.4, Sum: 2.6]
      [Termination (ms): Min: 0.0, Avg: 0.1, Max: 0.1, Diff: 0.1, Sum: 0.9]
         [Termination Attempts: Min: 1, Avg: 1.0, Max: 1, Diff: 0, Sum: 10]
      [GC Worker Other (ms): Min: 0.0, Avg: 0.0, Max: 0.0, Diff: 0.0, Sum: 0.1]
      [GC Worker Total (ms): Min: 1.4, Avg: 1.6, Max: 1.8, Diff: 0.5, Sum: 16.0]
      [GC Worker End (ms): Min: 438039890.3, Avg: 438039890.3, Max: 438039890.3, Diff: 0.0]
   [Code Root Fixup: 0.0 ms]
   [Code Root Purge: 0.0 ms]
   [String Dedup Fixup: 2.4 ms, GC Workers: 10]
      [Queue Fixup (ms): Min: 0.0, Avg: 0.0, Max: 0.0, Diff: 0.0, Sum: 0.0]
      [Table Fixup (ms): Min: 1.7, Avg: 1.8, Max: 1.9, Diff: 0.2, Sum: 17.6]
   [Clear CT: 0.8 ms]
   [Other: 2.0 ms]
      [Choose CSet: 0.0 ms]
      [Ref Proc: 1.0 ms]
      [Ref Enq: 0.0 ms]
      [Redirty Cards: 0.8 ms]
      [Humongous Register: 0.0 ms]
      [Humongous Reclaim: 0.0 ms]
      [Free CSet: 0.0 ms]
   [Eden: 49152.0K(49152.0K)->0.0B(51200.0K) Survivors: 2048.0K->1024.0K Heap: 235.8M(267.0M)->187.5M(267.0M)]
 [Times: user=0.00 sys=0.00, real=0.01 secs] 
2020-12-18T13:07:13.325+0530: 438039.896: [GC concurrent-string-deduplication, 264.0B->264.0B(0.0B), avg 59.6%, 0.0000030 secs]
   [Last Exec: 0.0000030 secs, Idle: 608.8261772 secs, Blocked: 0/0.0000000 secs]
      [Inspected:               1]
         [Skipped:              0(  0.0%)]
         [Hashed:               1(100.0%)]
         [Known:                0(  0.0%)]
         [New:                  1(100.0%)    264.0B]
      [Deduplicated:            0(  0.0%)      0.0B(  0.0%)]
         [Young:                0(  0.0%)      0.0B(  0.0%)]
         [Old:                  0(  0.0%)      0.0B(  0.0%)]
   [Total Exec: 1715/0.8738233 secs, Idle: 1715/438038.5265728 secs, Blocked: 133/0.0943544 secs]
      [Inspected:         2939488]
         [Skipped:              0(  0.0%)]
         [Hashed:         1226566( 41.7%)]
         [Known:           191808(  6.5%)]
         [New:            2747680( 93.5%)    213.8M]
      [Deduplicated:      1924889( 70.1%)    127.5M( 59.6%)]
         [Young:           792347( 41.2%)  61999.2K( 47.5%)]
         [Old:            1132542( 58.8%)  68596.8K( 52.5%)]
   [Table]
      [Memory Usage: 8448.9K]
      [Size: 262144, Min: 1024, Max: 16777216]
      [Entries: 264432, Load: 100.9%, Cached: 8671, Added: 988055, Removed: 723623]
      [Resize Count: 8, Shrink Threshold: 174762(66.7%), Grow Threshold: 524288(200.0%)]
      [Rehash Count: 0, Rehash Threshold: 120, Hash Seed: 0x0]
      [Age Threshold: 3]
   [Queue]
      [Dropped: 0]
[GC concurrent-string-deduplication, deleted 0 entries, 0.0000007 secs]
2020-12-18T13:15:49.942+0530: 438556.514: [GC pause (G1 Evacuation Pause) (young), 0.0075476 secs]
   [Parallel Time: 2.6 ms, GC Workers: 10]
      [GC Worker Start (ms): Min: 438556513.7, Avg: 438556514.0, Max: 438556514.1, Diff: 0.3]
      [Ext Root Scanning (ms): Min: 0.5, Avg: 0.7, Max: 1.9, Diff: 1.4, Sum: 7.1]
      [Update RS (ms): Min: 0.0, Avg: 0.7, Max: 1.1, Diff: 1.1, Sum: 7.3]
         [Processed Buffers: Min: 0, Avg: 6.1, Max: 14, Diff: 14, Sum: 61]
      [Scan RS (ms): Min: 0.0, Avg: 0.0, Max: 0.0, Diff: 0.0, Sum: 0.0]
      [Code Root Scanning (ms): Min: 0.0, Avg: 0.0, Max: 0.0, Diff: 0.0, Sum: 0.0]
      [Object Copy (ms): Min: 0.0, Avg: 0.3, Max: 0.5, Diff: 0.4, Sum: 3.1]
      [Termination (ms): Min: 0.0, Avg: 0.1, Max: 0.1, Diff: 0.1, Sum: 0.9]
         [Termination Attempts: Min: 1, Avg: 1.4, Max: 2, Diff: 1, Sum: 14]
      [GC Worker Other (ms): Min: 0.0, Avg: 0.0, Max: 0.0, Diff: 0.0, Sum: 0.1]
      [GC Worker Total (ms): Min: 1.7, Avg: 1.9, Max: 2.1, Diff: 0.3, Sum: 18.6]
      [GC Worker End (ms): Min: 438556515.8, Avg: 438556515.8, Max: 438556515.8, Diff: 0.0]
   [Code Root Fixup: 0.0 ms]
   [Code Root Purge: 0.0 ms]
   [String Dedup Fixup: 2.4 ms, GC Workers: 10]
      [Queue Fixup (ms): Min: 0.0, Avg: 0.0, Max: 0.0, Diff: 0.0, Sum: 0.0]
      [Table Fixup (ms): Min: 1.9, Avg: 2.0, Max: 2.2, Diff: 0.3, Sum: 19.8]
   [Clear CT: 1.0 ms]
   [Other: 1.4 ms]
      [Choose CSet: 0.0 ms]
      [Ref Proc: 0.6 ms]
      [Ref Enq: 0.0 ms]
      [Redirty Cards: 0.6 ms]
      [Humongous Register: 0.0 ms]
      [Humongous Reclaim: 0.0 ms]
      [Free CSet: 0.0 ms]
   [Eden: 51200.0K(51200.0K)->0.0B(51200.0K) Survivors: 1024.0K->1024.0K Heap: 237.5M(267.0M)->187.5M(267.0M)]
 [Times: user=0.00 sys=0.00, real=0.01 secs] 
2020-12-18T13:15:49.951+0530: 438556.521: [GC concurrent-string-deduplication, 488.0B->464.0B(24.0B), avg 59.6%, 0.0000260 secs]
   [Last Exec: 0.0000260 secs, Idle: 516.6253662 secs, Blocked: 0/0.0000000 secs]
      [Inspected:               4]
         [Skipped:              0(  0.0%)]
         [Hashed:               2( 50.0%)]
         [Known:                1( 25.0%)]
         [New:                  3( 75.0%)    488.0B]
      [Deduplicated:            1( 33.3%)     24.0B(  4.9%)]
         [Young:                1(100.0%)     24.0B(100.0%)]
         [Old:                  0(  0.0%)      0.0B(  0.0%)]
   [Total Exec: 1716/0.8738493 secs, Idle: 1716/438555.1519390 secs, Blocked: 133/0.0943544 secs]
      [Inspected:         2939492]
         [Skipped:              0(  0.0%)]
         [Hashed:         1226568( 41.7%)]
         [Known:           191809(  6.5%)]
         [New:            2747683( 93.5%)    213.8M]
      [Deduplicated:      1924890( 70.1%)    127.5M( 59.6%)]
         [Young:           792348( 41.2%)  61999.2K( 47.5%)]
         [Old:            1132542( 58.8%)  68596.8K( 52.5%)]
   [Table]
      [Memory Usage: 8448.9K]
      [Size: 262144, Min: 1024, Max: 16777216]
      [Entries: 264424, Load: 100.9%, Cached: 8679, Added: 988057, Removed: 723633]
      [Resize Count: 8, Shrink Threshold: 174762(66.7%), Grow Threshold: 524288(200.0%)]
      [Rehash Count: 0, Rehash Threshold: 120, Hash Seed: 0x0]
      [Age Threshold: 3]
   [Queue]
      [Dropped: 0]
[GC concurrent-string-deduplication, deleted 0 entries, 0.0000009 secs]
2020-12-18T13:18:12.035+0530: 438698.605: [GC pause (G1 Evacuation Pause) (young) (initial-mark), 0.0197592 secs]
   [Parallel Time: 11.9 ms, GC Workers: 10]
      [GC Worker Start (ms): Min: 438698605.6, Avg: 438698605.7, Max: 438698605.8, Diff: 0.2]
      [Ext Root Scanning (ms): Min: 1.9, Avg: 2.2, Max: 2.4, Diff: 0.5, Sum: 21.8]
      [Update RS (ms): Min: 0.4, Avg: 0.7, Max: 1.0, Diff: 0.6, Sum: 6.6]
         [Processed Buffers: Min: 2, Avg: 5.8, Max: 13, Diff: 11, Sum: 58]
      [Scan RS (ms): Min: 0.0, Avg: 0.0, Max: 0.0, Diff: 0.0, Sum: 0.0]
      [Code Root Scanning (ms): Min: 0.0, Avg: 0.0, Max: 0.0, Diff: 0.0, Sum: 0.0]
      [Object Copy (ms): Min: 0.3, Avg: 1.5, Max: 9.0, Diff: 8.7, Sum: 14.9]
      [Termination (ms): Min: 0.0, Avg: 7.3, Max: 8.1, Diff: 8.1, Sum: 72.5]
         [Termination Attempts: Min: 1, Avg: 4.3, Max: 7, Diff: 6, Sum: 43]
      [GC Worker Other (ms): Min: 0.0, Avg: 0.0, Max: 0.1, Diff: 0.1, Sum: 0.2]
      [GC Worker Total (ms): Min: 11.5, Avg: 11.6, Max: 11.7, Diff: 0.2, Sum: 116.1]
      [GC Worker End (ms): Min: 438698617.3, Avg: 438698617.3, Max: 438698617.4, Diff: 0.1]
   [Code Root Fixup: 0.0 ms]
   [Code Root Purge: 0.0 ms]
   [String Dedup Fixup: 2.4 ms, GC Workers: 10]
      [Queue Fixup (ms): Min: 0.0, Avg: 0.0, Max: 0.0, Diff: 0.0, Sum: 0.0]
      [Table Fixup (ms): Min: 1.6, Avg: 1.7, Max: 1.9, Diff: 0.3, Sum: 16.9]
   [Clear CT: 0.8 ms]
   [Other: 4.6 ms]
      [Choose CSet: 0.0 ms]
      [Ref Proc: 3.6 ms]
      [Ref Enq: 0.0 ms]
      [Redirty Cards: 0.8 ms]
      [Humongous Register: 0.0 ms]
      [Humongous Reclaim: 0.0 ms]
      [Free CSet: 0.0 ms]
   [Eden: 51200.0K(51200.0K)->0.0B(44032.0K) Survivors: 1024.0K->4096.0K Heap: 237.5M(267.0M)->190.5M(267.0M)]
 [Times: user=0.14 sys=0.01, real=0.02 secs] 
2020-12-18T13:18:12.055+0530: 438698.625: [GC concurrent-string-deduplication, 264.0B->264.0B(0.0B), avg 59.6%, 0.0000040 secs]
   [Last Exec: 0.0000040 secs, Idle: 142.1039989 secs, Blocked: 0/0.0000000 secs]
      [Inspected:               1]
         [Skipped:              0(  0.0%)]
         [Hashed:               1(100.0%)]
         [Known:                0(  0.0%)]
         [New:                  1(100.0%)    264.0B]
      [Deduplicated:            0(  0.0%)      0.0B(  0.0%)]
         [Young:                0(  0.0%)      0.0B(  0.0%)]
         [Old:                  0(  0.0%)      0.0B(  0.0%)]
   [Total Exec: 1717/0.8738533 secs, Idle: 1717/438697.2559379 secs, Blocked: 133/0.0943544 secs]
2020-12-18T13:18:12.055+0530      [Inspected:         2939493]
         [Skipped:              0(  0.0%)]
         [Hashed:         1226569( 41.7%)]
         [Known:           191809(  6.5%)]
         [New:            2747684( 93.5%)    213.8M]
      [Deduplicated:      1924890( 70.1%)    127.5M( 59.6%)]
         [Young:           792348( 41.2%)  61999.2K( 47.5%)]
         [Old:            1132542( 58.8%)  68596.8K( 52.5%)]
: 438698.625: [GC concurrent-root-region-scan-start]
   [Table]
      [Memory Usage: 8448.9K]
      [Size: 262144, Min: 1024, Max: 16777216]
      [Entries: 264380, Load: 100.9%, Cached: 8723, Added: 988062, Removed: 723682]
      [Resize Count: 8, Shrink Threshold: 174762(66.7%), Grow Threshold: 524288(200.0%)]
      [Rehash Count: 0, Rehash Threshold: 120, Hash Seed: 0x0]
      [Age Threshold: 3]
   [Queue]
      [Dropped: 0]
[GC concurrent-string-deduplication, deleted 0 entries, 0.0000006 secs]
2020-12-18T13:18:12.058+0530: 438698.629: [GC concurrent-root-region-scan-end, 0.0034980 secs]
2020-12-18T13:18:12.058+0530: 438698.629: [GC concurrent-mark-start]
2020-12-18T13:18:12.171+0530: 438698.741: [GC concurrent-mark-end, 0.1122946 secs]
2020-12-18T13:18:12.171+0530: 438698.742: [GC remark 2020-12-18T13:18:12.171+0530: 438698.742: [Finalize Marking, 0.0005283 secs] 2020-12-18T13:18:12.172+0530: 438698.742: [GC ref-proc, 0.0005683 secs] 2020-12-18T13:18:12.172+0530: 438698.743: [Unloading, 0.0205438 secs], 0.0225114 secs]
 [Times: user=0.17 sys=0.00, real=0.02 secs] 
2020-12-18T13:18:12.194+0530: 438698.765: [GC cleanup 209M->209M(267M), 0.0023456 secs]
 [Times: user=0.00 sys=0.00, real=0.00 secs] 
2020-12-18T13:20:49.984+0530: 438856.554: [GC pause (G1 Evacuation Pause) (young), 0.0117920 secs]
   [Parallel Time: 3.3 ms, GC Workers: 10]
      [GC Worker Start (ms): Min: 438856554.2, Avg: 438856554.2, Max: 438856554.3, Diff: 0.1]
      [Ext Root Scanning (ms): Min: 0.8, Avg: 1.1, Max: 2.7, Diff: 1.9, Sum: 11.0]
      [Update RS (ms): Min: 0.0, Avg: 0.8, Max: 1.3, Diff: 1.3, Sum: 7.6]
         [Processed Buffers: Min: 0, Avg: 6.4, Max: 18, Diff: 18, Sum: 64]
      [Scan RS (ms): Min: 0.0, Avg: 0.0, Max: 0.0, Diff: 0.0, Sum: 0.0]
      [Code Root Scanning (ms): Min: 0.0, Avg: 0.0, Max: 0.0, Diff: 0.0, Sum: 0.1]
      [Object Copy (ms): Min: 0.0, Avg: 0.6, Max: 0.8, Diff: 0.8, Sum: 6.0]
      [Termination (ms): Min: 0.0, Avg: 0.2, Max: 0.2, Diff: 0.2, Sum: 1.9]
         [Termination Attempts: Min: 1, Avg: 1.0, Max: 1, Diff: 0, Sum: 10]
      [GC Worker Other (ms): Min: 0.0, Avg: 0.0, Max: 0.1, Diff: 0.1, Sum: 0.2]
      [GC Worker Total (ms): Min: 2.6, Avg: 2.7, Max: 2.7, Diff: 0.1, Sum: 26.7]
      [GC Worker End (ms): Min: 438856556.9, Avg: 438856556.9, Max: 438856557.0, Diff: 0.1]
   [Code Root Fixup: 0.0 ms]
   [Code Root Purge: 0.0 ms]
   [String Dedup Fixup: 2.5 ms, GC Workers: 10]
      [Queue Fixup (ms): Min: 0.0, Avg: 0.0, Max: 0.0, Diff: 0.0, Sum: 0.0]
      [Table Fixup (ms): Min: 1.7, Avg: 1.8, Max: 2.0, Diff: 0.3, Sum: 18.5]
   [Clear CT: 0.8 ms]
   [Other: 5.2 ms]
      [Choose CSet: 0.0 ms]
      [Ref Proc: 4.2 ms]
      [Ref Enq: 0.0 ms]
      [Redirty Cards: 0.7 ms]
      [Humongous Register: 0.0 ms]
      [Humongous Reclaim: 0.0 ms]
      [Free CSet: 0.0 ms]
   [Eden: 44032.0K(44032.0K)->0.0B(7168.0K) Survivors: 4096.0K->6144.0K Heap: 233.5M(267.0M)->193.5M(267.0M)]
 [Times: user=0.14 sys=0.00, real=0.01 secs] 
2020-12-18T13:20:49.996+0530: 438856.566: [GC concurrent-string-deduplication, 3184.0B->3088.0B(96.0B), avg 59.6%, 0.0000136 secs]
   [Last Exec: 0.0000136 secs, Idle: 157.9405188 secs, Blocked: 0/0.0000000 secs]
      [Inspected:              24]
         [Skipped:              0(  0.0%)]
         [Hashed:              22( 91.7%)]
         [Known:                0(  0.0%)]
         [New:                 24(100.0%)   3184.0B]
      [Deduplicated:            2(  8.3%)     96.0B(  3.0%)]
         [Young:                0(  0.0%)      0.0B(  0.0%)]
         [Old:                  2(100.0%)     96.0B(100.0%)]
   [Total Exec: 1718/0.8738669 secs, Idle: 1718/438855.1964567 secs, Blocked: 133/0.0943544 secs]
      [Inspected:         2939517]
         [Skipped:              0(  0.0%)]
         [Hashed:         1226591( 41.7%)]
         [Known:           191809(  6.5%)]
         [New:            2747708( 93.5%)    213.8M]
      [Deduplicated:      1924892( 70.1%)    127.5M( 59.6%)]
         [Young:           792348( 41.2%)  61999.2K( 47.5%)]
         [Old:            1132544( 58.8%)  68596.9K( 52.5%)]
   [Table]
      [Memory Usage: 8448.9K]
      [Size: 262144, Min: 1024, Max: 16777216]
      [Entries: 264449, Load: 100.9%, Cached: 8654, Added: 988180, Removed: 723731]
      [Resize Count: 8, Shrink Threshold: 174762(66.7%), Grow Threshold: 524288(200.0%)]
      [Rehash Count: 0, Rehash Threshold: 120, Hash Seed: 0x0]
      [Age Threshold: 3]
   [Queue]
      [Dropped: 0]
[GC concurrent-string-deduplication, deleted 0 entries, 0.0000010 secs]
2020-12-18T13:22:05.305+0530: 438931.876: [GC pause (G1 Evacuation Pause) (mixed), 0.0121656 secs]
   [Parallel Time: 6.8 ms, GC Workers: 10]
      [GC Worker Start (ms): Min: 438931876.1, Avg: 438931876.2, Max: 438931876.2, Diff: 0.1]
      [Ext Root Scanning (ms): Min: 0.8, Avg: 1.1, Max: 1.9, Diff: 1.1, Sum: 10.5]
      [Update RS (ms): Min: 0.0, Avg: 0.7, Max: 1.1, Diff: 1.1, Sum: 7.2]
         [Processed Buffers: Min: 0, Avg: 4.2, Max: 9, Diff: 9, Sum: 42]
      [Scan RS (ms): Min: 0.0, Avg: 0.1, Max: 0.2, Diff: 0.2, Sum: 0.9]
      [Code Root Scanning (ms): Min: 0.0, Avg: 0.0, Max: 0.1, Diff: 0.1, Sum: 0.2]
      [Object Copy (ms): Min: 2.5, Avg: 3.9, Max: 4.8, Diff: 2.3, Sum: 38.7]
      [Termination (ms): Min: 0.0, Avg: 0.8, Max: 2.1, Diff: 2.1, Sum: 8.2]
         [Termination Attempts: Min: 55, Avg: 113.2, Max: 143, Diff: 88, Sum: 1132]
      [GC Worker Other (ms): Min: 0.0, Avg: 0.0, Max: 0.1, Diff: 0.1, Sum: 0.3]
      [GC Worker Total (ms): Min: 6.6, Avg: 6.6, Max: 6.7, Diff: 0.1, Sum: 66.1]
      [GC Worker End (ms): Min: 438931882.8, Avg: 438931882.8, Max: 438931882.9, Diff: 0.1]
   [Code Root Fixup: 0.0 ms]
   [Code Root Purge: 0.0 ms]
   [String Dedup Fixup: 2.9 ms, GC Workers: 10]
      [Queue Fixup (ms): Min: 0.0, Avg: 0.0, Max: 0.0, Diff: 0.0, Sum: 0.0]
      [Table Fixup (ms): Min: 2.2, Avg: 2.3, Max: 2.5, Diff: 0.3, Sum: 22.9]
   [Clear CT: 0.8 ms]
   [Other: 1.7 ms]
      [Choose CSet: 0.0 ms]
      [Ref Proc: 0.6 ms]
      [Ref Enq: 0.0 ms]
      [Redirty Cards: 0.9 ms]
      [Humongous Register: 0.0 ms]
      [Humongous Reclaim: 0.0 ms]
      [Free CSet: 0.0 ms]
   [Eden: 7168.0K(7168.0K)->0.0B(45056.0K) Survivors: 6144.0K->2048.0K Heap: 200.5M(267.0M)->191.8M(267.0M)]
 [Times: user=0.03 sys=0.00, real=0.01 secs] 
2020-12-18T13:22:05.318+0530: 438931.888: [GC concurrent-string-deduplication, 24192.0B->19824.0B(4368.0B), avg 59.6%, 0.0000672 secs]
   [Last Exec: 0.0000672 secs, Idle: 75.3222575 secs, Blocked: 0/0.0000000 secs]
      [Inspected:             235]
         [Skipped:              0(  0.0%)]
         [Hashed:             205( 87.2%)]
         [Known:                4(  1.7%)]
         [New:                231( 98.3%)  24192.0B]
      [Deduplicated:          134( 58.0%)   4368.0B( 18.1%)]
         [Young:               97( 72.4%)   3120.0B( 71.4%)]
         [Old:                 37( 27.6%)   1248.0B( 28.6%)]
   [Total Exec: 1719/0.8739341 secs, Idle: 1719/438930.5187142 secs, Blocked: 133/0.0943544 secs]
      [Inspected:         2939752]
         [Skipped:              0(  0.0%)]
         [Hashed:         1226796( 41.7%)]
         [Known:           191813(  6.5%)]
         [New:            2747939( 93.5%)    213.9M]
      [Deduplicated:      1925026( 70.1%)    127.5M( 59.6%)]
         [Young:           792445( 41.2%)  62002.3K( 47.5%)]
         [Old:            1132581( 58.8%)  68598.1K( 52.5%)]
   [Table]
      [Memory Usage: 8448.9K]
      [Size: 262144, Min: 1024, Max: 16777216]
      [Entries: 264535, Load: 100.9%, Cached: 8568, Added: 988277, Removed: 723742]
      [Resize Count: 8, Shrink Threshold: 174762(66.7%), Grow Threshold: 524288(200.0%)]
      [Rehash Count: 0, Rehash Threshold: 120, Hash Seed: 0x0]
      [Age Threshold: 3]
   [Queue]
      [Dropped: 0]
[GC concurrent-string-deduplication, deleted 0 entries, 0.0000006 secs]
2020-12-18T13:27:05.482+0530: 439232.053: [GC pause (G1 Evacuation Pause) (young), 0.0105509 secs]
   [Parallel Time: 6.0 ms, GC Workers: 10]
      [GC Worker Start (ms): Min: 439232052.8, Avg: 439232053.0, Max: 439232053.1, Diff: 0.4]
      [Ext Root Scanning (ms): Min: 0.5, Avg: 0.7, Max: 1.5, Diff: 1.0, Sum: 7.2]
      [Update RS (ms): Min: 0.7, Avg: 1.6, Max: 4.3, Diff: 3.6, Sum: 16.0]
         [Processed Buffers: Min: 2, Avg: 6.0, Max: 17, Diff: 15, Sum: 60]
      [Scan RS (ms): Min: 0.0, Avg: 0.0, Max: 0.0, Diff: 0.0, Sum: 0.0]
      [Code Root Scanning (ms): Min: 0.0, Avg: 0.0, Max: 0.0, Diff: 0.0, Sum: 0.0]
      [Object Copy (ms): Min: 0.0, Avg: 0.4, Max: 0.5, Diff: 0.5, Sum: 3.8]
      [Termination (ms): Min: 0.0, Avg: 2.4, Max: 2.6, Diff: 2.6, Sum: 23.7]
         [Termination Attempts: Min: 1, Avg: 25.0, Max: 36, Diff: 35, Sum: 250]
      [GC Worker Other (ms): Min: 0.0, Avg: 0.1, Max: 0.1, Diff: 0.1, Sum: 0.6]
      [GC Worker Total (ms): Min: 5.0, Avg: 5.1, Max: 5.3, Diff: 0.4, Sum: 51.4]
      [GC Worker End (ms): Min: 439232058.1, Avg: 439232058.1, Max: 439232058.2, Diff: 0.1]
   [Code Root Fixup: 0.0 ms]
   [Code Root Purge: 0.0 ms]
   [String Dedup Fixup: 2.5 ms, GC Workers: 10]
      [Queue Fixup (ms): Min: 0.0, Avg: 0.0, Max: 0.0, Diff: 0.0, Sum: 0.0]
      [Table Fixup (ms): Min: 1.7, Avg: 1.8, Max: 2.0, Diff: 0.3, Sum: 18.4]
   [Clear CT: 0.7 ms]
   [Other: 1.3 ms]
      [Choose CSet: 0.0 ms]
      [Ref Proc: 0.4 ms]
      [Ref Enq: 0.0 ms]
      [Redirty Cards: 0.7 ms]
      [Humongous Register: 0.0 ms]
      [Humongous Reclaim: 0.0 ms]
      [Free CSet: 0.0 ms]
   [Eden: 45056.0K(45056.0K)->0.0B(43008.0K) Survivors: 2048.0K->3072.0K Heap: 235.8M(267.0M)->192.1M(267.0M)]
 [Times: user=0.13 sys=0.02, real=0.01 secs] 
2020-12-18T13:27:05.493+0530: 439232.064: [GC concurrent-string-deduplication, 67480.0B->20296.0B(47184.0B), avg 59.6%, 0.0002029 secs]
   [Last Exec: 0.0002029 secs, Idle: 300.1749186 secs, Blocked: 0/0.0000000 secs]
      [Inspected:            1183]
         [Skipped:              0(  0.0%)]
         [Hashed:            1043( 88.2%)]
         [Known:              100(  8.5%)]
         [New:               1083( 91.5%)  67480.0B]
      [Deduplicated:          959( 88.6%)  47184.0B( 69.9%)]
         [Young:              959(100.0%)  47184.0B(100.0%)]
         [Old:                  0(  0.0%)      0.0B(  0.0%)]
   [Total Exec: 1720/0.8741370 secs, Idle: 1720/439230.6936328 secs, Blocked: 133/0.0943544 secs]
      [Inspected:         2940935]
         [Skipped:              0(  0.0%)]
         [Hashed:         1227839( 41.7%)]
         [Known:           191913(  6.5%)]
         [New:            2749022( 93.5%)    213.9M]
      [Deduplicated:      1925985( 70.1%)    127.6M( 59.6%)]
         [Young:           793404( 41.2%)  62048.3K( 47.5%)]
         [Old:            1132581( 58.8%)  68598.1K( 52.5%)]
   [Table]
      [Memory Usage: 8448.9K]
      [Size: 262144, Min: 1024, Max: 16777216]
      [Entries: 264659, Load: 101.0%, Cached: 8444, Added: 988401, Removed: 723742]
      [Resize Count: 8, Shrink Threshold: 174762(66.7%), Grow Threshold: 524288(200.0%)]
      [Rehash Count: 0, Rehash Threshold: 120, Hash Seed: 0x0]
      [Age Threshold: 3]
   [Queue]
      [Dropped: 0]
[GC concurrent-string-deduplication, deleted 0 entries, 0.0000006 secs]
2020-12-18T13:32:05.649+0530: 439532.221: [GC pause (G1 Evacuation Pause) (young) (initial-mark), 0.0088750 secs]
   [Parallel Time: 3.9 ms, GC Workers: 10]
      [GC Worker Start (ms): Min: 439532220.9, Avg: 439532221.0, Max: 439532221.1, Diff: 0.2]
      [Ext Root Scanning (ms): Min: 1.7, Avg: 1.9, Max: 2.2, Diff: 0.5, Sum: 18.9]
      [Update RS (ms): Min: 0.5, Avg: 0.6, Max: 0.9, Diff: 0.4, Sum: 5.9]
         [Processed Buffers: Min: 2, Avg: 5.1, Max: 14, Diff: 12, Sum: 51]
      [Scan RS (ms): Min: 0.0, Avg: 0.0, Max: 0.0, Diff: 0.0, Sum: 0.0]
      [Code Root Scanning (ms): Min: 0.0, Avg: 0.0, Max: 0.0, Diff: 0.0, Sum: 0.0]
      [Object Copy (ms): Min: 0.3, Avg: 0.5, Max: 0.6, Diff: 0.2, Sum: 4.6]
      [Termination (ms): Min: 0.0, Avg: 0.0, Max: 0.0, Diff: 0.0, Sum: 0.1]
         [Termination Attempts: Min: 19, Avg: 25.5, Max: 31, Diff: 12, Sum: 255]
      [GC Worker Other (ms): Min: 0.0, Avg: 0.0, Max: 0.0, Diff: 0.0, Sum: 0.2]
      [GC Worker Total (ms): Min: 2.9, Avg: 3.0, Max: 3.1, Diff: 0.2, Sum: 29.7]
      [GC Worker End (ms): Min: 439532224.0, Avg: 439532224.0, Max: 439532224.0, Diff: 0.0]
   [Code Root Fixup: 0.0 ms]
   [Code Root Purge: 0.0 ms]
   [String Dedup Fixup: 2.5 ms, GC Workers: 10]
      [Queue Fixup (ms): Min: 0.0, Avg: 0.0, Max: 0.0, Diff: 0.0, Sum: 0.0]
      [Table Fixup (ms): Min: 1.8, Avg: 1.9, Max: 2.1, Diff: 0.2, Sum: 19.0]
   [Clear CT: 0.8 ms]
   [Other: 1.7 ms]
      [Choose CSet: 0.0 ms]
      [Ref Proc: 0.8 ms]
      [Ref Enq: 0.0 ms]
      [Redirty Cards: 0.7 ms]
      [Humongous Register: 0.0 ms]
      [Humongous Reclaim: 0.0 ms]
      [Free CSet: 0.0 ms]
   [Eden: 43008.0K(43008.0K)->0.0B(45056.0K) Survivors: 3072.0K->2048.0K Heap: 234.1M(267.0M)->191.6M(267.0M)]
 [Times: user=0.16 sys=0.00, real=0.01 secs] 
2020-12-18T13:32:05.658+0530: 439532.230: [GC concurrent-root-region-scan-start]
2020-12-18T13:32:05.660+0530: 439532.231: [GC concurrent-root-region-scan-end, 0.0016907 secs]
2020-12-18T13:32:05.660+0530: 439532.231: [GC concurrent-mark-start]
2020-12-18T13:32:05.745+0530: 439532.316: [GC concurrent-mark-end, 0.0847361 secs]
2020-12-18T13:32:05.745+0530: 439532.317: [GC remark 2020-12-18T13:32:05.745+0530: 439532.317: [Finalize Marking, 0.0006927 secs] 2020-12-18T13:32:05.746+0530: 439532.317: [GC ref-proc, 0.0005436 secs] 2020-12-18T13:32:05.748+0530: 439532.318: [Unloading, 0.0220354 secs], 0.0242559 secs]
 [Times: user=0.31 sys=0.00, real=0.03 secs] 
2020-12-18T13:32:05.770+0530: 439532.341: [GC cleanup 210M->210M(267M), 0.0040364 secs]
 [Times: user=0.00 sys=0.00, real=0.01 secs] 
2020-12-18T13:37:05.856+0530: 439832.427: [GC pause (G1 Evacuation Pause) (young), 0.0070600 secs]
   [Parallel Time: 2.2 ms, GC Workers: 10]
      [GC Worker Start (ms): Min: 439832426.9, Avg: 439832427.1, Max: 439832427.2, Diff: 0.3]
      [Ext Root Scanning (ms): Min: 0.5, Avg: 0.8, Max: 2.0, Diff: 1.5, Sum: 8.1]
      [Update RS (ms): Min: 0.0, Avg: 0.5, Max: 0.9, Diff: 0.9, Sum: 5.4]
         [Processed Buffers: Min: 0, Avg: 5.7, Max: 11, Diff: 11, Sum: 57]
      [Scan RS (ms): Min: 0.0, Avg: 0.0, Max: 0.0, Diff: 0.0, Sum: 0.0]
      [Code Root Scanning (ms): Min: 0.0, Avg: 0.0, Max: 0.0, Diff: 0.0, Sum: 0.0]
      [Object Copy (ms): Min: 0.0, Avg: 0.4, Max: 0.6, Diff: 0.6, Sum: 4.4]
      [Termination (ms): Min: 0.0, Avg: 0.1, Max: 0.1, Diff: 0.1, Sum: 0.6]
         [Termination Attempts: Min: 1, Avg: 11.4, Max: 15, Diff: 14, Sum: 114]
      [GC Worker Other (ms): Min: 0.0, Avg: 0.0, Max: 0.0, Diff: 0.0, Sum: 0.1]
      [GC Worker Total (ms): Min: 1.8, Avg: 1.9, Max: 2.0, Diff: 0.3, Sum: 18.6]
      [GC Worker End (ms): Min: 439832429.0, Avg: 439832429.0, Max: 439832429.0, Diff: 0.0]
   [Code Root Fixup: 0.0 ms]
   [Code Root Purge: 0.0 ms]
   [String Dedup Fixup: 2.4 ms, GC Workers: 10]
      [Queue Fixup (ms): Min: 0.0, Avg: 0.0, Max: 0.0, Diff: 0.0, Sum: 0.0]
      [Table Fixup (ms): Min: 1.7, Avg: 1.8, Max: 1.9, Diff: 0.2, Sum: 18.0]
   [Clear CT: 0.8 ms]
   [Other: 1.7 ms]
      [Choose CSet: 0.0 ms]
      [Ref Proc: 0.9 ms]
      [Ref Enq: 0.0 ms]
      [Redirty Cards: 0.7 ms]
      [Humongous Register: 0.0 ms]
      [Humongous Reclaim: 0.0 ms]
      [Free CSet: 0.0 ms]
   [Eden: 45056.0K(45056.0K)->0.0B(11264.0K) Survivors: 2048.0K->2048.0K Heap: 235.6M(267.0M)->191.8M(267.0M)]
 [Times: user=0.00 sys=0.00, real=0.01 secs] 
2020-12-18T13:37:05.863+0530: 439832.434: [GC concurrent-string-deduplication, 264.0B->264.0B(0.0B), avg 59.6%, 0.0000036 secs]
   [Last Exec: 0.0000036 secs, Idle: 600.3704278 secs, Blocked: 0/0.0000000 secs]
      [Inspected:               1]
         [Skipped:              0(  0.0%)]
         [Hashed:               1(100.0%)]
         [Known:                0(  0.0%)]
         [New:                  1(100.0%)    264.0B]
      [Deduplicated:            0(  0.0%)      0.0B(  0.0%)]
         [Young:                0(  0.0%)      0.0B(  0.0%)]
         [Old:                  0(  0.0%)      0.0B(  0.0%)]
   [Total Exec: 1721/0.8741406 secs, Idle: 1721/439831.0640606 secs, Blocked: 133/0.0943544 secs]
      [Inspected:         2940936]
         [Skipped:              0(  0.0%)]
         [Hashed:         1227840( 41.7%)]
         [Known:           191913(  6.5%)]
         [New:            2749023( 93.5%)    213.9M]
      [Deduplicated:      1925985( 70.1%)    127.6M( 59.6%)]
         [Young:           793404( 41.2%)  62048.3K( 47.5%)]
         [Old:            1132581( 58.8%)  68598.1K( 52.5%)]
   [Table]
      [Memory Usage: 8448.9K]
      [Size: 262144, Min: 1024, Max: 16777216]
      [Entries: 264156, Load: 100.8%, Cached: 8947, Added: 988441, Removed: 724285]
      [Resize Count: 8, Shrink Threshold: 174762(66.7%), Grow Threshold: 524288(200.0%)]
      [Rehash Count: 0, Rehash Threshold: 120, Hash Seed: 0x0]
      [Age Threshold: 3]
   [Queue]
      [Dropped: 0]
[GC concurrent-string-deduplication, deleted 0 entries, 0.0000009 secs]
2020-12-18T13:37:05.882+0530: 439832.453: [GC pause (G1 Evacuation Pause) (mixed), 0.0087462 secs]
   [Parallel Time: 3.9 ms, GC Workers: 10]
      [GC Worker Start (ms): Min: 439832453.1, Avg: 439832453.3, Max: 439832453.4, Diff: 0.3]
      [Ext Root Scanning (ms): Min: 0.5, Avg: 0.8, Max: 1.9, Diff: 1.3, Sum: 7.7]
      [Update RS (ms): Min: 0.0, Avg: 0.3, Max: 0.8, Diff: 0.8, Sum: 3.2]
         [Processed Buffers: Min: 0, Avg: 1.3, Max: 3, Diff: 3, Sum: 13]
      [Scan RS (ms): Min: 0.0, Avg: 0.2, Max: 0.4, Diff: 0.4, Sum: 1.8]
      [Code Root Scanning (ms): Min: 0.0, Avg: 0.0, Max: 0.2, Diff: 0.2, Sum: 0.2]
      [Object Copy (ms): Min: 1.5, Avg: 1.9, Max: 2.0, Diff: 0.6, Sum: 18.7]
      [Termination (ms): Min: 0.0, Avg: 0.0, Max: 0.1, Diff: 0.1, Sum: 0.4]
         [Termination Attempts: Min: 1, Avg: 30.4, Max: 55, Diff: 54, Sum: 304]
      [GC Worker Other (ms): Min: 0.0, Avg: 0.0, Max: 0.0, Diff: 0.0, Sum: 0.1]
      [GC Worker Total (ms): Min: 3.1, Avg: 3.2, Max: 3.4, Diff: 0.3, Sum: 32.0]
      [GC Worker End (ms): Min: 439832456.5, Avg: 439832456.5, Max: 439832456.5, Diff: 0.0]
   [Code Root Fixup: 0.0 ms]
   [Code Root Purge: 0.0 ms]
   [String Dedup Fixup: 2.4 ms, GC Workers: 10]
      [Queue Fixup (ms): Min: 0.0, Avg: 0.0, Max: 0.0, Diff: 0.0, Sum: 0.0]
      [Table Fixup (ms): Min: 1.8, Avg: 1.9, Max: 2.0, Diff: 0.2, Sum: 18.6]
   [Clear CT: 0.8 ms]
   [Other: 1.7 ms]
      [Choose CSet: 0.0 ms]
      [Ref Proc: 0.8 ms]
      [Ref Enq: 0.0 ms]
      [Redirty Cards: 0.7 ms]
      [Humongous Register: 0.0 ms]
      [Humongous Reclaim: 0.0 ms]
      [Free CSet: 0.0 ms]
   [Eden: 11264.0K(11264.0K)->0.0B(48128.0K) Survivors: 2048.0K->1024.0K Heap: 202.8M(267.0M)->189.6M(267.0M)]
 [Times: user=0.00 sys=0.00, real=0.01 secs] 
2020-12-18T13:37:05.891+0530: 439832.462: [GC concurrent-string-deduplication, 264.0B->264.0B(0.0B), avg 59.6%, 0.0000036 secs]
   [Last Exec: 0.0000036 secs, Idle: 0.0278755 secs, Blocked: 0/0.0000000 secs]
      [Inspected:               1]
         [Skipped:              0(  0.0%)]
         [Hashed:               1(100.0%)]
         [Known:                0(  0.0%)]
         [New:                  1(100.0%)    264.0B]
      [Deduplicated:            0(  0.0%)      0.0B(  0.0%)]
         [Young:                0(  0.0%)      0.0B(  0.0%)]
         [Old:                  0(  0.0%)      0.0B(  0.0%)]
   [Total Exec: 1722/0.8741442 secs, Idle: 1722/439831.0919361 secs, Blocked: 133/0.0943544 secs]
      [Inspected:         2940937]
         [Skipped:              0(  0.0%)]
         [Hashed:         1227841( 41.7%)]
         [Known:           191913(  6.5%)]
         [New:            2749024( 93.5%)    213.9M]
      [Deduplicated:      1925985( 70.1%)    127.6M( 59.6%)]
         [Young:           793404( 41.2%)  62048.3K( 47.5%)]
         [Old:            1132581( 58.8%)  68598.1K( 52.5%)]
   [Table]
      [Memory Usage: 8448.9K]
      [Size: 262144, Min: 1024, Max: 16777216]
      [Entries: 264154, Load: 100.8%, Cached: 8949, Added: 988442, Removed: 724288]
      [Resize Count: 8, Shrink Threshold: 174762(66.7%), Grow Threshold: 524288(200.0%)]
      [Rehash Count: 0, Rehash Threshold: 120, Hash Seed: 0x0]
      [Age Threshold: 3]
   [Queue]
      [Dropped: 0]
[GC concurrent-string-deduplication, deleted 0 entries, 0.0000006 secs]
2020-12-18T13:42:06.160+0530: 440132.730: [GC pause (G1 Evacuation Pause) (young), 0.0060962 secs]
   [Parallel Time: 2.6 ms, GC Workers: 10]
      [GC Worker Start (ms): Min: 440132730.6, Avg: 440132730.6, Max: 440132730.7, Diff: 0.1]
      [Ext Root Scanning (ms): Min: 0.9, Avg: 1.0, Max: 1.4, Diff: 0.5, Sum: 10.1]
      [Update RS (ms): Min: 1.0, Avg: 1.1, Max: 1.3, Diff: 0.3, Sum: 10.9]
         [Processed Buffers: Min: 2, Avg: 5.3, Max: 14, Diff: 12, Sum: 53]
      [Scan RS (ms): Min: 0.0, Avg: 0.0, Max: 0.0, Diff: 0.0, Sum: 0.0]
      [Code Root Scanning (ms): Min: 0.0, Avg: 0.0, Max: 0.0, Diff: 0.0, Sum: 0.0]
      [Object Copy (ms): Min: 0.0, Avg: 0.1, Max: 0.2, Diff: 0.2, Sum: 1.2]
      [Termination (ms): Min: 0.0, Avg: 0.2, Max: 0.3, Diff: 0.3, Sum: 1.7]
         [Termination Attempts: Min: 1, Avg: 1.0, Max: 1, Diff: 0, Sum: 10]
      [GC Worker Other (ms): Min: 0.0, Avg: 0.0, Max: 0.0, Diff: 0.0, Sum: 0.1]
      [GC Worker Total (ms): Min: 2.3, Avg: 2.4, Max: 2.4, Diff: 0.1, Sum: 24.0]
      [GC Worker End (ms): Min: 440132733.0, Avg: 440132733.0, Max: 440132733.1, Diff: 0.0]
   [Code Root Fixup: 0.0 ms]
   [Code Root Purge: 0.0 ms]
   [String Dedup Fixup: 2.3 ms, GC Workers: 10]
      [Queue Fixup (ms): Min: 0.0, Avg: 0.0, Max: 0.0, Diff: 0.0, Sum: 0.0]
      [Table Fixup (ms): Min: 2.1, Avg: 2.1, Max: 2.2, Diff: 0.1, Sum: 21.4]
   [Clear CT: 0.5 ms]
   [Other: 0.7 ms]
      [Choose CSet: 0.0 ms]
      [Ref Proc: 0.3 ms]
      [Ref Enq: 0.0 ms]
      [Redirty Cards: 0.2 ms]
      [Humongous Register: 0.0 ms]
      [Humongous Reclaim: 0.0 ms]
      [Free CSet: 0.0 ms]
   [Eden: 48128.0K(48128.0K)->0.0B(48128.0K) Survivors: 1024.0K->1024.0K Heap: 236.6M(267.0M)->189.0M(267.0M)]
 [Times: user=0.00 sys=0.00, real=0.01 secs] 
2020-12-18T13:42:06.166+0530: 440132.737: [GC concurrent-string-deduplication, 264.0B->264.0B(0.0B), avg 59.6%, 0.0000140 secs]
   [Last Exec: 0.0000140 secs, Idle: 300.2747351 secs, Blocked: 0/0.0000000 secs]
      [Inspected:              40]
         [Skipped:              0(  0.0%)]
         [Hashed:               1(  2.5%)]
         [Known:               39( 97.5%)]
         [New:                  1(  2.5%)    264.0B]
      [Deduplicated:            0(  0.0%)      0.0B(  0.0%)]
         [Young:                0(  0.0%)      0.0B(  0.0%)]
         [Old:                  0(  0.0%)      0.0B(  0.0%)]
   [Total Exec: 1723/0.8741582 secs, Idle: 1723/440131.3666712 secs, Blocked: 133/0.0943544 secs]
      [Inspected:         2940977]
         [Skipped:              0(  0.0%)]
         [Hashed:         1227842( 41.7%)]
         [Known:           191952(  6.5%)]
         [New:            2749025( 93.5%)    213.9M]
      [Deduplicated:      1925985( 70.1%)    127.6M( 59.6%)]
         [Young:           793404( 41.2%)  62048.3K( 47.5%)]
         [Old:            1132581( 58.8%)  68598.1K( 52.5%)]
   [Table]
      [Memory Usage: 8448.9K]
      [Size: 262144, Min: 1024, Max: 16777216]
      [Entries: 264165, Load: 100.8%, Cached: 8938, Added: 988453, Removed: 724288]
      [Resize Count: 8, Shrink Threshold: 174762(66.7%), Grow Threshold: 524288(200.0%)]
      [Rehash Count: 0, Rehash Threshold: 120, Hash Seed: 0x0]
      [Age Threshold: 3]
   [Queue]
      [Dropped: 0]
[GC concurrent-string-deduplication, deleted 0 entries, 0.0000007 secs]
2020-12-18T13:47:14.803+0530: 440441.373: [GC pause (G1 Evacuation Pause) (young) (initial-mark), 0.0126364 secs]
   [Parallel Time: 7.0 ms, GC Workers: 10]
      [GC Worker Start (ms): Min: 440441373.9, Avg: 440441374.0, Max: 440441374.2, Diff: 0.3]
      [Ext Root Scanning (ms): Min: 4.1, Avg: 4.5, Max: 4.9, Diff: 0.8, Sum: 45.0]
      [Update RS (ms): Min: 0.4, Avg: 0.6, Max: 1.0, Diff: 0.6, Sum: 5.7]
         [Processed Buffers: Min: 1, Avg: 5.6, Max: 15, Diff: 14, Sum: 56]
      [Scan RS (ms): Min: 0.0, Avg: 0.0, Max: 0.0, Diff: 0.0, Sum: 0.0]
      [Code Root Scanning (ms): Min: 0.0, Avg: 0.0, Max: 0.0, Diff: 0.0, Sum: 0.0]
      [Object Copy (ms): Min: 0.0, Avg: 0.4, Max: 0.9, Diff: 0.9, Sum: 3.9]
      [Termination (ms): Min: 0.0, Avg: 0.3, Max: 0.4, Diff: 0.4, Sum: 2.7]
         [Termination Attempts: Min: 1, Avg: 3.7, Max: 9, Diff: 8, Sum: 37]
      [GC Worker Other (ms): Min: 0.0, Avg: 0.0, Max: 0.0, Diff: 0.0, Sum: 0.1]
      [GC Worker Total (ms): Min: 5.6, Avg: 5.7, Max: 5.9, Diff: 0.3, Sum: 57.4]
      [GC Worker End (ms): Min: 440441379.8, Avg: 440441379.8, Max: 440441379.8, Diff: 0.0]
   [Code Root Fixup: 0.0 ms]
   [Code Root Purge: 0.0 ms]
   [String Dedup Fixup: 3.2 ms, GC Workers: 10]
      [Queue Fixup (ms): Min: 0.0, Avg: 0.0, Max: 0.0, Diff: 0.0, Sum: 0.0]
      [Table Fixup (ms): Min: 1.8, Avg: 2.9, Max: 3.1, Diff: 1.3, Sum: 28.9]
   [Clear CT: 1.0 ms]
   [Other: 1.4 ms]
      [Choose CSet: 0.0 ms]
      [Ref Proc: 0.4 ms]
      [Ref Enq: 0.0 ms]
      [Redirty Cards: 0.6 ms]
      [Humongous Register: 0.0 ms]
      [Humongous Reclaim: 0.0 ms]
      [Free CSet: 0.0 ms]
   [Eden: 48128.0K(48128.0K)->0.0B(48128.0K) Survivors: 1024.0K->1024.0K Heap: 236.0M(267.0M)->189.0M(267.0M)]
 [Times: user=0.16 sys=0.00, real=0.01 secs] 
2020-12-18T13:47:14.815+0530: 440441.386: [GC concurrent-root-region-scan-start]
2020-12-18T13:47:14.818+0530: 440441.389: [GC concurrent-root-region-scan-end, 0.0024244 secs]
2020-12-18T13:47:14.818+0530: 440441.389: [GC concurrent-mark-start]
2020-12-18T13:47:14.932+0530: 440441.503: [GC concurrent-mark-end, 0.1145144 secs]
2020-12-18T13:47:14.933+0530: 440441.504: [GC remark 2020-12-18T13:47:14.933+0530: 440441.504: [Finalize Marking, 0.0005165 secs] 2020-12-18T13:47:14.934+0530: 440441.505: [GC ref-proc, 0.0009744 secs] 2020-12-18T13:47:14.935+0530: 440441.506: [Unloading, 0.0314311 secs], 0.0336820 secs]
 [Times: user=0.30 sys=0.00, real=0.03 secs] 
2020-12-18T13:47:14.967+0530: 440441.538: [GC cleanup 191M->191M(267M), 0.0019679 secs]
 [Times: user=0.16 sys=0.00, real=0.00 secs] 
2020-12-18T13:47:20.973+0530: 440447.544: [GC pause (G1 Evacuation Pause) (young), 0.0069659 secs]
   [Parallel Time: 2.1 ms, GC Workers: 10]
      [GC Worker Start (ms): Min: 440447544.0, Avg: 440447544.1, Max: 440447544.2, Diff: 0.2]
      [Ext Root Scanning (ms): Min: 0.5, Avg: 0.7, Max: 1.4, Diff: 0.8, Sum: 6.9]
      [Update RS (ms): Min: 0.0, Avg: 0.4, Max: 0.6, Diff: 0.6, Sum: 3.5]
         [Processed Buffers: Min: 0, Avg: 4.6, Max: 10, Diff: 10, Sum: 46]
      [Scan RS (ms): Min: 0.0, Avg: 0.0, Max: 0.0, Diff: 0.0, Sum: 0.0]
      [Code Root Scanning (ms): Min: 0.0, Avg: 0.0, Max: 0.0, Diff: 0.0, Sum: 0.0]
      [Object Copy (ms): Min: 0.0, Avg: 0.3, Max: 0.5, Diff: 0.5, Sum: 2.6]
      [Termination (ms): Min: 0.0, Avg: 0.2, Max: 0.2, Diff: 0.2, Sum: 1.8]
         [Termination Attempts: Min: 1, Avg: 3.0, Max: 5, Diff: 4, Sum: 30]
      [GC Worker Other (ms): Min: 0.0, Avg: 0.0, Max: 0.0, Diff: 0.0, Sum: 0.1]
      [GC Worker Total (ms): Min: 1.4, Avg: 1.5, Max: 1.6, Diff: 0.2, Sum: 14.8]
      [GC Worker End (ms): Min: 440447545.6, Avg: 440447545.6, Max: 440447545.6, Diff: 0.0]
   [Code Root Fixup: 0.0 ms]
   [Code Root Purge: 0.0 ms]
   [String Dedup Fixup: 2.3 ms, GC Workers: 10]
      [Queue Fixup (ms): Min: 0.0, Avg: 0.0, Max: 0.0, Diff: 0.0, Sum: 0.0]
      [Table Fixup (ms): Min: 1.6, Avg: 1.7, Max: 1.9, Diff: 0.3, Sum: 17.3]
   [Clear CT: 0.8 ms]
   [Other: 1.8 ms]
      [Choose CSet: 0.0 ms]
      [Ref Proc: 0.7 ms]
      [Ref Enq: 0.0 ms]
      [Redirty Cards: 0.7 ms]
      [Humongous Register: 0.0 ms]
      [Humongous Reclaim: 0.1 ms]
      [Free CSet: 0.0 ms]
   [Eden: 48128.0K(48128.0K)->0.0B(12288.0K) Survivors: 1024.0K->1024.0K Heap: 237.0M(267.0M)->189.4M(267.0M)]
 [Times: user=0.00 sys=0.00, real=0.01 secs] 
2020-12-18T13:47:20.981+0530: 440447.551: [GC concurrent-string-deduplication, 264.0B->264.0B(0.0B), avg 59.6%, 0.0000088 secs]
   [Last Exec: 0.0000088 secs, Idle: 314.8142641 secs, Blocked: 0/0.0000000 secs]
      [Inspected:              13]
         [Skipped:              0(  0.0%)]
         [Hashed:               1(  7.7%)]
         [Known:               12( 92.3%)]
         [New:                  1(  7.7%)    264.0B]
      [Deduplicated:            0(  0.0%)      0.0B(  0.0%)]
         [Young:                0(  0.0%)      0.0B(  0.0%)]
         [Old:                  0(  0.0%)      0.0B(  0.0%)]
   [Total Exec: 1724/0.8741670 secs, Idle: 1724/440446.1809353 secs, Blocked: 133/0.0943544 secs]
      [Inspected:         2940990]
         [Skipped:              0(  0.0%)]
         [Hashed:         1227843( 41.7%)]
         [Known:           191964(  6.5%)]
         [New:            2749026( 93.5%)    213.9M]
      [Deduplicated:      1925985( 70.1%)    127.6M( 59.6%)]
         [Young:           793404( 41.2%)  62048.3K( 47.5%)]
         [Old:            1132581( 58.8%)  68598.1K( 52.5%)]
   [Table]
      [Memory Usage: 8448.9K]
      [Size: 262144, Min: 1024, Max: 16777216]
      [Entries: 264082, Load: 100.7%, Cached: 9021, Added: 988686, Removed: 724604]
      [Resize Count: 8, Shrink Threshold: 174762(66.7%), Grow Threshold: 524288(200.0%)]
      [Rehash Count: 0, Rehash Threshold: 120, Hash Seed: 0x0]
      [Age Threshold: 3]
   [Queue]
      [Dropped: 0]
[GC concurrent-string-deduplication, deleted 0 entries, 0.0000008 secs]
2020-12-18T13:47:21.143+0530: 440447.713: [GC pause (G1 Evacuation Pause) (mixed), 0.0084511 secs]
   [Parallel Time: 3.6 ms, GC Workers: 10]
      [GC Worker Start (ms): Min: 440447713.1, Avg: 440447713.3, Max: 440447713.4, Diff: 0.2]
      [Ext Root Scanning (ms): Min: 0.8, Avg: 1.0, Max: 2.0, Diff: 1.1, Sum: 10.4]
      [Update RS (ms): Min: 0.0, Avg: 0.4, Max: 0.7, Diff: 0.7, Sum: 4.0]
         [Processed Buffers: Min: 0, Avg: 2.3, Max: 5, Diff: 5, Sum: 23]
      [Scan RS (ms): Min: 0.0, Avg: 0.3, Max: 0.7, Diff: 0.7, Sum: 2.6]
      [Code Root Scanning (ms): Min: 0.0, Avg: 0.0, Max: 0.1, Diff: 0.1, Sum: 0.1]
      [Object Copy (ms): Min: 1.2, Avg: 1.5, Max: 1.7, Diff: 0.6, Sum: 14.9]
      [Termination (ms): Min: 0.0, Avg: 0.1, Max: 0.2, Diff: 0.2, Sum: 1.5]
         [Termination Attempts: Min: 1, Avg: 1.3, Max: 2, Diff: 1, Sum: 13]
      [GC Worker Other (ms): Min: 0.0, Avg: 0.0, Max: 0.0, Diff: 0.0, Sum: 0.1]
      [GC Worker Total (ms): Min: 3.3, Avg: 3.4, Max: 3.5, Diff: 0.2, Sum: 33.6]
      [GC Worker End (ms): Min: 440447716.6, Avg: 440447716.7, Max: 440447716.7, Diff: 0.0]
   [Code Root Fixup: 0.0 ms]
   [Code Root Purge: 0.0 ms]
   [String Dedup Fixup: 2.5 ms, GC Workers: 10]
      [Queue Fixup (ms): Min: 0.0, Avg: 0.0, Max: 0.0, Diff: 0.0, Sum: 0.0]
      [Table Fixup (ms): Min: 1.9, Avg: 2.1, Max: 2.2, Diff: 0.3, Sum: 20.6]
   [Clear CT: 0.6 ms]
   [Other: 1.7 ms]
      [Choose CSet: 0.0 ms]
      [Ref Proc: 0.9 ms]
      [Ref Enq: 0.0 ms]
      [Redirty Cards: 0.6 ms]
      [Humongous Register: 0.0 ms]
      [Humongous Reclaim: 0.0 ms]
      [Free CSet: 0.1 ms]
   [Eden: 12288.0K(12288.0K)->0.0B(48128.0K) Survivors: 1024.0K->2048.0K Heap: 201.4M(267.0M)->188.4M(267.0M)]
 [Times: user=0.00 sys=0.00, real=0.01 secs] 
2020-12-18T13:47:21.151+0530: 440447.722: [GC concurrent-string-deduplication, 712.0B->296.0B(416.0B), avg 59.6%, 0.0000218 secs]
   [Last Exec: 0.0000218 secs, Idle: 0.1705058 secs, Blocked: 0/0.0000000 secs]
      [Inspected:              57]
         [Skipped:              0(  0.0%)]
         [Hashed:               4(  7.0%)]
         [Known:               48( 84.2%)]
         [New:                  9( 15.8%)    712.0B]
      [Deduplicated:            7( 77.8%)    416.0B( 58.4%)]
         [Young:                7(100.0%)    416.0B(100.0%)]
         [Old:                  0(  0.0%)      0.0B(  0.0%)]
   [Total Exec: 1725/0.8741888 secs, Idle: 1725/440446.3514411 secs, Blocked: 133/0.0943544 secs]
      [Inspected:         2941047]
         [Skipped:              0(  0.0%)]
         [Hashed:         1227847( 41.7%)]
         [Known:           192012(  6.5%)]
         [New:            2749035( 93.5%)    213.9M]
      [Deduplicated:      1925992( 70.1%)    127.6M( 59.6%)]
         [Young:           793411( 41.2%)  62048.7K( 47.5%)]
         [Old:            1132581( 58.8%)  68598.1K( 52.5%)]
   [Table]
      [Memory Usage: 8448.9K]
      [Size: 262144, Min: 1024, Max: 16777216]
      [Entries: 264129, Load: 100.8%, Cached: 8974, Added: 988743, Removed: 724614]
      [Resize Count: 8, Shrink Threshold: 174762(66.7%), Grow Threshold: 524288(200.0%)]
      [Rehash Count: 0, Rehash Threshold: 120, Hash Seed: 0x0]
      [Age Threshold: 3]
   [Queue]
      [Dropped: 0]
[GC concurrent-string-deduplication, deleted 0 entries, 0.0000009 secs]
2020-12-18T13:47:24.318+0530: 440450.889: [GC pause (G1 Humongous Allocation) (young) (initial-mark), 0.0106429 secs]
   [Parallel Time: 4.4 ms, GC Workers: 10]
      [GC Worker Start (ms): Min: 440450888.8, Avg: 440450889.0, Max: 440450889.1, Diff: 0.3]
      [Ext Root Scanning (ms): Min: 1.5, Avg: 1.7, Max: 2.0, Diff: 0.5, Sum: 17.4]
      [Update RS (ms): Min: 1.1, Avg: 1.3, Max: 1.5, Diff: 0.4, Sum: 12.7]
         [Processed Buffers: Min: 2, Avg: 4.5, Max: 8, Diff: 6, Sum: 45]
      [Scan RS (ms): Min: 0.0, Avg: 0.0, Max: 0.0, Diff: 0.0, Sum: 0.1]
      [Code Root Scanning (ms): Min: 0.0, Avg: 0.0, Max: 0.0, Diff: 0.0, Sum: 0.0]
      [Object Copy (ms): Min: 0.1, Avg: 0.5, Max: 0.8, Diff: 0.6, Sum: 5.4]
      [Termination (ms): Min: 0.0, Avg: 0.0, Max: 0.0, Diff: 0.0, Sum: 0.4]
         [Termination Attempts: Min: 1, Avg: 1.0, Max: 1, Diff: 0, Sum: 10]
      [GC Worker Other (ms): Min: 0.0, Avg: 0.0, Max: 0.1, Diff: 0.1, Sum: 0.3]
      [GC Worker Total (ms): Min: 3.5, Avg: 3.6, Max: 3.9, Diff: 0.3, Sum: 36.4]
      [GC Worker End (ms): Min: 440450892.6, Avg: 440450892.6, Max: 440450892.7, Diff: 0.1]
   [Code Root Fixup: 0.0 ms]
   [Code Root Purge: 0.0 ms]
   [String Dedup Fixup: 3.3 ms, GC Workers: 10]
      [Queue Fixup (ms): Min: 0.0, Avg: 0.0, Max: 0.0, Diff: 0.0, Sum: 0.0]
      [Table Fixup (ms): Min: 2.9, Avg: 3.1, Max: 3.2, Diff: 0.3, Sum: 30.9]
   [Clear CT: 0.9 ms]
   [Other: 1.9 ms]
      [Choose CSet: 0.0 ms]
      [Ref Proc: 1.2 ms]
      [Ref Enq: 0.0 ms]
      [Redirty Cards: 0.6 ms]
      [Humongous Register: 0.0 ms]
      [Humongous Reclaim: 0.0 ms]
      [Free CSet: 0.0 ms]
   [Eden: 39936.0K(48128.0K)->0.0B(46080.0K) Survivors: 2048.0K->3072.0K Heap: 227.0M(267.0M)->189.4M(267.0M)]
 [Times: user=0.00 sys=0.02, real=0.01 secs] 
2020-12-18T13:47:24.329+0530: 440450.900: [GC concurrent-root-region-scan-start]
2020-12-18T13:47:24.329+0530: 440450.900: [GC concurrent-string-deduplication, 24368.0B->8856.0B(15512.0B), avg 59.6%, 0.0003039 secs]
   [Last Exec: 0.0003039 secs, Idle: 3.1777620 secs, Blocked: 0/0.0000000 secs]
      [Inspected:             401]
         [Skipped:              0(  0.0%)]
         [Hashed:             103( 25.7%)]
         [Known:              216( 53.9%)]
         [New:                185( 46.1%)  24368.0B]
      [Deduplicated:          134( 72.4%)  15512.0B( 63.7%)]
         [Young:              134(100.0%)  15512.0B(100.0%)]
         [Old:                  0(  0.0%)      0.0B(  0.0%)]
   [Total Exec: 1726/0.8744927 secs, Idle: 1726/440449.5292031 secs, Blocked: 133/0.0943544 secs]
      [Inspected:         2941448]
         [Skipped:              0(  0.0%)]
         [Hashed:         1227950( 41.7%)]
         [Known:           192228(  6.5%)]
         [New:            2749220( 93.5%)    213.9M]
      [Deduplicated:      1926126( 70.1%)    127.6M( 59.6%)]
         [Young:           793545( 41.2%)  62063.9K( 47.5%)]
         [Old:            1132581( 58.8%)  68598.1K( 52.5%)]
   [Table]
      [Memory Usage: 8448.9K]
      [Size: 262144, Min: 1024, Max: 16777216]
      [Entries: 264294, Load: 100.8%, Cached: 8809, Added: 988908, Removed: 724614]
      [Resize Count: 8, Shrink Threshold: 174762(66.7%), Grow Threshold: 524288(200.0%)]
      [Rehash Count: 0, Rehash Threshold: 120, Hash Seed: 0x0]
      [Age Threshold: 3]
   [Queue]
      [Dropped: 0]
[GC concurrent-string-deduplication, deleted 0 entries, 0.0000027 secs]
2020-12-18T13:47:24.332+0530: 440450.902: [GC concurrent-root-region-scan-end, 0.0023990 secs]
2020-12-18T13:47:24.332+0530: 440450.902: [GC concurrent-mark-start]
2020-12-18T13:47:24.420+0530: 440450.990: [GC concurrent-mark-end, 0.0882676 secs]
2020-12-18T13:47:24.420+0530: 440450.991: [GC remark 2020-12-18T13:47:24.420+0530: 440450.991: [Finalize Marking, 0.0005637 secs] 2020-12-18T13:47:24.421+0530: 440450.991: [GC ref-proc, 0.0006136 secs] 2020-12-18T13:47:24.422+0530: 440450.992: [Unloading, 0.0214682 secs], 0.0233951 secs]
 [Times: user=0.17 sys=0.00, real=0.02 secs] 
2020-12-18T13:47:24.444+0530: 440451.015: [GC cleanup 193M->193M(267M), 0.0025210 secs]
 [Times: user=0.00 sys=0.00, real=0.00 secs] 
2020-12-18T13:47:49.965+0530: 440476.536: [GC pause (G1 Evacuation Pause) (young), 0.0075569 secs]
   [Parallel Time: 2.4 ms, GC Workers: 10]
      [GC Worker Start (ms): Min: 440476535.9, Avg: 440476536.0, Max: 440476536.1, Diff: 0.1]
      [Ext Root Scanning (ms): Min: 0.6, Avg: 0.8, Max: 1.4, Diff: 0.8, Sum: 7.8]
      [Update RS (ms): Min: 0.0, Avg: 0.6, Max: 1.0, Diff: 1.0, Sum: 6.3]
         [Processed Buffers: Min: 2, Avg: 4.8, Max: 12, Diff: 10, Sum: 48]
      [Scan RS (ms): Min: 0.0, Avg: 0.0, Max: 0.0, Diff: 0.0, Sum: 0.0]
      [Code Root Scanning (ms): Min: 0.0, Avg: 0.0, Max: 0.1, Diff: 0.1, Sum: 0.1]
      [Object Copy (ms): Min: 0.0, Avg: 0.4, Max: 0.5, Diff: 0.4, Sum: 3.5]
      [Termination (ms): Min: 0.0, Avg: 0.1, Max: 0.1, Diff: 0.1, Sum: 0.7]
         [Termination Attempts: Min: 1, Avg: 3.3, Max: 6, Diff: 5, Sum: 33]
      [GC Worker Other (ms): Min: 0.0, Avg: 0.0, Max: 0.0, Diff: 0.0, Sum: 0.1]
      [GC Worker Total (ms): Min: 1.8, Avg: 1.8, Max: 1.9, Diff: 0.1, Sum: 18.4]
      [GC Worker End (ms): Min: 440476537.8, Avg: 440476537.8, Max: 440476537.8, Diff: 0.0]
   [Code Root Fixup: 0.0 ms]
   [Code Root Purge: 0.0 ms]
   [String Dedup Fixup: 2.6 ms, GC Workers: 10]
      [Queue Fixup (ms): Min: 0.0, Avg: 0.0, Max: 0.0, Diff: 0.0, Sum: 0.0]
      [Table Fixup (ms): Min: 1.9, Avg: 2.0, Max: 2.2, Diff: 0.3, Sum: 19.9]
   [Clear CT: 0.8 ms]
   [Other: 1.7 ms]
      [Choose CSet: 0.0 ms]
      [Ref Proc: 0.7 ms]
      [Ref Enq: 0.0 ms]
      [Redirty Cards: 0.9 ms]
      [Humongous Register: 0.0 ms]
      [Humongous Reclaim: 0.0 ms]
      [Free CSet: 0.0 ms]
   [Eden: 46080.0K(46080.0K)->0.0B(11264.0K) Survivors: 3072.0K->2048.0K Heap: 235.0M(267.0M)->188.7M(267.0M)]
 [Times: user=0.05 sys=0.02, real=0.01 secs] 
2020-12-18T13:47:49.973+0530: 440476.544: [GC concurrent-string-deduplication, 6408.0B->5120.0B(1288.0B), avg 59.6%, 0.0000380 secs]
   [Last Exec: 0.0000380 secs, Idle: 25.6437099 secs, Blocked: 0/0.0000000 secs]
      [Inspected:             106]
         [Skipped:              0(  0.0%)]
         [Hashed:              38( 35.8%)]
         [Known:               59( 55.7%)]
         [New:                 47( 44.3%)   6408.0B]
      [Deduplicated:           30( 63.8%)   1288.0B( 20.1%)]
         [Young:               30(100.0%)   1288.0B(100.0%)]
         [Old:                  0(  0.0%)      0.0B(  0.0%)]
   [Total Exec: 1727/0.8745307 secs, Idle: 1727/440475.1729130 secs, Blocked: 133/0.0943544 secs]
      [Inspected:         2941554]
         [Skipped:              0(  0.0%)]
         [Hashed:         1227988( 41.7%)]
         [Known:           192287(  6.5%)]
         [New:            2749267( 93.5%)    214.0M]
      [Deduplicated:      1926156( 70.1%)    127.6M( 59.6%)]
         [Young:           793575( 41.2%)  62065.1K( 47.5%)]
         [Old:            1132581( 58.8%)  68598.1K( 52.5%)]
   [Table]
      [Memory Usage: 8448.9K]
      [Size: 262144, Min: 1024, Max: 16777216]
      [Entries: 264364, Load: 100.8%, Cached: 8739, Added: 989021, Removed: 724657]
      [Resize Count: 8, Shrink Threshold: 174762(66.7%), Grow Threshold: 524288(200.0%)]
      [Rehash Count: 0, Rehash Threshold: 120, Hash Seed: 0x0]
      [Age Threshold: 3]
   [Queue]
      [Dropped: 0]
[GC concurrent-string-deduplication, deleted 0 entries, 0.0000007 secs]
2020-12-18T13:47:50.051+0530: 440476.622: [GC pause (G1 Evacuation Pause) (mixed), 0.0114730 secs]
   [Parallel Time: 5.8 ms, GC Workers: 10]
      [GC Worker Start (ms): Min: 440476622.2, Avg: 440476622.3, Max: 440476622.4, Diff: 0.2]
      [Ext Root Scanning (ms): Min: 0.7, Avg: 0.9, Max: 1.9, Diff: 1.2, Sum: 9.1]
      [Update RS (ms): Min: 0.0, Avg: 0.4, Max: 0.7, Diff: 0.7, Sum: 3.9]
         [Processed Buffers: Min: 0, Avg: 1.4, Max: 4, Diff: 4, Sum: 14]
      [Scan RS (ms): Min: 0.5, Avg: 0.9, Max: 1.1, Diff: 0.6, Sum: 8.9]
      [Code Root Scanning (ms): Min: 0.0, Avg: 0.0, Max: 0.2, Diff: 0.2, Sum: 0.3]
      [Object Copy (ms): Min: 2.7, Avg: 2.8, Max: 3.1, Diff: 0.4, Sum: 28.0]
      [Termination (ms): Min: 0.0, Avg: 0.2, Max: 0.3, Diff: 0.3, Sum: 2.0]
         [Termination Attempts: Min: 1, Avg: 6.0, Max: 13, Diff: 12, Sum: 60]
      [GC Worker Other (ms): Min: 0.0, Avg: 0.0, Max: 0.0, Diff: 0.0, Sum: 0.1]
      [GC Worker Total (ms): Min: 5.1, Avg: 5.2, Max: 5.4, Diff: 0.2, Sum: 52.3]
      [GC Worker End (ms): Min: 440476627.5, Avg: 440476627.5, Max: 440476627.5, Diff: 0.0]
   [Code Root Fixup: 0.0 ms]
   [Code Root Purge: 0.0 ms]
   [String Dedup Fixup: 2.9 ms, GC Workers: 10]
      [Queue Fixup (ms): Min: 0.0, Avg: 0.0, Max: 0.0, Diff: 0.0, Sum: 0.0]
      [Table Fixup (ms): Min: 2.3, Avg: 2.4, Max: 2.5, Diff: 0.2, Sum: 23.7]
   [Clear CT: 0.8 ms]
   [Other: 1.9 ms]
      [Choose CSet: 0.0 ms]
      [Ref Proc: 0.9 ms]
      [Ref Enq: 0.0 ms]
      [Redirty Cards: 0.8 ms]
      [Humongous Register: 0.0 ms]
      [Humongous Reclaim: 0.0 ms]
      [Free CSet: 0.1 ms]
   [Eden: 11264.0K(11264.0K)->0.0B(49152.0K) Survivors: 2048.0K->2048.0K Heap: 199.7M(267.0M)->187.9M(267.0M)]
 [Times: user=0.03 sys=0.00, real=0.01 secs] 
2020-12-18T13:47:50.063+0530: 440476.634: [GC concurrent-string-deduplication, 27312.0B->6816.0B(20496.0B), avg 59.6%, 0.0001264 secs]
   [Last Exec: 0.0001264 secs, Idle: 0.0900611 secs, Blocked: 0/0.0000000 secs]
      [Inspected:             528]
         [Skipped:              0(  0.0%)]
         [Hashed:             361( 68.4%)]
         [Known:              114( 21.6%)]
         [New:                414( 78.4%)  27312.0B]
      [Deduplicated:          375( 90.6%)  20496.0B( 75.0%)]
         [Young:              375(100.0%)  20496.0B(100.0%)]
         [Old:                  0(  0.0%)      0.0B(  0.0%)]
   [Total Exec: 1728/0.8746571 secs, Idle: 1728/440475.2629741 secs, Blocked: 133/0.0943544 secs]
      [Inspected:         2942082]
         [Skipped:              0(  0.0%)]
         [Hashed:         1228349( 41.8%)]
         [Known:           192401(  6.5%)]
         [New:            2749681( 93.5%)    214.0M]
      [Deduplicated:      1926531( 70.1%)    127.6M( 59.6%)]
         [Young:           793950( 41.2%)  62085.2K( 47.5%)]
         [Old:            1132581( 58.8%)  68598.1K( 52.5%)]
   [Table]
      [Memory Usage: 8448.9K]
      [Size: 262144, Min: 1024, Max: 16777216]
      [Entries: 264404, Load: 100.9%, Cached: 8699, Added: 989065, Removed: 724661]
      [Resize Count: 8, Shrink Threshold: 174762(66.7%), Grow Threshold: 524288(200.0%)]
      [Rehash Count: 0, Rehash Threshold: 120, Hash Seed: 0x0]
      [Age Threshold: 3]
   [Queue]
      [Dropped: 0]
[GC concurrent-string-deduplication, deleted 0 entries, 0.0000006 secs]
2020-12-18T13:47:50.112+0530: 440476.683: [GC pause (G1 Humongous Allocation) (young) (initial-mark), 0.0095067 secs]
   [Parallel Time: 4.2 ms, GC Workers: 10]
      [GC Worker Start (ms): Min: 440476683.4, Avg: 440476683.5, Max: 440476683.6, Diff: 0.2]
      [Ext Root Scanning (ms): Min: 1.4, Avg: 1.6, Max: 1.8, Diff: 0.4, Sum: 15.7]
      [Update RS (ms): Min: 1.7, Avg: 2.0, Max: 2.3, Diff: 0.6, Sum: 19.7]
         [Processed Buffers: Min: 3, Avg: 3.7, Max: 5, Diff: 2, Sum: 37]
      [Scan RS (ms): Min: 0.0, Avg: 0.0, Max: 0.0, Diff: 0.0, Sum: 0.0]
      [Code Root Scanning (ms): Min: 0.0, Avg: 0.0, Max: 0.1, Diff: 0.1, Sum: 0.1]
      [Object Copy (ms): Min: 0.2, Avg: 0.5, Max: 0.7, Diff: 0.4, Sum: 4.6]
      [Termination (ms): Min: 0.0, Avg: 0.0, Max: 0.0, Diff: 0.0, Sum: 0.0]
         [Termination Attempts: Min: 1, Avg: 1.7, Max: 2, Diff: 1, Sum: 17]
      [GC Worker Other (ms): Min: 0.0, Avg: 0.0, Max: 0.0, Diff: 0.0, Sum: 0.1]
      [GC Worker Total (ms): Min: 3.9, Avg: 4.0, Max: 4.1, Diff: 0.2, Sum: 40.2]
      [GC Worker End (ms): Min: 440476687.5, Avg: 440476687.5, Max: 440476687.5, Diff: 0.0]
   [Code Root Fixup: 0.0 ms]
   [Code Root Purge: 0.0 ms]
   [String Dedup Fixup: 3.3 ms, GC Workers: 10]
      [Queue Fixup (ms): Min: 0.0, Avg: 0.0, Max: 0.0, Diff: 0.0, Sum: 0.0]
      [Table Fixup (ms): Min: 2.9, Avg: 3.0, Max: 3.0, Diff: 0.1, Sum: 29.9]
   [Clear CT: 0.7 ms]
   [Other: 1.2 ms]
      [Choose CSet: 0.0 ms]
      [Ref Proc: 0.3 ms]
      [Ref Enq: 0.0 ms]
      [Redirty Cards: 0.8 ms]
      [Humongous Register: 0.0 ms]
      [Humongous Reclaim: 0.0 ms]
      [Free CSet: 0.0 ms]
   [Eden: 11264.0K(49152.0K)->0.0B(47104.0K) Survivors: 2048.0K->3072.0K Heap: 198.3M(267.0M)->188.6M(267.0M)]
 [Times: user=0.00 sys=0.00, real=0.01 secs] 
2020-12-18T13:47:50.122+0530: 440476.693: [GC concurrent-root-region-scan-start]
2020-12-18T13:47:50.122+0530: 440476.693: [GC concurrent-string-deduplication, 9712.0B->5080.0B(4632.0B), avg 59.6%, 0.0001028 secs]
   [Last Exec: 0.0001028 secs, Idle: 0.0590350 secs, Blocked: 0/0.0000000 secs]
      [Inspected:             208]
         [Skipped:              0(  0.0%)]
         [Hashed:              65( 31.3%)]
         [Known:              105( 50.5%)]
         [New:                103( 49.5%)   9712.0B]
      [Deduplicated:           64( 62.1%)   4632.0B( 47.7%)]
         [Young:               64(100.0%)   4632.0B(100.0%)]
         [Old:                  0(  0.0%)      0.0B(  0.0%)]
   [Total Exec: 1729/0.8747599 secs, Idle: 1729/440475.3220091 secs, Blocked: 133/0.0943544 secs]
      [Inspected:         2942290]
         [Skipped:              0(  0.0%)]
         [Hashed:         1228414( 41.8%)]
         [Known:           192506(  6.5%)]
         [New:            2749784( 93.5%)    214.0M]
      [Deduplicated:      1926595( 70.1%)    127.6M( 59.6%)]
         [Young:           794014( 41.2%)  62089.7K( 47.5%)]
         [Old:            1132581( 58.8%)  68598.1K( 52.5%)]
   [Table]
      [Memory Usage: 8448.9K]
      [Size: 262144, Min: 1024, Max: 16777216]
      [Entries: 264492, Load: 100.9%, Cached: 8611, Added: 989173, Removed: 724681]
      [Resize Count: 8, Shrink Threshold: 174762(66.7%), Grow Threshold: 524288(200.0%)]
      [Rehash Count: 0, Rehash Threshold: 120, Hash Seed: 0x0]
      [Age Threshold: 3]
   [Queue]
      [Dropped: 0]
[GC concurrent-string-deduplication, deleted 0 entries, 0.0000010 secs]
2020-12-18T13:47:50.124+0530: 440476.695: [GC concurrent-root-region-scan-end, 0.0023610 secs]
2020-12-18T13:47:50.124+0530: 440476.695: [GC concurrent-mark-start]
2020-12-18T13:47:50.223+0530: 440476.794: [GC concurrent-mark-end, 0.0991426 secs]
2020-12-18T13:47:50.224+0530: 440476.795: [GC remark 2020-12-18T13:47:50.224+0530: 440476.795: [Finalize Marking, 0.0003689 secs] 2020-12-18T13:47:50.224+0530: 440476.795: [GC ref-proc, 0.0004847 secs] 2020-12-18T13:47:50.225+0530: 440476.796: [Unloading, 0.0216584 secs], 0.0233125 secs]
 [Times: user=0.16 sys=0.00, real=0.02 secs] 
2020-12-18T13:47:50.247+0530: 440476.819: [GC cleanup 194M->194M(267M), 0.0020894 secs]
 [Times: user=0.01 sys=0.00, real=0.00 secs] 
2020-12-18T13:47:59.479+0530: 440486.050: [GC pause (G1 Evacuation Pause) (young), 0.0088873 secs]
   [Parallel Time: 3.6 ms, GC Workers: 10]
      [GC Worker Start (ms): Min: 440486050.1, Avg: 440486050.2, Max: 440486050.3, Diff: 0.3]
      [Ext Root Scanning (ms): Min: 1.0, Avg: 1.2, Max: 2.0, Diff: 1.1, Sum: 11.7]
      [Update RS (ms): Min: 0.0, Avg: 0.7, Max: 1.0, Diff: 1.0, Sum: 7.2]
         [Processed Buffers: Min: 0, Avg: 3.5, Max: 10, Diff: 10, Sum: 35]
      [Scan RS (ms): Min: 0.0, Avg: 0.0, Max: 0.0, Diff: 0.0, Sum: 0.1]
      [Code Root Scanning (ms): Min: 0.0, Avg: 0.0, Max: 0.1, Diff: 0.1, Sum: 0.1]
      [Object Copy (ms): Min: 0.6, Avg: 0.7, Max: 0.9, Diff: 0.4, Sum: 7.2]
      [Termination (ms): Min: 0.0, Avg: 0.0, Max: 0.0, Diff: 0.0, Sum: 0.4]
         [Termination Attempts: Min: 1, Avg: 1.2, Max: 2, Diff: 1, Sum: 12]
      [GC Worker Other (ms): Min: 0.0, Avg: 0.0, Max: 0.1, Diff: 0.1, Sum: 0.3]
      [GC Worker Total (ms): Min: 2.6, Avg: 2.7, Max: 2.8, Diff: 0.3, Sum: 26.8]
      [GC Worker End (ms): Min: 440486052.9, Avg: 440486052.9, Max: 440486053.0, Diff: 0.1]
   [Code Root Fixup: 0.0 ms]
   [Code Root Purge: 0.0 ms]
   [String Dedup Fixup: 2.4 ms, GC Workers: 10]
      [Queue Fixup (ms): Min: 0.0, Avg: 0.0, Max: 0.0, Diff: 0.0, Sum: 0.0]
      [Table Fixup (ms): Min: 1.9, Avg: 2.0, Max: 2.2, Diff: 0.3, Sum: 20.1]
   [Clear CT: 1.1 ms]
   [Other: 1.7 ms]
      [Choose CSet: 0.0 ms]
      [Ref Proc: 0.7 ms]
      [Ref Enq: 0.0 ms]
      [Redirty Cards: 0.9 ms]
      [Humongous Register: 0.0 ms]
      [Humongous Reclaim: 0.0 ms]
      [Free CSet: 0.0 ms]
   [Eden: 47104.0K(47104.0K)->0.0B(11264.0K) Survivors: 3072.0K->2048.0K Heap: 235.2M(267.0M)->188.1M(267.0M)]
 [Times: user=0.16 sys=0.00, real=0.01 secs] 
2020-12-18T13:47:59.489+0530: 440486.059: [GC concurrent-string-deduplication, 23528.0B->2816.0B(20712.0B), avg 59.6%, 0.0002174 secs]
   [Last Exec: 0.0002174 secs, Idle: 9.3659816 secs, Blocked: 0/0.0000000 secs]
      [Inspected:             485]
         [Skipped:              0(  0.0%)]
         [Hashed:             378( 77.9%)]
         [Known:                6(  1.2%)]
         [New:                479( 98.8%)  23528.0B]
      [Deduplicated:          466( 97.3%)  20712.0B( 88.0%)]
         [Young:              466(100.0%)  20712.0B(100.0%)]
         [Old:                  0(  0.0%)      0.0B(  0.0%)]
   [Total Exec: 1730/0.8749773 secs, Idle: 1730/440484.6879907 secs, Blocked: 133/0.0943544 secs]
      [Inspected:         2942775]
         [Skipped:              0(  0.0%)]
         [Hashed:         1228792( 41.8%)]
         [Known:           192512(  6.5%)]
         [New:            2750263( 93.5%)    214.0M]
      [Deduplicated:      1927061( 70.1%)    127.6M( 59.6%)]
         [Young:           794480( 41.2%)  62109.9K( 47.5%)]
         [Old:            1132581( 58.8%)  68598.1K( 52.5%)]
   [Table]
      [Memory Usage: 8448.9K]
      [Size: 262144, Min: 1024, Max: 16777216]
      [Entries: 264505, Load: 100.9%, Cached: 8598, Added: 989196, Removed: 724691]
      [Resize Count: 8, Shrink Threshold: 174762(66.7%), Grow Threshold: 524288(200.0%)]
      [Rehash Count: 0, Rehash Threshold: 120, Hash Seed: 0x0]
      [Age Threshold: 3]
   [Queue]
      [Dropped: 0]
[GC concurrent-string-deduplication, deleted 0 entries, 0.0000016 secs]
2020-12-18T13:47:59.492+0530: 440486.062: [GC pause (G1 Evacuation Pause) (mixed), 0.0085953 secs]
   [Parallel Time: 3.9 ms, GC Workers: 10]
      [GC Worker Start (ms): Min: 440486062.5, Avg: 440486062.6, Max: 440486062.7, Diff: 0.3]
      [Ext Root Scanning (ms): Min: 0.6, Avg: 0.8, Max: 1.6, Diff: 1.0, Sum: 8.4]
      [Update RS (ms): Min: 0.0, Avg: 0.3, Max: 0.5, Diff: 0.5, Sum: 3.2]
         [Processed Buffers: Min: 0, Avg: 1.4, Max: 3, Diff: 3, Sum: 14]
      [Scan RS (ms): Min: 0.0, Avg: 0.2, Max: 0.4, Diff: 0.3, Sum: 2.5]
      [Code Root Scanning (ms): Min: 0.0, Avg: 0.1, Max: 0.7, Diff: 0.7, Sum: 0.8]
      [Object Copy (ms): Min: 0.3, Avg: 0.9, Max: 1.4, Diff: 1.1, Sum: 9.2]
      [Termination (ms): Min: 0.0, Avg: 0.4, Max: 0.5, Diff: 0.5, Sum: 4.1]
         [Termination Attempts: Min: 1, Avg: 28.1, Max: 44, Diff: 43, Sum: 281]
      [GC Worker Other (ms): Min: 0.0, Avg: 0.0, Max: 0.0, Diff: 0.0, Sum: 0.1]
      [GC Worker Total (ms): Min: 2.7, Avg: 2.8, Max: 3.0, Diff: 0.3, Sum: 28.2]
      [GC Worker End (ms): Min: 440486065.4, Avg: 440486065.4, Max: 440486065.4, Diff: 0.0]
   [Code Root Fixup: 0.0 ms]
   [Code Root Purge: 0.0 ms]
   [String Dedup Fixup: 2.5 ms, GC Workers: 10]
      [Queue Fixup (ms): Min: 0.0, Avg: 0.0, Max: 0.0, Diff: 0.0, Sum: 0.0]
      [Table Fixup (ms): Min: 1.8, Avg: 1.9, Max: 2.1, Diff: 0.3, Sum: 18.8]
   [Clear CT: 0.8 ms]
   [Other: 1.3 ms]
      [Choose CSet: 0.0 ms]
      [Ref Proc: 0.4 ms]
      [Ref Enq: 0.0 ms]
      [Redirty Cards: 0.7 ms]
      [Humongous Register: 0.0 ms]
      [Humongous Reclaim: 0.0 ms]
      [Free CSet: 0.0 ms]
   [Eden: 11264.0K(11264.0K)->0.0B(49152.0K) Survivors: 2048.0K->2048.0K Heap: 199.1M(267.0M)->188.1M(267.0M)]
 [Times: user=0.00 sys=0.00, real=0.01 secs] 
2020-12-18T13:47:59.500+0530: 440486.071: [GC concurrent-string-deduplication, 8120.0B->296.0B(7824.0B), avg 59.6%, 0.0000434 secs]
   [Last Exec: 0.0000434 secs, Idle: 0.0117857 secs, Blocked: 0/0.0000000 secs]
      [Inspected:             201]
         [Skipped:              0(  0.0%)]
         [Hashed:              99( 49.3%)]
         [Known:               69( 34.3%)]
         [New:                132( 65.7%)   8120.0B]
      [Deduplicated:          121( 91.7%)   7824.0B( 96.4%)]
         [Young:              121(100.0%)   7824.0B(100.0%)]
         [Old:                  0(  0.0%)      0.0B(  0.0%)]
   [Total Exec: 1731/0.8750207 secs, Idle: 1731/440484.6997764 secs, Blocked: 133/0.0943544 secs]
      [Inspected:         2942976]
         [Skipped:              0(  0.0%)]
         [Hashed:         1228891( 41.8%)]
         [Known:           192581(  6.5%)]
         [New:            2750395( 93.5%)    214.0M]
      [Deduplicated:      1927182( 70.1%)    127.7M( 59.6%)]
         [Young:           794601( 41.2%)  62117.6K( 47.5%)]
         [Old:            1132581( 58.8%)  68598.1K( 52.5%)]
   [Table]
      [Memory Usage: 8448.9K]
      [Size: 262144, Min: 1024, Max: 16777216]
      [Entries: 264516, Load: 100.9%, Cached: 8587, Added: 989207, Removed: 724691]
      [Resize Count: 8, Shrink Threshold: 174762(66.7%), Grow Threshold: 524288(200.0%)]
      [Rehash Count: 0, Rehash Threshold: 120, Hash Seed: 0x0]
      [Age Threshold: 3]
   [Queue]
      [Dropped: 0]
[GC concurrent-string-deduplication, deleted 0 entries, 0.0000006 secs]
2020-12-18T13:47:59.609+0530: 440486.180: [GC pause (G1 Evacuation Pause) (young), 0.0073624 secs]
   [Parallel Time: 2.6 ms, GC Workers: 10]
      [GC Worker Start (ms): Min: 440486179.8, Avg: 440486180.0, Max: 440486180.1, Diff: 0.3]
      [Ext Root Scanning (ms): Min: 0.5, Avg: 0.7, Max: 1.3, Diff: 0.8, Sum: 7.3]
      [Update RS (ms): Min: 0.6, Avg: 0.8, Max: 1.0, Diff: 0.5, Sum: 8.2]
         [Processed Buffers: Min: 2, Avg: 2.4, Max: 4, Diff: 2, Sum: 24]
      [Scan RS (ms): Min: 0.0, Avg: 0.0, Max: 0.0, Diff: 0.0, Sum: 0.0]
      [Code Root Scanning (ms): Min: 0.0, Avg: 0.0, Max: 0.0, Diff: 0.0, Sum: 0.1]
      [Object Copy (ms): Min: 0.2, Avg: 0.4, Max: 0.5, Diff: 0.3, Sum: 3.6]
      [Termination (ms): Min: 0.0, Avg: 0.0, Max: 0.0, Diff: 0.0, Sum: 0.0]
         [Termination Attempts: Min: 1, Avg: 1.2, Max: 3, Diff: 2, Sum: 12]
      [GC Worker Other (ms): Min: 0.0, Avg: 0.0, Max: 0.1, Diff: 0.1, Sum: 0.2]
      [GC Worker Total (ms): Min: 1.8, Avg: 1.9, Max: 2.2, Diff: 0.4, Sum: 19.4]
      [GC Worker End (ms): Min: 440486181.9, Avg: 440486181.9, Max: 440486182.0, Diff: 0.1]
   [Code Root Fixup: 0.0 ms]
   [Code Root Purge: 0.0 ms]
   [String Dedup Fixup: 2.5 ms, GC Workers: 10]
      [Queue Fixup (ms): Min: 0.0, Avg: 0.0, Max: 0.0, Diff: 0.0, Sum: 0.0]
      [Table Fixup (ms): Min: 1.7, Avg: 1.8, Max: 2.0, Diff: 0.3, Sum: 18.1]
   [Clear CT: 0.8 ms]
   [Other: 1.4 ms]
      [Choose CSet: 0.0 ms]
      [Ref Proc: 0.5 ms]
      [Ref Enq: 0.0 ms]
      [Redirty Cards: 0.8 ms]
      [Humongous Register: 0.0 ms]
      [Humongous Reclaim: 0.0 ms]
      [Free CSet: 0.0 ms]
   [Eden: 49152.0K(49152.0K)->0.0B(49152.0K) Survivors: 2048.0K->2048.0K Heap: 236.1M(267.0M)->187.7M(267.0M)]
 [Times: user=0.16 sys=0.00, real=0.01 secs] 
2020-12-18T13:47:59.617+0530: 440486.187: [GC concurrent-string-deduplication, 13640.0B->10040.0B(3600.0B), avg 59.6%, 0.0000464 secs]
   [Last Exec: 0.0000464 secs, Idle: 0.1160404 secs, Blocked: 0/0.0000000 secs]
      [Inspected:             123]
         [Skipped:              0(  0.0%)]
         [Hashed:              78( 63.4%)]
         [Known:               12(  9.8%)]
         [New:                111( 90.2%)  13640.0B]
      [Deduplicated:           62( 55.9%)   3600.0B( 26.4%)]
         [Young:               62(100.0%)   3600.0B(100.0%)]
         [Old:                  0(  0.0%)      0.0B(  0.0%)]
   [Total Exec: 1732/0.8750671 secs, Idle: 1732/440484.8158168 secs, Blocked: 133/0.0943544 secs]
      [Inspected:         2943099]
         [Skipped:              0(  0.0%)]
         [Hashed:         1228969( 41.8%)]
         [Known:           192593(  6.5%)]
         [New:            2750506( 93.5%)    214.0M]
      [Deduplicated:      1927244( 70.1%)    127.7M( 59.6%)]
         [Young:           794663( 41.2%)  62121.1K( 47.5%)]
         [Old:            1132581( 58.8%)  68598.1K( 52.5%)]
   [Table]
      [Memory Usage: 8448.9K]
      [Size: 262144, Min: 1024, Max: 16777216]
      [Entries: 264577, Load: 100.9%, Cached: 8526, Added: 989269, Removed: 724692]
      [Resize Count: 8, Shrink Threshold: 174762(66.7%), Grow Threshold: 524288(200.0%)]
      [Rehash Count: 0, Rehash Threshold: 120, Hash Seed: 0x0]
      [Age Threshold: 3]
   [Queue]
      [Dropped: 0]
[GC concurrent-string-deduplication, deleted 0 entries, 0.0000006 secs]
2020-12-18T13:47:59.848+0530: 440486.419: [GC pause (G1 Evacuation Pause) (young) (initial-mark), 0.0084107 secs]
   [Parallel Time: 3.3 ms, GC Workers: 10]
      [GC Worker Start (ms): Min: 440486419.3, Avg: 440486419.3, Max: 440486419.4, Diff: 0.2]
      [Ext Root Scanning (ms): Min: 1.9, Avg: 2.1, Max: 2.3, Diff: 0.4, Sum: 20.7]
      [Update RS (ms): Min: 0.1, Avg: 0.3, Max: 0.6, Diff: 0.5, Sum: 3.1]
         [Processed Buffers: Min: 1, Avg: 1.7, Max: 6, Diff: 5, Sum: 17]
      [Scan RS (ms): Min: 0.0, Avg: 0.0, Max: 0.0, Diff: 0.0, Sum: 0.1]
      [Code Root Scanning (ms): Min: 0.0, Avg: 0.0, Max: 0.1, Diff: 0.1, Sum: 0.1]
      [Object Copy (ms): Min: 0.2, Avg: 0.4, Max: 0.7, Diff: 0.4, Sum: 4.4]
      [Termination (ms): Min: 0.0, Avg: 0.0, Max: 0.0, Diff: 0.0, Sum: 0.2]
         [Termination Attempts: Min: 1, Avg: 4.8, Max: 7, Diff: 6, Sum: 48]
      [GC Worker Other (ms): Min: 0.0, Avg: 0.0, Max: 0.0, Diff: 0.0, Sum: 0.2]
      [GC Worker Total (ms): Min: 2.8, Avg: 2.9, Max: 2.9, Diff: 0.2, Sum: 28.9]
      [GC Worker End (ms): Min: 440486422.2, Avg: 440486422.2, Max: 440486422.2, Diff: 0.0]
   [Code Root Fixup: 0.0 ms]
   [Code Root Purge: 0.0 ms]
   [String Dedup Fixup: 3.2 ms, GC Workers: 10]
      [Queue Fixup (ms): Min: 0.0, Avg: 0.0, Max: 0.0, Diff: 0.0, Sum: 0.0]
      [Table Fixup (ms): Min: 3.0, Avg: 3.0, Max: 3.2, Diff: 0.2, Sum: 30.3]
   [Clear CT: 0.6 ms]
   [Other: 1.2 ms]
      [Choose CSet: 0.0 ms]
      [Ref Proc: 0.5 ms]
      [Ref Enq: 0.0 ms]
      [Redirty Cards: 0.4 ms]
      [Humongous Register: 0.0 ms]
      [Humongous Reclaim: 0.0 ms]
      [Free CSet: 0.1 ms]
   [Eden: 49152.0K(49152.0K)->0.0B(49152.0K) Survivors: 2048.0K->2048.0K Heap: 235.7M(267.0M)->187.7M(267.0M)]
 [Times: user=0.00 sys=0.00, real=0.01 secs] 
2020-12-18T13:47:59.857+0530: 440486.428: [GC concurrent-root-region-scan-start]
2020-12-18T13:47:59.860+0530: 440486.431: [GC concurrent-root-region-scan-end, 0.0032641 secs]
2020-12-18T13:47:59.860+0530: 440486.431: [GC concurrent-mark-start]
2020-12-18T13:47:59.960+0530: 440486.531: [GC concurrent-mark-end, 0.1000513 secs]
2020-12-18T13:47:59.961+0530: 440486.532: [GC remark 2020-12-18T13:47:59.961+0530: 440486.532: [Finalize Marking, 0.0003118 secs] 2020-12-18T13:47:59.961+0530: 440486.532: [GC ref-proc, 0.0005155 secs] 2020-12-18T13:47:59.962+0530: 440486.532: [Unloading, 0.0229651 secs], 0.0245105 secs]
 [Times: user=0.20 sys=0.00, real=0.02 secs] 
2020-12-18T13:47:59.986+0530: 440486.557: [GC cleanup 199M->199M(267M), 0.0022077 secs]
 [Times: user=0.00 sys=0.00, real=0.00 secs] 
2020-12-18T13:48:00.596+0530: 440487.168: [GC pause (G1 Evacuation Pause) (young), 0.0089850 secs]
   [Parallel Time: 4.0 ms, GC Workers: 10]
      [GC Worker Start (ms): Min: 440487167.7, Avg: 440487167.8, Max: 440487167.9, Diff: 0.2]
      [Ext Root Scanning (ms): Min: 0.7, Avg: 0.8, Max: 1.7, Diff: 1.0, Sum: 8.3]
      [Update RS (ms): Min: 0.0, Avg: 0.4, Max: 0.5, Diff: 0.5, Sum: 3.6]
         [Processed Buffers: Min: 0, Avg: 2.0, Max: 5, Diff: 5, Sum: 20]
      [Scan RS (ms): Min: 0.0, Avg: 0.0, Max: 0.0, Diff: 0.0, Sum: 0.0]
      [Code Root Scanning (ms): Min: 0.0, Avg: 0.0, Max: 0.1, Diff: 0.1, Sum: 0.1]
      [Object Copy (ms): Min: 1.8, Avg: 2.1, Max: 2.2, Diff: 0.5, Sum: 21.0]
      [Termination (ms): Min: 0.0, Avg: 0.0, Max: 0.0, Diff: 0.0, Sum: 0.0]
         [Termination Attempts: Min: 1, Avg: 1.3, Max: 2, Diff: 1, Sum: 13]
      [GC Worker Other (ms): Min: 0.0, Avg: 0.0, Max: 0.0, Diff: 0.0, Sum: 0.2]
      [GC Worker Total (ms): Min: 3.2, Avg: 3.3, Max: 3.5, Diff: 0.2, Sum: 33.2]
      [GC Worker End (ms): Min: 440487171.1, Avg: 440487171.1, Max: 440487171.1, Diff: 0.0]
   [Code Root Fixup: 0.0 ms]
   [Code Root Purge: 0.0 ms]
   [String Dedup Fixup: 2.5 ms, GC Workers: 10]
      [Queue Fixup (ms): Min: 0.0, Avg: 0.0, Max: 0.0, Diff: 0.0, Sum: 0.0]
      [Table Fixup (ms): Min: 1.8, Avg: 1.9, Max: 2.1, Diff: 0.3, Sum: 18.8]
   [Clear CT: 0.8 ms]
   [Other: 1.7 ms]
      [Choose CSet: 0.0 ms]
      [Ref Proc: 0.7 ms]
      [Ref Enq: 0.0 ms]
      [Redirty Cards: 0.8 ms]
      [Humongous Register: 0.0 ms]
      [Humongous Reclaim: 0.0 ms]
      [Free CSet: 0.0 ms]
   [Eden: 49152.0K(49152.0K)->0.0B(8192.0K) Survivors: 2048.0K->5120.0K Heap: 235.7M(267.0M)->190.5M(267.0M)]
 [Times: user=0.00 sys=0.00, real=0.01 secs] 
2020-12-18T13:48:00.606+0530: 440487.177: [GC concurrent-string-deduplication, 8368.0B->664.0B(7704.0B), avg 59.6%, 0.0000365 secs]
   [Last Exec: 0.0000365 secs, Idle: 0.9893556 secs, Blocked: 0/0.0000000 secs]
      [Inspected:              78]
         [Skipped:              0(  0.0%)]
         [Hashed:              43( 55.1%)]
         [Known:               14( 17.9%)]
         [New:                 64( 82.1%)   8368.0B]
      [Deduplicated:           55( 85.9%)   7704.0B( 92.1%)]
         [Young:               55(100.0%)   7704.0B(100.0%)]
         [Old:                  0(  0.0%)      0.0B(  0.0%)]
   [Total Exec: 1733/0.8751036 secs, Idle: 1733/440485.8051724 secs, Blocked: 133/0.0943544 secs]
      [Inspected:         2943177]
         [Skipped:              0(  0.0%)]
         [Hashed:         1229012( 41.8%)]
         [Known:           192607(  6.5%)]
         [New:            2750570( 93.5%)    214.0M]
      [Deduplicated:      1927299( 70.1%)    127.7M( 59.6%)]
         [Young:           794718( 41.2%)  62128.6K( 47.5%)]
         [Old:            1132581( 58.8%)  68598.1K( 52.5%)]
   [Table]
      [Memory Usage: 8448.9K]
      [Size: 262144, Min: 1024, Max: 16777216]
      [Entries: 264538, Load: 100.9%, Cached: 8565, Added: 989469, Removed: 724931]
      [Resize Count: 8, Shrink Threshold: 174762(66.7%), Grow Threshold: 524288(200.0%)]
      [Rehash Count: 0, Rehash Threshold: 120, Hash Seed: 0x0]
      [Age Threshold: 3]
   [Queue]
      [Dropped: 0]
[GC concurrent-string-deduplication, deleted 0 entries, 0.0000006 secs]
2020-12-18T13:48:00.795+0530: 440487.365: [GC pause (G1 Evacuation Pause) (mixed), 0.0083737 secs]
   [Parallel Time: 3.0 ms, GC Workers: 10]
      [GC Worker Start (ms): Min: 440487365.3, Avg: 440487365.5, Max: 440487365.6, Diff: 0.2]
      [Ext Root Scanning (ms): Min: 0.6, Avg: 0.8, Max: 1.5, Diff: 1.0, Sum: 7.6]
      [Update RS (ms): Min: 0.0, Avg: 0.3, Max: 0.5, Diff: 0.5, Sum: 3.4]
         [Processed Buffers: Min: 0, Avg: 2.3, Max: 8, Diff: 8, Sum: 23]
      [Scan RS (ms): Min: 0.0, Avg: 0.2, Max: 0.3, Diff: 0.2, Sum: 1.7]
      [Code Root Scanning (ms): Min: 0.0, Avg: 0.0, Max: 0.1, Diff: 0.1, Sum: 0.2]
      [Object Copy (ms): Min: 1.1, Avg: 1.2, Max: 1.3, Diff: 0.2, Sum: 11.8]
      [Termination (ms): Min: 0.0, Avg: 0.1, Max: 0.1, Diff: 0.1, Sum: 0.7]
         [Termination Attempts: Min: 1, Avg: 1.2, Max: 2, Diff: 1, Sum: 12]
      [GC Worker Other (ms): Min: 0.0, Avg: 0.0, Max: 0.0, Diff: 0.0, Sum: 0.1]
      [GC Worker Total (ms): Min: 2.5, Avg: 2.6, Max: 2.7, Diff: 0.2, Sum: 25.5]
      [GC Worker End (ms): Min: 440487368.0, Avg: 440487368.0, Max: 440487368.0, Diff: 0.0]
   [Code Root Fixup: 0.0 ms]
   [Code Root Purge: 0.0 ms]
   [String Dedup Fixup: 3.2 ms, GC Workers: 10]
      [Queue Fixup (ms): Min: 0.0, Avg: 0.0, Max: 0.0, Diff: 0.0, Sum: 0.0]
      [Table Fixup (ms): Min: 2.5, Avg: 2.6, Max: 2.8, Diff: 0.2, Sum: 26.1]
   [Clear CT: 0.7 ms]
   [Other: 1.5 ms]
      [Choose CSet: 0.0 ms]
      [Ref Proc: 0.6 ms]
      [Ref Enq: 0.0 ms]
      [Redirty Cards: 0.6 ms]
      [Humongous Register: 0.0 ms]
      [Humongous Reclaim: 0.0 ms]
      [Free CSet: 0.0 ms]
   [Eden: 8192.0K(8192.0K)->0.0B(48128.0K) Survivors: 5120.0K->2048.0K Heap: 199.5M(267.0M)->189.2M(267.0M)]
 [Times: user=0.14 sys=0.01, real=0.01 secs] 
2020-12-18T13:48:00.803+0530: 440487.374: [GC concurrent-string-deduplication, 29376.0B->5128.0B(24248.0B), avg 59.6%, 0.0004169 secs]
   [Last Exec: 0.0004169 secs, Idle: 0.1970199 secs, Blocked: 0/0.0000000 secs]
      [Inspected:             635]
         [Skipped:              0(  0.0%)]
         [Hashed:             257( 40.5%)]
         [Known:              231( 36.4%)]
         [New:                404( 63.6%)  29376.0B]
      [Deduplicated:          377( 93.3%)  24248.0B( 82.5%)]
         [Young:                0(  0.0%)      0.0B(  0.0%)]
         [Old:                377(100.0%)  24248.0B(100.0%)]
   [Total Exec: 1734/0.8755205 secs, Idle: 1734/440486.0021923 secs, Blocked: 133/0.0943544 secs]
      [Inspected:         2943812]
         [Skipped:              0(  0.0%)]
         [Hashed:         1229269( 41.8%)]
         [Known:           192838(  6.6%)]
         [New:            2750974( 93.4%)    214.1M]
      [Deduplicated:      1927676( 70.1%)    127.7M( 59.6%)]
         [Young:           794718( 41.2%)  62128.6K( 47.5%)]
         [Old:            1132958( 58.8%)  68621.8K( 52.5%)]
   [Table]
      [Memory Usage: 8448.9K]
      [Size: 262144, Min: 1024, Max: 16777216]
      [Entries: 264589, Load: 100.9%, Cached: 8514, Added: 989521, Removed: 724932]
      [Resize Count: 8, Shrink Threshold: 174762(66.7%), Grow Threshold: 524288(200.0%)]
      [Rehash Count: 0, Rehash Threshold: 120, Hash Seed: 0x0]
      [Age Threshold: 3]
   [Queue]
      [Dropped: 0]
[GC concurrent-string-deduplication, deleted 0 entries, 0.0000016 secs]
2020-12-18T13:49:12.604+0530: 440559.176: [GC pause (G1 Evacuation Pause) (young), 0.0072948 secs]
   [Parallel Time: 2.8 ms, GC Workers: 10]
      [GC Worker Start (ms): Min: 440559175.8, Avg: 440559176.0, Max: 440559176.1, Diff: 0.3]
      [Ext Root Scanning (ms): Min: 0.6, Avg: 0.8, Max: 1.5, Diff: 0.8, Sum: 8.2]
      [Update RS (ms): Min: 1.0, Avg: 1.4, Max: 1.6, Diff: 0.6, Sum: 13.7]
         [Processed Buffers: Min: 3, Avg: 7.4, Max: 18, Diff: 15, Sum: 74]
      [Scan RS (ms): Min: 0.0, Avg: 0.0, Max: 0.0, Diff: 0.0, Sum: 0.0]
      [Code Root Scanning (ms): Min: 0.0, Avg: 0.0, Max: 0.1, Diff: 0.1, Sum: 0.1]
      [Object Copy (ms): Min: 0.1, Avg: 0.2, Max: 0.3, Diff: 0.2, Sum: 1.6]
      [Termination (ms): Min: 0.0, Avg: 0.1, Max: 0.1, Diff: 0.1, Sum: 0.7]
         [Termination Attempts: Min: 1, Avg: 3.0, Max: 8, Diff: 7, Sum: 30]
      [GC Worker Other (ms): Min: 0.0, Avg: 0.0, Max: 0.0, Diff: 0.0, Sum: 0.1]
      [GC Worker Total (ms): Min: 2.3, Avg: 2.4, Max: 2.6, Diff: 0.3, Sum: 24.4]
      [GC Worker End (ms): Min: 440559178.4, Avg: 440559178.4, Max: 440559178.4, Diff: 0.0]
   [Code Root Fixup: 0.0 ms]
   [Code Root Purge: 0.0 ms]
   [String Dedup Fixup: 2.4 ms, GC Workers: 10]
      [Queue Fixup (ms): Min: 0.0, Avg: 0.0, Max: 0.0, Diff: 0.0, Sum: 0.0]
      [Table Fixup (ms): Min: 1.7, Avg: 1.8, Max: 1.9, Diff: 0.3, Sum: 17.6]
   [Clear CT: 0.8 ms]
   [Other: 1.2 ms]
      [Choose CSet: 0.0 ms]
      [Ref Proc: 0.3 ms]
      [Ref Enq: 0.0 ms]
      [Redirty Cards: 0.8 ms]
      [Humongous Register: 0.0 ms]
      [Humongous Reclaim: 0.0 ms]
      [Free CSet: 0.0 ms]
   [Eden: 48128.0K(48128.0K)->0.0B(49152.0K) Survivors: 2048.0K->1024.0K Heap: 236.2M(267.0M)->188.0M(267.0M)]
 [Times: user=0.16 sys=0.00, real=0.01 secs] 
2020-12-18T13:49:12.843+0530: 440559.414: [GC pause (G1 Evacuation Pause) (young) (initial-mark), 0.0079984 secs]
   [Parallel Time: 3.2 ms, GC Workers: 10]
      [GC Worker Start (ms): Min: 440559414.4, Avg: 440559414.6, Max: 440559414.7, Diff: 0.3]
      [Ext Root Scanning (ms): Min: 1.3, Avg: 1.5, Max: 1.8, Diff: 0.5, Sum: 15.1]
      [Update RS (ms): Min: 0.3, Avg: 0.4, Max: 0.7, Diff: 0.4, Sum: 4.0]
         [Processed Buffers: Min: 1, Avg: 2.3, Max: 8, Diff: 7, Sum: 23]
      [Scan RS (ms): Min: 0.0, Avg: 0.0, Max: 0.0, Diff: 0.0, Sum: 0.0]
      [Code Root Scanning (ms): Min: 0.0, Avg: 0.0, Max: 0.0, Diff: 0.0, Sum: 0.0]
      [Object Copy (ms): Min: 0.0, Avg: 0.2, Max: 0.3, Diff: 0.3, Sum: 1.8]
      [Termination (ms): Min: 0.0, Avg: 0.1, Max: 0.1, Diff: 0.1, Sum: 0.8]
         [Termination Attempts: Min: 1, Avg: 1.1, Max: 2, Diff: 1, Sum: 11]
      [GC Worker Other (ms): Min: 0.0, Avg: 0.0, Max: 0.0, Diff: 0.0, Sum: 0.1]
      [GC Worker Total (ms): Min: 2.1, Avg: 2.2, Max: 2.4, Diff: 0.3, Sum: 21.8]
      [GC Worker End (ms): Min: 440559416.8, Avg: 440559416.8, Max: 440559416.8, Diff: 0.0]
   [Code Root Fixup: 0.0 ms]
   [Code Root Purge: 0.0 ms]
   [String Dedup Fixup: 2.4 ms, GC Workers: 10]
      [Queue Fixup (ms): Min: 0.0, Avg: 0.0, Max: 0.0, Diff: 0.0, Sum: 0.0]
      [Table Fixup (ms): Min: 1.6, Avg: 1.7, Max: 1.9, Diff: 0.3, Sum: 17.4]
   [Clear CT: 0.8 ms]
   [Other: 1.6 ms]
      [Choose CSet: 0.0 ms]
      [Ref Proc: 0.7 ms]
      [Ref Enq: 0.0 ms]
      [Redirty Cards: 0.7 ms]
      [Humongous Register: 0.0 ms]
      [Humongous Reclaim: 0.0 ms]
      [Free CSet: 0.0 ms]
   [Eden: 49152.0K(49152.0K)->0.0B(50176.0K) Survivors: 1024.0K->1024.0K Heap: 236.0M(267.0M)->187.7M(267.0M)]
 [Times: user=0.02 sys=0.00, real=0.01 secs] 
2020-12-18T13:49:12.852+0530: 440559.422: [GC concurrent-root-region-scan-start]
2020-12-18T13:49:12.852+0530: 440559.423: [GC concurrent-string-deduplication, 328.0B->192.0B(136.0B), avg 59.6%, 0.0000247 secs]
   [Last Exec: 0.0000247 secs, Idle: 72.0482066 secs, Blocked: 0/0.0000000 secs]
      [Inspected:              28]
         [Skipped:              0(  0.0%)]
         [Hashed:               2(  7.1%)]
         [Known:               21( 75.0%)]
         [New:                  7( 25.0%)    328.0B]
      [Deduplicated:            4( 57.1%)    136.0B( 41.5%)]
         [Young:                4(100.0%)    136.0B(100.0%)]
         [Old:                  0(  0.0%)      0.0B(  0.0%)]
   [Total Exec: 1735/0.8755452 secs, Idle: 1735/440558.0503989 secs, Blocked: 133/0.0943544 secs]
      [Inspected:         2943840]
         [Skipped:              0(  0.0%)]
         [Hashed:         1229271( 41.8%)]
         [Known:           192859(  6.6%)]
         [New:            2750981( 93.4%)    214.1M]
      [Deduplicated:      1927680( 70.1%)    127.7M( 59.6%)]
         [Young:           794722( 41.2%)  62128.7K( 47.5%)]
         [Old:            1132958( 58.8%)  68621.8K( 52.5%)]
   [Table]
      [Memory Usage: 8448.9K]
      [Size: 262144, Min: 1024, Max: 16777216]
      [Entries: 264665, Load: 101.0%, Cached: 8438, Added: 989597, Removed: 724932]
      [Resize Count: 8, Shrink Threshold: 174762(66.7%), Grow Threshold: 524288(200.0%)]
      [Rehash Count: 0, Rehash Threshold: 120, Hash Seed: 0x0]
      [Age Threshold: 3]
   [Queue]
      [Dropped: 0]
[GC concurrent-string-deduplication, deleted 0 entries, 0.0000008 secs]
2020-12-18T13:49:12.853+0530: 440559.424: [GC concurrent-root-region-scan-end, 0.0017965 secs]
2020-12-18T13:49:12.853+0530: 440559.424: [GC concurrent-mark-start]
2020-12-18T13:49:12.935+0530: 440559.506: [GC concurrent-mark-end, 0.0814837 secs]
2020-12-18T13:49:12.935+0530: 440559.506: [GC remark 2020-12-18T13:49:12.935+0530: 440559.506: [Finalize Marking, 0.0008182 secs] 2020-12-18T13:49:12.936+0530: 440559.507: [GC ref-proc, 0.0005259 secs] 2020-12-18T13:49:12.937+0530: 440559.508: [Unloading, 0.0196038 secs], 0.0219864 secs]
 [Times: user=0.16 sys=0.02, real=0.02 secs] 
2020-12-18T13:49:12.958+0530: 440559.529: [GC cleanup 202M->202M(267M), 0.0038631 secs]
 [Times: user=0.00 sys=0.00, real=0.00 secs] 
2020-12-18T13:49:13.096+0530: 440559.667: [GC pause (G1 Evacuation Pause) (young), 0.0067717 secs]
   [Parallel Time: 1.9 ms, GC Workers: 10]
      [GC Worker Start (ms): Min: 440559667.3, Avg: 440559667.4, Max: 440559667.5, Diff: 0.3]
      [Ext Root Scanning (ms): Min: 0.5, Avg: 0.7, Max: 1.3, Diff: 0.8, Sum: 7.1]
      [Update RS (ms): Min: 0.0, Avg: 0.1, Max: 0.2, Diff: 0.2, Sum: 1.0]
         [Processed Buffers: Min: 0, Avg: 1.4, Max: 3, Diff: 3, Sum: 14]
      [Scan RS (ms): Min: 0.0, Avg: 0.0, Max: 0.0, Diff: 0.0, Sum: 0.1]
      [Code Root Scanning (ms): Min: 0.0, Avg: 0.0, Max: 0.0, Diff: 0.0, Sum: 0.0]
      [Object Copy (ms): Min: 0.0, Avg: 0.1, Max: 0.2, Diff: 0.2, Sum: 1.4]
      [Termination (ms): Min: 0.0, Avg: 0.2, Max: 0.2, Diff: 0.2, Sum: 1.8]
         [Termination Attempts: Min: 1, Avg: 1.0, Max: 1, Diff: 0, Sum: 10]
      [GC Worker Other (ms): Min: 0.0, Avg: 0.0, Max: 0.0, Diff: 0.0, Sum: 0.1]
      [GC Worker Total (ms): Min: 1.1, Avg: 1.2, Max: 1.3, Diff: 0.3, Sum: 11.5]
      [GC Worker End (ms): Min: 440559668.6, Avg: 440559668.6, Max: 440559668.6, Diff: 0.0]
   [Code Root Fixup: 0.0 ms]
   [Code Root Purge: 0.0 ms]
   [String Dedup Fixup: 2.3 ms, GC Workers: 10]
      [Queue Fixup (ms): Min: 0.0, Avg: 0.0, Max: 0.0, Diff: 0.0, Sum: 0.0]
      [Table Fixup (ms): Min: 1.6, Avg: 1.7, Max: 1.9, Diff: 0.3, Sum: 17.3]
   [Clear CT: 0.8 ms]
   [Other: 1.7 ms]
      [Choose CSet: 0.0 ms]
      [Ref Proc: 0.7 ms]
      [Ref Enq: 0.0 ms]
      [Redirty Cards: 0.8 ms]
      [Humongous Register: 0.0 ms]
      [Humongous Reclaim: 0.0 ms]
      [Free CSet: 0.0 ms]
   [Eden: 50176.0K(50176.0K)->0.0B(12288.0K) Survivors: 1024.0K->1024.0K Heap: 236.7M(267.0M)->187.7M(267.0M)]
 [Times: user=0.00 sys=0.00, real=0.01 secs] 
2020-12-18T13:49:13.103+0530: 440559.674: [GC concurrent-string-deduplication, 20336.0B->13776.0B(6560.0B), avg 59.6%, 0.0000592 secs]
   [Last Exec: 0.0000592 secs, Idle: 0.2515613 secs, Blocked: 0/0.0000000 secs]
      [Inspected:             181]
         [Skipped:              0(  0.0%)]
         [Hashed:              90( 49.7%)]
         [Known:               75( 41.4%)]
         [New:                106( 58.6%)  20336.0B]
      [Deduplicated:           54( 50.9%)   6560.0B( 32.3%)]
         [Young:               54(100.0%)   6560.0B(100.0%)]
         [Old:                  0(  0.0%)      0.0B(  0.0%)]
   [Total Exec: 1736/0.8756044 secs, Idle: 1736/440558.3019602 secs, Blocked: 133/0.0943544 secs]
      [Inspected:         2944021]
         [Skipped:              0(  0.0%)]
         [Hashed:         1229361( 41.8%)]
         [Known:           192934(  6.6%)]
         [New:            2751087( 93.4%)    214.1M]
      [Deduplicated:      1927734( 70.1%)    127.7M( 59.6%)]
         [Young:           794776( 41.2%)  62135.1K( 47.5%)]
         [Old:            1132958( 58.8%)  68621.8K( 52.5%)]
   [Table]
      [Memory Usage: 8448.9K]
      [Size: 262144, Min: 1024, Max: 16777216]
      [Entries: 264438, Load: 100.9%, Cached: 8665, Added: 989651, Removed: 725213]
      [Resize Count: 8, Shrink Threshold: 174762(66.7%), Grow Threshold: 524288(200.0%)]
      [Rehash Count: 0, Rehash Threshold: 120, Hash Seed: 0x0]
      [Age Threshold: 3]
   [Queue]
      [Dropped: 0]
[GC concurrent-string-deduplication, deleted 0 entries, 0.0000006 secs]
2020-12-18T13:49:13.173+0530: 440559.744: [GC pause (G1 Evacuation Pause) (mixed), 0.0064447 secs]
   [Parallel Time: 2.3 ms, GC Workers: 10]
      [GC Worker Start (ms): Min: 440559744.1, Avg: 440559744.2, Max: 440559744.3, Diff: 0.2]
      [Ext Root Scanning (ms): Min: 0.6, Avg: 0.8, Max: 1.6, Diff: 1.0, Sum: 7.8]
      [Update RS (ms): Min: 0.0, Avg: 0.1, Max: 0.3, Diff: 0.3, Sum: 1.0]
         [Processed Buffers: Min: 0, Avg: 1.3, Max: 3, Diff: 3, Sum: 13]
      [Scan RS (ms): Min: 0.0, Avg: 0.2, Max: 0.3, Diff: 0.3, Sum: 2.0]
      [Code Root Scanning (ms): Min: 0.0, Avg: 0.0, Max: 0.0, Diff: 0.0, Sum: 0.1]
      [Object Copy (ms): Min: 0.2, Avg: 0.5, Max: 0.7, Diff: 0.5, Sum: 5.5]
      [Termination (ms): Min: 0.0, Avg: 0.0, Max: 0.0, Diff: 0.0, Sum: 0.0]
         [Termination Attempts: Min: 1, Avg: 1.0, Max: 1, Diff: 0, Sum: 10]
      [GC Worker Other (ms): Min: 0.0, Avg: 0.0, Max: 0.0, Diff: 0.0, Sum: 0.1]
      [GC Worker Total (ms): Min: 1.5, Avg: 1.6, Max: 1.8, Diff: 0.2, Sum: 16.4]
      [GC Worker End (ms): Min: 440559745.8, Avg: 440559745.8, Max: 440559745.8, Diff: 0.0]
   [Code Root Fixup: 0.0 ms]
   [Code Root Purge: 0.0 ms]
   [String Dedup Fixup: 2.4 ms, GC Workers: 10]
      [Queue Fixup (ms): Min: 0.0, Avg: 0.0, Max: 0.0, Diff: 0.0, Sum: 0.0]
      [Table Fixup (ms): Min: 1.7, Avg: 1.8, Max: 1.9, Diff: 0.2, Sum: 18.2]
   [Clear CT: 0.6 ms]
   [Other: 1.1 ms]
      [Choose CSet: 0.0 ms]
      [Ref Proc: 0.3 ms]
      [Ref Enq: 0.0 ms]
      [Redirty Cards: 0.6 ms]
      [Humongous Register: 0.0 ms]
      [Humongous Reclaim: 0.0 ms]
      [Free CSet: 0.0 ms]
   [Eden: 12288.0K(12288.0K)->0.0B(50176.0K) Survivors: 1024.0K->1024.0K Heap: 199.7M(267.0M)->187.8M(267.0M)]
 [Times: user=0.00 sys=0.00, real=0.01 secs] 
2020-12-18T13:49:13.180+0530: 440559.751: [GC concurrent-string-deduplication, 25960.0B->25960.0B(0.0B), avg 59.6%, 0.0000356 secs]
   [Last Exec: 0.0000356 secs, Idle: 0.0763643 secs, Blocked: 0/0.0000000 secs]
      [Inspected:              59]
         [Skipped:              0(  0.0%)]
         [Hashed:              59(100.0%)]
         [Known:                0(  0.0%)]
         [New:                 59(100.0%)  25960.0B]
      [Deduplicated:            0(  0.0%)      0.0B(  0.0%)]
         [Young:                0(  0.0%)      0.0B(  0.0%)]
         [Old:                  0(  0.0%)      0.0B(  0.0%)]
   [Total Exec: 1737/0.8756400 secs, Idle: 1737/440558.3783245 secs, Blocked: 133/0.0943544 secs]
      [Inspected:         2944080]
         [Skipped:              0(  0.0%)]
         [Hashed:         1229420( 41.8%)]
         [Known:           192934(  6.6%)]
         [New:            2751146( 93.4%)    214.1M]
      [Deduplicated:      1927734( 70.1%)    127.7M( 59.6%)]
         [Young:           794776( 41.2%)  62135.1K( 47.5%)]
         [Old:            1132958( 58.8%)  68621.8K( 52.5%)]
   [Table]
      [Memory Usage: 8448.9K]
      [Size: 262144, Min: 1024, Max: 16777216]
      [Entries: 264505, Load: 100.9%, Cached: 8598, Added: 989718, Removed: 725213]
      [Resize Count: 8, Shrink Threshold: 174762(66.7%), Grow Threshold: 524288(200.0%)]
      [Rehash Count: 0, Rehash Threshold: 120, Hash Seed: 0x0]
      [Age Threshold: 3]
   [Queue]
      [Dropped: 0]
[GC concurrent-string-deduplication, deleted 0 entries, 0.0000007 secs]
2020-12-18T13:49:30.610+0530: 440577.180: [GC pause (G1 Evacuation Pause) (young), 0.0176486 secs]
   [Parallel Time: 12.8 ms, GC Workers: 10]
      [GC Worker Start (ms): Min: 440577180.4, Avg: 440577180.5, Max: 440577180.7, Diff: 0.3]
      [Ext Root Scanning (ms): Min: 0.6, Avg: 1.9, Max: 12.0, Diff: 11.4, Sum: 18.8]
      [Update RS (ms): Min: 0.0, Avg: 0.9, Max: 1.3, Diff: 1.3, Sum: 8.6]
         [Processed Buffers: Min: 0, Avg: 5.2, Max: 13, Diff: 13, Sum: 52]
      [Scan RS (ms): Min: 0.0, Avg: 0.0, Max: 0.0, Diff: 0.0, Sum: 0.0]
      [Code Root Scanning (ms): Min: 0.0, Avg: 0.0, Max: 0.1, Diff: 0.1, Sum: 0.1]
      [Object Copy (ms): Min: 0.1, Avg: 0.4, Max: 0.6, Diff: 0.5, Sum: 3.9]
      [Termination (ms): Min: 0.0, Avg: 8.9, Max: 10.0, Diff: 9.9, Sum: 89.1]
         [Termination Attempts: Min: 1, Avg: 8.1, Max: 12, Diff: 11, Sum: 81]
      [GC Worker Other (ms): Min: 0.0, Avg: 0.0, Max: 0.1, Diff: 0.0, Sum: 0.3]
      [GC Worker Total (ms): Min: 12.0, Avg: 12.1, Max: 12.3, Diff: 0.3, Sum: 120.8]
      [GC Worker End (ms): Min: 440577192.6, Avg: 440577192.6, Max: 440577192.6, Diff: 0.0]
   [Code Root Fixup: 0.0 ms]
   [Code Root Purge: 0.0 ms]
   [String Dedup Fixup: 2.5 ms, GC Workers: 10]
      [Queue Fixup (ms): Min: 0.0, Avg: 0.0, Max: 0.0, Diff: 0.0, Sum: 0.0]
      [Table Fixup (ms): Min: 1.8, Avg: 1.9, Max: 2.1, Diff: 0.3, Sum: 18.6]
   [Clear CT: 0.9 ms]
   [Other: 1.5 ms]
      [Choose CSet: 0.0 ms]
      [Ref Proc: 0.6 ms]
      [Ref Enq: 0.0 ms]
      [Redirty Cards: 0.8 ms]
      [Humongous Register: 0.0 ms]
      [Humongous Reclaim: 0.0 ms]
      [Free CSet: 0.0 ms]
   [Eden: 50176.0K(50176.0K)->0.0B(48128.0K) Survivors: 1024.0K->2048.0K Heap: 236.8M(267.0M)->188.1M(267.0M)]
 [Times: user=0.16 sys=0.00, real=0.02 secs] 
2020-12-18T13:49:30.627+0530: 440577.198: [GC concurrent-string-deduplication, 7920.0B->7920.0B(0.0B), avg 59.6%, 0.0000134 secs]
   [Last Exec: 0.0000134 secs, Idle: 17.4474419 secs, Blocked: 0/0.0000000 secs]
      [Inspected:              20]
         [Skipped:              0(  0.0%)]
         [Hashed:              18( 90.0%)]
         [Known:                2( 10.0%)]
         [New:                 18( 90.0%)   7920.0B]
      [Deduplicated:            0(  0.0%)      0.0B(  0.0%)]
         [Young:                0(  0.0%)      0.0B(  0.0%)]
         [Old:                  0(  0.0%)      0.0B(  0.0%)]
   [Total Exec: 1738/0.8756534 secs, Idle: 1738/440575.8257664 secs, Blocked: 133/0.0943544 secs]
      [Inspected:         2944100]
         [Skipped:              0(  0.0%)]
         [Hashed:         1229438( 41.8%)]
         [Known:           192936(  6.6%)]
         [New:            2751164( 93.4%)    214.1M]
      [Deduplicated:      1927734( 70.1%)    127.7M( 59.6%)]
         [Young:           794776( 41.2%)  62135.1K( 47.5%)]
         [Old:            1132958( 58.8%)  68621.8K( 52.5%)]
   [Table]
      [Memory Usage: 8448.9K]
      [Size: 262144, Min: 1024, Max: 16777216]
      [Entries: 264749, Load: 101.0%, Cached: 8354, Added: 989985, Removed: 725236]
      [Resize Count: 8, Shrink Threshold: 174762(66.7%), Grow Threshold: 524288(200.0%)]
      [Rehash Count: 0, Rehash Threshold: 120, Hash Seed: 0x0]
      [Age Threshold: 3]
   [Queue]
      [Dropped: 0]
[GC concurrent-string-deduplication, deleted 0 entries, 0.0000006 secs]
2020-12-18T13:49:30.757+0530: 440577.328: [GC pause (G1 Humongous Allocation) (young) (initial-mark), 0.0075053 secs]
   [Parallel Time: 2.9 ms, GC Workers: 10]
      [GC Worker Start (ms): Min: 440577328.4, Avg: 440577328.6, Max: 440577328.7, Diff: 0.3]
      [Ext Root Scanning (ms): Min: 1.5, Avg: 1.7, Max: 1.9, Diff: 0.3, Sum: 16.6]
      [Update RS (ms): Min: 0.0, Avg: 0.2, Max: 0.7, Diff: 0.7, Sum: 2.1]
         [Processed Buffers: Min: 0, Avg: 1.3, Max: 2, Diff: 2, Sum: 13]
      [Scan RS (ms): Min: 0.0, Avg: 0.0, Max: 0.0, Diff: 0.0, Sum: 0.0]
      [Code Root Scanning (ms): Min: 0.0, Avg: 0.0, Max: 0.0, Diff: 0.0, Sum: 0.0]
      [Object Copy (ms): Min: 0.2, Avg: 0.5, Max: 0.7, Diff: 0.5, Sum: 4.7]
      [Termination (ms): Min: 0.0, Avg: 0.2, Max: 0.3, Diff: 0.3, Sum: 2.3]
         [Termination Attempts: Min: 1, Avg: 2.5, Max: 4, Diff: 3, Sum: 25]
      [GC Worker Other (ms): Min: 0.0, Avg: 0.0, Max: 0.0, Diff: 0.0, Sum: 0.1]
      [GC Worker Total (ms): Min: 2.5, Avg: 2.6, Max: 2.8, Diff: 0.3, Sum: 25.8]
      [GC Worker End (ms): Min: 440577331.1, Avg: 440577331.1, Max: 440577331.1, Diff: 0.0]
   [Code Root Fixup: 0.0 ms]
   [Code Root Purge: 0.0 ms]
   [String Dedup Fixup: 2.6 ms, GC Workers: 10]
      [Queue Fixup (ms): Min: 0.0, Avg: 0.0, Max: 0.0, Diff: 0.0, Sum: 0.0]
      [Table Fixup (ms): Min: 2.0, Avg: 2.1, Max: 2.3, Diff: 0.3, Sum: 21.3]
   [Clear CT: 0.7 ms]
   [Other: 1.3 ms]
      [Choose CSet: 0.0 ms]
      [Ref Proc: 0.4 ms]
      [Ref Enq: 0.0 ms]
      [Redirty Cards: 0.7 ms]
      [Humongous Register: 0.0 ms]
      [Humongous Reclaim: 0.0 ms]
      [Free CSet: 0.0 ms]
   [Eden: 20480.0K(48128.0K)->0.0B(48128.0K) Survivors: 2048.0K->2048.0K Heap: 207.9M(267.0M)->188.9M(267.0M)]
 [Times: user=0.00 sys=0.00, real=0.01 secs] 
2020-12-18T13:49:30.765+0530: 440577.336: [GC concurrent-root-region-scan-start]
2020-12-18T13:49:30.766+0530: 440577.336: [GC concurrent-string-deduplication, 37104.0B->64.0B(37040.0B), avg 59.6%, 0.0005277 secs]
   [Last Exec: 0.0005277 secs, Idle: 0.1377842 secs, Blocked: 0/0.0000000 secs]
      [Inspected:             795]
         [Skipped:              0(  0.0%)]
         [Hashed:             606( 76.2%)]
         [Known:                8(  1.0%)]
         [New:                787( 99.0%)  37104.0B]
      [Deduplicated:          786( 99.9%)  37040.0B( 99.8%)]
         [Young:              786(100.0%)  37040.0B(100.0%)]
         [Old:                  0(  0.0%)      0.0B(  0.0%)]
   [Total Exec: 1739/0.8761811 secs, Idle: 1739/440575.9635506 secs, Blocked: 133/0.0943544 secs]
      [Inspected:         2944895]
         [Skipped:              0(  0.0%)]
         [Hashed:         1230044( 41.8%)]
         [Known:           192944(  6.6%)]
         [New:            2751951( 93.4%)    214.2M]
      [Deduplicated:      1928520( 70.1%)    127.7M( 59.6%)]
         [Young:           795562( 41.3%)  62171.3K( 47.5%)]
         [Old:            1132958( 58.7%)  68621.8K( 52.5%)]
   [Table]
      [Memory Usage: 8448.9K]
      [Size: 262144, Min: 1024, Max: 16777216]
      [Entries: 264794, Load: 101.0%, Cached: 8309, Added: 990030, Removed: 725236]
      [Resize Count: 8, Shrink Threshold: 174762(66.7%), Grow Threshold: 524288(200.0%)]
      [Rehash Count: 0, Rehash Threshold: 120, Hash Seed: 0x0]
      [Age Threshold: 3]
   [Queue]
      [Dropped: 0]
[GC concurrent-string-deduplication, deleted 0 entries, 0.0000007 secs]
2020-12-18T13:49:30.767+0530: 440577.338: [GC concurrent-root-region-scan-end, 0.0020419 secs]
2020-12-18T13:49:30.767+0530: 440577.338: [GC concurrent-mark-start]
2020-12-18T13:49:30.877+0530: 440577.448: [GC concurrent-mark-end, 0.1104083 secs]
2020-12-18T13:49:30.878+0530: 440577.449: [GC remark 2020-12-18T13:49:30.878+0530: 440577.449: [Finalize Marking, 0.0003854 secs] 2020-12-18T13:49:30.878+0530: 440577.449: [GC ref-proc, 0.0005493 secs] 2020-12-18T13:49:30.879+0530: 440577.450: [Unloading, 0.0251136 secs], 0.0267979 secs]
 [Times: user=0.13 sys=0.00, real=0.03 secs] 
2020-12-18T13:49:30.905+0530: 440577.476: [GC cleanup 194M->194M(267M), 0.0027482 secs]
 [Times: user=0.02 sys=0.00, real=0.00 secs] 
2020-12-18T13:49:40.224+0530: 440586.796: [GC pause (G1 Evacuation Pause) (young), 0.0081145 secs]
   [Parallel Time: 2.9 ms, GC Workers: 10]
      [GC Worker Start (ms): Min: 440586795.8, Avg: 440586795.8, Max: 440586795.9, Diff: 0.1]
      [Ext Root Scanning (ms): Min: 0.8, Avg: 1.0, Max: 1.7, Diff: 0.9, Sum: 10.5]
      [Update RS (ms): Min: 0.1, Avg: 0.6, Max: 1.1, Diff: 1.1, Sum: 6.4]
         [Processed Buffers: Min: 1, Avg: 5.7, Max: 12, Diff: 11, Sum: 57]
      [Scan RS (ms): Min: 0.0, Avg: 0.0, Max: 0.0, Diff: 0.0, Sum: 0.0]
      [Code Root Scanning (ms): Min: 0.0, Avg: 0.0, Max: 0.0, Diff: 0.0, Sum: 0.1]
      [Object Copy (ms): Min: 0.2, Avg: 0.6, Max: 0.8, Diff: 0.6, Sum: 5.7]
      [Termination (ms): Min: 0.0, Avg: 0.0, Max: 0.0, Diff: 0.0, Sum: 0.0]
         [Termination Attempts: Min: 1, Avg: 1.0, Max: 1, Diff: 0, Sum: 10]
      [GC Worker Other (ms): Min: 0.0, Avg: 0.0, Max: 0.1, Diff: 0.1, Sum: 0.3]
      [GC Worker Total (ms): Min: 2.2, Avg: 2.3, Max: 2.3, Diff: 0.1, Sum: 23.0]
      [GC Worker End (ms): Min: 440586798.1, Avg: 440586798.1, Max: 440586798.2, Diff: 0.1]
   [Code Root Fixup: 0.0 ms]
   [Code Root Purge: 0.0 ms]
   [String Dedup Fixup: 2.4 ms, GC Workers: 10]
      [Queue Fixup (ms): Min: 0.0, Avg: 0.0, Max: 0.0, Diff: 0.0, Sum: 0.0]
      [Table Fixup (ms): Min: 1.7, Avg: 1.8, Max: 1.9, Diff: 0.2, Sum: 18.0]
   [Clear CT: 0.8 ms]
   [Other: 1.9 ms]
      [Choose CSet: 0.0 ms]
      [Ref Proc: 0.9 ms]
      [Ref Enq: 0.0 ms]
      [Redirty Cards: 0.8 ms]
      [Humongous Register: 0.0 ms]
      [Humongous Reclaim: 0.0 ms]
      [Free CSet: 0.0 ms]
   [Eden: 48128.0K(48128.0K)->0.0B(10240.0K) Survivors: 2048.0K->3072.0K Heap: 237.5M(267.0M)->189.4M(267.0M)]
 [Times: user=0.00 sys=0.00, real=0.01 secs] 
2020-12-18T13:49:40.233+0530: 440586.804: [GC concurrent-string-deduplication, 16312.0B->5840.0B(10472.0B), avg 59.6%, 0.0001069 secs]
   [Last Exec: 0.0001069 secs, Idle: 9.4674396 secs, Blocked: 0/0.0000000 secs]
      [Inspected:             532]
         [Skipped:              0(  0.0%)]
         [Hashed:             130( 24.4%)]
         [Known:              276( 51.9%)]
         [New:                256( 48.1%)  16312.0B]
      [Deduplicated:          212( 82.8%)  10472.0B( 64.2%)]
         [Young:              212(100.0%)  10472.0B(100.0%)]
         [Old:                  0(  0.0%)      0.0B(  0.0%)]
   [Total Exec: 1740/0.8762880 secs, Idle: 1740/440585.4309902 secs, Blocked: 133/0.0943544 secs]
      [Inspected:         2945427]
         [Skipped:              0(  0.0%)]
         [Hashed:         1230174( 41.8%)]
         [Known:           193220(  6.6%)]
         [New:            2752207( 93.4%)    214.2M]
      [Deduplicated:      1928732( 70.1%)    127.7M( 59.6%)]
         [Young:           795774( 41.3%)  62181.5K( 47.5%)]
         [Old:            1132958( 58.7%)  68621.8K( 52.5%)]
   [Table]
      [Memory Usage: 8448.9K]
      [Size: 262144, Min: 1024, Max: 16777216]
      [Entries: 264746, Load: 101.0%, Cached: 8357, Added: 990189, Removed: 725443]
      [Resize Count: 8, Shrink Threshold: 174762(66.7%), Grow Threshold: 524288(200.0%)]
      [Rehash Count: 0, Rehash Threshold: 120, Hash Seed: 0x0]
      [Age Threshold: 3]
   [Queue]
      [Dropped: 0]
[GC concurrent-string-deduplication, deleted 0 entries, 0.0000006 secs]
2020-12-18T13:49:40.260+0530: 440586.832: [GC pause (G1 Evacuation Pause) (mixed), 0.0320949 secs]
   [Parallel Time: 27.6 ms, GC Workers: 10]
      [GC Worker Start (ms): Min: 440586831.7, Avg: 440586831.8, Max: 440586831.9, Diff: 0.3]
      [Ext Root Scanning (ms): Min: 0.6, Avg: 2.4, Max: 17.6, Diff: 17.0, Sum: 24.3]
      [Update RS (ms): Min: 0.0, Avg: 0.2, Max: 0.4, Diff: 0.4, Sum: 2.2]
         [Processed Buffers: Min: 0, Avg: 1.5, Max: 4, Diff: 4, Sum: 15]
      [Scan RS (ms): Min: 0.0, Avg: 0.1, Max: 0.3, Diff: 0.3, Sum: 1.2]
      [Code Root Scanning (ms): Min: 0.0, Avg: 0.0, Max: 0.2, Diff: 0.2, Sum: 0.2]
      [Object Copy (ms): Min: 0.1, Avg: 0.6, Max: 0.7, Diff: 0.6, Sum: 6.1]
      [Termination (ms): Min: 0.0, Avg: 21.0, Max: 25.5, Diff: 25.5, Sum: 209.6]
         [Termination Attempts: Min: 1, Avg: 1.3, Max: 2, Diff: 1, Sum: 13]
      [GC Worker Other (ms): Min: 0.0, Avg: 0.0, Max: 0.0, Diff: 0.0, Sum: 0.1]
      [GC Worker Total (ms): Min: 17.6, Avg: 24.4, Max: 27.4, Diff: 9.8, Sum: 243.8]
      [GC Worker End (ms): Min: 440586849.4, Avg: 440586856.2, Max: 440586859.1, Diff: 9.7]
   [Code Root Fixup: 0.0 ms]
   [Code Root Purge: 0.0 ms]
   [String Dedup Fixup: 2.5 ms, GC Workers: 10]
      [Queue Fixup (ms): Min: 0.0, Avg: 0.0, Max: 0.0, Diff: 0.0, Sum: 0.0]
      [Table Fixup (ms): Min: 1.7, Avg: 1.8, Max: 2.0, Diff: 0.3, Sum: 18.1]
   [Clear CT: 0.8 ms]
   [Other: 1.2 ms]
      [Choose CSet: 0.0 ms]
      [Ref Proc: 0.4 ms]
      [Ref Enq: 0.0 ms]
      [Redirty Cards: 0.7 ms]
      [Humongous Register: 0.0 ms]
      [Humongous Reclaim: 0.0 ms]
      [Free CSet: 0.0 ms]
   [Eden: 10240.0K(10240.0K)->0.0B(47104.0K) Survivors: 3072.0K->2048.0K Heap: 200.0M(267.0M)->189.7M(267.0M)]
 [Times: user=0.16 sys=0.00, real=0.03 secs] 
2020-12-18T13:49:40.294+0530: 440586.864: [GC concurrent-string-deduplication, 3000.0B->1432.0B(1568.0B), avg 59.6%, 0.0000250 secs]
   [Last Exec: 0.0000250 secs, Idle: 0.0597758 secs, Blocked: 0/0.0000000 secs]
      [Inspected:              64]
         [Skipped:              0(  0.0%)]
         [Hashed:               6(  9.4%)]
         [Known:               45( 70.3%)]
         [New:                 19( 29.7%)   3000.0B]
      [Deduplicated:           13( 68.4%)   1568.0B( 52.3%)]
         [Young:                0(  0.0%)      0.0B(  0.0%)]
         [Old:                 13(100.0%)   1568.0B(100.0%)]
   [Total Exec: 1741/0.8763130 secs, Idle: 1741/440585.4907660 secs, Blocked: 133/0.0943544 secs]
      [Inspected:         2945491]
         [Skipped:              0(  0.0%)]
         [Hashed:         1230180( 41.8%)]
         [Known:           193265(  6.6%)]
         [New:            2752226( 93.4%)    214.2M]
      [Deduplicated:      1928745( 70.1%)    127.7M( 59.6%)]
         [Young:           795774( 41.3%)  62181.5K( 47.5%)]
         [Old:            1132971( 58.7%)  68623.3K( 52.5%)]
   [Table]
      [Memory Usage: 8448.9K]
      [Size: 262144, Min: 1024, Max: 16777216]
      [Entries: 264749, Load: 101.0%, Cached: 8354, Added: 990195, Removed: 725446]
      [Resize Count: 8, Shrink Threshold: 174762(66.7%), Grow Threshold: 524288(200.0%)]
      [Rehash Count: 0, Rehash Threshold: 120, Hash Seed: 0x0]
      [Age Threshold: 3]
   [Queue]
      [Dropped: 0]
[GC concurrent-string-deduplication, deleted 0 entries, 0.0000006 secs]
2020-12-18T13:49:41.327+0530: 440587.898: [GC pause (G1 Humongous Allocation) (young) (initial-mark), 0.0077059 secs]
   [Parallel Time: 3.4 ms, GC Workers: 10]
      [GC Worker Start (ms): Min: 440587898.5, Avg: 440587898.6, Max: 440587898.8, Diff: 0.3]
      [Ext Root Scanning (ms): Min: 1.1, Avg: 1.9, Max: 2.3, Diff: 1.2, Sum: 18.8]
      [Update RS (ms): Min: 0.4, Avg: 0.6, Max: 0.9, Diff: 0.5, Sum: 6.4]
         [Processed Buffers: Min: 1, Avg: 2.2, Max: 5, Diff: 4, Sum: 22]
      [Scan RS (ms): Min: 0.0, Avg: 0.0, Max: 0.0, Diff: 0.0, Sum: 0.0]
      [Code Root Scanning (ms): Min: 0.0, Avg: 0.0, Max: 0.0, Diff: 0.0, Sum: 0.0]
      [Object Copy (ms): Min: 0.0, Avg: 0.4, Max: 0.6, Diff: 0.5, Sum: 3.6]
      [Termination (ms): Min: 0.0, Avg: 0.1, Max: 0.1, Diff: 0.1, Sum: 1.0]
         [Termination Attempts: Min: 1, Avg: 2.6, Max: 5, Diff: 4, Sum: 26]
      [GC Worker Other (ms): Min: 0.0, Avg: 0.1, Max: 0.9, Diff: 0.9, Sum: 1.1]
      [GC Worker Total (ms): Min: 3.0, Avg: 3.1, Max: 3.3, Diff: 0.3, Sum: 31.0]
      [GC Worker End (ms): Min: 440587901.7, Avg: 440587901.7, Max: 440587901.7, Diff: 0.0]
   [Code Root Fixup: 0.0 ms]
   [Code Root Purge: 0.0 ms]
   [String Dedup Fixup: 2.4 ms, GC Workers: 10]
      [Queue Fixup (ms): Min: 0.0, Avg: 0.0, Max: 0.0, Diff: 0.0, Sum: 0.0]
      [Table Fixup (ms): Min: 1.7, Avg: 1.8, Max: 1.9, Diff: 0.3, Sum: 17.6]
   [Clear CT: 0.8 ms]
   [Other: 1.1 ms]
      [Choose CSet: 0.0 ms]
      [Ref Proc: 0.3 ms]
      [Ref Enq: 0.0 ms]
      [Redirty Cards: 0.6 ms]
      [Humongous Register: 0.0 ms]
      [Humongous Reclaim: 0.0 ms]
      [Free CSet: 0.0 ms]
   [Eden: 25600.0K(47104.0K)->0.0B(48128.0K) Survivors: 2048.0K->2048.0K Heap: 214.5M(267.0M)->189.0M(267.0M)]
 [Times: user=0.05 sys=0.03, real=0.01 secs] 
2020-12-18T13:49:41.335+0530: 440587.906: [GC concurrent-root-region-scan-start]
2020-12-18T13:49:41.336+0530: 440587.906: [GC concurrent-string-deduplication, 14528.0B->4056.0B(10472.0B), avg 59.6%, 0.0001774 secs]
   [Last Exec: 0.0001774 secs, Idle: 1.0422833 secs, Blocked: 0/0.0000000 secs]
      [Inspected:             244]
         [Skipped:              0(  0.0%)]
         [Hashed:              57( 23.4%)]
         [Known:              141( 57.8%)]
         [New:                103( 42.2%)  14528.0B]
      [Deduplicated:           69( 67.0%)  10472.0B( 72.1%)]
         [Young:               69(100.0%)  10472.0B(100.0%)]
         [Old:                  0(  0.0%)      0.0B(  0.0%)]
   [Total Exec: 1742/0.8764904 secs, Idle: 1742/440586.5330493 secs, Blocked: 133/0.0943544 secs]
      [Inspected:         2945735]
         [Skipped:              0(  0.0%)]
         [Hashed:         1230237( 41.8%)]
         [Known:           193406(  6.6%)]
         [New:            2752329( 93.4%)    214.2M]
      [Deduplicated:      1928814( 70.1%)    127.7M( 59.6%)]
         [Young:           795843( 41.3%)  62191.8K( 47.5%)]
         [Old:            1132971( 58.7%)  68623.3K( 52.5%)]
   [Table]
      [Memory Usage: 8448.9K]
      [Size: 262144, Min: 1024, Max: 16777216]
      [Entries: 264786, Load: 101.0%, Cached: 8317, Added: 990232, Removed: 725446]
      [Resize Count: 8, Shrink Threshold: 174762(66.7%), Grow Threshold: 524288(200.0%)]
      [Rehash Count: 0, Rehash Threshold: 120, Hash Seed: 0x0]
      [Age Threshold: 3]
   [Queue]
      [Dropped: 0]
[GC concurrent-string-deduplication, deleted 0 entries, 0.0000008 secs]
2020-12-18T13:49:41.337+0530: 440587.908: [GC concurrent-root-region-scan-end, 0.0016417 secs]
2020-12-18T13:49:41.337+0530: 440587.908: [GC concurrent-mark-start]
2020-12-18T13:49:41.426+0530: 440587.997: [GC concurrent-mark-end, 0.0891565 secs]
2020-12-18T13:49:41.427+0530: 440587.997: [GC remark 2020-12-18T13:49:41.427+0530: 440587.997: [Finalize Marking, 0.0003002 secs] 2020-12-18T13:49:41.427+0530: 440587.998: [GC ref-proc, 0.0004934 secs] 2020-12-18T13:49:41.427+0530: 440587.998: [Unloading, 0.0205134 secs], 0.0221495 secs]
 [Times: user=0.16 sys=0.00, real=0.02 secs] 
2020-12-18T13:49:41.449+0530: 440588.020: [GC cleanup 194M->194M(267M), 0.0025382 secs]
 [Times: user=0.00 sys=0.00, real=0.00 secs] 
2020-12-18T13:49:47.398+0530: 440593.969: [GC pause (G1 Evacuation Pause) (young), 0.0092131 secs]
   [Parallel Time: 3.0 ms, GC Workers: 10]
      [GC Worker Start (ms): Min: 440593968.8, Avg: 440593969.0, Max: 440593969.0, Diff: 0.2]
      [Ext Root Scanning (ms): Min: 0.7, Avg: 0.8, Max: 1.6, Diff: 0.9, Sum: 8.5]
      [Update RS (ms): Min: 0.0, Avg: 0.6, Max: 1.8, Diff: 1.8, Sum: 6.3]
         [Processed Buffers: Min: 0, Avg: 3.6, Max: 7, Diff: 7, Sum: 36]
      [Scan RS (ms): Min: 0.0, Avg: 0.0, Max: 0.0, Diff: 0.0, Sum: 0.1]
      [Code Root Scanning (ms): Min: 0.0, Avg: 0.0, Max: 0.0, Diff: 0.0, Sum: 0.0]
      [Object Copy (ms): Min: 0.1, Avg: 1.1, Max: 1.3, Diff: 1.2, Sum: 10.6]
      [Termination (ms): Min: 0.0, Avg: 0.1, Max: 0.1, Diff: 0.1, Sum: 1.0]
         [Termination Attempts: Min: 1, Avg: 2.6, Max: 4, Diff: 3, Sum: 26]
      [GC Worker Other (ms): Min: 0.0, Avg: 0.0, Max: 0.0, Diff: 0.0, Sum: 0.1]
      [GC Worker Total (ms): Min: 2.6, Avg: 2.7, Max: 2.8, Diff: 0.2, Sum: 26.6]
      [GC Worker End (ms): Min: 440593971.6, Avg: 440593971.6, Max: 440593971.6, Diff: 0.0]
   [Code Root Fixup: 0.0 ms]
   [Code Root Purge: 0.0 ms]
   [String Dedup Fixup: 3.5 ms, GC Workers: 10]
      [Queue Fixup (ms): Min: 0.0, Avg: 0.0, Max: 0.0, Diff: 0.0, Sum: 0.0]
      [Table Fixup (ms): Min: 2.8, Avg: 2.9, Max: 3.0, Diff: 0.2, Sum: 28.5]
   [Clear CT: 0.7 ms]
   [Other: 2.0 ms]
      [Choose CSet: 0.0 ms]
      [Ref Proc: 0.8 ms]
      [Ref Enq: 0.0 ms]
      [Redirty Cards: 1.0 ms]
      [Humongous Register: 0.0 ms]
      [Humongous Reclaim: 0.0 ms]
      [Free CSet: 0.0 ms]
   [Eden: 48128.0K(48128.0K)->0.0B(10240.0K) Survivors: 2048.0K->3072.0K Heap: 237.2M(267.0M)->189.9M(267.0M)]
 [Times: user=0.02 sys=0.00, real=0.01 secs] 
2020-12-18T13:49:47.460+0530: 440594.031: [GC pause (G1 Evacuation Pause) (mixed), 0.0123357 secs]
   [Parallel Time: 5.2 ms, GC Workers: 10]
      [GC Worker Start (ms): Min: 440594031.1, Avg: 440594031.2, Max: 440594031.3, Diff: 0.1]
      [Ext Root Scanning (ms): Min: 0.7, Avg: 0.9, Max: 2.0, Diff: 1.3, Sum: 9.4]
      [Update RS (ms): Min: 0.0, Avg: 0.2, Max: 0.3, Diff: 0.3, Sum: 1.5]
         [Processed Buffers: Min: 0, Avg: 1.8, Max: 4, Diff: 4, Sum: 18]
      [Scan RS (ms): Min: 0.0, Avg: 0.2, Max: 0.3, Diff: 0.3, Sum: 2.1]
      [Code Root Scanning (ms): Min: 0.0, Avg: 0.0, Max: 0.0, Diff: 0.0, Sum: 0.1]
      [Object Copy (ms): Min: 0.2, Avg: 1.6, Max: 3.5, Diff: 3.3, Sum: 15.8]
      [Termination (ms): Min: 0.0, Avg: 1.8, Max: 2.6, Diff: 2.6, Sum: 18.0]
         [Termination Attempts: Min: 1, Avg: 1.0, Max: 1, Diff: 0, Sum: 10]
      [GC Worker Other (ms): Min: 0.0, Avg: 0.0, Max: 0.0, Diff: 0.0, Sum: 0.2]
      [GC Worker Total (ms): Min: 4.7, Avg: 4.7, Max: 4.8, Diff: 0.1, Sum: 47.0]
      [GC Worker End (ms): Min: 440594035.9, Avg: 440594035.9, Max: 440594035.9, Diff: 0.0]
   [Code Root Fixup: 0.0 ms]
   [Code Root Purge: 0.0 ms]
   [String Dedup Fixup: 4.5 ms, GC Workers: 10]
      [Queue Fixup (ms): Min: 0.0, Avg: 0.0, Max: 0.0, Diff: 0.0, Sum: 0.0]
      [Table Fixup (ms): Min: 3.3, Avg: 3.6, Max: 3.9, Diff: 0.6, Sum: 35.8]
   [Clear CT: 0.8 ms]
   [Other: 1.9 ms]
      [Choose CSet: 0.0 ms]
      [Ref Proc: 0.9 ms]
      [Ref Enq: 0.0 ms]
      [Redirty Cards: 0.8 ms]
      [Humongous Register: 0.0 ms]
      [Humongous Reclaim: 0.0 ms]
      [Free CSet: 0.0 ms]
   [Eden: 10240.0K(10240.0K)->0.0B(47104.0K) Survivors: 3072.0K->2048.0K Heap: 200.9M(267.0M)->189.3M(267.0M)]
 [Times: user=0.16 sys=0.00, real=0.01 secs] 
2020-12-18T13:49:47.474+0530: 440594.045: [GC concurrent-string-deduplication, 26272.0B->4024.0B(22248.0B), avg 59.6%, 0.0010483 secs]
   [Last Exec: 0.0010483 secs, Idle: 6.1371598 secs, Blocked: 0/0.0000000 secs]
      [Inspected:             564]
         [Skipped:              0(  0.0%)]
         [Hashed:             370( 65.6%)]
         [Known:              127( 22.5%)]
         [New:                437( 77.5%)  26272.0B]
      [Deduplicated:          403( 92.2%)  22248.0B( 84.7%)]
         [Young:                0(  0.0%)      0.0B(  0.0%)]
         [Old:                403(100.0%)  22248.0B(100.0%)]
   [Total Exec: 1743/0.8775387 secs, Idle: 1743/440592.6702091 secs, Blocked: 133/0.0943544 secs]
      [Inspected:         2946299]
         [Skipped:              0(  0.0%)]
         [Hashed:         1230607( 41.8%)]
         [Known:           193533(  6.6%)]
         [New:            2752766( 93.4%)    214.2M]
      [Deduplicated:      1929217( 70.1%)    127.8M( 59.6%)]
         [Young:           795843( 41.3%)  62191.8K( 47.5%)]
         [Old:            1133374( 58.7%)  68645.1K( 52.5%)]
   [Table]
      [Memory Usage: 8448.9K]
      [Size: 262144, Min: 1024, Max: 16777216]
      [Entries: 264711, Load: 101.0%, Cached: 8392, Added: 990391, Removed: 725680]
      [Resize Count: 8, Shrink Threshold: 174762(66.7%), Grow Threshold: 524288(200.0%)]
      [Rehash Count: 0, Rehash Threshold: 120, Hash Seed: 0x0]
      [Age Threshold: 3]
   [Queue]
      [Dropped: 0]
[GC concurrent-string-deduplication, deleted 0 entries, 0.0000023 secs]
2020-12-18T13:49:50.751+0530: 440597.322: [GC pause (G1 Humongous Allocation) (young) (initial-mark), 0.0094805 secs]
   [Parallel Time: 4.0 ms, GC Workers: 10]
      [GC Worker Start (ms): Min: 440597322.2, Avg: 440597322.3, Max: 440597322.4, Diff: 0.3]
      [Ext Root Scanning (ms): Min: 1.8, Avg: 2.0, Max: 2.3, Diff: 0.5, Sum: 19.8]
      [Update RS (ms): Min: 0.7, Avg: 0.8, Max: 1.4, Diff: 0.7, Sum: 8.2]
         [Processed Buffers: Min: 1, Avg: 4.6, Max: 14, Diff: 13, Sum: 46]
      [Scan RS (ms): Min: 0.0, Avg: 0.0, Max: 0.0, Diff: 0.0, Sum: 0.0]
      [Code Root Scanning (ms): Min: 0.0, Avg: 0.0, Max: 0.0, Diff: 0.0, Sum: 0.0]
      [Object Copy (ms): Min: 0.2, Avg: 0.5, Max: 0.6, Diff: 0.5, Sum: 4.6]
      [Termination (ms): Min: 0.0, Avg: 0.1, Max: 0.1, Diff: 0.1, Sum: 1.1]
         [Termination Attempts: Min: 1, Avg: 3.3, Max: 6, Diff: 5, Sum: 33]
      [GC Worker Other (ms): Min: 0.0, Avg: 0.0, Max: 0.0, Diff: 0.0, Sum: 0.1]
      [GC Worker Total (ms): Min: 3.3, Avg: 3.4, Max: 3.6, Diff: 0.3, Sum: 33.9]
      [GC Worker End (ms): Min: 440597325.7, Avg: 440597325.7, Max: 440597325.7, Diff: 0.0]
   [Code Root Fixup: 0.0 ms]
   [Code Root Purge: 0.0 ms]
   [String Dedup Fixup: 3.0 ms, GC Workers: 10]
      [Queue Fixup (ms): Min: 0.0, Avg: 0.0, Max: 0.0, Diff: 0.0, Sum: 0.0]
      [Table Fixup (ms): Min: 2.3, Avg: 2.4, Max: 2.6, Diff: 0.3, Sum: 24.0]
   [Clear CT: 0.8 ms]
   [Other: 1.6 ms]
      [Choose CSet: 0.0 ms]
      [Ref Proc: 0.8 ms]
      [Ref Enq: 0.0 ms]
      [Redirty Cards: 0.7 ms]
      [Humongous Register: 0.0 ms]
      [Humongous Reclaim: 0.0 ms]
      [Free CSet: 0.0 ms]
   [Eden: 43008.0K(47104.0K)->0.0B(47104.0K) Survivors: 2048.0K->2048.0K Heap: 231.0M(267.0M)->189.0M(267.0M)]
 [Times: user=0.00 sys=0.00, real=0.01 secs] 
2020-12-18T13:49:50.761+0530: 440597.332: [GC concurrent-root-region-scan-start]
2020-12-18T13:49:50.762+0530: 440597.333: [GC concurrent-root-region-scan-end, 0.0017688 secs]
2020-12-18T13:49:50.762+0530: 440597.333: [GC concurrent-mark-start]
2020-12-18T13:49:50.870+0530: 440597.441: [GC concurrent-mark-end, 0.1076200 secs]
2020-12-18T13:49:50.870+0530: 440597.442: [GC remark 2020-12-18T13:49:50.870+0530: 440597.442: [Finalize Marking, 0.0003217 secs] 2020-12-18T13:49:50.871+0530: 440597.442: [GC ref-proc, 0.0007484 secs] 2020-12-18T13:49:50.872+0530: 440597.443: [Unloading, 0.0288458 secs], 0.0306075 secs]
 [Times: user=0.30 sys=0.00, real=0.03 secs] 
2020-12-18T13:49:50.901+0530: 440597.473: [GC cleanup 194M->194M(267M), 0.0017335 secs]
 [Times: user=0.00 sys=0.00, real=0.00 secs] 
2020-12-18T13:52:06.403+0530: 440732.974: [GC pause (G1 Evacuation Pause) (young), 0.0067383 secs]
   [Parallel Time: 2.5 ms, GC Workers: 10]
      [GC Worker Start (ms): Min: 440732974.0, Avg: 440732974.2, Max: 440732974.3, Diff: 0.3]
      [Ext Root Scanning (ms): Min: 0.6, Avg: 0.7, Max: 1.3, Diff: 0.8, Sum: 7.2]
      [Update RS (ms): Min: 0.2, Avg: 0.5, Max: 0.8, Diff: 0.6, Sum: 5.2]
         [Processed Buffers: Min: 2, Avg: 6.7, Max: 14, Diff: 12, Sum: 67]
      [Scan RS (ms): Min: 0.0, Avg: 0.0, Max: 0.0, Diff: 0.0, Sum: 0.0]
      [Code Root Scanning (ms): Min: 0.0, Avg: 0.0, Max: 0.0, Diff: 0.0, Sum: 0.0]
      [Object Copy (ms): Min: 0.1, Avg: 0.3, Max: 0.4, Diff: 0.2, Sum: 2.7]
      [Termination (ms): Min: 0.0, Avg: 0.1, Max: 0.1, Diff: 0.1, Sum: 0.7]
         [Termination Attempts: Min: 1, Avg: 1.1, Max: 2, Diff: 1, Sum: 11]
      [GC Worker Other (ms): Min: 0.0, Avg: 0.0, Max: 0.0, Diff: 0.0, Sum: 0.1]
      [GC Worker Total (ms): Min: 1.5, Avg: 1.6, Max: 1.7, Diff: 0.3, Sum: 15.8]
      [GC Worker End (ms): Min: 440732975.8, Avg: 440732975.8, Max: 440732975.8, Diff: 0.0]
   [Code Root Fixup: 0.0 ms]
   [Code Root Purge: 0.0 ms]
   [String Dedup Fixup: 2.4 ms, GC Workers: 10]
      [Queue Fixup (ms): Min: 0.0, Avg: 0.0, Max: 0.0, Diff: 0.0, Sum: 0.0]
      [Table Fixup (ms): Min: 1.7, Avg: 1.7, Max: 1.9, Diff: 0.2, Sum: 17.4]
   [Clear CT: 0.7 ms]
   [Other: 1.2 ms]
      [Choose CSet: 0.0 ms]
      [Ref Proc: 0.4 ms]
      [Ref Enq: 0.0 ms]
      [Redirty Cards: 0.6 ms]
      [Humongous Register: 0.0 ms]
      [Humongous Reclaim: 0.0 ms]
      [Free CSet: 0.0 ms]
   [Eden: 47104.0K(47104.0K)->0.0B(48128.0K) Survivors: 2048.0K->1024.0K Heap: 236.6M(267.0M)->188.7M(267.0M)]
 [Times: user=0.03 sys=0.00, real=0.01 secs] 
2020-12-18T13:52:06.410+0530: 440732.981: [GC concurrent-string-deduplication, 0.0B->0.0B(0.0B), avg 59.6%, 0.0000064 secs]
   [Last Exec: 0.0000064 secs, Idle: 138.9361164 secs, Blocked: 0/0.0000000 secs]
      [Inspected:               6]
         [Skipped:              0(  0.0%)]
         [Hashed:               0(  0.0%)]
         [Known:                6(100.0%)]
         [New:                  0(  0.0%)      0.0B]
      [Deduplicated:            0(  0.0%)      0.0B(  0.0%)]
         [Young:                0(  0.0%)      0.0B(  0.0%)]
         [Old:                  0(  0.0%)      0.0B(  0.0%)]
   [Total Exec: 1744/0.8775451 secs, Idle: 1744/440731.6063255 secs, Blocked: 133/0.0943544 secs]
      [Inspected:         2946305]
         [Skipped:              0(  0.0%)]
         [Hashed:         1230607( 41.8%)]
         [Known:           193539(  6.6%)]
         [New:            2752766( 93.4%)    214.2M]
      [Deduplicated:      1929217( 70.1%)    127.8M( 59.6%)]
         [Young:           795843( 41.3%)  62191.8K( 47.5%)]
         [Old:            1133374( 58.7%)  68645.1K( 52.5%)]
   [Table]
      [Memory Usage: 8448.9K]
      [Size: 262144, Min: 1024, Max: 16777216]
      [Entries: 264683, Load: 101.0%, Cached: 8420, Added: 990597, Removed: 725914]
      [Resize Count: 8, Shrink Threshold: 174762(66.7%), Grow Threshold: 524288(200.0%)]
      [Rehash Count: 0, Rehash Threshold: 120, Hash Seed: 0x0]
      [Age Threshold: 3]
   [Queue]
      [Dropped: 0]
[GC concurrent-string-deduplication, deleted 0 entries, 0.0000006 secs]
2020-12-18T13:57:06.498+0530: 441033.069: [GC pause (G1 Evacuation Pause) (young), 0.0070697 secs]
   [Parallel Time: 2.0 ms, GC Workers: 10]
      [GC Worker Start (ms): Min: 441033069.5, Avg: 441033069.7, Max: 441033069.8, Diff: 0.3]
      [Ext Root Scanning (ms): Min: 0.6, Avg: 0.8, Max: 1.9, Diff: 1.3, Sum: 8.0]
      [Update RS (ms): Min: 0.0, Avg: 0.6, Max: 0.9, Diff: 0.9, Sum: 6.0]
         [Processed Buffers: Min: 0, Avg: 6.4, Max: 13, Diff: 13, Sum: 64]
      [Scan RS (ms): Min: 0.0, Avg: 0.0, Max: 0.0, Diff: 0.0, Sum: 0.0]
      [Code Root Scanning (ms): Min: 0.0, Avg: 0.0, Max: 0.0, Diff: 0.0, Sum: 0.0]
      [Object Copy (ms): Min: 0.0, Avg: 0.2, Max: 0.3, Diff: 0.3, Sum: 2.1]
      [Termination (ms): Min: 0.0, Avg: 0.1, Max: 0.1, Diff: 0.1, Sum: 1.2]
         [Termination Attempts: Min: 1, Avg: 1.0, Max: 1, Diff: 0, Sum: 10]
      [GC Worker Other (ms): Min: 0.0, Avg: 0.0, Max: 0.0, Diff: 0.0, Sum: 0.1]
      [GC Worker Total (ms): Min: 1.6, Avg: 1.7, Max: 1.9, Diff: 0.3, Sum: 17.4]
      [GC Worker End (ms): Min: 441033071.4, Avg: 441033071.4, Max: 441033071.4, Diff: 0.0]
   [Code Root Fixup: 0.0 ms]
   [Code Root Purge: 0.0 ms]
   [String Dedup Fixup: 2.6 ms, GC Workers: 10]
      [Queue Fixup (ms): Min: 0.0, Avg: 0.0, Max: 0.0, Diff: 0.0, Sum: 0.0]
      [Table Fixup (ms): Min: 1.8, Avg: 1.9, Max: 2.1, Diff: 0.2, Sum: 19.5]
   [Clear CT: 0.8 ms]
   [Other: 1.7 ms]
      [Choose CSet: 0.0 ms]
      [Ref Proc: 0.8 ms]
      [Ref Enq: 0.0 ms]
      [Redirty Cards: 0.7 ms]
      [Humongous Register: 0.0 ms]
      [Humongous Reclaim: 0.0 ms]
      [Free CSet: 0.0 ms]
   [Eden: 48128.0K(48128.0K)->0.0B(49152.0K) Survivors: 1024.0K->1024.0K Heap: 235.7M(267.0M)->188.8M(267.0M)]
 [Times: user=0.16 sys=0.00, real=0.01 secs] 
2020-12-18T13:57:06.505+0530: 441033.077: [GC concurrent-string-deduplication, 23064.0B->2712.0B(20352.0B), avg 59.7%, 0.0001196 secs]
   [Last Exec: 0.0001196 secs, Idle: 300.0956800 secs, Blocked: 0/0.0000000 secs]
      [Inspected:             446]
         [Skipped:              0(  0.0%)]
         [Hashed:             359( 80.5%)]
         [Known:               48( 10.8%)]
         [New:                398( 89.2%)  23064.0B]
      [Deduplicated:          379( 95.2%)  20352.0B( 88.2%)]
         [Young:              379(100.0%)  20352.0B(100.0%)]
         [Old:                  0(  0.0%)      0.0B(  0.0%)]
   [Total Exec: 1745/0.8776647 secs, Idle: 1745/441031.7020055 secs, Blocked: 133/0.0943544 secs]
      [Inspected:         2946751]
         [Skipped:              0(  0.0%)]
         [Hashed:         1230966( 41.8%)]
         [Known:           193587(  6.6%)]
         [New:            2753164( 93.4%)    214.2M]
      [Deduplicated:      1929596( 70.1%)    127.8M( 59.7%)]
         [Young:           796222( 41.3%)  62211.6K( 47.5%)]
         [Old:            1133374( 58.7%)  68645.1K( 52.5%)]
   [Table]
      [Memory Usage: 8448.9K]
      [Size: 262144, Min: 1024, Max: 16777216]
      [Entries: 264744, Load: 101.0%, Cached: 8359, Added: 990658, Removed: 725914]
      [Resize Count: 8, Shrink Threshold: 174762(66.7%), Grow Threshold: 524288(200.0%)]
      [Rehash Count: 0, Rehash Threshold: 120, Hash Seed: 0x0]
      [Age Threshold: 3]
   [Queue]
      [Dropped: 0]
[GC concurrent-string-deduplication, deleted 0 entries, 0.0000008 secs]
2020-12-18T14:02:06.696+0530: 441333.267: [GC pause (G1 Evacuation Pause) (young) (initial-mark), 0.0086368 secs]
   [Parallel Time: 3.7 ms, GC Workers: 10]
      [GC Worker Start (ms): Min: 441333267.4, Avg: 441333267.6, Max: 441333267.8, Diff: 0.4]
      [Ext Root Scanning (ms): Min: 1.7, Avg: 1.9, Max: 2.3, Diff: 0.6, Sum: 19.1]
      [Update RS (ms): Min: 0.5, Avg: 0.6, Max: 0.9, Diff: 0.4, Sum: 5.8]
         [Processed Buffers: Min: 2, Avg: 7.2, Max: 15, Diff: 13, Sum: 72]
      [Scan RS (ms): Min: 0.0, Avg: 0.0, Max: 0.0, Diff: 0.0, Sum: 0.0]
      [Code Root Scanning (ms): Min: 0.0, Avg: 0.0, Max: 0.0, Diff: 0.0, Sum: 0.0]
      [Object Copy (ms): Min: 0.1, Avg: 0.3, Max: 0.4, Diff: 0.3, Sum: 2.9]
      [Termination (ms): Min: 0.0, Avg: 0.2, Max: 0.2, Diff: 0.2, Sum: 1.5]
         [Termination Attempts: Min: 1, Avg: 2.5, Max: 4, Diff: 3, Sum: 25]
      [GC Worker Other (ms): Min: 0.0, Avg: 0.0, Max: 0.0, Diff: 0.0, Sum: 0.2]
      [GC Worker Total (ms): Min: 2.8, Avg: 3.0, Max: 3.2, Diff: 0.4, Sum: 29.6]
      [GC Worker End (ms): Min: 441333270.6, Avg: 441333270.6, Max: 441333270.6, Diff: 0.0]
   [Code Root Fixup: 0.0 ms]
   [Code Root Purge: 0.0 ms]
   [String Dedup Fixup: 2.6 ms, GC Workers: 10]
      [Queue Fixup (ms): Min: 0.0, Avg: 0.0, Max: 0.0, Diff: 0.0, Sum: 0.0]
      [Table Fixup (ms): Min: 2.0, Avg: 2.1, Max: 2.2, Diff: 0.2, Sum: 20.6]
   [Clear CT: 0.7 ms]
   [Other: 1.7 ms]
      [Choose CSet: 0.0 ms]
      [Ref Proc: 0.9 ms]
      [Ref Enq: 0.0 ms]
      [Redirty Cards: 0.6 ms]
      [Humongous Register: 0.0 ms]
      [Humongous Reclaim: 0.0 ms]
      [Free CSet: 0.0 ms]
   [Eden: 49152.0K(49152.0K)->0.0B(45056.0K) Survivors: 1024.0K->3072.0K Heap: 236.8M(267.0M)->190.1M(267.0M)]
 [Times: user=0.16 sys=0.00, real=0.01 secs] 
2020-12-18T14:02:06.705+0530: 441333.276: [GC concurrent-root-region-scan-start]
2020-12-18T14:02:06.705+0530: 441333.276: [GC concurrent-string-deduplication, 9432.0B->2552.0B(6880.0B), avg 59.7%, 0.0000965 secs]
   [Last Exec: 0.0000965 secs, Idle: 300.1992324 secs, Blocked: 0/0.0000000 secs]
      [Inspected:             277]
         [Skipped:              0(  0.0%)]
         [Hashed:              60( 21.7%)]
         [Known:              181( 65.3%)]
         [New:                 96( 34.7%)   9432.0B]
      [Deduplicated:           74( 77.1%)   6880.0B( 72.9%)]
         [Young:               74(100.0%)   6880.0B(100.0%)]
         [Old:                  0(  0.0%)      0.0B(  0.0%)]
   [Total Exec: 1746/0.8777612 secs, Idle: 1746/441331.9012379 secs, Blocked: 133/0.0943544 secs]
      [Inspected:         2947028]
         [Skipped:              0(  0.0%)]
         [Hashed:         1231026( 41.8%)]
         [Known:           193768(  6.6%)]
         [New:            2753260( 93.4%)    214.2M]
      [Deduplicated:      1929670( 70.1%)    127.8M( 59.7%)]
         [Young:           796296( 41.3%)  62218.4K( 47.5%)]
         [Old:            1133374( 58.7%)  68645.1K( 52.5%)]
   [Table]
      [Memory Usage: 8448.9K]
      [Size: 262144, Min: 1024, Max: 16777216]
      [Entries: 264772, Load: 101.0%, Cached: 8331, Added: 990686, Removed: 725914]
      [Resize Count: 8, Shrink Threshold: 174762(66.7%), Grow Threshold: 524288(200.0%)]
      [Rehash Count: 0, Rehash Threshold: 120, Hash Seed: 0x0]
      [Age Threshold: 3]
   [Queue]
      [Dropped: 0]
[GC concurrent-string-deduplication, deleted 0 entries, 0.0000007 secs]
2020-12-18T14:02:06.707+0530: 441333.278: [GC concurrent-root-region-scan-end, 0.0019693 secs]
2020-12-18T14:02:06.707+0530: 441333.278: [GC concurrent-mark-start]
2020-12-18T14:02:06.795+0530: 441333.366: [GC concurrent-mark-end, 0.0879997 secs]
2020-12-18T14:02:06.796+0530: 441333.366: [GC remark 2020-12-18T14:02:06.796+0530: 441333.366: [Finalize Marking, 0.0002802 secs] 2020-12-18T14:02:06.796+0530: 441333.367: [GC ref-proc, 0.0006693 secs] 2020-12-18T14:02:06.797+0530: 441333.367: [Unloading, 0.0217190 secs], 0.0232785 secs]
 [Times: user=0.17 sys=0.00, real=0.02 secs] 
2020-12-18T14:02:06.819+0530: 441333.390: [GC cleanup 212M->212M(267M), 0.0018788 secs]
 [Times: user=0.00 sys=0.00, real=0.00 secs] 
2020-12-18T14:07:06.880+0530: 441633.451: [GC pause (G1 Evacuation Pause) (young), 0.0067777 secs]
   [Parallel Time: 1.8 ms, GC Workers: 10]
      [GC Worker Start (ms): Min: 441633451.0, Avg: 441633451.2, Max: 441633451.3, Diff: 0.3]
      [Ext Root Scanning (ms): Min: 0.5, Avg: 0.7, Max: 1.8, Diff: 1.3, Sum: 7.0]
      [Update RS (ms): Min: 0.0, Avg: 0.5, Max: 0.8, Diff: 0.8, Sum: 5.2]
         [Processed Buffers: Min: 0, Avg: 7.0, Max: 18, Diff: 18, Sum: 70]
      [Scan RS (ms): Min: 0.0, Avg: 0.0, Max: 0.0, Diff: 0.0, Sum: 0.0]
      [Code Root Scanning (ms): Min: 0.0, Avg: 0.0, Max: 0.0, Diff: 0.0, Sum: 0.0]
      [Object Copy (ms): Min: 0.0, Avg: 0.2, Max: 0.4, Diff: 0.4, Sum: 2.3]
      [Termination (ms): Min: 0.0, Avg: 0.1, Max: 0.2, Diff: 0.2, Sum: 1.4]
         [Termination Attempts: Min: 1, Avg: 1.0, Max: 1, Diff: 0, Sum: 10]
      [GC Worker Other (ms): Min: 0.0, Avg: 0.0, Max: 0.0, Diff: 0.0, Sum: 0.1]
      [GC Worker Total (ms): Min: 1.5, Avg: 1.6, Max: 1.8, Diff: 0.3, Sum: 16.1]
      [GC Worker End (ms): Min: 441633452.8, Avg: 441633452.8, Max: 441633452.8, Diff: 0.0]
   [Code Root Fixup: 0.0 ms]
   [Code Root Purge: 0.0 ms]
   [String Dedup Fixup: 2.4 ms, GC Workers: 10]
      [Queue Fixup (ms): Min: 0.0, Avg: 0.0, Max: 0.0, Diff: 0.0, Sum: 0.0]
      [Table Fixup (ms): Min: 1.7, Avg: 1.8, Max: 1.9, Diff: 0.3, Sum: 17.8]
   [Clear CT: 0.8 ms]
   [Other: 1.7 ms]
      [Choose CSet: 0.0 ms]
      [Ref Proc: 0.8 ms]
      [Ref Enq: 0.0 ms]
      [Redirty Cards: 0.7 ms]
      [Humongous Register: 0.0 ms]
      [Humongous Reclaim: 0.0 ms]
      [Free CSet: 0.0 ms]
   [Eden: 45056.0K(45056.0K)->0.0B(10240.0K) Survivors: 3072.0K->3072.0K Heap: 234.1M(267.0M)->190.4M(267.0M)]
 [Times: user=0.00 sys=0.00, real=0.01 secs] 
2020-12-18T14:07:06.887+0530: 441633.458: [GC concurrent-string-deduplication, 3272.0B->2968.0B(304.0B), avg 59.6%, 0.0000220 secs]
   [Last Exec: 0.0000220 secs, Idle: 300.1817054 secs, Blocked: 0/0.0000000 secs]
      [Inspected:              64]
         [Skipped:              0(  0.0%)]
         [Hashed:              11( 17.2%)]
         [Known:               45( 70.3%)]
         [New:                 19( 29.7%)   3272.0B]
      [Deduplicated:            7( 36.8%)    304.0B(  9.3%)]
         [Young:                7(100.0%)    304.0B(100.0%)]
         [Old:                  0(  0.0%)      0.0B(  0.0%)]
   [Total Exec: 1747/0.8777832 secs, Idle: 1747/441632.0829433 secs, Blocked: 133/0.0943544 secs]
      [Inspected:         2947092]
         [Skipped:              0(  0.0%)]
         [Hashed:         1231037( 41.8%)]
         [Known:           193813(  6.6%)]
         [New:            2753279( 93.4%)    214.2M]
      [Deduplicated:      1929677( 70.1%)    127.8M( 59.6%)]
         [Young:           796303( 41.3%)  62218.6K( 47.5%)]
         [Old:            1133374( 58.7%)  68645.1K( 52.5%)]
   [Table]
      [Memory Usage: 8448.9K]
      [Size: 262144, Min: 1024, Max: 16777216]
      [Entries: 264735, Load: 101.0%, Cached: 8368, Added: 990698, Removed: 725963]
      [Resize Count: 8, Shrink Threshold: 174762(66.7%), Grow Threshold: 524288(200.0%)]
      [Rehash Count: 0, Rehash Threshold: 120, Hash Seed: 0x0]
      [Age Threshold: 3]
   [Queue]
      [Dropped: 0]
[GC concurrent-string-deduplication, deleted 0 entries, 0.0000010 secs]
2020-12-18T14:07:06.935+0530: 441633.506: [GC pause (G1 Evacuation Pause) (mixed), 0.0078780 secs]
   [Parallel Time: 3.5 ms, GC Workers: 10]
      [GC Worker Start (ms): Min: 441633506.3, Avg: 441633506.4, Max: 441633506.5, Diff: 0.3]
      [Ext Root Scanning (ms): Min: 0.6, Avg: 1.1, Max: 2.1, Diff: 1.5, Sum: 10.6]
      [Update RS (ms): Min: 0.0, Avg: 0.2, Max: 0.6, Diff: 0.6, Sum: 2.0]
         [Processed Buffers: Min: 0, Avg: 1.2, Max: 4, Diff: 4, Sum: 12]
      [Scan RS (ms): Min: 0.0, Avg: 0.4, Max: 0.9, Diff: 0.9, Sum: 3.8]
      [Code Root Scanning (ms): Min: 0.0, Avg: 0.0, Max: 0.1, Diff: 0.1, Sum: 0.1]
      [Object Copy (ms): Min: 0.5, Avg: 0.9, Max: 1.3, Diff: 0.8, Sum: 8.6]
      [Termination (ms): Min: 0.0, Avg: 0.1, Max: 0.1, Diff: 0.1, Sum: 0.7]
         [Termination Attempts: Min: 1, Avg: 1.3, Max: 2, Diff: 1, Sum: 13]
      [GC Worker Other (ms): Min: 0.0, Avg: 0.0, Max: 0.0, Diff: 0.0, Sum: 0.1]
      [GC Worker Total (ms): Min: 2.5, Avg: 2.6, Max: 2.8, Diff: 0.3, Sum: 25.9]
      [GC Worker End (ms): Min: 441633509.0, Avg: 441633509.0, Max: 441633509.0, Diff: 0.0]
   [Code Root Fixup: 0.0 ms]
   [Code Root Purge: 0.0 ms]
   [String Dedup Fixup: 2.5 ms, GC Workers: 10]
      [Queue Fixup (ms): Min: 0.0, Avg: 0.0, Max: 0.0, Diff: 0.0, Sum: 0.0]
      [Table Fixup (ms): Min: 1.8, Avg: 1.8, Max: 2.0, Diff: 0.3, Sum: 18.4]
   [Clear CT: 0.6 ms]
   [Other: 1.2 ms]
      [Choose CSet: 0.0 ms]
      [Ref Proc: 0.6 ms]
      [Ref Enq: 0.0 ms]
      [Redirty Cards: 0.5 ms]
      [Humongous Register: 0.0 ms]
      [Humongous Reclaim: 0.0 ms]
      [Free CSet: 0.0 ms]
   [Eden: 10240.0K(10240.0K)->0.0B(48128.0K) Survivors: 3072.0K->2048.0K Heap: 200.4M(267.0M)->188.6M(267.0M)]
 [Times: user=0.16 sys=0.00, real=0.01 secs] 
2020-12-18T14:07:06.943+0530: 441633.514: [GC concurrent-string-deduplication, 344.0B->344.0B(0.0B), avg 59.6%, 0.0000097 secs]
   [Last Exec: 0.0000097 secs, Idle: 0.0563404 secs, Blocked: 0/0.0000000 secs]
      [Inspected:               8]
         [Skipped:              0(  0.0%)]
         [Hashed:               1( 12.5%)]
         [Known:                6( 75.0%)]
         [New:                  2( 25.0%)    344.0B]
      [Deduplicated:            0(  0.0%)      0.0B(  0.0%)]
         [Young:                0(  0.0%)      0.0B(  0.0%)]
         [Old:                  0(  0.0%)      0.0B(  0.0%)]
   [Total Exec: 1748/0.8777929 secs, Idle: 1748/441632.1392837 secs, Blocked: 133/0.0943544 secs]
      [Inspected:         2947100]
         [Skipped:              0(  0.0%)]
         [Hashed:         1231038( 41.8%)]
         [Known:           193819(  6.6%)]
         [New:            2753281( 93.4%)    214.2M]
      [Deduplicated:      1929677( 70.1%)    127.8M( 59.6%)]
         [Young:           796303( 41.3%)  62218.6K( 47.5%)]
         [Old:            1133374( 58.7%)  68645.1K( 52.5%)]
   [Table]
      [Memory Usage: 8448.9K]
      [Size: 262144, Min: 1024, Max: 16777216]
      [Entries: 264734, Load: 101.0%, Cached: 8369, Added: 990700, Removed: 725966]
      [Resize Count: 8, Shrink Threshold: 174762(66.7%), Grow Threshold: 524288(200.0%)]
      [Rehash Count: 0, Rehash Threshold: 120, Hash Seed: 0x0]
      [Age Threshold: 3]
   [Queue]
      [Dropped: 0]
[GC concurrent-string-deduplication, deleted 0 entries, 0.0000012 secs]
2020-12-18T14:12:07.110+0530: 441933.681: [GC pause (G1 Evacuation Pause) (young), 0.0075266 secs]
   [Parallel Time: 2.6 ms, GC Workers: 10]
      [GC Worker Start (ms): Min: 441933680.7, Avg: 441933681.0, Max: 441933681.2, Diff: 0.5]
      [Ext Root Scanning (ms): Min: 0.5, Avg: 0.8, Max: 1.5, Diff: 1.0, Sum: 7.6]
      [Update RS (ms): Min: 0.7, Avg: 1.1, Max: 1.4, Diff: 0.7, Sum: 11.4]
         [Processed Buffers: Min: 2, Avg: 6.0, Max: 12, Diff: 10, Sum: 60]
      [Scan RS (ms): Min: 0.0, Avg: 0.0, Max: 0.0, Diff: 0.0, Sum: 0.0]
      [Code Root Scanning (ms): Min: 0.0, Avg: 0.0, Max: 0.0, Diff: 0.0, Sum: 0.0]
      [Object Copy (ms): Min: 0.1, Avg: 0.3, Max: 0.4, Diff: 0.3, Sum: 2.9]
      [Termination (ms): Min: 0.0, Avg: 0.1, Max: 0.1, Diff: 0.1, Sum: 0.6]
         [Termination Attempts: Min: 1, Avg: 1.6, Max: 3, Diff: 2, Sum: 16]
      [GC Worker Other (ms): Min: 0.0, Avg: 0.0, Max: 0.0, Diff: 0.0, Sum: 0.1]
      [GC Worker Total (ms): Min: 2.1, Avg: 2.3, Max: 2.5, Diff: 0.5, Sum: 22.6]
      [GC Worker End (ms): Min: 441933683.3, Avg: 441933683.3, Max: 441933683.3, Diff: 0.0]
   [Code Root Fixup: 0.0 ms]
   [Code Root Purge: 0.0 ms]
   [String Dedup Fixup: 2.6 ms, GC Workers: 10]
      [Queue Fixup (ms): Min: 0.0, Avg: 0.0, Max: 0.0, Diff: 0.0, Sum: 0.0]
      [Table Fixup (ms): Min: 1.8, Avg: 1.9, Max: 2.1, Diff: 0.3, Sum: 19.0]
   [Clear CT: 0.9 ms]
   [Other: 1.5 ms]
      [Choose CSet: 0.0 ms]
      [Ref Proc: 0.4 ms]
      [Ref Enq: 0.0 ms]
      [Redirty Cards: 0.8 ms]
      [Humongous Register: 0.0 ms]
      [Humongous Reclaim: 0.0 ms]
      [Free CSet: 0.1 ms]
   [Eden: 48128.0K(48128.0K)->0.0B(48128.0K) Survivors: 2048.0K->2048.0K Heap: 235.6M(267.0M)->188.4M(267.0M)]
 [Times: user=0.00 sys=0.00, real=0.01 secs] 
2020-12-18T14:12:07.118+0530: 441933.688: [GC concurrent-string-deduplication, 448.0B->424.0B(24.0B), avg 59.6%, 0.0000062 secs]
   [Last Exec: 0.0000062 secs, Idle: 300.1740164 secs, Blocked: 0/0.0000000 secs]
      [Inspected:               4]
         [Skipped:              0(  0.0%)]
         [Hashed:               2( 50.0%)]
         [Known:                0(  0.0%)]
         [New:                  4(100.0%)    448.0B]
      [Deduplicated:            1( 25.0%)     24.0B(  5.4%)]
         [Young:                1(100.0%)     24.0B(100.0%)]
         [Old:                  0(  0.0%)      0.0B(  0.0%)]
   [Total Exec: 1749/0.8777991 secs, Idle: 1749/441932.3133001 secs, Blocked: 133/0.0943544 secs]
      [Inspected:         2947104]
         [Skipped:              0(  0.0%)]
         [Hashed:         1231040( 41.8%)]
         [Known:           193819(  6.6%)]
         [New:            2753285( 93.4%)    214.2M]
      [Deduplicated:      1929678( 70.1%)    127.8M( 59.6%)]
         [Young:           796304( 41.3%)  62218.7K( 47.5%)]
         [Old:            1133374( 58.7%)  68645.1K( 52.5%)]
   [Table]
      [Memory Usage: 8448.9K]
      [Size: 262144, Min: 1024, Max: 16777216]
      [Entries: 264737, Load: 101.0%, Cached: 8366, Added: 990703, Removed: 725966]
      [Resize Count: 8, Shrink Threshold: 174762(66.7%), Grow Threshold: 524288(200.0%)]
      [Rehash Count: 0, Rehash Threshold: 120, Hash Seed: 0x0]
      [Age Threshold: 3]
   [Queue]
      [Dropped: 0]
[GC concurrent-string-deduplication, deleted 0 entries, 0.0000010 secs]
2020-12-18T14:17:07.282+0530: 442233.853: [GC pause (G1 Evacuation Pause) (young) (initial-mark), 0.0093431 secs]
   [Parallel Time: 4.0 ms, GC Workers: 10]
      [GC Worker Start (ms): Min: 442233853.0, Avg: 442233853.3, Max: 442233853.5, Diff: 0.5]
      [Ext Root Scanning (ms): Min: 2.0, Avg: 2.2, Max: 2.7, Diff: 0.7, Sum: 22.3]
      [Update RS (ms): Min: 0.3, Avg: 0.5, Max: 0.8, Diff: 0.4, Sum: 4.9]
         [Processed Buffers: Min: 1, Avg: 5.3, Max: 16, Diff: 15, Sum: 53]
      [Scan RS (ms): Min: 0.0, Avg: 0.0, Max: 0.0, Diff: 0.0, Sum: 0.0]
      [Code Root Scanning (ms): Min: 0.0, Avg: 0.0, Max: 0.0, Diff: 0.0, Sum: 0.0]
      [Object Copy (ms): Min: 0.1, Avg: 0.4, Max: 0.5, Diff: 0.4, Sum: 3.6]
      [Termination (ms): Min: 0.0, Avg: 0.0, Max: 0.0, Diff: 0.0, Sum: 0.4]
         [Termination Attempts: Min: 1, Avg: 1.0, Max: 1, Diff: 0, Sum: 10]
      [GC Worker Other (ms): Min: 0.0, Avg: 0.0, Max: 0.0, Diff: 0.0, Sum: 0.2]
      [GC Worker Total (ms): Min: 2.9, Avg: 3.1, Max: 3.4, Diff: 0.5, Sum: 31.3]
      [GC Worker End (ms): Min: 442233856.5, Avg: 442233856.5, Max: 442233856.5, Diff: 0.0]
   [Code Root Fixup: 0.0 ms]
   [Code Root Purge: 0.0 ms]
   [String Dedup Fixup: 3.1 ms, GC Workers: 10]
      [Queue Fixup (ms): Min: 0.0, Avg: 0.0, Max: 0.0, Diff: 0.0, Sum: 0.0]
      [Table Fixup (ms): Min: 2.3, Avg: 2.4, Max: 2.5, Diff: 0.2, Sum: 24.0]
   [Clear CT: 0.8 ms]
   [Other: 1.4 ms]
      [Choose CSet: 0.0 ms]
      [Ref Proc: 0.5 ms]
      [Ref Enq: 0.0 ms]
      [Redirty Cards: 0.8 ms]
      [Humongous Register: 0.0 ms]
      [Humongous Reclaim: 0.0 ms]
      [Free CSet: 0.0 ms]
   [Eden: 48128.0K(48128.0K)->0.0B(48128.0K) Survivors: 2048.0K->2048.0K Heap: 235.4M(267.0M)->188.5M(267.0M)]
 [Times: user=0.00 sys=0.00, real=0.01 secs] 
2020-12-18T14:17:07.292+0530: 442233.862: [GC concurrent-root-region-scan-start]
2020-12-18T14:17:07.294+0530: 442233.865: [GC concurrent-root-region-scan-end, 0.0025413 secs]
2020-12-18T14:17:07.294+0530: 442233.865: [GC concurrent-mark-start]
2020-12-18T14:17:07.381+0530: 442233.951: [GC concurrent-mark-end, 0.0864628 secs]
2020-12-18T14:17:07.381+0530: 442233.952: [GC remark 2020-12-18T14:17:07.381+0530: 442233.952: [Finalize Marking, 0.0007168 secs] 2020-12-18T14:17:07.382+0530: 442233.953: [GC ref-proc, 0.0005041 secs] 2020-12-18T14:17:07.383+0530: 442233.953: [Unloading, 0.0214374 secs], 0.0236114 secs]
 [Times: user=0.16 sys=0.00, real=0.02 secs] 
2020-12-18T14:17:07.406+0530: 442233.976: [GC cleanup 193M->193M(267M), 0.0036222 secs]
 [Times: user=0.00 sys=0.00, real=0.00 secs] 
2020-12-18T14:22:07.430+0530: 442534.001: [GC pause (G1 Evacuation Pause) (young), 0.0096826 secs]
   [Parallel Time: 2.9 ms, GC Workers: 10]
      [GC Worker Start (ms): Min: 442534001.6, Avg: 442534001.8, Max: 442534001.8, Diff: 0.2]
      [Ext Root Scanning (ms): Min: 0.8, Avg: 1.0, Max: 1.7, Diff: 0.9, Sum: 10.0]
      [Update RS (ms): Min: 0.0, Avg: 0.6, Max: 1.2, Diff: 1.2, Sum: 6.0]
         [Processed Buffers: Min: 0, Avg: 6.5, Max: 21, Diff: 21, Sum: 65]
      [Scan RS (ms): Min: 0.0, Avg: 0.0, Max: 0.0, Diff: 0.0, Sum: 0.0]
      [Code Root Scanning (ms): Min: 0.0, Avg: 0.0, Max: 0.0, Diff: 0.0, Sum: 0.0]
      [Object Copy (ms): Min: 0.1, Avg: 0.3, Max: 0.5, Diff: 0.4, Sum: 3.4]
      [Termination (ms): Min: 0.0, Avg: 0.3, Max: 0.3, Diff: 0.3, Sum: 2.8]
         [Termination Attempts: Min: 1, Avg: 6.4, Max: 11, Diff: 10, Sum: 64]
      [GC Worker Other (ms): Min: 0.0, Avg: 0.0, Max: 0.0, Diff: 0.0, Sum: 0.2]
      [GC Worker Total (ms): Min: 2.2, Avg: 2.2, Max: 2.4, Diff: 0.2, Sum: 22.5]
      [GC Worker End (ms): Min: 442534004.0, Avg: 442534004.0, Max: 442534004.0, Diff: 0.0]
   [Code Root Fixup: 0.0 ms]
   [Code Root Purge: 0.0 ms]
   [String Dedup Fixup: 2.6 ms, GC Workers: 10]
      [Queue Fixup (ms): Min: 0.0, Avg: 0.0, Max: 0.0, Diff: 0.0, Sum: 0.0]
      [Table Fixup (ms): Min: 1.8, Avg: 1.9, Max: 2.1, Diff: 0.3, Sum: 19.3]
   [Clear CT: 0.8 ms]
   [Other: 3.3 ms]
      [Choose CSet: 0.0 ms]
      [Ref Proc: 2.4 ms]
      [Ref Enq: 0.0 ms]
      [Redirty Cards: 0.7 ms]
      [Humongous Register: 0.1 ms]
      [Humongous Reclaim: 0.0 ms]
      [Free CSet: 0.0 ms]
   [Eden: 48128.0K(48128.0K)->0.0B(9216.0K) Survivors: 2048.0K->4096.0K Heap: 235.5M(267.0M)->191.1M(267.0M)]
 [Times: user=0.16 sys=0.00, real=0.01 secs] 
2020-12-18T14:22:07.440+0530: 442534.011: [GC concurrent-string-deduplication, 264.0B->264.0B(0.0B), avg 59.6%, 0.0000043 secs]
   [Last Exec: 0.0000043 secs, Idle: 600.3228573 secs, Blocked: 0/0.0000000 secs]
      [Inspected:               1]
         [Skipped:              0(  0.0%)]
         [Hashed:               1(100.0%)]
         [Known:                0(  0.0%)]
         [New:                  1(100.0%)    264.0B]
      [Deduplicated:            0(  0.0%)      0.0B(  0.0%)]
         [Young:                0(  0.0%)      0.0B(  0.0%)]
         [Old:                  0(  0.0%)      0.0B(  0.0%)]
   [Total Exec: 1750/0.8778034 secs, Idle: 1750/442532.6361574 secs, Blocked: 133/0.0943544 secs]
      [Inspected:         2947105]
         [Skipped:              0(  0.0%)]
         [Hashed:         1231041( 41.8%)]
         [Known:           193819(  6.6%)]
         [New:            2753286( 93.4%)    214.2M]
      [Deduplicated:      1929678( 70.1%)    127.8M( 59.6%)]
         [Young:           796304( 41.3%)  62218.7K( 47.5%)]
         [Old:            1133374( 58.7%)  68645.1K( 52.5%)]
   [Table]
      [Memory Usage: 8448.9K]
      [Size: 262144, Min: 1024, Max: 16777216]
      [Entries: 264695, Load: 101.0%, Cached: 8408, Added: 990741, Removed: 726046]
      [Resize Count: 8, Shrink Threshold: 174762(66.7%), Grow Threshold: 524288(200.0%)]
      [Rehash Count: 0, Rehash Threshold: 120, Hash Seed: 0x0]
      [Age Threshold: 3]
   [Queue]
      [Dropped: 0]
[GC concurrent-string-deduplication, deleted 0 entries, 0.0000009 secs]
2020-12-18T14:22:07.457+0530: 442534.028: [GC pause (G1 Evacuation Pause) (mixed), 0.0098298 secs]
   [Parallel Time: 5.0 ms, GC Workers: 10]
      [GC Worker Start (ms): Min: 442534028.4, Avg: 442534028.5, Max: 442534028.6, Diff: 0.2]
      [Ext Root Scanning (ms): Min: 0.6, Avg: 0.8, Max: 1.6, Diff: 1.0, Sum: 7.7]
      [Update RS (ms): Min: 0.0, Avg: 0.2, Max: 0.3, Diff: 0.3, Sum: 1.5]
         [Processed Buffers: Min: 0, Avg: 1.3, Max: 3, Diff: 3, Sum: 13]
      [Scan RS (ms): Min: 0.2, Avg: 0.9, Max: 3.3, Diff: 3.1, Sum: 8.9]
      [Code Root Scanning (ms): Min: 0.0, Avg: 0.0, Max: 0.0, Diff: 0.0, Sum: 0.0]
      [Object Copy (ms): Min: 0.1, Avg: 1.9, Max: 3.3, Diff: 3.2, Sum: 19.3]
      [Termination (ms): Min: 0.0, Avg: 1.0, Max: 1.3, Diff: 1.3, Sum: 10.1]
         [Termination Attempts: Min: 1, Avg: 26.3, Max: 44, Diff: 43, Sum: 263]
      [GC Worker Other (ms): Min: 0.0, Avg: 0.0, Max: 0.0, Diff: 0.0, Sum: 0.1]
      [GC Worker Total (ms): Min: 4.7, Avg: 4.8, Max: 4.9, Diff: 0.2, Sum: 47.7]
      [GC Worker End (ms): Min: 442534033.3, Avg: 442534033.3, Max: 442534033.3, Diff: 0.0]
   [Code Root Fixup: 0.0 ms]
   [Code Root Purge: 0.0 ms]
   [String Dedup Fixup: 2.8 ms, GC Workers: 10]
      [Queue Fixup (ms): Min: 0.0, Avg: 0.0, Max: 0.0, Diff: 0.0, Sum: 0.0]
      [Table Fixup (ms): Min: 2.1, Avg: 2.2, Max: 2.4, Diff: 0.3, Sum: 21.7]
   [Clear CT: 0.8 ms]
   [Other: 1.2 ms]
      [Choose CSet: 0.0 ms]
      [Ref Proc: 0.3 ms]
      [Ref Enq: 0.0 ms]
      [Redirty Cards: 0.7 ms]
      [Humongous Register: 0.0 ms]
      [Humongous Reclaim: 0.0 ms]
      [Free CSet: 0.1 ms]
   [Eden: 9216.0K(9216.0K)->0.0B(48128.0K) Survivors: 4096.0K->2048.0K Heap: 200.1M(267.0M)->188.8M(267.0M)]
 [Times: user=0.00 sys=0.00, real=0.01 secs] 
2020-12-18T14:22:07.467+0530: 442534.038: [GC concurrent-string-deduplication, 264.0B->264.0B(0.0B), avg 59.6%, 0.0000034 secs]
   [Last Exec: 0.0000034 secs, Idle: 0.0269032 secs, Blocked: 0/0.0000000 secs]
      [Inspected:               1]
         [Skipped:              0(  0.0%)]
         [Hashed:               1(100.0%)]
         [Known:                0(  0.0%)]
         [New:                  1(100.0%)    264.0B]
      [Deduplicated:            0(  0.0%)      0.0B(  0.0%)]
         [Young:                0(  0.0%)      0.0B(  0.0%)]
         [Old:                  0(  0.0%)      0.0B(  0.0%)]
   [Total Exec: 1751/0.8778068 secs, Idle: 1751/442532.6630606 secs, Blocked: 133/0.0943544 secs]
      [Inspected:         2947106]
         [Skipped:              0(  0.0%)]
         [Hashed:         1231042( 41.8%)]
         [Known:           193819(  6.6%)]
         [New:            2753287( 93.4%)    214.2M]
      [Deduplicated:      1929678( 70.1%)    127.8M( 59.6%)]
         [Young:           796304( 41.3%)  62218.7K( 47.5%)]
         [Old:            1133374( 58.7%)  68645.1K( 52.5%)]
   [Table]
      [Memory Usage: 8448.9K]
      [Size: 262144, Min: 1024, Max: 16777216]
      [Entries: 264696, Load: 101.0%, Cached: 8407, Added: 990742, Removed: 726046]
      [Resize Count: 8, Shrink Threshold: 174762(66.7%), Grow Threshold: 524288(200.0%)]
      [Rehash Count: 0, Rehash Threshold: 120, Hash Seed: 0x0]
      [Age Threshold: 3]
   [Queue]
      [Dropped: 0]
[GC concurrent-string-deduplication, deleted 0 entries, 0.0000006 secs]
2020-12-18T14:27:07.760+0530: 442834.331: [GC pause (G1 Evacuation Pause) (young), 0.0069491 secs]
   [Parallel Time: 3.6 ms, GC Workers: 10]
      [GC Worker Start (ms): Min: 442834330.7, Avg: 442834330.9, Max: 442834330.9, Diff: 0.2]
      [Ext Root Scanning (ms): Min: 0.7, Avg: 0.9, Max: 2.2, Diff: 1.5, Sum: 8.8]
      [Update RS (ms): Min: 1.1, Avg: 2.2, Max: 2.5, Diff: 1.4, Sum: 22.2]
         [Processed Buffers: Min: 3, Avg: 7.3, Max: 17, Diff: 14, Sum: 73]
      [Scan RS (ms): Min: 0.0, Avg: 0.0, Max: 0.0, Diff: 0.0, Sum: 0.0]
      [Code Root Scanning (ms): Min: 0.0, Avg: 0.0, Max: 0.0, Diff: 0.0, Sum: 0.0]
      [Object Copy (ms): Min: 0.1, Avg: 0.2, Max: 0.3, Diff: 0.2, Sum: 2.1]
      [Termination (ms): Min: 0.0, Avg: 0.1, Max: 0.1, Diff: 0.1, Sum: 0.9]
         [Termination Attempts: Min: 1, Avg: 1.2, Max: 2, Diff: 1, Sum: 12]
      [GC Worker Other (ms): Min: 0.0, Avg: 0.0, Max: 0.0, Diff: 0.0, Sum: 0.1]
      [GC Worker Total (ms): Min: 3.3, Avg: 3.4, Max: 3.5, Diff: 0.2, Sum: 34.2]
      [GC Worker End (ms): Min: 442834334.3, Avg: 442834334.3, Max: 442834334.3, Diff: 0.0]
   [Code Root Fixup: 0.0 ms]
   [Code Root Purge: 0.0 ms]
   [String Dedup Fixup: 2.2 ms, GC Workers: 10]
      [Queue Fixup (ms): Min: 0.0, Avg: 0.0, Max: 0.0, Diff: 0.0, Sum: 0.0]
      [Table Fixup (ms): Min: 1.9, Avg: 2.0, Max: 2.0, Diff: 0.1, Sum: 19.7]
   [Clear CT: 0.3 ms]
   [Other: 0.8 ms]
      [Choose CSet: 0.0 ms]
      [Ref Proc: 0.3 ms]
      [Ref Enq: 0.0 ms]
      [Redirty Cards: 0.3 ms]
      [Humongous Register: 0.0 ms]
      [Humongous Reclaim: 0.0 ms]
      [Free CSet: 0.0 ms]
   [Eden: 48128.0K(48128.0K)->0.0B(48128.0K) Survivors: 2048.0K->2048.0K Heap: 235.8M(267.0M)->188.2M(267.0M)]
 [Times: user=0.16 sys=0.00, real=0.01 secs] 
2020-12-18T14:27:07.767+0530: 442834.338: [GC concurrent-string-deduplication, 16344.0B->14352.0B(1992.0B), avg 59.6%, 0.0000603 secs]
   [Last Exec: 0.0000603 secs, Idle: 300.2994985 secs, Blocked: 0/0.0000000 secs]
      [Inspected:             161]
         [Skipped:              0(  0.0%)]
         [Hashed:             113( 70.2%)]
         [Known:               38( 23.6%)]
         [New:                123( 76.4%)  16344.0B]
      [Deduplicated:           59( 48.0%)   1992.0B( 12.2%)]
         [Young:               59(100.0%)   1992.0B(100.0%)]
         [Old:                  0(  0.0%)      0.0B(  0.0%)]
   [Total Exec: 1752/0.8778671 secs, Idle: 1752/442832.9625591 secs, Blocked: 133/0.0943544 secs]
      [Inspected:         2947267]
         [Skipped:              0(  0.0%)]
         [Hashed:         1231155( 41.8%)]
         [Known:           193857(  6.6%)]
         [New:            2753410( 93.4%)    214.3M]
      [Deduplicated:      1929737( 70.1%)    127.8M( 59.6%)]
         [Young:           796363( 41.3%)  62220.6K( 47.5%)]
         [Old:            1133374( 58.7%)  68645.1K( 52.5%)]
   [Table]
      [Memory Usage: 8448.9K]
      [Size: 262144, Min: 1024, Max: 16777216]
      [Entries: 264760, Load: 101.0%, Cached: 8343, Added: 990806, Removed: 726046]
      [Resize Count: 8, Shrink Threshold: 174762(66.7%), Grow Threshold: 524288(200.0%)]
      [Rehash Count: 0, Rehash Threshold: 120, Hash Seed: 0x0]
      [Age Threshold: 3]
   [Queue]
      [Dropped: 0]
[GC concurrent-string-deduplication, deleted 0 entries, 0.0000009 secs]
2020-12-18T14:33:25.380+0530: 443211.950: [GC pause (G1 Evacuation Pause) (young) (initial-mark), 0.0108408 secs]
   [Parallel Time: 5.8 ms, GC Workers: 10]
      [GC Worker Start (ms): Min: 443211950.9, Avg: 443211951.2, Max: 443211951.5, Diff: 0.6]
      [Ext Root Scanning (ms): Min: 3.4, Avg: 3.8, Max: 4.4, Diff: 0.9, Sum: 37.7]
      [Update RS (ms): Min: 0.3, Avg: 0.5, Max: 0.9, Diff: 0.6, Sum: 5.0]
         [Processed Buffers: Min: 1, Avg: 5.3, Max: 13, Diff: 12, Sum: 53]
      [Scan RS (ms): Min: 0.0, Avg: 0.0, Max: 0.0, Diff: 0.0, Sum: 0.1]
      [Code Root Scanning (ms): Min: 0.0, Avg: 0.0, Max: 0.0, Diff: 0.0, Sum: 0.0]
      [Object Copy (ms): Min: 0.0, Avg: 0.4, Max: 0.8, Diff: 0.8, Sum: 4.4]
      [Termination (ms): Min: 0.0, Avg: 0.2, Max: 0.3, Diff: 0.3, Sum: 2.0]
         [Termination Attempts: Min: 1, Avg: 1.8, Max: 3, Diff: 2, Sum: 18]
      [GC Worker Other (ms): Min: 0.0, Avg: 0.0, Max: 0.1, Diff: 0.0, Sum: 0.2]
      [GC Worker Total (ms): Min: 4.6, Avg: 4.9, Max: 5.3, Diff: 0.6, Sum: 49.4]
      [GC Worker End (ms): Min: 443211956.1, Avg: 443211956.2, Max: 443211956.2, Diff: 0.0]
   [Code Root Fixup: 0.0 ms]
   [Code Root Purge: 0.0 ms]
   [String Dedup Fixup: 2.5 ms, GC Workers: 10]
      [Queue Fixup (ms): Min: 0.0, Avg: 0.0, Max: 0.0, Diff: 0.0, Sum: 0.0]
      [Table Fixup (ms): Min: 1.8, Avg: 1.9, Max: 2.1, Diff: 0.3, Sum: 19.2]
   [Clear CT: 0.7 ms]
   [Other: 1.8 ms]
      [Choose CSet: 0.0 ms]
      [Ref Proc: 0.7 ms]
      [Ref Enq: 0.0 ms]
      [Redirty Cards: 0.7 ms]
      [Humongous Register: 0.0 ms]
      [Humongous Reclaim: 0.0 ms]
      [Free CSet: 0.0 ms]
   [Eden: 48128.0K(48128.0K)->0.0B(50176.0K) Survivors: 2048.0K->1024.0K Heap: 235.2M(267.0M)->188.1M(267.0M)]
 [Times: user=0.00 sys=0.00, real=0.01 secs] 
2020-12-18T14:33:25.391+0530: 443211.961: [GC concurrent-root-region-scan-start]
2020-12-18T14:33:25.393+0530: 443211.964: [GC concurrent-root-region-scan-end, 0.0021605 secs]
2020-12-18T14:33:25.393+0530: 443211.964: [GC concurrent-mark-start]
2020-12-18T14:33:25.479+0530: 443212.050: [GC concurrent-mark-end, 0.0863200 secs]
2020-12-18T14:33:25.480+0530: 443212.050: [GC remark 2020-12-18T14:33:25.480+0530: 443212.050: [Finalize Marking, 0.0004184 secs] 2020-12-18T14:33:25.480+0530: 443212.051: [GC ref-proc, 0.0006660 secs] 2020-12-18T14:33:25.481+0530: 443212.052: [Unloading, 0.0229996 secs], 0.0249042 secs]
 [Times: user=0.31 sys=0.00, real=0.03 secs] 
2020-12-18T14:33:25.505+0530: 443212.076: [GC cleanup 188M->188M(267M), 0.0034011 secs]
 [Times: user=0.00 sys=0.00, real=0.00 secs] 
2020-12-18T14:41:35.827+0530: 443702.398: [GC pause (G1 Evacuation Pause) (young), 0.0103783 secs]
   [Parallel Time: 5.0 ms, GC Workers: 10]
      [GC Worker Start (ms): Min: 443702398.8, Avg: 443702399.2, Max: 443702399.7, Diff: 0.9]
      [Ext Root Scanning (ms): Min: 1.2, Avg: 1.9, Max: 4.2, Diff: 3.0, Sum: 18.9]
      [Update RS (ms): Min: 0.0, Avg: 1.8, Max: 2.4, Diff: 2.4, Sum: 18.0]
         [Processed Buffers: Min: 0, Avg: 6.5, Max: 18, Diff: 18, Sum: 65]
      [Scan RS (ms): Min: 0.0, Avg: 0.0, Max: 0.0, Diff: 0.0, Sum: 0.1]
      [Code Root Scanning (ms): Min: 0.0, Avg: 0.0, Max: 0.0, Diff: 0.0, Sum: 0.0]
      [Object Copy (ms): Min: 0.3, Avg: 0.4, Max: 0.6, Diff: 0.3, Sum: 4.2]
      [Termination (ms): Min: 0.0, Avg: 0.2, Max: 0.3, Diff: 0.3, Sum: 2.5]
         [Termination Attempts: Min: 1, Avg: 1.0, Max: 1, Diff: 0, Sum: 10]
      [GC Worker Other (ms): Min: 0.0, Avg: 0.0, Max: 0.1, Diff: 0.0, Sum: 0.2]
      [GC Worker Total (ms): Min: 3.9, Avg: 4.4, Max: 4.8, Diff: 0.9, Sum: 44.0]
      [GC Worker End (ms): Min: 443702403.6, Avg: 443702403.6, Max: 443702403.6, Diff: 0.0]
   [Code Root Fixup: 0.0 ms]
   [Code Root Purge: 0.0 ms]
   [String Dedup Fixup: 2.5 ms, GC Workers: 10]
      [Queue Fixup (ms): Min: 0.0, Avg: 0.0, Max: 0.0, Diff: 0.0, Sum: 0.0]
      [Table Fixup (ms): Min: 1.8, Avg: 1.9, Max: 2.0, Diff: 0.2, Sum: 18.8]
   [Clear CT: 0.8 ms]
   [Other: 2.1 ms]
      [Choose CSet: 0.0 ms]
      [Ref Proc: 1.0 ms]
      [Ref Enq: 0.0 ms]
      [Redirty Cards: 0.7 ms]
      [Humongous Register: 0.1 ms]
      [Humongous Reclaim: 0.0 ms]
      [Free CSet: 0.1 ms]
   [Eden: 50176.0K(50176.0K)->0.0B(12288.0K) Survivors: 1024.0K->1024.0K Heap: 237.1M(267.0M)->188.1M(267.0M)]
 [Times: user=0.02 sys=0.00, real=0.01 secs] 
2020-12-18T14:41:35.838+0530: 443702.409: [GC concurrent-string-deduplication, 264.0B->264.0B(0.0B), avg 59.6%, 0.0000032 secs]
   [Last Exec: 0.0000032 secs, Idle: 868.0710742 secs, Blocked: 0/0.0000000 secs]
      [Inspected:               1]
         [Skipped:              0(  0.0%)]
         [Hashed:               1(100.0%)]
         [Known:                0(  0.0%)]
         [New:                  1(100.0%)    264.0B]
      [Deduplicated:            0(  0.0%)      0.0B(  0.0%)]
         [Young:                0(  0.0%)      0.0B(  0.0%)]
         [Old:                  0(  0.0%)      0.0B(  0.0%)]
   [Total Exec: 1753/0.8778703 secs, Idle: 1753/443701.0336333 secs, Blocked: 133/0.0943544 secs]
      [Inspected:         2947268]
         [Skipped:              0(  0.0%)]
         [Hashed:         1231156( 41.8%)]
         [Known:           193857(  6.6%)]
         [New:            2753411( 93.4%)    214.3M]
      [Deduplicated:      1929737( 70.1%)    127.8M( 59.6%)]
         [Young:           796363( 41.3%)  62220.6K( 47.5%)]
         [Old:            1133374( 58.7%)  68645.1K( 52.5%)]
   [Table]
      [Memory Usage: 8448.9K]
      [Size: 262144, Min: 1024, Max: 16777216]
      [Entries: 264497, Load: 100.9%, Cached: 8606, Added: 990810, Removed: 726313]
      [Resize Count: 8, Shrink Threshold: 174762(66.7%), Grow Threshold: 524288(200.0%)]
      [Rehash Count: 0, Rehash Threshold: 120, Hash Seed: 0x0]
      [Age Threshold: 3]
   [Queue]
      [Dropped: 0]
[GC concurrent-string-deduplication, deleted 0 entries, 0.0000008 secs]
2020-12-18T14:42:08.139+0530: 443734.710: [GC pause (G1 Evacuation Pause) (mixed), 0.0083198 secs]
   [Parallel Time: 3.3 ms, GC Workers: 10]
      [GC Worker Start (ms): Min: 443734709.9, Avg: 443734710.1, Max: 443734710.2, Diff: 0.3]
      [Ext Root Scanning (ms): Min: 0.6, Avg: 0.8, Max: 1.6, Diff: 1.0, Sum: 7.7]
      [Update RS (ms): Min: 0.0, Avg: 0.4, Max: 0.7, Diff: 0.7, Sum: 4.4]
         [Processed Buffers: Min: 0, Avg: 3.5, Max: 11, Diff: 11, Sum: 35]
      [Scan RS (ms): Min: 0.0, Avg: 0.2, Max: 0.3, Diff: 0.3, Sum: 2.1]
      [Code Root Scanning (ms): Min: 0.0, Avg: 0.0, Max: 0.1, Diff: 0.1, Sum: 0.1]
      [Object Copy (ms): Min: 1.3, Avg: 1.5, Max: 1.5, Diff: 0.2, Sum: 14.6]
      [Termination (ms): Min: 0.0, Avg: 0.0, Max: 0.0, Diff: 0.0, Sum: 0.0]
         [Termination Attempts: Min: 1, Avg: 1.7, Max: 3, Diff: 2, Sum: 17]
      [GC Worker Other (ms): Min: 0.0, Avg: 0.0, Max: 0.0, Diff: 0.0, Sum: 0.1]
      [GC Worker Total (ms): Min: 2.8, Avg: 2.9, Max: 3.1, Diff: 0.3, Sum: 29.0]
      [GC Worker End (ms): Min: 443734713.0, Avg: 443734713.0, Max: 443734713.0, Diff: 0.0]
   [Code Root Fixup: 0.0 ms]
   [Code Root Purge: 0.0 ms]
   [String Dedup Fixup: 2.9 ms, GC Workers: 10]
      [Queue Fixup (ms): Min: 0.0, Avg: 0.0, Max: 0.0, Diff: 0.0, Sum: 0.0]
      [Table Fixup (ms): Min: 2.5, Avg: 2.6, Max: 2.8, Diff: 0.3, Sum: 26.0]
   [Clear CT: 1.0 ms]
   [Other: 1.2 ms]
      [Choose CSet: 0.0 ms]
      [Ref Proc: 0.5 ms]
      [Ref Enq: 0.0 ms]
      [Redirty Cards: 0.4 ms]
      [Humongous Register: 0.0 ms]
      [Humongous Reclaim: 0.0 ms]
      [Free CSet: 0.1 ms]
   [Eden: 12288.0K(12288.0K)->0.0B(48128.0K) Survivors: 1024.0K->2048.0K Heap: 200.1M(267.0M)->188.1M(267.0M)]
 [Times: user=0.16 sys=0.00, real=0.01 secs] 
2020-12-18T14:42:08.148+0530: 443734.718: [GC concurrent-string-deduplication, 264.0B->264.0B(0.0B), avg 59.6%, 0.0000042 secs]
   [Last Exec: 0.0000042 secs, Idle: 32.3092815 secs, Blocked: 0/0.0000000 secs]
      [Inspected:               1]
         [Skipped:              0(  0.0%)]
         [Hashed:               1(100.0%)]
         [Known:                0(  0.0%)]
         [New:                  1(100.0%)    264.0B]
      [Deduplicated:            0(  0.0%)      0.0B(  0.0%)]
         [Young:                0(  0.0%)      0.0B(  0.0%)]
         [Old:                  0(  0.0%)      0.0B(  0.0%)]
   [Total Exec: 1754/0.8778745 secs, Idle: 1754/443733.3429148 secs, Blocked: 133/0.0943544 secs]
      [Inspected:         2947269]
         [Skipped:              0(  0.0%)]
         [Hashed:         1231157( 41.8%)]
         [Known:           193857(  6.6%)]
         [New:            2753412( 93.4%)    214.3M]
      [Deduplicated:      1929737( 70.1%)    127.8M( 59.6%)]
         [Young:           796363( 41.3%)  62220.6K( 47.5%)]
         [Old:            1133374( 58.7%)  68645.1K( 52.5%)]
   [Table]
      [Memory Usage: 8448.9K]
      [Size: 262144, Min: 1024, Max: 16777216]
      [Entries: 264498, Load: 100.9%, Cached: 8605, Added: 990811, Removed: 726313]
      [Resize Count: 8, Shrink Threshold: 174762(66.7%), Grow Threshold: 524288(200.0%)]
      [Rehash Count: 0, Rehash Threshold: 120, Hash Seed: 0x0]
      [Age Threshold: 3]
   [Queue]
      [Dropped: 0]
[GC concurrent-string-deduplication, deleted 0 entries, 0.0000007 secs]
2020-12-18T14:47:08.308+0530: 444034.879: [GC pause (G1 Evacuation Pause) (young), 0.0083112 secs]
   [Parallel Time: 2.9 ms, GC Workers: 10]
      [GC Worker Start (ms): Min: 444034878.9, Avg: 444034879.1, Max: 444034879.2, Diff: 0.3]
      [Ext Root Scanning (ms): Min: 0.6, Avg: 0.8, Max: 1.5, Diff: 0.9, Sum: 8.1]
      [Update RS (ms): Min: 0.5, Avg: 0.9, Max: 1.3, Diff: 0.8, Sum: 9.5]
         [Processed Buffers: Min: 1, Avg: 5.4, Max: 21, Diff: 20, Sum: 54]
      [Scan RS (ms): Min: 0.0, Avg: 0.0, Max: 0.0, Diff: 0.0, Sum: 0.0]
      [Code Root Scanning (ms): Min: 0.0, Avg: 0.0, Max: 0.0, Diff: 0.0, Sum: 0.0]
      [Object Copy (ms): Min: 0.1, Avg: 0.2, Max: 0.3, Diff: 0.2, Sum: 2.1]
      [Termination (ms): Min: 0.0, Avg: 0.2, Max: 0.2, Diff: 0.2, Sum: 1.8]
         [Termination Attempts: Min: 1, Avg: 1.3, Max: 2, Diff: 1, Sum: 13]
      [GC Worker Other (ms): Min: 0.0, Avg: 0.0, Max: 0.0, Diff: 0.0, Sum: 0.1]
      [GC Worker Total (ms): Min: 2.0, Avg: 2.2, Max: 2.4, Diff: 0.3, Sum: 21.7]
      [GC Worker End (ms): Min: 444034881.3, Avg: 444034881.3, Max: 444034881.3, Diff: 0.0]
   [Code Root Fixup: 0.0 ms]
   [Code Root Purge: 0.0 ms]
   [String Dedup Fixup: 2.8 ms, GC Workers: 10]
      [Queue Fixup (ms): Min: 0.0, Avg: 0.0, Max: 0.0, Diff: 0.0, Sum: 0.0]
      [Table Fixup (ms): Min: 2.1, Avg: 2.2, Max: 2.3, Diff: 0.2, Sum: 21.6]
   [Clear CT: 0.8 ms]
   [Other: 1.8 ms]
      [Choose CSet: 0.0 ms]
      [Ref Proc: 0.8 ms]
      [Ref Enq: 0.0 ms]
      [Redirty Cards: 0.8 ms]
      [Humongous Register: 0.0 ms]
      [Humongous Reclaim: 0.0 ms]
      [Free CSet: 0.0 ms]
   [Eden: 48128.0K(48128.0K)->0.0B(50176.0K) Survivors: 2048.0K->1024.0K Heap: 235.1M(267.0M)->187.8M(267.0M)]
 [Times: user=0.16 sys=0.00, real=0.01 secs] 
2020-12-18T14:47:08.317+0530: 444034.887: [GC concurrent-string-deduplication, 528.0B->528.0B(0.0B), avg 59.6%, 0.0000050 secs]
   [Last Exec: 0.0000050 secs, Idle: 300.1689101 secs, Blocked: 0/0.0000000 secs]
      [Inspected:               5]
         [Skipped:              0(  0.0%)]
         [Hashed:               2( 40.0%)]
         [Known:                3( 60.0%)]
         [New:                  2( 40.0%)    528.0B]
      [Deduplicated:            0(  0.0%)      0.0B(  0.0%)]
         [Young:                0(  0.0%)      0.0B(  0.0%)]
         [Old:                  0(  0.0%)      0.0B(  0.0%)]
   [Total Exec: 1755/0.8778795 secs, Idle: 1755/444033.5118249 secs, Blocked: 133/0.0943544 secs]
      [Inspected:         2947274]
         [Skipped:              0(  0.0%)]
         [Hashed:         1231159( 41.8%)]
         [Known:           193860(  6.6%)]
         [New:            2753414( 93.4%)    214.3M]
      [Deduplicated:      1929737( 70.1%)    127.8M( 59.6%)]
         [Young:           796363( 41.3%)  62220.6K( 47.5%)]
         [Old:            1133374( 58.7%)  68645.1K( 52.5%)]
   [Table]
      [Memory Usage: 8448.9K]
      [Size: 262144, Min: 1024, Max: 16777216]
      [Entries: 264467, Load: 100.9%, Cached: 8636, Added: 990813, Removed: 726346]
      [Resize Count: 8, Shrink Threshold: 174762(66.7%), Grow Threshold: 524288(200.0%)]
      [Rehash Count: 0, Rehash Threshold: 120, Hash Seed: 0x0]
      [Age Threshold: 3]
   [Queue]
      [Dropped: 0]
[GC concurrent-string-deduplication, deleted 0 entries, 0.0000007 secs]
2020-12-18T14:52:08.482+0530: 444335.053: [GC pause (G1 Evacuation Pause) (young) (initial-mark), 0.0086141 secs]
   [Parallel Time: 3.6 ms, GC Workers: 10]
      [GC Worker Start (ms): Min: 444335053.1, Avg: 444335053.3, Max: 444335053.4, Diff: 0.4]
      [Ext Root Scanning (ms): Min: 1.6, Avg: 1.9, Max: 2.2, Diff: 0.6, Sum: 18.7]
      [Update RS (ms): Min: 0.3, Avg: 0.5, Max: 0.7, Diff: 0.4, Sum: 4.9]
         [Processed Buffers: Min: 2, Avg: 5.5, Max: 14, Diff: 12, Sum: 55]
      [Scan RS (ms): Min: 0.0, Avg: 0.0, Max: 0.0, Diff: 0.0, Sum: 0.0]
      [Code Root Scanning (ms): Min: 0.0, Avg: 0.0, Max: 0.0, Diff: 0.0, Sum: 0.0]
      [Object Copy (ms): Min: 0.1, Avg: 0.2, Max: 0.4, Diff: 0.2, Sum: 2.3]
      [Termination (ms): Min: 0.0, Avg: 0.1, Max: 0.1, Diff: 0.1, Sum: 1.3]
         [Termination Attempts: Min: 1, Avg: 1.0, Max: 1, Diff: 0, Sum: 10]
      [GC Worker Other (ms): Min: 0.0, Avg: 0.0, Max: 0.0, Diff: 0.0, Sum: 0.1]
      [GC Worker Total (ms): Min: 2.6, Avg: 2.7, Max: 3.0, Diff: 0.4, Sum: 27.3]
      [GC Worker End (ms): Min: 444335056.0, Avg: 444335056.0, Max: 444335056.0, Diff: 0.0]
   [Code Root Fixup: 0.0 ms]
   [Code Root Purge: 0.0 ms]
   [String Dedup Fixup: 2.5 ms, GC Workers: 10]
      [Queue Fixup (ms): Min: 0.0, Avg: 0.0, Max: 0.0, Diff: 0.0, Sum: 0.0]
      [Table Fixup (ms): Min: 1.7, Avg: 1.8, Max: 1.9, Diff: 0.2, Sum: 18.3]
   [Clear CT: 0.7 ms]
   [Other: 1.9 ms]
      [Choose CSet: 0.0 ms]
      [Ref Proc: 1.1 ms]
      [Ref Enq: 0.0 ms]
      [Redirty Cards: 0.6 ms]
      [Humongous Register: 0.0 ms]
      [Humongous Reclaim: 0.0 ms]
      [Free CSet: 0.0 ms]
   [Eden: 50176.0K(50176.0K)->0.0B(48128.0K) Survivors: 1024.0K->2048.0K Heap: 236.8M(267.0M)->188.1M(267.0M)]
 [Times: user=0.01 sys=0.00, real=0.01 secs] 
2020-12-18T14:52:08.491+0530: 444335.062: [GC concurrent-root-region-scan-start]
2020-12-18T14:52:08.492+0530: 444335.063: [GC concurrent-root-region-scan-end, 0.0017632 secs]
2020-12-18T14:52:08.492+0530: 444335.063: [GC concurrent-mark-start]
2020-12-18T14:52:08.574+0530: 444335.146: [GC concurrent-mark-end, 0.0821046 secs]
2020-12-18T14:52:08.575+0530: 444335.146: [GC remark 2020-12-18T14:52:08.575+0530: 444335.146: [Finalize Marking, 0.0007322 secs] 2020-12-18T14:52:08.576+0530: 444335.147: [GC ref-proc, 0.0005330 secs] 2020-12-18T14:52:08.576+0530: 444335.147: [Unloading, 0.0223104 secs], 0.0247097 secs]
 [Times: user=0.31 sys=0.00, real=0.02 secs] 
2020-12-18T14:52:08.600+0530: 444335.171: [GC cleanup 198M->198M(267M), 0.0040002 secs]
 [Times: user=0.00 sys=0.00, real=0.00 secs] 
2020-12-18T14:55:37.978+0530: 444544.549: [GC pause (G1 Evacuation Pause) (young), 0.0102701 secs]
   [Parallel Time: 2.5 ms, GC Workers: 10]
      [GC Worker Start (ms): Min: 444544548.8, Avg: 444544549.0, Max: 444544549.1, Diff: 0.3]
      [Ext Root Scanning (ms): Min: 0.6, Avg: 0.8, Max: 1.6, Diff: 1.0, Sum: 8.3]
      [Update RS (ms): Min: 0.4, Avg: 0.6, Max: 0.8, Diff: 0.4, Sum: 6.2]
         [Processed Buffers: Min: 3, Avg: 6.0, Max: 15, Diff: 12, Sum: 60]
      [Scan RS (ms): Min: 0.0, Avg: 0.0, Max: 0.0, Diff: 0.0, Sum: 0.0]
      [Code Root Scanning (ms): Min: 0.0, Avg: 0.0, Max: 0.0, Diff: 0.0, Sum: 0.0]
      [Object Copy (ms): Min: 0.0, Avg: 0.3, Max: 0.4, Diff: 0.4, Sum: 2.6]
      [Termination (ms): Min: 0.0, Avg: 0.1, Max: 0.2, Diff: 0.2, Sum: 1.3]
         [Termination Attempts: Min: 1, Avg: 1.6, Max: 2, Diff: 1, Sum: 16]
      [GC Worker Other (ms): Min: 0.0, Avg: 0.0, Max: 0.0, Diff: 0.0, Sum: 0.1]
      [GC Worker Total (ms): Min: 1.8, Avg: 1.9, Max: 2.0, Diff: 0.3, Sum: 18.6]
      [GC Worker End (ms): Min: 444544550.8, Avg: 444544550.8, Max: 444544550.8, Diff: 0.0]
   [Code Root Fixup: 0.0 ms]
   [Code Root Purge: 0.0 ms]
   [String Dedup Fixup: 5.3 ms, GC Workers: 10]
      [Queue Fixup (ms): Min: 0.0, Avg: 0.0, Max: 0.0, Diff: 0.0, Sum: 0.0]
      [Table Fixup (ms): Min: 4.7, Avg: 4.7, Max: 4.8, Diff: 0.2, Sum: 47.1]
   [Clear CT: 0.8 ms]
   [Other: 1.6 ms]
      [Choose CSet: 0.0 ms]
      [Ref Proc: 0.6 ms]
      [Ref Enq: 0.0 ms]
      [Redirty Cards: 0.8 ms]
      [Humongous Register: 0.0 ms]
      [Humongous Reclaim: 0.0 ms]
      [Free CSet: 0.1 ms]
   [Eden: 48128.0K(48128.0K)->0.0B(50176.0K) Survivors: 2048.0K->1024.0K Heap: 235.1M(267.0M)->187.8M(267.0M)]
 [Times: user=0.16 sys=0.00, real=0.01 secs] 
2020-12-18T14:55:37.989+0530: 444544.559: [GC concurrent-string-deduplication, 264.0B->264.0B(0.0B), avg 59.6%, 0.0000042 secs]
   [Last Exec: 0.0000042 secs, Idle: 509.6717814 secs, Blocked: 0/0.0000000 secs]
      [Inspected:               1]
         [Skipped:              0(  0.0%)]
         [Hashed:               1(100.0%)]
         [Known:                0(  0.0%)]
         [New:                  1(100.0%)    264.0B]
      [Deduplicated:            0(  0.0%)      0.0B(  0.0%)]
         [Young:                0(  0.0%)      0.0B(  0.0%)]
         [Old:                  0(  0.0%)      0.0B(  0.0%)]
   [Total Exec: 1756/0.8778837 secs, Idle: 1756/444543.1836063 secs, Blocked: 133/0.0943544 secs]
      [Inspected:         2947275]
         [Skipped:              0(  0.0%)]
         [Hashed:         1231160( 41.8%)]
         [Known:           193860(  6.6%)]
         [New:            2753415( 93.4%)    214.3M]
      [Deduplicated:      1929737( 70.1%)    127.8M( 59.6%)]
         [Young:           796363( 41.3%)  62220.6K( 47.5%)]
         [Old:            1133374( 58.7%)  68645.1K( 52.5%)]
   [Table]
      [Memory Usage: 8448.9K]
      [Size: 262144, Min: 1024, Max: 16777216]
      [Entries: 264491, Load: 100.9%, Cached: 8612, Added: 990866, Removed: 726375]
      [Resize Count: 8, Shrink Threshold: 174762(66.7%), Grow Threshold: 524288(200.0%)]
      [Rehash Count: 0, Rehash Threshold: 120, Hash Seed: 0x0]
      [Age Threshold: 3]
   [Queue]
      [Dropped: 0]
[GC concurrent-string-deduplication, deleted 0 entries, 0.0000007 secs]
2020-12-18T14:55:38.050+0530: 444544.621: [GC pause (G1 Humongous Allocation) (young) (initial-mark), 0.0083062 secs]
   [Parallel Time: 3.4 ms, GC Workers: 10]
      [GC Worker Start (ms): Min: 444544621.3, Avg: 444544621.4, Max: 444544621.5, Diff: 0.2]
      [Ext Root Scanning (ms): Min: 2.0, Avg: 2.1, Max: 2.3, Diff: 0.4, Sum: 21.0]
      [Update RS (ms): Min: 0.0, Avg: 0.2, Max: 0.3, Diff: 0.3, Sum: 2.0]
         [Processed Buffers: Min: 0, Avg: 1.7, Max: 5, Diff: 5, Sum: 17]
      [Scan RS (ms): Min: 0.0, Avg: 0.0, Max: 0.0, Diff: 0.0, Sum: 0.0]
      [Code Root Scanning (ms): Min: 0.0, Avg: 0.0, Max: 0.0, Diff: 0.0, Sum: 0.0]
      [Object Copy (ms): Min: 0.2, Avg: 0.3, Max: 0.5, Diff: 0.3, Sum: 2.8]
      [Termination (ms): Min: 0.0, Avg: 0.0, Max: 0.1, Diff: 0.1, Sum: 0.4]
         [Termination Attempts: Min: 1, Avg: 1.1, Max: 2, Diff: 1, Sum: 11]
      [GC Worker Other (ms): Min: 0.0, Avg: 0.0, Max: 0.0, Diff: 0.0, Sum: 0.1]
      [GC Worker Total (ms): Min: 2.5, Avg: 2.6, Max: 2.7, Diff: 0.2, Sum: 26.2]
      [GC Worker End (ms): Min: 444544624.1, Avg: 444544624.1, Max: 444544624.1, Diff: 0.0]
   [Code Root Fixup: 0.0 ms]
   [Code Root Purge: 0.0 ms]
   [String Dedup Fixup: 2.9 ms, GC Workers: 10]
      [Queue Fixup (ms): Min: 0.0, Avg: 0.0, Max: 0.0, Diff: 0.0, Sum: 0.0]
      [Table Fixup (ms): Min: 2.5, Avg: 2.6, Max: 2.7, Diff: 0.2, Sum: 25.7]
   [Clear CT: 0.8 ms]
   [Other: 1.2 ms]
      [Choose CSet: 0.0 ms]
      [Ref Proc: 0.2 ms]
      [Ref Enq: 0.0 ms]
      [Redirty Cards: 0.6 ms]
      [Humongous Register: 0.0 ms]
      [Humongous Reclaim: 0.0 ms]
      [Free CSet: 0.0 ms]
   [Eden: 2048.0K(50176.0K)->0.0B(50176.0K) Survivors: 1024.0K->1024.0K Heap: 189.2M(267.0M)->187.7M(267.0M)]
 [Times: user=0.00 sys=0.00, real=0.01 secs] 
2020-12-18T14:55:38.058+0530: 444544.629: [GC concurrent-root-region-scan-start]
2020-12-18T14:55:38.058+0530: 444544.629: [GC concurrent-string-deduplication, 1416.0B->960.0B(456.0B), avg 59.6%, 0.0000264 secs]
   [Last Exec: 0.0000264 secs, Idle: 0.0701438 secs, Blocked: 0/0.0000000 secs]
      [Inspected:              18]
         [Skipped:              0(  0.0%)]
         [Hashed:              14( 77.8%)]
         [Known:                0(  0.0%)]
         [New:                 18(100.0%)   1416.0B]
      [Deduplicated:           11( 61.1%)    456.0B( 32.2%)]
         [Young:               11(100.0%)    456.0B(100.0%)]
         [Old:                  0(  0.0%)      0.0B(  0.0%)]
   [Total Exec: 1757/0.8779101 secs, Idle: 1757/444543.2537501 secs, Blocked: 133/0.0943544 secs]
      [Inspected:         2947293]
         [Skipped:              0(  0.0%)]
         [Hashed:         1231174( 41.8%)]
         [Known:           193860(  6.6%)]
         [New:            2753433( 93.4%)    214.3M]
      [Deduplicated:      1929748( 70.1%)    127.8M( 59.6%)]
         [Young:           796374( 41.3%)  62221.1K( 47.5%)]
         [Old:            1133374( 58.7%)  68645.1K( 52.5%)]
   [Table]
      [Memory Usage: 8448.9K]
      [Size: 262144, Min: 1024, Max: 16777216]
      [Entries: 264504, Load: 100.9%, Cached: 8599, Added: 990879, Removed: 726375]
      [Resize Count: 8, Shrink Threshold: 174762(66.7%), Grow Threshold: 524288(200.0%)]
      [Rehash Count: 0, Rehash Threshold: 120, Hash Seed: 0x0]
      [Age Threshold: 3]
   [Queue]
      [Dropped: 0]
[GC concurrent-string-deduplication, deleted 0 entries, 0.0000010 secs]
2020-12-18T14:55:38.061+0530: 444544.632: [GC concurrent-root-region-scan-end, 0.0025701 secs]
2020-12-18T14:55:38.061+0530: 444544.632: [GC concurrent-mark-start]
2020-12-18T14:55:38.164+0530: 444544.735: [GC concurrent-mark-end, 0.1034806 secs]
2020-12-18T14:55:38.165+0530: 444544.736: [GC remark 2020-12-18T14:55:38.165+0530: 444544.736: [Finalize Marking, 0.0034573 secs] 2020-12-18T14:55:38.168+0530: 444544.739: [GC ref-proc, 0.0005508 secs] 2020-12-18T14:55:38.169+0530: 444544.740: [Unloading, 0.0223004 secs], 0.0272144 secs]
 [Times: user=0.31 sys=0.00, real=0.03 secs] 
2020-12-18T14:55:38.193+0530: 444544.764: [GC cleanup 193M->193M(267M), 0.0027785 secs]
 [Times: user=0.00 sys=0.00, real=0.00 secs] 
2020-12-18T14:57:08.673+0530: 444635.244: [GC pause (G1 Evacuation Pause) (young), 0.0075994 secs]
   [Parallel Time: 2.4 ms, GC Workers: 10]
      [GC Worker Start (ms): Min: 444635244.0, Avg: 444635244.2, Max: 444635244.3, Diff: 0.2]
      [Ext Root Scanning (ms): Min: 0.5, Avg: 0.7, Max: 1.4, Diff: 0.9, Sum: 6.9]
      [Update RS (ms): Min: 0.4, Avg: 0.6, Max: 1.0, Diff: 0.6, Sum: 6.4]
         [Processed Buffers: Min: 3, Avg: 6.9, Max: 19, Diff: 16, Sum: 69]
      [Scan RS (ms): Min: 0.0, Avg: 0.0, Max: 0.0, Diff: 0.0, Sum: 0.0]
      [Code Root Scanning (ms): Min: 0.0, Avg: 0.0, Max: 0.0, Diff: 0.0, Sum: 0.0]
      [Object Copy (ms): Min: 0.0, Avg: 0.3, Max: 0.5, Diff: 0.5, Sum: 3.3]
      [Termination (ms): Min: 0.0, Avg: 0.1, Max: 0.1, Diff: 0.1, Sum: 0.6]
         [Termination Attempts: Min: 1, Avg: 5.3, Max: 8, Diff: 7, Sum: 53]
      [GC Worker Other (ms): Min: 0.0, Avg: 0.0, Max: 0.0, Diff: 0.0, Sum: 0.1]
      [GC Worker Total (ms): Min: 1.6, Avg: 1.7, Max: 1.9, Diff: 0.3, Sum: 17.4]
      [GC Worker End (ms): Min: 444635245.9, Avg: 444635245.9, Max: 444635245.9, Diff: 0.0]
   [Code Root Fixup: 0.0 ms]
   [Code Root Purge: 0.0 ms]
   [String Dedup Fixup: 2.2 ms, GC Workers: 10]
      [Queue Fixup (ms): Min: 0.0, Avg: 0.0, Max: 0.0, Diff: 0.0, Sum: 0.0]
      [Table Fixup (ms): Min: 1.8, Avg: 1.9, Max: 2.0, Diff: 0.2, Sum: 19.0]
   [Clear CT: 1.2 ms]
   [Other: 1.8 ms]
      [Choose CSet: 0.0 ms]
      [Ref Proc: 0.8 ms]
      [Ref Enq: 0.0 ms]
      [Redirty Cards: 0.8 ms]
      [Humongous Register: 0.0 ms]
      [Humongous Reclaim: 0.1 ms]
      [Free CSet: 0.0 ms]
   [Eden: 50176.0K(50176.0K)->0.0B(48128.0K) Survivors: 1024.0K->2048.0K Heap: 238.7M(267.0M)->188.4M(267.0M)]
 [Times: user=0.00 sys=0.00, real=0.01 secs] 
2020-12-18T14:57:08.681+0530: 444635.252: [GC concurrent-string-deduplication, 3360.0B->2696.0B(664.0B), avg 59.6%, 0.0000267 secs]
   [Last Exec: 0.0000267 secs, Idle: 90.6223154 secs, Blocked: 0/0.0000000 secs]
      [Inspected:              86]
         [Skipped:              0(  0.0%)]
         [Hashed:              16( 18.6%)]
         [Known:               62( 72.1%)]
         [New:                 24( 27.9%)   3360.0B]
      [Deduplicated:           16( 66.7%)    664.0B( 19.8%)]
         [Young:               16(100.0%)    664.0B(100.0%)]
         [Old:                  0(  0.0%)      0.0B(  0.0%)]
   [Total Exec: 1758/0.8779368 secs, Idle: 1758/444633.8760655 secs, Blocked: 133/0.0943544 secs]
      [Inspected:         2947379]
         [Skipped:              0(  0.0%)]
         [Hashed:         1231190( 41.8%)]
         [Known:           193922(  6.6%)]
         [New:            2753457( 93.4%)    214.3M]
      [Deduplicated:      1929764( 70.1%)    127.8M( 59.6%)]
         [Young:           796390( 41.3%)  62221.7K( 47.5%)]
         [Old:            1133374( 58.7%)  68645.1K( 52.5%)]
   [Table]
      [Memory Usage: 8448.9K]
      [Size: 262144, Min: 1024, Max: 16777216]
      [Entries: 264698, Load: 101.0%, Cached: 8405, Added: 991193, Removed: 726495]
      [Resize Count: 8, Shrink Threshold: 174762(66.7%), Grow Threshold: 524288(200.0%)]
      [Rehash Count: 0, Rehash Threshold: 120, Hash Seed: 0x0]
      [Age Threshold: 3]
   [Queue]
      [Dropped: 0]
[GC concurrent-string-deduplication, deleted 0 entries, 0.0000006 secs]
2020-12-18T15:02:14.455+0530: 444941.026: [GC pause (G1 Evacuation Pause) (young), 0.0083230 secs]
   [Parallel Time: 2.7 ms, GC Workers: 10]
      [GC Worker Start (ms): Min: 444941026.0, Avg: 444941026.3, Max: 444941026.4, Diff: 0.4]
      [Ext Root Scanning (ms): Min: 0.7, Avg: 1.0, Max: 2.2, Diff: 1.5, Sum: 10.0]
      [Update RS (ms): Min: 0.0, Avg: 0.9, Max: 1.3, Diff: 1.3, Sum: 8.7]
         [Processed Buffers: Min: 0, Avg: 4.9, Max: 14, Diff: 14, Sum: 49]
      [Scan RS (ms): Min: 0.0, Avg: 0.0, Max: 0.0, Diff: 0.0, Sum: 0.1]
      [Code Root Scanning (ms): Min: 0.0, Avg: 0.0, Max: 0.0, Diff: 0.0, Sum: 0.0]
      [Object Copy (ms): Min: 0.1, Avg: 0.3, Max: 0.5, Diff: 0.3, Sum: 3.2]
      [Termination (ms): Min: 0.0, Avg: 0.2, Max: 0.2, Diff: 0.2, Sum: 1.6]
         [Termination Attempts: Min: 1, Avg: 1.1, Max: 2, Diff: 1, Sum: 11]
      [GC Worker Other (ms): Min: 0.0, Avg: 0.0, Max: 0.0, Diff: 0.0, Sum: 0.1]
      [GC Worker Total (ms): Min: 2.2, Avg: 2.4, Max: 2.6, Diff: 0.4, Sum: 23.8]
      [GC Worker End (ms): Min: 444941028.6, Avg: 444941028.7, Max: 444941028.7, Diff: 0.0]
   [Code Root Fixup: 0.0 ms]
   [Code Root Purge: 0.0 ms]
   [String Dedup Fixup: 2.8 ms, GC Workers: 10]
      [Queue Fixup (ms): Min: 0.0, Avg: 0.0, Max: 0.0, Diff: 0.0, Sum: 0.0]
      [Table Fixup (ms): Min: 1.9, Avg: 2.1, Max: 2.3, Diff: 0.3, Sum: 20.8]
   [Clear CT: 0.9 ms]
   [Other: 1.9 ms]
      [Choose CSet: 0.0 ms]
      [Ref Proc: 0.9 ms]
      [Ref Enq: 0.0 ms]
      [Redirty Cards: 0.8 ms]
      [Humongous Register: 0.0 ms]
      [Humongous Reclaim: 0.0 ms]
      [Free CSet: 0.1 ms]
   [Eden: 48128.0K(48128.0K)->0.0B(48128.0K) Survivors: 2048.0K->2048.0K Heap: 235.4M(267.0M)->188.5M(267.0M)]
 [Times: user=0.00 sys=0.00, real=0.01 secs] 
2020-12-18T15:02:14.464+0530: 444941.034: [GC concurrent-string-deduplication, 32.0B->32.0B(0.0B), avg 59.6%, 0.0000073 secs]
   [Last Exec: 0.0000073 secs, Idle: 305.7826546 secs, Blocked: 0/0.0000000 secs]
      [Inspected:               7]
         [Skipped:              0(  0.0%)]
         [Hashed:               0(  0.0%)]
         [Known:                6( 85.7%)]
         [New:                  1( 14.3%)     32.0B]
      [Deduplicated:            0(  0.0%)      0.0B(  0.0%)]
         [Young:                0(  0.0%)      0.0B(  0.0%)]
         [Old:                  0(  0.0%)      0.0B(  0.0%)]
   [Total Exec: 1759/0.8779441 secs, Idle: 1759/444939.6587201 secs, Blocked: 133/0.0943544 secs]
      [Inspected:         2947386]
         [Skipped:              0(  0.0%)]
         [Hashed:         1231190( 41.8%)]
         [Known:           193928(  6.6%)]
         [New:            2753458( 93.4%)    214.3M]
      [Deduplicated:      1929764( 70.1%)    127.8M( 59.6%)]
         [Young:           796390( 41.3%)  62221.7K( 47.5%)]
         [Old:            1133374( 58.7%)  68645.1K( 52.5%)]
   [Table]
      [Memory Usage: 8448.9K]
      [Size: 262144, Min: 1024, Max: 16777216]
      [Entries: 264699, Load: 101.0%, Cached: 8404, Added: 991194, Removed: 726495]
      [Resize Count: 8, Shrink Threshold: 174762(66.7%), Grow Threshold: 524288(200.0%)]
      [Rehash Count: 0, Rehash Threshold: 120, Hash Seed: 0x0]
      [Age Threshold: 3]
   [Queue]
      [Dropped: 0]
[GC concurrent-string-deduplication, deleted 0 entries, 0.0000009 secs]
2020-12-18T15:08:17.399+0530: 445303.970: [GC pause (G1 Evacuation Pause) (young) (initial-mark), 0.0116327 secs]
   [Parallel Time: 7.0 ms, GC Workers: 10]
      [GC Worker Start (ms): Min: 445303970.5, Avg: 445303971.0, Max: 445303971.5, Diff: 1.0]
      [Ext Root Scanning (ms): Min: 3.9, Avg: 4.8, Max: 5.7, Diff: 1.8, Sum: 48.4]
      [Update RS (ms): Min: 0.4, Avg: 0.6, Max: 0.8, Diff: 0.4, Sum: 5.6]
         [Processed Buffers: Min: 2, Avg: 5.9, Max: 10, Diff: 8, Sum: 59]
      [Scan RS (ms): Min: 0.0, Avg: 0.0, Max: 0.0, Diff: 0.0, Sum: 0.0]
      [Code Root Scanning (ms): Min: 0.0, Avg: 0.0, Max: 0.0, Diff: 0.0, Sum: 0.0]
      [Object Copy (ms): Min: 0.2, Avg: 0.6, Max: 1.0, Diff: 0.8, Sum: 6.4]
      [Termination (ms): Min: 0.0, Avg: 0.2, Max: 0.2, Diff: 0.2, Sum: 1.5]
         [Termination Attempts: Min: 1, Avg: 1.1, Max: 2, Diff: 1, Sum: 11]
      [GC Worker Other (ms): Min: 0.0, Avg: 0.0, Max: 0.0, Diff: 0.0, Sum: 0.3]
      [GC Worker Total (ms): Min: 5.8, Avg: 6.2, Max: 6.8, Diff: 1.0, Sum: 62.3]
      [GC Worker End (ms): Min: 445303977.3, Avg: 445303977.3, Max: 445303977.3, Diff: 0.0]
   [Code Root Fixup: 0.0 ms]
   [Code Root Purge: 0.0 ms]
   [String Dedup Fixup: 2.5 ms, GC Workers: 10]
      [Queue Fixup (ms): Min: 0.0, Avg: 0.0, Max: 0.0, Diff: 0.0, Sum: 0.0]
      [Table Fixup (ms): Min: 1.7, Avg: 1.9, Max: 2.0, Diff: 0.3, Sum: 18.5]
   [Clear CT: 0.8 ms]
   [Other: 1.4 ms]
      [Choose CSet: 0.0 ms]
      [Ref Proc: 0.2 ms]
      [Ref Enq: 0.0 ms]
      [Redirty Cards: 0.7 ms]
      [Humongous Register: 0.0 ms]
      [Humongous Reclaim: 0.0 ms]
      [Free CSet: 0.0 ms]
   [Eden: 48128.0K(48128.0K)->0.0B(50176.0K) Survivors: 2048.0K->1024.0K Heap: 235.5M(267.0M)->188.2M(267.0M)]
 [Times: user=0.08 sys=0.00, real=0.01 secs] 
2020-12-18T15:08:17.411+0530: 445303.982: [GC concurrent-root-region-scan-start]
2020-12-18T15:08:17.411+0530: 445303.982: [GC concurrent-string-deduplication, 19896.0B->11040.0B(8856.0B), avg 59.6%, 0.0001229 secs]
   [Last Exec: 0.0001229 secs, Idle: 362.9473579 secs, Blocked: 0/0.0000000 secs]
      [Inspected:             550]
         [Skipped:              0(  0.0%)]
         [Hashed:             114( 20.7%)]
         [Known:              380( 69.1%)]
         [New:                170( 30.9%)  19896.0B]
      [Deduplicated:           90( 52.9%)   8856.0B( 44.5%)]
         [Young:               90(100.0%)   8856.0B(100.0%)]
         [Old:                  0(  0.0%)      0.0B(  0.0%)]
   [Total Exec: 1760/0.8780670 secs, Idle: 1760/445302.6060780 secs, Blocked: 133/0.0943544 secs]
      [Inspected:         2947936]
         [Skipped:              0(  0.0%)]
         [Hashed:         1231304( 41.8%)]
         [Known:           194308(  6.6%)]
         [New:            2753628( 93.4%)    214.3M]
      [Deduplicated:      1929854( 70.1%)    127.8M( 59.6%)]
         [Young:           796480( 41.3%)  62230.4K( 47.5%)]
         [Old:            1133374( 58.7%)  68645.1K( 52.5%)]
   [Table]
      [Memory Usage: 8448.9K]
      [Size: 262144, Min: 1024, Max: 16777216]
      [Entries: 264780, Load: 101.0%, Cached: 8323, Added: 991275, Removed: 726495]
      [Resize Count: 8, Shrink Threshold: 174762(66.7%), Grow Threshold: 524288(200.0%)]
      [Rehash Count: 0, Rehash Threshold: 120, Hash Seed: 0x0]
      [Age Threshold: 3]
   [Queue]
      [Dropped: 0]
[GC concurrent-string-deduplication, deleted 0 entries, 0.0000008 secs]
2020-12-18T15:08:17.413+0530: 445303.984: [GC concurrent-root-region-scan-end, 0.0019270 secs]
2020-12-18T15:08:17.413+0530: 445303.984: [GC concurrent-mark-start]
2020-12-18T15:08:17.491+0530: 445304.062: [GC concurrent-mark-end, 0.0787513 secs]
2020-12-18T15:08:17.492+0530: 445304.063: [GC remark 2020-12-18T15:08:17.492+0530: 445304.063: [Finalize Marking, 0.0010808 secs] 2020-12-18T15:08:17.493+0530: 445304.064: [GC ref-proc, 0.0005107 secs] 2020-12-18T15:08:17.493+0530: 445304.065: [Unloading, 0.0232818 secs], 0.0259147 secs]
 [Times: user=0.31 sys=0.00, real=0.03 secs] 
2020-12-18T15:08:17.518+0530: 445304.089: [GC cleanup 188M->188M(267M), 0.0037836 secs]
 [Times: user=0.00 sys=0.00, real=0.00 secs] 
2020-12-18T15:17:08.826+0530: 445835.396: [GC pause (G1 Evacuation Pause) (young), 0.0106235 secs]
   [Parallel Time: 5.6 ms, GC Workers: 10]
      [GC Worker Start (ms): Min: 445835396.9, Avg: 445835397.3, Max: 445835397.7, Diff: 0.8]
      [Ext Root Scanning (ms): Min: 1.7, Avg: 2.3, Max: 4.9, Diff: 3.2, Sum: 22.9]
      [Update RS (ms): Min: 0.0, Avg: 2.0, Max: 2.6, Diff: 2.6, Sum: 19.6]
         [Processed Buffers: Min: 0, Avg: 6.0, Max: 18, Diff: 18, Sum: 60]
      [Scan RS (ms): Min: 0.0, Avg: 0.0, Max: 0.0, Diff: 0.0, Sum: 0.1]
      [Code Root Scanning (ms): Min: 0.0, Avg: 0.0, Max: 0.1, Diff: 0.1, Sum: 0.1]
      [Object Copy (ms): Min: 0.2, Avg: 0.5, Max: 0.8, Diff: 0.6, Sum: 5.2]
      [Termination (ms): Min: 0.0, Avg: 0.2, Max: 0.2, Diff: 0.2, Sum: 1.8]
         [Termination Attempts: Min: 1, Avg: 1.0, Max: 1, Diff: 0, Sum: 10]
      [GC Worker Other (ms): Min: 0.0, Avg: 0.0, Max: 0.1, Diff: 0.0, Sum: 0.3]
      [GC Worker Total (ms): Min: 4.6, Avg: 5.0, Max: 5.5, Diff: 0.8, Sum: 50.0]
      [GC Worker End (ms): Min: 445835402.3, Avg: 445835402.3, Max: 445835402.3, Diff: 0.0]
   [Code Root Fixup: 0.0 ms]
   [Code Root Purge: 0.0 ms]
   [String Dedup Fixup: 2.3 ms, GC Workers: 10]
      [Queue Fixup (ms): Min: 0.0, Avg: 0.0, Max: 0.0, Diff: 0.0, Sum: 0.0]
      [Table Fixup (ms): Min: 1.8, Avg: 1.9, Max: 2.0, Diff: 0.2, Sum: 18.9]
   [Clear CT: 0.8 ms]
   [Other: 1.9 ms]
      [Choose CSet: 0.0 ms]
      [Ref Proc: 0.6 ms]
      [Ref Enq: 0.0 ms]
      [Redirty Cards: 0.8 ms]
      [Humongous Register: 0.1 ms]
      [Humongous Reclaim: 0.0 ms]
      [Free CSet: 0.1 ms]
   [Eden: 50176.0K(50176.0K)->0.0B(12288.0K) Survivors: 1024.0K->1024.0K Heap: 237.2M(267.0M)->188.2M(267.0M)]
 [Times: user=0.16 sys=0.00, real=0.01 secs] 
2020-12-18T15:17:08.836+0530: 445835.407: [GC concurrent-string-deduplication, 264.0B->264.0B(0.0B), avg 59.6%, 0.0000033 secs]
   [Last Exec: 0.0000033 secs, Idle: 531.4252436 secs, Blocked: 0/0.0000000 secs]
      [Inspected:               1]
         [Skipped:              0(  0.0%)]
         [Hashed:               1(100.0%)]
         [Known:                0(  0.0%)]
         [New:                  1(100.0%)    264.0B]
      [Deduplicated:            0(  0.0%)      0.0B(  0.0%)]
         [Young:                0(  0.0%)      0.0B(  0.0%)]
         [Old:                  0(  0.0%)      0.0B(  0.0%)]
   [Total Exec: 1761/0.8780703 secs, Idle: 1761/445834.0313216 secs, Blocked: 133/0.0943544 secs]
      [Inspected:         2947937]
         [Skipped:              0(  0.0%)]
         [Hashed:         1231305( 41.8%)]
         [Known:           194308(  6.6%)]
         [New:            2753629( 93.4%)    214.3M]
      [Deduplicated:      1929854( 70.1%)    127.8M( 59.6%)]
         [Young:           796480( 41.3%)  62230.4K( 47.5%)]
         [Old:            1133374( 58.7%)  68645.1K( 52.5%)]
   [Table]
      [Memory Usage: 8448.9K]
      [Size: 262144, Min: 1024, Max: 16777216]
      [Entries: 264689, Load: 101.0%, Cached: 8414, Added: 991316, Removed: 726627]
      [Resize Count: 8, Shrink Threshold: 174762(66.7%), Grow Threshold: 524288(200.0%)]
      [Rehash Count: 0, Rehash Threshold: 120, Hash Seed: 0x0]
      [Age Threshold: 3]
   [Queue]
      [Dropped: 0]
[GC concurrent-string-deduplication, deleted 0 entries, 0.0000009 secs]
2020-12-18T15:17:09.317+0530: 445835.889: [GC pause (G1 Evacuation Pause) (mixed), 0.0105956 secs]
   [Parallel Time: 5.6 ms, GC Workers: 10]
      [GC Worker Start (ms): Min: 445835888.7, Avg: 445835888.9, Max: 445835889.0, Diff: 0.3]
      [Ext Root Scanning (ms): Min: 0.7, Avg: 0.9, Max: 1.9, Diff: 1.2, Sum: 9.1]
      [Update RS (ms): Min: 0.0, Avg: 0.2, Max: 0.6, Diff: 0.6, Sum: 2.5]
         [Processed Buffers: Min: 0, Avg: 1.5, Max: 5, Diff: 5, Sum: 15]
      [Scan RS (ms): Min: 0.1, Avg: 1.2, Max: 3.8, Diff: 3.6, Sum: 11.7]
      [Code Root Scanning (ms): Min: 0.0, Avg: 0.1, Max: 0.7, Diff: 0.7, Sum: 0.7]
      [Object Copy (ms): Min: 0.2, Avg: 0.7, Max: 1.0, Diff: 0.9, Sum: 6.7]
      [Termination (ms): Min: 0.0, Avg: 2.0, Max: 2.5, Diff: 2.5, Sum: 19.8]
         [Termination Attempts: Min: 1, Avg: 16.4, Max: 25, Diff: 24, Sum: 164]
      [GC Worker Other (ms): Min: 0.0, Avg: 0.0, Max: 0.0, Diff: 0.0, Sum: 0.2]
      [GC Worker Total (ms): Min: 4.9, Avg: 5.1, Max: 5.3, Diff: 0.3, Sum: 50.6]
      [GC Worker End (ms): Min: 445835893.9, Avg: 445835893.9, Max: 445835893.9, Diff: 0.0]
   [Code Root Fixup: 0.0 ms]
   [Code Root Purge: 0.0 ms]
   [String Dedup Fixup: 2.5 ms, GC Workers: 10]
      [Queue Fixup (ms): Min: 0.0, Avg: 0.0, Max: 0.0, Diff: 0.0, Sum: 0.0]
      [Table Fixup (ms): Min: 1.8, Avg: 1.9, Max: 2.0, Diff: 0.2, Sum: 18.9]
   [Clear CT: 0.8 ms]
   [Other: 1.6 ms]
      [Choose CSet: 0.0 ms]
      [Ref Proc: 0.6 ms]
      [Ref Enq: 0.0 ms]
      [Redirty Cards: 0.8 ms]
      [Humongous Register: 0.0 ms]
      [Humongous Reclaim: 0.0 ms]
      [Free CSet: 0.1 ms]
   [Eden: 12288.0K(12288.0K)->0.0B(50176.0K) Survivors: 1024.0K->1024.0K Heap: 200.2M(267.0M)->187.6M(267.0M)]
 [Times: user=0.00 sys=0.00, real=0.01 secs] 
2020-12-18T15:17:09.328+0530: 445835.899: [GC concurrent-string-deduplication, 264.0B->264.0B(0.0B), avg 59.6%, 0.0000035 secs]
   [Last Exec: 0.0000035 secs, Idle: 0.4921309 secs, Blocked: 0/0.0000000 secs]
      [Inspected:               2]
         [Skipped:              0(  0.0%)]
         [Hashed:               1( 50.0%)]
         [Known:                1( 50.0%)]
         [New:                  1( 50.0%)    264.0B]
      [Deduplicated:            0(  0.0%)      0.0B(  0.0%)]
         [Young:                0(  0.0%)      0.0B(  0.0%)]
         [Old:                  0(  0.0%)      0.0B(  0.0%)]
   [Total Exec: 1762/0.8780738 secs, Idle: 1762/445834.5234525 secs, Blocked: 133/0.0943544 secs]
      [Inspected:         2947939]
         [Skipped:              0(  0.0%)]
         [Hashed:         1231306( 41.8%)]
         [Known:           194309(  6.6%)]
         [New:            2753630( 93.4%)    214.3M]
      [Deduplicated:      1929854( 70.1%)    127.8M( 59.6%)]
         [Young:           796480( 41.3%)  62230.4K( 47.5%)]
         [Old:            1133374( 58.7%)  68645.1K( 52.5%)]
   [Table]
      [Memory Usage: 8448.9K]
      [Size: 262144, Min: 1024, Max: 16777216]
      [Entries: 264690, Load: 101.0%, Cached: 8413, Added: 991317, Removed: 726627]
      [Resize Count: 8, Shrink Threshold: 174762(66.7%), Grow Threshold: 524288(200.0%)]
      [Rehash Count: 0, Rehash Threshold: 120, Hash Seed: 0x0]
      [Age Threshold: 3]
   [Queue]
      [Dropped: 0]
[GC concurrent-string-deduplication, deleted 0 entries, 0.0000007 secs]
2020-12-18T15:22:09.466+0530: 446136.037: [GC pause (G1 Evacuation Pause) (young), 0.0104027 secs]
   [Parallel Time: 3.0 ms, GC Workers: 10]
      [GC Worker Start (ms): Min: 446136036.9, Avg: 446136037.1, Max: 446136037.3, Diff: 0.4]
      [Ext Root Scanning (ms): Min: 0.5, Avg: 0.7, Max: 1.4, Diff: 0.9, Sum: 7.2]
      [Update RS (ms): Min: 1.2, Avg: 1.6, Max: 1.8, Diff: 0.7, Sum: 15.9]
         [Processed Buffers: Min: 2, Avg: 7.0, Max: 17, Diff: 15, Sum: 70]
      [Scan RS (ms): Min: 0.0, Avg: 0.0, Max: 0.0, Diff: 0.0, Sum: 0.0]
      [Code Root Scanning (ms): Min: 0.0, Avg: 0.0, Max: 0.0, Diff: 0.0, Sum: 0.0]
      [Object Copy (ms): Min: 0.2, Avg: 0.3, Max: 0.5, Diff: 0.3, Sum: 3.4]
      [Termination (ms): Min: 0.0, Avg: 0.0, Max: 0.0, Diff: 0.0, Sum: 0.2]
         [Termination Attempts: Min: 1, Avg: 1.1, Max: 2, Diff: 1, Sum: 11]
      [GC Worker Other (ms): Min: 0.0, Avg: 0.0, Max: 0.0, Diff: 0.0, Sum: 0.1]
      [GC Worker Total (ms): Min: 2.5, Avg: 2.7, Max: 2.9, Diff: 0.4, Sum: 26.9]
      [GC Worker End (ms): Min: 446136039.8, Avg: 446136039.8, Max: 446136039.8, Diff: 0.0]
   [Code Root Fixup: 0.0 ms]
   [Code Root Purge: 0.0 ms]
   [String Dedup Fixup: 2.5 ms, GC Workers: 10]
      [Queue Fixup (ms): Min: 0.0, Avg: 0.0, Max: 0.0, Diff: 0.0, Sum: 0.0]
      [Table Fixup (ms): Min: 2.2, Avg: 2.2, Max: 2.4, Diff: 0.2, Sum: 22.5]
   [Clear CT: 0.9 ms]
   [Other: 3.9 ms]
      [Choose CSet: 0.0 ms]
      [Ref Proc: 2.9 ms]
      [Ref Enq: 0.0 ms]
      [Redirty Cards: 0.8 ms]
      [Humongous Register: 0.0 ms]
      [Humongous Reclaim: 0.0 ms]
      [Free CSet: 0.0 ms]
   [Eden: 50176.0K(50176.0K)->0.0B(44032.0K) Survivors: 1024.0K->4096.0K Heap: 236.6M(267.0M)->190.7M(267.0M)]
 [Times: user=0.16 sys=0.00, real=0.01 secs] 
2020-12-18T15:22:09.477+0530: 446136.047: [GC concurrent-string-deduplication, 528.0B->528.0B(0.0B), avg 59.6%, 0.0000148 secs]
   [Last Exec: 0.0000148 secs, Idle: 300.1479040 secs, Blocked: 0/0.0000000 secs]
      [Inspected:              44]
         [Skipped:              0(  0.0%)]
         [Hashed:               2(  4.5%)]
         [Known:               42( 95.5%)]
         [New:                  2(  4.5%)    528.0B]
      [Deduplicated:            0(  0.0%)      0.0B(  0.0%)]
         [Young:                0(  0.0%)      0.0B(  0.0%)]
         [Old:                  0(  0.0%)      0.0B(  0.0%)]
   [Total Exec: 1763/0.8780886 secs, Idle: 1763/446134.6713565 secs, Blocked: 133/0.0943544 secs]
      [Inspected:         2947983]
         [Skipped:              0(  0.0%)]
         [Hashed:         1231308( 41.8%)]
         [Known:           194351(  6.6%)]
         [New:            2753632( 93.4%)    214.3M]
      [Deduplicated:      1929854( 70.1%)    127.8M( 59.6%)]
         [Young:           796480( 41.3%)  62230.4K( 47.5%)]
         [Old:            1133374( 58.7%)  68645.1K( 52.5%)]
   [Table]
      [Memory Usage: 8448.9K]
      [Size: 262144, Min: 1024, Max: 16777216]
      [Entries: 264703, Load: 101.0%, Cached: 8400, Added: 991330, Removed: 726627]
      [Resize Count: 8, Shrink Threshold: 174762(66.7%), Grow Threshold: 524288(200.0%)]
      [Rehash Count: 0, Rehash Threshold: 120, Hash Seed: 0x0]
      [Age Threshold: 3]
   [Queue]
      [Dropped: 0]
[GC concurrent-string-deduplication, deleted 0 entries, 0.0000007 secs]
2020-12-18T15:27:09.633+0530: 446436.204: [GC pause (G1 Evacuation Pause) (young) (initial-mark), 0.0087100 secs]
   [Parallel Time: 3.9 ms, GC Workers: 10]
      [GC Worker Start (ms): Min: 446436204.5, Avg: 446436204.6, Max: 446436204.7, Diff: 0.2]
      [Ext Root Scanning (ms): Min: 1.8, Avg: 1.9, Max: 2.2, Diff: 0.4, Sum: 19.3]
      [Update RS (ms): Min: 0.6, Avg: 0.7, Max: 1.0, Diff: 0.4, Sum: 7.0]
         [Processed Buffers: Min: 2, Avg: 5.4, Max: 12, Diff: 10, Sum: 54]
      [Scan RS (ms): Min: 0.0, Avg: 0.0, Max: 0.0, Diff: 0.0, Sum: 0.0]
      [Code Root Scanning (ms): Min: 0.0, Avg: 0.0, Max: 0.1, Diff: 0.1, Sum: 0.1]
      [Object Copy (ms): Min: 0.1, Avg: 0.3, Max: 0.5, Diff: 0.4, Sum: 3.0]
      [Termination (ms): Min: 0.0, Avg: 0.1, Max: 0.2, Diff: 0.2, Sum: 1.4]
         [Termination Attempts: Min: 1, Avg: 1.0, Max: 1, Diff: 0, Sum: 10]
      [GC Worker Other (ms): Min: 0.0, Avg: 0.0, Max: 0.0, Diff: 0.0, Sum: 0.2]
      [GC Worker Total (ms): Min: 3.0, Avg: 3.1, Max: 3.2, Diff: 0.2, Sum: 30.9]
      [GC Worker End (ms): Min: 446436207.7, Avg: 446436207.7, Max: 446436207.7, Diff: 0.0]
   [Code Root Fixup: 0.0 ms]
   [Code Root Purge: 0.0 ms]
   [String Dedup Fixup: 2.3 ms, GC Workers: 10]
      [Queue Fixup (ms): Min: 0.0, Avg: 0.0, Max: 0.0, Diff: 0.0, Sum: 0.0]
      [Table Fixup (ms): Min: 1.8, Avg: 1.9, Max: 2.0, Diff: 0.3, Sum: 18.8]
   [Clear CT: 1.0 ms]
   [Other: 1.5 ms]
      [Choose CSet: 0.0 ms]
      [Ref Proc: 0.5 ms]
      [Ref Enq: 0.0 ms]
      [Redirty Cards: 0.7 ms]
      [Humongous Register: 0.0 ms]
      [Humongous Reclaim: 0.0 ms]
      [Free CSet: 0.1 ms]
   [Eden: 44032.0K(44032.0K)->0.0B(48128.0K) Survivors: 4096.0K->2048.0K Heap: 233.7M(267.0M)->188.3M(267.0M)]
 [Times: user=0.16 sys=0.00, real=0.01 secs] 
2020-12-18T15:27:09.642+0530: 446436.213: [GC concurrent-root-region-scan-start]
2020-12-18T15:27:09.644+0530: 446436.215: [GC concurrent-root-region-scan-end, 0.0019391 secs]
2020-12-18T15:27:09.644+0530: 446436.215: [GC concurrent-mark-start]
2020-12-18T15:27:09.727+0530: 446436.299: [GC concurrent-mark-end, 0.0835360 secs]
2020-12-18T15:27:09.728+0530: 446436.299: [GC remark 2020-12-18T15:27:09.728+0530: 446436.299: [Finalize Marking, 0.0002592 secs] 2020-12-18T15:27:09.728+0530: 446436.299: [GC ref-proc, 0.0006004 secs] 2020-12-18T15:27:09.729+0530: 446436.300: [Unloading, 0.0220434 secs], 0.0237156 secs]
 [Times: user=0.30 sys=0.02, real=0.02 secs] 
2020-12-18T15:27:09.752+0530: 446436.323: [GC cleanup 208M->208M(267M), 0.0037766 secs]
 [Times: user=0.00 sys=0.00, real=0.00 secs] 
2020-12-18T15:32:09.859+0530: 446736.430: [GC pause (G1 Evacuation Pause) (young), 0.0071360 secs]
   [Parallel Time: 2.2 ms, GC Workers: 10]
      [GC Worker Start (ms): Min: 446736430.3, Avg: 446736430.4, Max: 446736430.5, Diff: 0.3]
      [Ext Root Scanning (ms): Min: 0.6, Avg: 0.9, Max: 2.1, Diff: 1.5, Sum: 8.9]
      [Update RS (ms): Min: 0.0, Avg: 0.6, Max: 1.0, Diff: 1.0, Sum: 5.9]
         [Processed Buffers: Min: 0, Avg: 5.5, Max: 12, Diff: 12, Sum: 55]
      [Scan RS (ms): Min: 0.0, Avg: 0.0, Max: 0.0, Diff: 0.0, Sum: 0.0]
      [Code Root Scanning (ms): Min: 0.0, Avg: 0.0, Max: 0.0, Diff: 0.0, Sum: 0.0]
      [Object Copy (ms): Min: 0.0, Avg: 0.3, Max: 0.5, Diff: 0.5, Sum: 3.3]
      [Termination (ms): Min: 0.0, Avg: 0.2, Max: 0.2, Diff: 0.2, Sum: 1.9]
         [Termination Attempts: Min: 1, Avg: 1.0, Max: 1, Diff: 0, Sum: 10]
      [GC Worker Other (ms): Min: 0.0, Avg: 0.0, Max: 0.0, Diff: 0.0, Sum: 0.1]
      [GC Worker Total (ms): Min: 1.9, Avg: 2.0, Max: 2.1, Diff: 0.2, Sum: 20.1]
      [GC Worker End (ms): Min: 446736432.4, Avg: 446736432.4, Max: 446736432.4, Diff: 0.0]
   [Code Root Fixup: 0.0 ms]
   [Code Root Purge: 0.0 ms]
   [String Dedup Fixup: 2.5 ms, GC Workers: 10]
      [Queue Fixup (ms): Min: 0.0, Avg: 0.0, Max: 0.0, Diff: 0.0, Sum: 0.0]
      [Table Fixup (ms): Min: 2.1, Avg: 2.2, Max: 2.3, Diff: 0.1, Sum: 22.0]
   [Clear CT: 0.8 ms]
   [Other: 1.6 ms]
      [Choose CSet: 0.0 ms]
      [Ref Proc: 1.0 ms]
      [Ref Enq: 0.0 ms]
      [Redirty Cards: 0.5 ms]
      [Humongous Register: 0.0 ms]
      [Humongous Reclaim: 0.0 ms]
      [Free CSet: 0.0 ms]
   [Eden: 48128.0K(48128.0K)->0.0B(11264.0K) Survivors: 2048.0K->2048.0K Heap: 235.3M(267.0M)->188.4M(267.0M)]
 [Times: user=0.02 sys=0.00, real=0.01 secs] 
2020-12-18T15:32:09.867+0530: 446736.437: [GC concurrent-string-deduplication, 6736.0B->4488.0B(2248.0B), avg 59.6%, 0.0000322 secs]
   [Last Exec: 0.0000322 secs, Idle: 600.3900568 secs, Blocked: 0/0.0000000 secs]
      [Inspected:             121]
         [Skipped:              0(  0.0%)]
         [Hashed:              97( 80.2%)]
         [Known:               13( 10.7%)]
         [New:                108( 89.3%)   6736.0B]
      [Deduplicated:           67( 62.0%)   2248.0B( 33.4%)]
         [Young:               67(100.0%)   2248.0B(100.0%)]
         [Old:                  0(  0.0%)      0.0B(  0.0%)]
   [Total Exec: 1764/0.8781208 secs, Idle: 1764/446735.0614133 secs, Blocked: 133/0.0943544 secs]
      [Inspected:         2948104]
         [Skipped:              0(  0.0%)]
         [Hashed:         1231405( 41.8%)]
         [Known:           194364(  6.6%)]
         [New:            2753740( 93.4%)    214.3M]
      [Deduplicated:      1929921( 70.1%)    127.8M( 59.6%)]
         [Young:           796547( 41.3%)  62232.6K( 47.6%)]
         [Old:            1133374( 58.7%)  68645.1K( 52.4%)]
   [Table]
      [Memory Usage: 8448.9K]
      [Size: 262144, Min: 1024, Max: 16777216]
      [Entries: 264695, Load: 101.0%, Cached: 8408, Added: 991371, Removed: 726676]
      [Resize Count: 8, Shrink Threshold: 174762(66.7%), Grow Threshold: 524288(200.0%)]
      [Rehash Count: 0, Rehash Threshold: 120, Hash Seed: 0x0]
      [Age Threshold: 3]
   [Queue]
      [Dropped: 0]
[GC concurrent-string-deduplication, deleted 0 entries, 0.0000008 secs]
2020-12-18T15:32:09.906+0530: 446736.477: [GC pause (G1 Evacuation Pause) (mixed), 0.0108296 secs]
   [Parallel Time: 4.9 ms, GC Workers: 10]
      [GC Worker Start (ms): Min: 446736476.7, Avg: 446736476.9, Max: 446736477.0, Diff: 0.2]
      [Ext Root Scanning (ms): Min: 0.7, Avg: 0.9, Max: 1.9, Diff: 1.2, Sum: 9.0]
      [Update RS (ms): Min: 0.0, Avg: 0.2, Max: 0.4, Diff: 0.4, Sum: 1.9]
         [Processed Buffers: Min: 0, Avg: 1.0, Max: 2, Diff: 2, Sum: 10]
      [Scan RS (ms): Min: 0.2, Avg: 1.5, Max: 3.6, Diff: 3.3, Sum: 15.1]
      [Code Root Scanning (ms): Min: 0.0, Avg: 0.0, Max: 0.2, Diff: 0.2, Sum: 0.3]
      [Object Copy (ms): Min: 0.1, Avg: 1.4, Max: 2.1, Diff: 2.0, Sum: 14.3]
      [Termination (ms): Min: 0.0, Avg: 0.6, Max: 0.9, Diff: 0.9, Sum: 6.4]
         [Termination Attempts: Min: 1, Avg: 4.7, Max: 10, Diff: 9, Sum: 47]
      [GC Worker Other (ms): Min: 0.0, Avg: 0.0, Max: 0.0, Diff: 0.0, Sum: 0.1]
      [GC Worker Total (ms): Min: 4.6, Avg: 4.7, Max: 4.9, Diff: 0.2, Sum: 47.1]
      [GC Worker End (ms): Min: 446736481.6, Avg: 446736481.6, Max: 446736481.6, Diff: 0.0]
   [Code Root Fixup: 0.0 ms]
   [Code Root Purge: 0.0 ms]
   [String Dedup Fixup: 3.3 ms, GC Workers: 10]
      [Queue Fixup (ms): Min: 0.0, Avg: 0.0, Max: 0.0, Diff: 0.0, Sum: 0.0]
      [Table Fixup (ms): Min: 2.6, Avg: 2.7, Max: 2.8, Diff: 0.2, Sum: 27.1]
   [Clear CT: 0.8 ms]
   [Other: 1.8 ms]
      [Choose CSet: 0.0 ms]
      [Ref Proc: 0.5 ms]
      [Ref Enq: 0.0 ms]
      [Redirty Cards: 0.8 ms]
      [Humongous Register: 0.0 ms]
      [Humongous Reclaim: 0.0 ms]
      [Free CSet: 0.3 ms]
   [Eden: 11264.0K(11264.0K)->0.0B(48128.0K) Survivors: 2048.0K->2048.0K Heap: 199.4M(267.0M)->188.1M(267.0M)]
 [Times: user=0.00 sys=0.00, real=0.01 secs] 
2020-12-18T15:32:09.917+0530: 446736.488: [GC concurrent-string-deduplication, 264.0B->264.0B(0.0B), avg 59.6%, 0.0000035 secs]
   [Last Exec: 0.0000035 secs, Idle: 0.0500912 secs, Blocked: 0/0.0000000 secs]
      [Inspected:               1]
         [Skipped:              0(  0.0%)]
         [Hashed:               1(100.0%)]
         [Known:                0(  0.0%)]
         [New:                  1(100.0%)    264.0B]
      [Deduplicated:            0(  0.0%)      0.0B(  0.0%)]
         [Young:                0(  0.0%)      0.0B(  0.0%)]
         [Old:                  0(  0.0%)      0.0B(  0.0%)]
   [Total Exec: 1765/0.8781243 secs, Idle: 1765/446735.1115045 secs, Blocked: 133/0.0943544 secs]
      [Inspected:         2948105]
         [Skipped:              0(  0.0%)]
         [Hashed:         1231406( 41.8%)]
         [Known:           194364(  6.6%)]
         [New:            2753741( 93.4%)    214.3M]
      [Deduplicated:      1929921( 70.1%)    127.8M( 59.6%)]
         [Young:           796547( 41.3%)  62232.6K( 47.6%)]
         [Old:            1133374( 58.7%)  68645.1K( 52.4%)]
   [Table]
      [Memory Usage: 8448.9K]
      [Size: 262144, Min: 1024, Max: 16777216]
      [Entries: 264692, Load: 101.0%, Cached: 8411, Added: 991372, Removed: 726680]
      [Resize Count: 8, Shrink Threshold: 174762(66.7%), Grow Threshold: 524288(200.0%)]
      [Rehash Count: 0, Rehash Threshold: 120, Hash Seed: 0x0]
      [Age Threshold: 3]
   [Queue]
      [Dropped: 0]
[GC concurrent-string-deduplication, deleted 0 entries, 0.0000007 secs]
2020-12-18T15:37:14.847+0530: 447041.417: [GC pause (G1 Evacuation Pause) (young), 0.0088983 secs]
   [Parallel Time: 4.3 ms, GC Workers: 10]
      [GC Worker Start (ms): Min: 447041417.4, Avg: 447041417.6, Max: 447041417.8, Diff: 0.3]
      [Ext Root Scanning (ms): Min: 0.8, Avg: 1.2, Max: 2.5, Diff: 1.7, Sum: 11.8]
      [Update RS (ms): Min: 1.1, Avg: 2.2, Max: 2.8, Diff: 1.7, Sum: 22.3]
         [Processed Buffers: Min: 3, Avg: 7.5, Max: 14, Diff: 11, Sum: 75]
      [Scan RS (ms): Min: 0.0, Avg: 0.0, Max: 0.0, Diff: 0.0, Sum: 0.1]
      [Code Root Scanning (ms): Min: 0.0, Avg: 0.0, Max: 0.0, Diff: 0.0, Sum: 0.0]
      [Object Copy (ms): Min: 0.1, Avg: 0.4, Max: 0.6, Diff: 0.5, Sum: 4.1]
      [Termination (ms): Min: 0.0, Avg: 0.3, Max: 0.4, Diff: 0.4, Sum: 2.8]
         [Termination Attempts: Min: 1, Avg: 1.0, Max: 1, Diff: 0, Sum: 10]
      [GC Worker Other (ms): Min: 0.0, Avg: 0.0, Max: 0.0, Diff: 0.0, Sum: 0.1]
      [GC Worker Total (ms): Min: 4.0, Avg: 4.1, Max: 4.3, Diff: 0.3, Sum: 41.3]
      [GC Worker End (ms): Min: 447041421.7, Avg: 447041421.7, Max: 447041421.7, Diff: 0.0]
   [Code Root Fixup: 0.0 ms]
   [Code Root Purge: 0.0 ms]
   [String Dedup Fixup: 3.2 ms, GC Workers: 10]
      [Queue Fixup (ms): Min: 0.0, Avg: 0.0, Max: 0.0, Diff: 0.0, Sum: 0.0]
      [Table Fixup (ms): Min: 3.0, Avg: 3.1, Max: 3.1, Diff: 0.1, Sum: 30.8]
   [Clear CT: 0.2 ms]
   [Other: 1.1 ms]
      [Choose CSet: 0.0 ms]
      [Ref Proc: 0.2 ms]
      [Ref Enq: 0.0 ms]
      [Redirty Cards: 0.2 ms]
      [Humongous Register: 0.0 ms]
      [Humongous Reclaim: 0.0 ms]
      [Free CSet: 0.1 ms]
   [Eden: 48128.0K(48128.0K)->0.0B(48128.0K) Survivors: 2048.0K->2048.0K Heap: 235.1M(267.0M)->188.4M(267.0M)]
 [Times: user=0.00 sys=0.00, real=0.01 secs] 
2020-12-18T15:37:14.856+0530: 447041.426: [GC concurrent-string-deduplication, 264.0B->264.0B(0.0B), avg 59.6%, 0.0000047 secs]
   [Last Exec: 0.0000047 secs, Idle: 304.9387320 secs, Blocked: 0/0.0000000 secs]
      [Inspected:               1]
         [Skipped:              0(  0.0%)]
         [Hashed:               1(100.0%)]
         [Known:                0(  0.0%)]
         [New:                  1(100.0%)    264.0B]
      [Deduplicated:            0(  0.0%)      0.0B(  0.0%)]
         [Young:                0(  0.0%)      0.0B(  0.0%)]
         [Old:                  0(  0.0%)      0.0B(  0.0%)]
   [Total Exec: 1766/0.8781290 secs, Idle: 1766/447040.0502365 secs, Blocked: 133/0.0943544 secs]
      [Inspected:         2948106]
         [Skipped:              0(  0.0%)]
         [Hashed:         1231407( 41.8%)]
         [Known:           194364(  6.6%)]
         [New:            2753742( 93.4%)    214.3M]
      [Deduplicated:      1929921( 70.1%)    127.8M( 59.6%)]
         [Young:           796547( 41.3%)  62232.6K( 47.6%)]
         [Old:            1133374( 58.7%)  68645.1K( 52.4%)]
   [Table]
      [Memory Usage: 8448.9K]
      [Size: 262144, Min: 1024, Max: 16777216]
      [Entries: 264692, Load: 101.0%, Cached: 8411, Added: 991373, Removed: 726681]
      [Resize Count: 8, Shrink Threshold: 174762(66.7%), Grow Threshold: 524288(200.0%)]
      [Rehash Count: 0, Rehash Threshold: 120, Hash Seed: 0x0]
      [Age Threshold: 3]
   [Queue]
      [Dropped: 0]
[GC concurrent-string-deduplication, deleted 0 entries, 0.0000012 secs]
2020-12-18T15:43:50.056+0530: 447436.627: [GC pause (G1 Evacuation Pause) (young) (initial-mark), 0.0110980 secs]
   [Parallel Time: 3.7 ms, GC Workers: 10]
      [GC Worker Start (ms): Min: 447436627.4, Avg: 447436627.5, Max: 447436627.6, Diff: 0.2]
      [Ext Root Scanning (ms): Min: 1.9, Avg: 2.0, Max: 2.2, Diff: 0.3, Sum: 20.0]
      [Update RS (ms): Min: 0.5, Avg: 0.7, Max: 1.0, Diff: 0.5, Sum: 6.8]
         [Processed Buffers: Min: 2, Avg: 5.6, Max: 16, Diff: 14, Sum: 56]
      [Scan RS (ms): Min: 0.0, Avg: 0.0, Max: 0.0, Diff: 0.0, Sum: 0.0]
      [Code Root Scanning (ms): Min: 0.0, Avg: 0.0, Max: 0.0, Diff: 0.0, Sum: 0.0]
      [Object Copy (ms): Min: 0.1, Avg: 0.3, Max: 0.4, Diff: 0.4, Sum: 2.7]
      [Termination (ms): Min: 0.0, Avg: 0.2, Max: 0.2, Diff: 0.2, Sum: 1.8]
         [Termination Attempts: Min: 1, Avg: 1.1, Max: 2, Diff: 1, Sum: 11]
      [GC Worker Other (ms): Min: 0.0, Avg: 0.0, Max: 0.0, Diff: 0.0, Sum: 0.1]
      [GC Worker Total (ms): Min: 3.1, Avg: 3.2, Max: 3.3, Diff: 0.2, Sum: 31.5]
      [GC Worker End (ms): Min: 447436630.7, Avg: 447436630.7, Max: 447436630.7, Diff: 0.0]
   [Code Root Fixup: 0.0 ms]
   [Code Root Purge: 0.0 ms]
   [String Dedup Fixup: 3.0 ms, GC Workers: 10]
      [Queue Fixup (ms): Min: 0.0, Avg: 0.0, Max: 0.0, Diff: 0.0, Sum: 0.0]
      [Table Fixup (ms): Min: 2.7, Avg: 2.8, Max: 2.9, Diff: 0.2, Sum: 27.6]
   [Clear CT: 0.6 ms]
   [Other: 3.8 ms]
      [Choose CSet: 0.0 ms]
      [Ref Proc: 0.6 ms]
      [Ref Enq: 0.0 ms]
      [Redirty Cards: 0.5 ms]
      [Humongous Register: 0.0 ms]
      [Humongous Reclaim: 0.0 ms]
      [Free CSet: 0.0 ms]
   [Eden: 48128.0K(48128.0K)->0.0B(48128.0K) Survivors: 2048.0K->2048.0K Heap: 235.4M(267.0M)->188.5M(267.0M)]
 [Times: user=0.16 sys=0.00, real=0.01 secs] 
2020-12-18T15:43:50.067+0530: 447436.638: [GC concurrent-root-region-scan-start]
2020-12-18T15:43:50.069+0530: 447436.640: [GC concurrent-root-region-scan-end, 0.0015461 secs]
2020-12-18T15:43:50.069+0530: 447436.640: [GC concurrent-mark-start]
2020-12-18T15:43:50.164+0530: 447436.735: [GC concurrent-mark-end, 0.0952468 secs]
2020-12-18T15:43:50.165+0530: 447436.736: [GC remark 2020-12-18T15:43:50.165+0530: 447436.736: [Finalize Marking, 0.0004244 secs] 2020-12-18T15:43:50.165+0530: 447436.736: [GC ref-proc, 0.0006186 secs] 2020-12-18T15:43:50.166+0530: 447436.737: [Unloading, 0.0247622 secs], 0.0264523 secs]
 [Times: user=0.31 sys=0.00, real=0.03 secs] 
2020-12-18T15:43:50.192+0530: 447436.763: [GC cleanup 188M->188M(267M), 0.0017880 secs]
 [Times: user=0.00 sys=0.00, real=0.00 secs] 
2020-12-18T15:48:15.162+0530: 447701.732: [GC pause (G1 Evacuation Pause) (young), 0.0089483 secs]
   [Parallel Time: 2.6 ms, GC Workers: 10]
      [GC Worker Start (ms): Min: 447701732.6, Avg: 447701732.7, Max: 447701732.8, Diff: 0.2]
      [Ext Root Scanning (ms): Min: 0.7, Avg: 0.9, Max: 1.7, Diff: 1.0, Sum: 8.5]
      [Update RS (ms): Min: 0.0, Avg: 0.7, Max: 1.0, Diff: 1.0, Sum: 6.6]
         [Processed Buffers: Min: 0, Avg: 5.0, Max: 13, Diff: 13, Sum: 50]
      [Scan RS (ms): Min: 0.0, Avg: 0.0, Max: 0.0, Diff: 0.0, Sum: 0.0]
      [Code Root Scanning (ms): Min: 0.0, Avg: 0.0, Max: 0.0, Diff: 0.0, Sum: 0.0]
      [Object Copy (ms): Min: 0.1, Avg: 0.5, Max: 0.7, Diff: 0.6, Sum: 5.3]
      [Termination (ms): Min: 0.0, Avg: 0.1, Max: 0.4, Diff: 0.4, Sum: 0.9]
         [Termination Attempts: Min: 1, Avg: 1.6, Max: 3, Diff: 2, Sum: 16]
      [GC Worker Other (ms): Min: 0.0, Avg: 0.0, Max: 0.1, Diff: 0.1, Sum: 0.2]
      [GC Worker Total (ms): Min: 2.1, Avg: 2.2, Max: 2.3, Diff: 0.2, Sum: 21.6]
      [GC Worker End (ms): Min: 447701734.9, Avg: 447701734.9, Max: 447701734.9, Diff: 0.0]
   [Code Root Fixup: 0.0 ms]
   [Code Root Purge: 0.0 ms]
   [String Dedup Fixup: 3.6 ms, GC Workers: 10]
      [Queue Fixup (ms): Min: 0.0, Avg: 0.0, Max: 0.0, Diff: 0.0, Sum: 0.0]
      [Table Fixup (ms): Min: 3.1, Avg: 3.1, Max: 3.2, Diff: 0.1, Sum: 31.4]
   [Clear CT: 0.7 ms]
   [Other: 2.1 ms]
      [Choose CSet: 0.0 ms]
      [Ref Proc: 1.1 ms]
      [Ref Enq: 0.0 ms]
      [Redirty Cards: 0.8 ms]
      [Humongous Register: 0.0 ms]
      [Humongous Reclaim: 0.0 ms]
      [Free CSet: 0.0 ms]
   [Eden: 48128.0K(48128.0K)->0.0B(11264.0K) Survivors: 2048.0K->2048.0K Heap: 235.5M(267.0M)->188.8M(267.0M)]
 [Times: user=0.00 sys=0.00, real=0.01 secs] 
2020-12-18T15:48:15.171+0530: 447701.742: [GC concurrent-string-deduplication, 264.0B->264.0B(0.0B), avg 59.6%, 0.0000038 secs]
   [Last Exec: 0.0000038 secs, Idle: 660.3151665 secs, Blocked: 0/0.0000000 secs]
      [Inspected:               1]
         [Skipped:              0(  0.0%)]
         [Hashed:               1(100.0%)]
         [Known:                0(  0.0%)]
         [New:                  1(100.0%)    264.0B]
      [Deduplicated:            0(  0.0%)      0.0B(  0.0%)]
         [Young:                0(  0.0%)      0.0B(  0.0%)]
         [Old:                  0(  0.0%)      0.0B(  0.0%)]
   [Total Exec: 1767/0.8781328 secs, Idle: 1767/447700.3654030 secs, Blocked: 133/0.0943544 secs]
      [Inspected:         2948107]
         [Skipped:              0(  0.0%)]
         [Hashed:         1231408( 41.8%)]
         [Known:           194364(  6.6%)]
         [New:            2753743( 93.4%)    214.3M]
      [Deduplicated:      1929921( 70.1%)    127.8M( 59.6%)]
         [Young:           796547( 41.3%)  62232.6K( 47.6%)]
         [Old:            1133374( 58.7%)  68645.1K( 52.4%)]
   [Table]
      [Memory Usage: 8448.9K]
      [Size: 262144, Min: 1024, Max: 16777216]
      [Entries: 264677, Load: 101.0%, Cached: 8426, Added: 991397, Removed: 726720]
      [Resize Count: 8, Shrink Threshold: 174762(66.7%), Grow Threshold: 524288(200.0%)]
      [Rehash Count: 0, Rehash Threshold: 120, Hash Seed: 0x0]
      [Age Threshold: 3]
   [Queue]
      [Dropped: 0]
[GC concurrent-string-deduplication, deleted 0 entries, 0.0000006 secs]
2020-12-18T15:52:10.542+0530: 447937.112: [GC pause (G1 Evacuation Pause) (mixed), 0.0083601 secs]
   [Parallel Time: 3.0 ms, GC Workers: 10]
      [GC Worker Start (ms): Min: 447937112.4, Avg: 447937112.6, Max: 447937112.7, Diff: 0.3]
      [Ext Root Scanning (ms): Min: 0.5, Avg: 0.8, Max: 2.2, Diff: 1.7, Sum: 8.1]
      [Update RS (ms): Min: 0.0, Avg: 0.6, Max: 0.9, Diff: 0.9, Sum: 5.6]
         [Processed Buffers: Min: 0, Avg: 5.0, Max: 13, Diff: 13, Sum: 50]
      [Scan RS (ms): Min: 0.0, Avg: 0.3, Max: 0.6, Diff: 0.6, Sum: 2.5]
      [Code Root Scanning (ms): Min: 0.0, Avg: 0.0, Max: 0.2, Diff: 0.2, Sum: 0.3]
      [Object Copy (ms): Min: 0.1, Avg: 0.5, Max: 0.7, Diff: 0.6, Sum: 5.0]
      [Termination (ms): Min: 0.0, Avg: 0.0, Max: 0.0, Diff: 0.0, Sum: 0.2]
         [Termination Attempts: Min: 1, Avg: 4.7, Max: 7, Diff: 6, Sum: 47]
      [GC Worker Other (ms): Min: 0.0, Avg: 0.0, Max: 0.0, Diff: 0.0, Sum: 0.1]
      [GC Worker Total (ms): Min: 2.1, Avg: 2.2, Max: 2.3, Diff: 0.3, Sum: 21.8]
      [GC Worker End (ms): Min: 447937114.8, Avg: 447937114.8, Max: 447937114.8, Diff: 0.0]
   [Code Root Fixup: 0.0 ms]
   [Code Root Purge: 0.0 ms]
   [String Dedup Fixup: 2.6 ms, GC Workers: 10]
      [Queue Fixup (ms): Min: 0.0, Avg: 0.0, Max: 0.0, Diff: 0.0, Sum: 0.0]
      [Table Fixup (ms): Min: 1.9, Avg: 2.0, Max: 2.1, Diff: 0.3, Sum: 19.9]
   [Clear CT: 0.9 ms]
   [Other: 1.9 ms]
      [Choose CSet: 0.0 ms]
      [Ref Proc: 0.7 ms]
      [Ref Enq: 0.0 ms]
      [Redirty Cards: 0.9 ms]
      [Humongous Register: 0.0 ms]
      [Humongous Reclaim: 0.0 ms]
      [Free CSet: 0.1 ms]
   [Eden: 11264.0K(11264.0K)->0.0B(50176.0K) Survivors: 2048.0K->1024.0K Heap: 199.8M(267.0M)->187.8M(267.0M)]
 [Times: user=0.16 sys=0.00, real=0.01 secs] 
2020-12-18T15:52:10.550+0530: 447937.121: [GC concurrent-string-deduplication, 264.0B->264.0B(0.0B), avg 59.6%, 0.0000052 secs]
   [Last Exec: 0.0000052 secs, Idle: 235.3792391 secs, Blocked: 0/0.0000000 secs]
      [Inspected:               1]
         [Skipped:              0(  0.0%)]
         [Hashed:               1(100.0%)]
         [Known:                0(  0.0%)]
         [New:                  1(100.0%)    264.0B]
      [Deduplicated:            0(  0.0%)      0.0B(  0.0%)]
         [Young:                0(  0.0%)      0.0B(  0.0%)]
         [Old:                  0(  0.0%)      0.0B(  0.0%)]
   [Total Exec: 1768/0.8781380 secs, Idle: 1768/447935.7446421 secs, Blocked: 133/0.0943544 secs]
      [Inspected:         2948108]
         [Skipped:              0(  0.0%)]
         [Hashed:         1231409( 41.8%)]
         [Known:           194364(  6.6%)]
         [New:            2753744( 93.4%)    214.3M]
      [Deduplicated:      1929921( 70.1%)    127.8M( 59.6%)]
         [Young:           796547( 41.3%)  62232.6K( 47.6%)]
         [Old:            1133374( 58.7%)  68645.1K( 52.4%)]
   [Table]
      [Memory Usage: 8448.9K]
      [Size: 262144, Min: 1024, Max: 16777216]
      [Entries: 264675, Load: 101.0%, Cached: 8428, Added: 991400, Removed: 726725]
      [Resize Count: 8, Shrink Threshold: 174762(66.7%), Grow Threshold: 524288(200.0%)]
      [Rehash Count: 0, Rehash Threshold: 120, Hash Seed: 0x0]
      [Age Threshold: 3]
   [Queue]
      [Dropped: 0]
[GC concurrent-string-deduplication, deleted 0 entries, 0.0000011 secs]
2020-12-18T15:57:10.794+0530: 448237.364: [GC pause (G1 Evacuation Pause) (young), 0.0085808 secs]
   [Parallel Time: 3.1 ms, GC Workers: 10]
      [GC Worker Start (ms): Min: 448237364.5, Avg: 448237364.7, Max: 448237364.9, Diff: 0.3]
      [Ext Root Scanning (ms): Min: 0.5, Avg: 0.8, Max: 2.0, Diff: 1.5, Sum: 7.9]
      [Update RS (ms): Min: 0.3, Avg: 1.2, Max: 1.5, Diff: 1.2, Sum: 12.1]
         [Processed Buffers: Min: 1, Avg: 5.5, Max: 14, Diff: 13, Sum: 55]
      [Scan RS (ms): Min: 0.0, Avg: 0.0, Max: 0.0, Diff: 0.0, Sum: 0.0]
      [Code Root Scanning (ms): Min: 0.0, Avg: 0.0, Max: 0.1, Diff: 0.1, Sum: 0.1]
      [Object Copy (ms): Min: 0.1, Avg: 0.3, Max: 0.4, Diff: 0.3, Sum: 2.6]
      [Termination (ms): Min: 0.0, Avg: 0.0, Max: 0.0, Diff: 0.0, Sum: 0.0]
         [Termination Attempts: Min: 1, Avg: 1.0, Max: 1, Diff: 0, Sum: 10]
      [GC Worker Other (ms): Min: 0.0, Avg: 0.0, Max: 0.0, Diff: 0.0, Sum: 0.2]
      [GC Worker Total (ms): Min: 2.2, Avg: 2.3, Max: 2.5, Diff: 0.3, Sum: 22.8]
      [GC Worker End (ms): Min: 448237367.0, Avg: 448237367.0, Max: 448237367.1, Diff: 0.0]
   [Code Root Fixup: 0.0 ms]
   [Code Root Purge: 0.0 ms]
   [String Dedup Fixup: 2.5 ms, GC Workers: 10]
      [Queue Fixup (ms): Min: 0.0, Avg: 0.0, Max: 0.0, Diff: 0.0, Sum: 0.0]
      [Table Fixup (ms): Min: 1.8, Avg: 1.9, Max: 2.0, Diff: 0.2, Sum: 19.2]
   [Clear CT: 0.9 ms]
   [Other: 2.1 ms]
      [Choose CSet: 0.0 ms]
      [Ref Proc: 0.9 ms]
      [Ref Enq: 0.0 ms]
      [Redirty Cards: 0.9 ms]
      [Humongous Register: 0.0 ms]
      [Humongous Reclaim: 0.0 ms]
      [Free CSet: 0.1 ms]
   [Eden: 50176.0K(50176.0K)->0.0B(50176.0K) Survivors: 1024.0K->1024.0K Heap: 236.8M(267.0M)->188.1M(267.0M)]
 [Times: user=0.00 sys=0.02, real=0.01 secs] 
2020-12-18T15:57:10.803+0530: 448237.373: [GC concurrent-string-deduplication, 2032.0B->1320.0B(712.0B), avg 59.6%, 0.0001482 secs]
   [Last Exec: 0.0001482 secs, Idle: 300.2523131 secs, Blocked: 0/0.0000000 secs]
      [Inspected:              54]
         [Skipped:              0(  0.0%)]
         [Hashed:              25( 46.3%)]
         [Known:               24( 44.4%)]
         [New:                 30( 55.6%)   2032.0B]
      [Deduplicated:           19( 63.3%)    712.0B( 35.0%)]
         [Young:               19(100.0%)    712.0B(100.0%)]
         [Old:                  0(  0.0%)      0.0B(  0.0%)]
   [Total Exec: 1769/0.8782862 secs, Idle: 1769/448235.9969552 secs, Blocked: 133/0.0943544 secs]
      [Inspected:         2948162]
         [Skipped:              0(  0.0%)]
         [Hashed:         1231434( 41.8%)]
         [Known:           194388(  6.6%)]
         [New:            2753774( 93.4%)    214.3M]
      [Deduplicated:      1929940( 70.1%)    127.8M( 59.6%)]
         [Young:           796566( 41.3%)  62233.3K( 47.6%)]
         [Old:            1133374( 58.7%)  68645.1K( 52.4%)]
   [Table]
      [Memory Usage: 8448.9K]
      [Size: 262144, Min: 1024, Max: 16777216]
      [Entries: 264686, Load: 101.0%, Cached: 8417, Added: 991411, Removed: 726725]
      [Resize Count: 8, Shrink Threshold: 174762(66.7%), Grow Threshold: 524288(200.0%)]
      [Rehash Count: 0, Rehash Threshold: 120, Hash Seed: 0x0]
      [Age Threshold: 3]
   [Queue]
      [Dropped: 0]
[GC concurrent-string-deduplication, deleted 0 entries, 0.0000014 secs]
2020-12-18T16:02:10.983+0530: 448537.554: [GC pause (G1 Evacuation Pause) (young) (initial-mark), 0.0103080 secs]
   [Parallel Time: 3.8 ms, GC Workers: 10]
      [GC Worker Start (ms): Min: 448537553.9, Avg: 448537554.1, Max: 448537554.3, Diff: 0.4]
      [Ext Root Scanning (ms): Min: 1.4, Avg: 1.7, Max: 1.8, Diff: 0.4, Sum: 16.8]
      [Update RS (ms): Min: 0.4, Avg: 0.6, Max: 1.0, Diff: 0.7, Sum: 5.9]
         [Processed Buffers: Min: 1, Avg: 5.1, Max: 12, Diff: 11, Sum: 51]
      [Scan RS (ms): Min: 0.0, Avg: 0.0, Max: 0.0, Diff: 0.0, Sum: 0.0]
      [Code Root Scanning (ms): Min: 0.0, Avg: 0.0, Max: 0.1, Diff: 0.1, Sum: 0.1]
      [Object Copy (ms): Min: 0.0, Avg: 0.3, Max: 0.4, Diff: 0.4, Sum: 2.8]
      [Termination (ms): Min: 0.0, Avg: 0.2, Max: 0.2, Diff: 0.2, Sum: 1.7]
         [Termination Attempts: Min: 1, Avg: 1.0, Max: 1, Diff: 0, Sum: 10]
      [GC Worker Other (ms): Min: 0.0, Avg: 0.0, Max: 0.0, Diff: 0.0, Sum: 0.1]
      [GC Worker Total (ms): Min: 2.6, Avg: 2.7, Max: 3.0, Diff: 0.4, Sum: 27.4]
      [GC Worker End (ms): Min: 448537556.8, Avg: 448537556.8, Max: 448537556.9, Diff: 0.0]
   [Code Root Fixup: 0.0 ms]
   [Code Root Purge: 0.0 ms]
   [String Dedup Fixup: 4.1 ms, GC Workers: 10]
      [Queue Fixup (ms): Min: 0.0, Avg: 0.0, Max: 0.0, Diff: 0.0, Sum: 0.0]
      [Table Fixup (ms): Min: 3.4, Avg: 3.4, Max: 3.6, Diff: 0.2, Sum: 34.4]
   [Clear CT: 0.9 ms]
   [Other: 1.5 ms]
      [Choose CSet: 0.0 ms]
      [Ref Proc: 0.5 ms]
      [Ref Enq: 0.0 ms]
      [Redirty Cards: 0.8 ms]
      [Humongous Register: 0.0 ms]
      [Humongous Reclaim: 0.0 ms]
      [Free CSet: 0.0 ms]
   [Eden: 50176.0K(50176.0K)->0.0B(50176.0K) Survivors: 1024.0K->1024.0K Heap: 237.1M(267.0M)->188.3M(267.0M)]
 [Times: user=0.16 sys=0.00, real=0.01 secs] 
2020-12-18T16:02:10.993+0530: 448537.564: 2020-12-18T16:02:10.993+0530: 448537.564: [GC concurrent-string-deduplication, 264.0B->264.0B(0.0B), avg 59.6%, 0.0000337 secs]
[GC concurrent-root-region-scan-start]
   [Last Exec: 0.0000337 secs, Idle: 300.1907045 secs, Blocked: 0/0.0000000 secs]
      [Inspected:               4]
         [Skipped:              0(  0.0%)]
         [Hashed:               1( 25.0%)]
         [Known:                3( 75.0%)]
         [New:                  1( 25.0%)    264.0B]
      [Deduplicated:            0(  0.0%)      0.0B(  0.0%)]
         [Young:                0(  0.0%)      0.0B(  0.0%)]
         [Old:                  0(  0.0%)      0.0B(  0.0%)]
   [Total Exec: 1770/0.8783199 secs, Idle: 1770/448536.1876597 secs, Blocked: 133/0.0943544 secs]
      [Inspected:         2948166]
         [Skipped:              0(  0.0%)]
         [Hashed:         1231435( 41.8%)]
         [Known:           194391(  6.6%)]
         [New:            2753775( 93.4%)    214.3M]
      [Deduplicated:      1929940( 70.1%)    127.8M( 59.6%)]
         [Young:           796566( 41.3%)  62233.3K( 47.6%)]
         [Old:            1133374( 58.7%)  68645.1K( 52.4%)]
   [Table]
      [Memory Usage: 8448.9K]
      [Size: 262144, Min: 1024, Max: 16777216]
      [Entries: 264687, Load: 101.0%, Cached: 8416, Added: 991412, Removed: 726725]
      [Resize Count: 8, Shrink Threshold: 174762(66.7%), Grow Threshold: 524288(200.0%)]
      [Rehash Count: 0, Rehash Threshold: 120, Hash Seed: 0x0]
      [Age Threshold: 3]
   [Queue]
      [Dropped: 0]
[GC concurrent-string-deduplication, deleted 0 entries, 0.0000007 secs]
2020-12-18T16:02:10.995+0530: 448537.566: [GC concurrent-root-region-scan-end, 0.0020533 secs]
2020-12-18T16:02:10.995+0530: 448537.566: [GC concurrent-mark-start]
2020-12-18T16:02:11.084+0530: 448537.656: [GC concurrent-mark-end, 0.0892347 secs]
2020-12-18T16:02:11.087+0530: 448537.658: [GC remark 2020-12-18T16:02:11.087+0530: 448537.658: [Finalize Marking, 0.0004307 secs] 2020-12-18T16:02:11.087+0530: 448537.659: [GC ref-proc, 0.0005940 secs] 2020-12-18T16:02:11.088+0530: 448537.659: [Unloading, 0.0248126 secs], 0.0267982 secs]
 [Times: user=0.30 sys=0.00, real=0.03 secs] 
2020-12-18T16:02:11.114+0530: 448537.685: [GC cleanup 198M->198M(267M), 0.0028559 secs]
 [Times: user=0.00 sys=0.00, real=0.00 secs] 
2020-12-18T16:07:11.203+0530: 448837.774: [GC pause (G1 Evacuation Pause) (young), 0.0080134 secs]
   [Parallel Time: 2.8 ms, GC Workers: 10]
      [GC Worker Start (ms): Min: 448837773.9, Avg: 448837774.2, Max: 448837774.3, Diff: 0.5]
      [Ext Root Scanning (ms): Min: 0.6, Avg: 0.9, Max: 2.3, Diff: 1.8, Sum: 8.8]
      [Update RS (ms): Min: 0.0, Avg: 0.6, Max: 1.0, Diff: 1.0, Sum: 6.5]
         [Processed Buffers: Min: 0, Avg: 5.2, Max: 11, Diff: 11, Sum: 52]
      [Scan RS (ms): Min: 0.0, Avg: 0.0, Max: 0.0, Diff: 0.0, Sum: 0.0]
      [Code Root Scanning (ms): Min: 0.0, Avg: 0.0, Max: 0.1, Diff: 0.1, Sum: 0.1]
      [Object Copy (ms): Min: 0.0, Avg: 0.4, Max: 0.6, Diff: 0.6, Sum: 4.1]
      [Termination (ms): Min: 0.0, Avg: 0.1, Max: 0.1, Diff: 0.1, Sum: 0.5]
         [Termination Attempts: Min: 1, Avg: 1.3, Max: 2, Diff: 1, Sum: 13]
      [GC Worker Other (ms): Min: 0.0, Avg: 0.0, Max: 0.0, Diff: 0.0, Sum: 0.1]
      [GC Worker Total (ms): Min: 1.8, Avg: 2.0, Max: 2.3, Diff: 0.5, Sum: 20.2]
      [GC Worker End (ms): Min: 448837776.2, Avg: 448837776.2, Max: 448837776.2, Diff: 0.0]
   [Code Root Fixup: 0.0 ms]
   [Code Root Purge: 0.0 ms]
   [String Dedup Fixup: 2.6 ms, GC Workers: 10]
      [Queue Fixup (ms): Min: 0.0, Avg: 0.0, Max: 0.0, Diff: 0.0, Sum: 0.0]
      [Table Fixup (ms): Min: 2.0, Avg: 2.1, Max: 2.4, Diff: 0.3, Sum: 21.4]
   [Clear CT: 1.1 ms]
   [Other: 1.5 ms]
      [Choose CSet: 0.0 ms]
      [Ref Proc: 0.4 ms]
      [Ref Enq: 0.0 ms]
      [Redirty Cards: 0.8 ms]
      [Humongous Register: 0.0 ms]
      [Humongous Reclaim: 0.0 ms]
      [Free CSet: 0.0 ms]
   [Eden: 50176.0K(50176.0K)->0.0B(12288.0K) Survivors: 1024.0K->1024.0K Heap: 237.3M(267.0M)->188.2M(267.0M)]
 [Times: user=0.00 sys=0.00, real=0.01 secs] 
2020-12-18T16:07:11.211+0530: 448837.782: [GC concurrent-string-deduplication, 264.0B->264.0B(0.0B), avg 59.6%, 0.0000036 secs]
   [Last Exec: 0.0000036 secs, Idle: 300.2176400 secs, Blocked: 0/0.0000000 secs]
      [Inspected:               1]
         [Skipped:              0(  0.0%)]
         [Hashed:               1(100.0%)]
         [Known:                0(  0.0%)]
         [New:                  1(100.0%)    264.0B]
      [Deduplicated:            0(  0.0%)      0.0B(  0.0%)]
         [Young:                0(  0.0%)      0.0B(  0.0%)]
         [Old:                  0(  0.0%)      0.0B(  0.0%)]
   [Total Exec: 1771/0.8783235 secs, Idle: 1771/448836.4052997 secs, Blocked: 133/0.0943544 secs]
      [Inspected:         2948167]
         [Skipped:              0(  0.0%)]
         [Hashed:         1231436( 41.8%)]
         [Known:           194391(  6.6%)]
         [New:            2753776( 93.4%)    214.3M]
      [Deduplicated:      1929940( 70.1%)    127.8M( 59.6%)]
         [Young:           796566( 41.3%)  62233.3K( 47.6%)]
         [Old:            1133374( 58.7%)  68645.1K( 52.4%)]
   [Table]
      [Memory Usage: 8448.9K]
      [Size: 262144, Min: 1024, Max: 16777216]
      [Entries: 264633, Load: 100.9%, Cached: 8470, Added: 991413, Removed: 726780]
      [Resize Count: 8, Shrink Threshold: 174762(66.7%), Grow Threshold: 524288(200.0%)]
      [Rehash Count: 0, Rehash Threshold: 120, Hash Seed: 0x0]
      [Age Threshold: 3]
   [Queue]
      [Dropped: 0]
[GC concurrent-string-deduplication, deleted 0 entries, 0.0000008 secs]
2020-12-18T16:09:50.810+0530: 448997.381: [GC pause (G1 Evacuation Pause) (mixed), 0.0092960 secs]
   [Parallel Time: 3.8 ms, GC Workers: 10]
      [GC Worker Start (ms): Min: 448997381.2, Avg: 448997381.4, Max: 448997381.6, Diff: 0.4]
      [Ext Root Scanning (ms): Min: 0.7, Avg: 1.0, Max: 1.6, Diff: 0.9, Sum: 10.0]
      [Update RS (ms): Min: 0.6, Avg: 0.9, Max: 1.2, Diff: 0.6, Sum: 9.4]
         [Processed Buffers: Min: 1, Avg: 4.9, Max: 14, Diff: 13, Sum: 49]
      [Scan RS (ms): Min: 0.1, Avg: 0.3, Max: 0.6, Diff: 0.5, Sum: 2.9]
      [Code Root Scanning (ms): Min: 0.0, Avg: 0.0, Max: 0.3, Diff: 0.3, Sum: 0.3]
      [Object Copy (ms): Min: 0.1, Avg: 0.5, Max: 0.7, Diff: 0.6, Sum: 5.3]
      [Termination (ms): Min: 0.0, Avg: 0.0, Max: 0.0, Diff: 0.0, Sum: 0.0]
         [Termination Attempts: Min: 1, Avg: 2.0, Max: 4, Diff: 3, Sum: 20]
      [GC Worker Other (ms): Min: 0.0, Avg: 0.0, Max: 0.0, Diff: 0.0, Sum: 0.2]
      [GC Worker Total (ms): Min: 2.7, Avg: 2.8, Max: 3.0, Diff: 0.4, Sum: 28.2]
      [GC Worker End (ms): Min: 448997384.2, Avg: 448997384.2, Max: 448997384.3, Diff: 0.0]
   [Code Root Fixup: 0.0 ms]
   [Code Root Purge: 0.0 ms]
   [String Dedup Fixup: 2.4 ms, GC Workers: 10]
      [Queue Fixup (ms): Min: 0.0, Avg: 0.0, Max: 0.0, Diff: 0.0, Sum: 0.0]
      [Table Fixup (ms): Min: 1.9, Avg: 2.0, Max: 2.3, Diff: 0.4, Sum: 20.1]
   [Clear CT: 1.3 ms]
   [Other: 1.8 ms]
      [Choose CSet: 0.0 ms]
      [Ref Proc: 0.8 ms]
      [Ref Enq: 0.0 ms]
      [Redirty Cards: 0.8 ms]
      [Humongous Register: 0.0 ms]
      [Humongous Reclaim: 0.0 ms]
      [Free CSet: 0.0 ms]
   [Eden: 12288.0K(12288.0K)->0.0B(50176.0K) Survivors: 1024.0K->1024.0K Heap: 200.2M(267.0M)->187.4M(267.0M)]
 [Times: user=0.16 sys=0.00, real=0.01 secs] 
2020-12-18T16:09:50.819+0530: 448997.391: [GC concurrent-string-deduplication, 264.0B->264.0B(0.0B), avg 59.6%, 0.0000050 secs]
   [Last Exec: 0.0000050 secs, Idle: 159.6085424 secs, Blocked: 0/0.0000000 secs]
      [Inspected:               1]
         [Skipped:              0(  0.0%)]
         [Hashed:               1(100.0%)]
         [Known:                0(  0.0%)]
         [New:                  1(100.0%)    264.0B]
      [Deduplicated:            0(  0.0%)      0.0B(  0.0%)]
         [Young:                0(  0.0%)      0.0B(  0.0%)]
         [Old:                  0(  0.0%)      0.0B(  0.0%)]
   [Total Exec: 1772/0.8783285 secs, Idle: 1772/448996.0138421 secs, Blocked: 133/0.0943544 secs]
      [Inspected:         2948168]
         [Skipped:              0(  0.0%)]
         [Hashed:         1231437( 41.8%)]
         [Known:           194391(  6.6%)]
         [New:            2753777( 93.4%)    214.3M]
      [Deduplicated:      1929940( 70.1%)    127.8M( 59.6%)]
         [Young:           796566( 41.3%)  62233.3K( 47.6%)]
         [Old:            1133374( 58.7%)  68645.1K( 52.4%)]
   [Table]
      [Memory Usage: 8448.9K]
      [Size: 262144, Min: 1024, Max: 16777216]
      [Entries: 264634, Load: 100.9%, Cached: 8469, Added: 991414, Removed: 726780]
      [Resize Count: 8, Shrink Threshold: 174762(66.7%), Grow Threshold: 524288(200.0%)]
      [Rehash Count: 0, Rehash Threshold: 120, Hash Seed: 0x0]
      [Age Threshold: 3]
   [Queue]
      [Dropped: 0]
[GC concurrent-string-deduplication, deleted 0 entries, 0.0000010 secs]
2020-12-18T16:11:50.145+0530: 449116.716: [GC pause (G1 Humongous Allocation) (young) (initial-mark), 0.0104679 secs]
   [Parallel Time: 5.8 ms, GC Workers: 10]
      [GC Worker Start (ms): Min: 449116716.6, Avg: 449116716.7, Max: 449116716.7, Diff: 0.2]
      [Ext Root Scanning (ms): Min: 3.2, Avg: 3.4, Max: 3.7, Diff: 0.4, Sum: 33.9]
      [Update RS (ms): Min: 1.3, Avg: 1.6, Max: 1.9, Diff: 0.6, Sum: 15.6]
         [Processed Buffers: Min: 1, Avg: 6.6, Max: 15, Diff: 14, Sum: 66]
      [Scan RS (ms): Min: 0.0, Avg: 0.0, Max: 0.0, Diff: 0.0, Sum: 0.0]
      [Code Root Scanning (ms): Min: 0.0, Avg: 0.0, Max: 0.0, Diff: 0.0, Sum: 0.0]
      [Object Copy (ms): Min: 0.0, Avg: 0.3, Max: 0.5, Diff: 0.5, Sum: 2.9]
      [Termination (ms): Min: 0.0, Avg: 0.3, Max: 0.3, Diff: 0.3, Sum: 2.5]
         [Termination Attempts: Min: 1, Avg: 4.5, Max: 11, Diff: 10, Sum: 45]
      [GC Worker Other (ms): Min: 0.0, Avg: 0.0, Max: 0.0, Diff: 0.0, Sum: 0.1]
      [GC Worker Total (ms): Min: 5.4, Avg: 5.5, Max: 5.6, Diff: 0.2, Sum: 55.1]
      [GC Worker End (ms): Min: 449116722.2, Avg: 449116722.2, Max: 449116722.2, Diff: 0.0]
   [Code Root Fixup: 0.0 ms]
   [Code Root Purge: 0.0 ms]
   [String Dedup Fixup: 3.0 ms, GC Workers: 10]
      [Queue Fixup (ms): Min: 0.0, Avg: 0.0, Max: 0.0, Diff: 0.0, Sum: 0.0]
      [Table Fixup (ms): Min: 2.6, Avg: 2.7, Max: 2.7, Diff: 0.1, Sum: 26.7]
   [Clear CT: 0.4 ms]
   [Other: 1.2 ms]
      [Choose CSet: 0.0 ms]
      [Ref Proc: 0.3 ms]
      [Ref Enq: 0.0 ms]
      [Redirty Cards: 0.3 ms]
      [Humongous Register: 0.0 ms]
      [Humongous Reclaim: 0.0 ms]
      [Free CSet: 0.1 ms]
   [Eden: 44032.0K(50176.0K)->0.0B(50176.0K) Survivors: 1024.0K->1024.0K Heap: 230.2M(267.0M)->187.6M(267.0M)]
 [Times: user=0.00 sys=0.00, real=0.01 secs] 
2020-12-18T16:11:50.156+0530: 449116.727: [GC concurrent-root-region-scan-start]
2020-12-18T16:11:50.156+0530: 449116.727: [GC concurrent-string-deduplication, 408.0B->264.0B(144.0B), avg 59.6%, 0.0000191 secs]
   [Last Exec: 0.0000191 secs, Idle: 119.3363272 secs, Blocked: 0/0.0000000 secs]
      [Inspected:               4]
         [Skipped:              0(  0.0%)]
         [Hashed:               1( 25.0%)]
         [Known:                0(  0.0%)]
         [New:                  4(100.0%)    408.0B]
      [Deduplicated:            3( 75.0%)    144.0B( 35.3%)]
         [Young:                3(100.0%)    144.0B(100.0%)]
         [Old:                  0(  0.0%)      0.0B(  0.0%)]
   [Total Exec: 1773/0.8783476 secs, Idle: 1773/449115.3501693 secs, Blocked: 133/0.0943544 secs]
      [Inspected:         2948172]
         [Skipped:              0(  0.0%)]
         [Hashed:         1231438( 41.8%)]
         [Known:           194391(  6.6%)]
         [New:            2753781( 93.4%)    214.3M]
      [Deduplicated:      1929943( 70.1%)    127.8M( 59.6%)]
         [Young:           796569( 41.3%)  62233.4K( 47.6%)]
         [Old:            1133374( 58.7%)  68645.1K( 52.4%)]
   [Table]
      [Memory Usage: 8448.9K]
      [Size: 262144, Min: 1024, Max: 16777216]
      [Entries: 264765, Load: 101.0%, Cached: 8338, Added: 991545, Removed: 726780]
      [Resize Count: 8, Shrink Threshold: 174762(66.7%), Grow Threshold: 524288(200.0%)]
      [Rehash Count: 0, Rehash Threshold: 120, Hash Seed: 0x0]
      [Age Threshold: 3]
   [Queue]
      [Dropped: 0]
[GC concurrent-string-deduplication, deleted 0 entries, 0.0000008 secs]
2020-12-18T16:11:50.159+0530: 449116.730: [GC concurrent-root-region-scan-end, 0.0033127 secs]
2020-12-18T16:11:50.159+0530: 449116.730: [GC concurrent-mark-start]
2020-12-18T16:11:50.258+0530: 449116.829: [GC concurrent-mark-end, 0.0992665 secs]
2020-12-18T16:11:50.259+0530: 449116.830: [GC remark 2020-12-18T16:11:50.259+0530: 449116.830: [Finalize Marking, 0.0003990 secs] 2020-12-18T16:11:50.259+0530: 449116.830: [GC ref-proc, 0.0005495 secs] 2020-12-18T16:11:50.260+0530: 449116.831: [Unloading, 0.0242934 secs], 0.0259779 secs]
 [Times: user=0.26 sys=0.05, real=0.03 secs] 
2020-12-18T16:11:50.286+0530: 449116.857: [GC cleanup 194M->194M(267M), 0.0020103 secs]
 [Times: user=0.00 sys=0.00, real=0.00 secs] 
2020-12-18T16:11:52.332+0530: 449118.902: [GC pause (G1 Evacuation Pause) (young), 0.0064225 secs]
   [Parallel Time: 2.7 ms, GC Workers: 10]
      [GC Worker Start (ms): Min: 449118902.4, Avg: 449118902.5, Max: 449118902.6, Diff: 0.2]
      [Ext Root Scanning (ms): Min: 0.7, Avg: 0.8, Max: 1.5, Diff: 0.8, Sum: 8.4]
      [Update RS (ms): Min: 0.4, Avg: 0.7, Max: 1.0, Diff: 0.5, Sum: 6.8]
         [Processed Buffers: Min: 1, Avg: 5.3, Max: 10, Diff: 9, Sum: 53]
      [Scan RS (ms): Min: 0.0, Avg: 0.0, Max: 0.0, Diff: 0.0, Sum: 0.0]
      [Code Root Scanning (ms): Min: 0.0, Avg: 0.0, Max: 0.0, Diff: 0.0, Sum: 0.0]
      [Object Copy (ms): Min: 0.1, Avg: 0.5, Max: 0.7, Diff: 0.6, Sum: 5.3]
      [Termination (ms): Min: 0.0, Avg: 0.1, Max: 0.2, Diff: 0.2, Sum: 1.3]
         [Termination Attempts: Min: 1, Avg: 1.0, Max: 1, Diff: 0, Sum: 10]
      [GC Worker Other (ms): Min: 0.0, Avg: 0.0, Max: 0.0, Diff: 0.0, Sum: 0.1]
      [GC Worker Total (ms): Min: 2.1, Avg: 2.2, Max: 2.3, Diff: 0.2, Sum: 22.0]
      [GC Worker End (ms): Min: 449118904.7, Avg: 449118904.7, Max: 449118904.7, Diff: 0.0]
   [Code Root Fixup: 0.0 ms]
   [Code Root Purge: 0.0 ms]
   [String Dedup Fixup: 2.3 ms, GC Workers: 10]
      [Queue Fixup (ms): Min: 0.0, Avg: 0.0, Max: 0.0, Diff: 0.0, Sum: 0.0]
      [Table Fixup (ms): Min: 2.1, Avg: 2.1, Max: 2.2, Diff: 0.1, Sum: 21.2]
   [Clear CT: 0.4 ms]
   [Other: 1.1 ms]
      [Choose CSet: 0.0 ms]
      [Ref Proc: 0.5 ms]
      [Ref Enq: 0.0 ms]
      [Redirty Cards: 0.3 ms]
      [Humongous Register: 0.0 ms]
      [Humongous Reclaim: 0.0 ms]
      [Free CSet: 0.0 ms]
   [Eden: 50176.0K(50176.0K)->0.0B(11264.0K) Survivors: 1024.0K->2048.0K Heap: 237.6M(267.0M)->189.2M(267.0M)]
 [Times: user=0.00 sys=0.00, real=0.01 secs] 
2020-12-18T16:11:52.338+0530: 449118.909: [GC concurrent-string-deduplication, 392.0B->264.0B(128.0B), avg 59.6%, 0.0000056 secs]
   [Last Exec: 0.0000056 secs, Idle: 2.1819252 secs, Blocked: 0/0.0000000 secs]
      [Inspected:               2]
         [Skipped:              0(  0.0%)]
         [Hashed:               1( 50.0%)]
         [Known:                0(  0.0%)]
         [New:                  2(100.0%)    392.0B]
      [Deduplicated:            1( 50.0%)    128.0B( 32.7%)]
         [Young:                1(100.0%)    128.0B(100.0%)]
         [Old:                  0(  0.0%)      0.0B(  0.0%)]
   [Total Exec: 1774/0.8783532 secs, Idle: 1774/449117.5320945 secs, Blocked: 133/0.0943544 secs]
      [Inspected:         2948174]
         [Skipped:              0(  0.0%)]
         [Hashed:         1231439( 41.8%)]
         [Known:           194391(  6.6%)]
         [New:            2753783( 93.4%)    214.3M]
      [Deduplicated:      1929944( 70.1%)    127.8M( 59.6%)]
         [Young:           796570( 41.3%)  62233.5K( 47.6%)]
         [Old:            1133374( 58.7%)  68645.1K( 52.4%)]
   [Table]
      [Memory Usage: 8448.9K]
      [Size: 262144, Min: 1024, Max: 16777216]
      [Entries: 264876, Load: 101.0%, Cached: 8227, Added: 991784, Removed: 726908]
      [Resize Count: 8, Shrink Threshold: 174762(66.7%), Grow Threshold: 524288(200.0%)]
      [Rehash Count: 0, Rehash Threshold: 120, Hash Seed: 0x0]
      [Age Threshold: 3]
   [Queue]
      [Dropped: 0]
[GC concurrent-string-deduplication, deleted 0 entries, 0.0000009 secs]
2020-12-18T16:11:52.699+0530: 449119.270: [GC pause (G1 Evacuation Pause) (mixed), 0.0100963 secs]
   [Parallel Time: 4.7 ms, GC Workers: 10]
      [GC Worker Start (ms): Min: 449119270.0, Avg: 449119270.1, Max: 449119270.2, Diff: 0.2]
      [Ext Root Scanning (ms): Min: 1.2, Avg: 1.4, Max: 1.8, Diff: 0.6, Sum: 13.7]
      [Update RS (ms): Min: 0.1, Avg: 0.4, Max: 0.5, Diff: 0.4, Sum: 3.5]
         [Processed Buffers: Min: 1, Avg: 2.9, Max: 9, Diff: 8, Sum: 29]
      [Scan RS (ms): Min: 0.0, Avg: 0.1, Max: 0.2, Diff: 0.2, Sum: 1.3]
      [Code Root Scanning (ms): Min: 0.0, Avg: 0.0, Max: 0.0, Diff: 0.0, Sum: 0.1]
      [Object Copy (ms): Min: 1.9, Avg: 2.1, Max: 2.2, Diff: 0.2, Sum: 20.8]
      [Termination (ms): Min: 0.0, Avg: 0.0, Max: 0.0, Diff: 0.0, Sum: 0.0]
         [Termination Attempts: Min: 1, Avg: 1.0, Max: 1, Diff: 0, Sum: 10]
      [GC Worker Other (ms): Min: 0.0, Avg: 0.0, Max: 0.0, Diff: 0.0, Sum: 0.1]
      [GC Worker Total (ms): Min: 3.8, Avg: 4.0, Max: 4.1, Diff: 0.2, Sum: 39.5]
      [GC Worker End (ms): Min: 449119274.1, Avg: 449119274.1, Max: 449119274.1, Diff: 0.0]
   [Code Root Fixup: 0.0 ms]
   [Code Root Purge: 0.0 ms]
   [String Dedup Fixup: 3.4 ms, GC Workers: 10]
      [Queue Fixup (ms): Min: 0.0, Avg: 0.0, Max: 0.0, Diff: 0.0, Sum: 0.0]
      [Table Fixup (ms): Min: 3.0, Avg: 3.2, Max: 3.3, Diff: 0.3, Sum: 31.9]
   [Clear CT: 1.0 ms]
   [Other: 1.0 ms]
      [Choose CSet: 0.0 ms]
      [Ref Proc: 0.2 ms]
      [Ref Enq: 0.0 ms]
      [Redirty Cards: 0.5 ms]
      [Humongous Register: 0.0 ms]
      [Humongous Reclaim: 0.0 ms]
      [Free CSet: 0.0 ms]
   [Eden: 11264.0K(11264.0K)->0.0B(49152.0K) Survivors: 2048.0K->1024.0K Heap: 200.8M(267.0M)->188.7M(267.0M)]
 [Times: user=0.16 sys=0.00, real=0.01 secs] 
2020-12-18T16:11:52.710+0530: 449119.281: [GC concurrent-string-deduplication, 49304.0B->16168.0B(33136.0B), avg 59.6%, 0.0003687 secs]
   [Last Exec: 0.0003687 secs, Idle: 0.3712456 secs, Blocked: 0/0.0000000 secs]
      [Inspected:             913]
         [Skipped:              0(  0.0%)]
         [Hashed:             432( 47.3%)]
         [Known:              391( 42.8%)]
         [New:                522( 57.2%)  49304.0B]
      [Deduplicated:          461( 88.3%)  33136.0B( 67.2%)]
         [Young:                0(  0.0%)      0.0B(  0.0%)]
         [Old:                461(100.0%)  33136.0B(100.0%)]
   [Total Exec: 1775/0.8787219 secs, Idle: 1775/449117.9033401 secs, Blocked: 133/0.0943544 secs]
      [Inspected:         2949087]
         [Skipped:              0(  0.0%)]
         [Hashed:         1231871( 41.8%)]
         [Known:           194782(  6.6%)]
         [New:            2754305( 93.4%)    214.3M]
      [Deduplicated:      1930405( 70.1%)    127.8M( 59.6%)]
         [Young:           796570( 41.3%)  62233.5K( 47.5%)]
         [Old:            1133835( 58.7%)  68677.4K( 52.5%)]
   [Table]
      [Memory Usage: 8448.9K]
      [Size: 262144, Min: 1024, Max: 16777216]
      [Entries: 264922, Load: 101.1%, Cached: 8181, Added: 991846, Removed: 726924]
      [Resize Count: 8, Shrink Threshold: 174762(66.7%), Grow Threshold: 524288(200.0%)]
      [Rehash Count: 0, Rehash Threshold: 120, Hash Seed: 0x0]
      [Age Threshold: 3]
   [Queue]
      [Dropped: 0]
[GC concurrent-string-deduplication, deleted 0 entries, 0.0000006 secs]
2020-12-18T16:17:01.196+0530: 449427.767: [GC pause (G1 Evacuation Pause) (young), 0.0071160 secs]
   [Parallel Time: 3.6 ms, GC Workers: 10]
      [GC Worker Start (ms): Min: 449427767.4, Avg: 449427767.6, Max: 449427767.7, Diff: 0.3]
      [Ext Root Scanning (ms): Min: 0.9, Avg: 1.1, Max: 2.3, Diff: 1.4, Sum: 11.5]
      [Update RS (ms): Min: 0.7, Avg: 1.7, Max: 2.0, Diff: 1.3, Sum: 16.8]
         [Processed Buffers: Min: 2, Avg: 6.4, Max: 16, Diff: 14, Sum: 64]
      [Scan RS (ms): Min: 0.0, Avg: 0.0, Max: 0.0, Diff: 0.0, Sum: 0.1]
      [Code Root Scanning (ms): Min: 0.0, Avg: 0.0, Max: 0.0, Diff: 0.0, Sum: 0.0]
      [Object Copy (ms): Min: 0.1, Avg: 0.2, Max: 0.3, Diff: 0.2, Sum: 1.8]
      [Termination (ms): Min: 0.0, Avg: 0.2, Max: 0.3, Diff: 0.3, Sum: 2.5]
         [Termination Attempts: Min: 1, Avg: 1.2, Max: 2, Diff: 1, Sum: 12]
      [GC Worker Other (ms): Min: 0.0, Avg: 0.0, Max: 0.0, Diff: 0.0, Sum: 0.2]
      [GC Worker Total (ms): Min: 3.2, Avg: 3.3, Max: 3.4, Diff: 0.3, Sum: 32.7]
      [GC Worker End (ms): Min: 449427770.8, Avg: 449427770.8, Max: 449427770.8, Diff: 0.0]
   [Code Root Fixup: 0.0 ms]
   [Code Root Purge: 0.0 ms]
   [String Dedup Fixup: 2.3 ms, GC Workers: 10]
      [Queue Fixup (ms): Min: 0.0, Avg: 0.0, Max: 0.0, Diff: 0.0, Sum: 0.0]
      [Table Fixup (ms): Min: 2.0, Avg: 2.1, Max: 2.2, Diff: 0.1, Sum: 21.0]
   [Clear CT: 0.2 ms]
   [Other: 1.0 ms]
      [Choose CSet: 0.0 ms]
      [Ref Proc: 0.3 ms]
      [Ref Enq: 0.0 ms]
      [Redirty Cards: 0.2 ms]
      [Humongous Register: 0.0 ms]
      [Humongous Reclaim: 0.0 ms]
      [Free CSet: 0.1 ms]
   [Eden: 49152.0K(49152.0K)->0.0B(49152.0K) Survivors: 1024.0K->1024.0K Heap: 236.7M(267.0M)->188.3M(267.0M)]
 [Times: user=0.05 sys=0.03, real=0.01 secs] 
2020-12-18T16:19:00.855+0530: 449547.425: [GC pause (G1 Evacuation Pause) (young) (initial-mark), 0.0126852 secs]
   [Parallel Time: 5.6 ms, GC Workers: 10]
      [GC Worker Start (ms): Min: 449547425.6, Avg: 449547425.7, Max: 449547425.8, Diff: 0.3]
      [Ext Root Scanning (ms): Min: 3.3, Avg: 3.5, Max: 3.8, Diff: 0.5, Sum: 35.3]
      [Update RS (ms): Min: 0.5, Avg: 0.7, Max: 1.1, Diff: 0.7, Sum: 7.1]
         [Processed Buffers: Min: 1, Avg: 5.2, Max: 12, Diff: 11, Sum: 52]
      [Scan RS (ms): Min: 0.0, Avg: 0.0, Max: 0.0, Diff: 0.0, Sum: 0.1]
      [Code Root Scanning (ms): Min: 0.0, Avg: 0.0, Max: 0.0, Diff: 0.0, Sum: 0.0]
      [Object Copy (ms): Min: 0.1, Avg: 0.3, Max: 0.4, Diff: 0.3, Sum: 2.7]
      [Termination (ms): Min: 0.0, Avg: 0.4, Max: 0.5, Diff: 0.5, Sum: 4.1]
         [Termination Attempts: Min: 1, Avg: 2.1, Max: 5, Diff: 4, Sum: 21]
      [GC Worker Other (ms): Min: 0.0, Avg: 0.0, Max: 0.0, Diff: 0.0, Sum: 0.1]
      [GC Worker Total (ms): Min: 4.8, Avg: 4.9, Max: 5.1, Diff: 0.3, Sum: 49.4]
      [GC Worker End (ms): Min: 449547430.7, Avg: 449547430.7, Max: 449547430.7, Diff: 0.0]
   [Code Root Fixup: 0.0 ms]
   [Code Root Purge: 0.0 ms]
   [String Dedup Fixup: 3.2 ms, GC Workers: 10]
      [Queue Fixup (ms): Min: 0.0, Avg: 0.0, Max: 0.0, Diff: 0.0, Sum: 0.0]
      [Table Fixup (ms): Min: 2.3, Avg: 2.5, Max: 2.7, Diff: 0.3, Sum: 24.8]
   [Clear CT: 0.9 ms]
   [Other: 2.9 ms]
      [Choose CSet: 0.0 ms]
      [Ref Proc: 2.3 ms]
      [Ref Enq: 0.0 ms]
      [Redirty Cards: 0.3 ms]
      [Humongous Register: 0.0 ms]
      [Humongous Reclaim: 0.0 ms]
      [Free CSet: 0.1 ms]
   [Eden: 49152.0K(49152.0K)->0.0B(47104.0K) Survivors: 1024.0K->2048.0K Heap: 236.3M(267.0M)->189.8M(267.0M)]
 [Times: user=0.16 sys=0.00, real=0.01 secs] 
2020-12-18T16:19:00.868+0530: 449547.438: [GC concurrent-root-region-scan-start]
2020-12-18T16:19:00.868+0530: 449547.438: [GC concurrent-string-deduplication, 5088.0B->1120.0B(3968.0B), avg 59.6%, 0.0001310 secs]
   [Last Exec: 0.0001310 secs, Idle: 428.1577319 secs, Blocked: 0/0.0000000 secs]
      [Inspected:              97]
         [Skipped:              0(  0.0%)]
         [Hashed:              51( 52.6%)]
         [Known:                1(  1.0%)]
         [New:                 96( 99.0%)   5088.0B]
      [Deduplicated:           85( 88.5%)   3968.0B( 78.0%)]
         [Young:               85(100.0%)   3968.0B(100.0%)]
         [Old:                  0(  0.0%)      0.0B(  0.0%)]
   [Total Exec: 1776/0.8788529 secs, Idle: 1776/449546.0610720 secs, Blocked: 133/0.0943544 secs]
      [Inspected:         2949184]
         [Skipped:              0(  0.0%)]
         [Hashed:         1231922( 41.8%)]
         [Known:           194783(  6.6%)]
         [New:            2754401( 93.4%)    214.3M]
      [Deduplicated:      1930490( 70.1%)    127.8M( 59.6%)]
         [Young:           796655( 41.3%)  62237.4K( 47.5%)]
         [Old:            1133835( 58.7%)  68677.4K( 52.5%)]
   [Table]
      [Memory Usage: 8448.9K]
      [Size: 262144, Min: 1024, Max: 16777216]
      [Entries: 265016, Load: 101.1%, Cached: 8087, Added: 991940, Removed: 726924]
      [Resize Count: 8, Shrink Threshold: 174762(66.7%), Grow Threshold: 524288(200.0%)]
      [Rehash Count: 0, Rehash Threshold: 120, Hash Seed: 0x0]
      [Age Threshold: 3]
   [Queue]
      [Dropped: 0]
[GC concurrent-string-deduplication, deleted 0 entries, 0.0000023 secs]
2020-12-18T16:19:00.871+0530: 449547.441: [GC concurrent-root-region-scan-end, 0.0029062 secs]
2020-12-18T16:19:00.871+0530: 449547.441: [GC concurrent-mark-start]
2020-12-18T16:19:00.957+0530: 449547.527: [GC concurrent-mark-end, 0.0858977 secs]
2020-12-18T16:19:00.957+0530: 449547.528: [GC remark 2020-12-18T16:19:00.957+0530: 449547.528: [Finalize Marking, 0.0008258 secs] 2020-12-18T16:19:00.958+0530: 449547.528: [GC ref-proc, 0.0005641 secs] 2020-12-18T16:19:00.959+0530: 449547.529: [Unloading, 0.0253528 secs], 0.0277864 secs]
 [Times: user=0.25 sys=0.00, real=0.03 secs] 
2020-12-18T16:19:00.986+0530: 449547.556: [GC cleanup 189M->189M(267M), 0.0020579 secs]
 [Times: user=0.00 sys=0.00, real=0.00 secs] 
2020-12-18T16:19:20.296+0530: 449566.866: [GC pause (G1 Evacuation Pause) (young), 0.0076715 secs]
   [Parallel Time: 3.0 ms, GC Workers: 10]
      [GC Worker Start (ms): Min: 449566866.4, Avg: 449566866.6, Max: 449566866.6, Diff: 0.2]
      [Ext Root Scanning (ms): Min: 0.9, Avg: 1.2, Max: 2.1, Diff: 1.3, Sum: 12.0]
      [Update RS (ms): Min: 0.0, Avg: 0.7, Max: 1.4, Diff: 1.4, Sum: 7.0]
         [Processed Buffers: Min: 0, Avg: 4.5, Max: 8, Diff: 8, Sum: 45]
      [Scan RS (ms): Min: 0.0, Avg: 0.0, Max: 0.0, Diff: 0.0, Sum: 0.1]
      [Code Root Scanning (ms): Min: 0.0, Avg: 0.0, Max: 0.0, Diff: 0.0, Sum: 0.0]
      [Object Copy (ms): Min: 0.1, Avg: 0.3, Max: 0.5, Diff: 0.4, Sum: 3.1]
      [Termination (ms): Min: 0.0, Avg: 0.3, Max: 0.4, Diff: 0.4, Sum: 2.7]
         [Termination Attempts: Min: 1, Avg: 24.2, Max: 44, Diff: 43, Sum: 242]
      [GC Worker Other (ms): Min: 0.0, Avg: 0.0, Max: 0.0, Diff: 0.0, Sum: 0.1]
      [GC Worker Total (ms): Min: 2.4, Avg: 2.5, Max: 2.6, Diff: 0.2, Sum: 25.0]
      [GC Worker End (ms): Min: 449566869.1, Avg: 449566869.1, Max: 449566869.1, Diff: 0.0]
   [Code Root Fixup: 0.0 ms]
   [Code Root Purge: 0.0 ms]
   [String Dedup Fixup: 3.5 ms, GC Workers: 10]
      [Queue Fixup (ms): Min: 0.0, Avg: 0.0, Max: 0.0, Diff: 0.0, Sum: 0.0]
      [Table Fixup (ms): Min: 3.0, Avg: 3.1, Max: 3.1, Diff: 0.1, Sum: 30.7]
   [Clear CT: 0.4 ms]
   [Other: 0.8 ms]
      [Choose CSet: 0.0 ms]
      [Ref Proc: 0.3 ms]
      [Ref Enq: 0.0 ms]
      [Redirty Cards: 0.3 ms]
      [Humongous Register: 0.0 ms]
      [Humongous Reclaim: 0.0 ms]
      [Free CSet: 0.0 ms]
   [Eden: 47104.0K(47104.0K)->0.0B(12288.0K) Survivors: 2048.0K->1024.0K Heap: 235.8M(267.0M)->188.7M(267.0M)]
 [Times: user=0.14 sys=0.02, real=0.01 secs] 
2020-12-18T16:19:20.304+0530: 449566.874: [GC concurrent-string-deduplication, 1664.0B->1016.0B(648.0B), avg 59.6%, 0.0000297 secs]
   [Last Exec: 0.0000297 secs, Idle: 19.4356316 secs, Blocked: 0/0.0000000 secs]
      [Inspected:              85]
         [Skipped:              0(  0.0%)]
         [Hashed:               9( 10.6%)]
         [Known:               73( 85.9%)]
         [New:                 12( 14.1%)   1664.0B]
      [Deduplicated:            7( 58.3%)    648.0B( 38.9%)]
         [Young:                7(100.0%)    648.0B(100.0%)]
         [Old:                  0(  0.0%)      0.0B(  0.0%)]
   [Total Exec: 1777/0.8788826 secs, Idle: 1777/449565.4967036 secs, Blocked: 133/0.0943544 secs]
      [Inspected:         2949269]
         [Skipped:              0(  0.0%)]
         [Hashed:         1231931( 41.8%)]
         [Known:           194856(  6.6%)]
         [New:            2754413( 93.4%)    214.4M]
      [Deduplicated:      1930497( 70.1%)    127.8M( 59.6%)]
         [Young:           796662( 41.3%)  62238.0K( 47.5%)]
         [Old:            1133835( 58.7%)  68677.4K( 52.5%)]
   [Table]
      [Memory Usage: 8448.9K]
      [Size: 262144, Min: 1024, Max: 16777216]
      [Entries: 264896, Load: 101.0%, Cached: 8207, Added: 992147, Removed: 727251]
      [Resize Count: 8, Shrink Threshold: 174762(66.7%), Grow Threshold: 524288(200.0%)]
      [Rehash Count: 0, Rehash Threshold: 120, Hash Seed: 0x0]
      [Age Threshold: 3]
   [Queue]
      [Dropped: 0]
[GC concurrent-string-deduplication, deleted 0 entries, 0.0000008 secs]
2020-12-18T16:19:20.359+0530: 449566.929: [GC pause (G1 Evacuation Pause) (mixed), 0.0108570 secs]
   [Parallel Time: 6.3 ms, GC Workers: 10]
      [GC Worker Start (ms): Min: 449566929.7, Avg: 449566929.7, Max: 449566929.8, Diff: 0.1]
      [Ext Root Scanning (ms): Min: 1.4, Avg: 2.1, Max: 3.8, Diff: 2.4, Sum: 20.7]
      [Update RS (ms): Min: 0.0, Avg: 0.4, Max: 0.8, Diff: 0.8, Sum: 3.9]
         [Processed Buffers: Min: 0, Avg: 1.3, Max: 5, Diff: 5, Sum: 13]
      [Scan RS (ms): Min: 0.0, Avg: 0.6, Max: 0.9, Diff: 0.9, Sum: 5.5]
      [Code Root Scanning (ms): Min: 0.0, Avg: 0.0, Max: 0.2, Diff: 0.2, Sum: 0.2]
      [Object Copy (ms): Min: 1.9, Avg: 2.7, Max: 3.0, Diff: 1.1, Sum: 26.6]
      [Termination (ms): Min: 0.0, Avg: 0.0, Max: 0.1, Diff: 0.1, Sum: 0.5]
         [Termination Attempts: Min: 1, Avg: 1.7, Max: 3, Diff: 2, Sum: 17]
      [GC Worker Other (ms): Min: 0.0, Avg: 0.0, Max: 0.0, Diff: 0.0, Sum: 0.1]
      [GC Worker Total (ms): Min: 5.7, Avg: 5.8, Max: 5.8, Diff: 0.1, Sum: 57.5]
      [GC Worker End (ms): Min: 449566935.5, Avg: 449566935.5, Max: 449566935.5, Diff: 0.0]
   [Code Root Fixup: 0.0 ms]
   [Code Root Purge: 0.0 ms]
   [String Dedup Fixup: 2.9 ms, GC Workers: 10]
      [Queue Fixup (ms): Min: 0.0, Avg: 0.0, Max: 0.0, Diff: 0.0, Sum: 0.0]
      [Table Fixup (ms): Min: 2.6, Avg: 2.6, Max: 2.7, Diff: 0.1, Sum: 26.3]
   [Clear CT: 0.5 ms]
   [Other: 1.1 ms]
      [Choose CSet: 0.0 ms]
      [Ref Proc: 0.5 ms]
      [Ref Enq: 0.0 ms]
      [Redirty Cards: 0.4 ms]
      [Humongous Register: 0.0 ms]
      [Humongous Reclaim: 0.0 ms]
      [Free CSet: 0.1 ms]
   [Eden: 12288.0K(12288.0K)->0.0B(50176.0K) Survivors: 1024.0K->1024.0K Heap: 200.7M(267.0M)->188.4M(267.0M)]
 [Times: user=0.13 sys=0.01, real=0.01 secs] 
2020-12-18T16:19:20.370+0530: 449566.941: [GC concurrent-string-deduplication, 6136.0B->4480.0B(1656.0B), avg 59.6%, 0.0000362 secs]
   [Last Exec: 0.0000362 secs, Idle: 0.0662415 secs, Blocked: 0/0.0000000 secs]
      [Inspected:              89]
         [Skipped:              0(  0.0%)]
         [Hashed:              68( 76.4%)]
         [Known:               11( 12.4%)]
         [New:                 78( 87.6%)   6136.0B]
      [Deduplicated:           45( 57.7%)   1656.0B( 27.0%)]
         [Young:               45(100.0%)   1656.0B(100.0%)]
         [Old:                  0(  0.0%)      0.0B(  0.0%)]
   [Total Exec: 1778/0.8789188 secs, Idle: 1778/449565.5629451 secs, Blocked: 133/0.0943544 secs]
      [Inspected:         2949358]
         [Skipped:              0(  0.0%)]
         [Hashed:         1231999( 41.8%)]
         [Known:           194867(  6.6%)]
         [New:            2754491( 93.4%)    214.4M]
      [Deduplicated:      1930542( 70.1%)    127.8M( 59.6%)]
         [Young:           796707( 41.3%)  62239.6K( 47.5%)]
         [Old:            1133835( 58.7%)  68677.4K( 52.5%)]
   [Table]
      [Memory Usage: 8448.9K]
      [Size: 262144, Min: 1024, Max: 16777216]
      [Entries: 264928, Load: 101.1%, Cached: 8175, Added: 992180, Removed: 727252]
      [Resize Count: 8, Shrink Threshold: 174762(66.7%), Grow Threshold: 524288(200.0%)]
      [Rehash Count: 0, Rehash Threshold: 120, Hash Seed: 0x0]
      [Age Threshold: 3]
   [Queue]
      [Dropped: 0]
[GC concurrent-string-deduplication, deleted 0 entries, 0.0000007 secs]
2020-12-18T16:19:21.246+0530: 449567.817: [GC pause (G1 Evacuation Pause) (young), 0.0076249 secs]
   [Parallel Time: 2.9 ms, GC Workers: 10]
      [GC Worker Start (ms): Min: 449567816.7, Avg: 449567816.8, Max: 449567816.9, Diff: 0.2]
      [Ext Root Scanning (ms): Min: 0.7, Avg: 0.8, Max: 1.4, Diff: 0.7, Sum: 7.8]
      [Update RS (ms): Min: 1.0, Avg: 1.3, Max: 1.6, Diff: 0.6, Sum: 13.1]
         [Processed Buffers: Min: 1, Avg: 4.0, Max: 12, Diff: 11, Sum: 40]
      [Scan RS (ms): Min: 0.0, Avg: 0.0, Max: 0.0, Diff: 0.0, Sum: 0.0]
      [Code Root Scanning (ms): Min: 0.0, Avg: 0.0, Max: 0.0, Diff: 0.0, Sum: 0.0]
      [Object Copy (ms): Min: 0.1, Avg: 0.2, Max: 0.4, Diff: 0.3, Sum: 2.3]
      [Termination (ms): Min: 0.0, Avg: 0.1, Max: 0.1, Diff: 0.1, Sum: 0.7]
         [Termination Attempts: Min: 1, Avg: 1.8, Max: 4, Diff: 3, Sum: 18]
      [GC Worker Other (ms): Min: 0.0, Avg: 0.0, Max: 0.0, Diff: 0.0, Sum: 0.1]
      [GC Worker Total (ms): Min: 2.3, Avg: 2.4, Max: 2.5, Diff: 0.1, Sum: 24.0]
      [GC Worker End (ms): Min: 449567819.2, Avg: 449567819.2, Max: 449567819.2, Diff: 0.0]
   [Code Root Fixup: 0.0 ms]
   [Code Root Purge: 0.0 ms]
   [String Dedup Fixup: 2.6 ms, GC Workers: 10]
      [Queue Fixup (ms): Min: 0.0, Avg: 0.0, Max: 0.0, Diff: 0.0, Sum: 0.0]
      [Table Fixup (ms): Min: 2.3, Avg: 2.3, Max: 2.4, Diff: 0.1, Sum: 23.2]
   [Clear CT: 0.8 ms]
   [Other: 1.4 ms]
      [Choose CSet: 0.0 ms]
      [Ref Proc: 0.5 ms]
      [Ref Enq: 0.0 ms]
      [Redirty Cards: 0.7 ms]
      [Humongous Register: 0.0 ms]
      [Humongous Reclaim: 0.0 ms]
      [Free CSet: 0.0 ms]
   [Eden: 50176.0K(50176.0K)->0.0B(50176.0K) Survivors: 1024.0K->1024.0K Heap: 237.4M(267.0M)->188.3M(267.0M)]
 [Times: user=0.17 sys=0.00, real=0.01 secs] 
2020-12-18T16:19:21.254+0530: 449567.825: [GC concurrent-string-deduplication, 8544.0B->3520.0B(5024.0B), avg 59.6%, 0.0001204 secs]
   [Last Exec: 0.0001204 secs, Idle: 0.8838555 secs, Blocked: 0/0.0000000 secs]
      [Inspected:             347]
         [Skipped:              0(  0.0%)]
         [Hashed:              90( 25.9%)]
         [Known:              225( 64.8%)]
         [New:                122( 35.2%)   8544.0B]
      [Deduplicated:           72( 59.0%)   5024.0B( 58.8%)]
         [Young:               72(100.0%)   5024.0B(100.0%)]
         [Old:                  0(  0.0%)      0.0B(  0.0%)]
   [Total Exec: 1779/0.8790392 secs, Idle: 1779/449566.4468006 secs, Blocked: 133/0.0943544 secs]
      [Inspected:         2949705]
         [Skipped:              0(  0.0%)]
         [Hashed:         1232089( 41.8%)]
         [Known:           195092(  6.6%)]
         [New:            2754613( 93.4%)    214.4M]
      [Deduplicated:      1930614( 70.1%)    127.9M( 59.6%)]
         [Young:           796779( 41.3%)  62244.5K( 47.5%)]
         [Old:            1133835( 58.7%)  68677.4K( 52.5%)]
   [Table]
      [Memory Usage: 8448.9K]
      [Size: 262144, Min: 1024, Max: 16777216]
      [Entries: 265045, Load: 101.1%, Cached: 8058, Added: 992298, Removed: 727253]
      [Resize Count: 8, Shrink Threshold: 174762(66.7%), Grow Threshold: 524288(200.0%)]
      [Rehash Count: 0, Rehash Threshold: 120, Hash Seed: 0x0]
      [Age Threshold: 3]
   [Queue]
      [Dropped: 0]
[GC concurrent-string-deduplication, deleted 0 entries, 0.0000007 secs]
2020-12-18T16:19:21.645+0530: 449568.216: [GC pause (G1 Humongous Allocation) (young) (initial-mark), 0.0114293 secs]
   [Parallel Time: 6.3 ms, GC Workers: 10]
      [GC Worker Start (ms): Min: 449568216.1, Avg: 449568216.2, Max: 449568216.3, Diff: 0.2]
      [Ext Root Scanning (ms): Min: 4.0, Avg: 4.2, Max: 4.5, Diff: 0.5, Sum: 41.8]
      [Update RS (ms): Min: 0.6, Avg: 0.9, Max: 1.3, Diff: 0.7, Sum: 9.1]
         [Processed Buffers: Min: 2, Avg: 3.7, Max: 8, Diff: 6, Sum: 37]
      [Scan RS (ms): Min: 0.0, Avg: 0.0, Max: 0.0, Diff: 0.0, Sum: 0.0]
      [Code Root Scanning (ms): Min: 0.0, Avg: 0.0, Max: 0.0, Diff: 0.0, Sum: 0.0]
      [Object Copy (ms): Min: 0.1, Avg: 0.5, Max: 0.9, Diff: 0.8, Sum: 5.0]
      [Termination (ms): Min: 0.0, Avg: 0.2, Max: 0.3, Diff: 0.3, Sum: 2.4]
         [Termination Attempts: Min: 1, Avg: 1.8, Max: 3, Diff: 2, Sum: 18]
      [GC Worker Other (ms): Min: 0.0, Avg: 0.0, Max: 0.1, Diff: 0.1, Sum: 0.3]
      [GC Worker Total (ms): Min: 5.8, Avg: 5.9, Max: 6.0, Diff: 0.2, Sum: 58.7]
      [GC Worker End (ms): Min: 449568222.1, Avg: 449568222.1, Max: 449568222.1, Diff: 0.0]
   [Code Root Fixup: 0.0 ms]
   [Code Root Purge: 0.0 ms]
   [String Dedup Fixup: 3.7 ms, GC Workers: 10]
      [Queue Fixup (ms): Min: 0.0, Avg: 0.0, Max: 0.0, Diff: 0.0, Sum: 0.0]
      [Table Fixup (ms): Min: 2.7, Avg: 3.3, Max: 3.6, Diff: 0.9, Sum: 33.2]
   [Clear CT: 0.3 ms]
   [Other: 1.1 ms]
      [Choose CSet: 0.0 ms]
      [Ref Proc: 0.3 ms]
      [Ref Enq: 0.0 ms]
      [Redirty Cards: 0.4 ms]
      [Humongous Register: 0.0 ms]
      [Humongous Reclaim: 0.0 ms]
      [Free CSet: 0.1 ms]
   [Eden: 22528.0K(50176.0K)->0.0B(48128.0K) Survivors: 1024.0K->2048.0K Heap: 210.1M(267.0M)->188.5M(267.0M)]
 [Times: user=0.17 sys=0.00, real=0.01 secs] 
2020-12-18T16:19:21.657+0530: 449568.228: [GC concurrent-root-region-scan-start]
2020-12-18T16:19:21.661+0530: 449568.232: [GC concurrent-root-region-scan-end, 0.0046332 secs]
2020-12-18T16:19:21.661+0530: 449568.232: [GC concurrent-mark-start]
2020-12-18T16:19:21.777+0530: 449568.348: [GC concurrent-mark-end, 0.1158083 secs]
2020-12-18T16:19:21.778+0530: 449568.348: [GC remark 2020-12-18T16:19:21.778+0530: 449568.348: [Finalize Marking, 0.0004134 secs] 2020-12-18T16:19:21.778+0530: 449568.349: [GC ref-proc, 0.0005289 secs] 2020-12-18T16:19:21.779+0530: 449568.349: [Unloading, 0.0237133 secs], 0.0255280 secs]
 [Times: user=0.31 sys=0.00, real=0.02 secs] 
2020-12-18T16:19:21.804+0530: 449568.375: [GC cleanup 210M->210M(267M), 0.0017165 secs]
 [Times: user=0.00 sys=0.00, real=0.00 secs] 
2020-12-18T16:19:22.006+0530: 449568.577: [GC pause (G1 Evacuation Pause) (young), 0.0074399 secs]
   [Parallel Time: 1.5 ms, GC Workers: 10]
      [GC Worker Start (ms): Min: 449568576.9, Avg: 449568577.0, Max: 449568577.1, Diff: 0.2]
      [Ext Root Scanning (ms): Min: 0.6, Avg: 0.8, Max: 1.5, Diff: 0.8, Sum: 7.6]
      [Update RS (ms): Min: 0.0, Avg: 0.3, Max: 0.5, Diff: 0.5, Sum: 2.6]
         [Processed Buffers: Min: 0, Avg: 2.4, Max: 8, Diff: 8, Sum: 24]
      [Scan RS (ms): Min: 0.0, Avg: 0.0, Max: 0.0, Diff: 0.0, Sum: 0.0]
      [Code Root Scanning (ms): Min: 0.0, Avg: 0.0, Max: 0.0, Diff: 0.0, Sum: 0.0]
      [Object Copy (ms): Min: 0.0, Avg: 0.3, Max: 0.4, Diff: 0.4, Sum: 2.6]
      [Termination (ms): Min: 0.0, Avg: 0.0, Max: 0.1, Diff: 0.1, Sum: 0.4]
         [Termination Attempts: Min: 1, Avg: 4.6, Max: 10, Diff: 9, Sum: 46]
      [GC Worker Other (ms): Min: 0.0, Avg: 0.0, Max: 0.0, Diff: 0.0, Sum: 0.1]
      [GC Worker Total (ms): Min: 1.3, Avg: 1.3, Max: 1.5, Diff: 0.2, Sum: 13.4]
      [GC Worker End (ms): Min: 449568578.3, Avg: 449568578.3, Max: 449568578.3, Diff: 0.0]
   [Code Root Fixup: 0.0 ms]
   [Code Root Purge: 0.0 ms]
   [String Dedup Fixup: 3.5 ms, GC Workers: 10]
      [Queue Fixup (ms): Min: 0.0, Avg: 0.0, Max: 0.0, Diff: 0.0, Sum: 0.0]
      [Table Fixup (ms): Min: 2.4, Avg: 2.8, Max: 3.0, Diff: 0.5, Sum: 28.4]
   [Clear CT: 0.9 ms]
   [Other: 1.5 ms]
      [Choose CSet: 0.0 ms]
      [Ref Proc: 0.6 ms]
      [Ref Enq: 0.0 ms]
      [Redirty Cards: 0.8 ms]
      [Humongous Register: 0.0 ms]
      [Humongous Reclaim: 0.0 ms]
      [Free CSet: 0.0 ms]
   [Eden: 48128.0K(48128.0K)->0.0B(48128.0K) Survivors: 2048.0K->2048.0K Heap: 236.5M(267.0M)->188.7M(267.0M)]
 [Times: user=0.00 sys=0.00, real=0.01 secs] 
2020-12-18T16:19:22.014+0530: 449568.584: [GC concurrent-string-deduplication, 7880.0B->3088.0B(4792.0B), avg 59.6%, 0.0000413 secs]
   [Last Exec: 0.0000413 secs, Idle: 0.7597264 secs, Blocked: 0/0.0000000 secs]
      [Inspected:             132]
         [Skipped:              0(  0.0%)]
         [Hashed:              27( 20.5%)]
         [Known:               82( 62.1%)]
         [New:                 50( 37.9%)   7880.0B]
      [Deduplicated:           34( 68.0%)   4792.0B( 60.8%)]
         [Young:               34(100.0%)   4792.0B(100.0%)]
         [Old:                  0(  0.0%)      0.0B(  0.0%)]
   [Total Exec: 1780/0.8790805 secs, Idle: 1780/449567.2065270 secs, Blocked: 133/0.0943544 secs]
      [Inspected:         2949837]
         [Skipped:              0(  0.0%)]
         [Hashed:         1232116( 41.8%)]
         [Known:           195174(  6.6%)]
         [New:            2754663( 93.4%)    214.4M]
      [Deduplicated:      1930648( 70.1%)    127.9M( 59.6%)]
         [Young:           796813( 41.3%)  62249.2K( 47.5%)]
         [Old:            1133835( 58.7%)  68677.4K( 52.5%)]
   [Table]
      [Memory Usage: 8448.9K]
      [Size: 262144, Min: 1024, Max: 16777216]
      [Entries: 265063, Load: 101.1%, Cached: 8040, Added: 992340, Removed: 727277]
      [Resize Count: 8, Shrink Threshold: 174762(66.7%), Grow Threshold: 524288(200.0%)]
      [Rehash Count: 0, Rehash Threshold: 120, Hash Seed: 0x0]
      [Age Threshold: 3]
   [Queue]
      [Dropped: 0]
[GC concurrent-string-deduplication, deleted 0 entries, 0.0000006 secs]
2020-12-18T16:20:01.192+0530: 449607.763: [GC pause (G1 Evacuation Pause) (young), 0.0103721 secs]
   [Parallel Time: 6.2 ms, GC Workers: 10]
      [GC Worker Start (ms): Min: 449607763.4, Avg: 449607763.5, Max: 449607763.6, Diff: 0.2]
      [Ext Root Scanning (ms): Min: 1.8, Avg: 2.5, Max: 5.2, Diff: 3.4, Sum: 24.6]
      [Update RS (ms): Min: 0.0, Avg: 1.9, Max: 2.8, Diff: 2.8, Sum: 18.8]
         [Processed Buffers: Min: 0, Avg: 5.1, Max: 13, Diff: 13, Sum: 51]
      [Scan RS (ms): Min: 0.0, Avg: 0.0, Max: 0.0, Diff: 0.0, Sum: 0.1]
      [Code Root Scanning (ms): Min: 0.0, Avg: 0.0, Max: 0.0, Diff: 0.0, Sum: 0.0]
      [Object Copy (ms): Min: 0.0, Avg: 0.8, Max: 1.3, Diff: 1.3, Sum: 8.4]
      [Termination (ms): Min: 0.0, Avg: 0.7, Max: 0.8, Diff: 0.8, Sum: 7.2]
         [Termination Attempts: Min: 1, Avg: 12.7, Max: 19, Diff: 18, Sum: 127]
      [GC Worker Other (ms): Min: 0.0, Avg: 0.0, Max: 0.0, Diff: 0.0, Sum: 0.1]
      [GC Worker Total (ms): Min: 5.8, Avg: 5.9, Max: 6.0, Diff: 0.2, Sum: 59.3]
      [GC Worker End (ms): Min: 449607769.4, Avg: 449607769.4, Max: 449607769.4, Diff: 0.0]
   [Code Root Fixup: 0.0 ms]
   [Code Root Purge: 0.0 ms]
   [String Dedup Fixup: 3.0 ms, GC Workers: 10]
      [Queue Fixup (ms): Min: 0.0, Avg: 0.0, Max: 0.0, Diff: 0.0, Sum: 0.0]
      [Table Fixup (ms): Min: 1.6, Avg: 2.2, Max: 2.7, Diff: 1.2, Sum: 21.5]
   [Clear CT: 0.3 ms]
   [Other: 0.9 ms]
      [Choose CSet: 0.0 ms]
      [Ref Proc: 0.3 ms]
      [Ref Enq: 0.0 ms]
      [Redirty Cards: 0.2 ms]
      [Humongous Register: 0.0 ms]
      [Humongous Reclaim: 0.0 ms]
      [Free CSet: 0.1 ms]
   [Eden: 48128.0K(48128.0K)->0.0B(48128.0K) Survivors: 2048.0K->2048.0K Heap: 235.7M(267.0M)->188.5M(267.0M)]
 [Times: user=0.01 sys=0.00, real=0.01 secs] 
2020-12-18T16:20:01.203+0530: 449607.774: [GC concurrent-string-deduplication, 3416.0B->1824.0B(1592.0B), avg 59.6%, 0.0000368 secs]
   [Last Exec: 0.0000368 secs, Idle: 39.1894627 secs, Blocked: 0/0.0000000 secs]
      [Inspected:              45]
         [Skipped:              0(  0.0%)]
         [Hashed:              10( 22.2%)]
         [Known:               26( 57.8%)]
         [New:                 19( 42.2%)   3416.0B]
      [Deduplicated:            8( 42.1%)   1592.0B( 46.6%)]
         [Young:                8(100.0%)   1592.0B(100.0%)]
         [Old:                  0(  0.0%)      0.0B(  0.0%)]
   [Total Exec: 1781/0.8791173 secs, Idle: 1781/449606.3959897 secs, Blocked: 133/0.0943544 secs]
      [Inspected:         2949882]
         [Skipped:              0(  0.0%)]
         [Hashed:         1232126( 41.8%)]
         [Known:           195200(  6.6%)]
         [New:            2754682( 93.4%)    214.4M]
      [Deduplicated:      1930656( 70.1%)    127.9M( 59.6%)]
         [Young:           796821( 41.3%)  62250.8K( 47.5%)]
         [Old:            1133835( 58.7%)  68677.4K( 52.5%)]
   [Table]
      [Memory Usage: 8448.9K]
      [Size: 262144, Min: 1024, Max: 16777216]
      [Entries: 265120, Load: 101.1%, Cached: 7983, Added: 992398, Removed: 727278]
      [Resize Count: 8, Shrink Threshold: 174762(66.7%), Grow Threshold: 524288(200.0%)]
      [Rehash Count: 0, Rehash Threshold: 120, Hash Seed: 0x0]
      [Age Threshold: 3]
   [Queue]
      [Dropped: 0]
[GC concurrent-string-deduplication, deleted 0 entries, 0.0000008 secs]
2020-12-18T16:20:02.147+0530: 449608.719: [GC pause (G1 Evacuation Pause) (young) (initial-mark), 0.0216936 secs]
   [Parallel Time: 12.5 ms, GC Workers: 10]
      [GC Worker Start (ms): Min: 449608718.8, Avg: 449608718.9, Max: 449608718.9, Diff: 0.1]
      [Ext Root Scanning (ms): Min: 7.2, Avg: 7.6, Max: 8.5, Diff: 1.2, Sum: 76.3]
      [Update RS (ms): Min: 0.8, Avg: 2.0, Max: 4.7, Diff: 3.9, Sum: 19.9]
         [Processed Buffers: Min: 1, Avg: 3.0, Max: 9, Diff: 8, Sum: 30]
      [Scan RS (ms): Min: 0.0, Avg: 0.0, Max: 0.1, Diff: 0.1, Sum: 0.2]
      [Code Root Scanning (ms): Min: 0.0, Avg: 0.0, Max: 0.0, Diff: 0.0, Sum: 0.0]
      [Object Copy (ms): Min: 0.3, Avg: 0.7, Max: 1.1, Diff: 0.7, Sum: 6.6]
      [Termination (ms): Min: 0.0, Avg: 2.1, Max: 2.3, Diff: 2.3, Sum: 20.6]
         [Termination Attempts: Min: 1, Avg: 19.4, Max: 39, Diff: 38, Sum: 194]
      [GC Worker Other (ms): Min: 0.0, Avg: 0.0, Max: 0.1, Diff: 0.1, Sum: 0.2]
      [GC Worker Total (ms): Min: 12.3, Avg: 12.4, Max: 12.4, Diff: 0.1, Sum: 123.8]
      [GC Worker End (ms): Min: 449608731.3, Avg: 449608731.3, Max: 449608731.3, Diff: 0.0]
   [Code Root Fixup: 0.0 ms]
   [Code Root Purge: 0.0 ms]
   [String Dedup Fixup: 8.1 ms, GC Workers: 10]
      [Queue Fixup (ms): Min: 0.0, Avg: 0.0, Max: 0.0, Diff: 0.0, Sum: 0.0]
      [Table Fixup (ms): Min: 4.6, Avg: 7.1, Max: 7.9, Diff: 3.3, Sum: 71.0]
   [Clear CT: 0.3 ms]
   [Other: 0.8 ms]
      [Choose CSet: 0.0 ms]
      [Ref Proc: 0.3 ms]
      [Ref Enq: 0.0 ms]
      [Redirty Cards: 0.2 ms]
      [Humongous Register: 0.0 ms]
      [Humongous Reclaim: 0.0 ms]
      [Free CSet: 0.1 ms]
   [Eden: 48128.0K(48128.0K)->0.0B(48128.0K) Survivors: 2048.0K->2048.0K Heap: 235.5M(267.0M)->188.7M(267.0M)]
 [Times: user=0.11 sys=0.00, real=0.02 secs] 
2020-12-18T16:20:02.169+0530: 449608.741: [GC concurrent-root-region-scan-start]
2020-12-18T16:20:02.170+0530: 449608.741: [GC concurrent-string-deduplication, 4640.0B->1784.0B(2856.0B), avg 59.6%, 0.0001076 secs]
   [Last Exec: 0.0001076 secs, Idle: 0.9668331 secs, Blocked: 0/0.0000000 secs]
      [Inspected:              81]
         [Skipped:              0(  0.0%)]
         [Hashed:              37( 45.7%)]
         [Known:                0(  0.0%)]
         [New:                 81(100.0%)   4640.0B]
      [Deduplicated:           49( 60.5%)   2856.0B( 61.6%)]
         [Young:               49(100.0%)   2856.0B(100.0%)]
         [Old:                  0(  0.0%)      0.0B(  0.0%)]
   [Total Exec: 1782/0.8792249 secs, Idle: 1782/449607.3628228 secs, Blocked: 133/0.0943544 secs]
      [Inspected:         2949963]
         [Skipped:              0(  0.0%)]
         [Hashed:         1232163( 41.8%)]
         [Known:           195200(  6.6%)]
         [New:            2754763( 93.4%)    214.4M]
      [Deduplicated:      1930705( 70.1%)    127.9M( 59.6%)]
         [Young:           796870( 41.3%)  62253.6K( 47.5%)]
         [Old:            1133835( 58.7%)  68677.4K( 52.5%)]
   [Table]
      [Memory Usage: 8448.9K]
      [Size: 262144, Min: 1024, Max: 16777216]
      [Entries: 265151, Load: 101.1%, Cached: 7952, Added: 992430, Removed: 727279]
      [Resize Count: 8, Shrink Threshold: 174762(66.7%), Grow Threshold: 524288(200.0%)]
      [Rehash Count: 0, Rehash Threshold: 120, Hash Seed: 0x0]
      [Age Threshold: 3]
   [Queue]
      [Dropped: 0]
[GC concurrent-string-deduplication, deleted 0 entries, 0.0000021 secs]
2020-12-18T16:20:02.174+0530: 449608.745: [GC concurrent-root-region-scan-end, 0.0044260 secs]
2020-12-18T16:20:02.174+0530: 449608.745: [GC concurrent-mark-start]
2020-12-18T16:20:02.375+0530: 449608.946: [GC concurrent-mark-end, 0.2011857 secs]
2020-12-18T16:20:02.376+0530: 449608.947: [GC remark 2020-12-18T16:20:02.376+0530: 449608.947: [Finalize Marking, 0.0004194 secs] 2020-12-18T16:20:02.376+0530: 449608.948: [GC ref-proc, 0.0017492 secs] 2020-12-18T16:20:02.378+0530: 449608.949: [Unloading, 0.0322081 secs], 0.0353733 secs]
 [Times: user=0.19 sys=0.00, real=0.04 secs] 
2020-12-18T16:20:02.412+0530: 449608.984: [GC cleanup 220M->220M(267M), 0.0020705 secs]
 [Times: user=0.00 sys=0.00, real=0.00 secs] 
2020-12-18T16:20:02.635+0530: 449609.206: [GC pause (G1 Evacuation Pause) (young), 0.0086121 secs]
   [Parallel Time: 3.8 ms, GC Workers: 10]
      [GC Worker Start (ms): Min: 449609206.4, Avg: 449609206.5, Max: 449609206.6, Diff: 0.3]
      [Ext Root Scanning (ms): Min: 0.7, Avg: 0.9, Max: 1.8, Diff: 1.1, Sum: 9.3]
      [Update RS (ms): Min: 0.0, Avg: 0.4, Max: 0.8, Diff: 0.8, Sum: 4.0]
         [Processed Buffers: Min: 0, Avg: 2.0, Max: 7, Diff: 7, Sum: 20]
      [Scan RS (ms): Min: 0.0, Avg: 0.0, Max: 0.0, Diff: 0.0, Sum: 0.1]
      [Code Root Scanning (ms): Min: 0.0, Avg: 0.0, Max: 0.0, Diff: 0.0, Sum: 0.0]
      [Object Copy (ms): Min: 1.1, Avg: 1.5, Max: 1.7, Diff: 0.6, Sum: 14.7]
      [Termination (ms): Min: 0.0, Avg: 0.0, Max: 0.1, Diff: 0.1, Sum: 0.5]
         [Termination Attempts: Min: 1, Avg: 1.8, Max: 3, Diff: 2, Sum: 18]
      [GC Worker Other (ms): Min: 0.0, Avg: 0.0, Max: 0.0, Diff: 0.0, Sum: 0.2]
      [GC Worker Total (ms): Min: 2.8, Avg: 2.9, Max: 3.0, Diff: 0.3, Sum: 28.7]
      [GC Worker End (ms): Min: 449609209.4, Avg: 449609209.4, Max: 449609209.4, Diff: 0.0]
   [Code Root Fixup: 0.0 ms]
   [Code Root Purge: 0.0 ms]
   [String Dedup Fixup: 3.0 ms, GC Workers: 10]
      [Queue Fixup (ms): Min: 0.0, Avg: 0.0, Max: 0.0, Diff: 0.0, Sum: 0.0]
      [Table Fixup (ms): Min: 2.4, Avg: 2.5, Max: 2.7, Diff: 0.2, Sum: 25.5]
   [Clear CT: 0.5 ms]
   [Other: 1.3 ms]
      [Choose CSet: 0.0 ms]
      [Ref Proc: 0.3 ms]
      [Ref Enq: 0.0 ms]
      [Redirty Cards: 0.8 ms]
      [Humongous Register: 0.0 ms]
      [Humongous Reclaim: 0.0 ms]
      [Free CSet: 0.0 ms]
   [Eden: 48128.0K(48128.0K)->0.0B(44032.0K) Survivors: 2048.0K->4096.0K Heap: 235.7M(267.0M)->191.0M(267.0M)]
 [Times: user=0.16 sys=0.00, real=0.01 secs] 
2020-12-18T16:20:02.644+0530: 449609.215: [GC concurrent-string-deduplication, 2864.0B->1224.0B(1640.0B), avg 59.6%, 0.0000366 secs]
   [Last Exec: 0.0000366 secs, Idle: 0.4740029 secs, Blocked: 0/0.0000000 secs]
      [Inspected:              91]
         [Skipped:              0(  0.0%)]
         [Hashed:               7(  7.7%)]
         [Known:               52( 57.1%)]
         [New:                 39( 42.9%)   2864.0B]
      [Deduplicated:           19( 48.7%)   1640.0B( 57.3%)]
         [Young:               19(100.0%)   1640.0B(100.0%)]
         [Old:                  0(  0.0%)      0.0B(  0.0%)]
   [Total Exec: 1783/0.8792615 secs, Idle: 1783/449607.8368257 secs, Blocked: 133/0.0943544 secs]
      [Inspected:         2950054]
         [Skipped:              0(  0.0%)]
         [Hashed:         1232170( 41.8%)]
         [Known:           195252(  6.6%)]
         [New:            2754802( 93.4%)    214.4M]
      [Deduplicated:      1930724( 70.1%)    127.9M( 59.6%)]
         [Young:           796889( 41.3%)  62255.2K( 47.5%)]
         [Old:            1133835( 58.7%)  68677.4K( 52.5%)]
   [Table]
      [Memory Usage: 8448.9K]
      [Size: 262144, Min: 1024, Max: 16777216]
      [Entries: 265149, Load: 101.1%, Cached: 7954, Added: 992450, Removed: 727301]
      [Resize Count: 8, Shrink Threshold: 174762(66.7%), Grow Threshold: 524288(200.0%)]
      [Rehash Count: 0, Rehash Threshold: 120, Hash Seed: 0x0]
      [Age Threshold: 3]
   [Queue]
      [Dropped: 0]
[GC concurrent-string-deduplication, deleted 0 entries, 0.0000006 secs]
2020-12-18T16:20:02.842+0530: 449609.414: [GC pause (G1 Humongous Allocation) (young) (initial-mark), 0.0106176 secs]
   [Parallel Time: 5.6 ms, GC Workers: 10]
      [GC Worker Start (ms): Min: 449609414.0, Avg: 449609414.1, Max: 449609414.2, Diff: 0.2]
      [Ext Root Scanning (ms): Min: 3.9, Avg: 4.2, Max: 4.8, Diff: 0.9, Sum: 42.1]
      [Update RS (ms): Min: 0.0, Avg: 0.4, Max: 0.6, Diff: 0.6, Sum: 3.9]
         [Processed Buffers: Min: 0, Avg: 2.2, Max: 8, Diff: 8, Sum: 22]
      [Scan RS (ms): Min: 0.0, Avg: 0.0, Max: 0.0, Diff: 0.0, Sum: 0.0]
      [Code Root Scanning (ms): Min: 0.0, Avg: 0.0, Max: 0.0, Diff: 0.0, Sum: 0.0]
      [Object Copy (ms): Min: 0.2, Avg: 0.4, Max: 0.7, Diff: 0.5, Sum: 4.1]
      [Termination (ms): Min: 0.0, Avg: 0.2, Max: 0.2, Diff: 0.2, Sum: 2.0]
         [Termination Attempts: Min: 1, Avg: 2.2, Max: 3, Diff: 2, Sum: 22]
      [GC Worker Other (ms): Min: 0.0, Avg: 0.0, Max: 0.0, Diff: 0.0, Sum: 0.1]
      [GC Worker Total (ms): Min: 5.1, Avg: 5.2, Max: 5.3, Diff: 0.2, Sum: 52.2]
      [GC Worker End (ms): Min: 449609419.3, Avg: 449609419.3, Max: 449609419.3, Diff: 0.0]
   [Code Root Fixup: 0.0 ms]
   [Code Root Purge: 0.0 ms]
   [String Dedup Fixup: 3.9 ms, GC Workers: 10]
      [Queue Fixup (ms): Min: 0.0, Avg: 0.0, Max: 0.0, Diff: 0.0, Sum: 0.0]
      [Table Fixup (ms): Min: 1.5, Avg: 2.8, Max: 3.7, Diff: 2.2, Sum: 27.6]
   [Clear CT: 0.2 ms]
   [Other: 0.9 ms]
      [Choose CSet: 0.0 ms]
      [Ref Proc: 0.2 ms]
      [Ref Enq: 0.0 ms]
      [Redirty Cards: 0.2 ms]
      [Humongous Register: 0.0 ms]
      [Humongous Reclaim: 0.0 ms]
      [Free CSet: 0.1 ms]
   [Eden: 8192.0K(44032.0K)->0.0B(45056.0K) Survivors: 4096.0K->3072.0K Heap: 198.8M(267.0M)->190.6M(267.0M)]
 [Times: user=0.02 sys=0.00, real=0.01 secs] 
2020-12-18T16:20:02.853+0530: 449609.424: [GC concurrent-root-region-scan-start]
2020-12-18T16:20:02.853+0530: 449609.425: [GC concurrent-string-deduplication, 2056.0B->88.0B(1968.0B), avg 59.6%, 0.0001047 secs]
   [Last Exec: 0.0001047 secs, Idle: 0.2094082 secs, Blocked: 0/0.0000000 secs]
      [Inspected:              22]
         [Skipped:              0(  0.0%)]
         [Hashed:               8( 36.4%)]
         [Known:                0(  0.0%)]
         [New:                 22(100.0%)   2056.0B]
      [Deduplicated:           21( 95.5%)   1968.0B( 95.7%)]
         [Young:               21(100.0%)   1968.0B(100.0%)]
         [Old:                  0(  0.0%)      0.0B(  0.0%)]
   [Total Exec: 1784/0.8793662 secs, Idle: 1784/449608.0462339 secs, Blocked: 133/0.0943544 secs]
      [Inspected:         2950076]
         [Skipped:              0(  0.0%)]
         [Hashed:         1232178( 41.8%)]
         [Known:           195252(  6.6%)]
         [New:            2754824( 93.4%)    214.4M]
      [Deduplicated:      1930745( 70.1%)    127.9M( 59.6%)]
         [Young:           796910( 41.3%)  62257.1K( 47.5%)]
         [Old:            1133835( 58.7%)  68677.4K( 52.5%)]
   [Table]
      [Memory Usage: 8448.9K]
      [Size: 262144, Min: 1024, Max: 16777216]
      [Entries: 265147, Load: 101.1%, Cached: 7956, Added: 992451, Removed: 727304]
      [Resize Count: 8, Shrink Threshold: 174762(66.7%), Grow Threshold: 524288(200.0%)]
      [Rehash Count: 0, Rehash Threshold: 120, Hash Seed: 0x0]
      [Age Threshold: 3]
   [Queue]
      [Dropped: 0]
[GC concurrent-string-deduplication, deleted 0 entries, 0.0000014 secs]
2020-12-18T16:20:02.857+0530: 449609.428: [GC concurrent-root-region-scan-end, 0.0036121 secs]
2020-12-18T16:20:02.857+0530: 449609.428: [GC concurrent-mark-start]
2020-12-18T16:20:02.982+0530: 449609.553: [GC concurrent-mark-end, 0.1248698 secs]
2020-12-18T16:20:02.982+0530: 449609.553: [GC remark 2020-12-18T16:20:02.982+0530: 449609.553: [Finalize Marking, 0.0001370 secs] 2020-12-18T16:20:02.982+0530: 449609.554: [GC ref-proc, 0.0006519 secs] 2020-12-18T16:20:02.983+0530: 449609.554: [Unloading, 0.0249495 secs], 0.0268965 secs]
 [Times: user=0.31 sys=0.00, real=0.03 secs] 
2020-12-18T16:20:03.010+0530: 449609.581: [GC cleanup 191M->191M(267M), 0.0044125 secs]
 [Times: user=0.00 sys=0.02, real=0.01 secs] 
2020-12-18T16:20:03.991+0530: 449610.562: [GC pause (G1 Evacuation Pause) (young), 0.0064610 secs]
   [Parallel Time: 2.8 ms, GC Workers: 10]
      [GC Worker Start (ms): Min: 449610562.0, Avg: 449610562.1, Max: 449610562.2, Diff: 0.2]
      [Ext Root Scanning (ms): Min: 0.8, Avg: 1.1, Max: 2.6, Diff: 1.8, Sum: 10.8]
      [Update RS (ms): Min: 0.0, Avg: 0.8, Max: 1.6, Diff: 1.6, Sum: 8.4]
         [Processed Buffers: Min: 0, Avg: 3.1, Max: 7, Diff: 7, Sum: 31]
      [Scan RS (ms): Min: 0.0, Avg: 0.0, Max: 0.0, Diff: 0.0, Sum: 0.1]
      [Code Root Scanning (ms): Min: 0.0, Avg: 0.0, Max: 0.0, Diff: 0.0, Sum: 0.0]
      [Object Copy (ms): Min: 0.0, Avg: 0.4, Max: 0.7, Diff: 0.7, Sum: 3.6]
      [Termination (ms): Min: 0.0, Avg: 0.3, Max: 0.6, Diff: 0.6, Sum: 3.2]
         [Termination Attempts: Min: 1, Avg: 31.1, Max: 58, Diff: 57, Sum: 311]
      [GC Worker Other (ms): Min: 0.0, Avg: 0.0, Max: 0.0, Diff: 0.0, Sum: 0.1]
      [GC Worker Total (ms): Min: 2.5, Avg: 2.6, Max: 2.7, Diff: 0.2, Sum: 26.2]
      [GC Worker End (ms): Min: 449610564.7, Avg: 449610564.7, Max: 449610564.7, Diff: 0.0]
   [Code Root Fixup: 0.0 ms]
   [Code Root Purge: 0.0 ms]
   [String Dedup Fixup: 2.7 ms, GC Workers: 10]
      [Queue Fixup (ms): Min: 0.0, Avg: 0.0, Max: 0.0, Diff: 0.0, Sum: 0.0]
      [Table Fixup (ms): Min: 2.5, Avg: 2.5, Max: 2.6, Diff: 0.1, Sum: 25.4]
   [Clear CT: 0.4 ms]
   [Other: 0.6 ms]
      [Choose CSet: 0.0 ms]
      [Ref Proc: 0.1 ms]
      [Ref Enq: 0.0 ms]
      [Redirty Cards: 0.3 ms]
      [Humongous Register: 0.0 ms]
      [Humongous Reclaim: 0.0 ms]
      [Free CSet: 0.0 ms]
   [Eden: 45056.0K(45056.0K)->0.0B(49152.0K) Survivors: 3072.0K->1024.0K Heap: 235.6M(267.0M)->188.9M(267.0M)]
 [Times: user=0.00 sys=0.00, real=0.01 secs] 
2020-12-18T16:20:03.997+0530: 449610.569: [GC concurrent-string-deduplication, 6128.0B->3464.0B(2664.0B), avg 59.6%, 0.0000236 secs]
   [Last Exec: 0.0000236 secs, Idle: 1.1438210 secs, Blocked: 0/0.0000000 secs]
      [Inspected:              33]
         [Skipped:              0(  0.0%)]
         [Hashed:              19( 57.6%)]
         [Known:                0(  0.0%)]
         [New:                 33(100.0%)   6128.0B]
      [Deduplicated:           22( 66.7%)   2664.0B( 43.5%)]
         [Young:               22(100.0%)   2664.0B(100.0%)]
         [Old:                  0(  0.0%)      0.0B(  0.0%)]
   [Total Exec: 1785/0.8793898 secs, Idle: 1785/449609.1900549 secs, Blocked: 133/0.0943544 secs]
      [Inspected:         2950109]
         [Skipped:              0(  0.0%)]
         [Hashed:         1232197( 41.8%)]
         [Known:           195252(  6.6%)]
         [New:            2754857( 93.4%)    214.4M]
      [Deduplicated:      1930767( 70.1%)    127.9M( 59.6%)]
         [Young:           796932( 41.3%)  62259.7K( 47.5%)]
         [Old:            1133835( 58.7%)  68677.4K( 52.5%)]
   [Table]
      [Memory Usage: 8448.9K]
      [Size: 262144, Min: 1024, Max: 16777216]
      [Entries: 265135, Load: 101.1%, Cached: 7968, Added: 992475, Removed: 727340]
      [Resize Count: 8, Shrink Threshold: 174762(66.7%), Grow Threshold: 524288(200.0%)]
      [Rehash Count: 0, Rehash Threshold: 120, Hash Seed: 0x0]
      [Age Threshold: 3]
   [Queue]
      [Dropped: 0]
[GC concurrent-string-deduplication, deleted 0 entries, 0.0000009 secs]
2020-12-18T16:20:04.377+0530: 449610.948: [GC pause (G1 Evacuation Pause) (young), 0.0067294 secs]
   [Parallel Time: 2.2 ms, GC Workers: 10]
      [GC Worker Start (ms): Min: 449610948.3, Avg: 449610948.4, Max: 449610948.4, Diff: 0.2]
      [Ext Root Scanning (ms): Min: 0.7, Avg: 0.9, Max: 1.8, Diff: 1.1, Sum: 9.4]
      [Update RS (ms): Min: 0.0, Avg: 0.3, Max: 0.6, Diff: 0.6, Sum: 3.4]
         [Processed Buffers: Min: 0, Avg: 2.6, Max: 8, Diff: 8, Sum: 26]
      [Scan RS (ms): Min: 0.0, Avg: 0.0, Max: 0.0, Diff: 0.0, Sum: 0.1]
      [Code Root Scanning (ms): Min: 0.0, Avg: 0.0, Max: 0.0, Diff: 0.0, Sum: 0.0]
      [Object Copy (ms): Min: 0.0, Avg: 0.3, Max: 0.5, Diff: 0.5, Sum: 2.6]
      [Termination (ms): Min: 0.0, Avg: 0.1, Max: 0.2, Diff: 0.2, Sum: 1.4]
         [Termination Attempts: Min: 1, Avg: 3.6, Max: 10, Diff: 9, Sum: 36]
      [GC Worker Other (ms): Min: 0.0, Avg: 0.0, Max: 0.1, Diff: 0.1, Sum: 0.1]
      [GC Worker Total (ms): Min: 1.6, Avg: 1.7, Max: 1.8, Diff: 0.1, Sum: 17.0]
      [GC Worker End (ms): Min: 449610950.1, Avg: 449610950.1, Max: 449610950.1, Diff: 0.0]
   [Code Root Fixup: 0.0 ms]
   [Code Root Purge: 0.0 ms]
   [String Dedup Fixup: 2.7 ms, GC Workers: 10]
      [Queue Fixup (ms): Min: 0.0, Avg: 0.0, Max: 0.0, Diff: 0.0, Sum: 0.0]
      [Table Fixup (ms): Min: 2.1, Avg: 2.2, Max: 2.4, Diff: 0.2, Sum: 22.2]
   [Clear CT: 0.5 ms]
   [Other: 1.4 ms]
      [Choose CSet: 0.0 ms]
      [Ref Proc: 0.5 ms]
      [Ref Enq: 0.0 ms]
      [Redirty Cards: 0.7 ms]
      [Humongous Register: 0.0 ms]
      [Humongous Reclaim: 0.0 ms]
      [Free CSet: 0.0 ms]
   [Eden: 49152.0K(49152.0K)->0.0B(49152.0K) Survivors: 1024.0K->1024.0K Heap: 236.9M(267.0M)->188.5M(267.0M)]
 [Times: user=0.00 sys=0.00, real=0.01 secs] 
2020-12-18T16:20:04.384+0530: 449610.955: [GC concurrent-string-deduplication, 800.0B->264.0B(536.0B), avg 59.6%, 0.0000078 secs]
   [Last Exec: 0.0000078 secs, Idle: 0.3864288 secs, Blocked: 0/0.0000000 secs]
      [Inspected:               8]
         [Skipped:              0(  0.0%)]
         [Hashed:               4( 50.0%)]
         [Known:                0(  0.0%)]
         [New:                  8(100.0%)    800.0B]
      [Deduplicated:            4( 50.0%)    536.0B( 67.0%)]
         [Young:                4(100.0%)    536.0B(100.0%)]
         [Old:                  0(  0.0%)      0.0B(  0.0%)]
   [Total Exec: 1786/0.8793976 secs, Idle: 1786/449609.5764837 secs, Blocked: 133/0.0943544 secs]
      [Inspected:         2950117]
         [Skipped:              0(  0.0%)]
         [Hashed:         1232201( 41.8%)]
         [Known:           195252(  6.6%)]
         [New:            2754865( 93.4%)    214.4M]
      [Deduplicated:      1930771( 70.1%)    127.9M( 59.6%)]
         [Young:           796936( 41.3%)  62260.2K( 47.5%)]
         [Old:            1133835( 58.7%)  68677.4K( 52.5%)]
   [Table]
      [Memory Usage: 8448.9K]
      [Size: 262144, Min: 1024, Max: 16777216]
      [Entries: 265134, Load: 101.1%, Cached: 7969, Added: 992479, Removed: 727345]
      [Resize Count: 8, Shrink Threshold: 174762(66.7%), Grow Threshold: 524288(200.0%)]
      [Rehash Count: 0, Rehash Threshold: 120, Hash Seed: 0x0]
      [Age Threshold: 3]
   [Queue]
      [Dropped: 0]
[GC concurrent-string-deduplication, deleted 0 entries, 0.0000007 secs]
2020-12-18T16:22:11.728+0530: 449738.299: [GC pause (G1 Evacuation Pause) (young) (initial-mark), 0.0100176 secs]
   [Parallel Time: 4.2 ms, GC Workers: 10]
      [GC Worker Start (ms): Min: 449738300.1, Avg: 449738300.2, Max: 449738300.3, Diff: 0.3]
      [Ext Root Scanning (ms): Min: 1.6, Avg: 1.8, Max: 2.2, Diff: 0.5, Sum: 18.3]
      [Update RS (ms): Min: 0.5, Avg: 0.7, Max: 1.4, Diff: 0.9, Sum: 7.2]
         [Processed Buffers: Min: 1, Avg: 5.2, Max: 9, Diff: 8, Sum: 52]
      [Scan RS (ms): Min: 0.0, Avg: 0.0, Max: 0.0, Diff: 0.0, Sum: 0.1]
      [Code Root Scanning (ms): Min: 0.0, Avg: 0.0, Max: 0.0, Diff: 0.0, Sum: 0.0]
      [Object Copy (ms): Min: 0.0, Avg: 0.3, Max: 0.4, Diff: 0.4, Sum: 2.6]
      [Termination (ms): Min: 0.0, Avg: 0.4, Max: 0.4, Diff: 0.4, Sum: 3.8]
         [Termination Attempts: Min: 1, Avg: 12.3, Max: 22, Diff: 21, Sum: 123]
      [GC Worker Other (ms): Min: 0.0, Avg: 0.0, Max: 0.0, Diff: 0.0, Sum: 0.1]
      [GC Worker Total (ms): Min: 3.1, Avg: 3.2, Max: 3.4, Diff: 0.3, Sum: 32.2]
      [GC Worker End (ms): Min: 449738303.5, Avg: 449738303.5, Max: 449738303.5, Diff: 0.0]
   [Code Root Fixup: 0.0 ms]
   [Code Root Purge: 0.0 ms]
   [String Dedup Fixup: 3.0 ms, GC Workers: 10]
      [Queue Fixup (ms): Min: 0.0, Avg: 0.0, Max: 0.0, Diff: 0.0, Sum: 0.0]
      [Table Fixup (ms): Min: 2.4, Avg: 2.5, Max: 2.6, Diff: 0.2, Sum: 24.6]
   [Clear CT: 0.9 ms]
   [Other: 1.9 ms]
      [Choose CSet: 0.0 ms]
      [Ref Proc: 0.6 ms]
      [Ref Enq: 0.0 ms]
      [Redirty Cards: 0.8 ms]
      [Humongous Register: 0.0 ms]
      [Humongous Reclaim: 0.0 ms]
      [Free CSet: 0.0 ms]
   [Eden: 49152.0K(49152.0K)->0.0B(49152.0K) Survivors: 1024.0K->1024.0K Heap: 236.5M(267.0M)->188.6M(267.0M)]
 [Times: user=0.00 sys=0.00, real=0.01 secs] 
2020-12-18T16:22:11.739+0530: 449738.310: [GC concurrent-root-region-scan-start]
2020-12-18T16:22:11.739+0530: 449738.310: [GC concurrent-string-deduplication, 2976.0B->1520.0B(1456.0B), avg 59.6%, 0.0000168 secs]
   [Last Exec: 0.0000168 secs, Idle: 127.3545513 secs, Blocked: 0/0.0000000 secs]
      [Inspected:              27]
         [Skipped:              0(  0.0%)]
         [Hashed:               9( 33.3%)]
         [Known:               15( 55.6%)]
         [New:                 12( 44.4%)   2976.0B]
      [Deduplicated:            6( 50.0%)   1456.0B( 48.9%)]
         [Young:                6(100.0%)   1456.0B(100.0%)]
         [Old:                  0(  0.0%)      0.0B(  0.0%)]
   [Total Exec: 1787/0.8794144 secs, Idle: 1787/449736.9310350 secs, Blocked: 133/0.0943544 secs]
      [Inspected:         2950144]
         [Skipped:              0(  0.0%)]
         [Hashed:         1232210( 41.8%)]
         [Known:           195267(  6.6%)]
         [New:            2754877( 93.4%)    214.4M]
      [Deduplicated:      1930777( 70.1%)    127.9M( 59.6%)]
         [Young:           796942( 41.3%)  62261.6K( 47.6%)]
         [Old:            1133835( 58.7%)  68677.4K( 52.4%)]
   [Table]
      [Memory Usage: 8448.9K]
      [Size: 262144, Min: 1024, Max: 16777216]
      [Entries: 265131, Load: 101.1%, Cached: 7972, Added: 992491, Removed: 727360]
      [Resize Count: 8, Shrink Threshold: 174762(66.7%), Grow Threshold: 524288(200.0%)]
      [Rehash Count: 0, Rehash Threshold: 120, Hash Seed: 0x0]
      [Age Threshold: 3]
   [Queue]
      [Dropped: 0]
[GC concurrent-string-deduplication, deleted 0 entries, 0.0000007 secs]
2020-12-18T16:22:11.740+0530: 449738.312: [GC concurrent-root-region-scan-end, 0.0018765 secs]
2020-12-18T16:22:11.740+0530: 449738.312: [GC concurrent-mark-start]
2020-12-18T16:22:11.838+0530: 449738.409: [GC concurrent-mark-end, 0.0978514 secs]
2020-12-18T16:22:11.839+0530: 449738.410: [GC remark 2020-12-18T16:22:11.839+0530: 449738.410: [Finalize Marking, 0.0004099 secs] 2020-12-18T16:22:11.839+0530: 449738.410: [GC ref-proc, 0.0006439 secs] 2020-12-18T16:22:11.840+0530: 449738.411: [Unloading, 0.0274362 secs], 0.0293440 secs]
 [Times: user=0.30 sys=0.00, real=0.03 secs] 
2020-12-18T16:22:11.869+0530: 449738.440: [GC cleanup 190M->190M(267M), 0.0024421 secs]
 [Times: user=0.00 sys=0.00, real=0.00 secs] 
2020-12-18T16:25:41.722+0530: 449948.293: [GC pause (G1 Evacuation Pause) (young), 0.0075774 secs]
   [Parallel Time: 2.9 ms, GC Workers: 10]
      [GC Worker Start (ms): Min: 449948292.7, Avg: 449948292.7, Max: 449948292.8, Diff: 0.1]
      [Ext Root Scanning (ms): Min: 0.9, Avg: 1.1, Max: 2.2, Diff: 1.3, Sum: 11.4]
      [Update RS (ms): Min: 0.0, Avg: 1.0, Max: 1.6, Diff: 1.6, Sum: 9.8]
         [Processed Buffers: Min: 0, Avg: 8.0, Max: 22, Diff: 22, Sum: 80]
      [Scan RS (ms): Min: 0.0, Avg: 0.0, Max: 0.0, Diff: 0.0, Sum: 0.1]
      [Code Root Scanning (ms): Min: 0.0, Avg: 0.0, Max: 0.0, Diff: 0.0, Sum: 0.0]
      [Object Copy (ms): Min: 0.1, Avg: 0.5, Max: 0.8, Diff: 0.7, Sum: 5.2]
      [Termination (ms): Min: 0.0, Avg: 0.1, Max: 0.1, Diff: 0.1, Sum: 1.1]
         [Termination Attempts: Min: 1, Avg: 5.3, Max: 11, Diff: 10, Sum: 53]
      [GC Worker Other (ms): Min: 0.0, Avg: 0.0, Max: 0.0, Diff: 0.0, Sum: 0.1]
      [GC Worker Total (ms): Min: 2.7, Avg: 2.8, Max: 2.8, Diff: 0.1, Sum: 27.7]
      [GC Worker End (ms): Min: 449948295.5, Avg: 449948295.5, Max: 449948295.5, Diff: 0.0]
   [Code Root Fixup: 0.0 ms]
   [Code Root Purge: 0.0 ms]
   [String Dedup Fixup: 3.5 ms, GC Workers: 10]
      [Queue Fixup (ms): Min: 0.0, Avg: 0.0, Max: 0.0, Diff: 0.0, Sum: 0.0]
      [Table Fixup (ms): Min: 2.7, Avg: 3.0, Max: 3.4, Diff: 0.7, Sum: 30.4]
   [Clear CT: 0.4 ms]
   [Other: 0.8 ms]
      [Choose CSet: 0.0 ms]
      [Ref Proc: 0.2 ms]
      [Ref Enq: 0.0 ms]
      [Redirty Cards: 0.1 ms]
      [Humongous Register: 0.0 ms]
      [Humongous Reclaim: 0.0 ms]
      [Free CSet: 0.1 ms]
   [Eden: 49152.0K(49152.0K)->0.0B(47104.0K) Survivors: 1024.0K->2048.0K Heap: 237.2M(267.0M)->189.3M(267.0M)]
 [Times: user=0.00 sys=0.00, real=0.01 secs] 
2020-12-18T16:25:41.730+0530: 449948.301: [GC concurrent-string-deduplication, 528.0B->64.0B(464.0B), avg 59.6%, 0.0000398 secs]
   [Last Exec: 0.0000398 secs, Idle: 209.9907920 secs, Blocked: 0/0.0000000 secs]
      [Inspected:              19]
         [Skipped:              0(  0.0%)]
         [Hashed:               0(  0.0%)]
         [Known:                0(  0.0%)]
         [New:                 19(100.0%)    528.0B]
      [Deduplicated:           17( 89.5%)    464.0B( 87.9%)]
         [Young:               17(100.0%)    464.0B(100.0%)]
         [Old:                  0(  0.0%)      0.0B(  0.0%)]
   [Total Exec: 1788/0.8794542 secs, Idle: 1788/449946.9218270 secs, Blocked: 133/0.0943544 secs]
      [Inspected:         2950163]
         [Skipped:              0(  0.0%)]
         [Hashed:         1232210( 41.8%)]
         [Known:           195267(  6.6%)]
         [New:            2754896( 93.4%)    214.4M]
      [Deduplicated:      1930794( 70.1%)    127.9M( 59.6%)]
         [Young:           796959( 41.3%)  62262.1K( 47.6%)]
         [Old:            1133835( 58.7%)  68677.4K( 52.4%)]
   [Table]
      [Memory Usage: 8448.9K]
      [Size: 262144, Min: 1024, Max: 16777216]
      [Entries: 265273, Load: 101.2%, Cached: 7830, Added: 992671, Removed: 727398]
      [Resize Count: 8, Shrink Threshold: 174762(66.7%), Grow Threshold: 524288(200.0%)]
      [Rehash Count: 0, Rehash Threshold: 120, Hash Seed: 0x0]
      [Age Threshold: 3]
   [Queue]
      [Dropped: 0]
[GC concurrent-string-deduplication, deleted 0 entries, 0.0000014 secs]
2020-12-18T16:25:42.143+0530: 449948.714: [GC pause (G1 Humongous Allocation) (young) (initial-mark), 0.0084613 secs]
   [Parallel Time: 4.2 ms, GC Workers: 10]
      [GC Worker Start (ms): Min: 449948713.8, Avg: 449948713.9, Max: 449948714.0, Diff: 0.2]
      [Ext Root Scanning (ms): Min: 2.4, Avg: 2.6, Max: 2.8, Diff: 0.4, Sum: 26.0]
      [Update RS (ms): Min: 0.6, Avg: 0.7, Max: 0.9, Diff: 0.3, Sum: 7.1]
         [Processed Buffers: Min: 1, Avg: 4.1, Max: 13, Diff: 12, Sum: 41]
      [Scan RS (ms): Min: 0.0, Avg: 0.0, Max: 0.0, Diff: 0.0, Sum: 0.0]
      [Code Root Scanning (ms): Min: 0.0, Avg: 0.0, Max: 0.0, Diff: 0.0, Sum: 0.0]
      [Object Copy (ms): Min: 0.3, Avg: 0.5, Max: 0.7, Diff: 0.4, Sum: 4.9]
      [Termination (ms): Min: 0.0, Avg: 0.0, Max: 0.0, Diff: 0.0, Sum: 0.0]
         [Termination Attempts: Min: 1, Avg: 1.4, Max: 2, Diff: 1, Sum: 14]
      [GC Worker Other (ms): Min: 0.0, Avg: 0.0, Max: 0.1, Diff: 0.0, Sum: 0.3]
      [GC Worker Total (ms): Min: 3.8, Avg: 3.8, Max: 3.9, Diff: 0.2, Sum: 38.4]
      [GC Worker End (ms): Min: 449948717.7, Avg: 449948717.7, Max: 449948717.8, Diff: 0.0]
   [Code Root Fixup: 0.0 ms]
   [Code Root Purge: 0.0 ms]
   [String Dedup Fixup: 3.1 ms, GC Workers: 10]
      [Queue Fixup (ms): Min: 0.0, Avg: 0.0, Max: 0.0, Diff: 0.0, Sum: 0.0]
      [Table Fixup (ms): Min: 2.8, Avg: 2.9, Max: 2.9, Diff: 0.1, Sum: 28.7]
   [Clear CT: 0.4 ms]
   [Other: 0.8 ms]
      [Choose CSet: 0.0 ms]
      [Ref Proc: 0.2 ms]
      [Ref Enq: 0.0 ms]
      [Redirty Cards: 0.2 ms]
      [Humongous Register: 0.0 ms]
      [Humongous Reclaim: 0.0 ms]
      [Free CSet: 0.1 ms]
   [Eden: 22528.0K(47104.0K)->0.0B(47104.0K) Survivors: 2048.0K->2048.0K Heap: 211.2M(267.0M)->189.5M(267.0M)]
 [Times: user=0.00 sys=0.00, real=0.01 secs] 
2020-12-18T16:25:42.152+0530: 449948.722: [GC concurrent-root-region-scan-start]
2020-12-18T16:25:42.152+0530: 449948.722: [GC concurrent-string-deduplication, 824.0B->360.0B(464.0B), avg 59.6%, 0.0000637 secs]
   [Last Exec: 0.0000637 secs, Idle: 0.4217217 secs, Blocked: 0/0.0000000 secs]
      [Inspected:              35]
         [Skipped:              0(  0.0%)]
         [Hashed:               0(  0.0%)]
         [Known:                8( 22.9%)]
         [New:                 27( 77.1%)    824.0B]
      [Deduplicated:           14( 51.9%)    464.0B( 56.3%)]
         [Young:               14(100.0%)    464.0B(100.0%)]
         [Old:                  0(  0.0%)      0.0B(  0.0%)]
   [Total Exec: 1789/0.8795179 secs, Idle: 1789/449947.3435487 secs, Blocked: 133/0.0943544 secs]
      [Inspected:         2950198]
         [Skipped:              0(  0.0%)]
         [Hashed:         1232210( 41.8%)]
         [Known:           195275(  6.6%)]
         [New:            2754923( 93.4%)    214.4M]
      [Deduplicated:      1930808( 70.1%)    127.9M( 59.6%)]
         [Young:           796973( 41.3%)  62262.5K( 47.6%)]
         [Old:            1133835( 58.7%)  68677.4K( 52.4%)]
   [Table]
      [Memory Usage: 8448.9K]
      [Size: 262144, Min: 1024, Max: 16777216]
      [Entries: 265272, Load: 101.2%, Cached: 7831, Added: 992684, Removed: 727412]
      [Resize Count: 8, Shrink Threshold: 174762(66.7%), Grow Threshold: 524288(200.0%)]
      [Rehash Count: 0, Rehash Threshold: 120, Hash Seed: 0x0]
      [Age Threshold: 3]
   [Queue]
      [Dropped: 0]
[GC concurrent-string-deduplication, deleted 0 entries, 0.0000019 secs]
2020-12-18T16:25:42.155+0530: 449948.725: [GC concurrent-root-region-scan-end, 0.0027067 secs]
2020-12-18T16:25:42.155+0530: 449948.725: [GC concurrent-mark-start]
2020-12-18T16:25:42.263+0530: 449948.834: [GC concurrent-mark-end, 0.1085725 secs]
2020-12-18T16:25:42.264+0530: 449948.834: [GC remark 2020-12-18T16:25:42.264+0530: 449948.834: [Finalize Marking, 0.0002907 secs] 2020-12-18T16:25:42.264+0530: 449948.834: [GC ref-proc, 0.0005718 secs] 2020-12-18T16:25:42.264+0530: 449948.835: [Unloading, 0.0238117 secs], 0.0257464 secs]
 [Times: user=0.30 sys=0.02, real=0.03 secs] 
2020-12-18T16:25:42.290+0530: 449948.860: [GC cleanup 193M->193M(267M), 0.0038074 secs]
 [Times: user=0.00 sys=0.00, real=0.00 secs] 
2020-12-18T16:25:46.394+0530: 449952.965: [GC pause (G1 Evacuation Pause) (young), 0.0074825 secs]
   [Parallel Time: 2.7 ms, GC Workers: 10]
      [GC Worker Start (ms): Min: 449952964.9, Avg: 449952965.1, Max: 449952965.2, Diff: 0.3]
      [Ext Root Scanning (ms): Min: 0.7, Avg: 0.9, Max: 2.0, Diff: 1.3, Sum: 9.4]
      [Update RS (ms): Min: 0.0, Avg: 0.5, Max: 0.8, Diff: 0.8, Sum: 5.5]
         [Processed Buffers: Min: 0, Avg: 4.8, Max: 9, Diff: 9, Sum: 48]
      [Scan RS (ms): Min: 0.0, Avg: 0.0, Max: 0.0, Diff: 0.0, Sum: 0.0]
      [Code Root Scanning (ms): Min: 0.0, Avg: 0.0, Max: 0.0, Diff: 0.0, Sum: 0.0]
      [Object Copy (ms): Min: 0.0, Avg: 0.4, Max: 0.6, Diff: 0.6, Sum: 3.7]
      [Termination (ms): Min: 0.0, Avg: 0.0, Max: 0.0, Diff: 0.0, Sum: 0.4]
         [Termination Attempts: Min: 1, Avg: 1.0, Max: 1, Diff: 0, Sum: 10]
      [GC Worker Other (ms): Min: 0.0, Avg: 0.0, Max: 0.1, Diff: 0.1, Sum: 0.2]
      [GC Worker Total (ms): Min: 1.8, Avg: 1.9, Max: 2.1, Diff: 0.3, Sum: 19.2]
      [GC Worker End (ms): Min: 449952967.0, Avg: 449952967.0, Max: 449952967.0, Diff: 0.0]
   [Code Root Fixup: 0.0 ms]
   [Code Root Purge: 0.0 ms]
   [String Dedup Fixup: 2.5 ms, GC Workers: 10]
      [Queue Fixup (ms): Min: 0.0, Avg: 0.0, Max: 0.0, Diff: 0.0, Sum: 0.0]
      [Table Fixup (ms): Min: 1.8, Avg: 1.9, Max: 2.0, Diff: 0.2, Sum: 19.1]
   [Clear CT: 0.2 ms]
   [Other: 2.0 ms]
      [Choose CSet: 0.0 ms]
      [Ref Proc: 1.0 ms]
      [Ref Enq: 0.0 ms]
      [Redirty Cards: 0.9 ms]
      [Humongous Register: 0.0 ms]
      [Humongous Reclaim: 0.0 ms]
      [Free CSet: 0.0 ms]
   [Eden: 47104.0K(47104.0K)->0.0B(11264.0K) Survivors: 2048.0K->2048.0K Heap: 236.5M(267.0M)->189.8M(267.0M)]
 [Times: user=0.00 sys=0.00, real=0.01 secs] 
2020-12-18T16:25:46.402+0530: 449952.973: [GC concurrent-string-deduplication, 26832.0B->3408.0B(23424.0B), avg 59.6%, 0.0001409 secs]
   [Last Exec: 0.0001409 secs, Idle: 4.2500125 secs, Blocked: 0/0.0000000 secs]
      [Inspected:             648]
         [Skipped:              0(  0.0%)]
         [Hashed:             383( 59.1%)]
         [Known:              189( 29.2%)]
         [New:                459( 70.8%)  26832.0B]
      [Deduplicated:          435( 94.8%)  23424.0B( 87.3%)]
         [Young:              435(100.0%)  23424.0B(100.0%)]
         [Old:                  0(  0.0%)      0.0B(  0.0%)]
   [Total Exec: 1790/0.8796588 secs, Idle: 1790/449951.5935612 secs, Blocked: 133/0.0943544 secs]
      [Inspected:         2950846]
         [Skipped:              0(  0.0%)]
         [Hashed:         1232593( 41.8%)]
         [Known:           195464(  6.6%)]
         [New:            2755382( 93.4%)    214.4M]
      [Deduplicated:      1931243( 70.1%)    127.9M( 59.6%)]
         [Young:           797408( 41.3%)  62285.4K( 47.6%)]
         [Old:            1133835( 58.7%)  68677.4K( 52.4%)]
   [Table]
      [Memory Usage: 8448.9K]
      [Size: 262144, Min: 1024, Max: 16777216]
      [Entries: 265261, Load: 101.2%, Cached: 7842, Added: 992721, Removed: 727460]
      [Resize Count: 8, Shrink Threshold: 174762(66.7%), Grow Threshold: 524288(200.0%)]
      [Rehash Count: 0, Rehash Threshold: 120, Hash Seed: 0x0]
      [Age Threshold: 3]
   [Queue]
      [Dropped: 0]
[GC concurrent-string-deduplication, deleted 0 entries, 0.0000006 secs]
2020-12-18T16:25:46.430+0530: 449953.001: [GC pause (G1 Evacuation Pause) (mixed), 0.0139644 secs]
   [Parallel Time: 9.3 ms, GC Workers: 10]
      [GC Worker Start (ms): Min: 449953001.0, Avg: 449953001.1, Max: 449953001.2, Diff: 0.3]
      [Ext Root Scanning (ms): Min: 0.6, Avg: 0.8, Max: 1.6, Diff: 1.1, Sum: 8.0]
      [Update RS (ms): Min: 0.0, Avg: 0.3, Max: 0.5, Diff: 0.5, Sum: 3.0]
         [Processed Buffers: Min: 0, Avg: 1.3, Max: 5, Diff: 5, Sum: 13]
      [Scan RS (ms): Min: 1.0, Avg: 1.2, Max: 1.5, Diff: 0.5, Sum: 12.4]
      [Code Root Scanning (ms): Min: 0.0, Avg: 0.0, Max: 0.2, Diff: 0.2, Sum: 0.4]
      [Object Copy (ms): Min: 5.9, Avg: 6.3, Max: 6.6, Diff: 0.7, Sum: 62.9]
      [Termination (ms): Min: 0.0, Avg: 0.2, Max: 0.2, Diff: 0.2, Sum: 2.0]
         [Termination Attempts: Min: 1, Avg: 2.0, Max: 4, Diff: 3, Sum: 20]
      [GC Worker Other (ms): Min: 0.0, Avg: 0.0, Max: 0.0, Diff: 0.0, Sum: 0.1]
      [GC Worker Total (ms): Min: 8.8, Avg: 8.9, Max: 9.0, Diff: 0.3, Sum: 88.7]
      [GC Worker End (ms): Min: 449953010.0, Avg: 449953010.0, Max: 449953010.0, Diff: 0.0]
   [Code Root Fixup: 0.0 ms]
   [Code Root Purge: 0.0 ms]
   [String Dedup Fixup: 2.8 ms, GC Workers: 10]
      [Queue Fixup (ms): Min: 0.0, Avg: 0.0, Max: 0.0, Diff: 0.0, Sum: 0.0]
      [Table Fixup (ms): Min: 2.2, Avg: 2.3, Max: 2.3, Diff: 0.1, Sum: 22.6]
   [Clear CT: 0.7 ms]
   [Other: 1.2 ms]
      [Choose CSet: 0.0 ms]
      [Ref Proc: 0.1 ms]
      [Ref Enq: 0.0 ms]
      [Redirty Cards: 0.6 ms]
      [Humongous Register: 0.0 ms]
      [Humongous Reclaim: 0.0 ms]
      [Free CSet: 0.3 ms]
   [Eden: 11264.0K(11264.0K)->0.0B(48128.0K) Survivors: 2048.0K->2048.0K Heap: 200.8M(267.0M)->188.5M(267.0M)]
 [Times: user=0.02 sys=0.01, real=0.01 secs] 
2020-12-18T16:25:46.444+0530: 449953.015: [GC concurrent-string-deduplication, 6968.0B->3952.0B(3016.0B), avg 59.6%, 0.0000474 secs]
   [Last Exec: 0.0000474 secs, Idle: 0.0423832 secs, Blocked: 0/0.0000000 secs]
      [Inspected:              41]
         [Skipped:              0(  0.0%)]
         [Hashed:              24( 58.5%)]
         [Known:                1(  2.4%)]
         [New:                 40( 97.6%)   6968.0B]
      [Deduplicated:           25( 62.5%)   3016.0B( 43.3%)]
         [Young:               25(100.0%)   3016.0B(100.0%)]
         [Old:                  0(  0.0%)      0.0B(  0.0%)]
   [Total Exec: 1791/0.8797062 secs, Idle: 1791/449951.6359444 secs, Blocked: 133/0.0943544 secs]
      [Inspected:         2950887]
         [Skipped:              0(  0.0%)]
         [Hashed:         1232617( 41.8%)]
         [Known:           195465(  6.6%)]
         [New:            2755422( 93.4%)    214.4M]
      [Deduplicated:      1931268( 70.1%)    127.9M( 59.6%)]
         [Young:           797433( 41.3%)  62288.4K( 47.6%)]
         [Old:            1133835( 58.7%)  68677.4K( 52.4%)]
   [Table]
      [Memory Usage: 8448.9K]
      [Size: 262144, Min: 1024, Max: 16777216]
      [Entries: 265276, Load: 101.2%, Cached: 7827, Added: 992736, Removed: 727460]
      [Resize Count: 8, Shrink Threshold: 174762(66.7%), Grow Threshold: 524288(200.0%)]
      [Rehash Count: 0, Rehash Threshold: 120, Hash Seed: 0x0]
      [Age Threshold: 3]
   [Queue]
      [Dropped: 0]
[GC concurrent-string-deduplication, deleted 0 entries, 0.0000009 secs]
2020-12-18T16:25:46.629+0530: 449953.200: [GC pause (G1 Evacuation Pause) (young), 0.0106754 secs]
   [Parallel Time: 5.2 ms, GC Workers: 10]
      [GC Worker Start (ms): Min: 449953200.3, Avg: 449953200.4, Max: 449953200.5, Diff: 0.2]
      [Ext Root Scanning (ms): Min: 0.6, Avg: 0.8, Max: 1.4, Diff: 0.8, Sum: 7.7]
      [Update RS (ms): Min: 2.8, Avg: 3.2, Max: 3.6, Diff: 0.8, Sum: 32.3]
         [Processed Buffers: Min: 5, Avg: 6.9, Max: 13, Diff: 8, Sum: 69]
      [Scan RS (ms): Min: 0.0, Avg: 0.0, Max: 0.0, Diff: 0.0, Sum: 0.0]
      [Code Root Scanning (ms): Min: 0.0, Avg: 0.0, Max: 0.0, Diff: 0.0, Sum: 0.0]
      [Object Copy (ms): Min: 0.4, Avg: 0.6, Max: 0.8, Diff: 0.4, Sum: 5.9]
      [Termination (ms): Min: 0.0, Avg: 0.0, Max: 0.0, Diff: 0.0, Sum: 0.0]
         [Termination Attempts: Min: 1, Avg: 1.1, Max: 2, Diff: 1, Sum: 11]
      [GC Worker Other (ms): Min: 0.0, Avg: 0.0, Max: 0.0, Diff: 0.0, Sum: 0.2]
      [GC Worker Total (ms): Min: 4.5, Avg: 4.6, Max: 4.7, Diff: 0.2, Sum: 46.2]
      [GC Worker End (ms): Min: 449953205.0, Avg: 449953205.0, Max: 449953205.1, Diff: 0.0]
   [Code Root Fixup: 0.0 ms]
   [Code Root Purge: 0.0 ms]
   [String Dedup Fixup: 3.2 ms, GC Workers: 10]
      [Queue Fixup (ms): Min: 0.0, Avg: 0.0, Max: 0.0, Diff: 0.0, Sum: 0.0]
      [Table Fixup (ms): Min: 2.8, Avg: 2.9, Max: 3.1, Diff: 0.3, Sum: 29.0]
   [Clear CT: 0.7 ms]
   [Other: 1.5 ms]
      [Choose CSet: 0.0 ms]
      [Ref Proc: 0.6 ms]
      [Ref Enq: 0.0 ms]
      [Redirty Cards: 0.7 ms]
      [Humongous Register: 0.0 ms]
      [Humongous Reclaim: 0.0 ms]
      [Free CSet: 0.0 ms]
   [Eden: 48128.0K(48128.0K)->0.0B(48128.0K) Survivors: 2048.0K->2048.0K Heap: 235.5M(267.0M)->188.8M(267.0M)]
 [Times: user=0.00 sys=0.00, real=0.01 secs] 
2020-12-18T16:25:46.641+0530: 449953.211: [GC concurrent-string-deduplication, 8736.0B->2248.0B(6488.0B), avg 59.6%, 0.0000435 secs]
   [Last Exec: 0.0000435 secs, Idle: 0.1959035 secs, Blocked: 0/0.0000000 secs]
      [Inspected:              87]
         [Skipped:              0(  0.0%)]
         [Hashed:              34( 39.1%)]
         [Known:               13( 14.9%)]
         [New:                 74( 85.1%)   8736.0B]
      [Deduplicated:           53( 71.6%)   6488.0B( 74.3%)]
         [Young:               53(100.0%)   6488.0B(100.0%)]
         [Old:                  0(  0.0%)      0.0B(  0.0%)]
   [Total Exec: 1792/0.8797497 secs, Idle: 1792/449951.8318479 secs, Blocked: 133/0.0943544 secs]
      [Inspected:         2950974]
         [Skipped:              0(  0.0%)]
         [Hashed:         1232651( 41.8%)]
         [Known:           195478(  6.6%)]
         [New:            2755496( 93.4%)    214.4M]
      [Deduplicated:      1931321( 70.1%)    127.9M( 59.6%)]
         [Young:           797486( 41.3%)  62294.7K( 47.6%)]
         [Old:            1133835( 58.7%)  68677.4K( 52.4%)]
   [Table]
      [Memory Usage: 8448.9K]
      [Size: 262144, Min: 1024, Max: 16777216]
      [Entries: 265311, Load: 101.2%, Cached: 7792, Added: 992778, Removed: 727467]
      [Resize Count: 8, Shrink Threshold: 174762(66.7%), Grow Threshold: 524288(200.0%)]
      [Rehash Count: 0, Rehash Threshold: 120, Hash Seed: 0x0]
      [Age Threshold: 3]
   [Queue]
      [Dropped: 0]
[GC concurrent-string-deduplication, deleted 0 entries, 0.0000006 secs]
2020-12-18T16:25:46.705+0530: 449953.275: [GC pause (G1 Humongous Allocation) (young) (initial-mark), 0.0082334 secs]
   [Parallel Time: 3.2 ms, GC Workers: 10]
      [GC Worker Start (ms): Min: 449953275.5, Avg: 449953275.6, Max: 449953275.7, Diff: 0.2]
      [Ext Root Scanning (ms): Min: 1.7, Avg: 1.9, Max: 2.2, Diff: 0.4, Sum: 18.7]
      [Update RS (ms): Min: 0.1, Avg: 0.3, Max: 0.6, Diff: 0.5, Sum: 3.2]
         [Processed Buffers: Min: 1, Avg: 3.0, Max: 8, Diff: 7, Sum: 30]
      [Scan RS (ms): Min: 0.0, Avg: 0.0, Max: 0.0, Diff: 0.0, Sum: 0.0]
      [Code Root Scanning (ms): Min: 0.0, Avg: 0.0, Max: 0.0, Diff: 0.0, Sum: 0.0]
      [Object Copy (ms): Min: 0.1, Avg: 0.4, Max: 0.7, Diff: 0.5, Sum: 4.4]
      [Termination (ms): Min: 0.0, Avg: 0.0, Max: 0.0, Diff: 0.0, Sum: 0.3]
         [Termination Attempts: Min: 1, Avg: 1.0, Max: 1, Diff: 0, Sum: 10]
      [GC Worker Other (ms): Min: 0.0, Avg: 0.0, Max: 0.0, Diff: 0.0, Sum: 0.1]
      [GC Worker Total (ms): Min: 2.6, Avg: 2.7, Max: 2.8, Diff: 0.2, Sum: 26.7]
      [GC Worker End (ms): Min: 449953278.3, Avg: 449953278.3, Max: 449953278.3, Diff: 0.0]
   [Code Root Fixup: 0.0 ms]
   [Code Root Purge: 0.0 ms]
   [String Dedup Fixup: 3.3 ms, GC Workers: 10]
      [Queue Fixup (ms): Min: 0.0, Avg: 0.0, Max: 0.0, Diff: 0.0, Sum: 0.0]
      [Table Fixup (ms): Min: 2.7, Avg: 3.0, Max: 3.1, Diff: 0.4, Sum: 30.1]
   [Clear CT: 0.8 ms]
   [Other: 0.9 ms]
      [Choose CSet: 0.0 ms]
      [Ref Proc: 0.2 ms]
      [Ref Enq: 0.0 ms]
      [Redirty Cards: 0.3 ms]
      [Humongous Register: 0.0 ms]
      [Humongous Reclaim: 0.0 ms]
      [Free CSet: 0.1 ms]
   [Eden: 14336.0K(48128.0K)->0.0B(46080.0K) Survivors: 2048.0K->3072.0K Heap: 202.6M(267.0M)->189.1M(267.0M)]
 [Times: user=0.00 sys=0.00, real=0.01 secs] 
2020-12-18T16:25:46.713+0530: 449953.284: [GC concurrent-root-region-scan-start]
2020-12-18T16:25:46.713+0530: 449953.284: [GC concurrent-string-deduplication, 24.0B->0.0B(24.0B), avg 59.6%, 0.0000078 secs]
   [Last Exec: 0.0000078 secs, Idle: 0.0725982 secs, Blocked: 0/0.0000000 secs]
      [Inspected:               1]
         [Skipped:              0(  0.0%)]
         [Hashed:               1(100.0%)]
         [Known:                0(  0.0%)]
         [New:                  1(100.0%)     24.0B]
      [Deduplicated:            1(100.0%)     24.0B(100.0%)]
         [Young:                1(100.0%)     24.0B(100.0%)]
         [Old:                  0(  0.0%)      0.0B(  0.0%)]
   [Total Exec: 1793/0.8797575 secs, Idle: 1793/449951.9044461 secs, Blocked: 133/0.0943544 secs]
      [Inspected:         2950975]
         [Skipped:              0(  0.0%)]
         [Hashed:         1232652( 41.8%)]
         [Known:           195478(  6.6%)]
         [New:            2755497( 93.4%)    214.4M]
      [Deduplicated:      1931322( 70.1%)    127.9M( 59.6%)]
         [Young:           797487( 41.3%)  62294.7K( 47.6%)]
         [Old:            1133835( 58.7%)  68677.4K( 52.4%)]
   [Table]
      [Memory Usage: 8448.9K]
      [Size: 262144, Min: 1024, Max: 16777216]
      [Entries: 265308, Load: 101.2%, Cached: 7795, Added: 992778, Removed: 727470]
      [Resize Count: 8, Shrink Threshold: 174762(66.7%), Grow Threshold: 524288(200.0%)]
      [Rehash Count: 0, Rehash Threshold: 120, Hash Seed: 0x0]
      [Age Threshold: 3]
   [Queue]
      [Dropped: 0]
[GC concurrent-string-deduplication, deleted 0 entries, 0.0000011 secs]
2020-12-18T16:25:46.716+0530: 449953.286: [GC concurrent-root-region-scan-end, 0.0026332 secs]
2020-12-18T16:25:46.716+0530: 449953.286: [GC concurrent-mark-start]
2020-12-18T16:25:46.838+0530: 449953.409: [GC concurrent-mark-end, 0.1223040 secs]
2020-12-18T16:25:46.839+0530: 449953.409: [GC remark 2020-12-18T16:25:46.839+0530: 449953.409: [Finalize Marking, 0.0004288 secs] 2020-12-18T16:25:46.839+0530: 449953.410: [GC ref-proc, 0.0005330 secs] 2020-12-18T16:25:46.840+0530: 449953.410: [Unloading, 0.0252073 secs], 0.0269188 secs]
 [Times: user=0.30 sys=0.00, real=0.03 secs] 
2020-12-18T16:25:46.866+0530: 449953.437: [GC cleanup 193M->193M(267M), 0.0020191 secs]
 [Times: user=0.00 sys=0.00, real=0.00 secs] 
2020-12-18T16:25:47.310+0530: 449953.881: [GC pause (G1 Evacuation Pause) (young), 0.0070723 secs]
   [Parallel Time: 2.3 ms, GC Workers: 10]
      [GC Worker Start (ms): Min: 449953881.0, Avg: 449953881.1, Max: 449953881.1, Diff: 0.1]
      [Ext Root Scanning (ms): Min: 0.9, Avg: 1.2, Max: 2.2, Diff: 1.3, Sum: 11.6]
      [Update RS (ms): Min: 0.0, Avg: 0.4, Max: 0.9, Diff: 0.9, Sum: 4.1]
         [Processed Buffers: Min: 0, Avg: 3.9, Max: 8, Diff: 8, Sum: 39]
      [Scan RS (ms): Min: 0.0, Avg: 0.0, Max: 0.0, Diff: 0.0, Sum: 0.1]
      [Code Root Scanning (ms): Min: 0.0, Avg: 0.0, Max: 0.0, Diff: 0.0, Sum: 0.0]
      [Object Copy (ms): Min: 0.0, Avg: 0.4, Max: 0.7, Diff: 0.7, Sum: 4.3]
      [Termination (ms): Min: 0.0, Avg: 0.2, Max: 0.2, Diff: 0.2, Sum: 1.7]
         [Termination Attempts: Min: 1, Avg: 1.0, Max: 1, Diff: 0, Sum: 10]
      [GC Worker Other (ms): Min: 0.0, Avg: 0.0, Max: 0.0, Diff: 0.0, Sum: 0.1]
      [GC Worker Total (ms): Min: 2.1, Avg: 2.2, Max: 2.2, Diff: 0.1, Sum: 21.8]
      [GC Worker End (ms): Min: 449953883.3, Avg: 449953883.3, Max: 449953883.3, Diff: 0.0]
   [Code Root Fixup: 0.0 ms]
   [Code Root Purge: 0.0 ms]
   [String Dedup Fixup: 3.0 ms, GC Workers: 10]
      [Queue Fixup (ms): Min: 0.0, Avg: 0.0, Max: 0.0, Diff: 0.0, Sum: 0.0]
      [Table Fixup (ms): Min: 2.5, Avg: 2.6, Max: 2.7, Diff: 0.2, Sum: 25.7]
   [Clear CT: 0.5 ms]
   [Other: 1.2 ms]
      [Choose CSet: 0.0 ms]
      [Ref Proc: 0.2 ms]
      [Ref Enq: 0.0 ms]
      [Redirty Cards: 0.7 ms]
      [Humongous Register: 0.0 ms]
      [Humongous Reclaim: 0.0 ms]
      [Free CSet: 0.0 ms]
   [Eden: 46080.0K(46080.0K)->0.0B(10240.0K) Survivors: 3072.0K->3072.0K Heap: 235.1M(267.0M)->189.2M(267.0M)]
 [Times: user=0.16 sys=0.00, real=0.01 secs] 
2020-12-18T16:25:47.318+0530: 449953.888: [GC concurrent-string-deduplication, 2976.0B->2464.0B(512.0B), avg 59.6%, 0.0000819 secs]
   [Last Exec: 0.0000819 secs, Idle: 0.6044127 secs, Blocked: 0/0.0000000 secs]
      [Inspected:              43]
         [Skipped:              0(  0.0%)]
         [Hashed:              13( 30.2%)]
         [Known:               23( 53.5%)]
         [New:                 20( 46.5%)   2976.0B]
      [Deduplicated:           13( 65.0%)    512.0B( 17.2%)]
         [Young:               13(100.0%)    512.0B(100.0%)]
         [Old:                  0(  0.0%)      0.0B(  0.0%)]
   [Total Exec: 1794/0.8798394 secs, Idle: 1794/449952.5088588 secs, Blocked: 133/0.0943544 secs]
      [Inspected:         2951018]
         [Skipped:              0(  0.0%)]
         [Hashed:         1232665( 41.8%)]
         [Known:           195501(  6.6%)]
         [New:            2755517( 93.4%)    214.4M]
      [Deduplicated:      1931335( 70.1%)    127.9M( 59.6%)]
         [Young:           797500( 41.3%)  62295.2K( 47.6%)]
         [Old:            1133835( 58.7%)  68677.4K( 52.4%)]
   [Table]
      [Memory Usage: 8448.9K]
      [Size: 262144, Min: 1024, Max: 16777216]
      [Entries: 265170, Load: 101.2%, Cached: 7933, Added: 992818, Removed: 727648]
      [Resize Count: 8, Shrink Threshold: 174762(66.7%), Grow Threshold: 524288(200.0%)]
      [Rehash Count: 0, Rehash Threshold: 120, Hash Seed: 0x0]
      [Age Threshold: 3]
   [Queue]
      [Dropped: 0]
[GC concurrent-string-deduplication, deleted 0 entries, 0.0000015 secs]
2020-12-18T16:25:47.345+0530: 449953.916: [GC pause (G1 Evacuation Pause) (mixed), 0.0109706 secs]
   [Parallel Time: 6.3 ms, GC Workers: 10]
      [GC Worker Start (ms): Min: 449953915.8, Avg: 449953915.9, Max: 449953915.9, Diff: 0.2]
      [Ext Root Scanning (ms): Min: 0.8, Avg: 1.0, Max: 2.1, Diff: 1.3, Sum: 10.4]
      [Update RS (ms): Min: 0.0, Avg: 0.3, Max: 0.4, Diff: 0.4, Sum: 3.1]
         [Processed Buffers: Min: 0, Avg: 1.2, Max: 3, Diff: 3, Sum: 12]
      [Scan RS (ms): Min: 0.0, Avg: 0.1, Max: 0.2, Diff: 0.2, Sum: 1.1]
      [Code Root Scanning (ms): Min: 0.0, Avg: 0.0, Max: 0.0, Diff: 0.0, Sum: 0.0]
      [Object Copy (ms): Min: 3.8, Avg: 4.3, Max: 4.4, Diff: 0.7, Sum: 43.0]
      [Termination (ms): Min: 0.0, Avg: 0.0, Max: 0.0, Diff: 0.0, Sum: 0.0]
         [Termination Attempts: Min: 1, Avg: 1.0, Max: 1, Diff: 0, Sum: 10]
      [GC Worker Other (ms): Min: 0.0, Avg: 0.0, Max: 0.0, Diff: 0.0, Sum: 0.1]
      [GC Worker Total (ms): Min: 5.7, Avg: 5.8, Max: 5.9, Diff: 0.2, Sum: 57.8]
      [GC Worker End (ms): Min: 449953921.7, Avg: 449953921.7, Max: 449953921.7, Diff: 0.0]
   [Code Root Fixup: 0.0 ms]
   [Code Root Purge: 0.0 ms]
   [String Dedup Fixup: 2.9 ms, GC Workers: 10]
      [Queue Fixup (ms): Min: 0.0, Avg: 0.0, Max: 0.0, Diff: 0.0, Sum: 0.0]
      [Table Fixup (ms): Min: 2.3, Avg: 2.4, Max: 2.5, Diff: 0.2, Sum: 24.0]
   [Clear CT: 0.6 ms]
   [Other: 1.1 ms]
      [Choose CSet: 0.0 ms]
      [Ref Proc: 0.4 ms]
      [Ref Enq: 0.0 ms]
      [Redirty Cards: 0.5 ms]
      [Humongous Register: 0.0 ms]
      [Humongous Reclaim: 0.0 ms]
      [Free CSet: 0.0 ms]
   [Eden: 10240.0K(10240.0K)->0.0B(48128.0K) Survivors: 3072.0K->2048.0K Heap: 199.2M(267.0M)->188.7M(267.0M)]
 [Times: user=0.00 sys=0.00, real=0.01 secs] 
2020-12-18T16:25:47.356+0530: 449953.927: [GC concurrent-string-deduplication, 144.0B->144.0B(0.0B), avg 59.6%, 0.0000058 secs]
   [Last Exec: 0.0000058 secs, Idle: 0.0384277 secs, Blocked: 0/0.0000000 secs]
      [Inspected:               3]
         [Skipped:              0(  0.0%)]
         [Hashed:               1( 33.3%)]
         [Known:                0(  0.0%)]
         [New:                  3(100.0%)    144.0B]
      [Deduplicated:            0(  0.0%)      0.0B(  0.0%)]
         [Young:                0(  0.0%)      0.0B(  0.0%)]
         [Old:                  0(  0.0%)      0.0B(  0.0%)]
   [Total Exec: 1795/0.8798452 secs, Idle: 1795/449952.5472865 secs, Blocked: 133/0.0943544 secs]
      [Inspected:         2951021]
         [Skipped:              0(  0.0%)]
         [Hashed:         1232666( 41.8%)]
         [Known:           195501(  6.6%)]
         [New:            2755520( 93.4%)    214.4M]
      [Deduplicated:      1931335( 70.1%)    127.9M( 59.6%)]
         [Young:           797500( 41.3%)  62295.2K( 47.6%)]
         [Old:            1133835( 58.7%)  68677.4K( 52.4%)]
   [Table]
      [Memory Usage: 8448.9K]
      [Size: 262144, Min: 1024, Max: 16777216]
      [Entries: 265173, Load: 101.2%, Cached: 7930, Added: 992821, Removed: 727648]
      [Resize Count: 8, Shrink Threshold: 174762(66.7%), Grow Threshold: 524288(200.0%)]
      [Rehash Count: 0, Rehash Threshold: 120, Hash Seed: 0x0]
      [Age Threshold: 3]
   [Queue]
      [Dropped: 0]
[GC concurrent-string-deduplication, deleted 0 entries, 0.0000006 secs]
2020-12-18T16:25:52.828+0530: 449959.398: [GC pause (G1 Evacuation Pause) (young), 0.0067013 secs]
   [Parallel Time: 2.1 ms, GC Workers: 10]
      [GC Worker Start (ms): Min: 449959398.1, Avg: 449959398.3, Max: 449959398.4, Diff: 0.3]
      [Ext Root Scanning (ms): Min: 0.5, Avg: 0.7, Max: 1.3, Diff: 0.8, Sum: 7.4]
      [Update RS (ms): Min: 0.4, Avg: 0.9, Max: 1.1, Diff: 0.8, Sum: 9.2]
         [Processed Buffers: Min: 2, Avg: 4.6, Max: 11, Diff: 9, Sum: 46]
      [Scan RS (ms): Min: 0.0, Avg: 0.0, Max: 0.0, Diff: 0.0, Sum: 0.0]
      [Code Root Scanning (ms): Min: 0.0, Avg: 0.0, Max: 0.0, Diff: 0.0, Sum: 0.0]
      [Object Copy (ms): Min: 0.1, Avg: 0.2, Max: 0.3, Diff: 0.2, Sum: 1.6]
      [Termination (ms): Min: 0.0, Avg: 0.1, Max: 0.1, Diff: 0.1, Sum: 0.5]
         [Termination Attempts: Min: 1, Avg: 1.0, Max: 1, Diff: 0, Sum: 10]
      [GC Worker Other (ms): Min: 0.0, Avg: 0.0, Max: 0.1, Diff: 0.1, Sum: 0.1]
      [GC Worker Total (ms): Min: 1.8, Avg: 1.9, Max: 2.1, Diff: 0.3, Sum: 18.9]
      [GC Worker End (ms): Min: 449959400.2, Avg: 449959400.2, Max: 449959400.2, Diff: 0.0]
   [Code Root Fixup: 0.0 ms]
   [Code Root Purge: 0.0 ms]
   [String Dedup Fixup: 2.5 ms, GC Workers: 10]
      [Queue Fixup (ms): Min: 0.0, Avg: 0.0, Max: 0.0, Diff: 0.0, Sum: 0.0]
      [Table Fixup (ms): Min: 1.6, Avg: 1.7, Max: 1.9, Diff: 0.3, Sum: 17.1]
   [Clear CT: 0.8 ms]
   [Other: 1.2 ms]
      [Choose CSet: 0.0 ms]
      [Ref Proc: 0.5 ms]
      [Ref Enq: 0.0 ms]
      [Redirty Cards: 0.6 ms]
      [Humongous Register: 0.0 ms]
      [Humongous Reclaim: 0.0 ms]
      [Free CSet: 0.0 ms]
   [Eden: 48128.0K(48128.0K)->0.0B(48128.0K) Survivors: 2048.0K->2048.0K Heap: 235.7M(267.0M)->188.4M(267.0M)]
 [Times: user=0.16 sys=0.00, real=0.01 secs] 
2020-12-18T16:25:52.834+0530: 449959.405: [GC concurrent-string-deduplication, 5736.0B->2696.0B(3040.0B), avg 59.6%, 0.0000245 secs]
   [Last Exec: 0.0000245 secs, Idle: 5.4780624 secs, Blocked: 0/0.0000000 secs]
      [Inspected:              75]
         [Skipped:              0(  0.0%)]
         [Hashed:              22( 29.3%)]
         [Known:               35( 46.7%)]
         [New:                 40( 53.3%)   5736.0B]
      [Deduplicated:           20( 50.0%)   3040.0B( 53.0%)]
         [Young:               20(100.0%)   3040.0B(100.0%)]
         [Old:                  0(  0.0%)      0.0B(  0.0%)]
   [Total Exec: 1796/0.8798697 secs, Idle: 1796/449958.0253489 secs, Blocked: 133/0.0943544 secs]
      [Inspected:         2951096]
         [Skipped:              0(  0.0%)]
         [Hashed:         1232688( 41.8%)]
         [Known:           195536(  6.6%)]
         [New:            2755560( 93.4%)    214.4M]
      [Deduplicated:      1931355( 70.1%)    127.9M( 59.6%)]
         [Young:           797520( 41.3%)  62298.2K( 47.6%)]
         [Old:            1133835( 58.7%)  68677.4K( 52.4%)]
   [Table]
      [Memory Usage: 8448.9K]
      [Size: 262144, Min: 1024, Max: 16777216]
      [Entries: 265207, Load: 101.2%, Cached: 7896, Added: 992859, Removed: 727652]
      [Resize Count: 8, Shrink Threshold: 174762(66.7%), Grow Threshold: 524288(200.0%)]
      [Rehash Count: 0, Rehash Threshold: 120, Hash Seed: 0x0]
      [Age Threshold: 3]
   [Queue]
      [Dropped: 0]
[GC concurrent-string-deduplication, deleted 0 entries, 0.0000006 secs]
2020-12-18T16:28:31.815+0530: 450118.387: [GC pause (G1 Evacuation Pause) (young) (initial-mark), 0.0103074 secs]
   [Parallel Time: 5.6 ms, GC Workers: 10]
      [GC Worker Start (ms): Min: 450118386.7, Avg: 450118386.8, Max: 450118386.9, Diff: 0.2]
      [Ext Root Scanning (ms): Min: 2.2, Avg: 2.3, Max: 2.7, Diff: 0.6, Sum: 23.4]
      [Update RS (ms): Min: 0.9, Avg: 1.3, Max: 2.3, Diff: 1.4, Sum: 12.8]
         [Processed Buffers: Min: 4, Avg: 6.4, Max: 13, Diff: 9, Sum: 64]
      [Scan RS (ms): Min: 0.0, Avg: 0.0, Max: 0.0, Diff: 0.0, Sum: 0.2]
      [Code Root Scanning (ms): Min: 0.0, Avg: 0.0, Max: 0.0, Diff: 0.0, Sum: 0.0]
      [Object Copy (ms): Min: 0.0, Avg: 0.6, Max: 0.9, Diff: 0.9, Sum: 6.0]
      [Termination (ms): Min: 0.0, Avg: 0.5, Max: 0.5, Diff: 0.5, Sum: 4.6]
         [Termination Attempts: Min: 1, Avg: 2.5, Max: 5, Diff: 4, Sum: 25]
      [GC Worker Other (ms): Min: 0.0, Avg: 0.1, Max: 0.2, Diff: 0.2, Sum: 0.5]
      [GC Worker Total (ms): Min: 4.7, Avg: 4.7, Max: 4.9, Diff: 0.3, Sum: 47.5]
      [GC Worker End (ms): Min: 450118391.5, Avg: 450118391.6, Max: 450118391.7, Diff: 0.2]
   [Code Root Fixup: 0.0 ms]
   [Code Root Purge: 0.0 ms]
   [String Dedup Fixup: 2.7 ms, GC Workers: 10]
      [Queue Fixup (ms): Min: 0.0, Avg: 0.0, Max: 0.0, Diff: 0.0, Sum: 0.0]
      [Table Fixup (ms): Min: 2.2, Avg: 2.3, Max: 2.4, Diff: 0.2, Sum: 22.9]
   [Clear CT: 0.9 ms]
   [Other: 1.0 ms]
      [Choose CSet: 0.0 ms]
      [Ref Proc: 0.3 ms]
      [Ref Enq: 0.0 ms]
      [Redirty Cards: 0.4 ms]
      [Humongous Register: 0.0 ms]
      [Humongous Reclaim: 0.0 ms]
      [Free CSet: 0.1 ms]
   [Eden: 48128.0K(48128.0K)->0.0B(50176.0K) Survivors: 2048.0K->1024.0K Heap: 235.4M(267.0M)->188.3M(267.0M)]
 [Times: user=0.00 sys=0.00, real=0.01 secs] 
2020-12-18T16:28:31.826+0530: 450118.397: [GC concurrent-root-region-scan-start]
2020-12-18T16:28:31.829+0530: 450118.400: [GC concurrent-root-region-scan-end, 0.0031133 secs]
2020-12-18T16:28:31.829+0530: 450118.400: [GC concurrent-mark-start]
2020-12-18T16:28:31.949+0530: 450118.520: [GC concurrent-mark-end, 0.1200280 secs]
2020-12-18T16:28:31.950+0530: 450118.521: [GC remark 2020-12-18T16:28:31.950+0530: 450118.521: [Finalize Marking, 0.0002546 secs] 2020-12-18T16:28:31.950+0530: 450118.521: [GC ref-proc, 0.0007284 secs] 2020-12-18T16:28:31.951+0530: 450118.522: [Unloading, 0.0333574 secs], 0.0353586 secs]
 [Times: user=0.47 sys=0.00, real=0.03 secs] 
2020-12-18T16:28:31.986+0530: 450118.557: [GC cleanup 193M->193M(267M), 0.0023074 secs]
 [Times: user=0.00 sys=0.00, real=0.00 secs] 
2020-12-18T16:28:56.110+0530: 450142.680: [GC pause (G1 Evacuation Pause) (young), 0.0077701 secs]
   [Parallel Time: 3.2 ms, GC Workers: 10]
      [GC Worker Start (ms): Min: 450142680.6, Avg: 450142680.6, Max: 450142680.6, Diff: 0.1]
      [Ext Root Scanning (ms): Min: 0.6, Avg: 1.1, Max: 2.8, Diff: 2.3, Sum: 10.6]
      [Update RS (ms): Min: 0.0, Avg: 0.7, Max: 1.1, Diff: 1.1, Sum: 6.9]
         [Processed Buffers: Min: 0, Avg: 6.1, Max: 12, Diff: 12, Sum: 61]
      [Scan RS (ms): Min: 0.0, Avg: 0.0, Max: 0.0, Diff: 0.0, Sum: 0.0]
      [Code Root Scanning (ms): Min: 0.0, Avg: 0.0, Max: 0.0, Diff: 0.0, Sum: 0.0]
      [Object Copy (ms): Min: 0.0, Avg: 0.4, Max: 0.5, Diff: 0.5, Sum: 3.5]
      [Termination (ms): Min: 0.0, Avg: 0.8, Max: 0.9, Diff: 0.9, Sum: 7.6]
         [Termination Attempts: Min: 1, Avg: 3.3, Max: 5, Diff: 4, Sum: 33]
      [GC Worker Other (ms): Min: 0.0, Avg: 0.0, Max: 0.0, Diff: 0.0, Sum: 0.2]
      [GC Worker Total (ms): Min: 2.8, Avg: 2.9, Max: 2.9, Diff: 0.1, Sum: 28.9]
      [GC Worker End (ms): Min: 450142683.5, Avg: 450142683.5, Max: 450142683.5, Diff: 0.0]
   [Code Root Fixup: 0.0 ms]
   [Code Root Purge: 0.5 ms]
   [String Dedup Fixup: 2.3 ms, GC Workers: 10]
      [Queue Fixup (ms): Min: 0.0, Avg: 0.0, Max: 0.0, Diff: 0.0, Sum: 0.0]
      [Table Fixup (ms): Min: 2.0, Avg: 2.1, Max: 2.2, Diff: 0.1, Sum: 20.8]
   [Clear CT: 1.0 ms]
   [Other: 0.8 ms]
      [Choose CSet: 0.0 ms]
      [Ref Proc: 0.3 ms]
      [Ref Enq: 0.0 ms]
      [Redirty Cards: 0.3 ms]
      [Humongous Register: 0.0 ms]
      [Humongous Reclaim: 0.0 ms]
      [Free CSet: 0.0 ms]
   [Eden: 50176.0K(50176.0K)->0.0B(11264.0K) Survivors: 1024.0K->2048.0K Heap: 238.3M(267.0M)->188.5M(267.0M)]
 [Times: user=0.00 sys=0.00, real=0.01 secs] 
2020-12-18T16:28:56.118+0530: 450142.688: [GC concurrent-string-deduplication, 2848.0B->1280.0B(1568.0B), avg 59.6%, 0.0000321 secs]
   [Last Exec: 0.0000321 secs, Idle: 183.2834267 secs, Blocked: 0/0.0000000 secs]
      [Inspected:              77]
         [Skipped:              0(  0.0%)]
         [Hashed:               7(  9.1%)]
         [Known:               21( 27.3%)]
         [New:                 56( 72.7%)   2848.0B]
      [Deduplicated:           32( 57.1%)   1568.0B( 55.1%)]
         [Young:               32(100.0%)   1568.0B(100.0%)]
         [Old:                  0(  0.0%)      0.0B(  0.0%)]
   [Total Exec: 1797/0.8799018 secs, Idle: 1797/450141.3087756 secs, Blocked: 133/0.0943544 secs]
      [Inspected:         2951173]
         [Skipped:              0(  0.0%)]
         [Hashed:         1232695( 41.8%)]
         [Known:           195557(  6.6%)]
         [New:            2755616( 93.4%)    214.4M]
      [Deduplicated:      1931387( 70.1%)    127.9M( 59.6%)]
         [Young:           797552( 41.3%)  62299.7K( 47.6%)]
         [Old:            1133835( 58.7%)  68677.4K( 52.4%)]
   [Table]
      [Memory Usage: 8448.9K]
      [Size: 262144, Min: 1024, Max: 16777216]
      [Entries: 265174, Load: 101.2%, Cached: 7929, Added: 993027, Removed: 727853]
      [Resize Count: 8, Shrink Threshold: 174762(66.7%), Grow Threshold: 524288(200.0%)]
      [Rehash Count: 0, Rehash Threshold: 120, Hash Seed: 0x0]
      [Age Threshold: 3]
   [Queue]
      [Dropped: 0]
[GC concurrent-string-deduplication, deleted 0 entries, 0.0000009 secs]
2020-12-18T16:28:57.680+0530: 450144.251: [GC pause (G1 Evacuation Pause) (mixed), 0.0174064 secs]
   [Parallel Time: 11.2 ms, GC Workers: 10]
      [GC Worker Start (ms): Min: 450144250.9, Avg: 450144251.0, Max: 450144251.1, Diff: 0.2]
      [Ext Root Scanning (ms): Min: 0.8, Avg: 1.9, Max: 10.6, Diff: 9.8, Sum: 19.1]
      [Update RS (ms): Min: 0.0, Avg: 0.3, Max: 0.4, Diff: 0.4, Sum: 2.5]
         [Processed Buffers: Min: 0, Avg: 2.3, Max: 5, Diff: 5, Sum: 23]
      [Scan RS (ms): Min: 0.0, Avg: 0.2, Max: 0.4, Diff: 0.4, Sum: 2.0]
      [Code Root Scanning (ms): Min: 0.0, Avg: 0.0, Max: 0.0, Diff: 0.0, Sum: 0.0]
      [Object Copy (ms): Min: 0.1, Avg: 1.9, Max: 2.2, Diff: 2.2, Sum: 19.4]
      [Termination (ms): Min: 0.0, Avg: 6.4, Max: 7.1, Diff: 7.1, Sum: 63.7]
         [Termination Attempts: Min: 1, Avg: 2.2, Max: 3, Diff: 2, Sum: 22]
      [GC Worker Other (ms): Min: 0.0, Avg: 0.0, Max: 0.0, Diff: 0.0, Sum: 0.2]
      [GC Worker Total (ms): Min: 10.6, Avg: 10.7, Max: 10.8, Diff: 0.2, Sum: 107.0]
      [GC Worker End (ms): Min: 450144261.7, Avg: 450144261.7, Max: 450144261.8, Diff: 0.0]
   [Code Root Fixup: 0.0 ms]
   [Code Root Purge: 0.0 ms]
   [String Dedup Fixup: 3.5 ms, GC Workers: 10]
      [Queue Fixup (ms): Min: 0.0, Avg: 0.0, Max: 0.0, Diff: 0.0, Sum: 0.0]
      [Table Fixup (ms): Min: 2.9, Avg: 3.0, Max: 3.1, Diff: 0.2, Sum: 29.7]
   [Clear CT: 0.6 ms]
   [Other: 2.1 ms]
      [Choose CSet: 0.0 ms]
      [Ref Proc: 0.7 ms]
      [Ref Enq: 0.0 ms]
      [Redirty Cards: 0.8 ms]
      [Humongous Register: 0.0 ms]
      [Humongous Reclaim: 0.0 ms]
      [Free CSet: 0.2 ms]
   [Eden: 11264.0K(11264.0K)->0.0B(48128.0K) Survivors: 2048.0K->2048.0K Heap: 199.5M(267.0M)->188.5M(267.0M)]
 [Times: user=0.11 sys=0.02, real=0.02 secs] 
2020-12-18T16:28:57.698+0530: 450144.269: [GC concurrent-string-deduplication, 1144.0B->472.0B(672.0B), avg 59.6%, 0.0000291 secs]
   [Last Exec: 0.0000291 secs, Idle: 1.5800707 secs, Blocked: 0/0.0000000 secs]
      [Inspected:              28]
         [Skipped:              0(  0.0%)]
         [Hashed:               5( 17.9%)]
         [Known:               16( 57.1%)]
         [New:                 12( 42.9%)   1144.0B]
      [Deduplicated:            7( 58.3%)    672.0B( 58.7%)]
         [Young:                7(100.0%)    672.0B(100.0%)]
         [Old:                  0(  0.0%)      0.0B(  0.0%)]
   [Total Exec: 1798/0.8799309 secs, Idle: 1798/450142.8888463 secs, Blocked: 133/0.0943544 secs]
      [Inspected:         2951201]
         [Skipped:              0(  0.0%)]
         [Hashed:         1232700( 41.8%)]
         [Known:           195573(  6.6%)]
         [New:            2755628( 93.4%)    214.4M]
      [Deduplicated:      1931394( 70.1%)    127.9M( 59.6%)]
         [Young:           797559( 41.3%)  62300.4K( 47.6%)]
         [Old:            1133835( 58.7%)  68677.4K( 52.4%)]
   [Table]
      [Memory Usage: 8448.9K]
      [Size: 262144, Min: 1024, Max: 16777216]
      [Entries: 265182, Load: 101.2%, Cached: 7921, Added: 993044, Removed: 727862]
      [Resize Count: 8, Shrink Threshold: 174762(66.7%), Grow Threshold: 524288(200.0%)]
      [Rehash Count: 0, Rehash Threshold: 120, Hash Seed: 0x0]
      [Age Threshold: 3]
   [Queue]
      [Dropped: 0]
[GC concurrent-string-deduplication, deleted 0 entries, 0.0000009 secs]
2020-12-18T16:28:57.839+0530: 450144.410: [GC pause (G1 Humongous Allocation) (young) (initial-mark), 0.0089781 secs]
   [Parallel Time: 3.7 ms, GC Workers: 10]
      [GC Worker Start (ms): Min: 450144409.8, Avg: 450144409.9, Max: 450144410.0, Diff: 0.3]
      [Ext Root Scanning (ms): Min: 1.4, Avg: 1.6, Max: 1.9, Diff: 0.5, Sum: 15.7]
      [Update RS (ms): Min: 0.5, Avg: 0.8, Max: 1.4, Diff: 0.8, Sum: 7.8]
         [Processed Buffers: Min: 1, Avg: 2.3, Max: 8, Diff: 7, Sum: 23]
      [Scan RS (ms): Min: 0.0, Avg: 0.0, Max: 0.0, Diff: 0.0, Sum: 0.0]
      [Code Root Scanning (ms): Min: 0.0, Avg: 0.0, Max: 0.0, Diff: 0.0, Sum: 0.0]
      [Object Copy (ms): Min: 0.0, Avg: 0.5, Max: 0.8, Diff: 0.8, Sum: 5.4]
      [Termination (ms): Min: 0.0, Avg: 0.2, Max: 0.3, Diff: 0.3, Sum: 2.3]
         [Termination Attempts: Min: 1, Avg: 1.8, Max: 3, Diff: 2, Sum: 18]
      [GC Worker Other (ms): Min: 0.0, Avg: 0.0, Max: 0.0, Diff: 0.0, Sum: 0.1]
      [GC Worker Total (ms): Min: 3.0, Avg: 3.1, Max: 3.3, Diff: 0.3, Sum: 31.4]
      [GC Worker End (ms): Min: 450144413.0, Avg: 450144413.0, Max: 450144413.0, Diff: 0.0]
   [Code Root Fixup: 0.0 ms]
   [Code Root Purge: 0.0 ms]
   [String Dedup Fixup: 3.2 ms, GC Workers: 10]
      [Queue Fixup (ms): Min: 0.0, Avg: 0.0, Max: 0.0, Diff: 0.0, Sum: 0.0]
      [Table Fixup (ms): Min: 2.6, Avg: 2.8, Max: 2.9, Diff: 0.3, Sum: 28.1]
   [Clear CT: 0.7 ms]
   [Other: 1.4 ms]
      [Choose CSet: 0.0 ms]
      [Ref Proc: 0.6 ms]
      [Ref Enq: 0.0 ms]
      [Redirty Cards: 0.6 ms]
      [Humongous Register: 0.0 ms]
      [Humongous Reclaim: 0.0 ms]
      [Free CSet: 0.0 ms]
   [Eden: 21504.0K(48128.0K)->0.0B(46080.0K) Survivors: 2048.0K->3072.0K Heap: 209.3M(267.0M)->189.4M(267.0M)]
 [Times: user=0.16 sys=0.00, real=0.01 secs] 
2020-12-18T16:28:57.848+0530: 450144.419: [GC concurrent-root-region-scan-start]
2020-12-18T16:28:57.848+0530: 450144.419: [GC concurrent-string-deduplication, 30880.0B->9512.0B(21368.0B), avg 59.6%, 0.0003747 secs]
   [Last Exec: 0.0003747 secs, Idle: 0.1500857 secs, Blocked: 0/0.0000000 secs]
      [Inspected:             519]
         [Skipped:              0(  0.0%)]
         [Hashed:             188( 36.2%)]
         [Known:              147( 28.3%)]
         [New:                372( 71.7%)  30880.0B]
      [Deduplicated:          321( 86.3%)  21368.0B( 69.2%)]
         [Young:              321(100.0%)  21368.0B(100.0%)]
         [Old:                  0(  0.0%)      0.0B(  0.0%)]
   [Total Exec: 1799/0.8803056 secs, Idle: 1799/450143.0389320 secs, Blocked: 133/0.0943544 secs]
      [Inspected:         2951720]
         [Skipped:              0(  0.0%)]
         [Hashed:         1232888( 41.8%)]
         [Known:           195720(  6.6%)]
         [New:            2756000( 93.4%)    214.5M]
      [Deduplicated:      1931715( 70.1%)    127.9M( 59.6%)]
         [Young:           797880( 41.3%)  62321.3K( 47.6%)]
         [Old:            1133835( 58.7%)  68677.4K( 52.4%)]
   [Table]
      [Memory Usage: 8448.9K]
      [Size: 262144, Min: 1024, Max: 16777216]
      [Entries: 265277, Load: 101.2%, Cached: 7826, Added: 993139, Removed: 727862]
      [Resize Count: 8, Shrink Threshold: 174762(66.7%), Grow Threshold: 524288(200.0%)]
      [Rehash Count: 0, Rehash Threshold: 120, Hash Seed: 0x0]
      [Age Threshold: 3]
   [Queue]
      [Dropped: 0]
[GC concurrent-string-deduplication, deleted 0 entries, 0.0000012 secs]
2020-12-18T16:28:57.850+0530: 450144.421: [GC concurrent-root-region-scan-end, 0.0025306 secs]
2020-12-18T16:28:57.850+0530: 450144.421: [GC concurrent-mark-start]
2020-12-18T16:28:57.980+0530: 450144.551: [GC concurrent-mark-end, 0.1292392 secs]
2020-12-18T16:28:57.980+0530: 450144.551: [GC remark 2020-12-18T16:28:57.980+0530: 450144.551: [Finalize Marking, 0.0001190 secs] 2020-12-18T16:28:57.980+0530: 450144.551: [GC ref-proc, 0.0005235 secs] 2020-12-18T16:28:57.981+0530: 450144.552: [Unloading, 0.0297362 secs], 0.0311416 secs]
 [Times: user=0.33 sys=0.00, real=0.03 secs] 
2020-12-18T16:28:58.012+0530: 450144.583: [GC cleanup 194M->194M(267M), 0.0028282 secs]
 [Times: user=0.00 sys=0.00, real=0.00 secs] 
2020-12-18T16:29:08.021+0530: 450154.592: [GC pause (G1 Evacuation Pause) (young), 0.0100511 secs]
   [Parallel Time: 4.6 ms, GC Workers: 10]
      [GC Worker Start (ms): Min: 450154591.8, Avg: 450154591.9, Max: 450154592.0, Diff: 0.3]
      [Ext Root Scanning (ms): Min: 2.1, Avg: 2.5, Max: 3.4, Diff: 1.3, Sum: 25.3]
      [Update RS (ms): Min: 0.3, Avg: 0.8, Max: 1.7, Diff: 1.4, Sum: 8.1]
         [Processed Buffers: Min: 2, Avg: 4.8, Max: 11, Diff: 9, Sum: 48]
      [Scan RS (ms): Min: 0.0, Avg: 0.0, Max: 0.0, Diff: 0.0, Sum: 0.1]
      [Code Root Scanning (ms): Min: 0.0, Avg: 0.0, Max: 0.0, Diff: 0.0, Sum: 0.0]
      [Object Copy (ms): Min: 0.3, Avg: 0.8, Max: 1.2, Diff: 0.8, Sum: 8.0]
      [Termination (ms): Min: 0.0, Avg: 0.2, Max: 0.3, Diff: 0.3, Sum: 2.2]
         [Termination Attempts: Min: 1, Avg: 3.9, Max: 7, Diff: 6, Sum: 39]
      [GC Worker Other (ms): Min: 0.0, Avg: 0.0, Max: 0.0, Diff: 0.0, Sum: 0.1]
      [GC Worker Total (ms): Min: 4.3, Avg: 4.4, Max: 4.5, Diff: 0.3, Sum: 43.8]
      [GC Worker End (ms): Min: 450154596.3, Avg: 450154596.3, Max: 450154596.3, Diff: 0.0]
   [Code Root Fixup: 0.0 ms]
   [Code Root Purge: 0.0 ms]
   [String Dedup Fixup: 3.0 ms, GC Workers: 10]
      [Queue Fixup (ms): Min: 0.0, Avg: 0.0, Max: 0.0, Diff: 0.0, Sum: 0.0]
      [Table Fixup (ms): Min: 2.6, Avg: 2.7, Max: 2.8, Diff: 0.2, Sum: 27.1]
   [Clear CT: 1.1 ms]
   [Other: 1.3 ms]
      [Choose CSet: 0.0 ms]
      [Ref Proc: 0.2 ms]
      [Ref Enq: 0.0 ms]
      [Redirty Cards: 0.9 ms]
      [Humongous Register: 0.0 ms]
      [Humongous Reclaim: 0.0 ms]
      [Free CSet: 0.0 ms]
   [Eden: 46080.0K(46080.0K)->0.0B(10240.0K) Survivors: 3072.0K->3072.0K Heap: 236.0M(267.0M)->189.6M(267.0M)]
 [Times: user=0.00 sys=0.00, real=0.01 secs] 
2020-12-18T16:29:08.031+0530: 450154.602: [GC concurrent-string-deduplication, 120.1K->72440.0B(50496.0B), avg 59.6%, 0.0004743 secs]
   [Last Exec: 0.0004743 secs, Idle: 10.1826239 secs, Blocked: 0/0.0000000 secs]
      [Inspected:            1691]
         [Skipped:              0(  0.0%)]
         [Hashed:            1658( 98.0%)]
         [Known:               12(  0.7%)]
         [New:               1679( 99.3%)    120.1K]
      [Deduplicated:         1154( 68.7%)  50496.0B( 41.1%)]
         [Young:             1154(100.0%)  50496.0B(100.0%)]
         [Old:                  0(  0.0%)      0.0B(  0.0%)]
   [Total Exec: 1800/0.8807799 secs, Idle: 1800/450153.2215559 secs, Blocked: 133/0.0943544 secs]
      [Inspected:         2953411]
         [Skipped:              0(  0.0%)]
         [Hashed:         1234546( 41.8%)]
         [Known:           195732(  6.6%)]
         [New:            2757679( 93.4%)    214.6M]
      [Deduplicated:      1932869( 70.1%)    128.0M( 59.6%)]
         [Young:           799034( 41.3%)  62370.6K( 47.6%)]
         [Old:            1133835( 58.7%)  68677.4K( 52.4%)]
   [Table]
      [Memory Usage: 8448.9K]
      [Size: 262144, Min: 1024, Max: 16777216]
      [Entries: 265190, Load: 101.2%, Cached: 7913, Added: 993733, Removed: 728543]
      [Resize Count: 8, Shrink Threshold: 174762(66.7%), Grow Threshold: 524288(200.0%)]
      [Rehash Count: 0, Rehash Threshold: 120, Hash Seed: 0x0]
      [Age Threshold: 3]
   [Queue]
      [Dropped: 0]
[GC concurrent-string-deduplication, deleted 0 entries, 0.0000007 secs]
2020-12-18T16:29:08.376+0530: 450154.947: [GC pause (G1 Evacuation Pause) (mixed), 0.0121826 secs]
   [Parallel Time: 7.4 ms, GC Workers: 10]
      [GC Worker Start (ms): Min: 450154946.8, Avg: 450154947.0, Max: 450154947.0, Diff: 0.2]
      [Ext Root Scanning (ms): Min: 0.7, Avg: 0.9, Max: 2.0, Diff: 1.4, Sum: 8.7]
      [Update RS (ms): Min: 0.0, Avg: 0.3, Max: 0.7, Diff: 0.7, Sum: 3.3]
         [Processed Buffers: Min: 0, Avg: 1.8, Max: 4, Diff: 4, Sum: 18]
      [Scan RS (ms): Min: 0.1, Avg: 1.6, Max: 4.3, Diff: 4.2, Sum: 16.0]
      [Code Root Scanning (ms): Min: 0.0, Avg: 0.0, Max: 0.0, Diff: 0.0, Sum: 0.0]
      [Object Copy (ms): Min: 1.5, Avg: 4.0, Max: 5.0, Diff: 3.5, Sum: 40.0]
      [Termination (ms): Min: 0.0, Avg: 0.0, Max: 0.0, Diff: 0.0, Sum: 0.2]
         [Termination Attempts: Min: 1, Avg: 2.8, Max: 5, Diff: 4, Sum: 28]
      [GC Worker Other (ms): Min: 0.0, Avg: 0.0, Max: 0.0, Diff: 0.0, Sum: 0.1]
      [GC Worker Total (ms): Min: 6.8, Avg: 6.8, Max: 7.0, Diff: 0.2, Sum: 68.4]
      [GC Worker End (ms): Min: 450154953.8, Avg: 450154953.8, Max: 450154953.8, Diff: 0.0]
   [Code Root Fixup: 0.0 ms]
   [Code Root Purge: 0.0 ms]
   [String Dedup Fixup: 2.8 ms, GC Workers: 10]
      [Queue Fixup (ms): Min: 0.0, Avg: 0.0, Max: 0.0, Diff: 0.0, Sum: 0.0]
      [Table Fixup (ms): Min: 2.3, Avg: 2.4, Max: 2.4, Diff: 0.2, Sum: 23.7]
   [Clear CT: 0.5 ms]
   [Other: 1.4 ms]
      [Choose CSet: 0.0 ms]
      [Ref Proc: 0.5 ms]
      [Ref Enq: 0.0 ms]
      [Redirty Cards: 0.4 ms]
      [Humongous Register: 0.0 ms]
      [Humongous Reclaim: 0.0 ms]
      [Free CSet: 0.3 ms]
   [Eden: 10240.0K(10240.0K)->0.0B(48128.0K) Survivors: 3072.0K->2048.0K Heap: 199.6M(267.0M)->189.3M(267.0M)]
 [Times: user=0.00 sys=0.00, real=0.01 secs] 
2020-12-18T16:29:08.388+0530: 450154.959: [GC concurrent-string-deduplication, 19688.0B->752.0B(18936.0B), avg 59.6%, 0.0001012 secs]
   [Last Exec: 0.0001012 secs, Idle: 0.3566605 secs, Blocked: 0/0.0000000 secs]
      [Inspected:             410]
         [Skipped:              0(  0.0%)]
         [Hashed:             330( 80.5%)]
         [Known:               45( 11.0%)]
         [New:                365( 89.0%)  19688.0B]
      [Deduplicated:          355( 97.3%)  18936.0B( 96.2%)]
         [Young:              284( 80.0%)  10752.0B( 56.8%)]
         [Old:                 71( 20.0%)   8184.0B( 43.2%)]
   [Total Exec: 1801/0.8808811 secs, Idle: 1801/450153.5782164 secs, Blocked: 133/0.0943544 secs]
      [Inspected:         2953821]
         [Skipped:              0(  0.0%)]
         [Hashed:         1234876( 41.8%)]
         [Known:           195777(  6.6%)]
         [New:            2758044( 93.4%)    214.6M]
      [Deduplicated:      1933224( 70.1%)    128.0M( 59.6%)]
         [Young:           799318( 41.3%)  62381.1K( 47.6%)]
         [Old:            1133906( 58.7%)  68685.4K( 52.4%)]
   [Table]
      [Memory Usage: 8448.9K]
      [Size: 262144, Min: 1024, Max: 16777216]
      [Entries: 265202, Load: 101.2%, Cached: 7901, Added: 993745, Removed: 728543]
      [Resize Count: 8, Shrink Threshold: 174762(66.7%), Grow Threshold: 524288(200.0%)]
      [Rehash Count: 0, Rehash Threshold: 120, Hash Seed: 0x0]
      [Age Threshold: 3]
   [Queue]
      [Dropped: 0]
[GC concurrent-string-deduplication, deleted 0 entries, 0.0000007 secs]
2020-12-18T16:29:08.544+0530: 450155.115: [GC pause (G1 Evacuation Pause) (young), 0.0110961 secs]
   [Parallel Time: 6.0 ms, GC Workers: 10]
      [GC Worker Start (ms): Min: 450155115.0, Avg: 450155115.1, Max: 450155115.2, Diff: 0.2]
      [Ext Root Scanning (ms): Min: 1.1, Avg: 1.7, Max: 4.0, Diff: 2.9, Sum: 17.0]
      [Update RS (ms): Min: 0.9, Avg: 3.0, Max: 3.8, Diff: 2.9, Sum: 30.2]
         [Processed Buffers: Min: 2, Avg: 3.8, Max: 8, Diff: 6, Sum: 38]
      [Scan RS (ms): Min: 0.0, Avg: 0.0, Max: 0.0, Diff: 0.0, Sum: 0.0]
      [Code Root Scanning (ms): Min: 0.0, Avg: 0.0, Max: 0.0, Diff: 0.0, Sum: 0.0]
      [Object Copy (ms): Min: 0.2, Avg: 0.4, Max: 0.6, Diff: 0.4, Sum: 4.1]
      [Termination (ms): Min: 0.0, Avg: 0.2, Max: 0.2, Diff: 0.2, Sum: 1.8]
         [Termination Attempts: Min: 1, Avg: 1.6, Max: 3, Diff: 2, Sum: 16]
      [GC Worker Other (ms): Min: 0.0, Avg: 0.0, Max: 0.1, Diff: 0.1, Sum: 0.2]
      [GC Worker Total (ms): Min: 5.2, Avg: 5.3, Max: 5.5, Diff: 0.2, Sum: 53.3]
      [GC Worker End (ms): Min: 450155120.5, Avg: 450155120.5, Max: 450155120.5, Diff: 0.0]
   [Code Root Fixup: 0.0 ms]
   [Code Root Purge: 0.0 ms]
   [String Dedup Fixup: 2.5 ms, GC Workers: 10]
      [Queue Fixup (ms): Min: 0.0, Avg: 0.0, Max: 0.0, Diff: 0.0, Sum: 0.0]
      [Table Fixup (ms): Min: 1.8, Avg: 1.9, Max: 2.1, Diff: 0.3, Sum: 19.2]
   [Clear CT: 0.8 ms]
   [Other: 1.7 ms]
      [Choose CSet: 0.0 ms]
      [Ref Proc: 0.9 ms]
      [Ref Enq: 0.0 ms]
      [Redirty Cards: 0.7 ms]
      [Humongous Register: 0.0 ms]
      [Humongous Reclaim: 0.0 ms]
      [Free CSet: 0.0 ms]
   [Eden: 48128.0K(48128.0K)->0.0B(50176.0K) Survivors: 2048.0K->1024.0K Heap: 236.3M(267.0M)->188.3M(267.0M)]
 [Times: user=0.14 sys=0.00, real=0.01 secs] 
2020-12-18T16:29:08.556+0530: 450155.127: [GC concurrent-string-deduplication, 123.0K->3728.0B(119.4K), avg 59.7%, 0.0004537 secs]
   [Last Exec: 0.0004537 secs, Idle: 0.1669751 secs, Blocked: 0/0.0000000 secs]
      [Inspected:            1802]
         [Skipped:              0(  0.0%)]
         [Hashed:            1690( 93.8%)]
         [Known:               73(  4.1%)]
         [New:               1729( 95.9%)    123.0K]
      [Deduplicated:         1708( 98.8%)    119.4K( 97.0%)]
         [Young:             1708(100.0%)    119.4K(100.0%)]
         [Old:                  0(  0.0%)      0.0B(  0.0%)]
   [Total Exec: 1802/0.8813348 secs, Idle: 1802/450153.7451915 secs, Blocked: 133/0.0943544 secs]
      [Inspected:         2955623]
         [Skipped:              0(  0.0%)]
         [Hashed:         1236566( 41.8%)]
         [Known:           195850(  6.6%)]
         [New:            2759773( 93.4%)    214.7M]
      [Deduplicated:      1934932( 70.1%)    128.1M( 59.7%)]
         [Young:           801026( 41.4%)  62500.5K( 47.6%)]
         [Old:            1133906( 58.6%)  68685.4K( 52.4%)]
   [Table]
      [Memory Usage: 8448.9K]
      [Size: 262144, Min: 1024, Max: 16777216]
      [Entries: 265253, Load: 101.2%, Cached: 7850, Added: 993796, Removed: 728543]
      [Resize Count: 8, Shrink Threshold: 174762(66.7%), Grow Threshold: 524288(200.0%)]
      [Rehash Count: 0, Rehash Threshold: 120, Hash Seed: 0x0]
      [Age Threshold: 3]
   [Queue]
      [Dropped: 0]
[GC concurrent-string-deduplication, deleted 0 entries, 0.0000007 secs]
2020-12-18T16:29:09.260+0530: 450155.831: [GC pause (G1 Evacuation Pause) (young) (initial-mark), 0.0096115 secs]
   [Parallel Time: 5.8 ms, GC Workers: 10]
      [GC Worker Start (ms): Min: 450155830.9, Avg: 450155831.0, Max: 450155831.1, Diff: 0.2]
      [Ext Root Scanning (ms): Min: 4.6, Avg: 4.7, Max: 4.9, Diff: 0.3, Sum: 47.0]
      [Update RS (ms): Min: 0.1, Avg: 0.3, Max: 0.8, Diff: 0.7, Sum: 2.6]
         [Processed Buffers: Min: 1, Avg: 2.8, Max: 10, Diff: 9, Sum: 28]
      [Scan RS (ms): Min: 0.0, Avg: 0.0, Max: 0.0, Diff: 0.0, Sum: 0.0]
      [Code Root Scanning (ms): Min: 0.0, Avg: 0.0, Max: 0.0, Diff: 0.0, Sum: 0.0]
      [Object Copy (ms): Min: 0.1, Avg: 0.3, Max: 0.5, Diff: 0.4, Sum: 3.2]
      [Termination (ms): Min: 0.0, Avg: 0.4, Max: 0.4, Diff: 0.4, Sum: 4.0]
         [Termination Attempts: Min: 1, Avg: 1.1, Max: 2, Diff: 1, Sum: 11]
      [GC Worker Other (ms): Min: 0.0, Avg: 0.0, Max: 0.0, Diff: 0.0, Sum: 0.1]
      [GC Worker Total (ms): Min: 5.6, Avg: 5.7, Max: 5.8, Diff: 0.2, Sum: 56.9]
      [GC Worker End (ms): Min: 450155836.7, Avg: 450155836.7, Max: 450155836.7, Diff: 0.0]
   [Code Root Fixup: 0.0 ms]
   [Code Root Purge: 0.0 ms]
   [String Dedup Fixup: 2.4 ms, GC Workers: 10]
      [Queue Fixup (ms): Min: 0.0, Avg: 0.0, Max: 0.0, Diff: 0.0, Sum: 0.0]
      [Table Fixup (ms): Min: 2.0, Avg: 2.1, Max: 2.2, Diff: 0.2, Sum: 20.8]
   [Clear CT: 0.4 ms]
   [Other: 1.0 ms]
      [Choose CSet: 0.0 ms]
      [Ref Proc: 0.4 ms]
      [Ref Enq: 0.0 ms]
      [Redirty Cards: 0.4 ms]
      [Humongous Register: 0.0 ms]
      [Humongous Reclaim: 0.0 ms]
      [Free CSet: 0.0 ms]
   [Eden: 50176.0K(50176.0K)->0.0B(50176.0K) Survivors: 1024.0K->1024.0K Heap: 237.3M(267.0M)->188.2M(267.0M)]
 [Times: user=0.16 sys=0.00, real=0.01 secs] 
2020-12-18T16:29:09.270+0530: 450155.841: [GC concurrent-root-region-scan-start]
2020-12-18T16:29:09.270+0530: 450155.841: [GC concurrent-string-deduplication, 2256.0B->760.0B(1496.0B), avg 59.7%, 0.0000120 secs]
   [Last Exec: 0.0000120 secs, Idle: 0.7139335 secs, Blocked: 0/0.0000000 secs]
      [Inspected:               9]
         [Skipped:              0(  0.0%)]
         [Hashed:               4( 44.4%)]
         [Known:                2( 22.2%)]
         [New:                  7( 77.8%)   2256.0B]
      [Deduplicated:            6( 85.7%)   1496.0B( 66.3%)]
         [Young:                6(100.0%)   1496.0B(100.0%)]
         [Old:                  0(  0.0%)      0.0B(  0.0%)]
   [Total Exec: 1803/0.8813468 secs, Idle: 1803/450154.4591250 secs, Blocked: 133/0.0943544 secs]
      [Inspected:         2955632]
         [Skipped:              0(  0.0%)]
         [Hashed:         1236570( 41.8%)]
         [Known:           195852(  6.6%)]
         [New:            2759780( 93.4%)    214.7M]
      [Deduplicated:      1934938( 70.1%)    128.1M( 59.7%)]
         [Young:           801032( 41.4%)  62501.9K( 47.6%)]
         [Old:            1133906( 58.6%)  68685.4K( 52.4%)]
   [Table]
      [Memory Usage: 8448.9K]
      [Size: 262144, Min: 1024, Max: 16777216]
      [Entries: 265273, Load: 101.2%, Cached: 7830, Added: 993826, Removed: 728553]
      [Resize Count: 8, Shrink Threshold: 174762(66.7%), Grow Threshold: 524288(200.0%)]
      [Rehash Count: 0, Rehash Threshold: 120, Hash Seed: 0x0]
      [Age Threshold: 3]
   [Queue]
      [Dropped: 0]
[GC concurrent-string-deduplication, deleted 0 entries, 0.0000007 secs]
2020-12-18T16:29:09.272+0530: 450155.843: [GC concurrent-root-region-scan-end, 0.0021614 secs]
2020-12-18T16:29:09.272+0530: 450155.843: [GC concurrent-mark-start]
2020-12-18T16:29:09.376+0530: 450155.947: [GC concurrent-mark-end, 0.1043007 secs]
2020-12-18T16:29:09.376+0530: 450155.947: [GC remark 2020-12-18T16:29:09.376+0530: 450155.947: [Finalize Marking, 0.0005522 secs] 2020-12-18T16:29:09.377+0530: 450155.948: [GC ref-proc, 0.0005664 secs] 2020-12-18T16:29:09.378+0530: 450155.949: [Unloading, 0.0248076 secs], 0.0269182 secs]
 [Times: user=0.16 sys=0.00, real=0.03 secs] 
2020-12-18T16:29:09.405+0530: 450155.976: [GC cleanup 189M->189M(267M), 0.0020883 secs]
 [Times: user=0.16 sys=0.00, real=0.00 secs] 
2020-12-18T16:29:09.841+0530: 450156.412: [GC pause (G1 Evacuation Pause) (young), 0.0070551 secs]
   [Parallel Time: 1.9 ms, GC Workers: 10]
      [GC Worker Start (ms): Min: 450156411.8, Avg: 450156411.9, Max: 450156412.0, Diff: 0.3]
      [Ext Root Scanning (ms): Min: 0.5, Avg: 0.7, Max: 1.5, Diff: 0.9, Sum: 7.4]
      [Update RS (ms): Min: 0.0, Avg: 0.3, Max: 0.6, Diff: 0.6, Sum: 2.7]
         [Processed Buffers: Min: 0, Avg: 2.8, Max: 7, Diff: 7, Sum: 28]
      [Scan RS (ms): Min: 0.0, Avg: 0.0, Max: 0.0, Diff: 0.0, Sum: 0.0]
      [Code Root Scanning (ms): Min: 0.0, Avg: 0.0, Max: 0.0, Diff: 0.0, Sum: 0.0]
      [Object Copy (ms): Min: 0.0, Avg: 0.3, Max: 0.4, Diff: 0.4, Sum: 2.7]
      [Termination (ms): Min: 0.0, Avg: 0.1, Max: 0.1, Diff: 0.1, Sum: 0.9]
         [Termination Attempts: Min: 1, Avg: 1.1, Max: 2, Diff: 1, Sum: 11]
      [GC Worker Other (ms): Min: 0.0, Avg: 0.0, Max: 0.0, Diff: 0.0, Sum: 0.1]
      [GC Worker Total (ms): Min: 1.3, Avg: 1.4, Max: 1.6, Diff: 0.3, Sum: 13.9]
      [GC Worker End (ms): Min: 450156413.3, Avg: 450156413.3, Max: 450156413.3, Diff: 0.0]
   [Code Root Fixup: 0.0 ms]
   [Code Root Purge: 0.0 ms]
   [String Dedup Fixup: 3.0 ms, GC Workers: 10]
      [Queue Fixup (ms): Min: 0.0, Avg: 0.0, Max: 0.0, Diff: 0.0, Sum: 0.0]
      [Table Fixup (ms): Min: 2.3, Avg: 2.4, Max: 2.6, Diff: 0.3, Sum: 24.1]
   [Clear CT: 0.9 ms]
   [Other: 1.3 ms]
      [Choose CSet: 0.0 ms]
      [Ref Proc: 0.3 ms]
      [Ref Enq: 0.0 ms]
      [Redirty Cards: 0.8 ms]
      [Humongous Register: 0.0 ms]
      [Humongous Reclaim: 0.0 ms]
      [Free CSet: 0.0 ms]
   [Eden: 50176.0K(50176.0K)->0.0B(12288.0K) Survivors: 1024.0K->1024.0K Heap: 238.2M(267.0M)->188.1M(267.0M)]
 [Times: user=0.16 sys=0.00, real=0.01 secs] 
2020-12-18T16:29:09.848+0530: 450156.419: [GC concurrent-string-deduplication, 352.0B->88.0B(264.0B), avg 59.7%, 0.0000164 secs]
   [Last Exec: 0.0000164 secs, Idle: 0.5782839 secs, Blocked: 0/0.0000000 secs]
      [Inspected:              41]
         [Skipped:              0(  0.0%)]
         [Hashed:               4(  9.8%)]
         [Known:               32( 78.0%)]
         [New:                  9( 22.0%)    352.0B]
      [Deduplicated:            8( 88.9%)    264.0B( 75.0%)]
         [Young:                8(100.0%)    264.0B(100.0%)]
         [Old:                  0(  0.0%)      0.0B(  0.0%)]
   [Total Exec: 1804/0.8813632 secs, Idle: 1804/450155.0374089 secs, Blocked: 133/0.0943544 secs]
      [Inspected:         2955673]
         [Skipped:              0(  0.0%)]
         [Hashed:         1236574( 41.8%)]
         [Known:           195884(  6.6%)]
         [New:            2759789( 93.4%)    214.7M]
      [Deduplicated:      1934946( 70.1%)    128.1M( 59.7%)]
         [Young:           801040( 41.4%)  62502.2K( 47.6%)]
         [Old:            1133906( 58.6%)  68685.4K( 52.4%)]
   [Table]
      [Memory Usage: 8448.9K]
      [Size: 262144, Min: 1024, Max: 16777216]
      [Entries: 265130, Load: 101.1%, Cached: 7973, Added: 993927, Removed: 728797]
      [Resize Count: 8, Shrink Threshold: 174762(66.7%), Grow Threshold: 524288(200.0%)]
      [Rehash Count: 0, Rehash Threshold: 120, Hash Seed: 0x0]
      [Age Threshold: 3]
   [Queue]
      [Dropped: 0]
[GC concurrent-string-deduplication, deleted 0 entries, 0.0000008 secs]
2020-12-18T16:29:09.878+0530: 450156.448: [GC pause (G1 Evacuation Pause) (mixed), 0.0074865 secs]
   [Parallel Time: 2.7 ms, GC Workers: 10]
      [GC Worker Start (ms): Min: 450156448.6, Avg: 450156448.7, Max: 450156448.7, Diff: 0.1]
      [Ext Root Scanning (ms): Min: 0.8, Avg: 1.1, Max: 2.3, Diff: 1.5, Sum: 10.7]
      [Update RS (ms): Min: 0.0, Avg: 0.2, Max: 0.3, Diff: 0.3, Sum: 1.5]
         [Processed Buffers: Min: 0, Avg: 1.4, Max: 3, Diff: 3, Sum: 14]
      [Scan RS (ms): Min: 0.0, Avg: 0.3, Max: 0.5, Diff: 0.5, Sum: 2.9]
      [Code Root Scanning (ms): Min: 0.0, Avg: 0.0, Max: 0.0, Diff: 0.0, Sum: 0.0]
      [Object Copy (ms): Min: 0.2, Avg: 0.9, Max: 1.2, Diff: 1.0, Sum: 8.8]
      [Termination (ms): Min: 0.0, Avg: 0.2, Max: 0.2, Diff: 0.2, Sum: 1.7]
         [Termination Attempts: Min: 1, Avg: 1.2, Max: 2, Diff: 1, Sum: 12]
      [GC Worker Other (ms): Min: 0.0, Avg: 0.0, Max: 0.0, Diff: 0.0, Sum: 0.1]
      [GC Worker Total (ms): Min: 2.5, Avg: 2.6, Max: 2.7, Diff: 0.1, Sum: 25.8]
      [GC Worker End (ms): Min: 450156451.2, Avg: 450156451.2, Max: 450156451.2, Diff: 0.0]
   [Code Root Fixup: 0.0 ms]
   [Code Root Purge: 0.0 ms]
   [String Dedup Fixup: 2.7 ms, GC Workers: 10]
      [Queue Fixup (ms): Min: 0.0, Avg: 0.0, Max: 0.0, Diff: 0.0, Sum: 0.0]
      [Table Fixup (ms): Min: 2.2, Avg: 2.3, Max: 2.5, Diff: 0.2, Sum: 23.2]
   [Clear CT: 0.9 ms]
   [Other: 1.2 ms]
      [Choose CSet: 0.0 ms]
      [Ref Proc: 0.3 ms]
      [Ref Enq: 0.0 ms]
      [Redirty Cards: 0.7 ms]
      [Humongous Register: 0.0 ms]
      [Humongous Reclaim: 0.0 ms]
      [Free CSet: 0.1 ms]
   [Eden: 12288.0K(12288.0K)->0.0B(50176.0K) Survivors: 1024.0K->1024.0K Heap: 200.1M(267.0M)->187.8M(267.0M)]
 [Times: user=0.00 sys=0.00, real=0.01 secs] 
2020-12-18T16:29:09.885+0530: 450156.456: [GC concurrent-string-deduplication, 7904.0B->3936.0B(3968.0B), avg 59.7%, 0.0000319 secs]
   [Last Exec: 0.0000319 secs, Idle: 0.0371452 secs, Blocked: 0/0.0000000 secs]
      [Inspected:              82]
         [Skipped:              0(  0.0%)]
         [Hashed:              26( 31.7%)]
         [Known:               32( 39.0%)]
         [New:                 50( 61.0%)   7904.0B]
      [Deduplicated:           33( 66.0%)   3968.0B( 50.2%)]
         [Young:               33(100.0%)   3968.0B(100.0%)]
         [Old:                  0(  0.0%)      0.0B(  0.0%)]
   [Total Exec: 1805/0.8813951 secs, Idle: 1805/450155.0745541 secs, Blocked: 133/0.0943544 secs]
      [Inspected:         2955755]
         [Skipped:              0(  0.0%)]
         [Hashed:         1236600( 41.8%)]
         [Known:           195916(  6.6%)]
         [New:            2759839( 93.4%)    214.7M]
      [Deduplicated:      1934979( 70.1%)    128.1M( 59.7%)]
         [Young:           801073( 41.4%)  62506.1K( 47.6%)]
         [Old:            1133906( 58.6%)  68685.4K( 52.4%)]
   [Table]
      [Memory Usage: 8448.9K]
      [Size: 262144, Min: 1024, Max: 16777216]
      [Entries: 265147, Load: 101.1%, Cached: 7956, Added: 993944, Removed: 728797]
      [Resize Count: 8, Shrink Threshold: 174762(66.7%), Grow Threshold: 524288(200.0%)]
      [Rehash Count: 0, Rehash Threshold: 120, Hash Seed: 0x0]
      [Age Threshold: 3]
   [Queue]
      [Dropped: 0]
[GC concurrent-string-deduplication, deleted 0 entries, 0.0000006 secs]
2020-12-18T16:30:51.528+0530: 450258.100: [GC pause (G1 Evacuation Pause) (young), 0.0112239 secs]
   [Parallel Time: 6.3 ms, GC Workers: 10]
      [GC Worker Start (ms): Min: 450258099.9, Avg: 450258100.3, Max: 450258100.6, Diff: 0.6]
      [Ext Root Scanning (ms): Min: 1.5, Avg: 2.0, Max: 4.4, Diff: 2.9, Sum: 20.1]
      [Update RS (ms): Min: 0.9, Avg: 2.6, Max: 3.0, Diff: 2.1, Sum: 26.2]
         [Processed Buffers: Min: 2, Avg: 6.1, Max: 12, Diff: 10, Sum: 61]
      [Scan RS (ms): Min: 0.0, Avg: 0.0, Max: 0.0, Diff: 0.0, Sum: 0.0]
      [Code Root Scanning (ms): Min: 0.0, Avg: 0.0, Max: 0.0, Diff: 0.0, Sum: 0.0]
      [Object Copy (ms): Min: 0.4, Avg: 0.7, Max: 0.9, Diff: 0.5, Sum: 6.7]
      [Termination (ms): Min: 0.0, Avg: 0.0, Max: 0.0, Diff: 0.0, Sum: 0.0]
         [Termination Attempts: Min: 1, Avg: 1.0, Max: 1, Diff: 0, Sum: 10]
      [GC Worker Other (ms): Min: 0.0, Avg: 0.0, Max: 0.1, Diff: 0.1, Sum: 0.4]
      [GC Worker Total (ms): Min: 5.1, Avg: 5.3, Max: 5.7, Diff: 0.6, Sum: 53.4]
      [GC Worker End (ms): Min: 450258105.6, Avg: 450258105.6, Max: 450258105.7, Diff: 0.1]
   [Code Root Fixup: 0.0 ms]
   [Code Root Purge: 0.0 ms]
   [String Dedup Fixup: 2.7 ms, GC Workers: 10]
      [Queue Fixup (ms): Min: 0.0, Avg: 0.0, Max: 0.0, Diff: 0.0, Sum: 0.0]
      [Table Fixup (ms): Min: 2.2, Avg: 2.3, Max: 2.4, Diff: 0.2, Sum: 22.7]
   [Clear CT: 0.9 ms]
   [Other: 1.3 ms]
      [Choose CSet: 0.0 ms]
      [Ref Proc: 0.3 ms]
      [Ref Enq: 0.0 ms]
      [Redirty Cards: 0.6 ms]
      [Humongous Register: 0.0 ms]
      [Humongous Reclaim: 0.0 ms]
      [Free CSet: 0.0 ms]
   [Eden: 50176.0K(50176.0K)->0.0B(48128.0K) Survivors: 1024.0K->2048.0K Heap: 236.8M(267.0M)->188.3M(267.0M)]
 [Times: user=0.16 sys=0.00, real=0.01 secs] 
2020-12-18T16:30:51.540+0530: 450258.111: [GC concurrent-string-deduplication, 9736.0B->4736.0B(5000.0B), avg 59.7%, 0.0000760 secs]
   [Last Exec: 0.0000760 secs, Idle: 101.6548047 secs, Blocked: 0/0.0000000 secs]
      [Inspected:             220]
         [Skipped:              0(  0.0%)]
         [Hashed:              98( 44.5%)]
         [Known:              111( 50.5%)]
         [New:                109( 49.5%)   9736.0B]
      [Deduplicated:           89( 81.7%)   5000.0B( 51.4%)]
         [Young:               89(100.0%)   5000.0B(100.0%)]
         [Old:                  0(  0.0%)      0.0B(  0.0%)]
   [Total Exec: 1806/0.8814711 secs, Idle: 1806/450256.7293588 secs, Blocked: 133/0.0943544 secs]
      [Inspected:         2955975]
         [Skipped:              0(  0.0%)]
         [Hashed:         1236698( 41.8%)]
         [Known:           196027(  6.6%)]
         [New:            2759948( 93.4%)    214.8M]
      [Deduplicated:      1935068( 70.1%)    128.1M( 59.7%)]
         [Young:           801162( 41.4%)  62510.9K( 47.6%)]
         [Old:            1133906( 58.6%)  68685.4K( 52.4%)]
   [Table]
      [Memory Usage: 8448.9K]
      [Size: 262144, Min: 1024, Max: 16777216]
      [Entries: 265238, Load: 101.2%, Cached: 7865, Added: 994036, Removed: 728798]
      [Resize Count: 8, Shrink Threshold: 174762(66.7%), Grow Threshold: 524288(200.0%)]
      [Rehash Count: 0, Rehash Threshold: 120, Hash Seed: 0x0]
      [Age Threshold: 3]
   [Queue]
      [Dropped: 0]
[GC concurrent-string-deduplication, deleted 0 entries, 0.0000009 secs]
2020-12-18T16:37:08.011+0530: 450634.583: [GC pause (G1 Evacuation Pause) (young) (initial-mark), 0.0090671 secs]
   [Parallel Time: 4.6 ms, GC Workers: 10]
      [GC Worker Start (ms): Min: 450634582.7, Avg: 450634582.8, Max: 450634582.9, Diff: 0.2]
      [Ext Root Scanning (ms): Min: 2.3, Avg: 2.5, Max: 2.7, Diff: 0.4, Sum: 24.8]
      [Update RS (ms): Min: 0.5, Avg: 0.6, Max: 1.0, Diff: 0.5, Sum: 6.2]
         [Processed Buffers: Min: 1, Avg: 6.0, Max: 23, Diff: 22, Sum: 60]
      [Scan RS (ms): Min: 0.0, Avg: 0.0, Max: 0.0, Diff: 0.0, Sum: 0.0]
      [Code Root Scanning (ms): Min: 0.0, Avg: 0.0, Max: 0.0, Diff: 0.0, Sum: 0.0]
      [Object Copy (ms): Min: 0.5, Avg: 0.8, Max: 1.0, Diff: 0.5, Sum: 8.2]
      [Termination (ms): Min: 0.0, Avg: 0.0, Max: 0.0, Diff: 0.0, Sum: 0.2]
         [Termination Attempts: Min: 1, Avg: 1.0, Max: 1, Diff: 0, Sum: 10]
      [GC Worker Other (ms): Min: 0.0, Avg: 0.0, Max: 0.0, Diff: 0.0, Sum: 0.2]
      [GC Worker Total (ms): Min: 3.9, Avg: 4.0, Max: 4.1, Diff: 0.2, Sum: 39.7]
      [GC Worker End (ms): Min: 450634586.8, Avg: 450634586.8, Max: 450634586.8, Diff: 0.0]
   [Code Root Fixup: 0.0 ms]
   [Code Root Purge: 0.0 ms]
   [String Dedup Fixup: 3.6 ms, GC Workers: 10]
      [Queue Fixup (ms): Min: 0.0, Avg: 0.0, Max: 0.0, Diff: 0.0, Sum: 0.0]
      [Table Fixup (ms): Min: 0.0, Avg: 2.4, Max: 3.5, Diff: 3.5, Sum: 24.5]
   [Clear CT: 0.1 ms]
   [Other: 0.7 ms]
      [Choose CSet: 0.0 ms]
      [Ref Proc: 0.2 ms]
      [Ref Enq: 0.0 ms]
      [Redirty Cards: 0.2 ms]
      [Humongous Register: 0.0 ms]
      [Humongous Reclaim: 0.0 ms]
      [Free CSet: 0.1 ms]
   [Eden: 48128.0K(48128.0K)->0.0B(46080.0K) Survivors: 2048.0K->3072.0K Heap: 235.3M(267.0M)->189.0M(267.0M)]
 [Times: user=0.16 sys=0.00, real=0.01 secs] 
2020-12-18T16:37:08.021+0530: 450634.592: [GC concurrent-root-region-scan-start]
2020-12-18T16:37:08.024+0530: 450634.595: [GC concurrent-root-region-scan-end, 0.0030357 secs]
2020-12-18T16:37:08.024+0530: 450634.595: [GC concurrent-mark-start]
2020-12-18T16:37:08.158+0530: 450634.729: [GC concurrent-mark-end, 0.1337890 secs]
2020-12-18T16:37:08.158+0530: 450634.729: [GC remark 2020-12-18T16:37:08.158+0530: 450634.729: [Finalize Marking, 0.0002529 secs] 2020-12-18T16:37:08.158+0530: 450634.729: [GC ref-proc, 0.0006156 secs] 2020-12-18T16:37:08.159+0530: 450634.730: [Unloading, 0.0249742 secs], 0.0265096 secs]
 [Times: user=0.14 sys=0.00, real=0.03 secs] 
2020-12-18T16:37:08.185+0530: 450634.756: [GC cleanup 189M->189M(267M), 0.0016580 secs]
 [Times: user=0.00 sys=0.02, real=0.00 secs] 
2020-12-18T16:42:12.326+0530: 450938.897: [GC pause (G1 Evacuation Pause) (young), 0.0072130 secs]
   [Parallel Time: 2.6 ms, GC Workers: 10]
      [GC Worker Start (ms): Min: 450938897.2, Avg: 450938897.4, Max: 450938897.5, Diff: 0.3]
      [Ext Root Scanning (ms): Min: 0.6, Avg: 0.8, Max: 1.5, Diff: 1.0, Sum: 7.7]
      [Update RS (ms): Min: 0.0, Avg: 0.6, Max: 1.0, Diff: 1.0, Sum: 5.8]
         [Processed Buffers: Min: 0, Avg: 5.6, Max: 21, Diff: 21, Sum: 56]
      [Scan RS (ms): Min: 0.0, Avg: 0.0, Max: 0.0, Diff: 0.0, Sum: 0.0]
      [Code Root Scanning (ms): Min: 0.0, Avg: 0.0, Max: 0.0, Diff: 0.0, Sum: 0.0]
      [Object Copy (ms): Min: 0.3, Avg: 0.6, Max: 0.7, Diff: 0.5, Sum: 5.9]
      [Termination (ms): Min: 0.0, Avg: 0.0, Max: 0.0, Diff: 0.0, Sum: 0.0]
         [Termination Attempts: Min: 1, Avg: 1.0, Max: 1, Diff: 0, Sum: 10]
      [GC Worker Other (ms): Min: 0.0, Avg: 0.0, Max: 0.1, Diff: 0.1, Sum: 0.2]
      [GC Worker Total (ms): Min: 1.9, Avg: 2.0, Max: 2.2, Diff: 0.4, Sum: 19.7]
      [GC Worker End (ms): Min: 450938899.3, Avg: 450938899.3, Max: 450938899.4, Diff: 0.1]
   [Code Root Fixup: 0.0 ms]
   [Code Root Purge: 0.0 ms]
   [String Dedup Fixup: 2.7 ms, GC Workers: 10]
      [Queue Fixup (ms): Min: 0.0, Avg: 0.0, Max: 0.0, Diff: 0.0, Sum: 0.0]
      [Table Fixup (ms): Min: 2.3, Avg: 2.3, Max: 2.5, Diff: 0.2, Sum: 23.4]
   [Clear CT: 0.5 ms]
   [Other: 1.4 ms]
      [Choose CSet: 0.0 ms]
      [Ref Proc: 0.6 ms]
      [Ref Enq: 0.0 ms]
      [Redirty Cards: 0.4 ms]
      [Humongous Register: 0.0 ms]
      [Humongous Reclaim: 0.0 ms]
      [Free CSet: 0.1 ms]
   [Eden: 46080.0K(46080.0K)->0.0B(46080.0K) Survivors: 3072.0K->3072.0K Heap: 234.0M(267.0M)->189.7M(267.0M)]
 [Times: user=0.14 sys=0.00, real=0.01 secs] 
2020-12-18T16:42:12.335+0530: 450938.906: [GC concurrent-string-deduplication, 202.4K->2024.0B(200.4K), avg 59.7%, 0.0011822 secs]
   [Last Exec: 0.0011822 secs, Idle: 680.7935423 secs, Blocked: 0/0.0000000 secs]
      [Inspected:            2851]
         [Skipped:              0(  0.0%)]
         [Hashed:            2721( 95.4%)]
         [Known:               78(  2.7%)]
         [New:               2773( 97.3%)    202.4K]
      [Deduplicated:         2747( 99.1%)    200.4K( 99.0%)]
         [Young:             2747(100.0%)    200.4K(100.0%)]
         [Old:                  0(  0.0%)      0.0B(  0.0%)]
   [Total Exec: 1807/0.8826533 secs, Idle: 1807/450937.5229011 secs, Blocked: 133/0.0943544 secs]
      [Inspected:         2958826]
         [Skipped:              0(  0.0%)]
         [Hashed:         1239419( 41.9%)]
         [Known:           196105(  6.6%)]
         [New:            2762721( 93.4%)    215.0M]
      [Deduplicated:      1937815( 70.1%)    128.3M( 59.7%)]
         [Young:           803909( 41.5%)  62711.4K( 47.7%)]
         [Old:            1133906( 58.5%)  68685.4K( 52.3%)]
   [Table]
      [Memory Usage: 8448.9K]
      [Size: 262144, Min: 1024, Max: 16777216]
      [Entries: 265245, Load: 101.2%, Cached: 7858, Added: 994099, Removed: 728854]
      [Resize Count: 8, Shrink Threshold: 174762(66.7%), Grow Threshold: 524288(200.0%)]
      [Rehash Count: 0, Rehash Threshold: 120, Hash Seed: 0x0]
      [Age Threshold: 3]
   [Queue]
      [Dropped: 0]
[GC concurrent-string-deduplication, deleted 0 entries, 0.0000009 secs]
2020-12-18T16:47:12.543+0530: 451239.113: [GC pause (G1 Evacuation Pause) (young), 0.0078024 secs]
   [Parallel Time: 2.6 ms, GC Workers: 10]
      [GC Worker Start (ms): Min: 451239113.4, Avg: 451239113.6, Max: 451239113.8, Diff: 0.4]
      [Ext Root Scanning (ms): Min: 0.5, Avg: 0.7, Max: 1.9, Diff: 1.4, Sum: 7.5]
      [Update RS (ms): Min: 0.0, Avg: 0.5, Max: 0.8, Diff: 0.8, Sum: 5.0]
         [Processed Buffers: Min: 0, Avg: 5.2, Max: 16, Diff: 16, Sum: 52]
      [Scan RS (ms): Min: 0.0, Avg: 0.0, Max: 0.0, Diff: 0.0, Sum: 0.1]
      [Code Root Scanning (ms): Min: 0.0, Avg: 0.0, Max: 0.0, Diff: 0.0, Sum: 0.0]
      [Object Copy (ms): Min: 0.2, Avg: 0.6, Max: 0.7, Diff: 0.5, Sum: 6.0]
      [Termination (ms): Min: 0.0, Avg: 0.0, Max: 0.0, Diff: 0.0, Sum: 0.0]
         [Termination Attempts: Min: 1, Avg: 1.4, Max: 2, Diff: 1, Sum: 14]
      [GC Worker Other (ms): Min: 0.0, Avg: 0.0, Max: 0.1, Diff: 0.0, Sum: 0.3]
      [GC Worker Total (ms): Min: 1.7, Avg: 1.9, Max: 2.1, Diff: 0.4, Sum: 18.8]
      [GC Worker End (ms): Min: 451239115.5, Avg: 451239115.5, Max: 451239115.5, Diff: 0.0]
   [Code Root Fixup: 0.0 ms]
   [Code Root Purge: 0.0 ms]
   [String Dedup Fixup: 2.5 ms, GC Workers: 10]
      [Queue Fixup (ms): Min: 0.0, Avg: 0.0, Max: 0.0, Diff: 0.0, Sum: 0.0]
      [Table Fixup (ms): Min: 1.9, Avg: 2.0, Max: 2.1, Diff: 0.2, Sum: 19.5]
   [Clear CT: 0.9 ms]
   [Other: 1.7 ms]
      [Choose CSet: 0.0 ms]
      [Ref Proc: 0.7 ms]
      [Ref Enq: 0.0 ms]
      [Redirty Cards: 0.9 ms]
      [Humongous Register: 0.0 ms]
      [Humongous Reclaim: 0.0 ms]
      [Free CSet: 0.0 ms]
   [Eden: 46080.0K(46080.0K)->0.0B(46080.0K) Survivors: 3072.0K->3072.0K Heap: 234.7M(267.0M)->189.3M(267.0M)]
 [Times: user=0.06 sys=0.00, real=0.01 secs] 
2020-12-18T16:47:12.552+0530: 451239.122: [GC concurrent-string-deduplication, 225.6K->376.0B(225.2K), avg 59.7%, 0.0005915 secs]
   [Last Exec: 0.0005915 secs, Idle: 300.2154248 secs, Blocked: 0/0.0000000 secs]
      [Inspected:            3154]
         [Skipped:              0(  0.0%)]
         [Hashed:            3119( 98.9%)]
         [Known:               33(  1.0%)]
         [New:               3121( 99.0%)    225.6K]
      [Deduplicated:         3118( 99.9%)    225.2K( 99.8%)]
         [Young:             3118(100.0%)    225.2K(100.0%)]
         [Old:                  0(  0.0%)      0.0B(  0.0%)]
   [Total Exec: 1808/0.8832448 secs, Idle: 1808/451237.7383259 secs, Blocked: 133/0.0943544 secs]
      [Inspected:         2961980]
         [Skipped:              0(  0.0%)]
         [Hashed:         1242538( 41.9%)]
         [Known:           196138(  6.6%)]
         [New:            2765842( 93.4%)    215.2M]
      [Deduplicated:      1940933( 70.2%)    128.5M( 59.7%)]
         [Young:           807027( 41.6%)  62936.6K( 47.8%)]
         [Old:            1133906( 58.4%)  68685.4K( 52.2%)]
   [Table]
      [Memory Usage: 8448.9K]
      [Size: 262144, Min: 1024, Max: 16777216]
      [Entries: 265248, Load: 101.2%, Cached: 7855, Added: 994102, Removed: 728854]
      [Resize Count: 8, Shrink Threshold: 174762(66.7%), Grow Threshold: 524288(200.0%)]
      [Rehash Count: 0, Rehash Threshold: 120, Hash Seed: 0x0]
      [Age Threshold: 3]
   [Queue]
      [Dropped: 0]
[GC concurrent-string-deduplication, deleted 0 entries, 0.0000008 secs]
2020-12-18T16:52:12.691+0530: 451539.263: [GC pause (G1 Evacuation Pause) (young) (initial-mark), 0.0091988 secs]
   [Parallel Time: 3.9 ms, GC Workers: 10]
      [GC Worker Start (ms): Min: 451539262.8, Avg: 451539263.0, Max: 451539263.1, Diff: 0.3]
      [Ext Root Scanning (ms): Min: 1.4, Avg: 1.7, Max: 2.0, Diff: 0.5, Sum: 16.7]
      [Update RS (ms): Min: 0.4, Avg: 0.5, Max: 0.7, Diff: 0.3, Sum: 5.4]
         [Processed Buffers: Min: 2, Avg: 5.7, Max: 13, Diff: 11, Sum: 57]
      [Scan RS (ms): Min: 0.0, Avg: 0.0, Max: 0.0, Diff: 0.0, Sum: 0.0]
      [Code Root Scanning (ms): Min: 0.0, Avg: 0.0, Max: 0.0, Diff: 0.0, Sum: 0.0]
      [Object Copy (ms): Min: 0.4, Avg: 0.6, Max: 0.7, Diff: 0.3, Sum: 5.6]
      [Termination (ms): Min: 0.0, Avg: 0.0, Max: 0.0, Diff: 0.0, Sum: 0.0]
         [Termination Attempts: Min: 1, Avg: 1.0, Max: 1, Diff: 0, Sum: 10]
      [GC Worker Other (ms): Min: 0.0, Avg: 0.0, Max: 0.0, Diff: 0.0, Sum: 0.1]
      [GC Worker Total (ms): Min: 2.7, Avg: 2.8, Max: 3.0, Diff: 0.3, Sum: 27.9]
      [GC Worker End (ms): Min: 451539265.8, Avg: 451539265.8, Max: 451539265.8, Diff: 0.0]
   [Code Root Fixup: 0.0 ms]
   [Code Root Purge: 0.0 ms]
   [String Dedup Fixup: 2.4 ms, GC Workers: 10]
      [Queue Fixup (ms): Min: 0.0, Avg: 0.0, Max: 0.0, Diff: 0.0, Sum: 0.0]
      [Table Fixup (ms): Min: 1.8, Avg: 1.9, Max: 2.0, Diff: 0.2, Sum: 19.2]
   [Clear CT: 0.8 ms]
   [Other: 2.1 ms]
      [Choose CSet: 0.0 ms]
      [Ref Proc: 1.2 ms]
      [Ref Enq: 0.0 ms]
      [Redirty Cards: 0.6 ms]
      [Humongous Register: 0.0 ms]
      [Humongous Reclaim: 0.0 ms]
      [Free CSet: 0.0 ms]
   [Eden: 46080.0K(46080.0K)->0.0B(46080.0K) Survivors: 3072.0K->3072.0K Heap: 234.3M(267.0M)->189.6M(267.0M)]
 [Times: user=0.00 sys=0.00, real=0.01 secs] 
2020-12-18T16:52:12.701+0530: 451539.272: [GC concurrent-root-region-scan-start]
2020-12-18T16:52:12.701+0530: 451539.272: [GC concurrent-string-deduplication, 264.0B->264.0B(0.0B), avg 59.7%, 0.0000071 secs]
   [Last Exec: 0.0000071 secs, Idle: 300.1499436 secs, Blocked: 0/0.0000000 secs]
      [Inspected:               7]
         [Skipped:              0(  0.0%)]
         [Hashed:               1( 14.3%)]
         [Known:                6( 85.7%)]
         [New:                  1( 14.3%)    264.0B]
      [Deduplicated:            0(  0.0%)      0.0B(  0.0%)]
         [Young:                0(  0.0%)      0.0B(  0.0%)]
         [Old:                  0(  0.0%)      0.0B(  0.0%)]
   [Total Exec: 1809/0.8832519 secs, Idle: 1809/451537.8882695 secs, Blocked: 133/0.0943544 secs]
      [Inspected:         2961987]
         [Skipped:              0(  0.0%)]
         [Hashed:         1242539( 41.9%)]
         [Known:           196144(  6.6%)]
         [New:            2765843( 93.4%)    215.2M]
      [Deduplicated:      1940933( 70.2%)    128.5M( 59.7%)]
         [Young:           807027( 41.6%)  62936.6K( 47.8%)]
         [Old:            1133906( 58.4%)  68685.4K( 52.2%)]
   [Table]
      [Memory Usage: 8448.9K]
      [Size: 262144, Min: 1024, Max: 16777216]
      [Entries: 265268, Load: 101.2%, Cached: 7835, Added: 994126, Removed: 728858]
      [Resize Count: 8, Shrink Threshold: 174762(66.7%), Grow Threshold: 524288(200.0%)]
      [Rehash Count: 0, Rehash Threshold: 120, Hash Seed: 0x0]
      [Age Threshold: 3]
   [Queue]
      [Dropped: 0]
[GC concurrent-string-deduplication, deleted 0 entries, 0.0000007 secs]
2020-12-18T16:52:12.704+0530: 451539.275: [GC concurrent-root-region-scan-end, 0.0027867 secs]
2020-12-18T16:52:12.704+0530: 451539.275: [GC concurrent-mark-start]
2020-12-18T16:52:12.807+0530: 451539.377: [GC concurrent-mark-end, 0.1025229 secs]
2020-12-18T16:52:12.807+0530: 451539.378: [GC remark 2020-12-18T16:52:12.807+0530: 451539.378: [Finalize Marking, 0.0006033 secs] 2020-12-18T16:52:12.808+0530: 451539.378: [GC ref-proc, 0.0005615 secs] 2020-12-18T16:52:12.808+0530: 451539.379: [Unloading, 0.0229519 secs], 0.0250854 secs]
 [Times: user=0.31 sys=0.00, real=0.03 secs] 
2020-12-18T16:52:12.833+0530: 451539.403: [GC cleanup 212M->212M(267M), 0.0042613 secs]
 [Times: user=0.00 sys=0.00, real=0.00 secs] 
2020-12-18T16:53:49.091+0530: 451635.662: [GC pause (G1 Evacuation Pause) (young), 0.0340870 secs]
   [Parallel Time: 30.2 ms, GC Workers: 10]
      [GC Worker Start (ms): Min: 451635662.2, Avg: 451635662.3, Max: 451635662.4, Diff: 0.2]
      [Ext Root Scanning (ms): Min: 0.7, Avg: 2.6, Max: 18.6, Diff: 18.0, Sum: 26.2]
      [Update RS (ms): Min: 0.0, Avg: 0.6, Max: 1.3, Diff: 1.3, Sum: 6.0]
         [Processed Buffers: Min: 0, Avg: 5.1, Max: 10, Diff: 10, Sum: 51]
      [Scan RS (ms): Min: 0.0, Avg: 0.0, Max: 0.0, Diff: 0.0, Sum: 0.0]
      [Code Root Scanning (ms): Min: 0.0, Avg: 0.0, Max: 0.0, Diff: 0.0, Sum: 0.0]
      [Object Copy (ms): Min: 0.1, Avg: 0.8, Max: 1.2, Diff: 1.0, Sum: 7.8]
      [Termination (ms): Min: 0.0, Avg: 22.2, Max: 27.1, Diff: 27.1, Sum: 222.1]
         [Termination Attempts: Min: 1, Avg: 1.3, Max: 3, Diff: 2, Sum: 13]
      [GC Worker Other (ms): Min: 0.0, Avg: 0.0, Max: 0.1, Diff: 0.1, Sum: 0.4]
      [GC Worker Total (ms): Min: 18.7, Avg: 26.3, Max: 29.5, Diff: 10.8, Sum: 262.5]
      [GC Worker End (ms): Min: 451635681.1, Avg: 451635688.6, Max: 451635691.8, Diff: 10.7]
   [Code Root Fixup: 0.0 ms]
   [Code Root Purge: 0.0 ms]
   [String Dedup Fixup: 2.6 ms, GC Workers: 10]
      [Queue Fixup (ms): Min: 0.0, Avg: 0.0, Max: 0.0, Diff: 0.0, Sum: 0.0]
      [Table Fixup (ms): Min: 0.4, Avg: 2.1, Max: 2.5, Diff: 2.1, Sum: 20.7]
   [Clear CT: 0.4 ms]
   [Other: 0.8 ms]
      [Choose CSet: 0.0 ms]
      [Ref Proc: 0.3 ms]
      [Ref Enq: 0.0 ms]
      [Redirty Cards: 0.3 ms]
      [Humongous Register: 0.0 ms]
      [Humongous Reclaim: 0.0 ms]
      [Free CSet: 0.0 ms]
   [Eden: 46080.0K(46080.0K)->0.0B(10240.0K) Survivors: 3072.0K->3072.0K Heap: 234.6M(267.0M)->189.2M(267.0M)]
 [Times: user=0.20 sys=0.00, real=0.03 secs] 
2020-12-18T16:53:49.125+0530: 451635.696: [GC concurrent-string-deduplication, 264.0B->264.0B(0.0B), avg 59.7%, 0.0000038 secs]
   [Last Exec: 0.0000038 secs, Idle: 96.4244441 secs, Blocked: 0/0.0000000 secs]
      [Inspected:               1]
         [Skipped:              0(  0.0%)]
         [Hashed:               1(100.0%)]
         [Known:                0(  0.0%)]
         [New:                  1(100.0%)    264.0B]
      [Deduplicated:            0(  0.0%)      0.0B(  0.0%)]
         [Young:                0(  0.0%)      0.0B(  0.0%)]
         [Old:                  0(  0.0%)      0.0B(  0.0%)]
   [Total Exec: 1810/0.8832557 secs, Idle: 1810/451634.3127136 secs, Blocked: 133/0.0943544 secs]
      [Inspected:         2961988]
         [Skipped:              0(  0.0%)]
         [Hashed:         1242540( 41.9%)]
         [Known:           196144(  6.6%)]
         [New:            2765844( 93.4%)    215.2M]
      [Deduplicated:      1940933( 70.2%)    128.5M( 59.7%)]
         [Young:           807027( 41.6%)  62936.6K( 47.8%)]
         [Old:            1133906( 58.4%)  68685.4K( 52.2%)]
   [Table]
      [Memory Usage: 8448.9K]
      [Size: 262144, Min: 1024, Max: 16777216]
      [Entries: 265198, Load: 101.2%, Cached: 7905, Added: 994176, Removed: 728978]
      [Resize Count: 8, Shrink Threshold: 174762(66.7%), Grow Threshold: 524288(200.0%)]
      [Rehash Count: 0, Rehash Threshold: 120, Hash Seed: 0x0]
      [Age Threshold: 3]
   [Queue]
      [Dropped: 0]
[GC concurrent-string-deduplication, deleted 0 entries, 0.0000011 secs]
2020-12-18T16:53:49.181+0530: 451635.752: [GC pause (G1 Evacuation Pause) (mixed), 0.0125182 secs]
   [Parallel Time: 7.8 ms, GC Workers: 10]
      [GC Worker Start (ms): Min: 451635751.8, Avg: 451635751.8, Max: 451635751.9, Diff: 0.1]
      [Ext Root Scanning (ms): Min: 0.6, Avg: 1.5, Max: 4.1, Diff: 3.6, Sum: 14.9]
      [Update RS (ms): Min: 0.0, Avg: 0.2, Max: 0.7, Diff: 0.7, Sum: 2.2]
         [Processed Buffers: Min: 0, Avg: 1.6, Max: 6, Diff: 6, Sum: 16]
      [Scan RS (ms): Min: 0.0, Avg: 0.9, Max: 1.3, Diff: 1.3, Sum: 9.4]
      [Code Root Scanning (ms): Min: 0.0, Avg: 0.1, Max: 0.6, Diff: 0.6, Sum: 0.6]
      [Object Copy (ms): Min: 3.2, Avg: 4.6, Max: 5.3, Diff: 2.1, Sum: 45.9]
      [Termination (ms): Min: 0.0, Avg: 0.0, Max: 0.1, Diff: 0.1, Sum: 0.4]
         [Termination Attempts: Min: 1, Avg: 5.8, Max: 10, Diff: 9, Sum: 58]
      [GC Worker Other (ms): Min: 0.0, Avg: 0.0, Max: 0.0, Diff: 0.0, Sum: 0.1]
      [GC Worker Total (ms): Min: 7.3, Avg: 7.4, Max: 7.4, Diff: 0.1, Sum: 73.5]
      [GC Worker End (ms): Min: 451635759.2, Avg: 451635759.2, Max: 451635759.2, Diff: 0.0]
   [Code Root Fixup: 0.0 ms]
   [Code Root Purge: 0.0 ms]
   [String Dedup Fixup: 3.1 ms, GC Workers: 10]
      [Queue Fixup (ms): Min: 0.0, Avg: 0.0, Max: 0.0, Diff: 0.0, Sum: 0.0]
      [Table Fixup (ms): Min: 1.6, Avg: 2.5, Max: 2.8, Diff: 1.2, Sum: 25.3]
   [Clear CT: 0.5 ms]
   [Other: 1.0 ms]
      [Choose CSet: 0.0 ms]
      [Ref Proc: 0.4 ms]
      [Ref Enq: 0.0 ms]
      [Redirty Cards: 0.2 ms]
      [Humongous Register: 0.0 ms]
      [Humongous Reclaim: 0.0 ms]
      [Free CSet: 0.2 ms]
   [Eden: 10240.0K(10240.0K)->0.0B(48128.0K) Survivors: 3072.0K->2048.0K Heap: 199.2M(267.0M)->189.3M(267.0M)]
 [Times: user=0.02 sys=0.02, real=0.01 secs] 
2020-12-18T16:53:49.193+0530: 451635.764: [GC concurrent-string-deduplication, 2728.0B->2144.0B(584.0B), avg 59.7%, 0.0000559 secs]
   [Last Exec: 0.0000559 secs, Idle: 0.0678950 secs, Blocked: 0/0.0000000 secs]
      [Inspected:              46]
         [Skipped:              0(  0.0%)]
         [Hashed:              17( 37.0%)]
         [Known:               24( 52.2%)]
         [New:                 22( 47.8%)   2728.0B]
      [Deduplicated:           12( 54.5%)    584.0B( 21.4%)]
         [Young:               12(100.0%)    584.0B(100.0%)]
         [Old:                  0(  0.0%)      0.0B(  0.0%)]
   [Total Exec: 1811/0.8833116 secs, Idle: 1811/451634.3806086 secs, Blocked: 133/0.0943544 secs]
      [Inspected:         2962034]
         [Skipped:              0(  0.0%)]
         [Hashed:         1242557( 41.9%)]
         [Known:           196168(  6.6%)]
         [New:            2765866( 93.4%)    215.2M]
      [Deduplicated:      1940945( 70.2%)    128.5M( 59.7%)]
         [Young:           807039( 41.6%)  62937.2K( 47.8%)]
         [Old:            1133906( 58.4%)  68685.4K( 52.2%)]
   [Table]
      [Memory Usage: 8448.9K]
      [Size: 262144, Min: 1024, Max: 16777216]
      [Entries: 265198, Load: 101.2%, Cached: 7905, Added: 994186, Removed: 728988]
      [Resize Count: 8, Shrink Threshold: 174762(66.7%), Grow Threshold: 524288(200.0%)]
      [Rehash Count: 0, Rehash Threshold: 120, Hash Seed: 0x0]
      [Age Threshold: 3]
   [Queue]
      [Dropped: 0]
[GC concurrent-string-deduplication, deleted 0 entries, 0.0000017 secs]
2020-12-18T16:53:49.198+0530: 451635.770: [GC pause (G1 Humongous Allocation) (young) (initial-mark), 0.0094677 secs]
   [Parallel Time: 5.4 ms, GC Workers: 10]
      [GC Worker Start (ms): Min: 451635769.8, Avg: 451635769.8, Max: 451635769.9, Diff: 0.1]
      [Ext Root Scanning (ms): Min: 2.2, Avg: 2.3, Max: 2.4, Diff: 0.3, Sum: 22.6]
      [Update RS (ms): Min: 2.2, Avg: 2.5, Max: 2.7, Diff: 0.5, Sum: 24.6]
         [Processed Buffers: Min: 3, Avg: 4.1, Max: 6, Diff: 3, Sum: 41]
      [Scan RS (ms): Min: 0.0, Avg: 0.0, Max: 0.0, Diff: 0.0, Sum: 0.0]
      [Code Root Scanning (ms): Min: 0.0, Avg: 0.0, Max: 0.0, Diff: 0.0, Sum: 0.0]
      [Object Copy (ms): Min: 0.2, Avg: 0.5, Max: 0.8, Diff: 0.6, Sum: 5.1]
      [Termination (ms): Min: 0.0, Avg: 0.0, Max: 0.0, Diff: 0.0, Sum: 0.0]
         [Termination Attempts: Min: 1, Avg: 2.9, Max: 5, Diff: 4, Sum: 29]
      [GC Worker Other (ms): Min: 0.0, Avg: 0.0, Max: 0.0, Diff: 0.0, Sum: 0.1]
      [GC Worker Total (ms): Min: 5.2, Avg: 5.2, Max: 5.3, Diff: 0.1, Sum: 52.4]
      [GC Worker End (ms): Min: 451635775.1, Avg: 451635775.1, Max: 451635775.1, Diff: 0.0]
   [Code Root Fixup: 0.0 ms]
   [Code Root Purge: 0.0 ms]
   [String Dedup Fixup: 2.4 ms, GC Workers: 10]
      [Queue Fixup (ms): Min: 0.0, Avg: 0.0, Max: 0.0, Diff: 0.0, Sum: 0.0]
      [Table Fixup (ms): Min: 2.0, Avg: 2.1, Max: 2.2, Diff: 0.2, Sum: 21.1]
   [Clear CT: 0.5 ms]
   [Other: 1.0 ms]
      [Choose CSet: 0.0 ms]
      [Ref Proc: 0.3 ms]
      [Ref Enq: 0.0 ms]
      [Redirty Cards: 0.5 ms]
      [Humongous Register: 0.0 ms]
      [Humongous Reclaim: 0.0 ms]
      [Free CSet: 0.0 ms]
   [Eden: 2048.0K(48128.0K)->0.0B(48128.0K) Survivors: 2048.0K->2048.0K Heap: 191.1M(267.0M)->188.6M(267.0M)]
 [Times: user=0.13 sys=0.02, real=0.01 secs] 
2020-12-18T16:53:49.208+0530: 451635.779: [GC concurrent-root-region-scan-start]
2020-12-18T16:53:49.209+0530: 451635.780: [GC concurrent-string-deduplication, 43416.0B->5024.0B(38392.0B), avg 59.7%, 0.0004136 secs]
   [Last Exec: 0.0004136 secs, Idle: 0.0147109 secs, Blocked: 0/0.0000000 secs]
      [Inspected:            1170]
         [Skipped:              0(  0.0%)]
         [Hashed:             470( 40.2%)]
         [Known:               77(  6.6%)]
         [New:               1093( 93.4%)  43416.0B]
      [Deduplicated:         1027( 94.0%)  38392.0B( 88.4%)]
         [Young:             1027(100.0%)  38392.0B(100.0%)]
         [Old:                  0(  0.0%)      0.0B(  0.0%)]
   [Total Exec: 1812/0.8837252 secs, Idle: 1812/451634.3953195 secs, Blocked: 133/0.0943544 secs]
      [Inspected:         2963204]
         [Skipped:              0(  0.0%)]
         [Hashed:         1243027( 41.9%)]
         [Known:           196245(  6.6%)]
         [New:            2766959( 93.4%)    215.2M]
      [Deduplicated:      1941972( 70.2%)    128.6M( 59.7%)]
         [Young:           808066( 41.6%)  62974.7K( 47.8%)]
         [Old:            1133906( 58.4%)  68685.4K( 52.2%)]
   [Table]
      [Memory Usage: 8448.9K]
      [Size: 262144, Min: 1024, Max: 16777216]
      [Entries: 265264, Load: 101.2%, Cached: 7839, Added: 994252, Removed: 728988]
      [Resize Count: 8, Shrink Threshold: 174762(66.7%), Grow Threshold: 524288(200.0%)]
      [Rehash Count: 0, Rehash Threshold: 120, Hash Seed: 0x0]
      [Age Threshold: 3]
   [Queue]
      [Dropped: 0]
[GC concurrent-string-deduplication, deleted 0 entries, 0.0000010 secs]
2020-12-18T16:53:49.211+0530: 451635.782: [GC concurrent-root-region-scan-end, 0.0024167 secs]
2020-12-18T16:53:49.211+0530: 451635.782: [GC concurrent-mark-start]
2020-12-18T16:53:49.346+0530: 451635.917: [GC concurrent-mark-end, 0.1353505 secs]
2020-12-18T16:53:49.347+0530: 451635.918: [GC remark 2020-12-18T16:53:49.347+0530: 451635.918: [Finalize Marking, 0.0001915 secs] 2020-12-18T16:53:49.347+0530: 451635.918: [GC ref-proc, 0.0010221 secs] 2020-12-18T16:53:49.348+0530: 451635.919: [Unloading, 0.0312507 secs], 0.0334171 secs]
 [Times: user=0.25 sys=0.00, real=0.03 secs] 
2020-12-18T16:53:49.381+0530: 451635.952: [GC cleanup 194M->194M(267M), 0.0025636 secs]
 [Times: user=0.00 sys=0.00, real=0.00 secs] 
2020-12-18T16:57:12.861+0530: 451839.431: [GC pause (G1 Evacuation Pause) (young), 0.0109740 secs]
   [Parallel Time: 6.0 ms, GC Workers: 10]
      [GC Worker Start (ms): Min: 451839431.4, Avg: 451839431.8, Max: 451839432.1, Diff: 0.7]
      [Ext Root Scanning (ms): Min: 2.1, Avg: 2.4, Max: 3.1, Diff: 1.0, Sum: 24.1]
      [Update RS (ms): Min: 1.8, Avg: 1.9, Max: 2.2, Diff: 0.4, Sum: 19.3]
         [Processed Buffers: Min: 3, Avg: 7.0, Max: 16, Diff: 13, Sum: 70]
      [Scan RS (ms): Min: 0.0, Avg: 0.0, Max: 0.0, Diff: 0.0, Sum: 0.0]
      [Code Root Scanning (ms): Min: 0.0, Avg: 0.0, Max: 0.0, Diff: 0.0, Sum: 0.0]
      [Object Copy (ms): Min: 0.1, Avg: 0.6, Max: 0.8, Diff: 0.7, Sum: 5.9]
      [Termination (ms): Min: 0.0, Avg: 0.1, Max: 0.1, Diff: 0.1, Sum: 0.7]
         [Termination Attempts: Min: 1, Avg: 2.5, Max: 4, Diff: 3, Sum: 25]
      [GC Worker Other (ms): Min: 0.0, Avg: 0.0, Max: 0.0, Diff: 0.0, Sum: 0.2]
      [GC Worker Total (ms): Min: 4.7, Avg: 5.0, Max: 5.4, Diff: 0.7, Sum: 50.2]
      [GC Worker End (ms): Min: 451839436.8, Avg: 451839436.8, Max: 451839436.8, Diff: 0.0]
   [Code Root Fixup: 0.0 ms]
   [Code Root Purge: 0.0 ms]
   [String Dedup Fixup: 2.6 ms, GC Workers: 10]
      [Queue Fixup (ms): Min: 0.0, Avg: 0.0, Max: 0.0, Diff: 0.0, Sum: 0.0]
      [Table Fixup (ms): Min: 1.9, Avg: 2.0, Max: 2.1, Diff: 0.2, Sum: 19.6]
   [Clear CT: 0.8 ms]
   [Other: 1.6 ms]
      [Choose CSet: 0.0 ms]
      [Ref Proc: 0.4 ms]
      [Ref Enq: 0.0 ms]
      [Redirty Cards: 0.7 ms]
      [Humongous Register: 0.1 ms]
      [Humongous Reclaim: 0.0 ms]
      [Free CSet: 0.0 ms]
   [Eden: 48128.0K(48128.0K)->0.0B(48128.0K) Survivors: 2048.0K->2048.0K Heap: 237.2M(267.0M)->188.7M(267.0M)]
 [Times: user=0.00 sys=0.00, real=0.01 secs] 
2020-12-18T16:57:12.871+0530: 451839.442: [GC concurrent-string-deduplication, 8456.0B->0.0B(8456.0B), avg 59.7%, 0.0000349 secs]
   [Last Exec: 0.0000349 secs, Idle: 203.6625732 secs, Blocked: 0/0.0000000 secs]
      [Inspected:             108]
         [Skipped:              0(  0.0%)]
         [Hashed:              86( 79.6%)]
         [Known:                0(  0.0%)]
         [New:                108(100.0%)   8456.0B]
      [Deduplicated:          108(100.0%)   8456.0B(100.0%)]
         [Young:              108(100.0%)   8456.0B(100.0%)]
         [Old:                  0(  0.0%)      0.0B(  0.0%)]
   [Total Exec: 1813/0.8837601 secs, Idle: 1813/451838.0578927 secs, Blocked: 133/0.0943544 secs]
      [Inspected:         2963312]
         [Skipped:              0(  0.0%)]
         [Hashed:         1243113( 42.0%)]
         [Known:           196245(  6.6%)]
         [New:            2767067( 93.4%)    215.2M]
      [Deduplicated:      1942080( 70.2%)    128.6M( 59.7%)]
         [Young:           808174( 41.6%)  62982.9K( 47.8%)]
         [Old:            1133906( 58.4%)  68685.4K( 52.2%)]
   [Table]
      [Memory Usage: 8448.9K]
      [Size: 262144, Min: 1024, Max: 16777216]
      [Entries: 265032, Load: 101.1%, Cached: 8071, Added: 994436, Removed: 729404]
      [Resize Count: 8, Shrink Threshold: 174762(66.7%), Grow Threshold: 524288(200.0%)]
      [Rehash Count: 0, Rehash Threshold: 120, Hash Seed: 0x0]
      [Age Threshold: 3]
   [Queue]
      [Dropped: 0]
[GC concurrent-string-deduplication, deleted 0 entries, 0.0000006 secs]
2020-12-18T17:02:13.059+0530: 452139.630: [GC pause (G1 Evacuation Pause) (young), 0.0071357 secs]
   [Parallel Time: 2.4 ms, GC Workers: 10]
      [GC Worker Start (ms): Min: 452139630.2, Avg: 452139630.4, Max: 452139630.5, Diff: 0.3]
      [Ext Root Scanning (ms): Min: 0.5, Avg: 0.7, Max: 1.9, Diff: 1.3, Sum: 7.5]
      [Update RS (ms): Min: 0.0, Avg: 0.5, Max: 0.8, Diff: 0.8, Sum: 4.8]
         [Processed Buffers: Min: 0, Avg: 5.7, Max: 15, Diff: 15, Sum: 57]
      [Scan RS (ms): Min: 0.0, Avg: 0.0, Max: 0.0, Diff: 0.0, Sum: 0.0]
      [Code Root Scanning (ms): Min: 0.0, Avg: 0.0, Max: 0.0, Diff: 0.0, Sum: 0.0]
      [Object Copy (ms): Min: 0.0, Avg: 0.4, Max: 0.5, Diff: 0.5, Sum: 3.8]
      [Termination (ms): Min: 0.0, Avg: 0.1, Max: 0.1, Diff: 0.1, Sum: 0.9]
         [Termination Attempts: Min: 1, Avg: 1.7, Max: 3, Diff: 2, Sum: 17]
      [GC Worker Other (ms): Min: 0.0, Avg: 0.0, Max: 0.0, Diff: 0.0, Sum: 0.1]
      [GC Worker Total (ms): Min: 1.6, Avg: 1.7, Max: 1.9, Diff: 0.2, Sum: 17.1]
      [GC Worker End (ms): Min: 452139632.1, Avg: 452139632.1, Max: 452139632.1, Diff: 0.0]
   [Code Root Fixup: 0.0 ms]
   [Code Root Purge: 0.0 ms]
   [String Dedup Fixup: 2.5 ms, GC Workers: 10]
      [Queue Fixup (ms): Min: 0.0, Avg: 0.0, Max: 0.0, Diff: 0.0, Sum: 0.0]
      [Table Fixup (ms): Min: 1.7, Avg: 1.8, Max: 2.0, Diff: 0.3, Sum: 18.3]
   [Clear CT: 0.8 ms]
   [Other: 1.5 ms]
      [Choose CSet: 0.0 ms]
      [Ref Proc: 0.4 ms]
      [Ref Enq: 0.0 ms]
      [Redirty Cards: 0.9 ms]
      [Humongous Register: 0.0 ms]
      [Humongous Reclaim: 0.0 ms]
      [Free CSet: 0.0 ms]
   [Eden: 48128.0K(48128.0K)->0.0B(48128.0K) Survivors: 2048.0K->2048.0K Heap: 235.7M(267.0M)->188.8M(267.0M)]
 [Times: user=0.08 sys=0.00, real=0.01 secs] 
2020-12-18T17:02:13.067+0530: 452139.637: [GC concurrent-string-deduplication, 480.0B->0.0B(480.0B), avg 59.7%, 0.0000084 secs]
   [Last Exec: 0.0000084 secs, Idle: 300.1951114 secs, Blocked: 0/0.0000000 secs]
      [Inspected:              20]
         [Skipped:              0(  0.0%)]
         [Hashed:              10( 50.0%)]
         [Known:                0(  0.0%)]
         [New:                 20(100.0%)    480.0B]
      [Deduplicated:           20(100.0%)    480.0B(100.0%)]
         [Young:               20(100.0%)    480.0B(100.0%)]
         [Old:                  0(  0.0%)      0.0B(  0.0%)]
   [Total Exec: 1814/0.8837685 secs, Idle: 1814/452138.2530041 secs, Blocked: 133/0.0943544 secs]
      [Inspected:         2963332]
         [Skipped:              0(  0.0%)]
         [Hashed:         1243123( 42.0%)]
         [Known:           196245(  6.6%)]
         [New:            2767087( 93.4%)    215.2M]
      [Deduplicated:      1942100( 70.2%)    128.6M( 59.7%)]
         [Young:           808194( 41.6%)  62983.4K( 47.8%)]
         [Old:            1133906( 58.4%)  68685.4K( 52.2%)]
   [Table]
      [Memory Usage: 8448.9K]
      [Size: 262144, Min: 1024, Max: 16777216]
      [Entries: 265033, Load: 101.1%, Cached: 8070, Added: 994437, Removed: 729404]
      [Resize Count: 8, Shrink Threshold: 174762(66.7%), Grow Threshold: 524288(200.0%)]
      [Rehash Count: 0, Rehash Threshold: 120, Hash Seed: 0x0]
      [Age Threshold: 3]
   [Queue]
      [Dropped: 0]
[GC concurrent-string-deduplication, deleted 0 entries, 0.0000009 secs]
2020-12-18T17:07:13.227+0530: 452439.798: [GC pause (G1 Evacuation Pause) (young) (initial-mark), 0.0081218 secs]
   [Parallel Time: 3.5 ms, GC Workers: 10]
      [GC Worker Start (ms): Min: 452439798.0, Avg: 452439798.2, Max: 452439798.3, Diff: 0.3]
      [Ext Root Scanning (ms): Min: 1.5, Avg: 1.7, Max: 1.8, Diff: 0.3, Sum: 16.7]
      [Update RS (ms): Min: 0.3, Avg: 0.5, Max: 0.8, Diff: 0.5, Sum: 5.2]
         [Processed Buffers: Min: 1, Avg: 5.5, Max: 17, Diff: 16, Sum: 55]
      [Scan RS (ms): Min: 0.0, Avg: 0.0, Max: 0.0, Diff: 0.0, Sum: 0.0]
      [Code Root Scanning (ms): Min: 0.0, Avg: 0.0, Max: 0.0, Diff: 0.0, Sum: 0.0]
      [Object Copy (ms): Min: 0.2, Avg: 0.5, Max: 0.6, Diff: 0.4, Sum: 4.6]
      [Termination (ms): Min: 0.0, Avg: 0.0, Max: 0.0, Diff: 0.0, Sum: 0.4]
         [Termination Attempts: Min: 1, Avg: 5.3, Max: 9, Diff: 8, Sum: 53]
      [GC Worker Other (ms): Min: 0.0, Avg: 0.0, Max: 0.0, Diff: 0.0, Sum: 0.1]
      [GC Worker Total (ms): Min: 2.6, Avg: 2.7, Max: 2.9, Diff: 0.3, Sum: 27.1]
      [GC Worker End (ms): Min: 452439800.9, Avg: 452439800.9, Max: 452439800.9, Diff: 0.0]
   [Code Root Fixup: 0.0 ms]
   [Code Root Purge: 0.0 ms]
   [String Dedup Fixup: 2.2 ms, GC Workers: 10]
      [Queue Fixup (ms): Min: 0.0, Avg: 0.0, Max: 0.0, Diff: 0.0, Sum: 0.0]
      [Table Fixup (ms): Min: 1.9, Avg: 1.9, Max: 2.1, Diff: 0.2, Sum: 19.4]
   [Clear CT: 1.0 ms]
   [Other: 1.5 ms]
      [Choose CSet: 0.0 ms]
      [Ref Proc: 0.6 ms]
      [Ref Enq: 0.0 ms]
      [Redirty Cards: 0.7 ms]
      [Humongous Register: 0.0 ms]
      [Humongous Reclaim: 0.0 ms]
      [Free CSet: 0.0 ms]
   [Eden: 48128.0K(48128.0K)->0.0B(48128.0K) Survivors: 2048.0K->2048.0K Heap: 235.8M(267.0M)->188.6M(267.0M)]
 [Times: user=0.00 sys=0.00, real=0.01 secs] 
2020-12-18T17:07:13.235+0530: 452439.806: [GC concurrent-root-region-scan-start]
2020-12-18T17:07:13.235+0530: 452439.806: [GC concurrent-string-deduplication, 15112.0B->1880.0B(13232.0B), avg 59.7%, 0.0001484 secs]
   [Last Exec: 0.0001484 secs, Idle: 300.1686511 secs, Blocked: 0/0.0000000 secs]
      [Inspected:             436]
         [Skipped:              0(  0.0%)]
         [Hashed:              63( 14.4%)]
         [Known:              206( 47.2%)]
         [New:                230( 52.8%)  15112.0B]
      [Deduplicated:          218( 94.8%)  13232.0B( 87.6%)]
         [Young:              218(100.0%)  13232.0B(100.0%)]
         [Old:                  0(  0.0%)      0.0B(  0.0%)]
   [Total Exec: 1815/0.8839169 secs, Idle: 1815/452438.4216552 secs, Blocked: 133/0.0943544 secs]
      [Inspected:         2963768]
         [Skipped:              0(  0.0%)]
         [Hashed:         1243186( 41.9%)]
         [Known:           196451(  6.6%)]
         [New:            2767317( 93.4%)    215.2M]
      [Deduplicated:      1942318( 70.2%)    128.6M( 59.7%)]
         [Young:           808412( 41.6%)  62996.3K( 47.8%)]
         [Old:            1133906( 58.4%)  68685.4K( 52.2%)]
   [Table]
      [Memory Usage: 8448.9K]
      [Size: 262144, Min: 1024, Max: 16777216]
      [Entries: 265046, Load: 101.1%, Cached: 8057, Added: 994450, Removed: 729404]
      [Resize Count: 8, Shrink Threshold: 174762(66.7%), Grow Threshold: 524288(200.0%)]
      [Rehash Count: 0, Rehash Threshold: 120, Hash Seed: 0x0]
      [Age Threshold: 3]
   [Queue]
      [Dropped: 0]
[GC concurrent-string-deduplication, deleted 0 entries, 0.0000008 secs]
2020-12-18T17:07:13.237+0530: 452439.808: [GC concurrent-root-region-scan-end, 0.0022404 secs]
2020-12-18T17:07:13.237+0530: 452439.808: [GC concurrent-mark-start]
2020-12-18T17:07:13.321+0530: 452439.892: [GC concurrent-mark-end, 0.0833252 secs]
2020-12-18T17:07:13.321+0530: 452439.892: [GC remark 2020-12-18T17:07:13.321+0530: 452439.892: [Finalize Marking, 0.0006975 secs] 2020-12-18T17:07:13.322+0530: 452439.893: [GC ref-proc, 0.0005226 secs] 2020-12-18T17:07:13.322+0530: 452439.893: [Unloading, 0.0217909 secs], 0.0240451 secs]
 [Times: user=0.31 sys=0.00, real=0.02 secs] 
2020-12-18T17:07:13.349+0530: 452439.920: [GC cleanup 204M->204M(267M), 0.0039566 secs]
 [Times: user=0.00 sys=0.00, real=0.00 secs] 
2020-12-18T17:10:20.862+0530: 452627.433: [GC pause (G1 Evacuation Pause) (young), 0.0061144 secs]
   [Parallel Time: 2.3 ms, GC Workers: 10]
      [GC Worker Start (ms): Min: 452627433.0, Avg: 452627433.1, Max: 452627433.1, Diff: 0.2]
      [Ext Root Scanning (ms): Min: 0.6, Avg: 0.9, Max: 1.8, Diff: 1.2, Sum: 8.8]
      [Update RS (ms): Min: 0.0, Avg: 0.6, Max: 1.1, Diff: 1.0, Sum: 6.1]
         [Processed Buffers: Min: 0, Avg: 6.4, Max: 15, Diff: 15, Sum: 64]
      [Scan RS (ms): Min: 0.0, Avg: 0.0, Max: 0.0, Diff: 0.0, Sum: 0.0]
      [Code Root Scanning (ms): Min: 0.0, Avg: 0.0, Max: 0.0, Diff: 0.0, Sum: 0.0]
      [Object Copy (ms): Min: 0.2, Avg: 0.4, Max: 0.6, Diff: 0.4, Sum: 4.2]
      [Termination (ms): Min: 0.0, Avg: 0.0, Max: 0.0, Diff: 0.0, Sum: 0.0]
         [Termination Attempts: Min: 1, Avg: 1.0, Max: 1, Diff: 0, Sum: 10]
      [GC Worker Other (ms): Min: 0.0, Avg: 0.0, Max: 0.1, Diff: 0.1, Sum: 0.2]
      [GC Worker Total (ms): Min: 1.9, Avg: 1.9, Max: 2.0, Diff: 0.2, Sum: 19.4]
      [GC Worker End (ms): Min: 452627435.0, Avg: 452627435.0, Max: 452627435.1, Diff: 0.1]
   [Code Root Fixup: 0.0 ms]
   [Code Root Purge: 0.0 ms]
   [String Dedup Fixup: 2.5 ms, GC Workers: 10]
      [Queue Fixup (ms): Min: 0.0, Avg: 0.0, Max: 0.0, Diff: 0.0, Sum: 0.0]
      [Table Fixup (ms): Min: 2.1, Avg: 2.2, Max: 2.3, Diff: 0.2, Sum: 21.7]
   [Clear CT: 0.4 ms]
   [Other: 0.9 ms]
      [Choose CSet: 0.0 ms]
      [Ref Proc: 0.4 ms]
      [Ref Enq: 0.0 ms]
      [Redirty Cards: 0.4 ms]
      [Humongous Register: 0.0 ms]
      [Humongous Reclaim: 0.0 ms]
      [Free CSet: 0.0 ms]
   [Eden: 48128.0K(48128.0K)->0.0B(11264.0K) Survivors: 2048.0K->2048.0K Heap: 235.6M(267.0M)->188.7M(267.0M)]
 [Times: user=0.00 sys=0.00, real=0.01 secs] 
2020-12-18T17:10:20.868+0530: 452627.439: [GC concurrent-string-deduplication, 264.0B->264.0B(0.0B), avg 59.7%, 0.0000047 secs]
   [Last Exec: 0.0000047 secs, Idle: 187.6328218 secs, Blocked: 0/0.0000000 secs]
      [Inspected:               2]
         [Skipped:              0(  0.0%)]
         [Hashed:               1( 50.0%)]
         [Known:                1( 50.0%)]
         [New:                  1( 50.0%)    264.0B]
      [Deduplicated:            0(  0.0%)      0.0B(  0.0%)]
         [Young:                0(  0.0%)      0.0B(  0.0%)]
         [Old:                  0(  0.0%)      0.0B(  0.0%)]
   [Total Exec: 1816/0.8839216 secs, Idle: 1816/452626.0544770 secs, Blocked: 133/0.0943544 secs]
      [Inspected:         2963770]
         [Skipped:              0(  0.0%)]
         [Hashed:         1243187( 41.9%)]
         [Known:           196452(  6.6%)]
         [New:            2767318( 93.4%)    215.2M]
      [Deduplicated:      1942318( 70.2%)    128.6M( 59.7%)]
         [Young:           808412( 41.6%)  62996.3K( 47.8%)]
         [Old:            1133906( 58.4%)  68685.4K( 52.2%)]
   [Table]
      [Memory Usage: 8448.9K]
      [Size: 262144, Min: 1024, Max: 16777216]
      [Entries: 265089, Load: 101.1%, Cached: 8014, Added: 994502, Removed: 729413]
      [Resize Count: 8, Shrink Threshold: 174762(66.7%), Grow Threshold: 524288(200.0%)]
      [Rehash Count: 0, Rehash Threshold: 120, Hash Seed: 0x0]
      [Age Threshold: 3]
   [Queue]
      [Dropped: 0]
[GC concurrent-string-deduplication, deleted 0 entries, 0.0000010 secs]
2020-12-18T17:10:20.911+0530: 452627.482: [GC pause (G1 Evacuation Pause) (mixed), 0.0074784 secs]
   [Parallel Time: 3.9 ms, GC Workers: 10]
      [GC Worker Start (ms): Min: 452627482.0, Avg: 452627482.1, Max: 452627482.2, Diff: 0.2]
      [Ext Root Scanning (ms): Min: 0.8, Avg: 1.0, Max: 1.8, Diff: 1.0, Sum: 9.9]
      [Update RS (ms): Min: 0.0, Avg: 0.2, Max: 0.8, Diff: 0.8, Sum: 2.2]
         [Processed Buffers: Min: 0, Avg: 1.5, Max: 4, Diff: 4, Sum: 15]
      [Scan RS (ms): Min: 0.0, Avg: 0.1, Max: 0.2, Diff: 0.2, Sum: 1.4]
      [Code Root Scanning (ms): Min: 0.0, Avg: 0.0, Max: 0.0, Diff: 0.0, Sum: 0.0]
      [Object Copy (ms): Min: 1.8, Avg: 2.3, Max: 2.5, Diff: 0.7, Sum: 22.8]
      [Termination (ms): Min: 0.0, Avg: 0.0, Max: 0.0, Diff: 0.0, Sum: 0.0]
         [Termination Attempts: Min: 1, Avg: 6.6, Max: 8, Diff: 7, Sum: 66]
      [GC Worker Other (ms): Min: 0.0, Avg: 0.0, Max: 0.0, Diff: 0.0, Sum: 0.1]
      [GC Worker Total (ms): Min: 3.6, Avg: 3.6, Max: 3.7, Diff: 0.2, Sum: 36.4]
      [GC Worker End (ms): Min: 452627485.7, Avg: 452627485.7, Max: 452627485.7, Diff: 0.0]
   [Code Root Fixup: 0.0 ms]
   [Code Root Purge: 0.0 ms]
   [String Dedup Fixup: 2.5 ms, GC Workers: 10]
      [Queue Fixup (ms): Min: 0.0, Avg: 0.0, Max: 0.0, Diff: 0.0, Sum: 0.0]
      [Table Fixup (ms): Min: 2.1, Avg: 2.2, Max: 2.3, Diff: 0.2, Sum: 22.3]
   [Clear CT: 0.4 ms]
   [Other: 0.7 ms]
      [Choose CSet: 0.0 ms]
      [Ref Proc: 0.3 ms]
      [Ref Enq: 0.0 ms]
      [Redirty Cards: 0.3 ms]
      [Humongous Register: 0.0 ms]
      [Humongous Reclaim: 0.0 ms]
      [Free CSet: 0.0 ms]
   [Eden: 11264.0K(11264.0K)->0.0B(48128.0K) Survivors: 2048.0K->2048.0K Heap: 199.7M(267.0M)->188.5M(267.0M)]
 [Times: user=0.00 sys=0.00, real=0.01 secs] 
2020-12-18T17:10:20.918+0530: 452627.490: [GC concurrent-string-deduplication, 432.0B->432.0B(0.0B), avg 59.7%, 0.0000053 secs]
   [Last Exec: 0.0000053 secs, Idle: 0.0503618 secs, Blocked: 0/0.0000000 secs]
      [Inspected:               3]
         [Skipped:              0(  0.0%)]
         [Hashed:               2( 66.7%)]
         [Known:                1( 33.3%)]
         [New:                  2( 66.7%)    432.0B]
      [Deduplicated:            0(  0.0%)      0.0B(  0.0%)]
         [Young:                0(  0.0%)      0.0B(  0.0%)]
         [Old:                  0(  0.0%)      0.0B(  0.0%)]
   [Total Exec: 1817/0.8839269 secs, Idle: 1817/452626.1048388 secs, Blocked: 133/0.0943544 secs]
      [Inspected:         2963773]
         [Skipped:              0(  0.0%)]
         [Hashed:         1243189( 41.9%)]
         [Known:           196453(  6.6%)]
         [New:            2767320( 93.4%)    215.2M]
      [Deduplicated:      1942318( 70.2%)    128.6M( 59.7%)]
         [Young:           808412( 41.6%)  62996.3K( 47.8%)]
         [Old:            1133906( 58.4%)  68685.4K( 52.2%)]
   [Table]
      [Memory Usage: 8448.9K]
      [Size: 262144, Min: 1024, Max: 16777216]
      [Entries: 265115, Load: 101.1%, Cached: 7988, Added: 994529, Removed: 729414]
      [Resize Count: 8, Shrink Threshold: 174762(66.7%), Grow Threshold: 524288(200.0%)]
      [Rehash Count: 0, Rehash Threshold: 120, Hash Seed: 0x0]
      [Age Threshold: 3]
   [Queue]
      [Dropped: 0]
[GC concurrent-string-deduplication, deleted 0 entries, 0.0000006 secs]
2020-12-18T17:10:21.035+0530: 452627.606: [GC pause (G1 Evacuation Pause) (young), 0.0065164 secs]
   [Parallel Time: 2.6 ms, GC Workers: 10]
      [GC Worker Start (ms): Min: 452627606.2, Avg: 452627606.3, Max: 452627606.4, Diff: 0.2]
      [Ext Root Scanning (ms): Min: 0.6, Avg: 0.8, Max: 1.6, Diff: 1.0, Sum: 8.1]
      [Update RS (ms): Min: 0.0, Avg: 0.6, Max: 1.3, Diff: 1.3, Sum: 6.4]
         [Processed Buffers: Min: 0, Avg: 1.6, Max: 4, Diff: 4, Sum: 16]
      [Scan RS (ms): Min: 0.0, Avg: 0.0, Max: 0.0, Diff: 0.0, Sum: 0.0]
      [Code Root Scanning (ms): Min: 0.0, Avg: 0.0, Max: 0.0, Diff: 0.0, Sum: 0.0]
      [Object Copy (ms): Min: 0.1, Avg: 0.5, Max: 0.8, Diff: 0.6, Sum: 5.0]
      [Termination (ms): Min: 0.0, Avg: 0.2, Max: 0.2, Diff: 0.2, Sum: 1.8]
         [Termination Attempts: Min: 1, Avg: 1.8, Max: 4, Diff: 3, Sum: 18]
      [GC Worker Other (ms): Min: 0.0, Avg: 0.0, Max: 0.0, Diff: 0.0, Sum: 0.1]
      [GC Worker Total (ms): Min: 2.0, Avg: 2.1, Max: 2.3, Diff: 0.2, Sum: 21.5]
      [GC Worker End (ms): Min: 452627608.5, Avg: 452627608.5, Max: 452627608.5, Diff: 0.0]
   [Code Root Fixup: 0.0 ms]
   [Code Root Purge: 0.0 ms]
   [String Dedup Fixup: 2.3 ms, GC Workers: 10]
      [Queue Fixup (ms): Min: 0.0, Avg: 0.0, Max: 0.0, Diff: 0.0, Sum: 0.0]
      [Table Fixup (ms): Min: 1.8, Avg: 1.9, Max: 2.1, Diff: 0.3, Sum: 18.9]
   [Clear CT: 0.4 ms]
   [Other: 1.2 ms]
      [Choose CSet: 0.0 ms]
      [Ref Proc: 0.4 ms]
      [Ref Enq: 0.0 ms]
      [Redirty Cards: 0.4 ms]
      [Humongous Register: 0.0 ms]
      [Humongous Reclaim: 0.0 ms]
      [Free CSet: 0.1 ms]
   [Eden: 48128.0K(48128.0K)->0.0B(48128.0K) Survivors: 2048.0K->2048.0K Heap: 235.5M(267.0M)->188.3M(267.0M)]
 [Times: user=0.00 sys=0.00, real=0.01 secs] 
2020-12-18T17:10:21.042+0530: 452627.613: [GC concurrent-string-deduplication, 11624.0B->4176.0B(7448.0B), avg 59.7%, 0.0003046 secs]
   [Last Exec: 0.0003046 secs, Idle: 0.1234233 secs, Blocked: 0/0.0000000 secs]
      [Inspected:             151]
         [Skipped:              0(  0.0%)]
         [Hashed:              74( 49.0%)]
         [Known:               56( 37.1%)]
         [New:                 95( 62.9%)  11624.0B]
      [Deduplicated:           74( 77.9%)   7448.0B( 64.1%)]
         [Young:               74(100.0%)   7448.0B(100.0%)]
         [Old:                  0(  0.0%)      0.0B(  0.0%)]
   [Total Exec: 1818/0.8842315 secs, Idle: 1818/452626.2282621 secs, Blocked: 133/0.0943544 secs]
      [Inspected:         2963924]
         [Skipped:              0(  0.0%)]
         [Hashed:         1243263( 41.9%)]
         [Known:           196509(  6.6%)]
         [New:            2767415( 93.4%)    215.3M]
      [Deduplicated:      1942392( 70.2%)    128.6M( 59.7%)]
         [Young:           808486( 41.6%)  63003.6K( 47.8%)]
         [Old:            1133906( 58.4%)  68685.4K( 52.2%)]
   [Table]
      [Memory Usage: 8448.9K]
      [Size: 262144, Min: 1024, Max: 16777216]
      [Entries: 265161, Load: 101.2%, Cached: 7942, Added: 994575, Removed: 729414]
      [Resize Count: 8, Shrink Threshold: 174762(66.7%), Grow Threshold: 524288(200.0%)]
      [Rehash Count: 0, Rehash Threshold: 120, Hash Seed: 0x0]
      [Age Threshold: 3]
   [Queue]
      [Dropped: 0]
[GC concurrent-string-deduplication, deleted 0 entries, 0.0000009 secs]
2020-12-18T17:10:21.517+0530: 452628.088: [GC pause (G1 Humongous Allocation) (young) (initial-mark), 0.0070273 secs]
   [Parallel Time: 2.6 ms, GC Workers: 10]
      [GC Worker Start (ms): Min: 452628088.2, Avg: 452628088.4, Max: 452628088.5, Diff: 0.2]
      [Ext Root Scanning (ms): Min: 1.3, Avg: 1.4, Max: 1.6, Diff: 0.3, Sum: 14.5]
      [Update RS (ms): Min: 0.2, Avg: 0.2, Max: 0.3, Diff: 0.2, Sum: 2.3]
         [Processed Buffers: Min: 1, Avg: 2.8, Max: 7, Diff: 6, Sum: 28]
      [Scan RS (ms): Min: 0.0, Avg: 0.0, Max: 0.0, Diff: 0.0, Sum: 0.0]
      [Code Root Scanning (ms): Min: 0.0, Avg: 0.0, Max: 0.0, Diff: 0.0, Sum: 0.0]
      [Object Copy (ms): Min: 0.3, Avg: 0.4, Max: 0.5, Diff: 0.2, Sum: 4.3]
      [Termination (ms): Min: 0.0, Avg: 0.0, Max: 0.0, Diff: 0.0, Sum: 0.0]
         [Termination Attempts: Min: 1, Avg: 1.5, Max: 3, Diff: 2, Sum: 15]
      [GC Worker Other (ms): Min: 0.0, Avg: 0.0, Max: 0.1, Diff: 0.1, Sum: 0.3]
      [GC Worker Total (ms): Min: 2.0, Avg: 2.1, Max: 2.3, Diff: 0.2, Sum: 21.5]
      [GC Worker End (ms): Min: 452628090.5, Avg: 452628090.5, Max: 452628090.5, Diff: 0.0]
   [Code Root Fixup: 0.0 ms]
   [Code Root Purge: 0.0 ms]
   [String Dedup Fixup: 3.2 ms, GC Workers: 10]
      [Queue Fixup (ms): Min: 0.0, Avg: 0.0, Max: 0.0, Diff: 0.0, Sum: 0.0]
      [Table Fixup (ms): Min: 2.7, Avg: 2.8, Max: 2.9, Diff: 0.2, Sum: 27.8]
   [Clear CT: 0.4 ms]
   [Other: 0.8 ms]
      [Choose CSet: 0.0 ms]
      [Ref Proc: 0.3 ms]
      [Ref Enq: 0.0 ms]
      [Redirty Cards: 0.3 ms]
      [Humongous Register: 0.0 ms]
      [Humongous Reclaim: 0.0 ms]
      [Free CSet: 0.1 ms]
   [Eden: 26624.0K(48128.0K)->0.0B(48128.0K) Survivors: 2048.0K->2048.0K Heap: 214.3M(267.0M)->188.3M(267.0M)]
 [Times: user=0.00 sys=0.00, real=0.01 secs] 
2020-12-18T17:10:21.524+0530: 452628.095: [GC concurrent-root-region-scan-start]
2020-12-18T17:10:21.524+0530: 452628.095: [GC concurrent-string-deduplication, 488.0B->88.0B(400.0B), avg 59.7%, 0.0000451 secs]
   [Last Exec: 0.0000451 secs, Idle: 0.4819760 secs, Blocked: 0/0.0000000 secs]
      [Inspected:              43]
         [Skipped:              0(  0.0%)]
         [Hashed:               4(  9.3%)]
         [Known:               29( 67.4%)]
         [New:                 14( 32.6%)    488.0B]
      [Deduplicated:           13( 92.9%)    400.0B( 82.0%)]
         [Young:               13(100.0%)    400.0B(100.0%)]
         [Old:                  0(  0.0%)      0.0B(  0.0%)]
   [Total Exec: 1819/0.8842766 secs, Idle: 1819/452626.7102381 secs, Blocked: 133/0.0943544 secs]
      [Inspected:         2963967]
         [Skipped:              0(  0.0%)]
         [Hashed:         1243267( 41.9%)]
         [Known:           196538(  6.6%)]
         [New:            2767429( 93.4%)    215.3M]
      [Deduplicated:      1942405( 70.2%)    128.6M( 59.7%)]
         [Young:           808499( 41.6%)  63004.0K( 47.8%)]
         [Old:            1133906( 58.4%)  68685.4K( 52.2%)]
   [Table]
      [Memory Usage: 8448.9K]
      [Size: 262144, Min: 1024, Max: 16777216]
      [Entries: 265143, Load: 101.1%, Cached: 7960, Added: 994576, Removed: 729433]
      [Resize Count: 8, Shrink Threshold: 174762(66.7%), Grow Threshold: 524288(200.0%)]
      [Rehash Count: 0, Rehash Threshold: 120, Hash Seed: 0x0]
      [Age Threshold: 3]
   [Queue]
      [Dropped: 0]
[GC concurrent-string-deduplication, deleted 0 entries, 0.0000016 secs]
2020-12-18T17:10:21.528+0530: 452628.099: [GC concurrent-root-region-scan-end, 0.0037542 secs]
2020-12-18T17:10:21.528+0530: 452628.099: [GC concurrent-mark-start]
2020-12-18T17:10:21.614+0530: 452628.185: [GC concurrent-mark-end, 0.0859814 secs]
2020-12-18T17:10:21.614+0530: 452628.186: [GC remark 2020-12-18T17:10:21.614+0530: 452628.186: [Finalize Marking, 0.0003969 secs] 2020-12-18T17:10:21.615+0530: 452628.186: [GC ref-proc, 0.0005631 secs] 2020-12-18T17:10:21.615+0530: 452628.187: [Unloading, 0.0238063 secs], 0.0254090 secs]
 [Times: user=0.30 sys=0.00, real=0.03 secs] 
2020-12-18T17:10:21.640+0530: 452628.211: [GC cleanup 190M->190M(267M), 0.0017850 secs]
 [Times: user=0.00 sys=0.00, real=0.00 secs] 
2020-12-18T17:10:22.354+0530: 452628.924: [GC pause (G1 Evacuation Pause) (young), 0.0079614 secs]
   [Parallel Time: 2.3 ms, GC Workers: 10]
      [GC Worker Start (ms): Min: 452628924.4, Avg: 452628924.6, Max: 452628924.7, Diff: 0.3]
      [Ext Root Scanning (ms): Min: 0.6, Avg: 0.8, Max: 1.4, Diff: 0.8, Sum: 7.8]
      [Update RS (ms): Min: 0.0, Avg: 0.3, Max: 0.7, Diff: 0.7, Sum: 3.2]
         [Processed Buffers: Min: 0, Avg: 3.5, Max: 8, Diff: 8, Sum: 35]
      [Scan RS (ms): Min: 0.0, Avg: 0.0, Max: 0.0, Diff: 0.0, Sum: 0.0]
      [Code Root Scanning (ms): Min: 0.0, Avg: 0.0, Max: 0.0, Diff: 0.0, Sum: 0.0]
      [Object Copy (ms): Min: 0.1, Avg: 0.4, Max: 0.5, Diff: 0.4, Sum: 3.8]
      [Termination (ms): Min: 0.0, Avg: 0.1, Max: 0.1, Diff: 0.1, Sum: 0.6]
         [Termination Attempts: Min: 1, Avg: 2.0, Max: 5, Diff: 4, Sum: 20]
      [GC Worker Other (ms): Min: 0.0, Avg: 0.0, Max: 0.0, Diff: 0.0, Sum: 0.2]
      [GC Worker Total (ms): Min: 1.4, Avg: 1.6, Max: 1.7, Diff: 0.3, Sum: 15.6]
      [GC Worker End (ms): Min: 452628926.2, Avg: 452628926.2, Max: 452628926.2, Diff: 0.0]
   [Code Root Fixup: 0.0 ms]
   [Code Root Purge: 0.0 ms]
   [String Dedup Fixup: 3.3 ms, GC Workers: 10]
      [Queue Fixup (ms): Min: 0.0, Avg: 0.0, Max: 0.0, Diff: 0.0, Sum: 0.0]
      [Table Fixup (ms): Min: 2.6, Avg: 2.7, Max: 2.9, Diff: 0.3, Sum: 27.4]
   [Clear CT: 0.9 ms]
   [Other: 1.5 ms]
      [Choose CSet: 0.0 ms]
      [Ref Proc: 0.6 ms]
      [Ref Enq: 0.0 ms]
      [Redirty Cards: 0.7 ms]
      [Humongous Register: 0.0 ms]
      [Humongous Reclaim: 0.0 ms]
      [Free CSet: 0.0 ms]
   [Eden: 48128.0K(48128.0K)->0.0B(48128.0K) Survivors: 2048.0K->2048.0K Heap: 236.3M(267.0M)->188.6M(267.0M)]
 [Times: user=0.16 sys=0.00, real=0.01 secs] 
2020-12-18T17:10:22.362+0530: 452628.932: [GC concurrent-string-deduplication, 200.0B->72.0B(128.0B), avg 59.7%, 0.0000165 secs]
   [Last Exec: 0.0000165 secs, Idle: 0.8370176 secs, Blocked: 0/0.0000000 secs]
      [Inspected:              29]
         [Skipped:              0(  0.0%)]
         [Hashed:               0(  0.0%)]
         [Known:               26( 89.7%)]
         [New:                  3( 10.3%)    200.0B]
      [Deduplicated:            2( 66.7%)    128.0B( 64.0%)]
         [Young:                2(100.0%)    128.0B(100.0%)]
         [Old:                  0(  0.0%)      0.0B(  0.0%)]
   [Total Exec: 1820/0.8842931 secs, Idle: 1820/452627.5472557 secs, Blocked: 133/0.0943544 secs]
      [Inspected:         2963996]
         [Skipped:              0(  0.0%)]
         [Hashed:         1243267( 41.9%)]
         [Known:           196564(  6.6%)]
         [New:            2767432( 93.4%)    215.3M]
      [Deduplicated:      1942407( 70.2%)    128.6M( 59.7%)]
         [Young:           808501( 41.6%)  63004.1K( 47.8%)]
         [Old:            1133906( 58.4%)  68685.4K( 52.2%)]
   [Table]
      [Memory Usage: 8448.9K]
      [Size: 262144, Min: 1024, Max: 16777216]
      [Entries: 265133, Load: 101.1%, Cached: 7970, Added: 994590, Removed: 729457]
      [Resize Count: 8, Shrink Threshold: 174762(66.7%), Grow Threshold: 524288(200.0%)]
      [Rehash Count: 0, Rehash Threshold: 120, Hash Seed: 0x0]
      [Age Threshold: 3]
   [Queue]
      [Dropped: 0]
[GC concurrent-string-deduplication, deleted 0 entries, 0.0000006 secs]
2020-12-18T17:10:23.173+0530: 452629.744: [GC pause (G1 Evacuation Pause) (young), 0.0098736 secs]
   [Parallel Time: 4.8 ms, GC Workers: 10]
      [GC Worker Start (ms): Min: 452629743.8, Avg: 452629743.9, Max: 452629744.0, Diff: 0.1]
      [Ext Root Scanning (ms): Min: 0.7, Avg: 1.3, Max: 4.2, Diff: 3.5, Sum: 12.7]
      [Update RS (ms): Min: 0.0, Avg: 0.6, Max: 2.8, Diff: 2.8, Sum: 5.9]
         [Processed Buffers: Min: 0, Avg: 3.0, Max: 9, Diff: 9, Sum: 30]
      [Scan RS (ms): Min: 0.0, Avg: 0.0, Max: 0.0, Diff: 0.0, Sum: 0.1]
      [Code Root Scanning (ms): Min: 0.0, Avg: 0.0, Max: 0.0, Diff: 0.0, Sum: 0.0]
      [Object Copy (ms): Min: 0.0, Avg: 0.4, Max: 0.7, Diff: 0.7, Sum: 4.4]
      [Termination (ms): Min: 0.0, Avg: 1.9, Max: 2.4, Diff: 2.4, Sum: 19.3]
         [Termination Attempts: Min: 1, Avg: 12.6, Max: 22, Diff: 21, Sum: 126]
      [GC Worker Other (ms): Min: 0.0, Avg: 0.0, Max: 0.0, Diff: 0.0, Sum: 0.1]
      [GC Worker Total (ms): Min: 4.2, Avg: 4.2, Max: 4.3, Diff: 0.1, Sum: 42.4]
      [GC Worker End (ms): Min: 452629748.2, Avg: 452629748.2, Max: 452629748.2, Diff: 0.0]
   [Code Root Fixup: 0.0 ms]
   [Code Root Purge: 0.0 ms]
   [String Dedup Fixup: 2.7 ms, GC Workers: 10]
      [Queue Fixup (ms): Min: 0.0, Avg: 0.0, Max: 0.0, Diff: 0.0, Sum: 0.0]
      [Table Fixup (ms): Min: 1.9, Avg: 2.0, Max: 2.2, Diff: 0.2, Sum: 20.2]
   [Clear CT: 0.9 ms]
   [Other: 1.5 ms]
      [Choose CSet: 0.0 ms]
      [Ref Proc: 0.6 ms]
      [Ref Enq: 0.0 ms]
      [Redirty Cards: 0.7 ms]
      [Humongous Register: 0.0 ms]
      [Humongous Reclaim: 0.0 ms]
      [Free CSet: 0.0 ms]
   [Eden: 48128.0K(48128.0K)->0.0B(50176.0K) Survivors: 2048.0K->1024.0K Heap: 235.6M(267.0M)->188.3M(267.0M)]
 [Times: user=0.00 sys=0.00, real=0.01 secs] 
2020-12-18T17:10:23.183+0530: 452629.754: [GC concurrent-string-deduplication, 7568.0B->3784.0B(3784.0B), avg 59.7%, 0.0000239 secs]
   [Last Exec: 0.0000239 secs, Idle: 0.8212571 secs, Blocked: 0/0.0000000 secs]
      [Inspected:              46]
         [Skipped:              0(  0.0%)]
         [Hashed:              26( 56.5%)]
         [Known:                0(  0.0%)]
         [New:                 46(100.0%)   7568.0B]
      [Deduplicated:           31( 67.4%)   3784.0B( 50.0%)]
         [Young:               31(100.0%)   3784.0B(100.0%)]
         [Old:                  0(  0.0%)      0.0B(  0.0%)]
   [Total Exec: 1821/0.8843170 secs, Idle: 1821/452628.3685128 secs, Blocked: 133/0.0943544 secs]
      [Inspected:         2964042]
         [Skipped:              0(  0.0%)]
         [Hashed:         1243293( 41.9%)]
         [Known:           196564(  6.6%)]
         [New:            2767478( 93.4%)    215.3M]
      [Deduplicated:      1942438( 70.2%)    128.6M( 59.7%)]
         [Young:           808532( 41.6%)  63007.8K( 47.8%)]
         [Old:            1133906( 58.4%)  68685.4K( 52.2%)]
   [Table]
      [Memory Usage: 8448.9K]
      [Size: 262144, Min: 1024, Max: 16777216]
      [Entries: 265181, Load: 101.2%, Cached: 7922, Added: 994638, Removed: 729457]
      [Resize Count: 8, Shrink Threshold: 174762(66.7%), Grow Threshold: 524288(200.0%)]
      [Rehash Count: 0, Rehash Threshold: 120, Hash Seed: 0x0]
      [Age Threshold: 3]
   [Queue]
      [Dropped: 0]
[GC concurrent-string-deduplication, deleted 0 entries, 0.0000006 secs]
2020-12-18T17:12:15.922+0530: 452742.492: [GC pause (G1 Evacuation Pause) (young) (initial-mark), 0.0077468 secs]
   [Parallel Time: 3.3 ms, GC Workers: 10]
      [GC Worker Start (ms): Min: 452742492.2, Avg: 452742492.4, Max: 452742492.5, Diff: 0.3]
      [Ext Root Scanning (ms): Min: 1.3, Avg: 1.5, Max: 1.7, Diff: 0.4, Sum: 15.2]
      [Update RS (ms): Min: 0.6, Avg: 0.7, Max: 0.9, Diff: 0.3, Sum: 7.4]
         [Processed Buffers: Min: 2, Avg: 5.0, Max: 11, Diff: 9, Sum: 50]
      [Scan RS (ms): Min: 0.0, Avg: 0.0, Max: 0.0, Diff: 0.0, Sum: 0.0]
      [Code Root Scanning (ms): Min: 0.0, Avg: 0.0, Max: 0.0, Diff: 0.0, Sum: 0.0]
      [Object Copy (ms): Min: 0.1, Avg: 0.3, Max: 0.4, Diff: 0.3, Sum: 2.8]
      [Termination (ms): Min: 0.0, Avg: 0.1, Max: 0.1, Diff: 0.1, Sum: 0.5]
         [Termination Attempts: Min: 1, Avg: 1.1, Max: 2, Diff: 1, Sum: 11]
      [GC Worker Other (ms): Min: 0.0, Avg: 0.0, Max: 0.0, Diff: 0.0, Sum: 0.1]
      [GC Worker Total (ms): Min: 2.5, Avg: 2.6, Max: 2.8, Diff: 0.3, Sum: 26.1]
      [GC Worker End (ms): Min: 452742495.0, Avg: 452742495.0, Max: 452742495.0, Diff: 0.0]
   [Code Root Fixup: 0.0 ms]
   [Code Root Purge: 0.0 ms]
   [String Dedup Fixup: 2.5 ms, GC Workers: 10]
      [Queue Fixup (ms): Min: 0.0, Avg: 0.0, Max: 0.0, Diff: 0.0, Sum: 0.0]
      [Table Fixup (ms): Min: 1.7, Avg: 1.8, Max: 2.0, Diff: 0.2, Sum: 18.4]
   [Clear CT: 0.8 ms]
   [Other: 1.2 ms]
      [Choose CSet: 0.0 ms]
      [Ref Proc: 0.3 ms]
      [Ref Enq: 0.0 ms]
      [Redirty Cards: 0.7 ms]
      [Humongous Register: 0.0 ms]
      [Humongous Reclaim: 0.0 ms]
      [Free CSet: 0.0 ms]
   [Eden: 50176.0K(50176.0K)->0.0B(50176.0K) Survivors: 1024.0K->1024.0K Heap: 237.3M(267.0M)->188.3M(267.0M)]
 [Times: user=0.00 sys=0.00, real=0.01 secs] 
2020-12-18T17:12:15.929+0530: 452742.500: [GC concurrent-root-region-scan-start]
2020-12-18T17:12:15.929+0530: 452742.500: [GC concurrent-string-deduplication, 3496.0B->1888.0B(1608.0B), avg 59.7%, 0.0000191 secs]
   [Last Exec: 0.0000191 secs, Idle: 112.7460927 secs, Blocked: 0/0.0000000 secs]
      [Inspected:              32]
         [Skipped:              0(  0.0%)]
         [Hashed:              10( 31.3%)]
         [Known:               13( 40.6%)]
         [New:                 19( 59.4%)   3496.0B]
      [Deduplicated:            8( 42.1%)   1608.0B( 46.0%)]
         [Young:                8(100.0%)   1608.0B(100.0%)]
         [Old:                  0(  0.0%)      0.0B(  0.0%)]
   [Total Exec: 1822/0.8843361 secs, Idle: 1822/452741.1146055 secs, Blocked: 133/0.0943544 secs]
      [Inspected:         2964074]
         [Skipped:              0(  0.0%)]
         [Hashed:         1243303( 41.9%)]
         [Known:           196577(  6.6%)]
         [New:            2767497( 93.4%)    215.3M]
      [Deduplicated:      1942446( 70.2%)    128.6M( 59.7%)]
         [Young:           808540( 41.6%)  63009.4K( 47.8%)]
         [Old:            1133906( 58.4%)  68685.4K( 52.2%)]
   [Table]
      [Memory Usage: 8448.9K]
      [Size: 262144, Min: 1024, Max: 16777216]
      [Entries: 265196, Load: 101.2%, Cached: 7907, Added: 994658, Removed: 729462]
      [Resize Count: 8, Shrink Threshold: 174762(66.7%), Grow Threshold: 524288(200.0%)]
      [Rehash Count: 0, Rehash Threshold: 120, Hash Seed: 0x0]
      [Age Threshold: 3]
   [Queue]
      [Dropped: 0]
[GC concurrent-string-deduplication, deleted 0 entries, 0.0000038 secs]
2020-12-18T17:12:15.932+0530: 452742.502: [GC concurrent-root-region-scan-end, 0.0025090 secs]
2020-12-18T17:12:15.932+0530: 452742.502: [GC concurrent-mark-start]
2020-12-18T17:12:16.013+0530: 452742.583: [GC concurrent-mark-end, 0.0806524 secs]
2020-12-18T17:12:16.013+0530: 452742.584: [GC remark 2020-12-18T17:12:16.013+0530: 452742.584: [Finalize Marking, 0.0002925 secs] 2020-12-18T17:12:16.013+0530: 452742.584: [GC ref-proc, 0.0005028 secs] 2020-12-18T17:12:16.014+0530: 452742.584: [Unloading, 0.0198258 secs], 0.0214407 secs]
 [Times: user=0.30 sys=0.00, real=0.02 secs] 
2020-12-18T17:12:16.035+0530: 452742.605: [GC cleanup 188M->188M(267M), 0.0027439 secs]
 [Times: user=0.00 sys=0.00, real=0.00 secs] 
2020-12-18T17:12:52.925+0530: 452779.496: [GC pause (G1 Evacuation Pause) (young), 0.0096311 secs]
   [Parallel Time: 4.9 ms, GC Workers: 10]
      [GC Worker Start (ms): Min: 452779496.1, Avg: 452779496.2, Max: 452779496.4, Diff: 0.3]
      [Ext Root Scanning (ms): Min: 1.5, Avg: 2.0, Max: 3.6, Diff: 2.1, Sum: 19.8]
      [Update RS (ms): Min: 0.0, Avg: 1.4, Max: 2.7, Diff: 2.7, Sum: 14.1]
         [Processed Buffers: Min: 0, Avg: 5.9, Max: 14, Diff: 14, Sum: 59]
      [Scan RS (ms): Min: 0.0, Avg: 0.0, Max: 0.0, Diff: 0.0, Sum: 0.1]
      [Code Root Scanning (ms): Min: 0.0, Avg: 0.0, Max: 0.0, Diff: 0.0, Sum: 0.0]
      [Object Copy (ms): Min: 0.3, Avg: 0.7, Max: 1.1, Diff: 0.8, Sum: 6.6]
      [Termination (ms): Min: 0.0, Avg: 0.5, Max: 0.6, Diff: 0.6, Sum: 4.9]
         [Termination Attempts: Min: 1, Avg: 13.9, Max: 26, Diff: 25, Sum: 139]
      [GC Worker Other (ms): Min: 0.0, Avg: 0.0, Max: 0.1, Diff: 0.1, Sum: 0.4]
      [GC Worker Total (ms): Min: 4.5, Avg: 4.6, Max: 4.7, Diff: 0.3, Sum: 45.8]
      [GC Worker End (ms): Min: 452779500.8, Avg: 452779500.8, Max: 452779500.9, Diff: 0.1]
   [Code Root Fixup: 0.0 ms]
   [Code Root Purge: 0.0 ms]
   [String Dedup Fixup: 2.8 ms, GC Workers: 10]
      [Queue Fixup (ms): Min: 0.0, Avg: 0.0, Max: 0.0, Diff: 0.0, Sum: 0.0]
      [Table Fixup (ms): Min: 2.5, Avg: 2.6, Max: 2.7, Diff: 0.1, Sum: 25.9]
   [Clear CT: 0.6 ms]
   [Other: 1.2 ms]
      [Choose CSet: 0.0 ms]
      [Ref Proc: 0.2 ms]
      [Ref Enq: 0.0 ms]
      [Redirty Cards: 0.8 ms]
      [Humongous Register: 0.0 ms]
      [Humongous Reclaim: 0.0 ms]
      [Free CSet: 0.0 ms]
   [Eden: 50176.0K(50176.0K)->0.0B(48128.0K) Survivors: 1024.0K->2048.0K Heap: 237.9M(267.0M)->189.1M(267.0M)]
 [Times: user=0.00 sys=0.00, real=0.01 secs] 
2020-12-18T17:12:52.935+0530: 452779.506: [GC concurrent-string-deduplication, 1560.0B->688.0B(872.0B), avg 59.7%, 0.0000342 secs]
   [Last Exec: 0.0000342 secs, Idle: 37.0057406 secs, Blocked: 0/0.0000000 secs]
      [Inspected:              82]
         [Skipped:              0(  0.0%)]
         [Hashed:               3(  3.7%)]
         [Known:               39( 47.6%)]
         [New:                 43( 52.4%)   1560.0B]
      [Deduplicated:           27( 62.8%)    872.0B( 55.9%)]
         [Young:               27(100.0%)    872.0B(100.0%)]
         [Old:                  0(  0.0%)      0.0B(  0.0%)]
   [Total Exec: 1823/0.8843703 secs, Idle: 1823/452778.1203461 secs, Blocked: 133/0.0943544 secs]
      [Inspected:         2964156]
         [Skipped:              0(  0.0%)]
         [Hashed:         1243306( 41.9%)]
         [Known:           196616(  6.6%)]
         [New:            2767540( 93.4%)    215.3M]
      [Deduplicated:      1942473( 70.2%)    128.6M( 59.7%)]
         [Young:           808567( 41.6%)  63010.2K( 47.8%)]
         [Old:            1133906( 58.4%)  68685.4K( 52.2%)]
   [Table]
      [Memory Usage: 8448.9K]
      [Size: 262144, Min: 1024, Max: 16777216]
      [Entries: 265205, Load: 101.2%, Cached: 7898, Added: 994729, Removed: 729524]
      [Resize Count: 8, Shrink Threshold: 174762(66.7%), Grow Threshold: 524288(200.0%)]
      [Rehash Count: 0, Rehash Threshold: 120, Hash Seed: 0x0]
      [Age Threshold: 3]
   [Queue]
      [Dropped: 0]
[GC concurrent-string-deduplication, deleted 0 entries, 0.0000006 secs]
2020-12-18T17:12:53.272+0530: 452779.843: [GC pause (G1 Humongous Allocation) (young) (initial-mark), 0.0098822 secs]
   [Parallel Time: 4.9 ms, GC Workers: 10]
      [GC Worker Start (ms): Min: 452779843.3, Avg: 452779843.4, Max: 452779843.4, Diff: 0.1]
      [Ext Root Scanning (ms): Min: 2.5, Avg: 2.7, Max: 3.1, Diff: 0.7, Sum: 26.9]
      [Update RS (ms): Min: 0.0, Avg: 0.7, Max: 1.6, Diff: 1.6, Sum: 6.8]
         [Processed Buffers: Min: 0, Avg: 3.2, Max: 8, Diff: 8, Sum: 32]
      [Scan RS (ms): Min: 0.0, Avg: 0.0, Max: 0.0, Diff: 0.0, Sum: 0.0]
      [Code Root Scanning (ms): Min: 0.0, Avg: 0.0, Max: 0.0, Diff: 0.0, Sum: 0.0]
      [Object Copy (ms): Min: 0.1, Avg: 0.9, Max: 1.4, Diff: 1.3, Sum: 8.8]
      [Termination (ms): Min: 0.0, Avg: 0.2, Max: 0.2, Diff: 0.2, Sum: 1.7]
         [Termination Attempts: Min: 1, Avg: 6.2, Max: 12, Diff: 11, Sum: 62]
      [GC Worker Other (ms): Min: 0.0, Avg: 0.0, Max: 0.1, Diff: 0.0, Sum: 0.2]
      [GC Worker Total (ms): Min: 4.4, Avg: 4.4, Max: 4.5, Diff: 0.1, Sum: 44.3]
      [GC Worker End (ms): Min: 452779847.8, Avg: 452779847.8, Max: 452779847.8, Diff: 0.0]
   [Code Root Fixup: 0.0 ms]
   [Code Root Purge: 0.0 ms]
   [String Dedup Fixup: 3.9 ms, GC Workers: 10]
      [Queue Fixup (ms): Min: 0.0, Avg: 0.0, Max: 0.0, Diff: 0.0, Sum: 0.0]
      [Table Fixup (ms): Min: 2.9, Avg: 3.6, Max: 3.8, Diff: 0.9, Sum: 36.3]
   [Clear CT: 0.3 ms]
   [Other: 0.8 ms]
      [Choose CSet: 0.0 ms]
      [Ref Proc: 0.3 ms]
      [Ref Enq: 0.0 ms]
      [Redirty Cards: 0.2 ms]
      [Humongous Register: 0.0 ms]
      [Humongous Reclaim: 0.0 ms]
      [Free CSet: 0.0 ms]
   [Eden: 26624.0K(48128.0K)->0.0B(48128.0K) Survivors: 2048.0K->2048.0K Heap: 214.7M(267.0M)->189.5M(267.0M)]
 [Times: user=0.08 sys=0.00, real=0.01 secs] 
2020-12-18T17:12:53.283+0530: 2020-12-18T17:12:53.283+0530: 452779.853: 452779.853: [GC concurrent-root-region-scan-start]
[GC concurrent-string-deduplication, 328.0B->128.0B(200.0B), avg 59.7%, 0.0000273 secs]
   [Last Exec: 0.0000273 secs, Idle: 0.3473441 secs, Blocked: 0/0.0000000 secs]
      [Inspected:              20]
         [Skipped:              0(  0.0%)]
         [Hashed:               0(  0.0%)]
         [Known:               10( 50.0%)]
         [New:                 10( 50.0%)    328.0B]
      [Deduplicated:            5( 50.0%)    200.0B( 61.0%)]
         [Young:                5(100.0%)    200.0B(100.0%)]
         [Old:                  0(  0.0%)      0.0B(  0.0%)]
   [Total Exec: 1824/0.8843976 secs, Idle: 1824/452778.4676902 secs, Blocked: 133/0.0943544 secs]
      [Inspected:         2964176]
         [Skipped:              0(  0.0%)]
         [Hashed:         1243306( 41.9%)]
         [Known:           196626(  6.6%)]
         [New:            2767550( 93.4%)    215.3M]
      [Deduplicated:      1942478( 70.2%)    128.6M( 59.7%)]
         [Young:           808572( 41.6%)  63010.4K( 47.8%)]
         [Old:            1133906( 58.4%)  68685.4K( 52.2%)]
   [Table]
      [Memory Usage: 8448.9K]
      [Size: 262144, Min: 1024, Max: 16777216]
      [Entries: 265205, Load: 101.2%, Cached: 7898, Added: 994737, Removed: 729532]
      [Resize Count: 8, Shrink Threshold: 174762(66.7%), Grow Threshold: 524288(200.0%)]
      [Rehash Count: 0, Rehash Threshold: 120, Hash Seed: 0x0]
      [Age Threshold: 3]
   [Queue]
      [Dropped: 0]
[GC concurrent-string-deduplication, deleted 0 entries, 0.0000055 secs]
2020-12-18T17:12:53.285+0530: 452779.856: [GC concurrent-root-region-scan-end, 0.0028641 secs]
2020-12-18T17:12:53.285+0530: 452779.856: [GC concurrent-mark-start]
2020-12-18T17:12:53.388+0530: 452779.959: [GC concurrent-mark-end, 0.1025203 secs]
2020-12-18T17:12:53.388+0530: 452779.959: [GC remark 2020-12-18T17:12:53.388+0530: 452779.959: [Finalize Marking, 0.0001691 secs] 2020-12-18T17:12:53.388+0530: 452779.959: [GC ref-proc, 0.0007686 secs] 2020-12-18T17:12:53.389+0530: 452779.960: [Unloading, 0.0263039 secs], 0.0281286 secs]
 [Times: user=0.31 sys=0.00, real=0.03 secs] 
2020-12-18T17:12:53.417+0530: 452779.988: [GC cleanup 190M->190M(267M), 0.0021093 secs]
 [Times: user=0.00 sys=0.00, real=0.00 secs] 
2020-12-18T17:13:02.565+0530: 452789.136: [GC pause (G1 Evacuation Pause) (young), 0.0074085 secs]
   [Parallel Time: 2.8 ms, GC Workers: 10]
      [GC Worker Start (ms): Min: 452789135.8, Avg: 452789135.9, Max: 452789135.9, Diff: 0.2]
      [Ext Root Scanning (ms): Min: 0.7, Avg: 0.9, Max: 1.7, Diff: 1.0, Sum: 9.0]
      [Update RS (ms): Min: 0.3, Avg: 0.8, Max: 1.4, Diff: 1.1, Sum: 8.5]
         [Processed Buffers: Min: 1, Avg: 5.6, Max: 15, Diff: 14, Sum: 56]
      [Scan RS (ms): Min: 0.0, Avg: 0.0, Max: 0.0, Diff: 0.0, Sum: 0.0]
      [Code Root Scanning (ms): Min: 0.0, Avg: 0.0, Max: 0.0, Diff: 0.0, Sum: 0.0]
      [Object Copy (ms): Min: 0.0, Avg: 0.6, Max: 0.9, Diff: 0.8, Sum: 5.8]
      [Termination (ms): Min: 0.0, Avg: 0.0, Max: 0.0, Diff: 0.0, Sum: 0.1]
         [Termination Attempts: Min: 1, Avg: 1.2, Max: 2, Diff: 1, Sum: 12]
      [GC Worker Other (ms): Min: 0.0, Avg: 0.0, Max: 0.0, Diff: 0.0, Sum: 0.1]
      [GC Worker Total (ms): Min: 2.3, Avg: 2.4, Max: 2.5, Diff: 0.2, Sum: 23.6]
      [GC Worker End (ms): Min: 452789138.2, Avg: 452789138.2, Max: 452789138.2, Diff: 0.0]
   [Code Root Fixup: 0.0 ms]
   [Code Root Purge: 0.0 ms]
   [String Dedup Fixup: 3.3 ms, GC Workers: 10]
      [Queue Fixup (ms): Min: 0.0, Avg: 0.0, Max: 0.0, Diff: 0.0, Sum: 0.0]
      [Table Fixup (ms): Min: 3.0, Avg: 3.1, Max: 3.2, Diff: 0.2, Sum: 30.9]
   [Clear CT: 0.4 ms]
   [Other: 0.9 ms]
      [Choose CSet: 0.0 ms]
      [Ref Proc: 0.4 ms]
      [Ref Enq: 0.0 ms]
      [Redirty Cards: 0.2 ms]
      [Humongous Register: 0.0 ms]
      [Humongous Reclaim: 0.0 ms]
      [Free CSet: 0.0 ms]
   [Eden: 48128.0K(48128.0K)->0.0B(10240.0K) Survivors: 2048.0K->3072.0K Heap: 237.5M(267.0M)->190.3M(267.0M)]
 [Times: user=0.00 sys=0.00, real=0.01 secs] 
2020-12-18T17:13:02.574+0530: 452789.144: [GC concurrent-string-deduplication, 148.9K->78192.0B(74296.0B), avg 59.7%, 0.0010864 secs]
   [Last Exec: 0.0010864 secs, Idle: 9.2899918 secs, Blocked: 0/0.0000000 secs]
      [Inspected:            2269]
         [Skipped:              0(  0.0%)]
         [Hashed:            2110( 93.0%)]
         [Known:               55(  2.4%)]
         [New:               2214( 97.6%)    148.9K]
      [Deduplicated:         1634( 73.8%)  74296.0B( 48.7%)]
         [Young:             1634(100.0%)  74296.0B(100.0%)]
         [Old:                  0(  0.0%)      0.0B(  0.0%)]
   [Total Exec: 1825/0.8854840 secs, Idle: 1825/452787.7576820 secs, Blocked: 133/0.0943544 secs]
      [Inspected:         2966445]
         [Skipped:              0(  0.0%)]
         [Hashed:         1245416( 42.0%)]
         [Known:           196681(  6.6%)]
         [New:            2769764( 93.4%)    215.4M]
      [Deduplicated:      1944112( 70.2%)    128.7M( 59.7%)]
         [Young:           810206( 41.7%)  63083.0K( 47.9%)]
         [Old:            1133906( 58.3%)  68685.4K( 52.1%)]
   [Table]
      [Memory Usage: 8448.9K]
      [Size: 262144, Min: 1024, Max: 16777216]
      [Entries: 265197, Load: 101.2%, Cached: 7906, Added: 995319, Removed: 730122]
      [Resize Count: 8, Shrink Threshold: 174762(66.7%), Grow Threshold: 524288(200.0%)]
      [Rehash Count: 0, Rehash Threshold: 120, Hash Seed: 0x0]
      [Age Threshold: 3]
   [Queue]
      [Dropped: 0]
[GC concurrent-string-deduplication, deleted 0 entries, 0.0000007 secs]
2020-12-18T17:13:02.626+0530: 452789.196: [GC pause (G1 Evacuation Pause) (mixed), 0.0140190 secs]
   [Parallel Time: 9.2 ms, GC Workers: 10]
      [GC Worker Start (ms): Min: 452789196.7, Avg: 452789196.7, Max: 452789196.8, Diff: 0.1]
      [Ext Root Scanning (ms): Min: 1.1, Avg: 1.6, Max: 2.5, Diff: 1.4, Sum: 15.6]
      [Update RS (ms): Min: 0.0, Avg: 0.3, Max: 0.7, Diff: 0.7, Sum: 3.5]
         [Processed Buffers: Min: 0, Avg: 1.5, Max: 3, Diff: 3, Sum: 15]
      [Scan RS (ms): Min: 0.8, Avg: 1.9, Max: 4.2, Diff: 3.5, Sum: 19.1]
      [Code Root Scanning (ms): Min: 0.0, Avg: 0.0, Max: 0.5, Diff: 0.5, Sum: 0.5]
      [Object Copy (ms): Min: 2.8, Avg: 5.0, Max: 5.8, Diff: 3.0, Sum: 49.9]
      [Termination (ms): Min: 0.0, Avg: 0.0, Max: 0.0, Diff: 0.0, Sum: 0.2]
         [Termination Attempts: Min: 1, Avg: 2.7, Max: 4, Diff: 3, Sum: 27]
      [GC Worker Other (ms): Min: 0.0, Avg: 0.0, Max: 0.0, Diff: 0.0, Sum: 0.2]
      [GC Worker Total (ms): Min: 8.8, Avg: 8.9, Max: 9.0, Diff: 0.1, Sum: 88.9]
      [GC Worker End (ms): Min: 452789205.6, Avg: 452789205.6, Max: 452789205.6, Diff: 0.0]
   [Code Root Fixup: 0.0 ms]
   [Code Root Purge: 0.0 ms]
   [String Dedup Fixup: 3.7 ms, GC Workers: 10]
      [Queue Fixup (ms): Min: 0.0, Avg: 0.0, Max: 0.0, Diff: 0.0, Sum: 0.0]
      [Table Fixup (ms): Min: 1.5, Avg: 3.3, Max: 3.6, Diff: 2.1, Sum: 32.8]
   [Clear CT: 0.3 ms]
   [Other: 0.8 ms]
      [Choose CSet: 0.1 ms]
      [Ref Proc: 0.2 ms]
      [Ref Enq: 0.0 ms]
      [Redirty Cards: 0.2 ms]
      [Humongous Register: 0.0 ms]
      [Humongous Reclaim: 0.0 ms]
      [Free CSet: 0.1 ms]
   [Eden: 10240.0K(10240.0K)->0.0B(47104.0K) Survivors: 3072.0K->2048.0K Heap: 200.3M(267.0M)->189.8M(267.0M)]
 [Times: user=0.00 sys=0.00, real=0.01 secs] 
2020-12-18T17:13:02.640+0530: 452789.211: [GC concurrent-string-deduplication, 123.2K->4848.0B(118.5K), avg 59.8%, 0.0005087 secs]
   [Last Exec: 0.0005087 secs, Idle: 0.0662933 secs, Blocked: 0/0.0000000 secs]
      [Inspected:            1721]
         [Skipped:              0(  0.0%)]
         [Hashed:            1696( 98.5%)]
         [Known:                3(  0.2%)]
         [New:               1718( 99.8%)    123.2K]
      [Deduplicated:         1684( 98.0%)    118.5K( 96.2%)]
         [Young:             1664( 98.8%)    117.7K( 99.4%)]
         [Old:                 20(  1.2%)    744.0B(  0.6%)]
   [Total Exec: 1826/0.8859927 secs, Idle: 1826/452787.8239753 secs, Blocked: 133/0.0943544 secs]
      [Inspected:         2968166]
         [Skipped:              0(  0.0%)]
         [Hashed:         1247112( 42.0%)]
         [Known:           196684(  6.6%)]
         [New:            2771482( 93.4%)    215.5M]
      [Deduplicated:      1945796( 70.2%)    128.8M( 59.8%)]
         [Young:           811870( 41.7%)  63200.7K( 47.9%)]
         [Old:            1133926( 58.3%)  68686.1K( 52.1%)]
   [Table]
      [Memory Usage: 8448.9K]
      [Size: 262144, Min: 1024, Max: 16777216]
      [Entries: 265219, Load: 101.2%, Cached: 7884, Added: 995353, Removed: 730134]
      [Resize Count: 8, Shrink Threshold: 174762(66.7%), Grow Threshold: 524288(200.0%)]
      [Rehash Count: 0, Rehash Threshold: 120, Hash Seed: 0x0]
      [Age Threshold: 3]
   [Queue]
      [Dropped: 0]
[GC concurrent-string-deduplication, deleted 0 entries, 0.0000006 secs]
2020-12-18T17:13:02.873+0530: 452789.444: [GC pause (G1 Evacuation Pause) (young), 0.0098964 secs]
   [Parallel Time: 5.5 ms, GC Workers: 10]
      [GC Worker Start (ms): Min: 452789444.2, Avg: 452789444.4, Max: 452789444.4, Diff: 0.2]
      [Ext Root Scanning (ms): Min: 0.6, Avg: 0.8, Max: 1.5, Diff: 0.9, Sum: 7.8]
      [Update RS (ms): Min: 2.9, Avg: 3.6, Max: 4.0, Diff: 1.1, Sum: 35.8]
         [Processed Buffers: Min: 3, Avg: 4.9, Max: 8, Diff: 5, Sum: 49]
      [Scan RS (ms): Min: 0.0, Avg: 0.0, Max: 0.0, Diff: 0.0, Sum: 0.0]
      [Code Root Scanning (ms): Min: 0.0, Avg: 0.0, Max: 0.0, Diff: 0.0, Sum: 0.0]
      [Object Copy (ms): Min: 0.2, Avg: 0.5, Max: 0.7, Diff: 0.5, Sum: 5.4]
      [Termination (ms): Min: 0.0, Avg: 0.0, Max: 0.0, Diff: 0.0, Sum: 0.3]
         [Termination Attempts: Min: 1, Avg: 1.0, Max: 1, Diff: 0, Sum: 10]
      [GC Worker Other (ms): Min: 0.0, Avg: 0.0, Max: 0.0, Diff: 0.0, Sum: 0.1]
      [GC Worker Total (ms): Min: 4.9, Avg: 4.9, Max: 5.1, Diff: 0.2, Sum: 49.4]
      [GC Worker End (ms): Min: 452789449.3, Avg: 452789449.3, Max: 452789449.3, Diff: 0.0]
   [Code Root Fixup: 0.0 ms]
   [Code Root Purge: 0.0 ms]
   [String Dedup Fixup: 2.4 ms, GC Workers: 10]
      [Queue Fixup (ms): Min: 0.0, Avg: 0.0, Max: 0.0, Diff: 0.0, Sum: 0.0]
      [Table Fixup (ms): Min: 2.0, Avg: 2.1, Max: 2.2, Diff: 0.2, Sum: 21.0]
   [Clear CT: 0.8 ms]
   [Other: 1.1 ms]
      [Choose CSet: 0.0 ms]
      [Ref Proc: 0.3 ms]
      [Ref Enq: 0.0 ms]
      [Redirty Cards: 0.7 ms]
      [Humongous Register: 0.0 ms]
      [Humongous Reclaim: 0.0 ms]
      [Free CSet: 0.0 ms]
   [Eden: 47104.0K(47104.0K)->0.0B(47104.0K) Survivors: 2048.0K->2048.0K Heap: 235.8M(267.0M)->189.5M(267.0M)]
 [Times: user=0.16 sys=0.00, real=0.01 secs] 
2020-12-18T17:13:02.883+0530: 452789.454: [GC concurrent-string-deduplication, 7320.0B->3192.0B(4128.0B), avg 59.8%, 0.0000422 secs]
   [Last Exec: 0.0000422 secs, Idle: 0.2429724 secs, Blocked: 0/0.0000000 secs]
      [Inspected:              86]
         [Skipped:              0(  0.0%)]
         [Hashed:              46( 53.5%)]
         [Known:                2(  2.3%)]
         [New:                 84( 97.7%)   7320.0B]
      [Deduplicated:           52( 61.9%)   4128.0B( 56.4%)]
         [Young:               52(100.0%)   4128.0B(100.0%)]
         [Old:                  0(  0.0%)      0.0B(  0.0%)]
   [Total Exec: 1827/0.8860349 secs, Idle: 1827/452788.0669477 secs, Blocked: 133/0.0943544 secs]
      [Inspected:         2968252]
         [Skipped:              0(  0.0%)]
         [Hashed:         1247158( 42.0%)]
         [Known:           196686(  6.6%)]
         [New:            2771566( 93.4%)    215.5M]
      [Deduplicated:      1945848( 70.2%)    128.8M( 59.8%)]
         [Young:           811922( 41.7%)  63204.7K( 47.9%)]
         [Old:            1133926( 58.3%)  68686.1K( 52.1%)]
   [Table]
      [Memory Usage: 8448.9K]
      [Size: 262144, Min: 1024, Max: 16777216]
      [Entries: 265243, Load: 101.2%, Cached: 7860, Added: 995385, Removed: 730142]
      [Resize Count: 8, Shrink Threshold: 174762(66.7%), Grow Threshold: 524288(200.0%)]
      [Rehash Count: 0, Rehash Threshold: 120, Hash Seed: 0x0]
      [Age Threshold: 3]
   [Queue]
      [Dropped: 0]
[GC concurrent-string-deduplication, deleted 0 entries, 0.0000006 secs]
2020-12-18T17:13:03.074+0530: 452789.645: [GC pause (G1 Humongous Allocation) (young) (initial-mark), 0.0096863 secs]
   [Parallel Time: 4.6 ms, GC Workers: 10]
      [GC Worker Start (ms): Min: 452789645.3, Avg: 452789645.4, Max: 452789645.5, Diff: 0.2]
      [Ext Root Scanning (ms): Min: 3.5, Avg: 3.7, Max: 3.9, Diff: 0.3, Sum: 36.9]
      [Update RS (ms): Min: 0.2, Avg: 0.2, Max: 0.4, Diff: 0.2, Sum: 2.5]
         [Processed Buffers: Min: 1, Avg: 2.3, Max: 7, Diff: 6, Sum: 23]
      [Scan RS (ms): Min: 0.0, Avg: 0.0, Max: 0.0, Diff: 0.0, Sum: 0.0]
      [Code Root Scanning (ms): Min: 0.0, Avg: 0.0, Max: 0.0, Diff: 0.0, Sum: 0.0]
      [Object Copy (ms): Min: 0.2, Avg: 0.4, Max: 0.5, Diff: 0.4, Sum: 3.8]
      [Termination (ms): Min: 0.0, Avg: 0.0, Max: 0.0, Diff: 0.0, Sum: 0.0]
         [Termination Attempts: Min: 1, Avg: 5.0, Max: 7, Diff: 6, Sum: 50]
      [GC Worker Other (ms): Min: 0.0, Avg: 0.0, Max: 0.1, Diff: 0.1, Sum: 0.3]
      [GC Worker Total (ms): Min: 4.3, Avg: 4.4, Max: 4.4, Diff: 0.2, Sum: 43.5]
      [GC Worker End (ms): Min: 452789649.8, Avg: 452789649.8, Max: 452789649.8, Diff: 0.0]
   [Code Root Fixup: 0.0 ms]
   [Code Root Purge: 0.0 ms]
   [String Dedup Fixup: 4.5 ms, GC Workers: 10]
      [Queue Fixup (ms): Min: 0.0, Avg: 0.0, Max: 0.0, Diff: 0.0, Sum: 0.0]
      [Table Fixup (ms): Min: 1.8, Avg: 4.0, Max: 4.3, Diff: 2.5, Sum: 39.9]
   [Clear CT: 0.2 ms]
   [Other: 0.5 ms]
      [Choose CSet: 0.0 ms]
      [Ref Proc: 0.1 ms]
      [Ref Enq: 0.0 ms]
      [Redirty Cards: 0.2 ms]
      [Humongous Register: 0.0 ms]
      [Humongous Reclaim: 0.0 ms]
      [Free CSet: 0.0 ms]
   [Eden: 15360.0K(47104.0K)->0.0B(47104.0K) Survivors: 2048.0K->2048.0K Heap: 204.3M(267.0M)->189.1M(267.0M)]
 [Times: user=0.02 sys=0.00, real=0.01 secs] 
2020-12-18T17:13:03.084+0530: 452789.655: [GC concurrent-root-region-scan-start]
2020-12-18T17:13:03.084+0530: 452789.655: [GC concurrent-string-deduplication, 752.0B->408.0B(344.0B), avg 59.8%, 0.0000512 secs]
   [Last Exec: 0.0000512 secs, Idle: 0.2007179 secs, Blocked: 0/0.0000000 secs]
      [Inspected:              17]
         [Skipped:              0(  0.0%)]
         [Hashed:              17(100.0%)]
         [Known:                0(  0.0%)]
         [New:                 17(100.0%)    752.0B]
      [Deduplicated:           11( 64.7%)    344.0B( 45.7%)]
         [Young:               11(100.0%)    344.0B(100.0%)]
         [Old:                  0(  0.0%)      0.0B(  0.0%)]
   [Total Exec: 1828/0.8860861 secs, Idle: 1828/452788.2676656 secs, Blocked: 133/0.0943544 secs]
      [Inspected:         2968269]
         [Skipped:              0(  0.0%)]
         [Hashed:         1247175( 42.0%)]
         [Known:           196686(  6.6%)]
         [New:            2771583( 93.4%)    215.5M]
      [Deduplicated:      1945859( 70.2%)    128.8M( 59.8%)]
         [Young:           811933( 41.7%)  63205.1K( 47.9%)]
         [Old:            1133926( 58.3%)  68686.1K( 52.1%)]
   [Table]
      [Memory Usage: 8448.9K]
      [Size: 262144, Min: 1024, Max: 16777216]
      [Entries: 265245, Load: 101.2%, Cached: 7858, Added: 995391, Removed: 730146]
      [Resize Count: 8, Shrink Threshold: 174762(66.7%), Grow Threshold: 524288(200.0%)]
      [Rehash Count: 0, Rehash Threshold: 120, Hash Seed: 0x0]
      [Age Threshold: 3]
   [Queue]
      [Dropped: 0]
[GC concurrent-string-deduplication, deleted 0 entries, 0.0000009 secs]
2020-12-18T17:13:03.086+0530: 452789.657: [GC concurrent-root-region-scan-end, 0.0021062 secs]
2020-12-18T17:13:03.086+0530: 452789.657: [GC concurrent-mark-start]
2020-12-18T17:13:03.200+0530: 452789.770: [GC concurrent-mark-end, 0.1133378 secs]
2020-12-18T17:13:03.200+0530: 452789.771: [GC remark 2020-12-18T17:13:03.200+0530: 452789.771: [Finalize Marking, 0.0001745 secs] 2020-12-18T17:13:03.200+0530: 452789.771: [GC ref-proc, 0.0005420 secs] 2020-12-18T17:13:03.201+0530: 452789.772: [Unloading, 0.0225892 secs], 0.0239706 secs]
 [Times: user=0.31 sys=0.00, real=0.02 secs] 
2020-12-18T17:13:03.225+0530: 452789.795: [GC cleanup 191M->191M(267M), 0.0024367 secs]
 [Times: user=0.00 sys=0.00, real=0.00 secs] 
2020-12-18T17:13:04.029+0530: 452790.600: [GC pause (G1 Evacuation Pause) (young), 0.0074103 secs]
   [Parallel Time: 2.3 ms, GC Workers: 10]
      [GC Worker Start (ms): Min: 452790600.1, Avg: 452790600.1, Max: 452790600.2, Diff: 0.1]
      [Ext Root Scanning (ms): Min: 0.7, Avg: 0.8, Max: 1.6, Diff: 1.0, Sum: 8.3]
      [Update RS (ms): Min: 0.0, Avg: 0.3, Max: 1.0, Diff: 1.0, Sum: 3.1]
         [Processed Buffers: Min: 0, Avg: 3.5, Max: 7, Diff: 7, Sum: 35]
      [Scan RS (ms): Min: 0.0, Avg: 0.0, Max: 0.0, Diff: 0.0, Sum: 0.0]
      [Code Root Scanning (ms): Min: 0.0, Avg: 0.0, Max: 0.0, Diff: 0.0, Sum: 0.0]
      [Object Copy (ms): Min: 0.0, Avg: 0.3, Max: 0.5, Diff: 0.5, Sum: 3.2]
      [Termination (ms): Min: 0.0, Avg: 0.4, Max: 0.4, Diff: 0.4, Sum: 3.7]
         [Termination Attempts: Min: 1, Avg: 1.0, Max: 1, Diff: 0, Sum: 10]
      [GC Worker Other (ms): Min: 0.0, Avg: 0.0, Max: 0.0, Diff: 0.0, Sum: 0.1]
      [GC Worker Total (ms): Min: 1.8, Avg: 1.8, Max: 1.9, Diff: 0.1, Sum: 18.5]
      [GC Worker End (ms): Min: 452790602.0, Avg: 452790602.0, Max: 452790602.0, Diff: 0.0]
   [Code Root Fixup: 0.0 ms]
   [Code Root Purge: 0.0 ms]
   [String Dedup Fixup: 2.9 ms, GC Workers: 10]
      [Queue Fixup (ms): Min: 0.0, Avg: 0.0, Max: 0.0, Diff: 0.0, Sum: 0.0]
      [Table Fixup (ms): Min: 2.2, Avg: 2.3, Max: 2.4, Diff: 0.2, Sum: 22.8]
   [Clear CT: 0.8 ms]
   [Other: 1.4 ms]
      [Choose CSet: 0.0 ms]
      [Ref Proc: 0.5 ms]
      [Ref Enq: 0.0 ms]
      [Redirty Cards: 0.7 ms]
      [Humongous Register: 0.0 ms]
      [Humongous Reclaim: 0.0 ms]
      [Free CSet: 0.0 ms]
   [Eden: 47104.0K(47104.0K)->0.0B(11264.0K) Survivors: 2048.0K->2048.0K Heap: 236.1M(267.0M)->189.1M(267.0M)]
 [Times: user=0.16 sys=0.00, real=0.01 secs] 
2020-12-18T17:13:04.037+0530: 452790.608: [GC concurrent-string-deduplication, 11304.0B->5408.0B(5896.0B), avg 59.8%, 0.0000598 secs]
   [Last Exec: 0.0000598 secs, Idle: 0.9523966 secs, Blocked: 0/0.0000000 secs]
      [Inspected:             149]
         [Skipped:              0(  0.0%)]
         [Hashed:             134( 89.9%)]
         [Known:                0(  0.0%)]
         [New:                149(100.0%)  11304.0B]
      [Deduplicated:           94( 63.1%)   5896.0B( 52.2%)]
         [Young:               94(100.0%)   5896.0B(100.0%)]
         [Old:                  0(  0.0%)      0.0B(  0.0%)]
   [Total Exec: 1829/0.8861459 secs, Idle: 1829/452789.2200622 secs, Blocked: 133/0.0943544 secs]
      [Inspected:         2968418]
         [Skipped:              0(  0.0%)]
         [Hashed:         1247309( 42.0%)]
         [Known:           196686(  6.6%)]
         [New:            2771732( 93.4%)    215.5M]
      [Deduplicated:      1945953( 70.2%)    128.8M( 59.8%)]
         [Young:           812027( 41.7%)  63210.8K( 47.9%)]
         [Old:            1133926( 58.3%)  68686.1K( 52.1%)]
   [Table]
      [Memory Usage: 8448.9K]
      [Size: 262144, Min: 1024, Max: 16777216]
      [Entries: 264953, Load: 101.1%, Cached: 8150, Added: 995509, Removed: 730556]
      [Resize Count: 8, Shrink Threshold: 174762(66.7%), Grow Threshold: 524288(200.0%)]
      [Rehash Count: 0, Rehash Threshold: 120, Hash Seed: 0x0]
      [Age Threshold: 3]
   [Queue]
      [Dropped: 0]
[GC concurrent-string-deduplication, deleted 0 entries, 0.0000011 secs]
2020-12-18T17:13:04.066+0530: 452790.637: [GC pause (G1 Evacuation Pause) (mixed), 0.0094396 secs]
   [Parallel Time: 3.8 ms, GC Workers: 10]
      [GC Worker Start (ms): Min: 452790637.4, Avg: 452790637.5, Max: 452790637.6, Diff: 0.2]
      [Ext Root Scanning (ms): Min: 0.7, Avg: 0.9, Max: 1.8, Diff: 1.1, Sum: 9.5]
      [Update RS (ms): Min: 0.0, Avg: 0.1, Max: 0.3, Diff: 0.3, Sum: 1.4]
         [Processed Buffers: Min: 0, Avg: 1.2, Max: 3, Diff: 3, Sum: 12]
      [Scan RS (ms): Min: 0.0, Avg: 0.4, Max: 0.7, Diff: 0.7, Sum: 3.9]
      [Code Root Scanning (ms): Min: 0.0, Avg: 0.0, Max: 0.0, Diff: 0.0, Sum: 0.0]
      [Object Copy (ms): Min: 0.7, Avg: 1.1, Max: 1.6, Diff: 0.9, Sum: 11.4]
      [Termination (ms): Min: 0.0, Avg: 0.5, Max: 0.6, Diff: 0.6, Sum: 4.9]
         [Termination Attempts: Min: 1, Avg: 1.0, Max: 1, Diff: 0, Sum: 10]
      [GC Worker Other (ms): Min: 0.0, Avg: 0.0, Max: 0.0, Diff: 0.0, Sum: 0.1]
      [GC Worker Total (ms): Min: 3.0, Avg: 3.1, Max: 3.3, Diff: 0.2, Sum: 31.2]
      [GC Worker End (ms): Min: 452790640.6, Avg: 452790640.6, Max: 452790640.6, Diff: 0.0]
   [Code Root Fixup: 0.0 ms]
   [Code Root Purge: 0.0 ms]
   [String Dedup Fixup: 3.4 ms, GC Workers: 10]
      [Queue Fixup (ms): Min: 0.0, Avg: 0.0, Max: 0.0, Diff: 0.0, Sum: 0.0]
      [Table Fixup (ms): Min: 1.3, Avg: 2.9, Max: 3.2, Diff: 1.9, Sum: 29.1]
   [Clear CT: 0.7 ms]
   [Other: 1.5 ms]
      [Choose CSet: 0.0 ms]
      [Ref Proc: 0.5 ms]
      [Ref Enq: 0.0 ms]
      [Redirty Cards: 0.8 ms]
      [Humongous Register: 0.0 ms]
      [Humongous Reclaim: 0.0 ms]
      [Free CSet: 0.1 ms]
   [Eden: 11264.0K(11264.0K)->0.0B(49152.0K) Survivors: 2048.0K->2048.0K Heap: 200.1M(267.0M)->187.8M(267.0M)]
 [Times: user=0.00 sys=0.00, real=0.01 secs] 
2020-12-18T17:13:04.076+0530: 452790.647: [GC concurrent-string-deduplication, 1776.0B->472.0B(1304.0B), avg 59.8%, 0.0000155 secs]
   [Last Exec: 0.0000155 secs, Idle: 0.0392575 secs, Blocked: 0/0.0000000 secs]
      [Inspected:              17]
         [Skipped:              0(  0.0%)]
         [Hashed:               7( 41.2%)]
         [Known:                0(  0.0%)]
         [New:                 17(100.0%)   1776.0B]
      [Deduplicated:           11( 64.7%)   1304.0B( 73.4%)]
         [Young:               11(100.0%)   1304.0B(100.0%)]
         [Old:                  0(  0.0%)      0.0B(  0.0%)]
   [Total Exec: 1830/0.8861614 secs, Idle: 1830/452789.2593197 secs, Blocked: 133/0.0943544 secs]
      [Inspected:         2968435]
         [Skipped:              0(  0.0%)]
         [Hashed:         1247316( 42.0%)]
         [Known:           196686(  6.6%)]
         [New:            2771749( 93.4%)    215.5M]
      [Deduplicated:      1945964( 70.2%)    128.8M( 59.8%)]
         [Young:           812038( 41.7%)  63212.1K( 47.9%)]
         [Old:            1133926( 58.3%)  68686.1K( 52.1%)]
   [Table]
      [Memory Usage: 8448.9K]
      [Size: 262144, Min: 1024, Max: 16777216]
      [Entries: 264959, Load: 101.1%, Cached: 8144, Added: 995515, Removed: 730556]
      [Resize Count: 8, Shrink Threshold: 174762(66.7%), Grow Threshold: 524288(200.0%)]
      [Rehash Count: 0, Rehash Threshold: 120, Hash Seed: 0x0]
      [Age Threshold: 3]
   [Queue]
      [Dropped: 0]
[GC concurrent-string-deduplication, deleted 0 entries, 0.0000008 secs]
2020-12-18T17:13:04.619+0530: 452791.190: [GC pause (G1 Evacuation Pause) (young), 0.0082502 secs]
   [Parallel Time: 3.2 ms, GC Workers: 10]
      [GC Worker Start (ms): Min: 452791189.8, Avg: 452791189.9, Max: 452791190.0, Diff: 0.2]
      [Ext Root Scanning (ms): Min: 0.6, Avg: 0.8, Max: 1.7, Diff: 1.0, Sum: 8.3]
      [Update RS (ms): Min: 1.0, Avg: 1.4, Max: 1.6, Diff: 0.7, Sum: 14.0]
         [Processed Buffers: Min: 2, Avg: 4.5, Max: 13, Diff: 11, Sum: 45]
      [Scan RS (ms): Min: 0.0, Avg: 0.0, Max: 0.0, Diff: 0.0, Sum: 0.1]
      [Code Root Scanning (ms): Min: 0.0, Avg: 0.0, Max: 0.0, Diff: 0.0, Sum: 0.0]
      [Object Copy (ms): Min: 0.0, Avg: 0.3, Max: 0.4, Diff: 0.4, Sum: 2.9]
      [Termination (ms): Min: 0.0, Avg: 0.0, Max: 0.0, Diff: 0.0, Sum: 0.0]
         [Termination Attempts: Min: 1, Avg: 1.3, Max: 2, Diff: 1, Sum: 13]
      [GC Worker Other (ms): Min: 0.0, Avg: 0.0, Max: 0.0, Diff: 0.0, Sum: 0.2]
      [GC Worker Total (ms): Min: 2.5, Avg: 2.6, Max: 2.7, Diff: 0.2, Sum: 25.5]
      [GC Worker End (ms): Min: 452791192.5, Avg: 452791192.5, Max: 452791192.5, Diff: 0.0]
   [Code Root Fixup: 0.0 ms]
   [Code Root Purge: 0.0 ms]
   [String Dedup Fixup: 2.9 ms, GC Workers: 10]
      [Queue Fixup (ms): Min: 0.0, Avg: 0.0, Max: 0.0, Diff: 0.0, Sum: 0.0]
      [Table Fixup (ms): Min: 2.6, Avg: 2.6, Max: 2.7, Diff: 0.2, Sum: 26.3]
   [Clear CT: 1.0 ms]
   [Other: 1.2 ms]
      [Choose CSet: 0.0 ms]
      [Ref Proc: 0.7 ms]
      [Ref Enq: 0.0 ms]
      [Redirty Cards: 0.3 ms]
      [Humongous Register: 0.0 ms]
      [Humongous Reclaim: 0.0 ms]
      [Free CSet: 0.0 ms]
   [Eden: 49152.0K(49152.0K)->0.0B(51200.0K) Survivors: 2048.0K->1024.0K Heap: 235.8M(267.0M)->187.6M(267.0M)]
 [Times: user=0.16 sys=0.00, real=0.01 secs] 
2020-12-18T17:13:04.628+0530: 452791.198: [GC concurrent-string-deduplication, 11336.0B->5768.0B(5568.0B), avg 59.8%, 0.0000920 secs]
   [Last Exec: 0.0000920 secs, Idle: 0.5512365 secs, Blocked: 0/0.0000000 secs]
      [Inspected:             187]
         [Skipped:              0(  0.0%)]
         [Hashed:             107( 57.2%)]
         [Known:               67( 35.8%)]
         [New:                120( 64.2%)  11336.0B]
      [Deduplicated:           90( 75.0%)   5568.0B( 49.1%)]
         [Young:               90(100.0%)   5568.0B(100.0%)]
         [Old:                  0(  0.0%)      0.0B(  0.0%)]
   [Total Exec: 1831/0.8862534 secs, Idle: 1831/452789.8105562 secs, Blocked: 133/0.0943544 secs]
      [Inspected:         2968622]
         [Skipped:              0(  0.0%)]
         [Hashed:         1247423( 42.0%)]
         [Known:           196753(  6.6%)]
         [New:            2771869( 93.4%)    215.6M]
      [Deduplicated:      1946054( 70.2%)    128.8M( 59.8%)]
         [Young:           812128( 41.7%)  63217.5K( 47.9%)]
         [Old:            1133926( 58.3%)  68686.1K( 52.1%)]
   [Table]
      [Memory Usage: 8448.9K]
      [Size: 262144, Min: 1024, Max: 16777216]
      [Entries: 265036, Load: 101.1%, Cached: 8067, Added: 995608, Removed: 730572]
      [Resize Count: 8, Shrink Threshold: 174762(66.7%), Grow Threshold: 524288(200.0%)]
      [Rehash Count: 0, Rehash Threshold: 120, Hash Seed: 0x0]
      [Age Threshold: 3]
   [Queue]
      [Dropped: 0]
[GC concurrent-string-deduplication, deleted 0 entries, 0.0000006 secs]
2020-12-18T17:17:15.969+0530: 453042.540: [GC pause (G1 Evacuation Pause) (young) (initial-mark), 0.0085379 secs]
   [Parallel Time: 3.7 ms, GC Workers: 10]
      [GC Worker Start (ms): Min: 453042540.3, Avg: 453042540.5, Max: 453042540.7, Diff: 0.4]
      [Ext Root Scanning (ms): Min: 1.6, Avg: 1.8, Max: 2.2, Diff: 0.6, Sum: 18.5]
      [Update RS (ms): Min: 0.5, Avg: 0.8, Max: 1.1, Diff: 0.7, Sum: 7.8]
         [Processed Buffers: Min: 3, Avg: 6.2, Max: 17, Diff: 14, Sum: 62]
      [Scan RS (ms): Min: 0.0, Avg: 0.0, Max: 0.0, Diff: 0.0, Sum: 0.1]
      [Code Root Scanning (ms): Min: 0.0, Avg: 0.0, Max: 0.0, Diff: 0.0, Sum: 0.0]
      [Object Copy (ms): Min: 0.4, Avg: 0.8, Max: 1.0, Diff: 0.7, Sum: 7.7]
      [Termination (ms): Min: 0.0, Avg: 0.0, Max: 0.0, Diff: 0.0, Sum: 0.2]
         [Termination Attempts: Min: 1, Avg: 1.0, Max: 1, Diff: 0, Sum: 10]
      [GC Worker Other (ms): Min: 0.0, Avg: 0.0, Max: 0.0, Diff: 0.0, Sum: 0.1]
      [GC Worker Total (ms): Min: 3.2, Avg: 3.4, Max: 3.7, Diff: 0.4, Sum: 34.4]
      [GC Worker End (ms): Min: 453042543.9, Avg: 453042543.9, Max: 453042543.9, Diff: 0.0]
   [Code Root Fixup: 0.0 ms]
   [Code Root Purge: 0.0 ms]
   [String Dedup Fixup: 2.6 ms, GC Workers: 10]
      [Queue Fixup (ms): Min: 0.0, Avg: 0.0, Max: 0.0, Diff: 0.0, Sum: 0.0]
      [Table Fixup (ms): Min: 1.7, Avg: 1.8, Max: 2.1, Diff: 0.4, Sum: 18.5]
   [Clear CT: 0.8 ms]
   [Other: 1.4 ms]
      [Choose CSet: 0.0 ms]
      [Ref Proc: 0.4 ms]
      [Ref Enq: 0.0 ms]
      [Redirty Cards: 0.8 ms]
      [Humongous Register: 0.0 ms]
      [Humongous Reclaim: 0.0 ms]
      [Free CSet: 0.0 ms]
   [Eden: 51200.0K(51200.0K)->0.0B(49152.0K) Survivors: 1024.0K->2048.0K Heap: 237.6M(267.0M)->188.3M(267.0M)]
 [Times: user=0.00 sys=0.00, real=0.01 secs] 
2020-12-18T17:17:15.978+0530: 453042.549: [GC concurrent-root-region-scan-start]
2020-12-18T17:17:15.980+0530: 453042.551: [GC concurrent-root-region-scan-end, 0.0020319 secs]
2020-12-18T17:17:15.980+0530: 453042.551: [GC concurrent-mark-start]
2020-12-18T17:17:16.061+0530: 453042.632: [GC concurrent-mark-end, 0.0814888 secs]
2020-12-18T17:17:16.062+0530: 453042.633: [GC remark 2020-12-18T17:17:16.062+0530: 453042.633: [Finalize Marking, 0.0006345 secs] 2020-12-18T17:17:16.062+0530: 453042.633: [GC ref-proc, 0.0004864 secs] 2020-12-18T17:17:16.063+0530: 453042.634: [Unloading, 0.0201100 secs], 0.0223397 secs]
 [Times: user=0.17 sys=0.00, real=0.02 secs] 
2020-12-18T17:17:16.085+0530: 453042.656: [GC cleanup 188M->188M(267M), 0.0037214 secs]
 [Times: user=0.00 sys=0.00, real=0.00 secs] 
2020-12-18T17:22:13.757+0530: 453340.327: [GC pause (G1 Evacuation Pause) (young), 0.0160285 secs]
   [Parallel Time: 2.6 ms, GC Workers: 10]
      [GC Worker Start (ms): Min: 453340327.6, Avg: 453340327.7, Max: 453340327.9, Diff: 0.3]
      [Ext Root Scanning (ms): Min: 0.5, Avg: 0.7, Max: 1.4, Diff: 0.9, Sum: 7.2]
      [Update RS (ms): Min: 0.2, Avg: 0.6, Max: 1.0, Diff: 0.7, Sum: 6.1]
         [Processed Buffers: Min: 3, Avg: 6.2, Max: 13, Diff: 10, Sum: 62]
      [Scan RS (ms): Min: 0.0, Avg: 0.0, Max: 0.0, Diff: 0.0, Sum: 0.0]
      [Code Root Scanning (ms): Min: 0.0, Avg: 0.0, Max: 0.0, Diff: 0.0, Sum: 0.0]
      [Object Copy (ms): Min: 0.3, Avg: 0.6, Max: 0.7, Diff: 0.4, Sum: 5.6]
      [Termination (ms): Min: 0.0, Avg: 0.0, Max: 0.0, Diff: 0.0, Sum: 0.0]
         [Termination Attempts: Min: 1, Avg: 1.0, Max: 1, Diff: 0, Sum: 10]
      [GC Worker Other (ms): Min: 0.0, Avg: 0.0, Max: 0.1, Diff: 0.1, Sum: 0.3]
      [GC Worker Total (ms): Min: 1.8, Avg: 1.9, Max: 2.1, Diff: 0.3, Sum: 19.3]
      [GC Worker End (ms): Min: 453340329.7, Avg: 453340329.7, Max: 453340329.7, Diff: 0.1]
   [Code Root Fixup: 0.0 ms]
   [Code Root Purge: 0.0 ms]
   [String Dedup Fixup: 2.7 ms, GC Workers: 10]
      [Queue Fixup (ms): Min: 0.0, Avg: 0.0, Max: 0.0, Diff: 0.0, Sum: 0.0]
      [Table Fixup (ms): Min: 1.9, Avg: 2.0, Max: 2.1, Diff: 0.3, Sum: 20.0]
   [Clear CT: 0.8 ms]
   [Other: 9.9 ms]
      [Choose CSet: 0.0 ms]
      [Ref Proc: 9.0 ms]
      [Ref Enq: 0.0 ms]
      [Redirty Cards: 0.7 ms]
      [Humongous Register: 0.0 ms]
      [Humongous Reclaim: 0.0 ms]
      [Free CSet: 0.0 ms]
   [Eden: 49152.0K(49152.0K)->0.0B(43008.0K) Survivors: 2048.0K->5120.0K Heap: 236.3M(267.0M)->191.5M(267.0M)]
 [Times: user=0.00 sys=0.00, real=0.02 secs] 
2020-12-18T17:22:13.773+0530: 453340.344: [GC concurrent-string-deduplication, 3168.0B->2096.0B(1072.0B), avg 59.8%, 0.0000367 secs]
   [Last Exec: 0.0000367 secs, Idle: 549.1453199 secs, Blocked: 0/0.0000000 secs]
      [Inspected:             131]
         [Skipped:              0(  0.0%)]
         [Hashed:               9(  6.9%)]
         [Known:               71( 54.2%)]
         [New:                 60( 45.8%)   3168.0B]
      [Deduplicated:           33( 55.0%)   1072.0B( 33.8%)]
         [Young:               33(100.0%)   1072.0B(100.0%)]
         [Old:                  0(  0.0%)      0.0B(  0.0%)]
   [Total Exec: 1832/0.8862901 secs, Idle: 1832/453338.9558761 secs, Blocked: 133/0.0943544 secs]
      [Inspected:         2968753]
         [Skipped:              0(  0.0%)]
         [Hashed:         1247432( 42.0%)]
         [Known:           196824(  6.6%)]
         [New:            2771929( 93.4%)    215.6M]
      [Deduplicated:      1946087( 70.2%)    128.8M( 59.8%)]
         [Young:           812161( 41.7%)  63218.6K( 47.9%)]
         [Old:            1133926( 58.3%)  68686.1K( 52.1%)]
   [Table]
      [Memory Usage: 8448.9K]
      [Size: 262144, Min: 1024, Max: 16777216]
      [Entries: 265063, Load: 101.1%, Cached: 8040, Added: 995774, Removed: 730711]
      [Resize Count: 8, Shrink Threshold: 174762(66.7%), Grow Threshold: 524288(200.0%)]
      [Rehash Count: 0, Rehash Threshold: 120, Hash Seed: 0x0]
      [Age Threshold: 3]
   [Queue]
      [Dropped: 0]
[GC concurrent-string-deduplication, deleted 0 entries, 0.0000009 secs]
2020-12-18T17:27:13.935+0530: 453640.506: [GC pause (G1 Evacuation Pause) (young), 0.0077212 secs]
   [Parallel Time: 2.8 ms, GC Workers: 10]
      [GC Worker Start (ms): Min: 453640505.9, Avg: 453640506.1, Max: 453640506.2, Diff: 0.3]
      [Ext Root Scanning (ms): Min: 0.5, Avg: 0.8, Max: 2.0, Diff: 1.5, Sum: 7.9]
      [Update RS (ms): Min: 0.0, Avg: 0.5, Max: 1.0, Diff: 1.0, Sum: 5.2]
         [Processed Buffers: Min: 0, Avg: 5.4, Max: 14, Diff: 14, Sum: 54]
      [Scan RS (ms): Min: 0.0, Avg: 0.0, Max: 0.0, Diff: 0.0, Sum: 0.1]
      [Code Root Scanning (ms): Min: 0.0, Avg: 0.0, Max: 0.0, Diff: 0.0, Sum: 0.0]
      [Object Copy (ms): Min: 0.1, Avg: 0.6, Max: 0.8, Diff: 0.8, Sum: 5.9]
      [Termination (ms): Min: 0.0, Avg: 0.0, Max: 0.0, Diff: 0.0, Sum: 0.0]
         [Termination Attempts: Min: 1, Avg: 1.0, Max: 1, Diff: 0, Sum: 10]
      [GC Worker Other (ms): Min: 0.0, Avg: 0.0, Max: 0.0, Diff: 0.0, Sum: 0.2]
      [GC Worker Total (ms): Min: 1.8, Avg: 1.9, Max: 2.1, Diff: 0.3, Sum: 19.2]
      [GC Worker End (ms): Min: 453640508.0, Avg: 453640508.0, Max: 453640508.0, Diff: 0.0]
   [Code Root Fixup: 0.0 ms]
   [Code Root Purge: 0.0 ms]
   [String Dedup Fixup: 2.6 ms, GC Workers: 10]
      [Queue Fixup (ms): Min: 0.0, Avg: 0.0, Max: 0.0, Diff: 0.0, Sum: 0.0]
      [Table Fixup (ms): Min: 1.8, Avg: 1.9, Max: 2.0, Diff: 0.2, Sum: 19.1]
   [Clear CT: 0.8 ms]
   [Other: 1.6 ms]
      [Choose CSet: 0.0 ms]
      [Ref Proc: 0.6 ms]
      [Ref Enq: 0.0 ms]
      [Redirty Cards: 0.8 ms]
      [Humongous Register: 0.0 ms]
      [Humongous Reclaim: 0.0 ms]
      [Free CSet: 0.1 ms]
   [Eden: 43008.0K(43008.0K)->0.0B(45056.0K) Survivors: 5120.0K->4096.0K Heap: 233.5M(267.0M)->189.9M(267.0M)]
 [Times: user=0.14 sys=0.01, real=0.01 secs] 
2020-12-18T17:27:13.944+0530: 453640.515: [GC concurrent-string-deduplication, 425.3K->1232.0B(424.1K), avg 59.8%, 0.0011161 secs]
   [Last Exec: 0.0011161 secs, Idle: 300.1699754 secs, Blocked: 0/0.0000000 secs]
      [Inspected:            5911]
         [Skipped:              0(  0.0%)]
         [Hashed:            5835( 98.7%)]
         [Known:               70(  1.2%)]
         [New:               5841( 98.8%)    425.3K]
      [Deduplicated:         5826( 99.7%)    424.1K( 99.7%)]
         [Young:             5826(100.0%)    424.1K(100.0%)]
         [Old:                  0(  0.0%)      0.0B(  0.0%)]
   [Total Exec: 1833/0.8874062 secs, Idle: 1833/453639.1258515 secs, Blocked: 133/0.0943544 secs]
      [Inspected:         2974664]
         [Skipped:              0(  0.0%)]
         [Hashed:         1253267( 42.1%)]
         [Known:           196894(  6.6%)]
         [New:            2777770( 93.4%)    216.0M]
      [Deduplicated:      1951913( 70.3%)    129.2M( 59.8%)]
         [Young:           817987( 41.9%)  63642.7K( 48.1%)]
         [Old:            1133926( 58.1%)  68686.1K( 51.9%)]
   [Table]
      [Memory Usage: 8448.9K]
      [Size: 262144, Min: 1024, Max: 16777216]
      [Entries: 265078, Load: 101.1%, Cached: 8025, Added: 995789, Removed: 730711]
      [Resize Count: 8, Shrink Threshold: 174762(66.7%), Grow Threshold: 524288(200.0%)]
      [Rehash Count: 0, Rehash Threshold: 120, Hash Seed: 0x0]
      [Age Threshold: 3]
   [Queue]
      [Dropped: 0]
[GC concurrent-string-deduplication, deleted 0 entries, 0.0000009 secs]
2020-12-18T17:32:14.112+0530: 453940.682: [GC pause (G1 Evacuation Pause) (young) (initial-mark), 0.0086484 secs]
   [Parallel Time: 3.6 ms, GC Workers: 10]
      [GC Worker Start (ms): Min: 453940682.7, Avg: 453940682.8, Max: 453940682.9, Diff: 0.3]
      [Ext Root Scanning (ms): Min: 1.5, Avg: 1.7, Max: 2.0, Diff: 0.5, Sum: 17.2]
      [Update RS (ms): Min: 0.4, Avg: 0.6, Max: 0.9, Diff: 0.5, Sum: 5.6]
         [Processed Buffers: Min: 2, Avg: 5.3, Max: 12, Diff: 10, Sum: 53]
      [Scan RS (ms): Min: 0.0, Avg: 0.0, Max: 0.0, Diff: 0.0, Sum: 0.0]
      [Code Root Scanning (ms): Min: 0.0, Avg: 0.0, Max: 0.0, Diff: 0.0, Sum: 0.0]
      [Object Copy (ms): Min: 0.4, Avg: 0.6, Max: 0.7, Diff: 0.3, Sum: 5.7]
      [Termination (ms): Min: 0.0, Avg: 0.0, Max: 0.0, Diff: 0.0, Sum: 0.0]
         [Termination Attempts: Min: 1, Avg: 1.0, Max: 1, Diff: 0, Sum: 10]
      [GC Worker Other (ms): Min: 0.0, Avg: 0.0, Max: 0.1, Diff: 0.1, Sum: 0.3]
      [GC Worker Total (ms): Min: 2.8, Avg: 2.9, Max: 3.1, Diff: 0.3, Sum: 28.9]
      [GC Worker End (ms): Min: 453940685.7, Avg: 453940685.7, Max: 453940685.8, Diff: 0.1]
   [Code Root Fixup: 0.0 ms]
   [Code Root Purge: 0.0 ms]
   [String Dedup Fixup: 2.6 ms, GC Workers: 10]
      [Queue Fixup (ms): Min: 0.0, Avg: 0.0, Max: 0.0, Diff: 0.0, Sum: 0.0]
      [Table Fixup (ms): Min: 1.8, Avg: 1.9, Max: 2.1, Diff: 0.2, Sum: 19.3]
   [Clear CT: 0.9 ms]
   [Other: 1.6 ms]
      [Choose CSet: 0.0 ms]
      [Ref Proc: 0.6 ms]
      [Ref Enq: 0.0 ms]
      [Redirty Cards: 0.8 ms]
      [Humongous Register: 0.0 ms]
      [Humongous Reclaim: 0.0 ms]
      [Free CSet: 0.0 ms]
   [Eden: 45056.0K(45056.0K)->0.0B(47104.0K) Survivors: 4096.0K->3072.0K Heap: 233.9M(267.0M)->189.2M(267.0M)]
 [Times: user=0.00 sys=0.00, real=0.01 secs] 
2020-12-18T17:32:14.121+0530: 453940.691: [GC concurrent-root-region-scan-start]
2020-12-18T17:32:14.121+0530: 453940.691: [GC concurrent-string-deduplication, 11576.0B->7456.0B(4120.0B), avg 59.8%, 0.0000795 secs]
   [Last Exec: 0.0000795 secs, Idle: 300.1764210 secs, Blocked: 0/0.0000000 secs]
      [Inspected:             207]
         [Skipped:              0(  0.0%)]
         [Hashed:             121( 58.5%)]
         [Known:               76( 36.7%)]
         [New:                131( 63.3%)  11576.0B]
      [Deduplicated:           89( 67.9%)   4120.0B( 35.6%)]
         [Young:               89(100.0%)   4120.0B(100.0%)]
         [Old:                  0(  0.0%)      0.0B(  0.0%)]
   [Total Exec: 1834/0.8874857 secs, Idle: 1834/453939.3022725 secs, Blocked: 133/0.0943544 secs]
      [Inspected:         2974871]
         [Skipped:              0(  0.0%)]
         [Hashed:         1253388( 42.1%)]
         [Known:           196970(  6.6%)]
         [New:            2777901( 93.4%)    216.0M]
      [Deduplicated:      1952002( 70.3%)    129.2M( 59.8%)]
         [Young:           818076( 41.9%)  63646.7K( 48.1%)]
         [Old:            1133926( 58.1%)  68686.1K( 51.9%)]
   [Table]
      [Memory Usage: 8448.9K]
      [Size: 262144, Min: 1024, Max: 16777216]
      [Entries: 265120, Load: 101.1%, Cached: 7983, Added: 995831, Removed: 730711]
      [Resize Count: 8, Shrink Threshold: 174762(66.7%), Grow Threshold: 524288(200.0%)]
      [Rehash Count: 0, Rehash Threshold: 120, Hash Seed: 0x0]
      [Age Threshold: 3]
   [Queue]
      [Dropped: 0]
[GC concurrent-string-deduplication, deleted 0 entries, 0.0000006 secs]
2020-12-18T17:32:14.123+0530: 453940.693: [GC concurrent-root-region-scan-end, 0.0019086 secs]
2020-12-18T17:32:14.123+0530: 453940.693: [GC concurrent-mark-start]
2020-12-18T17:32:14.208+0530: 453940.779: [GC concurrent-mark-end, 0.0855968 secs]
2020-12-18T17:32:14.209+0530: 453940.779: [GC remark 2020-12-18T17:32:14.209+0530: 453940.779: [Finalize Marking, 0.0006811 secs] 2020-12-18T17:32:14.210+0530: 453940.780: [GC ref-proc, 0.0004846 secs] 2020-12-18T17:32:14.210+0530: 453940.780: [Unloading, 0.0212231 secs], 0.0234560 secs]
 [Times: user=0.16 sys=0.00, real=0.02 secs] 
2020-12-18T17:32:14.233+0530: 453940.803: [GC cleanup 194M->194M(267M), 0.0039051 secs]
 [Times: user=0.03 sys=0.00, real=0.00 secs] 
2020-12-18T17:37:14.320+0530: 454240.891: [GC pause (G1 Evacuation Pause) (young), 0.0080583 secs]
   [Parallel Time: 2.6 ms, GC Workers: 10]
      [GC Worker Start (ms): Min: 454240890.9, Avg: 454240891.0, Max: 454240891.1, Diff: 0.3]
      [Ext Root Scanning (ms): Min: 0.6, Avg: 0.8, Max: 2.0, Diff: 1.4, Sum: 7.8]
      [Update RS (ms): Min: 0.0, Avg: 0.6, Max: 1.0, Diff: 1.0, Sum: 5.6]
         [Processed Buffers: Min: 0, Avg: 5.4, Max: 22, Diff: 22, Sum: 54]
      [Scan RS (ms): Min: 0.0, Avg: 0.0, Max: 0.0, Diff: 0.0, Sum: 0.0]
      [Code Root Scanning (ms): Min: 0.0, Avg: 0.0, Max: 0.0, Diff: 0.0, Sum: 0.0]
      [Object Copy (ms): Min: 0.1, Avg: 0.5, Max: 0.7, Diff: 0.7, Sum: 5.5]
      [Termination (ms): Min: 0.0, Avg: 0.0, Max: 0.0, Diff: 0.0, Sum: 0.0]
         [Termination Attempts: Min: 1, Avg: 1.0, Max: 1, Diff: 0, Sum: 10]
      [GC Worker Other (ms): Min: 0.0, Avg: 0.0, Max: 0.0, Diff: 0.0, Sum: 0.2]
      [GC Worker Total (ms): Min: 1.8, Avg: 1.9, Max: 2.1, Diff: 0.3, Sum: 19.1]
      [GC Worker End (ms): Min: 454240892.9, Avg: 454240892.9, Max: 454240893.0, Diff: 0.0]
   [Code Root Fixup: 0.0 ms]
   [Code Root Purge: 0.0 ms]
   [String Dedup Fixup: 2.8 ms, GC Workers: 10]
      [Queue Fixup (ms): Min: 0.0, Avg: 0.0, Max: 0.0, Diff: 0.0, Sum: 0.0]
      [Table Fixup (ms): Min: 2.1, Avg: 2.2, Max: 2.3, Diff: 0.3, Sum: 21.5]
   [Clear CT: 1.0 ms]
   [Other: 1.7 ms]
      [Choose CSet: 0.0 ms]
      [Ref Proc: 0.7 ms]
      [Ref Enq: 0.0 ms]
      [Redirty Cards: 0.8 ms]
      [Humongous Register: 0.0 ms]
      [Humongous Reclaim: 0.0 ms]
      [Free CSet: 0.0 ms]
   [Eden: 47104.0K(47104.0K)->0.0B(47104.0K) Survivors: 3072.0K->3072.0K Heap: 235.2M(267.0M)->189.1M(267.0M)]
 [Times: user=0.00 sys=0.00, real=0.01 secs] 
2020-12-18T17:37:14.328+0530: 454240.899: [GC concurrent-string-deduplication, 264.0B->264.0B(0.0B), avg 59.8%, 0.0000039 secs]
   [Last Exec: 0.0000039 secs, Idle: 300.2075248 secs, Blocked: 0/0.0000000 secs]
      [Inspected:               1]
         [Skipped:              0(  0.0%)]
         [Hashed:               1(100.0%)]
         [Known:                0(  0.0%)]
         [New:                  1(100.0%)    264.0B]
      [Deduplicated:            0(  0.0%)      0.0B(  0.0%)]
         [Young:                0(  0.0%)      0.0B(  0.0%)]
         [Old:                  0(  0.0%)      0.0B(  0.0%)]
   [Total Exec: 1835/0.8874896 secs, Idle: 1835/454239.5097973 secs, Blocked: 133/0.0943544 secs]
      [Inspected:         2974872]
         [Skipped:              0(  0.0%)]
         [Hashed:         1253389( 42.1%)]
         [Known:           196970(  6.6%)]
         [New:            2777902( 93.4%)    216.0M]
      [Deduplicated:      1952002( 70.3%)    129.2M( 59.8%)]
         [Young:           818076( 41.9%)  63646.7K( 48.1%)]
         [Old:            1133926( 58.1%)  68686.1K( 51.9%)]
   [Table]
      [Memory Usage: 8448.9K]
      [Size: 262144, Min: 1024, Max: 16777216]
      [Entries: 265120, Load: 101.1%, Cached: 7983, Added: 995832, Removed: 730712]
      [Resize Count: 8, Shrink Threshold: 174762(66.7%), Grow Threshold: 524288(200.0%)]
      [Rehash Count: 0, Rehash Threshold: 120, Hash Seed: 0x0]
      [Age Threshold: 3]
   [Queue]
      [Dropped: 0]
[GC concurrent-string-deduplication, deleted 0 entries, 0.0000008 secs]
2020-12-18T17:42:52.019+0530: 454578.590: [GC pause (G1 Evacuation Pause) (young), 0.0083003 secs]
   [Parallel Time: 2.4 ms, GC Workers: 10]
      [GC Worker Start (ms): Min: 454578589.9, Avg: 454578590.1, Max: 454578590.2, Diff: 0.3]
      [Ext Root Scanning (ms): Min: 0.4, Avg: 0.6, Max: 1.3, Diff: 0.8, Sum: 6.2]
      [Update RS (ms): Min: 0.1, Avg: 0.5, Max: 0.8, Diff: 0.8, Sum: 5.4]
         [Processed Buffers: Min: 2, Avg: 5.7, Max: 12, Diff: 10, Sum: 57]
      [Scan RS (ms): Min: 0.0, Avg: 0.0, Max: 0.0, Diff: 0.0, Sum: 0.0]
      [Code Root Scanning (ms): Min: 0.0, Avg: 0.0, Max: 0.0, Diff: 0.0, Sum: 0.0]
      [Object Copy (ms): Min: 0.3, Avg: 0.6, Max: 0.7, Diff: 0.3, Sum: 5.7]
      [Termination (ms): Min: 0.0, Avg: 0.0, Max: 0.0, Diff: 0.0, Sum: 0.0]
         [Termination Attempts: Min: 1, Avg: 1.2, Max: 2, Diff: 1, Sum: 12]
      [GC Worker Other (ms): Min: 0.0, Avg: 0.0, Max: 0.0, Diff: 0.0, Sum: 0.1]
      [GC Worker Total (ms): Min: 1.6, Avg: 1.7, Max: 2.0, Diff: 0.3, Sum: 17.5]
      [GC Worker End (ms): Min: 454578591.9, Avg: 454578591.9, Max: 454578591.9, Diff: 0.0]
   [Code Root Fixup: 0.0 ms]
   [Code Root Purge: 0.0 ms]
   [String Dedup Fixup: 2.9 ms, GC Workers: 10]
      [Queue Fixup (ms): Min: 0.0, Avg: 0.0, Max: 0.0, Diff: 0.0, Sum: 0.0]
      [Table Fixup (ms): Min: 2.2, Avg: 2.2, Max: 2.4, Diff: 0.2, Sum: 22.5]
   [Clear CT: 0.9 ms]
   [Other: 2.1 ms]
      [Choose CSet: 0.0 ms]
      [Ref Proc: 1.2 ms]
      [Ref Enq: 0.0 ms]
      [Redirty Cards: 0.7 ms]
      [Humongous Register: 0.0 ms]
      [Humongous Reclaim: 0.0 ms]
      [Free CSet: 0.1 ms]
   [Eden: 47104.0K(47104.0K)->0.0B(49152.0K) Survivors: 3072.0K->2048.0K Heap: 235.1M(267.0M)->188.5M(267.0M)]
 [Times: user=0.00 sys=0.00, real=0.01 secs] 
2020-12-18T17:42:52.028+0530: 454578.598: [GC concurrent-string-deduplication, 264.0B->264.0B(0.0B), avg 59.8%, 0.0000033 secs]
   [Last Exec: 0.0000033 secs, Idle: 337.6991996 secs, Blocked: 0/0.0000000 secs]
      [Inspected:               1]
         [Skipped:              0(  0.0%)]
         [Hashed:               1(100.0%)]
         [Known:                0(  0.0%)]
         [New:                  1(100.0%)    264.0B]
      [Deduplicated:            0(  0.0%)      0.0B(  0.0%)]
         [Young:                0(  0.0%)      0.0B(  0.0%)]
         [Old:                  0(  0.0%)      0.0B(  0.0%)]
   [Total Exec: 1836/0.8874929 secs, Idle: 1836/454577.2089969 secs, Blocked: 133/0.0943544 secs]
      [Inspected:         2974873]
         [Skipped:              0(  0.0%)]
         [Hashed:         1253390( 42.1%)]
         [Known:           196970(  6.6%)]
         [New:            2777903( 93.4%)    216.0M]
      [Deduplicated:      1952002( 70.3%)    129.2M( 59.8%)]
         [Young:           818076( 41.9%)  63646.7K( 48.1%)]
         [Old:            1133926( 58.1%)  68686.1K( 51.9%)]
   [Table]
      [Memory Usage: 8448.9K]
      [Size: 262144, Min: 1024, Max: 16777216]
      [Entries: 265121, Load: 101.1%, Cached: 7982, Added: 995833, Removed: 730712]
      [Resize Count: 8, Shrink Threshold: 174762(66.7%), Grow Threshold: 524288(200.0%)]
      [Rehash Count: 0, Rehash Threshold: 120, Hash Seed: 0x0]
      [Age Threshold: 3]
   [Queue]
      [Dropped: 0]
[GC concurrent-string-deduplication, deleted 0 entries, 0.0000007 secs]
2020-12-18T17:45:00.446+0530: 454707.017: [GC pause (G1 Evacuation Pause) (young) (initial-mark), 0.0097233 secs]
   [Parallel Time: 4.5 ms, GC Workers: 10]
      [GC Worker Start (ms): Min: 454707017.6, Avg: 454707017.7, Max: 454707017.7, Diff: 0.1]
      [Ext Root Scanning (ms): Min: 2.3, Avg: 2.5, Max: 2.7, Diff: 0.4, Sum: 24.9]
      [Update RS (ms): Min: 0.6, Avg: 0.8, Max: 1.5, Diff: 0.9, Sum: 8.3]
         [Processed Buffers: Min: 2, Avg: 5.5, Max: 15, Diff: 13, Sum: 55]
      [Scan RS (ms): Min: 0.0, Avg: 0.0, Max: 0.0, Diff: 0.0, Sum: 0.0]
      [Code Root Scanning (ms): Min: 0.0, Avg: 0.0, Max: 0.1, Diff: 0.1, Sum: 0.1]
      [Object Copy (ms): Min: 0.1, Avg: 0.9, Max: 1.2, Diff: 1.1, Sum: 8.7]
      [Termination (ms): Min: 0.0, Avg: 0.0, Max: 0.0, Diff: 0.0, Sum: 0.0]
         [Termination Attempts: Min: 1, Avg: 1.0, Max: 1, Diff: 0, Sum: 10]
      [GC Worker Other (ms): Min: 0.0, Avg: 0.0, Max: 0.0, Diff: 0.0, Sum: 0.2]
      [GC Worker Total (ms): Min: 4.2, Avg: 4.2, Max: 4.3, Diff: 0.1, Sum: 42.2]
      [GC Worker End (ms): Min: 454707021.9, Avg: 454707021.9, Max: 454707021.9, Diff: 0.0]
   [Code Root Fixup: 0.0 ms]
   [Code Root Purge: 0.0 ms]
   [String Dedup Fixup: 3.2 ms, GC Workers: 10]
      [Queue Fixup (ms): Min: 0.0, Avg: 0.0, Max: 0.0, Diff: 0.0, Sum: 0.0]
      [Table Fixup (ms): Min: 2.9, Avg: 3.0, Max: 3.1, Diff: 0.1, Sum: 30.0]
   [Clear CT: 0.2 ms]
   [Other: 1.8 ms]
      [Choose CSet: 0.0 ms]
      [Ref Proc: 1.3 ms]
      [Ref Enq: 0.0 ms]
      [Redirty Cards: 0.1 ms]
      [Humongous Register: 0.0 ms]
      [Humongous Reclaim: 0.0 ms]
      [Free CSet: 0.1 ms]
   [Eden: 49152.0K(49152.0K)->0.0B(45056.0K) Survivors: 2048.0K->4096.0K Heap: 236.5M(267.0M)->189.7M(267.0M)]
 [Times: user=0.16 sys=0.00, real=0.01 secs] 
2020-12-18T17:45:00.456+0530: 454707.027: [GC concurrent-root-region-scan-start]
2020-12-18T17:45:00.456+0530: 454707.027: [GC concurrent-string-deduplication, 264.0B->264.0B(0.0B), avg 59.8%, 0.0000065 secs]
   [Last Exec: 0.0000065 secs, Idle: 128.4291094 secs, Blocked: 0/0.0000000 secs]
      [Inspected:               1]
         [Skipped:              0(  0.0%)]
         [Hashed:               1(100.0%)]
         [Known:                0(  0.0%)]
         [New:                  1(100.0%)    264.0B]
      [Deduplicated:            0(  0.0%)      0.0B(  0.0%)]
         [Young:                0(  0.0%)      0.0B(  0.0%)]
         [Old:                  0(  0.0%)      0.0B(  0.0%)]
   [Total Exec: 1837/0.8874994 secs, Idle: 1837/454705.6381063 secs, Blocked: 133/0.0943544 secs]
      [Inspected:         2974874]
         [Skipped:              0(  0.0%)]
         [Hashed:         1253391( 42.1%)]
         [Known:           196970(  6.6%)]
         [New:            2777904( 93.4%)    216.0M]
      [Deduplicated:      1952002( 70.3%)    129.2M( 59.8%)]
         [Young:           818076( 41.9%)  63646.7K( 48.1%)]
         [Old:            1133926( 58.1%)  68686.1K( 51.9%)]
   [Table]
      [Memory Usage: 8448.9K]
      [Size: 262144, Min: 1024, Max: 16777216]
      [Entries: 265490, Load: 101.3%, Cached: 7613, Added: 996237, Removed: 730747]
      [Resize Count: 8, Shrink Threshold: 174762(66.7%), Grow Threshold: 524288(200.0%)]
      [Rehash Count: 0, Rehash Threshold: 120, Hash Seed: 0x0]
      [Age Threshold: 3]
   [Queue]
      [Dropped: 0]
[GC concurrent-string-deduplication, deleted 0 entries, 0.0000013 secs]
2020-12-18T17:45:00.461+0530: 454707.032: [GC concurrent-root-region-scan-end, 0.0046254 secs]
2020-12-18T17:45:00.461+0530: 454707.032: [GC concurrent-mark-start]
2020-12-18T17:45:00.585+0530: 454707.157: [GC concurrent-mark-end, 0.1247233 secs]
2020-12-18T17:45:00.586+0530: 454707.158: [GC remark 2020-12-18T17:45:00.586+0530: 454707.158: [Finalize Marking, 0.0004665 secs] 2020-12-18T17:45:00.587+0530: 454707.158: [GC ref-proc, 0.0005551 secs] 2020-12-18T17:45:00.587+0530: 454707.159: [Unloading, 0.0266436 secs], 0.0284147 secs]
 [Times: user=0.34 sys=0.00, real=0.03 secs] 
2020-12-18T17:45:00.616+0530: 454707.187: [GC cleanup 200M->200M(267M), 0.0018865 secs]
 [Times: user=0.00 sys=0.00, real=0.00 secs] 
2020-12-18T17:47:14.568+0530: 454841.139: [GC pause (G1 Evacuation Pause) (young), 0.0120456 secs]
   [Parallel Time: 6.3 ms, GC Workers: 10]
      [GC Worker Start (ms): Min: 454841138.9, Avg: 454841139.3, Max: 454841139.5, Diff: 0.6]
      [Ext Root Scanning (ms): Min: 1.5, Avg: 1.9, Max: 2.5, Diff: 1.0, Sum: 18.6]
      [Update RS (ms): Min: 0.7, Avg: 1.1, Max: 3.7, Diff: 3.0, Sum: 10.9]
         [Processed Buffers: Min: 1, Avg: 6.3, Max: 19, Diff: 18, Sum: 63]
      [Scan RS (ms): Min: 0.0, Avg: 0.0, Max: 0.0, Diff: 0.0, Sum: 0.1]
      [Code Root Scanning (ms): Min: 0.0, Avg: 0.0, Max: 0.1, Diff: 0.1, Sum: 0.2]
      [Object Copy (ms): Min: 0.2, Avg: 0.9, Max: 1.2, Diff: 0.9, Sum: 8.9]
      [Termination (ms): Min: 0.0, Avg: 2.0, Max: 2.2, Diff: 2.2, Sum: 20.1]
         [Termination Attempts: Min: 1, Avg: 3.7, Max: 7, Diff: 6, Sum: 37]
      [GC Worker Other (ms): Min: 0.0, Avg: 0.0, Max: 0.0, Diff: 0.0, Sum: 0.2]
      [GC Worker Total (ms): Min: 5.6, Avg: 5.9, Max: 6.2, Diff: 0.6, Sum: 58.8]
      [GC Worker End (ms): Min: 454841145.1, Avg: 454841145.2, Max: 454841145.2, Diff: 0.0]
   [Code Root Fixup: 0.0 ms]
   [Code Root Purge: 0.0 ms]
   [String Dedup Fixup: 2.5 ms, GC Workers: 10]
      [Queue Fixup (ms): Min: 0.0, Avg: 0.0, Max: 0.0, Diff: 0.0, Sum: 0.0]
      [Table Fixup (ms): Min: 1.9, Avg: 2.0, Max: 2.1, Diff: 0.2, Sum: 19.6]
   [Clear CT: 0.8 ms]
   [Other: 2.4 ms]
      [Choose CSet: 0.0 ms]
      [Ref Proc: 1.4 ms]
      [Ref Enq: 0.0 ms]
      [Redirty Cards: 0.7 ms]
      [Humongous Register: 0.0 ms]
      [Humongous Reclaim: 0.0 ms]
      [Free CSet: 0.0 ms]
   [Eden: 45056.0K(45056.0K)->0.0B(9216.0K) Survivors: 4096.0K->4096.0K Heap: 233.7M(267.0M)->190.0M(267.0M)]
 [Times: user=0.16 sys=0.00, real=0.01 secs] 
2020-12-18T17:47:14.580+0530: 454841.151: [GC concurrent-string-deduplication, 264.0B->264.0B(0.0B), avg 59.8%, 0.0000039 secs]
   [Last Exec: 0.0000039 secs, Idle: 134.1233896 secs, Blocked: 0/0.0000000 secs]
      [Inspected:               1]
         [Skipped:              0(  0.0%)]
         [Hashed:               1(100.0%)]
         [Known:                0(  0.0%)]
         [New:                  1(100.0%)    264.0B]
      [Deduplicated:            0(  0.0%)      0.0B(  0.0%)]
         [Young:                0(  0.0%)      0.0B(  0.0%)]
         [Old:                  0(  0.0%)      0.0B(  0.0%)]
   [Total Exec: 1838/0.8875033 secs, Idle: 1838/454839.7614959 secs, Blocked: 133/0.0943544 secs]
      [Inspected:         2974875]
         [Skipped:              0(  0.0%)]
         [Hashed:         1253392( 42.1%)]
         [Known:           196970(  6.6%)]
         [New:            2777905( 93.4%)    216.0M]
      [Deduplicated:      1952002( 70.3%)    129.2M( 59.8%)]
         [Young:           818076( 41.9%)  63646.7K( 48.1%)]
         [Old:            1133926( 58.1%)  68686.1K( 51.9%)]
   [Table]
      [Memory Usage: 8448.9K]
      [Size: 262144, Min: 1024, Max: 16777216]
      [Entries: 265615, Load: 101.3%, Cached: 7488, Added: 996371, Removed: 730756]
      [Resize Count: 8, Shrink Threshold: 174762(66.7%), Grow Threshold: 524288(200.0%)]
      [Rehash Count: 0, Rehash Threshold: 120, Hash Seed: 0x0]
      [Age Threshold: 3]
   [Queue]
      [Dropped: 0]
[GC concurrent-string-deduplication, deleted 0 entries, 0.0000007 secs]
2020-12-18T17:47:14.634+0530: 454841.205: [GC pause (G1 Evacuation Pause) (mixed), 0.0104608 secs]
   [Parallel Time: 5.2 ms, GC Workers: 10]
      [GC Worker Start (ms): Min: 454841204.8, Avg: 454841205.0, Max: 454841205.1, Diff: 0.3]
      [Ext Root Scanning (ms): Min: 0.5, Avg: 0.7, Max: 1.5, Diff: 1.0, Sum: 7.3]
      [Update RS (ms): Min: 0.0, Avg: 0.4, Max: 0.6, Diff: 0.6, Sum: 4.2]
         [Processed Buffers: Min: 0, Avg: 1.6, Max: 6, Diff: 6, Sum: 16]
      [Scan RS (ms): Min: 0.0, Avg: 0.7, Max: 3.4, Diff: 3.4, Sum: 7.3]
      [Code Root Scanning (ms): Min: 0.0, Avg: 0.0, Max: 0.1, Diff: 0.1, Sum: 0.1]
      [Object Copy (ms): Min: 0.1, Avg: 0.7, Max: 0.9, Diff: 0.8, Sum: 6.9]
      [Termination (ms): Min: 0.0, Avg: 1.9, Max: 2.4, Diff: 2.4, Sum: 19.1]
         [Termination Attempts: Min: 1, Avg: 7.7, Max: 13, Diff: 12, Sum: 77]
      [GC Worker Other (ms): Min: 0.0, Avg: 0.0, Max: 0.0, Diff: 0.0, Sum: 0.1]
      [GC Worker Total (ms): Min: 4.4, Avg: 4.5, Max: 4.7, Diff: 0.3, Sum: 45.0]
      [GC Worker End (ms): Min: 454841209.5, Avg: 454841209.5, Max: 454841209.5, Diff: 0.0]
   [Code Root Fixup: 0.0 ms]
   [Code Root Purge: 0.0 ms]
   [String Dedup Fixup: 2.8 ms, GC Workers: 10]
      [Queue Fixup (ms): Min: 0.0, Avg: 0.0, Max: 0.0, Diff: 0.0, Sum: 0.0]
      [Table Fixup (ms): Min: 2.1, Avg: 2.2, Max: 2.3, Diff: 0.2, Sum: 21.7]
   [Clear CT: 0.8 ms]
   [Other: 1.8 ms]
      [Choose CSet: 0.0 ms]
      [Ref Proc: 0.7 ms]
      [Ref Enq: 0.0 ms]
      [Redirty Cards: 0.9 ms]
      [Humongous Register: 0.0 ms]
      [Humongous Reclaim: 0.0 ms]
      [Free CSet: 0.0 ms]
   [Eden: 9216.0K(9216.0K)->0.0B(48128.0K) Survivors: 4096.0K->2048.0K Heap: 199.0M(267.0M)->189.4M(267.0M)]
 [Times: user=0.16 sys=0.00, real=0.01 secs] 
2020-12-18T17:47:14.645+0530: 454841.216: [GC concurrent-string-deduplication, 36072.0B->21672.0B(14400.0B), avg 59.8%, 0.0001930 secs]
   [Last Exec: 0.0001930 secs, Idle: 0.0644569 secs, Blocked: 0/0.0000000 secs]
      [Inspected:             966]
         [Skipped:              0(  0.0%)]
         [Hashed:             324( 33.5%)]
         [Known:              539( 55.8%)]
         [New:                427( 44.2%)  36072.0B]
      [Deduplicated:          349( 81.7%)  14400.0B( 39.9%)]
         [Young:              349(100.0%)  14400.0B(100.0%)]
         [Old:                  0(  0.0%)      0.0B(  0.0%)]
   [Total Exec: 1839/0.8876963 secs, Idle: 1839/454839.8259528 secs, Blocked: 133/0.0943544 secs]
      [Inspected:         2975841]
         [Skipped:              0(  0.0%)]
         [Hashed:         1253716( 42.1%)]
         [Known:           197509(  6.6%)]
         [New:            2778332( 93.4%)    216.0M]
      [Deduplicated:      1952351( 70.3%)    129.2M( 59.8%)]
         [Young:           818425( 41.9%)  63660.8K( 48.1%)]
         [Old:            1133926( 58.1%)  68686.1K( 51.9%)]
   [Table]
      [Memory Usage: 8448.9K]
      [Size: 262144, Min: 1024, Max: 16777216]
      [Entries: 265693, Load: 101.4%, Cached: 7410, Added: 996449, Removed: 730756]
      [Resize Count: 8, Shrink Threshold: 174762(66.7%), Grow Threshold: 524288(200.0%)]
      [Rehash Count: 0, Rehash Threshold: 120, Hash Seed: 0x0]
      [Age Threshold: 3]
   [Queue]
      [Dropped: 0]
[GC concurrent-string-deduplication, deleted 0 entries, 0.0000006 secs]
2020-12-18T17:52:14.817+0530: 455141.388: [GC pause (G1 Evacuation Pause) (young), 0.0078491 secs]
   [Parallel Time: 2.9 ms, GC Workers: 10]
      [GC Worker Start (ms): Min: 455141388.0, Avg: 455141388.0, Max: 455141388.1, Diff: 0.1]
      [Ext Root Scanning (ms): Min: 0.7, Avg: 0.9, Max: 2.0, Diff: 1.3, Sum: 8.8]
      [Update RS (ms): Min: 0.6, Avg: 1.4, Max: 1.7, Diff: 1.1, Sum: 14.4]
         [Processed Buffers: Min: 2, Avg: 7.6, Max: 22, Diff: 20, Sum: 76]
      [Scan RS (ms): Min: 0.0, Avg: 0.0, Max: 0.0, Diff: 0.0, Sum: 0.0]
      [Code Root Scanning (ms): Min: 0.0, Avg: 0.0, Max: 0.1, Diff: 0.1, Sum: 0.2]
      [Object Copy (ms): Min: 0.1, Avg: 0.3, Max: 0.4, Diff: 0.3, Sum: 3.1]
      [Termination (ms): Min: 0.0, Avg: 0.0, Max: 0.0, Diff: 0.0, Sum: 0.0]
         [Termination Attempts: Min: 1, Avg: 1.0, Max: 1, Diff: 0, Sum: 10]
      [GC Worker Other (ms): Min: 0.0, Avg: 0.0, Max: 0.0, Diff: 0.0, Sum: 0.2]
      [GC Worker Total (ms): Min: 2.6, Avg: 2.7, Max: 2.8, Diff: 0.1, Sum: 26.7]
      [GC Worker End (ms): Min: 455141390.7, Avg: 455141390.7, Max: 455141390.7, Diff: 0.0]
   [Code Root Fixup: 0.0 ms]
   [Code Root Purge: 0.0 ms]
   [String Dedup Fixup: 2.7 ms, GC Workers: 10]
      [Queue Fixup (ms): Min: 0.0, Avg: 0.0, Max: 0.0, Diff: 0.0, Sum: 0.0]
      [Table Fixup (ms): Min: 2.3, Avg: 2.3, Max: 2.5, Diff: 0.2, Sum: 23.4]
   [Clear CT: 0.9 ms]
   [Other: 1.3 ms]
      [Choose CSet: 0.0 ms]
      [Ref Proc: 0.3 ms]
      [Ref Enq: 0.0 ms]
      [Redirty Cards: 0.5 ms]
      [Humongous Register: 0.1 ms]
      [Humongous Reclaim: 0.0 ms]
      [Free CSet: 0.1 ms]
   [Eden: 48128.0K(48128.0K)->0.0B(48128.0K) Survivors: 2048.0K->2048.0K Heap: 236.4M(267.0M)->188.7M(267.0M)]
 [Times: user=0.00 sys=0.00, real=0.01 secs] 
2020-12-18T17:52:14.825+0530: 455141.396: [GC concurrent-string-deduplication, 1456.0B->1032.0B(424.0B), avg 59.8%, 0.0001162 secs]
   [Last Exec: 0.0001162 secs, Idle: 300.1803187 secs, Blocked: 0/0.0000000 secs]
      [Inspected:             176]
         [Skipped:              0(  0.0%)]
         [Hashed:               9(  5.1%)]
         [Known:              154( 87.5%)]
         [New:                 22( 12.5%)   1456.0B]
      [Deduplicated:           13( 59.1%)    424.0B( 29.1%)]
         [Young:               13(100.0%)    424.0B(100.0%)]
         [Old:                  0(  0.0%)      0.0B(  0.0%)]
   [Total Exec: 1840/0.8878125 secs, Idle: 1840/455140.0062715 secs, Blocked: 133/0.0943544 secs]
      [Inspected:         2976017]
         [Skipped:              0(  0.0%)]
         [Hashed:         1253725( 42.1%)]
         [Known:           197663(  6.6%)]
         [New:            2778354( 93.4%)    216.0M]
      [Deduplicated:      1952364( 70.3%)    129.2M( 59.8%)]
         [Young:           818438( 41.9%)  63661.2K( 48.1%)]
         [Old:            1133926( 58.1%)  68686.1K( 51.9%)]
   [Table]
      [Memory Usage: 8448.9K]
      [Size: 262144, Min: 1024, Max: 16777216]
      [Entries: 265696, Load: 101.4%, Cached: 7407, Added: 996458, Removed: 730762]
      [Resize Count: 8, Shrink Threshold: 174762(66.7%), Grow Threshold: 524288(200.0%)]
      [Rehash Count: 0, Rehash Threshold: 120, Hash Seed: 0x0]
      [Age Threshold: 3]
   [Queue]
      [Dropped: 0]
[GC concurrent-string-deduplication, deleted 0 entries, 0.0000010 secs]
2020-12-18T17:54:42.166+0530: 455288.736: [GC pause (G1 Evacuation Pause) (young) (initial-mark), 0.0091745 secs]
   [Parallel Time: 3.7 ms, GC Workers: 10]
      [GC Worker Start (ms): Min: 455288736.6, Avg: 455288736.8, Max: 455288736.8, Diff: 0.2]
      [Ext Root Scanning (ms): Min: 1.4, Avg: 1.6, Max: 1.8, Diff: 0.4, Sum: 15.8]
      [Update RS (ms): Min: 0.5, Avg: 0.6, Max: 0.9, Diff: 0.3, Sum: 6.3]
         [Processed Buffers: Min: 1, Avg: 5.9, Max: 15, Diff: 14, Sum: 59]
      [Scan RS (ms): Min: 0.0, Avg: 0.0, Max: 0.0, Diff: 0.0, Sum: 0.0]
      [Code Root Scanning (ms): Min: 0.0, Avg: 0.0, Max: 0.1, Diff: 0.1, Sum: 0.1]
      [Object Copy (ms): Min: 0.5, Avg: 0.8, Max: 1.0, Diff: 0.4, Sum: 8.3]
      [Termination (ms): Min: 0.0, Avg: 0.0, Max: 0.0, Diff: 0.0, Sum: 0.0]
         [Termination Attempts: Min: 1, Avg: 2.7, Max: 5, Diff: 4, Sum: 27]
      [GC Worker Other (ms): Min: 0.0, Avg: 0.0, Max: 0.0, Diff: 0.0, Sum: 0.2]
      [GC Worker Total (ms): Min: 3.0, Avg: 3.1, Max: 3.3, Diff: 0.3, Sum: 30.8]
      [GC Worker End (ms): Min: 455288739.8, Avg: 455288739.8, Max: 455288739.9, Diff: 0.0]
   [Code Root Fixup: 0.0 ms]
   [Code Root Purge: 0.0 ms]
   [String Dedup Fixup: 2.7 ms, GC Workers: 10]
      [Queue Fixup (ms): Min: 0.0, Avg: 0.0, Max: 0.0, Diff: 0.0, Sum: 0.0]
      [Table Fixup (ms): Min: 2.0, Avg: 2.1, Max: 2.2, Diff: 0.2, Sum: 20.8]
   [Clear CT: 1.0 ms]
   [Other: 1.8 ms]
      [Choose CSet: 0.0 ms]
      [Ref Proc: 0.6 ms]
      [Ref Enq: 0.0 ms]
      [Redirty Cards: 0.7 ms]
      [Humongous Register: 0.0 ms]
      [Humongous Reclaim: 0.0 ms]
      [Free CSet: 0.1 ms]
   [Eden: 48128.0K(48128.0K)->0.0B(46080.0K) Survivors: 2048.0K->3072.0K Heap: 235.7M(267.0M)->189.8M(267.0M)]
 [Times: user=0.16 sys=0.00, real=0.01 secs] 
2020-12-18T17:54:42.175+0530: 455288.746: [GC concurrent-root-region-scan-start]
2020-12-18T17:54:42.178+0530: 455288.749: [GC concurrent-root-region-scan-end, 0.0030080 secs]
2020-12-18T17:54:42.178+0530: 455288.749: [GC concurrent-mark-start]
2020-12-18T17:54:42.267+0530: 455288.838: [GC concurrent-mark-end, 0.0890959 secs]
2020-12-18T17:54:42.268+0530: 455288.838: [GC remark 2020-12-18T17:54:42.268+0530: 455288.838: [Finalize Marking, 0.0005146 secs] 2020-12-18T17:54:42.268+0530: 455288.839: [GC ref-proc, 0.0006506 secs] 2020-12-18T17:54:42.269+0530: 455288.840: [Unloading, 0.0257903 secs], 0.0279757 secs]
 [Times: user=0.16 sys=0.00, real=0.03 secs] 
2020-12-18T17:54:42.296+0530: 455288.867: [GC cleanup 199M->199M(267M), 0.0034032 secs]
 [Times: user=0.00 sys=0.00, real=0.00 secs] 
2020-12-18T17:57:15.016+0530: 455441.587: [GC pause (G1 Evacuation Pause) (young), 0.0070497 secs]
   [Parallel Time: 2.4 ms, GC Workers: 10]
      [GC Worker Start (ms): Min: 455441587.0, Avg: 455441587.1, Max: 455441587.2, Diff: 0.3]
      [Ext Root Scanning (ms): Min: 0.5, Avg: 0.8, Max: 2.0, Diff: 1.5, Sum: 7.8]
      [Update RS (ms): Min: 0.0, Avg: 0.8, Max: 1.4, Diff: 1.4, Sum: 8.1]
         [Processed Buffers: Min: 0, Avg: 7.1, Max: 21, Diff: 21, Sum: 71]
      [Scan RS (ms): Min: 0.0, Avg: 0.0, Max: 0.0, Diff: 0.0, Sum: 0.0]
      [Code Root Scanning (ms): Min: 0.0, Avg: 0.0, Max: 0.2, Diff: 0.2, Sum: 0.2]
      [Object Copy (ms): Min: 0.1, Avg: 0.3, Max: 0.5, Diff: 0.4, Sum: 3.3]
      [Termination (ms): Min: 0.0, Avg: 0.2, Max: 0.3, Diff: 0.3, Sum: 2.2]
         [Termination Attempts: Min: 1, Avg: 1.1, Max: 2, Diff: 1, Sum: 11]
      [GC Worker Other (ms): Min: 0.0, Avg: 0.0, Max: 0.0, Diff: 0.0, Sum: 0.1]
      [GC Worker Total (ms): Min: 2.1, Avg: 2.2, Max: 2.3, Diff: 0.3, Sum: 21.7]
      [GC Worker End (ms): Min: 455441589.3, Avg: 455441589.3, Max: 455441589.3, Diff: 0.0]
   [Code Root Fixup: 0.0 ms]
   [Code Root Purge: 0.0 ms]
   [String Dedup Fixup: 2.4 ms, GC Workers: 10]
      [Queue Fixup (ms): Min: 0.0, Avg: 0.0, Max: 0.0, Diff: 0.0, Sum: 0.0]
      [Table Fixup (ms): Min: 1.7, Avg: 1.8, Max: 2.0, Diff: 0.3, Sum: 17.7]
   [Clear CT: 0.8 ms]
   [Other: 1.4 ms]
      [Choose CSet: 0.0 ms]
      [Ref Proc: 0.6 ms]
      [Ref Enq: 0.0 ms]
      [Redirty Cards: 0.7 ms]
      [Humongous Register: 0.0 ms]
      [Humongous Reclaim: 0.0 ms]
      [Free CSet: 0.0 ms]
   [Eden: 46080.0K(46080.0K)->0.0B(10240.0K) Survivors: 3072.0K->3072.0K Heap: 235.8M(267.0M)->190.0M(267.0M)]
 [Times: user=0.00 sys=0.00, real=0.01 secs] 
2020-12-18T17:57:15.023+0530: 455441.594: [GC concurrent-string-deduplication, 416.0B->264.0B(152.0B), avg 59.8%, 0.0000061 secs]
   [Last Exec: 0.0000061 secs, Idle: 300.1979788 secs, Blocked: 0/0.0000000 secs]
      [Inspected:               4]
         [Skipped:              0(  0.0%)]
         [Hashed:               1( 25.0%)]
         [Known:                1( 25.0%)]
         [New:                  3( 75.0%)    416.0B]
      [Deduplicated:            2( 66.7%)    152.0B( 36.5%)]
         [Young:                2(100.0%)    152.0B(100.0%)]
         [Old:                  0(  0.0%)      0.0B(  0.0%)]
   [Total Exec: 1841/0.8878186 secs, Idle: 1841/455440.2042503 secs, Blocked: 133/0.0943544 secs]
      [Inspected:         2976021]
         [Skipped:              0(  0.0%)]
         [Hashed:         1253726( 42.1%)]
         [Known:           197664(  6.6%)]
         [New:            2778357( 93.4%)    216.0M]
      [Deduplicated:      1952366( 70.3%)    129.2M( 59.8%)]
         [Young:           818440( 41.9%)  63661.3K( 48.1%)]
         [Old:            1133926( 58.1%)  68686.1K( 51.9%)]
   [Table]
      [Memory Usage: 8448.9K]
      [Size: 262144, Min: 1024, Max: 16777216]
      [Entries: 265481, Load: 101.3%, Cached: 7622, Added: 996646, Removed: 731165]
      [Resize Count: 8, Shrink Threshold: 174762(66.7%), Grow Threshold: 524288(200.0%)]
      [Rehash Count: 0, Rehash Threshold: 120, Hash Seed: 0x0]
      [Age Threshold: 3]
   [Queue]
      [Dropped: 0]
[GC concurrent-string-deduplication, deleted 0 entries, 0.0000009 secs]
2020-12-18T17:57:15.053+0530: 455441.623: [GC pause (G1 Evacuation Pause) (mixed), 0.0104859 secs]
   [Parallel Time: 5.9 ms, GC Workers: 10]
      [GC Worker Start (ms): Min: 455441623.4, Avg: 455441623.6, Max: 455441623.7, Diff: 0.3]
      [Ext Root Scanning (ms): Min: 0.6, Avg: 0.8, Max: 1.5, Diff: 1.0, Sum: 7.6]
      [Update RS (ms): Min: 0.0, Avg: 0.4, Max: 0.6, Diff: 0.6, Sum: 3.5]
         [Processed Buffers: Min: 0, Avg: 1.4, Max: 4, Diff: 4, Sum: 14]
      [Scan RS (ms): Min: 0.1, Avg: 1.0, Max: 4.2, Diff: 4.1, Sum: 9.6]
      [Code Root Scanning (ms): Min: 0.0, Avg: 0.0, Max: 0.1, Diff: 0.1, Sum: 0.2]
      [Object Copy (ms): Min: 0.1, Avg: 2.8, Max: 3.6, Diff: 3.5, Sum: 28.1]
      [Termination (ms): Min: 0.0, Avg: 0.4, Max: 0.4, Diff: 0.4, Sum: 3.8]
         [Termination Attempts: Min: 1, Avg: 9.3, Max: 14, Diff: 13, Sum: 93]
      [GC Worker Other (ms): Min: 0.0, Avg: 0.0, Max: 0.0, Diff: 0.0, Sum: 0.1]
      [GC Worker Total (ms): Min: 5.2, Avg: 5.3, Max: 5.5, Diff: 0.3, Sum: 52.9]
      [GC Worker End (ms): Min: 455441628.9, Avg: 455441628.9, Max: 455441628.9, Diff: 0.0]
   [Code Root Fixup: 0.0 ms]
   [Code Root Purge: 0.0 ms]
   [String Dedup Fixup: 2.4 ms, GC Workers: 10]
      [Queue Fixup (ms): Min: 0.0, Avg: 0.0, Max: 0.0, Diff: 0.0, Sum: 0.0]
      [Table Fixup (ms): Min: 1.7, Avg: 1.8, Max: 1.9, Diff: 0.2, Sum: 17.8]
   [Clear CT: 0.8 ms]
   [Other: 1.3 ms]
      [Choose CSet: 0.0 ms]
      [Ref Proc: 0.4 ms]
      [Ref Enq: 0.0 ms]
      [Redirty Cards: 0.8 ms]
      [Humongous Register: 0.0 ms]
      [Humongous Reclaim: 0.0 ms]
      [Free CSet: 0.0 ms]
   [Eden: 10240.0K(10240.0K)->0.0B(47104.0K) Survivors: 3072.0K->2048.0K Heap: 200.0M(267.0M)->189.2M(267.0M)]
 [Times: user=0.00 sys=0.00, real=0.01 secs] 
2020-12-18T17:57:15.064+0530: 455441.634: [GC concurrent-string-deduplication, 3968.0B->3184.0B(784.0B), avg 59.8%, 0.0001386 secs]
   [Last Exec: 0.0001386 secs, Idle: 0.0398530 secs, Blocked: 0/0.0000000 secs]
      [Inspected:              99]
         [Skipped:              0(  0.0%)]
         [Hashed:              17( 17.2%)]
         [Known:               70( 70.7%)]
         [New:                 29( 29.3%)   3968.0B]
      [Deduplicated:           19( 65.5%)    784.0B( 19.8%)]
         [Young:               19(100.0%)    784.0B(100.0%)]
         [Old:                  0(  0.0%)      0.0B(  0.0%)]
   [Total Exec: 1842/0.8879572 secs, Idle: 1842/455440.2441033 secs, Blocked: 133/0.0943544 secs]
      [Inspected:         2976120]
         [Skipped:              0(  0.0%)]
         [Hashed:         1253743( 42.1%)]
         [Known:           197734(  6.6%)]
         [New:            2778386( 93.4%)    216.0M]
      [Deduplicated:      1952385( 70.3%)    129.2M( 59.8%)]
         [Young:           818459( 41.9%)  63662.1K( 48.1%)]
         [Old:            1133926( 58.1%)  68686.1K( 51.9%)]
   [Table]
      [Memory Usage: 8448.9K]
      [Size: 262144, Min: 1024, Max: 16777216]
      [Entries: 265492, Load: 101.3%, Cached: 7611, Added: 996657, Removed: 731165]
      [Resize Count: 8, Shrink Threshold: 174762(66.7%), Grow Threshold: 524288(200.0%)]
      [Rehash Count: 0, Rehash Threshold: 120, Hash Seed: 0x0]
      [Age Threshold: 3]
   [Queue]
      [Dropped: 0]
[GC concurrent-string-deduplication, deleted 0 entries, 0.0000007 secs]
2020-12-18T18:02:15.227+0530: 455741.798: [GC pause (G1 Evacuation Pause) (young), 0.0087562 secs]
   [Parallel Time: 3.2 ms, GC Workers: 10]
      [GC Worker Start (ms): Min: 455741797.8, Avg: 455741798.0, Max: 455741798.1, Diff: 0.3]
      [Ext Root Scanning (ms): Min: 0.5, Avg: 0.7, Max: 1.5, Diff: 1.0, Sum: 7.5]
      [Update RS (ms): Min: 1.0, Avg: 1.5, Max: 1.7, Diff: 0.7, Sum: 14.9]
         [Processed Buffers: Min: 2, Avg: 6.8, Max: 11, Diff: 9, Sum: 68]
      [Scan RS (ms): Min: 0.0, Avg: 0.0, Max: 0.0, Diff: 0.0, Sum: 0.0]
      [Code Root Scanning (ms): Min: 0.0, Avg: 0.0, Max: 0.0, Diff: 0.0, Sum: 0.0]
      [Object Copy (ms): Min: 0.1, Avg: 0.2, Max: 0.3, Diff: 0.2, Sum: 2.2]
      [Termination (ms): Min: 0.0, Avg: 0.0, Max: 0.0, Diff: 0.0, Sum: 0.2]
         [Termination Attempts: Min: 1, Avg: 1.0, Max: 1, Diff: 0, Sum: 10]
      [GC Worker Other (ms): Min: 0.0, Avg: 0.0, Max: 0.1, Diff: 0.1, Sum: 0.2]
      [GC Worker Total (ms): Min: 2.4, Avg: 2.5, Max: 2.7, Diff: 0.4, Sum: 25.2]
      [GC Worker End (ms): Min: 455741800.5, Avg: 455741800.5, Max: 455741800.6, Diff: 0.1]
   [Code Root Fixup: 0.0 ms]
   [Code Root Purge: 0.0 ms]
   [String Dedup Fixup: 2.9 ms, GC Workers: 10]
      [Queue Fixup (ms): Min: 0.0, Avg: 0.0, Max: 0.0, Diff: 0.0, Sum: 0.0]
      [Table Fixup (ms): Min: 2.2, Avg: 2.4, Max: 2.5, Diff: 0.3, Sum: 23.7]
   [Clear CT: 0.8 ms]
   [Other: 1.8 ms]
      [Choose CSet: 0.0 ms]
      [Ref Proc: 0.9 ms]
      [Ref Enq: 0.0 ms]
      [Redirty Cards: 0.8 ms]
      [Humongous Register: 0.0 ms]
      [Humongous Reclaim: 0.0 ms]
      [Free CSet: 0.0 ms]
   [Eden: 47104.0K(47104.0K)->0.0B(49152.0K) Survivors: 2048.0K->1024.0K Heap: 235.2M(267.0M)->188.8M(267.0M)]
 [Times: user=0.00 sys=0.00, real=0.01 secs] 
2020-12-18T18:02:15.236+0530: 455741.807: [GC concurrent-string-deduplication, 8584.0B->5312.0B(3272.0B), avg 59.8%, 0.0000554 secs]
   [Last Exec: 0.0000554 secs, Idle: 300.1724364 secs, Blocked: 0/0.0000000 secs]
      [Inspected:             205]
         [Skipped:              0(  0.0%)]
         [Hashed:              42( 20.5%)]
         [Known:              135( 65.9%)]
         [New:                 70( 34.1%)   8584.0B]
      [Deduplicated:           43( 61.4%)   3272.0B( 38.1%)]
         [Young:               43(100.0%)   3272.0B(100.0%)]
         [Old:                  0(  0.0%)      0.0B(  0.0%)]
   [Total Exec: 1843/0.8880126 secs, Idle: 1843/455740.4165397 secs, Blocked: 133/0.0943544 secs]
      [Inspected:         2976325]
         [Skipped:              0(  0.0%)]
         [Hashed:         1253785( 42.1%)]
         [Known:           197869(  6.6%)]
         [New:            2778456( 93.4%)    216.0M]
      [Deduplicated:      1952428( 70.3%)    129.2M( 59.8%)]
         [Young:           818502( 41.9%)  63665.3K( 48.1%)]
         [Old:            1133926( 58.1%)  68686.1K( 51.9%)]
   [Table]
      [Memory Usage: 8448.9K]
      [Size: 262144, Min: 1024, Max: 16777216]
      [Entries: 265536, Load: 101.3%, Cached: 7567, Added: 996701, Removed: 731165]
      [Resize Count: 8, Shrink Threshold: 174762(66.7%), Grow Threshold: 524288(200.0%)]
      [Rehash Count: 0, Rehash Threshold: 120, Hash Seed: 0x0]
      [Age Threshold: 3]
   [Queue]
      [Dropped: 0]
[GC concurrent-string-deduplication, deleted 0 entries, 0.0000006 secs]
2020-12-18T18:04:13.352+0530: 455859.923: [GC pause (G1 Evacuation Pause) (young) (initial-mark), 0.0131027 secs]
   [Parallel Time: 7.4 ms, GC Workers: 10]
      [GC Worker Start (ms): Min: 455859922.8, Avg: 455859923.0, Max: 455859923.1, Diff: 0.3]
      [Ext Root Scanning (ms): Min: 1.6, Avg: 1.7, Max: 1.9, Diff: 0.3, Sum: 17.4]
      [Update RS (ms): Min: 0.6, Avg: 1.1, Max: 4.2, Diff: 3.6, Sum: 11.0]
         [Processed Buffers: Min: 3, Avg: 7.2, Max: 12, Diff: 9, Sum: 72]
      [Scan RS (ms): Min: 0.0, Avg: 0.0, Max: 0.0, Diff: 0.0, Sum: 0.1]
      [Code Root Scanning (ms): Min: 0.0, Avg: 0.0, Max: 0.0, Diff: 0.0, Sum: 0.0]
      [Object Copy (ms): Min: 0.3, Avg: 3.3, Max: 3.7, Diff: 3.4, Sum: 32.9]
      [Termination (ms): Min: 0.0, Avg: 0.3, Max: 0.3, Diff: 0.3, Sum: 2.7]
         [Termination Attempts: Min: 1, Avg: 3.6, Max: 7, Diff: 6, Sum: 36]
      [GC Worker Other (ms): Min: 0.0, Avg: 0.0, Max: 0.0, Diff: 0.0, Sum: 0.2]
      [GC Worker Total (ms): Min: 6.3, Avg: 6.4, Max: 6.6, Diff: 0.3, Sum: 64.2]
      [GC Worker End (ms): Min: 455859929.4, Avg: 455859929.4, Max: 455859929.4, Diff: 0.0]
   [Code Root Fixup: 0.0 ms]
   [Code Root Purge: 0.0 ms]
   [String Dedup Fixup: 2.9 ms, GC Workers: 10]
      [Queue Fixup (ms): Min: 0.0, Avg: 0.0, Max: 0.0, Diff: 0.0, Sum: 0.0]
      [Table Fixup (ms): Min: 2.5, Avg: 2.6, Max: 2.7, Diff: 0.1, Sum: 26.1]
   [Clear CT: 1.1 ms]
   [Other: 1.7 ms]
      [Choose CSet: 0.0 ms]
      [Ref Proc: 0.8 ms]
      [Ref Enq: 0.0 ms]
      [Redirty Cards: 0.7 ms]
      [Humongous Register: 0.0 ms]
      [Humongous Reclaim: 0.0 ms]
      [Free CSet: 0.0 ms]
   [Eden: 49152.0K(49152.0K)->0.0B(38912.0K) Survivors: 1024.0K->6144.0K Heap: 236.8M(267.0M)->193.1M(267.0M)]
 [Times: user=0.02 sys=0.00, real=0.01 secs] 
2020-12-18T18:04:13.365+0530: 455859.936: [GC concurrent-string-deduplication, 0.0B->0.0B(0.0B), avg 59.8%, 0.0000029 secs]
   [Last Exec: 0.0000029 secs, Idle: 118.1292000 secs, Blocked: 0/0.0000000 secs]
      [Inspected:               1]
         [Skipped:              0(  0.0%)]
         [Hashed:               0(  0.0%)]
         [Known:                1(100.0%)]
         [New:                  0(  0.0%)      0.0B]
      [Deduplicated:            0(  0.0%)      0.0B(  0.0%)]
         [Young:                0(  0.0%)      0.0B(  0.0%)]
         [Old:                  0(  0.0%)      0.0B(  0.0%)]
   [Total Exec: 1844/0.8880155 secs, Idle: 1844/455858.5457397 secs, Blocked: 133/0.0943544 secs]
2020-12-18T18:04:13.365+0530: 455859.936: [GC concurrent-root-region-scan-start]
      [Inspected:         2976326]
         [Skipped:              0(  0.0%)]
         [Hashed:         1253785( 42.1%)]
         [Known:           197870(  6.6%)]
         [New:            2778456( 93.4%)    216.0M]
      [Deduplicated:      1952428( 70.3%)    129.2M( 59.8%)]
         [Young:           818502( 41.9%)  63665.3K( 48.1%)]
         [Old:            1133926( 58.1%)  68686.1K( 51.9%)]
   [Table]
      [Memory Usage: 8448.9K]
      [Size: 262144, Min: 1024, Max: 16777216]
      [Entries: 265525, Load: 101.3%, Cached: 7578, Added: 996702, Removed: 731177]
      [Resize Count: 8, Shrink Threshold: 174762(66.7%), Grow Threshold: 524288(200.0%)]
      [Rehash Count: 0, Rehash Threshold: 120, Hash Seed: 0x0]
      [Age Threshold: 3]
   [Queue]
      [Dropped: 0]
[GC concurrent-string-deduplication, deleted 0 entries, 0.0000006 secs]
2020-12-18T18:04:13.367+0530: 455859.938: [GC concurrent-root-region-scan-end, 0.0021012 secs]
2020-12-18T18:04:13.367+0530: 455859.938: [GC concurrent-mark-start]
2020-12-18T18:04:13.458+0530: 455860.029: [GC concurrent-mark-end, 0.0912539 secs]
2020-12-18T18:04:13.459+0530: 455860.030: [GC remark 2020-12-18T18:04:13.459+0530: 455860.030: [Finalize Marking, 0.0006770 secs] 2020-12-18T18:04:13.460+0530: 455860.031: [GC ref-proc, 0.0005190 secs] 2020-12-18T18:04:13.460+0530: 455860.031: [Unloading, 0.0212214 secs], 0.0231455 secs]
 [Times: user=0.16 sys=0.00, real=0.02 secs] 
2020-12-18T18:04:13.483+0530: 455860.054: [GC cleanup 198M->198M(267M), 0.0031018 secs]
 [Times: user=0.00 sys=0.00, real=0.00 secs] 
2020-12-18T18:04:15.857+0530: 455862.428: [GC pause (G1 Evacuation Pause) (young), 0.0101049 secs]
   [Parallel Time: 5.2 ms, GC Workers: 10]
      [GC Worker Start (ms): Min: 455862427.9, Avg: 455862428.1, Max: 455862428.2, Diff: 0.2]
      [Ext Root Scanning (ms): Min: 0.7, Avg: 0.9, Max: 1.9, Diff: 1.2, Sum: 9.0]
      [Update RS (ms): Min: 0.0, Avg: 0.5, Max: 0.8, Diff: 0.8, Sum: 4.6]
         [Processed Buffers: Min: 0, Avg: 4.2, Max: 11, Diff: 11, Sum: 42]
      [Scan RS (ms): Min: 0.0, Avg: 0.0, Max: 0.0, Diff: 0.0, Sum: 0.0]
      [Code Root Scanning (ms): Min: 0.0, Avg: 0.0, Max: 0.0, Diff: 0.0, Sum: 0.0]
      [Object Copy (ms): Min: 0.1, Avg: 1.0, Max: 3.5, Diff: 3.4, Sum: 9.8]
      [Termination (ms): Min: 0.0, Avg: 2.4, Max: 3.0, Diff: 3.0, Sum: 23.5]
         [Termination Attempts: Min: 1, Avg: 1.0, Max: 1, Diff: 0, Sum: 10]
      [GC Worker Other (ms): Min: 0.0, Avg: 0.0, Max: 0.0, Diff: 0.0, Sum: 0.1]
      [GC Worker Total (ms): Min: 4.6, Avg: 4.7, Max: 4.9, Diff: 0.2, Sum: 47.0]
      [GC Worker End (ms): Min: 455862432.8, Avg: 455862432.8, Max: 455862432.8, Diff: 0.0]
   [Code Root Fixup: 0.0 ms]
   [Code Root Purge: 0.0 ms]
   [String Dedup Fixup: 3.2 ms, GC Workers: 10]
      [Queue Fixup (ms): Min: 0.0, Avg: 0.0, Max: 0.0, Diff: 0.0, Sum: 0.0]
      [Table Fixup (ms): Min: 2.7, Avg: 2.8, Max: 2.9, Diff: 0.2, Sum: 27.9]
   [Clear CT: 0.6 ms]
   [Other: 1.2 ms]
      [Choose CSet: 0.0 ms]
      [Ref Proc: 0.3 ms]
      [Ref Enq: 0.0 ms]
      [Redirty Cards: 0.7 ms]
      [Humongous Register: 0.0 ms]
      [Humongous Reclaim: 0.0 ms]
      [Free CSet: 0.0 ms]
   [Eden: 38912.0K(38912.0K)->0.0B(9216.0K) Survivors: 6144.0K->4096.0K Heap: 232.1M(267.0M)->193.0M(267.0M)]
 [Times: user=0.13 sys=0.00, real=0.01 secs] 
2020-12-18T18:04:15.868+0530: 455862.438: [GC concurrent-string-deduplication, 34856.0B->7928.0B(26928.0B), avg 59.8%, 0.0001120 secs]
   [Last Exec: 0.0001120 secs, Idle: 2.5021955 secs, Blocked: 0/0.0000000 secs]
      [Inspected:             258]
         [Skipped:              0(  0.0%)]
         [Hashed:             141( 54.7%)]
         [Known:               18(  7.0%)]
         [New:                240( 93.0%)  34856.0B]
      [Deduplicated:          174( 72.5%)  26928.0B( 77.3%)]
         [Young:                0(  0.0%)      0.0B(  0.0%)]
         [Old:                174(100.0%)  26928.0B(100.0%)]
   [Total Exec: 1845/0.8881275 secs, Idle: 1845/455861.0479352 secs, Blocked: 133/0.0943544 secs]
      [Inspected:         2976584]
         [Skipped:              0(  0.0%)]
         [Hashed:         1253926( 42.1%)]
         [Known:           197888(  6.6%)]
         [New:            2778696( 93.4%)    216.1M]
      [Deduplicated:      1952602( 70.3%)    129.3M( 59.8%)]
         [Young:           818502( 41.9%)  63665.3K( 48.1%)]
         [Old:            1134100( 58.1%)  68712.4K( 51.9%)]
   [Table]
      [Memory Usage: 8448.9K]
      [Size: 262144, Min: 1024, Max: 16777216]
      [Entries: 265394, Load: 101.2%, Cached: 7709, Added: 996787, Removed: 731393]
      [Resize Count: 8, Shrink Threshold: 174762(66.7%), Grow Threshold: 524288(200.0%)]
      [Rehash Count: 0, Rehash Threshold: 120, Hash Seed: 0x0]
      [Age Threshold: 3]
   [Queue]
      [Dropped: 0]
[GC concurrent-string-deduplication, deleted 0 entries, 0.0000006 secs]
2020-12-18T18:04:16.453+0530: 455863.024: [GC pause (G1 Evacuation Pause) (mixed), 0.0077560 secs]
   [Parallel Time: 2.7 ms, GC Workers: 10]
      [GC Worker Start (ms): Min: 455863024.4, Avg: 455863024.5, Max: 455863024.6, Diff: 0.2]
      [Ext Root Scanning (ms): Min: 0.8, Avg: 0.9, Max: 1.6, Diff: 0.8, Sum: 9.1]
      [Update RS (ms): Min: 0.0, Avg: 0.5, Max: 0.8, Diff: 0.8, Sum: 4.6]
         [Processed Buffers: Min: 0, Avg: 3.0, Max: 14, Diff: 14, Sum: 30]
      [Scan RS (ms): Min: 0.0, Avg: 0.1, Max: 0.2, Diff: 0.2, Sum: 0.8]
      [Code Root Scanning (ms): Min: 0.0, Avg: 0.0, Max: 0.0, Diff: 0.0, Sum: 0.0]
      [Object Copy (ms): Min: 0.1, Avg: 0.4, Max: 0.5, Diff: 0.4, Sum: 3.9]
      [Termination (ms): Min: 0.0, Avg: 0.0, Max: 0.0, Diff: 0.0, Sum: 0.0]
         [Termination Attempts: Min: 1, Avg: 8.6, Max: 13, Diff: 12, Sum: 86]
      [GC Worker Other (ms): Min: 0.0, Avg: 0.0, Max: 0.0, Diff: 0.0, Sum: 0.1]
      [GC Worker Total (ms): Min: 1.8, Avg: 1.9, Max: 2.0, Diff: 0.2, Sum: 18.6]
      [GC Worker End (ms): Min: 455863026.4, Avg: 455863026.4, Max: 455863026.4, Diff: 0.0]
   [Code Root Fixup: 0.0 ms]
   [Code Root Purge: 0.0 ms]
   [String Dedup Fixup: 2.6 ms, GC Workers: 10]
      [Queue Fixup (ms): Min: 0.0, Avg: 0.0, Max: 0.0, Diff: 0.0, Sum: 0.0]
      [Table Fixup (ms): Min: 1.9, Avg: 2.0, Max: 2.1, Diff: 0.2, Sum: 19.9]
   [Clear CT: 0.8 ms]
   [Other: 1.7 ms]
      [Choose CSet: 0.0 ms]
      [Ref Proc: 0.7 ms]
      [Ref Enq: 0.0 ms]
      [Redirty Cards: 0.8 ms]
      [Humongous Register: 0.0 ms]
      [Humongous Reclaim: 0.0 ms]
      [Free CSet: 0.0 ms]
   [Eden: 9216.0K(9216.0K)->0.0B(47104.0K) Survivors: 4096.0K->1024.0K Heap: 203.0M(267.0M)->190.5M(267.0M)]
 [Times: user=0.00 sys=0.00, real=0.01 secs] 
2020-12-18T18:05:47.217+0530: 455953.787: [GC pause (G1 Evacuation Pause) (young), 0.0081183 secs]
   [Parallel Time: 2.7 ms, GC Workers: 10]
      [GC Worker Start (ms): Min: 455953787.3, Avg: 455953787.5, Max: 455953787.6, Diff: 0.3]
      [Ext Root Scanning (ms): Min: 0.5, Avg: 0.8, Max: 1.8, Diff: 1.3, Sum: 7.5]
      [Update RS (ms): Min: 0.2, Avg: 1.1, Max: 1.6, Diff: 1.4, Sum: 11.4]
         [Processed Buffers: Min: 2, Avg: 6.5, Max: 18, Diff: 16, Sum: 65]
      [Scan RS (ms): Min: 0.0, Avg: 0.0, Max: 0.0, Diff: 0.0, Sum: 0.0]
      [Code Root Scanning (ms): Min: 0.0, Avg: 0.0, Max: 0.0, Diff: 0.0, Sum: 0.0]
      [Object Copy (ms): Min: 0.1, Avg: 0.2, Max: 0.3, Diff: 0.1, Sum: 1.9]
      [Termination (ms): Min: 0.0, Avg: 0.3, Max: 0.4, Diff: 0.4, Sum: 3.3]
         [Termination Attempts: Min: 1, Avg: 13.0, Max: 22, Diff: 21, Sum: 130]
      [GC Worker Other (ms): Min: 0.0, Avg: 0.0, Max: 0.0, Diff: 0.0, Sum: 0.1]
      [GC Worker Total (ms): Min: 2.3, Avg: 2.4, Max: 2.6, Diff: 0.3, Sum: 24.3]
      [GC Worker End (ms): Min: 455953789.9, Avg: 455953789.9, Max: 455953789.9, Diff: 0.0]
   [Code Root Fixup: 0.0 ms]
   [Code Root Purge: 0.0 ms]
   [String Dedup Fixup: 2.5 ms, GC Workers: 10]
      [Queue Fixup (ms): Min: 0.0, Avg: 0.0, Max: 0.0, Diff: 0.0, Sum: 0.0]
      [Table Fixup (ms): Min: 1.8, Avg: 1.9, Max: 2.0, Diff: 0.3, Sum: 18.6]
   [Clear CT: 0.8 ms]
   [Other: 2.0 ms]
      [Choose CSet: 0.0 ms]
      [Ref Proc: 1.0 ms]
      [Ref Enq: 0.0 ms]
      [Redirty Cards: 0.8 ms]
      [Humongous Register: 0.0 ms]
      [Humongous Reclaim: 0.0 ms]
      [Free CSet: 0.0 ms]
   [Eden: 47104.0K(47104.0K)->0.0B(47104.0K) Survivors: 1024.0K->1024.0K Heap: 236.5M(267.0M)->190.1M(267.0M)]
 [Times: user=0.16 sys=0.00, real=0.01 secs] 
2020-12-18T18:05:47.225+0530: 455953.795: [GC concurrent-string-deduplication, 9416.0B->5272.0B(4144.0B), avg 59.8%, 0.0000391 secs]
   [Last Exec: 0.0000391 secs, Idle: 91.3571475 secs, Blocked: 0/0.0000000 secs]
      [Inspected:              89]
         [Skipped:              0(  0.0%)]
         [Hashed:              41( 46.1%)]
         [Known:               21( 23.6%)]
         [New:                 68( 76.4%)   9416.0B]
      [Deduplicated:           39( 57.4%)   4144.0B( 44.0%)]
         [Young:               39(100.0%)   4144.0B(100.0%)]
         [Old:                  0(  0.0%)      0.0B(  0.0%)]
   [Total Exec: 1846/0.8881666 secs, Idle: 1846/455952.4050827 secs, Blocked: 133/0.0943544 secs]
      [Inspected:         2976673]
         [Skipped:              0(  0.0%)]
         [Hashed:         1253967( 42.1%)]
         [Known:           197909(  6.6%)]
         [New:            2778764( 93.4%)    216.1M]
      [Deduplicated:      1952641( 70.3%)    129.3M( 59.8%)]
         [Young:           818541( 41.9%)  63669.4K( 48.1%)]
         [Old:            1134100( 58.1%)  68712.4K( 51.9%)]
   [Table]
      [Memory Usage: 8448.9K]
      [Size: 262144, Min: 1024, Max: 16777216]
      [Entries: 265565, Load: 101.3%, Cached: 7538, Added: 996960, Removed: 731395]
      [Resize Count: 8, Shrink Threshold: 174762(66.7%), Grow Threshold: 524288(200.0%)]
      [Rehash Count: 0, Rehash Threshold: 120, Hash Seed: 0x0]
      [Age Threshold: 3]
   [Queue]
      [Dropped: 0]
[GC concurrent-string-deduplication, deleted 0 entries, 0.0000009 secs]
2020-12-18T18:11:19.525+0530: 456286.097: [GC pause (G1 Evacuation Pause) (young) (initial-mark), 0.0102642 secs]
   [Parallel Time: 5.2 ms, GC Workers: 10]
      [GC Worker Start (ms): Min: 456286096.8, Avg: 456286097.0, Max: 456286097.1, Diff: 0.3]
      [Ext Root Scanning (ms): Min: 1.2, Avg: 1.5, Max: 1.8, Diff: 0.6, Sum: 15.2]
      [Update RS (ms): Min: 0.5, Avg: 0.9, Max: 3.2, Diff: 2.8, Sum: 9.2]
         [Processed Buffers: Min: 1, Avg: 6.6, Max: 15, Diff: 14, Sum: 66]
      [Scan RS (ms): Min: 0.0, Avg: 0.0, Max: 0.0, Diff: 0.0, Sum: 0.0]
      [Code Root Scanning (ms): Min: 0.0, Avg: 0.0, Max: 0.0, Diff: 0.0, Sum: 0.0]
      [Object Copy (ms): Min: 0.0, Avg: 0.2, Max: 0.3, Diff: 0.2, Sum: 1.8]
      [Termination (ms): Min: 0.0, Avg: 2.3, Max: 2.6, Diff: 2.6, Sum: 23.2]
         [Termination Attempts: Min: 1, Avg: 1.9, Max: 4, Diff: 3, Sum: 19]
      [GC Worker Other (ms): Min: 0.0, Avg: 0.0, Max: 0.0, Diff: 0.0, Sum: 0.1]
      [GC Worker Total (ms): Min: 4.8, Avg: 5.0, Max: 5.1, Diff: 0.3, Sum: 49.7]
      [GC Worker End (ms): Min: 456286101.9, Avg: 456286101.9, Max: 456286101.9, Diff: 0.0]
   [Code Root Fixup: 0.0 ms]
   [Code Root Purge: 0.0 ms]
   [String Dedup Fixup: 2.7 ms, GC Workers: 10]
      [Queue Fixup (ms): Min: 0.0, Avg: 0.0, Max: 0.0, Diff: 0.0, Sum: 0.0]
      [Table Fixup (ms): Min: 1.9, Avg: 2.0, Max: 2.2, Diff: 0.3, Sum: 19.8]
   [Clear CT: 0.8 ms]
   [Other: 1.5 ms]
      [Choose CSet: 0.0 ms]
      [Ref Proc: 0.5 ms]
      [Ref Enq: 0.0 ms]
      [Redirty Cards: 0.8 ms]
      [Humongous Register: 0.0 ms]
      [Humongous Reclaim: 0.0 ms]
      [Free CSet: 0.0 ms]
   [Eden: 47104.0K(47104.0K)->0.0B(47104.0K) Survivors: 1024.0K->1024.0K Heap: 236.1M(267.0M)->190.0M(267.0M)]
 [Times: user=0.14 sys=0.00, real=0.01 secs] 
2020-12-18T18:11:19.537+0530: 456286.107: [GC concurrent-root-region-scan-start]
2020-12-18T18:11:19.537+0530: 456286.107: [GC concurrent-string-deduplication, 2072.0B->872.0B(1200.0B), avg 59.8%, 0.0000376 secs]
   [Last Exec: 0.0000376 secs, Idle: 332.3115204 secs, Blocked: 0/0.0000000 secs]
      [Inspected:              27]
         [Skipped:              0(  0.0%)]
         [Hashed:              11( 40.7%)]
         [Known:                5( 18.5%)]
         [New:                 22( 81.5%)   2072.0B]
      [Deduplicated:           12( 54.5%)   1200.0B( 57.9%)]
         [Young:               12(100.0%)   1200.0B(100.0%)]
         [Old:                  0(  0.0%)      0.0B(  0.0%)]
   [Total Exec: 1847/0.8882042 secs, Idle: 1847/456284.7166031 secs, Blocked: 133/0.0943544 secs]
      [Inspected:         2976700]
         [Skipped:              0(  0.0%)]
         [Hashed:         1253978( 42.1%)]
         [Known:           197914(  6.6%)]
         [New:            2778786( 93.4%)    216.1M]
      [Deduplicated:      1952653( 70.3%)    129.3M( 59.8%)]
         [Young:           818553( 41.9%)  63670.5K( 48.1%)]
         [Old:            1134100( 58.1%)  68712.4K( 51.9%)]
   [Table]
      [Memory Usage: 8448.9K]
      [Size: 262144, Min: 1024, Max: 16777216]
      [Entries: 265585, Load: 101.3%, Cached: 7518, Added: 996980, Removed: 731395]
      [Resize Count: 8, Shrink Threshold: 174762(66.7%), Grow Threshold: 524288(200.0%)]
      [Rehash Count: 0, Rehash Threshold: 120, Hash Seed: 0x0]
      [Age Threshold: 3]
   [Queue]
      [Dropped: 0]
[GC concurrent-string-deduplication, deleted 0 entries, 0.0000006 secs]
2020-12-18T18:11:19.539+0530: 456286.109: [GC concurrent-root-region-scan-end, 0.0018416 secs]
2020-12-18T18:11:19.539+0530: 456286.109: [GC concurrent-mark-start]
2020-12-18T18:11:19.644+0530: 456286.214: [GC concurrent-mark-end, 0.1052288 secs]
2020-12-18T18:11:19.644+0530: 456286.215: [GC remark 2020-12-18T18:11:19.644+0530: 456286.215: [Finalize Marking, 0.0002270 secs] 2020-12-18T18:11:19.644+0530: 456286.215: [GC ref-proc, 0.0005527 secs] 2020-12-18T18:11:19.645+0530: 456286.215: [Unloading, 0.0254558 secs], 0.0273380 secs]
 [Times: user=0.16 sys=0.00, real=0.03 secs] 
2020-12-18T18:11:19.672+0530: 456286.243: [GC cleanup 190M->190M(267M), 0.0042478 secs]
 [Times: user=0.00 sys=0.00, real=0.01 secs] 
2020-12-18T18:11:24.208+0530: 456290.779: [GC pause (G1 Evacuation Pause) (young), 0.0069304 secs]
   [Parallel Time: 1.7 ms, GC Workers: 10]
      [GC Worker Start (ms): Min: 456290779.6, Avg: 456290779.7, Max: 456290779.8, Diff: 0.2]
      [Ext Root Scanning (ms): Min: 0.8, Avg: 0.9, Max: 1.6, Diff: 0.8, Sum: 9.0]
      [Update RS (ms): Min: 0.0, Avg: 0.2, Max: 0.4, Diff: 0.4, Sum: 2.5]
         [Processed Buffers: Min: 0, Avg: 3.0, Max: 13, Diff: 13, Sum: 30]
      [Scan RS (ms): Min: 0.0, Avg: 0.0, Max: 0.0, Diff: 0.0, Sum: 0.0]
      [Code Root Scanning (ms): Min: 0.0, Avg: 0.0, Max: 0.0, Diff: 0.0, Sum: 0.0]
      [Object Copy (ms): Min: 0.0, Avg: 0.2, Max: 0.3, Diff: 0.3, Sum: 2.2]
      [Termination (ms): Min: 0.0, Avg: 0.1, Max: 0.1, Diff: 0.1, Sum: 0.9]
         [Termination Attempts: Min: 1, Avg: 1.4, Max: 3, Diff: 2, Sum: 14]
      [GC Worker Other (ms): Min: 0.0, Avg: 0.0, Max: 0.0, Diff: 0.0, Sum: 0.1]
      [GC Worker Total (ms): Min: 1.4, Avg: 1.5, Max: 1.6, Diff: 0.2, Sum: 14.6]
      [GC Worker End (ms): Min: 456290781.2, Avg: 456290781.2, Max: 456290781.2, Diff: 0.0]
   [Code Root Fixup: 0.0 ms]
   [Code Root Purge: 0.0 ms]
   [String Dedup Fixup: 2.4 ms, GC Workers: 10]
      [Queue Fixup (ms): Min: 0.0, Avg: 0.0, Max: 0.0, Diff: 0.0, Sum: 0.0]
      [Table Fixup (ms): Min: 1.7, Avg: 1.8, Max: 1.9, Diff: 0.2, Sum: 17.9]
   [Clear CT: 1.0 ms]
   [Other: 1.9 ms]
      [Choose CSet: 0.0 ms]
      [Ref Proc: 0.7 ms]
      [Ref Enq: 0.0 ms]
      [Redirty Cards: 0.9 ms]
      [Humongous Register: 0.0 ms]
      [Humongous Reclaim: 0.0 ms]
      [Free CSet: 0.0 ms]
   [Eden: 47104.0K(47104.0K)->0.0B(12288.0K) Survivors: 1024.0K->1024.0K Heap: 236.0M(267.0M)->190.2M(267.0M)]
 [Times: user=0.00 sys=0.00, real=0.01 secs] 
2020-12-18T18:11:24.216+0530: 456290.787: [GC concurrent-string-deduplication, 6648.0B->3216.0B(3432.0B), avg 59.8%, 0.0000917 secs]
   [Last Exec: 0.0000917 secs, Idle: 4.6794083 secs, Blocked: 0/0.0000000 secs]
      [Inspected:             238]
         [Skipped:              0(  0.0%)]
         [Hashed:              33( 13.9%)]
         [Known:              155( 65.1%)]
         [New:                 83( 34.9%)   6648.0B]
      [Deduplicated:           41( 49.4%)   3432.0B( 51.6%)]
         [Young:               41(100.0%)   3432.0B(100.0%)]
         [Old:                  0(  0.0%)      0.0B(  0.0%)]
   [Total Exec: 1848/0.8882959 secs, Idle: 1848/456289.3960114 secs, Blocked: 133/0.0943544 secs]
      [Inspected:         2976938]
         [Skipped:              0(  0.0%)]
         [Hashed:         1254011( 42.1%)]
         [Known:           198069(  6.7%)]
         [New:            2778869( 93.3%)    216.1M]
      [Deduplicated:      1952694( 70.3%)    129.3M( 59.8%)]
         [Young:           818594( 41.9%)  63673.9K( 48.1%)]
         [Old:            1134100( 58.1%)  68712.4K( 51.9%)]
   [Table]
      [Memory Usage: 8448.9K]
      [Size: 262144, Min: 1024, Max: 16777216]
      [Entries: 265355, Load: 101.2%, Cached: 7748, Added: 997144, Removed: 731789]
      [Resize Count: 8, Shrink Threshold: 174762(66.7%), Grow Threshold: 524288(200.0%)]
      [Rehash Count: 0, Rehash Threshold: 120, Hash Seed: 0x0]
      [Age Threshold: 3]
   [Queue]
      [Dropped: 0]
[GC concurrent-string-deduplication, deleted 0 entries, 0.0000009 secs]
2020-12-18T18:11:24.218+0530: 456290.790: [GC pause (G1 Evacuation Pause) (mixed), 0.0114597 secs]
   [Parallel Time: 5.9 ms, GC Workers: 10]
      [GC Worker Start (ms): Min: 456290789.9, Avg: 456290790.1, Max: 456290790.3, Diff: 0.4]
      [Ext Root Scanning (ms): Min: 0.7, Avg: 1.0, Max: 1.8, Diff: 1.1, Sum: 9.8]
      [Update RS (ms): Min: 0.0, Avg: 0.2, Max: 0.3, Diff: 0.3, Sum: 2.1]
         [Processed Buffers: Min: 0, Avg: 1.3, Max: 3, Diff: 3, Sum: 13]
      [Scan RS (ms): Min: 0.3, Avg: 0.6, Max: 1.0, Diff: 0.8, Sum: 6.3]
      [Code Root Scanning (ms): Min: 0.0, Avg: 0.0, Max: 0.2, Diff: 0.2, Sum: 0.3]
      [Object Copy (ms): Min: 1.4, Avg: 2.1, Max: 3.7, Diff: 2.3, Sum: 20.7]
      [Termination (ms): Min: 0.0, Avg: 1.6, Max: 1.9, Diff: 1.9, Sum: 16.4]
         [Termination Attempts: Min: 1, Avg: 1.6, Max: 3, Diff: 2, Sum: 16]
      [GC Worker Other (ms): Min: 0.0, Avg: 0.0, Max: 0.0, Diff: 0.0, Sum: 0.1]
      [GC Worker Total (ms): Min: 5.3, Avg: 5.6, Max: 5.8, Diff: 0.5, Sum: 55.7]
      [GC Worker End (ms): Min: 456290795.7, Avg: 456290795.7, Max: 456290795.7, Diff: 0.0]
   [Code Root Fixup: 0.0 ms]
   [Code Root Purge: 0.0 ms]
   [String Dedup Fixup: 3.3 ms, GC Workers: 10]
      [Queue Fixup (ms): Min: 0.0, Avg: 0.0, Max: 0.0, Diff: 0.0, Sum: 0.0]
      [Table Fixup (ms): Min: 2.5, Avg: 2.6, Max: 2.8, Diff: 0.4, Sum: 26.1]
   [Clear CT: 0.8 ms]
   [Other: 1.4 ms]
      [Choose CSet: 0.0 ms]
      [Ref Proc: 0.3 ms]
      [Ref Enq: 0.0 ms]
      [Redirty Cards: 0.7 ms]
      [Humongous Register: 0.0 ms]
      [Humongous Reclaim: 0.0 ms]
      [Free CSet: 0.1 ms]
   [Eden: 12288.0K(12288.0K)->0.0B(49152.0K) Survivors: 1024.0K->1024.0K Heap: 202.2M(267.0M)->188.8M(267.0M)]
 [Times: user=0.00 sys=0.00, real=0.01 secs] 
2020-12-18T18:11:24.231+0530: 456290.801: [GC concurrent-string-deduplication, 824.0B->344.0B(480.0B), avg 59.8%, 0.0000310 secs]
   [Last Exec: 0.0000310 secs, Idle: 0.0147263 secs, Blocked: 0/0.0000000 secs]
      [Inspected:              21]
         [Skipped:              0(  0.0%)]
         [Hashed:               4( 19.0%)]
         [Known:               12( 57.1%)]
         [New:                  9( 42.9%)    824.0B]
      [Deduplicated:            7( 77.8%)    480.0B( 58.3%)]
         [Young:                7(100.0%)    480.0B(100.0%)]
         [Old:                  0(  0.0%)      0.0B(  0.0%)]
   [Total Exec: 1849/0.8883269 secs, Idle: 1849/456289.4107377 secs, Blocked: 133/0.0943544 secs]
      [Inspected:         2976959]
         [Skipped:              0(  0.0%)]
         [Hashed:         1254015( 42.1%)]
         [Known:           198081(  6.7%)]
         [New:            2778878( 93.3%)    216.1M]
      [Deduplicated:      1952701( 70.3%)    129.3M( 59.8%)]
         [Young:           818601( 41.9%)  63674.3K( 48.1%)]
         [Old:            1134100( 58.1%)  68712.4K( 51.9%)]
   [Table]
      [Memory Usage: 8448.9K]
      [Size: 262144, Min: 1024, Max: 16777216]
      [Entries: 265337, Load: 101.2%, Cached: 7766, Added: 997146, Removed: 731809]
      [Resize Count: 8, Shrink Threshold: 174762(66.7%), Grow Threshold: 524288(200.0%)]
      [Rehash Count: 0, Rehash Threshold: 120, Hash Seed: 0x0]
      [Age Threshold: 3]
   [Queue]
      [Dropped: 0]
[GC concurrent-string-deduplication, deleted 0 entries, 0.0000014 secs]
2020-12-18T18:11:24.300+0530: 456290.871: [GC pause (G1 Evacuation Pause) (young), 0.0114966 secs]
   [Parallel Time: 6.5 ms, GC Workers: 10]
      [GC Worker Start (ms): Min: 456290870.6, Avg: 456290870.8, Max: 456290870.9, Diff: 0.3]
      [Ext Root Scanning (ms): Min: 0.5, Avg: 1.3, Max: 6.2, Diff: 5.7, Sum: 12.5]
      [Update RS (ms): Min: 0.0, Avg: 1.6, Max: 2.1, Diff: 2.1, Sum: 16.3]
         [Processed Buffers: Min: 0, Avg: 3.3, Max: 5, Diff: 5, Sum: 33]
      [Scan RS (ms): Min: 0.0, Avg: 0.0, Max: 0.0, Diff: 0.0, Sum: 0.0]
      [Code Root Scanning (ms): Min: 0.0, Avg: 0.0, Max: 0.0, Diff: 0.0, Sum: 0.0]
      [Object Copy (ms): Min: 0.0, Avg: 0.3, Max: 0.5, Diff: 0.5, Sum: 2.5]
      [Termination (ms): Min: 0.0, Avg: 3.0, Max: 3.4, Diff: 3.4, Sum: 30.2]
         [Termination Attempts: Min: 1, Avg: 2.6, Max: 4, Diff: 3, Sum: 26]
      [GC Worker Other (ms): Min: 0.0, Avg: 0.0, Max: 0.1, Diff: 0.0, Sum: 0.2]
      [GC Worker Total (ms): Min: 6.1, Avg: 6.2, Max: 6.3, Diff: 0.3, Sum: 61.7]
      [GC Worker End (ms): Min: 456290877.0, Avg: 456290877.0, Max: 456290877.0, Diff: 0.0]
   [Code Root Fixup: 0.0 ms]
   [Code Root Purge: 0.0 ms]
   [String Dedup Fixup: 2.5 ms, GC Workers: 10]
      [Queue Fixup (ms): Min: 0.0, Avg: 0.0, Max: 0.0, Diff: 0.0, Sum: 0.0]
      [Table Fixup (ms): Min: 1.8, Avg: 1.9, Max: 2.1, Diff: 0.3, Sum: 19.0]
   [Clear CT: 0.8 ms]
   [Other: 1.7 ms]
      [Choose CSet: 0.0 ms]
      [Ref Proc: 0.7 ms]
      [Ref Enq: 0.0 ms]
      [Redirty Cards: 0.8 ms]
      [Humongous Register: 0.0 ms]
      [Humongous Reclaim: 0.0 ms]
      [Free CSet: 0.0 ms]
   [Eden: 49152.0K(49152.0K)->0.0B(49152.0K) Survivors: 1024.0K->1024.0K Heap: 236.8M(267.0M)->189.0M(267.0M)]
 [Times: user=0.00 sys=0.00, real=0.01 secs] 
2020-12-18T18:11:24.312+0530: 456290.882: [GC concurrent-string-deduplication, 18784.0B->14680.0B(4104.0B), avg 59.8%, 0.0000750 secs]
   [Last Exec: 0.0000750 secs, Idle: 0.0806850 secs, Blocked: 0/0.0000000 secs]
      [Inspected:             241]
         [Skipped:              0(  0.0%)]
         [Hashed:              93( 38.6%)]
         [Known:              131( 54.4%)]
         [New:                110( 45.6%)  18784.0B]
      [Deduplicated:           33( 30.0%)   4104.0B( 21.8%)]
         [Young:               33(100.0%)   4104.0B(100.0%)]
         [Old:                  0(  0.0%)      0.0B(  0.0%)]
   [Total Exec: 1850/0.8884019 secs, Idle: 1850/456289.4914227 secs, Blocked: 133/0.0943544 secs]
      [Inspected:         2977200]
         [Skipped:              0(  0.0%)]
         [Hashed:         1254108( 42.1%)]
         [Known:           198212(  6.7%)]
         [New:            2778988( 93.3%)    216.1M]
      [Deduplicated:      1952734( 70.3%)    129.3M( 59.8%)]
         [Young:           818634( 41.9%)  63678.4K( 48.1%)]
         [Old:            1134100( 58.1%)  68712.4K( 51.9%)]
   [Table]
      [Memory Usage: 8448.9K]
      [Size: 262144, Min: 1024, Max: 16777216]
      [Entries: 265433, Load: 101.3%, Cached: 7670, Added: 997242, Removed: 731809]
      [Resize Count: 8, Shrink Threshold: 174762(66.7%), Grow Threshold: 524288(200.0%)]
      [Rehash Count: 0, Rehash Threshold: 120, Hash Seed: 0x0]
      [Age Threshold: 3]
   [Queue]
      [Dropped: 0]
[GC concurrent-string-deduplication, deleted 0 entries, 0.0000007 secs]
2020-12-18T18:11:25.051+0530: 456291.622: [GC pause (G1 Humongous Allocation) (young) (initial-mark), 0.0093711 secs]
   [Parallel Time: 3.9 ms, GC Workers: 10]
      [GC Worker Start (ms): Min: 456291622.2, Avg: 456291622.2, Max: 456291622.2, Diff: 0.1]
      [Ext Root Scanning (ms): Min: 2.0, Avg: 2.1, Max: 2.3, Diff: 0.3, Sum: 21.4]
      [Update RS (ms): Min: 0.1, Avg: 0.5, Max: 1.0, Diff: 0.9, Sum: 5.2]
         [Processed Buffers: Min: 1, Avg: 2.5, Max: 10, Diff: 9, Sum: 25]
      [Scan RS (ms): Min: 0.0, Avg: 0.0, Max: 0.0, Diff: 0.0, Sum: 0.0]
      [Code Root Scanning (ms): Min: 0.0, Avg: 0.0, Max: 0.0, Diff: 0.0, Sum: 0.0]
      [Object Copy (ms): Min: 0.0, Avg: 0.5, Max: 1.0, Diff: 1.0, Sum: 5.3]
      [Termination (ms): Min: 0.0, Avg: 0.2, Max: 0.3, Diff: 0.3, Sum: 2.2]
         [Termination Attempts: Min: 1, Avg: 3.1, Max: 5, Diff: 4, Sum: 31]
      [GC Worker Other (ms): Min: 0.0, Avg: 0.0, Max: 0.0, Diff: 0.0, Sum: 0.1]
      [GC Worker Total (ms): Min: 3.4, Avg: 3.4, Max: 3.5, Diff: 0.1, Sum: 34.3]
      [GC Worker End (ms): Min: 456291625.6, Avg: 456291625.6, Max: 456291625.6, Diff: 0.0]
   [Code Root Fixup: 0.0 ms]
   [Code Root Purge: 0.0 ms]
   [String Dedup Fixup: 3.3 ms, GC Workers: 10]
      [Queue Fixup (ms): Min: 0.0, Avg: 0.0, Max: 0.0, Diff: 0.0, Sum: 0.0]
      [Table Fixup (ms): Min: 2.8, Avg: 2.8, Max: 2.9, Diff: 0.1, Sum: 28.3]
   [Clear CT: 0.4 ms]
   [Other: 1.8 ms]
      [Choose CSet: 0.0 ms]
      [Ref Proc: 0.8 ms]
      [Ref Enq: 0.0 ms]
      [Redirty Cards: 0.8 ms]
      [Humongous Register: 0.0 ms]
      [Humongous Reclaim: 0.0 ms]
      [Free CSet: 0.0 ms]
   [Eden: 43008.0K(49152.0K)->0.0B(47104.0K) Survivors: 1024.0K->2048.0K Heap: 230.1M(267.0M)->189.6M(267.0M)]
 [Times: user=0.00 sys=0.00, real=0.01 secs] 
2020-12-18T18:11:25.061+0530: 456291.631: [GC concurrent-root-region-scan-start]
2020-12-18T18:11:25.064+0530: 456291.635: [GC concurrent-root-region-scan-end, 0.0030367 secs]
2020-12-18T18:11:25.064+0530: 456291.635: [GC concurrent-mark-start]
2020-12-18T18:11:25.182+0530: 456291.753: [GC concurrent-mark-end, 0.1181492 secs]
2020-12-18T18:11:25.183+0530: 456291.754: [GC remark 2020-12-18T18:11:25.183+0530: 456291.754: [Finalize Marking, 0.0002828 secs] 2020-12-18T18:11:25.183+0530: 456291.754: [GC ref-proc, 0.0005994 secs] 2020-12-18T18:11:25.184+0530: 456291.755: [Unloading, 0.0277273 secs], 0.0294570 secs]
 [Times: user=0.31 sys=0.00, real=0.03 secs] 
2020-12-18T18:11:25.213+0530: 456291.784: [GC cleanup 192M->192M(267M), 0.0022265 secs]
 [Times: user=0.00 sys=0.00, real=0.00 secs] 
2020-12-18T18:11:26.236+0530: 456292.807: [GC pause (G1 Evacuation Pause) (young), 0.0071089 secs]
   [Parallel Time: 2.5 ms, GC Workers: 10]
      [GC Worker Start (ms): Min: 456292807.2, Avg: 456292807.4, Max: 456292807.5, Diff: 0.3]
      [Ext Root Scanning (ms): Min: 0.6, Avg: 0.8, Max: 1.4, Diff: 0.9, Sum: 8.1]
      [Update RS (ms): Min: 0.1, Avg: 0.4, Max: 0.6, Diff: 0.5, Sum: 4.4]
         [Processed Buffers: Min: 2, Avg: 4.4, Max: 8, Diff: 6, Sum: 44]
      [Scan RS (ms): Min: 0.0, Avg: 0.0, Max: 0.0, Diff: 0.0, Sum: 0.0]
      [Code Root Scanning (ms): Min: 0.0, Avg: 0.0, Max: 0.1, Diff: 0.1, Sum: 0.1]
      [Object Copy (ms): Min: 0.2, Avg: 0.4, Max: 0.4, Diff: 0.2, Sum: 3.5]
      [Termination (ms): Min: 0.0, Avg: 0.0, Max: 0.0, Diff: 0.0, Sum: 0.0]
         [Termination Attempts: Min: 1, Avg: 1.0, Max: 1, Diff: 0, Sum: 10]
      [GC Worker Other (ms): Min: 0.0, Avg: 0.0, Max: 0.0, Diff: 0.0, Sum: 0.2]
      [GC Worker Total (ms): Min: 1.5, Avg: 1.6, Max: 1.8, Diff: 0.3, Sum: 16.3]
      [GC Worker End (ms): Min: 456292809.0, Avg: 456292809.1, Max: 456292809.1, Diff: 0.0]
   [Code Root Fixup: 0.0 ms]
   [Code Root Purge: 0.0 ms]
   [String Dedup Fixup: 2.5 ms, GC Workers: 10]
      [Queue Fixup (ms): Min: 0.0, Avg: 0.0, Max: 0.0, Diff: 0.0, Sum: 0.0]
      [Table Fixup (ms): Min: 1.8, Avg: 1.8, Max: 2.0, Diff: 0.2, Sum: 18.4]
   [Clear CT: 0.8 ms]
   [Other: 1.3 ms]
      [Choose CSet: 0.0 ms]
      [Ref Proc: 0.5 ms]
      [Ref Enq: 0.0 ms]
      [Redirty Cards: 0.7 ms]
      [Humongous Register: 0.0 ms]
      [Humongous Reclaim: 0.0 ms]
      [Free CSet: 0.0 ms]
   [Eden: 47104.0K(47104.0K)->0.0B(11264.0K) Survivors: 2048.0K->2048.0K Heap: 237.6M(267.0M)->189.7M(267.0M)]
 [Times: user=0.00 sys=0.00, real=0.01 secs] 
2020-12-18T18:11:26.244+0530: 456292.814: [GC concurrent-string-deduplication, 17440.0B->1792.0B(15648.0B), avg 59.8%, 0.0000685 secs]
   [Last Exec: 0.0000685 secs, Idle: 1.9320922 secs, Blocked: 0/0.0000000 secs]
      [Inspected:             169]
         [Skipped:              0(  0.0%)]
         [Hashed:             101( 59.8%)]
         [Known:               21( 12.4%)]
         [New:                148( 87.6%)  17440.0B]
      [Deduplicated:          121( 81.8%)  15648.0B( 89.7%)]
         [Young:              121(100.0%)  15648.0B(100.0%)]
         [Old:                  0(  0.0%)      0.0B(  0.0%)]
   [Total Exec: 1851/0.8884704 secs, Idle: 1851/456291.4235149 secs, Blocked: 133/0.0943544 secs]
      [Inspected:         2977369]
         [Skipped:              0(  0.0%)]
         [Hashed:         1254209( 42.1%)]
         [Known:           198233(  6.7%)]
         [New:            2779136( 93.3%)    216.1M]
      [Deduplicated:      1952855( 70.3%)    129.3M( 59.8%)]
         [Young:           818755( 41.9%)  63693.6K( 48.1%)]
         [Old:            1134100( 58.1%)  68712.4K( 51.9%)]
   [Table]
      [Memory Usage: 8448.9K]
      [Size: 262144, Min: 1024, Max: 16777216]
      [Entries: 265609, Load: 101.3%, Cached: 7494, Added: 997681, Removed: 732072]
      [Resize Count: 8, Shrink Threshold: 174762(66.7%), Grow Threshold: 524288(200.0%)]
      [Rehash Count: 0, Rehash Threshold: 120, Hash Seed: 0x0]
      [Age Threshold: 3]
   [Queue]
      [Dropped: 0]
[GC concurrent-string-deduplication, deleted 0 entries, 0.0000009 secs]
2020-12-18T18:11:35.234+0530: 456301.805: [GC pause (G1 Evacuation Pause) (mixed), 0.0222343 secs]
   [Parallel Time: 17.0 ms, GC Workers: 10]
      [GC Worker Start (ms): Min: 456301805.2, Avg: 456301805.3, Max: 456301805.4, Diff: 0.2]
      [Ext Root Scanning (ms): Min: 0.9, Avg: 1.6, Max: 6.3, Diff: 5.5, Sum: 16.4]
      [Update RS (ms): Min: 0.7, Avg: 1.3, Max: 1.9, Diff: 1.1, Sum: 13.3]
         [Processed Buffers: Min: 1, Avg: 4.1, Max: 10, Diff: 9, Sum: 41]
      [Scan RS (ms): Min: 2.1, Avg: 2.6, Max: 2.9, Diff: 0.7, Sum: 26.1]
      [Code Root Scanning (ms): Min: 0.0, Avg: 0.2, Max: 1.3, Diff: 1.3, Sum: 1.9]
      [Object Copy (ms): Min: 5.3, Avg: 11.0, Max: 12.1, Diff: 6.7, Sum: 109.7]
      [Termination (ms): Min: 0.0, Avg: 0.0, Max: 0.0, Diff: 0.0, Sum: 0.2]
         [Termination Attempts: Min: 1, Avg: 1.3, Max: 3, Diff: 2, Sum: 13]
      [GC Worker Other (ms): Min: 0.0, Avg: 0.0, Max: 0.0, Diff: 0.0, Sum: 0.1]
      [GC Worker Total (ms): Min: 16.7, Avg: 16.8, Max: 16.9, Diff: 0.2, Sum: 167.8]
      [GC Worker End (ms): Min: 456301822.1, Avg: 456301822.1, Max: 456301822.1, Diff: 0.0]
   [Code Root Fixup: 0.0 ms]
   [Code Root Purge: 0.0 ms]
   [String Dedup Fixup: 3.0 ms, GC Workers: 10]
      [Queue Fixup (ms): Min: 0.0, Avg: 0.0, Max: 0.0, Diff: 0.0, Sum: 0.0]
      [Table Fixup (ms): Min: 2.5, Avg: 2.6, Max: 2.7, Diff: 0.3, Sum: 25.5]
   [Clear CT: 0.7 ms]
   [Other: 1.6 ms]
      [Choose CSet: 0.0 ms]
      [Ref Proc: 0.4 ms]
      [Ref Enq: 0.0 ms]
      [Redirty Cards: 0.7 ms]
      [Humongous Register: 0.0 ms]
      [Humongous Reclaim: 0.0 ms]
      [Free CSet: 0.4 ms]
   [Eden: 11264.0K(11264.0K)->0.0B(48128.0K) Survivors: 2048.0K->2048.0K Heap: 200.7M(267.0M)->188.6M(267.0M)]
 [Times: user=0.01 sys=0.05, real=0.02 secs] 
2020-12-18T18:11:35.257+0530: 456301.828: [GC concurrent-string-deduplication, 43048.0B->9616.0B(33432.0B), avg 59.8%, 0.0003065 secs]
   [Last Exec: 0.0003065 secs, Idle: 9.0129678 secs, Blocked: 0/0.0000000 secs]
      [Inspected:            1138]
         [Skipped:              0(  0.0%)]
         [Hashed:             540( 47.5%)]
         [Known:              453( 39.8%)]
         [New:                685( 60.2%)  43048.0B]
      [Deduplicated:          588( 85.8%)  33432.0B( 77.7%)]
         [Young:              588(100.0%)  33432.0B(100.0%)]
         [Old:                  0(  0.0%)      0.0B(  0.0%)]
   [Total Exec: 1852/0.8887769 secs, Idle: 1852/456300.4364827 secs, Blocked: 133/0.0943544 secs]
      [Inspected:         2978507]
         [Skipped:              0(  0.0%)]
         [Hashed:         1254749( 42.1%)]
         [Known:           198686(  6.7%)]
         [New:            2779821( 93.3%)    216.2M]
      [Deduplicated:      1953443( 70.3%)    129.3M( 59.8%)]
         [Young:           819343( 41.9%)  63726.3K( 48.1%)]
         [Old:            1134100( 58.1%)  68712.4K( 51.9%)]
   [Table]
      [Memory Usage: 8448.9K]
      [Size: 262144, Min: 1024, Max: 16777216]
      [Entries: 265704, Load: 101.4%, Cached: 7399, Added: 997781, Removed: 732077]
      [Resize Count: 8, Shrink Threshold: 174762(66.7%), Grow Threshold: 524288(200.0%)]
      [Rehash Count: 0, Rehash Threshold: 120, Hash Seed: 0x0]
      [Age Threshold: 3]
   [Queue]
      [Dropped: 0]
[GC concurrent-string-deduplication, deleted 0 entries, 0.0000007 secs]
2020-12-18T18:11:40.674+0530: 456307.245: [GC pause (G1 Evacuation Pause) (young), 0.0112471 secs]
   [Parallel Time: 5.6 ms, GC Workers: 10]
      [GC Worker Start (ms): Min: 456307244.6, Avg: 456307244.7, Max: 456307244.8, Diff: 0.2]
      [Ext Root Scanning (ms): Min: 0.6, Avg: 0.8, Max: 1.4, Diff: 0.8, Sum: 7.8]
      [Update RS (ms): Min: 3.0, Avg: 3.4, Max: 3.7, Diff: 0.8, Sum: 34.5]
         [Processed Buffers: Min: 5, Avg: 8.4, Max: 14, Diff: 9, Sum: 84]
      [Scan RS (ms): Min: 0.0, Avg: 0.0, Max: 0.0, Diff: 0.0, Sum: 0.1]
      [Code Root Scanning (ms): Min: 0.0, Avg: 0.0, Max: 0.1, Diff: 0.1, Sum: 0.1]
      [Object Copy (ms): Min: 0.2, Avg: 0.4, Max: 0.6, Diff: 0.4, Sum: 3.8]
      [Termination (ms): Min: 0.0, Avg: 0.0, Max: 0.0, Diff: 0.0, Sum: 0.0]
         [Termination Attempts: Min: 1, Avg: 1.0, Max: 1, Diff: 0, Sum: 10]
      [GC Worker Other (ms): Min: 0.0, Avg: 0.0, Max: 0.0, Diff: 0.0, Sum: 0.1]
      [GC Worker Total (ms): Min: 4.6, Avg: 4.6, Max: 4.8, Diff: 0.2, Sum: 46.4]
      [GC Worker End (ms): Min: 456307249.4, Avg: 456307249.4, Max: 456307249.4, Diff: 0.0]
   [Code Root Fixup: 0.0 ms]
   [Code Root Purge: 0.0 ms]
   [String Dedup Fixup: 3.2 ms, GC Workers: 10]
      [Queue Fixup (ms): Min: 0.0, Avg: 0.0, Max: 0.0, Diff: 0.0, Sum: 0.0]
      [Table Fixup (ms): Min: 2.6, Avg: 2.6, Max: 2.8, Diff: 0.2, Sum: 26.3]
   [Clear CT: 0.8 ms]
   [Other: 1.7 ms]
      [Choose CSet: 0.0 ms]
      [Ref Proc: 0.7 ms]
      [Ref Enq: 0.0 ms]
      [Redirty Cards: 0.8 ms]
      [Humongous Register: 0.0 ms]
      [Humongous Reclaim: 0.0 ms]
      [Free CSet: 0.0 ms]
   [Eden: 48128.0K(48128.0K)->0.0B(48128.0K) Survivors: 2048.0K->2048.0K Heap: 235.6M(267.0M)->188.2M(267.0M)]
 [Times: user=0.00 sys=0.00, real=0.01 secs] 
2020-12-18T18:11:40.685+0530: 456307.256: [GC concurrent-string-deduplication, 11872.0B->5088.0B(6784.0B), avg 59.8%, 0.0000742 secs]
   [Last Exec: 0.0000742 secs, Idle: 5.4280362 secs, Blocked: 0/0.0000000 secs]
      [Inspected:             230]
         [Skipped:              0(  0.0%)]
         [Hashed:             100( 43.5%)]
         [Known:               36( 15.7%)]
         [New:                194( 84.3%)  11872.0B]
      [Deduplicated:          156( 80.4%)   6784.0B( 57.1%)]
         [Young:              156(100.0%)   6784.0B(100.0%)]
         [Old:                  0(  0.0%)      0.0B(  0.0%)]
   [Total Exec: 1853/0.8888511 secs, Idle: 1853/456305.8645189 secs, Blocked: 133/0.0943544 secs]
      [Inspected:         2978737]
         [Skipped:              0(  0.0%)]
         [Hashed:         1254849( 42.1%)]
         [Known:           198722(  6.7%)]
         [New:            2780015( 93.3%)    216.2M]
      [Deduplicated:      1953599( 70.3%)    129.3M( 59.8%)]
         [Young:           819499( 41.9%)  63732.9K( 48.1%)]
         [Old:            1134100( 58.1%)  68712.4K( 51.9%)]
   [Table]
      [Memory Usage: 8448.9K]
      [Size: 262144, Min: 1024, Max: 16777216]
      [Entries: 265760, Load: 101.4%, Cached: 7343, Added: 997837, Removed: 732077]
      [Resize Count: 8, Shrink Threshold: 174762(66.7%), Grow Threshold: 524288(200.0%)]
      [Rehash Count: 0, Rehash Threshold: 120, Hash Seed: 0x0]
      [Age Threshold: 3]
   [Queue]
      [Dropped: 0]
[GC concurrent-string-deduplication, deleted 0 entries, 0.0000006 secs]
2020-12-18T18:11:52.371+0530: 456318.942: [GC pause (G1 Humongous Allocation) (young) (initial-mark), 0.0098598 secs]
   [Parallel Time: 4.4 ms, GC Workers: 10]
      [GC Worker Start (ms): Min: 456318942.4, Avg: 456318942.6, Max: 456318942.6, Diff: 0.2]
      [Ext Root Scanning (ms): Min: 2.1, Avg: 2.3, Max: 2.5, Diff: 0.4, Sum: 22.8]
      [Update RS (ms): Min: 0.6, Avg: 0.8, Max: 1.5, Diff: 0.9, Sum: 8.2]
         [Processed Buffers: Min: 2, Avg: 6.1, Max: 9, Diff: 7, Sum: 61]
      [Scan RS (ms): Min: 0.0, Avg: 0.0, Max: 0.0, Diff: 0.0, Sum: 0.0]
      [Code Root Scanning (ms): Min: 0.0, Avg: 0.0, Max: 0.1, Diff: 0.1, Sum: 0.1]
      [Object Copy (ms): Min: 0.1, Avg: 0.5, Max: 0.7, Diff: 0.5, Sum: 4.9]
      [Termination (ms): Min: 0.0, Avg: 0.2, Max: 0.3, Diff: 0.3, Sum: 2.5]
         [Termination Attempts: Min: 1, Avg: 1.7, Max: 3, Diff: 2, Sum: 17]
      [GC Worker Other (ms): Min: 0.0, Avg: 0.0, Max: 0.0, Diff: 0.0, Sum: 0.1]
      [GC Worker Total (ms): Min: 3.8, Avg: 3.9, Max: 4.0, Diff: 0.2, Sum: 38.6]
      [GC Worker End (ms): Min: 456318946.4, Avg: 456318946.4, Max: 456318946.4, Diff: 0.0]
   [Code Root Fixup: 0.0 ms]
   [Code Root Purge: 0.0 ms]
   [String Dedup Fixup: 3.0 ms, GC Workers: 10]
      [Queue Fixup (ms): Min: 0.0, Avg: 0.0, Max: 0.0, Diff: 0.0, Sum: 0.0]
      [Table Fixup (ms): Min: 2.6, Avg: 2.7, Max: 2.7, Diff: 0.2, Sum: 26.5]
   [Clear CT: 0.8 ms]
   [Other: 1.6 ms]
      [Choose CSet: 0.0 ms]
      [Ref Proc: 0.6 ms]
      [Ref Enq: 0.0 ms]
      [Redirty Cards: 0.8 ms]
      [Humongous Register: 0.0 ms]
      [Humongous Reclaim: 0.0 ms]
      [Free CSet: 0.0 ms]
   [Eden: 43008.0K(48128.0K)->0.0B(48128.0K) Survivors: 2048.0K->2048.0K Heap: 229.4M(267.0M)->188.7M(267.0M)]
 [Times: user=0.16 sys=0.00, real=0.01 secs] 
2020-12-18T18:11:52.381+0530: 456318.952: [GC concurrent-root-region-scan-start]
2020-12-18T18:11:52.381+0530: 456318.952: [GC concurrent-string-deduplication, 2720.0B->1248.0B(1472.0B), avg 59.8%, 0.0000738 secs]
   [Last Exec: 0.0000738 secs, Idle: 11.6962537 secs, Blocked: 0/0.0000000 secs]
      [Inspected:              52]
         [Skipped:              0(  0.0%)]
         [Hashed:              23( 44.2%)]
         [Known:                3(  5.8%)]
         [New:                 49( 94.2%)   2720.0B]
      [Deduplicated:           38( 77.6%)   1472.0B( 54.1%)]
         [Young:               38(100.0%)   1472.0B(100.0%)]
         [Old:                  0(  0.0%)      0.0B(  0.0%)]
   [Total Exec: 1854/0.8889249 secs, Idle: 1854/456317.5607726 secs, Blocked: 133/0.0943544 secs]
      [Inspected:         2978789]
         [Skipped:              0(  0.0%)]
         [Hashed:         1254872( 42.1%)]
         [Known:           198725(  6.7%)]
         [New:            2780064( 93.3%)    216.2M]
      [Deduplicated:      1953637( 70.3%)    129.3M( 59.8%)]
         [Young:           819537( 41.9%)  63734.3K( 48.1%)]
         [Old:            1134100( 58.1%)  68712.4K( 51.9%)]
   [Table]
      [Memory Usage: 8448.9K]
      [Size: 262144, Min: 1024, Max: 16777216]
      [Entries: 265817, Load: 101.4%, Cached: 7286, Added: 997909, Removed: 732092]
      [Resize Count: 8, Shrink Threshold: 174762(66.7%), Grow Threshold: 524288(200.0%)]
      [Rehash Count: 0, Rehash Threshold: 120, Hash Seed: 0x0]
      [Age Threshold: 3]
   [Queue]
      [Dropped: 0]
[GC concurrent-string-deduplication, deleted 0 entries, 0.0000019 secs]
2020-12-18T18:11:52.384+0530: 456318.955: [GC concurrent-root-region-scan-end, 0.0027954 secs]
2020-12-18T18:11:52.384+0530: 456318.955: [GC concurrent-mark-start]
2020-12-18T18:11:52.511+0530: 456319.082: [GC concurrent-mark-end, 0.1272432 secs]
2020-12-18T18:11:52.512+0530: 456319.083: [GC remark 2020-12-18T18:11:52.512+0530: 456319.083: [Finalize Marking, 0.0002442 secs] 2020-12-18T18:11:52.512+0530: 456319.083: [GC ref-proc, 0.0009779 secs] 2020-12-18T18:11:52.513+0530: 456319.084: [Unloading, 0.0268749 secs], 0.0289825 secs]
 [Times: user=0.30 sys=0.00, real=0.03 secs] 
2020-12-18T18:11:52.542+0530: 456319.113: [GC cleanup 191M->191M(267M), 0.0023492 secs]
 [Times: user=0.00 sys=0.00, real=0.00 secs] 
2020-12-18T18:12:01.002+0530: 456327.573: [GC pause (G1 Evacuation Pause) (young), 0.0069843 secs]
   [Parallel Time: 2.6 ms, GC Workers: 10]
      [GC Worker Start (ms): Min: 456327573.2, Avg: 456327573.4, Max: 456327573.5, Diff: 0.2]
      [Ext Root Scanning (ms): Min: 0.5, Avg: 0.7, Max: 1.4, Diff: 0.8, Sum: 7.1]
      [Update RS (ms): Min: 0.6, Avg: 0.7, Max: 0.8, Diff: 0.2, Sum: 7.1]
         [Processed Buffers: Min: 3, Avg: 5.9, Max: 10, Diff: 7, Sum: 59]
      [Scan RS (ms): Min: 0.0, Avg: 0.0, Max: 0.0, Diff: 0.0, Sum: 0.0]
      [Code Root Scanning (ms): Min: 0.0, Avg: 0.0, Max: 0.1, Diff: 0.1, Sum: 0.1]
      [Object Copy (ms): Min: 0.0, Avg: 0.4, Max: 0.5, Diff: 0.5, Sum: 3.7]
      [Termination (ms): Min: 0.0, Avg: 0.0, Max: 0.0, Diff: 0.0, Sum: 0.0]
         [Termination Attempts: Min: 1, Avg: 1.0, Max: 1, Diff: 0, Sum: 10]
      [GC Worker Other (ms): Min: 0.0, Avg: 0.0, Max: 0.1, Diff: 0.1, Sum: 0.2]
      [GC Worker Total (ms): Min: 1.7, Avg: 1.8, Max: 2.0, Diff: 0.2, Sum: 18.2]
      [GC Worker End (ms): Min: 456327575.2, Avg: 456327575.2, Max: 456327575.3, Diff: 0.1]
   [Code Root Fixup: 0.0 ms]
   [Code Root Purge: 0.0 ms]
   [String Dedup Fixup: 2.3 ms, GC Workers: 10]
      [Queue Fixup (ms): Min: 0.0, Avg: 0.0, Max: 0.0, Diff: 0.0, Sum: 0.0]
      [Table Fixup (ms): Min: 2.0, Avg: 2.1, Max: 2.2, Diff: 0.1, Sum: 21.1]
   [Clear CT: 1.1 ms]
   [Other: 1.0 ms]
      [Choose CSet: 0.0 ms]
      [Ref Proc: 0.3 ms]
      [Ref Enq: 0.0 ms]
      [Redirty Cards: 0.6 ms]
      [Humongous Register: 0.0 ms]
      [Humongous Reclaim: 0.0 ms]
      [Free CSet: 0.0 ms]
   [Eden: 48128.0K(48128.0K)->0.0B(10240.0K) Survivors: 2048.0K->3072.0K Heap: 236.7M(267.0M)->189.1M(267.0M)]
 [Times: user=0.00 sys=0.00, real=0.01 secs] 
2020-12-18T18:12:01.009+0530: 456327.580: [GC concurrent-string-deduplication, 1472.0B->808.0B(664.0B), avg 59.8%, 0.0000130 secs]
   [Last Exec: 0.0000130 secs, Idle: 8.6278561 secs, Blocked: 0/0.0000000 secs]
      [Inspected:              31]
         [Skipped:              0(  0.0%)]
         [Hashed:               5( 16.1%)]
         [Known:               20( 64.5%)]
         [New:                 11( 35.5%)   1472.0B]
      [Deduplicated:            5( 45.5%)    664.0B( 45.1%)]
         [Young:                5(100.0%)    664.0B(100.0%)]
         [Old:                  0(  0.0%)      0.0B(  0.0%)]
   [Total Exec: 1855/0.8889379 secs, Idle: 1855/456326.1886287 secs, Blocked: 133/0.0943544 secs]
      [Inspected:         2978820]
         [Skipped:              0(  0.0%)]
         [Hashed:         1254877( 42.1%)]
         [Known:           198745(  6.7%)]
         [New:            2780075( 93.3%)    216.2M]
      [Deduplicated:      1953642( 70.3%)    129.3M( 59.8%)]
         [Young:           819542( 41.9%)  63735.0K( 48.1%)]
         [Old:            1134100( 58.1%)  68712.4K( 51.9%)]
   [Table]
      [Memory Usage: 8448.9K]
      [Size: 262144, Min: 1024, Max: 16777216]
      [Entries: 265738, Load: 101.4%, Cached: 7365, Added: 997964, Removed: 732226]
      [Resize Count: 8, Shrink Threshold: 174762(66.7%), Grow Threshold: 524288(200.0%)]
      [Rehash Count: 0, Rehash Threshold: 120, Hash Seed: 0x0]
      [Age Threshold: 3]
   [Queue]
      [Dropped: 0]
[GC concurrent-string-deduplication, deleted 0 entries, 0.0000010 secs]
2020-12-18T18:12:15.508+0530: 456342.079: [GC pause (G1 Evacuation Pause) (mixed), 0.0128969 secs]
   [Parallel Time: 8.0 ms, GC Workers: 10]
      [GC Worker Start (ms): Min: 456342078.8, Avg: 456342079.0, Max: 456342079.1, Diff: 0.3]
      [Ext Root Scanning (ms): Min: 0.9, Avg: 1.1, Max: 2.4, Diff: 1.6, Sum: 11.3]
      [Update RS (ms): Min: 0.0, Avg: 0.7, Max: 1.1, Diff: 1.1, Sum: 7.3]
         [Processed Buffers: Min: 0, Avg: 4.2, Max: 10, Diff: 10, Sum: 42]
      [Scan RS (ms): Min: 0.0, Avg: 0.5, Max: 3.6, Diff: 3.5, Sum: 5.2]
      [Code Root Scanning (ms): Min: 0.0, Avg: 0.0, Max: 0.2, Diff: 0.2, Sum: 0.3]
      [Object Copy (ms): Min: 1.9, Avg: 4.8, Max: 5.2, Diff: 3.3, Sum: 47.5]
      [Termination (ms): Min: 0.0, Avg: 0.0, Max: 0.0, Diff: 0.0, Sum: 0.0]
         [Termination Attempts: Min: 1, Avg: 1.1, Max: 2, Diff: 1, Sum: 11]
      [GC Worker Other (ms): Min: 0.0, Avg: 0.0, Max: 0.0, Diff: 0.0, Sum: 0.1]
      [GC Worker Total (ms): Min: 7.1, Avg: 7.2, Max: 7.3, Diff: 0.3, Sum: 71.7]
      [GC Worker End (ms): Min: 456342086.2, Avg: 456342086.2, Max: 456342086.2, Diff: 0.0]
   [Code Root Fixup: 0.0 ms]
   [Code Root Purge: 0.0 ms]
   [String Dedup Fixup: 2.5 ms, GC Workers: 10]
      [Queue Fixup (ms): Min: 0.0, Avg: 0.0, Max: 0.0, Diff: 0.0, Sum: 0.0]
      [Table Fixup (ms): Min: 1.8, Avg: 1.9, Max: 2.1, Diff: 0.3, Sum: 19.0]
   [Clear CT: 0.8 ms]
   [Other: 1.7 ms]
      [Choose CSet: 0.0 ms]
      [Ref Proc: 0.8 ms]
      [Ref Enq: 0.0 ms]
      [Redirty Cards: 0.4 ms]
      [Humongous Register: 0.0 ms]
      [Humongous Reclaim: 0.0 ms]
      [Free CSet: 0.3 ms]
   [Eden: 10240.0K(10240.0K)->0.0B(48128.0K) Survivors: 3072.0K->2048.0K Heap: 199.1M(267.0M)->188.7M(267.0M)]
 [Times: user=0.00 sys=0.00, real=0.01 secs] 
2020-12-18T18:12:15.521+0530: 456342.092: [GC concurrent-string-deduplication, 19248.0B->6208.0B(13040.0B), avg 59.8%, 0.0000684 secs]
   [Last Exec: 0.0000684 secs, Idle: 14.5114492 secs, Blocked: 0/0.0000000 secs]
      [Inspected:             224]
         [Skipped:              0(  0.0%)]
         [Hashed:              96( 42.9%)]
         [Known:               65( 29.0%)]
         [New:                159( 71.0%)  19248.0B]
      [Deduplicated:          110( 69.2%)  13040.0B( 67.7%)]
         [Young:              110(100.0%)  13040.0B(100.0%)]
         [Old:                  0(  0.0%)      0.0B(  0.0%)]
   [Total Exec: 1856/0.8890063 secs, Idle: 1856/456340.7000779 secs, Blocked: 133/0.0943544 secs]
      [Inspected:         2979044]
         [Skipped:              0(  0.0%)]
         [Hashed:         1254973( 42.1%)]
         [Known:           198810(  6.7%)]
         [New:            2780234( 93.3%)    216.2M]
      [Deduplicated:      1953752( 70.3%)    129.4M( 59.8%)]
         [Young:           819652( 42.0%)  63747.7K( 48.1%)]
         [Old:            1134100( 58.0%)  68712.4K( 51.9%)]
   [Table]
      [Memory Usage: 8448.9K]
      [Size: 262144, Min: 1024, Max: 16777216]
      [Entries: 265822, Load: 101.4%, Cached: 7281, Added: 998051, Removed: 732229]
      [Resize Count: 8, Shrink Threshold: 174762(66.7%), Grow Threshold: 524288(200.0%)]
      [Rehash Count: 0, Rehash Threshold: 120, Hash Seed: 0x0]
      [Age Threshold: 3]
   [Queue]
      [Dropped: 0]
[GC concurrent-string-deduplication, deleted 0 entries, 0.0000006 secs]
2020-12-18T18:12:18.099+0530: 456344.670: [GC pause (G1 Evacuation Pause) (young), 0.0066515 secs]
   [Parallel Time: 3.3 ms, GC Workers: 10]
      [GC Worker Start (ms): Min: 456344670.0, Avg: 456344670.1, Max: 456344670.2, Diff: 0.1]
      [Ext Root Scanning (ms): Min: 0.8, Avg: 1.0, Max: 1.8, Diff: 1.0, Sum: 9.7]
      [Update RS (ms): Min: 0.8, Avg: 1.7, Max: 2.0, Diff: 1.1, Sum: 16.6]
         [Processed Buffers: Min: 3, Avg: 6.6, Max: 12, Diff: 9, Sum: 66]
      [Scan RS (ms): Min: 0.0, Avg: 0.0, Max: 0.0, Diff: 0.0, Sum: 0.0]
      [Code Root Scanning (ms): Min: 0.0, Avg: 0.0, Max: 0.1, Diff: 0.1, Sum: 0.1]
      [Object Copy (ms): Min: 0.0, Avg: 0.3, Max: 0.4, Diff: 0.4, Sum: 2.9]
      [Termination (ms): Min: 0.0, Avg: 0.1, Max: 0.1, Diff: 0.1, Sum: 0.5]
         [Termination Attempts: Min: 1, Avg: 2.3, Max: 5, Diff: 4, Sum: 23]
      [GC Worker Other (ms): Min: 0.0, Avg: 0.0, Max: 0.1, Diff: 0.1, Sum: 0.2]
      [GC Worker Total (ms): Min: 2.9, Avg: 3.0, Max: 3.0, Diff: 0.1, Sum: 30.1]
      [GC Worker End (ms): Min: 456344673.1, Avg: 456344673.1, Max: 456344673.1, Diff: 0.1]
   [Code Root Fixup: 0.0 ms]
   [Code Root Purge: 0.0 ms]
   [String Dedup Fixup: 2.5 ms, GC Workers: 10]
      [Queue Fixup (ms): Min: 0.0, Avg: 0.0, Max: 0.0, Diff: 0.0, Sum: 0.0]
      [Table Fixup (ms): Min: 2.2, Avg: 2.3, Max: 2.4, Diff: 0.1, Sum: 23.2]
   [Clear CT: 0.1 ms]
   [Other: 0.7 ms]
      [Choose CSet: 0.0 ms]
      [Ref Proc: 0.3 ms]
      [Ref Enq: 0.0 ms]
      [Redirty Cards: 0.2 ms]
      [Humongous Register: 0.0 ms]
      [Humongous Reclaim: 0.0 ms]
      [Free CSet: 0.1 ms]
   [Eden: 48128.0K(48128.0K)->0.0B(48128.0K) Survivors: 2048.0K->2048.0K Heap: 235.7M(267.0M)->188.7M(267.0M)]
 [Times: user=0.00 sys=0.00, real=0.01 secs] 
2020-12-18T18:12:18.106+0530: 456344.677: [GC concurrent-string-deduplication, 6192.0B->2624.0B(3568.0B), avg 59.8%, 0.0000911 secs]
   [Last Exec: 0.0000911 secs, Idle: 2.5849698 secs, Blocked: 0/0.0000000 secs]
      [Inspected:             116]
         [Skipped:              0(  0.0%)]
         [Hashed:              34( 29.3%)]
         [Known:               54( 46.6%)]
         [New:                 62( 53.4%)   6192.0B]
      [Deduplicated:           41( 66.1%)   3568.0B( 57.6%)]
         [Young:               41(100.0%)   3568.0B(100.0%)]
         [Old:                  0(  0.0%)      0.0B(  0.0%)]
   [Total Exec: 1857/0.8890974 secs, Idle: 1857/456343.2850477 secs, Blocked: 133/0.0943544 secs]
      [Inspected:         2979160]
         [Skipped:              0(  0.0%)]
         [Hashed:         1255007( 42.1%)]
         [Known:           198864(  6.7%)]
         [New:            2780296( 93.3%)    216.2M]
      [Deduplicated:      1953793( 70.3%)    129.4M( 59.8%)]
         [Young:           819693( 42.0%)  63751.2K( 48.1%)]
         [Old:            1134100( 58.0%)  68712.4K( 51.9%)]
   [Table]
      [Memory Usage: 8448.9K]
      [Size: 262144, Min: 1024, Max: 16777216]
      [Entries: 265881, Load: 101.4%, Cached: 7222, Added: 998116, Removed: 732235]
      [Resize Count: 8, Shrink Threshold: 174762(66.7%), Grow Threshold: 524288(200.0%)]
      [Rehash Count: 0, Rehash Threshold: 120, Hash Seed: 0x0]
      [Age Threshold: 3]
   [Queue]
      [Dropped: 0]
[GC concurrent-string-deduplication, deleted 0 entries, 0.0000011 secs]
2020-12-18T18:12:18.622+0530: 456345.193: [GC pause (G1 Humongous Allocation) (young) (initial-mark), 0.0084289 secs]
   [Parallel Time: 2.9 ms, GC Workers: 10]
      [GC Worker Start (ms): Min: 456345193.0, Avg: 456345193.0, Max: 456345193.1, Diff: 0.1]
      [Ext Root Scanning (ms): Min: 1.7, Avg: 1.8, Max: 2.0, Diff: 0.3, Sum: 18.4]
      [Update RS (ms): Min: 0.2, Avg: 0.3, Max: 0.5, Diff: 0.3, Sum: 3.0]
         [Processed Buffers: Min: 1, Avg: 4.0, Max: 8, Diff: 7, Sum: 40]
      [Scan RS (ms): Min: 0.0, Avg: 0.0, Max: 0.0, Diff: 0.0, Sum: 0.0]
      [Code Root Scanning (ms): Min: 0.0, Avg: 0.0, Max: 0.1, Diff: 0.1, Sum: 0.1]
      [Object Copy (ms): Min: 0.1, Avg: 0.4, Max: 0.5, Diff: 0.4, Sum: 3.7]
      [Termination (ms): Min: 0.0, Avg: 0.0, Max: 0.0, Diff: 0.0, Sum: 0.3]
         [Termination Attempts: Min: 1, Avg: 1.0, Max: 1, Diff: 0, Sum: 10]
      [GC Worker Other (ms): Min: 0.0, Avg: 0.0, Max: 0.0, Diff: 0.0, Sum: 0.1]
      [GC Worker Total (ms): Min: 2.5, Avg: 2.6, Max: 2.6, Diff: 0.1, Sum: 25.6]
      [GC Worker End (ms): Min: 456345195.6, Avg: 456345195.6, Max: 456345195.6, Diff: 0.0]
   [Code Root Fixup: 0.0 ms]
   [Code Root Purge: 0.0 ms]
   [String Dedup Fixup: 3.8 ms, GC Workers: 10]
      [Queue Fixup (ms): Min: 0.0, Avg: 0.0, Max: 0.0, Diff: 0.0, Sum: 0.0]
      [Table Fixup (ms): Min: 3.5, Avg: 3.5, Max: 3.6, Diff: 0.1, Sum: 35.0]
   [Clear CT: 0.6 ms]
   [Other: 1.1 ms]
      [Choose CSet: 0.0 ms]
      [Ref Proc: 0.4 ms]
      [Ref Enq: 0.0 ms]
      [Redirty Cards: 0.4 ms]
      [Humongous Register: 0.0 ms]
      [Humongous Reclaim: 0.0 ms]
      [Free CSet: 0.0 ms]
   [Eden: 30720.0K(48128.0K)->0.0B(48128.0K) Survivors: 2048.0K->2048.0K Heap: 218.7M(267.0M)->189.0M(267.0M)]
 [Times: user=0.16 sys=0.00, real=0.01 secs] 
2020-12-18T18:12:18.631+0530: 456345.201: [GC concurrent-root-region-scan-start]
2020-12-18T18:12:18.631+0530: 456345.201: [GC concurrent-string-deduplication, 4848.0B->2336.0B(2512.0B), avg 59.8%, 0.0001109 secs]
   [Last Exec: 0.0001109 secs, Idle: 0.5243431 secs, Blocked: 0/0.0000000 secs]
      [Inspected:              79]
         [Skipped:              0(  0.0%)]
         [Hashed:              21( 26.6%)]
         [Known:               40( 50.6%)]
         [New:                 39( 49.4%)   4848.0B]
      [Deduplicated:           21( 53.8%)   2512.0B( 51.8%)]
         [Young:               21(100.0%)   2512.0B(100.0%)]
         [Old:                  0(  0.0%)      0.0B(  0.0%)]
   [Total Exec: 1858/0.8892083 secs, Idle: 1858/456343.8093908 secs, Blocked: 133/0.0943544 secs]
      [Inspected:         2979239]
         [Skipped:              0(  0.0%)]
         [Hashed:         1255028( 42.1%)]
         [Known:           198904(  6.7%)]
         [New:            2780335( 93.3%)    216.2M]
      [Deduplicated:      1953814( 70.3%)    129.4M( 59.8%)]
         [Young:           819714( 42.0%)  63753.7K( 48.1%)]
         [Old:            1134100( 58.0%)  68712.4K( 51.9%)]
   [Table]
      [Memory Usage: 8448.9K]
      [Size: 262144, Min: 1024, Max: 16777216]
      [Entries: 265909, Load: 101.4%, Cached: 7194, Added: 998153, Removed: 732244]
      [Resize Count: 8, Shrink Threshold: 174762(66.7%), Grow Threshold: 524288(200.0%)]
      [Rehash Count: 0, Rehash Threshold: 120, Hash Seed: 0x0]
      [Age Threshold: 3]
   [Queue]
      [Dropped: 0]
[GC concurrent-string-deduplication, deleted 0 entries, 0.0000008 secs]
2020-12-18T18:12:18.633+0530: 456345.204: [GC concurrent-root-region-scan-end, 0.0027709 secs]
2020-12-18T18:12:18.633+0530: 456345.204: [GC concurrent-mark-start]
2020-12-18T18:12:18.728+0530: 456345.299: [GC concurrent-mark-end, 0.0944809 secs]
2020-12-18T18:12:18.728+0530: 456345.299: [GC remark 2020-12-18T18:12:18.728+0530: 456345.299: [Finalize Marking, 0.0005655 secs] 2020-12-18T18:12:18.729+0530: 456345.300: [GC ref-proc, 0.0005054 secs] 2020-12-18T18:12:18.729+0530: 456345.300: [Unloading, 0.0204386 secs], 0.0224951 secs]
 [Times: user=0.25 sys=0.02, real=0.02 secs] 
2020-12-18T18:12:18.751+0530: 456345.322: [GC cleanup 194M->194M(267M), 0.0035338 secs]
 [Times: user=0.00 sys=0.00, real=0.00 secs] 
2020-12-18T18:12:21.367+0530: 456347.938: [GC pause (G1 Evacuation Pause) (young), 0.0119810 secs]
   [Parallel Time: 3.9 ms, GC Workers: 10]
      [GC Worker Start (ms): Min: 456347937.9, Avg: 456347938.1, Max: 456347938.2, Diff: 0.2]
      [Ext Root Scanning (ms): Min: 0.5, Avg: 0.8, Max: 1.5, Diff: 0.9, Sum: 7.7]
      [Update RS (ms): Min: 0.0, Avg: 0.4, Max: 0.7, Diff: 0.7, Sum: 4.5]
         [Processed Buffers: Min: 0, Avg: 4.6, Max: 10, Diff: 10, Sum: 46]
      [Scan RS (ms): Min: 0.0, Avg: 0.0, Max: 0.0, Diff: 0.0, Sum: 0.0]
      [Code Root Scanning (ms): Min: 0.0, Avg: 0.0, Max: 0.1, Diff: 0.1, Sum: 0.1]
      [Object Copy (ms): Min: 1.4, Avg: 1.6, Max: 1.7, Diff: 0.3, Sum: 15.9]
      [Termination (ms): Min: 0.0, Avg: 0.0, Max: 0.0, Diff: 0.0, Sum: 0.0]
         [Termination Attempts: Min: 1, Avg: 1.6, Max: 2, Diff: 1, Sum: 16]
      [GC Worker Other (ms): Min: 0.0, Avg: 0.0, Max: 0.1, Diff: 0.1, Sum: 0.2]
      [GC Worker Total (ms): Min: 2.8, Avg: 2.8, Max: 3.0, Diff: 0.2, Sum: 28.4]
      [GC Worker End (ms): Min: 456347940.9, Avg: 456347940.9, Max: 456347941.0, Diff: 0.0]
   [Code Root Fixup: 0.0 ms]
   [Code Root Purge: 0.0 ms]
   [String Dedup Fixup: 2.4 ms, GC Workers: 10]
      [Queue Fixup (ms): Min: 0.0, Avg: 0.0, Max: 0.0, Diff: 0.0, Sum: 0.0]
      [Table Fixup (ms): Min: 1.7, Avg: 1.8, Max: 1.9, Diff: 0.2, Sum: 18.0]
   [Clear CT: 0.8 ms]
   [Other: 4.8 ms]
      [Choose CSet: 0.0 ms]
      [Ref Proc: 3.8 ms]
      [Ref Enq: 0.0 ms]
      [Redirty Cards: 0.8 ms]
      [Humongous Register: 0.0 ms]
      [Humongous Reclaim: 0.0 ms]
      [Free CSet: 0.0 ms]
   [Eden: 48128.0K(48128.0K)->0.0B(7168.0K) Survivors: 2048.0K->6144.0K Heap: 237.0M(267.0M)->192.5M(267.0M)]
 [Times: user=0.02 sys=0.00, real=0.01 secs] 
2020-12-18T18:12:21.379+0530: 456347.950: [GC concurrent-string-deduplication, 34296.0B->5080.0B(29216.0B), avg 59.8%, 0.0001100 secs]
   [Last Exec: 0.0001100 secs, Idle: 2.7484409 secs, Blocked: 0/0.0000000 secs]
      [Inspected:             374]
         [Skipped:              0(  0.0%)]
         [Hashed:             241( 64.4%)]
         [Known:               44( 11.8%)]
         [New:                330( 88.2%)  34296.0B]
      [Deduplicated:          295( 89.4%)  29216.0B( 85.2%)]
         [Young:              295(100.0%)  29216.0B(100.0%)]
         [Old:                  0(  0.0%)      0.0B(  0.0%)]
   [Total Exec: 1859/0.8893183 secs, Idle: 1859/456346.5578317 secs, Blocked: 133/0.0943544 secs]
      [Inspected:         2979613]
         [Skipped:              0(  0.0%)]
         [Hashed:         1255269( 42.1%)]
         [Known:           198948(  6.7%)]
         [New:            2780665( 93.3%)    216.2M]
      [Deduplicated:      1954109( 70.3%)    129.4M( 59.8%)]
         [Young:           820009( 42.0%)  63782.2K( 48.1%)]
         [Old:            1134100( 58.0%)  68712.4K( 51.9%)]
   [Table]
      [Memory Usage: 8448.9K]
      [Size: 262144, Min: 1024, Max: 16777216]
      [Entries: 265848, Load: 101.4%, Cached: 7255, Added: 998292, Removed: 732444]
      [Resize Count: 8, Shrink Threshold: 174762(66.7%), Grow Threshold: 524288(200.0%)]
      [Rehash Count: 0, Rehash Threshold: 120, Hash Seed: 0x0]
      [Age Threshold: 3]
   [Queue]
      [Dropped: 0]
[GC concurrent-string-deduplication, deleted 0 entries, 0.0000006 secs]
2020-12-18T18:12:21.406+0530: 456347.977: [GC pause (G1 Evacuation Pause) (mixed), 0.0109567 secs]
   [Parallel Time: 4.3 ms, GC Workers: 10]
      [GC Worker Start (ms): Min: 456347976.8, Avg: 456347976.8, Max: 456347976.9, Diff: 0.1]
      [Ext Root Scanning (ms): Min: 1.1, Avg: 1.3, Max: 2.2, Diff: 1.0, Sum: 13.2]
      [Update RS (ms): Min: 0.0, Avg: 0.3, Max: 0.4, Diff: 0.4, Sum: 3.0]
         [Processed Buffers: Min: 0, Avg: 1.7, Max: 4, Diff: 4, Sum: 17]
      [Scan RS (ms): Min: 0.4, Avg: 0.8, Max: 0.9, Diff: 0.5, Sum: 7.7]
      [Code Root Scanning (ms): Min: 0.0, Avg: 0.0, Max: 0.0, Diff: 0.0, Sum: 0.0]
      [Object Copy (ms): Min: 1.4, Avg: 1.6, Max: 1.8, Diff: 0.4, Sum: 15.8]
      [Termination (ms): Min: 0.0, Avg: 0.2, Max: 0.2, Diff: 0.2, Sum: 1.7]
         [Termination Attempts: Min: 1, Avg: 1.0, Max: 1, Diff: 0, Sum: 10]
      [GC Worker Other (ms): Min: 0.0, Avg: 0.0, Max: 0.0, Diff: 0.0, Sum: 0.1]
      [GC Worker Total (ms): Min: 4.1, Avg: 4.1, Max: 4.2, Diff: 0.1, Sum: 41.5]
      [GC Worker End (ms): Min: 456347981.0, Avg: 456347981.0, Max: 456347981.0, Diff: 0.0]
   [Code Root Fixup: 0.0 ms]
   [Code Root Purge: 0.0 ms]
   [String Dedup Fixup: 4.6 ms, GC Workers: 10]
      [Queue Fixup (ms): Min: 0.0, Avg: 0.0, Max: 0.0, Diff: 0.0, Sum: 0.0]
      [Table Fixup (ms): Min: 3.9, Avg: 4.3, Max: 4.5, Diff: 0.6, Sum: 43.0]
   [Clear CT: 0.5 ms]
   [Other: 1.6 ms]
      [Choose CSet: 0.0 ms]
      [Ref Proc: 0.3 ms]
      [Ref Enq: 0.0 ms]
      [Redirty Cards: 0.9 ms]
      [Humongous Register: 0.0 ms]
      [Humongous Reclaim: 0.0 ms]
      [Free CSet: 0.1 ms]
   [Eden: 7168.0K(7168.0K)->0.0B(45056.0K) Survivors: 6144.0K->2048.0K Heap: 199.5M(267.0M)->191.7M(267.0M)]
 [Times: user=0.00 sys=0.00, real=0.01 secs] 
2020-12-18T18:12:21.417+0530: 456347.988: [GC concurrent-string-deduplication, 66576.0B->20128.0B(46448.0B), avg 59.8%, 0.0003512 secs]
   [Last Exec: 0.0003512 secs, Idle: 0.0375978 secs, Blocked: 0/0.0000000 secs]
      [Inspected:             615]
         [Skipped:              0(  0.0%)]
         [Hashed:             301( 48.9%)]
         [Known:              138( 22.4%)]
         [New:                477( 77.6%)  66576.0B]
      [Deduplicated:          366( 76.7%)  46448.0B( 69.8%)]
         [Young:                0(  0.0%)      0.0B(  0.0%)]
         [Old:                366(100.0%)  46448.0B(100.0%)]
   [Total Exec: 1860/0.8896695 secs, Idle: 1860/456346.5954295 secs, Blocked: 133/0.0943544 secs]
      [Inspected:         2980228]
         [Skipped:              0(  0.0%)]
         [Hashed:         1255570( 42.1%)]
         [Known:           199086(  6.7%)]
         [New:            2781142( 93.3%)    216.3M]
      [Deduplicated:      1954475( 70.3%)    129.4M( 59.8%)]
         [Young:           820009( 42.0%)  63782.2K( 48.1%)]
         [Old:            1134466( 58.0%)  68757.8K( 51.9%)]
   [Table]
      [Memory Usage: 8448.9K]
      [Size: 262144, Min: 1024, Max: 16777216]
      [Entries: 265961, Load: 101.5%, Cached: 7142, Added: 998408, Removed: 732447]
      [Resize Count: 8, Shrink Threshold: 174762(66.7%), Grow Threshold: 524288(200.0%)]
      [Rehash Count: 0, Rehash Threshold: 120, Hash Seed: 0x0]
      [Age Threshold: 3]
   [Queue]
      [Dropped: 0]
[GC concurrent-string-deduplication, deleted 0 entries, 0.0000007 secs]
2020-12-18T18:12:21.420+0530: 456347.991: [GC pause (G1 Humongous Allocation) (young) (initial-mark), 0.0095370 secs]
   [Parallel Time: 4.5 ms, GC Workers: 10]
      [GC Worker Start (ms): Min: 456347990.8, Avg: 456347990.9, Max: 456347990.9, Diff: 0.1]
      [Ext Root Scanning (ms): Min: 2.0, Avg: 2.1, Max: 2.3, Diff: 0.3, Sum: 21.4]
      [Update RS (ms): Min: 1.5, Avg: 1.9, Max: 2.1, Diff: 0.5, Sum: 18.9]
         [Processed Buffers: Min: 3, Avg: 4.0, Max: 10, Diff: 7, Sum: 40]
      [Scan RS (ms): Min: 0.0, Avg: 0.0, Max: 0.0, Diff: 0.0, Sum: 0.0]
      [Code Root Scanning (ms): Min: 0.0, Avg: 0.0, Max: 0.0, Diff: 0.0, Sum: 0.0]
      [Object Copy (ms): Min: 0.0, Avg: 0.2, Max: 0.3, Diff: 0.3, Sum: 1.7]
      [Termination (ms): Min: 0.0, Avg: 0.2, Max: 0.3, Diff: 0.3, Sum: 1.6]
         [Termination Attempts: Min: 1, Avg: 2.1, Max: 5, Diff: 4, Sum: 21]
      [GC Worker Other (ms): Min: 0.0, Avg: 0.0, Max: 0.0, Diff: 0.0, Sum: 0.1]
      [GC Worker Total (ms): Min: 4.3, Avg: 4.4, Max: 4.5, Diff: 0.1, Sum: 43.8]
      [GC Worker End (ms): Min: 456347995.2, Avg: 456347995.2, Max: 456347995.2, Diff: 0.0]
   [Code Root Fixup: 0.0 ms]
   [Code Root Purge: 0.0 ms]
   [String Dedup Fixup: 2.8 ms, GC Workers: 10]
      [Queue Fixup (ms): Min: 0.0, Avg: 0.0, Max: 0.0, Diff: 0.0, Sum: 0.0]
      [Table Fixup (ms): Min: 2.4, Avg: 2.5, Max: 2.7, Diff: 0.3, Sum: 24.9]
   [Clear CT: 1.1 ms]
   [Other: 1.1 ms]
      [Choose CSet: 0.0 ms]
      [Ref Proc: 0.2 ms]
      [Ref Enq: 0.0 ms]
      [Redirty Cards: 0.7 ms]
      [Humongous Register: 0.0 ms]
      [Humongous Reclaim: 0.0 ms]
      [Free CSet: 0.0 ms]
   [Eden: 1024.0K(45056.0K)->0.0B(45056.0K) Survivors: 2048.0K->1024.0K Heap: 192.0M(267.0M)->190.0M(267.0M)]
 [Times: user=0.02 sys=0.00, real=0.01 secs] 
2020-12-18T18:12:21.429+0530: 456348.000: [GC concurrent-root-region-scan-start]
2020-12-18T18:12:21.431+0530: 456348.002: [GC concurrent-root-region-scan-end, 0.0020866 secs]
2020-12-18T18:12:21.431+0530: 456348.002: [GC concurrent-mark-start]
2020-12-18T18:12:21.546+0530: 456348.117: [GC concurrent-mark-end, 0.1125727 secs]
2020-12-18T18:12:21.550+0530: 456348.121: [GC remark 2020-12-18T18:12:21.550+0530: 456348.121: [Finalize Marking, 0.0003083 secs] 2020-12-18T18:12:21.551+0530: 456348.122: [GC ref-proc, 0.0009742 secs] 2020-12-18T18:12:21.552+0530: 456348.123: [Unloading, 0.0249496 secs], 0.0269616 secs]
 [Times: user=0.16 sys=0.00, real=0.03 secs] 
2020-12-18T18:12:21.578+0530: 456348.149: [GC cleanup 195M->195M(267M), 0.0015935 secs]
 [Times: user=0.00 sys=0.00, real=0.00 secs] 
2020-12-18T18:12:39.153+0530: 456365.724: [GC pause (G1 Evacuation Pause) (young), 0.0169521 secs]
   [Parallel Time: 9.3 ms, GC Workers: 10]
      [GC Worker Start (ms): Min: 456365724.4, Avg: 456365725.5, Max: 456365726.2, Diff: 1.9]
      [Ext Root Scanning (ms): Min: 0.0, Avg: 0.6, Max: 1.8, Diff: 1.8, Sum: 6.1]
      [Update RS (ms): Min: 0.5, Avg: 0.6, Max: 0.9, Diff: 0.5, Sum: 6.0]
         [Processed Buffers: Min: 2, Avg: 5.3, Max: 10, Diff: 8, Sum: 53]
      [Scan RS (ms): Min: 0.0, Avg: 0.0, Max: 0.0, Diff: 0.0, Sum: 0.0]
      [Code Root Scanning (ms): Min: 0.0, Avg: 0.0, Max: 0.2, Diff: 0.2, Sum: 0.2]
      [Object Copy (ms): Min: 0.0, Avg: 0.2, Max: 0.4, Diff: 0.3, Sum: 2.0]
      [Termination (ms): Min: 0.0, Avg: 0.2, Max: 0.2, Diff: 0.2, Sum: 1.6]
         [Termination Attempts: Min: 1, Avg: 12.1, Max: 19, Diff: 18, Sum: 121]
      [GC Worker Other (ms): Min: 0.0, Avg: 0.1, Max: 0.5, Diff: 0.5, Sum: 0.7]
      [GC Worker Total (ms): Min: 0.9, Avg: 1.7, Max: 2.8, Diff: 1.9, Sum: 16.7]
      [GC Worker End (ms): Min: 456365727.2, Avg: 456365727.2, Max: 456365727.2, Diff: 0.0]
   [Code Root Fixup: 0.0 ms]
   [Code Root Purge: 0.0 ms]
   [String Dedup Fixup: 4.7 ms, GC Workers: 10]
      [Queue Fixup (ms): Min: 0.0, Avg: 0.0, Max: 0.0, Diff: 0.0, Sum: 0.0]
      [Table Fixup (ms): Min: 4.3, Avg: 4.5, Max: 4.6, Diff: 0.3, Sum: 44.7]
   [Clear CT: 1.2 ms]
   [Other: 1.7 ms]
      [Choose CSet: 0.0 ms]
      [Ref Proc: 0.8 ms]
      [Ref Enq: 0.0 ms]
      [Redirty Cards: 0.7 ms]
      [Humongous Register: 0.0 ms]
      [Humongous Reclaim: 0.0 ms]
      [Free CSet: 0.0 ms]
   [Eden: 45056.0K(45056.0K)->0.0B(12288.0K) Survivors: 1024.0K->1024.0K Heap: 236.0M(267.0M)->190.5M(267.0M)]
 [Times: user=0.16 sys=0.00, real=0.02 secs] 
2020-12-18T18:12:39.170+0530: 456365.741: [GC concurrent-string-deduplication, 1832.0B->1272.0B(560.0B), avg 59.8%, 0.0000122 secs]
   [Last Exec: 0.0000122 secs, Idle: 17.7531821 secs, Blocked: 0/0.0000000 secs]
      [Inspected:              15]
         [Skipped:              0(  0.0%)]
         [Hashed:               5( 33.3%)]
         [Known:                5( 33.3%)]
         [New:                 10( 66.7%)   1832.0B]
      [Deduplicated:            6( 60.0%)    560.0B( 30.6%)]
         [Young:                5( 83.3%)    488.0B( 87.1%)]
         [Old:                  1( 16.7%)     72.0B( 12.9%)]
   [Total Exec: 1861/0.8896817 secs, Idle: 1861/456364.3486116 secs, Blocked: 133/0.0943544 secs]
      [Inspected:         2980243]
         [Skipped:              0(  0.0%)]
         [Hashed:         1255575( 42.1%)]
         [Known:           199091(  6.7%)]
         [New:            2781152( 93.3%)    216.3M]
      [Deduplicated:      1954481( 70.3%)    129.4M( 59.8%)]
         [Young:           820014( 42.0%)  63782.7K( 48.1%)]
         [Old:            1134467( 58.0%)  68757.9K( 51.9%)]
   [Table]
      [Memory Usage: 8448.9K]
      [Size: 262144, Min: 1024, Max: 16777216]
      [Entries: 265641, Load: 101.3%, Cached: 7462, Added: 998521, Removed: 732880]
      [Resize Count: 8, Shrink Threshold: 174762(66.7%), Grow Threshold: 524288(200.0%)]
      [Rehash Count: 0, Rehash Threshold: 120, Hash Seed: 0x0]
      [Age Threshold: 3]
   [Queue]
      [Dropped: 0]
[GC concurrent-string-deduplication, deleted 0 entries, 0.0000010 secs]
2020-12-18T18:12:41.476+0530: 456368.046: [GC pause (G1 Evacuation Pause) (mixed), 0.0120315 secs]
   [Parallel Time: 4.1 ms, GC Workers: 10]
      [GC Worker Start (ms): Min: 456368046.4, Avg: 456368046.6, Max: 456368046.7, Diff: 0.3]
      [Ext Root Scanning (ms): Min: 0.5, Avg: 0.8, Max: 1.6, Diff: 1.1, Sum: 8.3]
      [Update RS (ms): Min: 0.0, Avg: 0.2, Max: 0.5, Diff: 0.5, Sum: 1.7]
         [Processed Buffers: Min: 0, Avg: 2.7, Max: 5, Diff: 5, Sum: 27]
      [Scan RS (ms): Min: 0.3, Avg: 0.5, Max: 0.7, Diff: 0.4, Sum: 5.2]
      [Code Root Scanning (ms): Min: 0.0, Avg: 0.1, Max: 1.0, Diff: 1.0, Sum: 1.1]
      [Object Copy (ms): Min: 0.2, Avg: 1.2, Max: 2.0, Diff: 1.8, Sum: 12.2]
      [Termination (ms): Min: 0.0, Avg: 0.4, Max: 0.7, Diff: 0.7, Sum: 4.1]
         [Termination Attempts: Min: 1, Avg: 1.1, Max: 2, Diff: 1, Sum: 11]
      [GC Worker Other (ms): Min: 0.0, Avg: 0.0, Max: 0.0, Diff: 0.0, Sum: 0.1]
      [GC Worker Total (ms): Min: 3.2, Avg: 3.3, Max: 3.4, Diff: 0.3, Sum: 32.7]
      [GC Worker End (ms): Min: 456368049.9, Avg: 456368049.9, Max: 456368049.9, Diff: 0.0]
   [Code Root Fixup: 0.0 ms]
   [Code Root Purge: 0.0 ms]
   [String Dedup Fixup: 5.0 ms, GC Workers: 10]
      [Queue Fixup (ms): Min: 0.0, Avg: 0.0, Max: 0.0, Diff: 0.0, Sum: 0.0]
      [Table Fixup (ms): Min: 4.2, Avg: 4.7, Max: 4.9, Diff: 0.7, Sum: 47.2]
   [Clear CT: 1.2 ms]
   [Other: 1.8 ms]
      [Choose CSet: 0.0 ms]
      [Ref Proc: 0.7 ms]
      [Ref Enq: 0.0 ms]
      [Redirty Cards: 0.9 ms]
      [Humongous Register: 0.0 ms]
      [Humongous Reclaim: 0.0 ms]
      [Free CSet: 0.1 ms]
   [Eden: 12288.0K(12288.0K)->0.0B(46080.0K) Survivors: 1024.0K->1024.0K Heap: 202.5M(267.0M)->189.4M(267.0M)]
 [Times: user=0.11 sys=0.00, real=0.01 secs] 
2020-12-18T18:17:16.608+0530: 456643.179: [GC pause (G1 Evacuation Pause) (young), 0.0110106 secs]
   [Parallel Time: 4.3 ms, GC Workers: 10]
      [GC Worker Start (ms): Min: 456643180.3, Avg: 456643180.4, Max: 456643180.5, Diff: 0.2]
      [Ext Root Scanning (ms): Min: 1.0, Avg: 1.2, Max: 2.1, Diff: 1.1, Sum: 12.3]
      [Update RS (ms): Min: 1.2, Avg: 2.0, Max: 2.4, Diff: 1.2, Sum: 19.8]
         [Processed Buffers: Min: 3, Avg: 7.8, Max: 15, Diff: 12, Sum: 78]
      [Scan RS (ms): Min: 0.0, Avg: 0.0, Max: 0.0, Diff: 0.0, Sum: 0.1]
      [Code Root Scanning (ms): Min: 0.0, Avg: 0.0, Max: 0.2, Diff: 0.2, Sum: 0.2]
      [Object Copy (ms): Min: 0.3, Avg: 0.5, Max: 0.7, Diff: 0.4, Sum: 4.8]
      [Termination (ms): Min: 0.0, Avg: 0.0, Max: 0.0, Diff: 0.0, Sum: 0.0]
         [Termination Attempts: Min: 8, Avg: 11.3, Max: 16, Diff: 8, Sum: 113]
      [GC Worker Other (ms): Min: 0.0, Avg: 0.0, Max: 0.0, Diff: 0.0, Sum: 0.2]
      [GC Worker Total (ms): Min: 3.6, Avg: 3.7, Max: 3.9, Diff: 0.2, Sum: 37.4]
      [GC Worker End (ms): Min: 456643184.1, Avg: 456643184.1, Max: 456643184.1, Diff: 0.0]
   [Code Root Fixup: 0.0 ms]
   [Code Root Purge: 0.0 ms]
   [String Dedup Fixup: 2.9 ms, GC Workers: 10]
      [Queue Fixup (ms): Min: 0.0, Avg: 0.0, Max: 0.0, Diff: 0.0, Sum: 0.0]
      [Table Fixup (ms): Min: 2.5, Avg: 2.6, Max: 2.8, Diff: 0.3, Sum: 26.5]
   [Clear CT: 1.2 ms]
   [Other: 2.5 ms]
      [Choose CSet: 0.0 ms]
      [Ref Proc: 0.3 ms]
      [Ref Enq: 0.0 ms]
      [Redirty Cards: 0.7 ms]
      [Humongous Register: 0.0 ms]
      [Humongous Reclaim: 0.0 ms]
      [Free CSet: 0.0 ms]
   [Eden: 46080.0K(46080.0K)->0.0B(46080.0K) Survivors: 1024.0K->2048.0K Heap: 234.4M(267.0M)->190.1M(267.0M)]
 [Times: user=0.00 sys=0.00, real=0.01 secs] 
2020-12-18T18:17:16.619+0530: 456643.190: [GC concurrent-string-deduplication, 19048.0B->7856.0B(11192.0B), avg 59.8%, 0.0000780 secs]
   [Last Exec: 0.0000780 secs, Idle: 277.4487345 secs, Blocked: 0/0.0000000 secs]
      [Inspected:             297]
         [Skipped:              0(  0.0%)]
         [Hashed:              91( 30.6%)]
         [Known:              137( 46.1%)]
         [New:                160( 53.9%)  19048.0B]
      [Deduplicated:           98( 61.3%)  11192.0B( 58.8%)]
         [Young:               98(100.0%)  11192.0B(100.0%)]
         [Old:                  0(  0.0%)      0.0B(  0.0%)]
   [Total Exec: 1862/0.8897597 secs, Idle: 1862/456641.7973461 secs, Blocked: 133/0.0943544 secs]
      [Inspected:         2980540]
         [Skipped:              0(  0.0%)]
         [Hashed:         1255666( 42.1%)]
         [Known:           199228(  6.7%)]
         [New:            2781312( 93.3%)    216.3M]
      [Deduplicated:      1954579( 70.3%)    129.4M( 59.8%)]
         [Young:           820112( 42.0%)  63793.6K( 48.1%)]
         [Old:            1134467( 58.0%)  68757.9K( 51.9%)]
   [Table]
      [Memory Usage: 8448.9K]
      [Size: 262144, Min: 1024, Max: 16777216]
      [Entries: 265785, Load: 101.4%, Cached: 7318, Added: 998672, Removed: 732887]
      [Resize Count: 8, Shrink Threshold: 174762(66.7%), Grow Threshold: 524288(200.0%)]
      [Rehash Count: 0, Rehash Threshold: 120, Hash Seed: 0x0]
      [Age Threshold: 3]
   [Queue]
      [Dropped: 0]
[GC concurrent-string-deduplication, deleted 0 entries, 0.0000010 secs]
2020-12-18T18:22:15.859+0530: 456942.430: [GC pause (G1 Evacuation Pause) (young) (initial-mark), 0.0105634 secs]
   [Parallel Time: 4.3 ms, GC Workers: 10]
      [GC Worker Start (ms): Min: 456942429.9, Avg: 456942430.0, Max: 456942430.1, Diff: 0.3]
      [Ext Root Scanning (ms): Min: 1.7, Avg: 1.9, Max: 2.2, Diff: 0.5, Sum: 18.8]
      [Update RS (ms): Min: 0.3, Avg: 0.6, Max: 0.9, Diff: 0.6, Sum: 5.7]
         [Processed Buffers: Min: 2, Avg: 6.1, Max: 14, Diff: 12, Sum: 61]
      [Scan RS (ms): Min: 0.0, Avg: 0.0, Max: 0.0, Diff: 0.0, Sum: 0.0]
      [Code Root Scanning (ms): Min: 0.0, Avg: 0.0, Max: 0.2, Diff: 0.2, Sum: 0.2]
      [Object Copy (ms): Min: 0.5, Avg: 0.8, Max: 1.0, Diff: 0.5, Sum: 8.3]
      [Termination (ms): Min: 0.0, Avg: 0.0, Max: 0.0, Diff: 0.0, Sum: 0.0]
         [Termination Attempts: Min: 1, Avg: 1.0, Max: 1, Diff: 0, Sum: 10]
      [GC Worker Other (ms): Min: 0.0, Avg: 0.0, Max: 0.1, Diff: 0.0, Sum: 0.2]
      [GC Worker Total (ms): Min: 3.2, Avg: 3.3, Max: 3.5, Diff: 0.3, Sum: 33.3]
      [GC Worker End (ms): Min: 456942433.4, Avg: 456942433.4, Max: 456942433.4, Diff: 0.0]
   [Code Root Fixup: 0.0 ms]
   [Code Root Purge: 0.0 ms]
   [String Dedup Fixup: 2.8 ms, GC Workers: 10]
      [Queue Fixup (ms): Min: 0.0, Avg: 0.0, Max: 0.0, Diff: 0.0, Sum: 0.0]
      [Table Fixup (ms): Min: 2.0, Avg: 2.1, Max: 2.2, Diff: 0.2, Sum: 21.0]
   [Clear CT: 0.8 ms]
   [Other: 2.6 ms]
      [Choose CSet: 0.0 ms]
      [Ref Proc: 1.6 ms]
      [Ref Enq: 0.0 ms]
      [Redirty Cards: 0.8 ms]
      [Humongous Register: 0.0 ms]
      [Humongous Reclaim: 0.0 ms]
      [Free CSet: 0.0 ms]
   [Eden: 46080.0K(46080.0K)->0.0B(39936.0K) Survivors: 2048.0K->5120.0K Heap: 235.1M(267.0M)->193.5M(267.0M)]
 [Times: user=0.16 sys=0.00, real=0.01 secs] 
2020-12-18T18:22:15.870+0530: 456942.440: [GC concurrent-root-region-scan-start]
2020-12-18T18:22:15.870+0530: 456942.440: [GC concurrent-string-deduplication, 2256.0B->1080.0B(1176.0B), avg 59.8%, 0.0000234 secs]
   [Last Exec: 0.0000234 secs, Idle: 299.2501959 secs, Blocked: 0/0.0000000 secs]
      [Inspected:              47]
         [Skipped:              0(  0.0%)]
         [Hashed:              12( 25.5%)]
         [Known:               25( 53.2%)]
         [New:                 22( 46.8%)   2256.0B]
      [Deduplicated:           10( 45.5%)   1176.0B( 52.1%)]
         [Young:               10(100.0%)   1176.0B(100.0%)]
         [Old:                  0(  0.0%)      0.0B(  0.0%)]
   [Total Exec: 1863/0.8897831 secs, Idle: 1863/456941.0475420 secs, Blocked: 133/0.0943544 secs]
      [Inspected:         2980587]
         [Skipped:              0(  0.0%)]
         [Hashed:         1255678( 42.1%)]
         [Known:           199253(  6.7%)]
         [New:            2781334( 93.3%)    216.3M]
      [Deduplicated:      1954589( 70.3%)    129.4M( 59.8%)]
         [Young:           820122( 42.0%)  63794.8K( 48.1%)]
         [Old:            1134467( 58.0%)  68757.9K( 51.9%)]
   [Table]
      [Memory Usage: 8448.9K]
      [Size: 262144, Min: 1024, Max: 16777216]
      [Entries: 265847, Load: 101.4%, Cached: 7256, Added: 998734, Removed: 732887]
      [Resize Count: 8, Shrink Threshold: 174762(66.7%), Grow Threshold: 524288(200.0%)]
      [Rehash Count: 0, Rehash Threshold: 120, Hash Seed: 0x0]
      [Age Threshold: 3]
   [Queue]
      [Dropped: 0]
[GC concurrent-string-deduplication, deleted 0 entries, 0.0000006 secs]
2020-12-18T18:22:15.871+0530: 456942.442: [GC concurrent-root-region-scan-end, 0.0016477 secs]
2020-12-18T18:22:15.871+0530: 456942.442: [GC concurrent-mark-start]
2020-12-18T18:22:15.956+0530: 456942.527: [GC concurrent-mark-end, 0.0844556 secs]
2020-12-18T18:22:15.956+0530: 456942.527: [GC remark 2020-12-18T18:22:15.956+0530: 456942.527: [Finalize Marking, 0.0008814 secs] 2020-12-18T18:22:15.957+0530: 456942.528: [GC ref-proc, 0.0006078 secs] 2020-12-18T18:22:15.958+0530: 456942.528: [Unloading, 0.0230303 secs], 0.0252793 secs]
 [Times: user=0.16 sys=0.00, real=0.03 secs] 
2020-12-18T18:22:15.982+0530: 456942.553: [GC cleanup 213M->213M(267M), 0.0025794 secs]
 [Times: user=0.00 sys=0.00, real=0.00 secs] 
2020-12-18T18:26:44.944+0530: 457211.515: [GC pause (G1 Evacuation Pause) (young), 0.0079333 secs]
   [Parallel Time: 3.1 ms, GC Workers: 10]
      [GC Worker Start (ms): Min: 457211515.5, Avg: 457211515.7, Max: 457211515.8, Diff: 0.3]
      [Ext Root Scanning (ms): Min: 0.6, Avg: 0.8, Max: 1.9, Diff: 1.4, Sum: 8.3]
      [Update RS (ms): Min: 0.0, Avg: 0.7, Max: 1.0, Diff: 1.0, Sum: 6.6]
         [Processed Buffers: Min: 0, Avg: 6.4, Max: 16, Diff: 16, Sum: 64]
      [Scan RS (ms): Min: 0.0, Avg: 0.0, Max: 0.0, Diff: 0.0, Sum: 0.0]
      [Code Root Scanning (ms): Min: 0.0, Avg: 0.0, Max: 0.1, Diff: 0.1, Sum: 0.1]
      [Object Copy (ms): Min: 0.5, Avg: 0.8, Max: 1.0, Diff: 0.5, Sum: 7.9]
      [Termination (ms): Min: 0.0, Avg: 0.1, Max: 0.1, Diff: 0.1, Sum: 1.1]
         [Termination Attempts: Min: 1, Avg: 1.0, Max: 1, Diff: 0, Sum: 10]
      [GC Worker Other (ms): Min: 0.0, Avg: 0.0, Max: 0.0, Diff: 0.0, Sum: 0.1]
      [GC Worker Total (ms): Min: 2.3, Avg: 2.4, Max: 2.6, Diff: 0.3, Sum: 24.1]
      [GC Worker End (ms): Min: 457211518.1, Avg: 457211518.1, Max: 457211518.1, Diff: 0.0]
   [Code Root Fixup: 0.0 ms]
   [Code Root Purge: 0.0 ms]
   [String Dedup Fixup: 2.7 ms, GC Workers: 10]
      [Queue Fixup (ms): Min: 0.0, Avg: 0.0, Max: 0.0, Diff: 0.0, Sum: 0.0]
      [Table Fixup (ms): Min: 2.0, Avg: 2.5, Max: 2.7, Diff: 0.6, Sum: 25.5]
   [Clear CT: 0.8 ms]
   [Other: 1.3 ms]
      [Choose CSet: 0.0 ms]
      [Ref Proc: 0.3 ms]
      [Ref Enq: 0.0 ms]
      [Redirty Cards: 0.7 ms]
      [Humongous Register: 0.0 ms]
      [Humongous Reclaim: 0.0 ms]
      [Free CSet: 0.1 ms]
   [Eden: 39936.0K(39936.0K)->0.0B(9216.0K) Survivors: 5120.0K->4096.0K Heap: 232.5M(267.0M)->193.0M(267.0M)]
 [Times: user=0.00 sys=0.02, real=0.01 secs] 
2020-12-18T18:26:44.954+0530: 457211.525: [GC concurrent-string-deduplication, 392.1K->228.9K(163.2K), avg 59.8%, 0.0008955 secs]
   [Last Exec: 0.0008955 secs, Idle: 269.0834522 secs, Blocked: 0/0.0000000 secs]
      [Inspected:            1364]
         [Skipped:              0(  0.0%)]
         [Hashed:            1034( 75.8%)]
         [Known:               67(  4.9%)]
         [New:               1297( 95.1%)    392.1K]
      [Deduplicated:          931( 71.8%)    163.2K( 41.6%)]
         [Young:              931(100.0%)    163.2K(100.0%)]
         [Old:                  0(  0.0%)      0.0B(  0.0%)]
   [Total Exec: 1864/0.8906786 secs, Idle: 1864/457210.1309942 secs, Blocked: 133/0.0943544 secs]
      [Inspected:         2981951]
         [Skipped:              0(  0.0%)]
         [Hashed:         1256712( 42.1%)]
         [Known:           199320(  6.7%)]
         [New:            2782631( 93.3%)    216.7M]
      [Deduplicated:      1955520( 70.3%)    129.6M( 59.8%)]
         [Young:           821053( 42.0%)  63958.0K( 48.2%)]
         [Old:            1134467( 58.0%)  68757.9K( 51.8%)]
   [Table]
      [Memory Usage: 8448.9K]
      [Size: 262144, Min: 1024, Max: 16777216]
      [Entries: 265381, Load: 101.2%, Cached: 7722, Added: 999189, Removed: 733808]
      [Resize Count: 8, Shrink Threshold: 174762(66.7%), Grow Threshold: 524288(200.0%)]
      [Rehash Count: 0, Rehash Threshold: 120, Hash Seed: 0x0]
      [Age Threshold: 3]
   [Queue]
      [Dropped: 0]
[GC concurrent-string-deduplication, deleted 0 entries, 0.0000008 secs]
2020-12-18T18:27:16.034+0530: 457242.605: [GC pause (G1 Evacuation Pause) (mixed), 0.0298920 secs]
   [Parallel Time: 25.3 ms, GC Workers: 10]
      [GC Worker Start (ms): Min: 457242605.3, Avg: 457242605.5, Max: 457242605.6, Diff: 0.3]
      [Ext Root Scanning (ms): Min: 0.7, Avg: 0.9, Max: 1.8, Diff: 1.1, Sum: 9.1]
      [Update RS (ms): Min: 0.0, Avg: 0.6, Max: 0.9, Diff: 0.9, Sum: 5.6]
         [Processed Buffers: Min: 0, Avg: 3.9, Max: 7, Diff: 7, Sum: 39]
      [Scan RS (ms): Min: 2.0, Avg: 2.6, Max: 3.1, Diff: 1.1, Sum: 25.9]
